/cmcode/hgq2.tar.gz: OK
WARNING: Running pip as the 'root' user can result in broken permissions and conflicting behaviour with the system package manager, possibly rendering your system unusable. It is recommended to use a virtual environment instead: https://pip.pypa.io/warnings/venv. Use the --root-user-action option if you know what you are doing and want to suppress this warning.

[notice] A new release of pip is available: 25.0.1 -> 26.2.1
[notice] To update, run: pip install --upgrade pip
NVIDIA GeForce RTX 4090, 24564 MiB
WARNING: All log messages before absl::InitializeLog() is called are written to STDERR
I0000 00:00:1789202093.906743      75 cpu_feature_guard.cc:227] This TensorFlow binary is optimized to use available CPU instructions in performance-critical operations.
To enable the following instructions: AVX2 FMA, in other operations, rebuild TensorFlow with the appropriate compiler flags.
[gpu] TensorFlow GPU gate PASS
wandb: [wandb.Api()] Loaded credentials for https://api.wandb.ai from WANDB_API_KEY.
[wandb] authentication PASS
[run] index=2 config=ebops-n8-20260912-ablation-r2-ffn32-w1a8
WARNING: All log messages before absl::InitializeLog() is called are written to STDERR
I0000 00:00:1789202100.498758       1 cpu_feature_guard.cc:227] This TensorFlow binary is optimized to use available CPU instructions in performance-critical operations.
To enable the following instructions: AVX2 FMA, in other operations, rebuild TensorFlow with the appropriate compiler flags.
W0000 00:00:1789202109.960835       1 gpu_bfc_allocator.cc:47] Overriding orig_value setting because the TF_FORCE_GPU_ALLOW_GROWTH environment variable is set. Original config value was false.
I0000 00:00:1789202109.962361       1 gpu_device.cc:2043] Created device /job:localhost/replica:0/task:0/device:GPU:0 with 22151 MB memory:  -> device: 0, name: NVIDIA GeForce RTX 4090, pci bus id: 0000:c1:00.0, compute capability: 8.9
I0000 00:00:1789202115.076917     119 service.cc:153] XLA service 0x728464041ad0 initialized for platform CUDA (this does not guarantee that XLA will be used). Devices:
I0000 00:00:1789202115.076945     119 service.cc:161]   StreamExecutor [0]: NVIDIA GeForce RTX 4090, Compute Capability 8.9 (Driver: 13.2.0; Runtime: 12.9.0; Toolkit: 12.5.0; DNN: 9.26.0)
I0000 00:00:1789202115.206377     119 dump_mlir_util.cc:269] disabling MLIR crash reproducer, set env var `MLIR_CRASH_REPRODUCER_DIRECTORY` to enable.
I0000 00:00:1789202115.430223     119 cuda_dnn.cc:461] Loaded cuDNN version 92600
I0000 00:00:1789202115.718305     119 dot_search_space.cc:240] All configs were filtered out because none of them sufficiently match the hints. Maybe the hints set does not contain a good representative set of valid configs? Working around this by using the full hints set instead.
I0000 00:00:1789202117.363825     119 dot_search_space.cc:240] All configs were filtered out because none of them sufficiently match the hints. Maybe the hints set does not contain a good representative set of valid configs? Working around this by using the full hints set instead.
I0000 00:00:1789202119.103063     119 dot_search_space.cc:240] All configs were filtered out because none of them sufficiently match the hints. Maybe the hints set does not contain a good representative set of valid configs? Working around this by using the full hints set instead.
I0000 00:00:1789202120.507925     119 dot_search_space.cc:240] All configs were filtered out because none of them sufficiently match the hints. Maybe the hints set does not contain a good representative set of valid configs? Working around this by using the full hints set instead.
I0000 00:00:1789202124.587889     119 device_compiler.h:208] Compiled cluster using XLA!  This line is logged at most once for the lifetime of the process.
I0000 00:00:1789202129.786141     120 dot_search_space.cc:240] All configs were filtered out because none of them sufficiently match the hints. Maybe the hints set does not contain a good representative set of valid configs? Working around this by using the full hints set instead.
[train] ebops-n8-20260912-ablation-r2-ffn32-w1a8 params=14497 resume_epoch=0 initial_ebops=1477038
wandb: [wandb.login()] Loaded credentials for https://api.wandb.ai from WANDB_API_KEY.
wandb: Currently logged in as: kayamaguchi (kayamaguchi-uc-san-diego) to https://api.wandb.ai. Use `wandb login --relogin` to force relogin
wandb: Tracking run with wandb version 0.28.0
wandb: Run data is saved locally in /wandb/run-20260912_083538-64e2f6f5d184
wandb: Run `wandb offline` to turn off syncing.
wandb: Syncing run ebops-n8-20260912-ablation-r2-ffn32-w1a8-s1
wandb: ⭐️ View project at https://wandb.ai/kayamaguchi-uc-san-diego/BNJetTag-EBOPs-N8
wandb: 🚀 View run at https://wandb.ai/kayamaguchi-uc-san-diego/BNJetTag-EBOPs-N8/runs/64e2f6f5d184
