/cmcode/hgq2.tar.gz: OK
WARNING: Running pip as the 'root' user can result in broken permissions and conflicting behaviour with the system package manager, possibly rendering your system unusable. It is recommended to use a virtual environment instead: https://pip.pypa.io/warnings/venv. Use the --root-user-action option if you know what you are doing and want to suppress this warning.

[notice] A new release of pip is available: 25.0.1 -> 26.2.1
[notice] To update, run: pip install --upgrade pip
NVIDIA GeForce RTX 4090, 24564 MiB
WARNING: All log messages before absl::InitializeLog() is called are written to STDERR
I0000 00:00:1789202069.252987      67 port.cc:153] oneDNN custom operations are on. You may see slightly different numerical results due to floating-point round-off errors from different computation orders. To turn them off, set the environment variable `TF_ENABLE_ONEDNN_OPTS=0`.
I0000 00:00:1789202069.295088      67 cpu_feature_guard.cc:227] This TensorFlow binary is optimized to use available CPU instructions in performance-critical operations.
To enable the following instructions: AVX2 AVX512F AVX512_VNNI AVX512_BF16 FMA, in other operations, rebuild TensorFlow with the appropriate compiler flags.
WARNING: All log messages before absl::InitializeLog() is called are written to STDERR
I0000 00:00:1789202070.691964      67 port.cc:153] oneDNN custom operations are on. You may see slightly different numerical results due to floating-point round-off errors from different computation orders. To turn them off, set the environment variable `TF_ENABLE_ONEDNN_OPTS=0`.
[gpu] TensorFlow GPU gate PASS
wandb: [wandb.Api()] Loaded credentials for https://api.wandb.ai from WANDB_API_KEY.
[wandb] authentication PASS
[run] index=0 config=ebops-n8-20260912-ablation-r0-baseline-w1a8
WARNING: All log messages before absl::InitializeLog() is called are written to STDERR
I0000 00:00:1789202074.405608       1 port.cc:153] oneDNN custom operations are on. You may see slightly different numerical results due to floating-point round-off errors from different computation orders. To turn them off, set the environment variable `TF_ENABLE_ONEDNN_OPTS=0`.
I0000 00:00:1789202074.447222       1 cpu_feature_guard.cc:227] This TensorFlow binary is optimized to use available CPU instructions in performance-critical operations.
To enable the following instructions: AVX2 AVX512F AVX512_VNNI AVX512_BF16 FMA, in other operations, rebuild TensorFlow with the appropriate compiler flags.
WARNING: All log messages before absl::InitializeLog() is called are written to STDERR
I0000 00:00:1789202075.532383       1 port.cc:153] oneDNN custom operations are on. You may see slightly different numerical results due to floating-point round-off errors from different computation orders. To turn them off, set the environment variable `TF_ENABLE_ONEDNN_OPTS=0`.
W0000 00:00:1789202081.459124       1 gpu_bfc_allocator.cc:47] Overriding orig_value setting because the TF_FORCE_GPU_ALLOW_GROWTH environment variable is set. Original config value was false.
I0000 00:00:1789202081.460682       1 gpu_device.cc:2043] Created device /job:localhost/replica:0/task:0/device:GPU:0 with 22151 MB memory:  -> device: 0, name: NVIDIA GeForce RTX 4090, pci bus id: 0000:a1:00.0, compute capability: 8.9
[train] ebops-n8-20260912-ablation-r0-baseline-w1a8 params=18657 resume_epoch=2 initial_ebops=1739182
wandb: [wandb.login()] Loaded credentials for https://api.wandb.ai from WANDB_API_KEY.
wandb: Currently logged in as: kayamaguchi (kayamaguchi-uc-san-diego) to https://api.wandb.ai. Use `wandb login --relogin` to force relogin
wandb: setting up run 95964aa58017
wandb: Tracking run with wandb version 0.28.0
wandb: Run data is saved locally in /wandb/run-20260912_083452-95964aa58017
wandb: Run `wandb offline` to turn off syncing.
wandb: Resuming run ebops-n8-20260912-ablation-r0-baseline-w1a8-s1
wandb: ⭐️ View project at https://wandb.ai/kayamaguchi-uc-san-diego/BNJetTag-EBOPs-N8
wandb: 🚀 View run at https://wandb.ai/kayamaguchi-uc-san-diego/BNJetTag-EBOPs-N8/runs/95964aa58017
[epoch 3/1000] EBOPs=1739182 target=350000 beta=1e-07 AUC=0.807073 seconds=66.6 checkpoint=epoch-0003
