/cmcode/hgq2.tar.gz: OK
WARNING: Running pip as the 'root' user can result in broken permissions and conflicting behaviour with the system package manager, possibly rendering your system unusable. It is recommended to use a virtual environment instead: https://pip.pypa.io/warnings/venv. Use the --root-user-action option if you know what you are doing and want to suppress this warning.

[notice] A new release of pip is available: 25.0.1 -> 26.2.1
[notice] To update, run: pip install --upgrade pip
NVIDIA GeForce RTX 4090, 24564 MiB
WARNING: All log messages before absl::InitializeLog() is called are written to STDERR
I0000 00:00:1789201256.019274      69 port.cc:153] oneDNN custom operations are on. You may see slightly different numerical results due to floating-point round-off errors from different computation orders. To turn them off, set the environment variable `TF_ENABLE_ONEDNN_OPTS=0`.
I0000 00:00:1789201256.060682      69 cpu_feature_guard.cc:227] This TensorFlow binary is optimized to use available CPU instructions in performance-critical operations.
To enable the following instructions: AVX2 AVX512F AVX512_VNNI AVX512_BF16 FMA, in other operations, rebuild TensorFlow with the appropriate compiler flags.
WARNING: All log messages before absl::InitializeLog() is called are written to STDERR
I0000 00:00:1789201257.474953      69 port.cc:153] oneDNN custom operations are on. You may see slightly different numerical results due to floating-point round-off errors from different computation orders. To turn them off, set the environment variable `TF_ENABLE_ONEDNN_OPTS=0`.
[gpu] TensorFlow GPU gate PASS
wandb: [wandb.Api()] Loaded credentials for https://api.wandb.ai from WANDB_API_KEY.
[wandb] authentication PASS
WARNING: All log messages before absl::InitializeLog() is called are written to STDERR
I0000 00:00:1789201261.022467      95 port.cc:153] oneDNN custom operations are on. You may see slightly different numerical results due to floating-point round-off errors from different computation orders. To turn them off, set the environment variable `TF_ENABLE_ONEDNN_OPTS=0`.
I0000 00:00:1789201261.063645      95 cpu_feature_guard.cc:227] This TensorFlow binary is optimized to use available CPU instructions in performance-critical operations.
To enable the following instructions: AVX2 AVX512F AVX512_VNNI AVX512_BF16 FMA, in other operations, rebuild TensorFlow with the appropriate compiler flags.
WARNING: All log messages before absl::InitializeLog() is called are written to STDERR
I0000 00:00:1789201262.188638      95 port.cc:153] oneDNN custom operations are on. You may see slightly different numerical results due to floating-point round-off errors from different computation orders. To turn them off, set the environment variable `TF_ENABLE_ONEDNN_OPTS=0`.
W0000 00:00:1789201263.685264      95 gpu_bfc_allocator.cc:47] Overriding orig_value setting because the TF_FORCE_GPU_ALLOW_GROWTH environment variable is set. Original config value was false.
I0000 00:00:1789201263.686813      95 gpu_device.cc:2043] Created device /job:localhost/replica:0/task:0/device:GPU:0 with 22151 MB memory:  -> device: 0, name: NVIDIA GeForce RTX 4090, pci bus id: 0000:e1:00.0, compute capability: 8.9
I0000 00:00:1789201267.322316     115 service.cc:153] XLA service 0x78b044041950 initialized for platform CUDA (this does not guarantee that XLA will be used). Devices:
I0000 00:00:1789201267.322342     115 service.cc:161]   StreamExecutor [0]: NVIDIA GeForce RTX 4090, Compute Capability 8.9 (Driver: 13.2.0; Runtime: 12.9.0; Toolkit: 12.5.0; DNN: 9.26.0)
I0000 00:00:1789201267.404958     115 dump_mlir_util.cc:269] disabling MLIR crash reproducer, set env var `MLIR_CRASH_REPRODUCER_DIRECTORY` to enable.
I0000 00:00:1789201267.563785     115 cuda_dnn.cc:461] Loaded cuDNN version 92600
I0000 00:00:1789201267.777906     115 dot_search_space.cc:240] All configs were filtered out because none of them sufficiently match the hints. Maybe the hints set does not contain a good representative set of valid configs? Working around this by using the full hints set instead.
I0000 00:00:1789201270.299896     115 dot_search_space.cc:240] All configs were filtered out because none of them sufficiently match the hints. Maybe the hints set does not contain a good representative set of valid configs? Working around this by using the full hints set instead.
I0000 00:00:1789201271.932769     115 dot_search_space.cc:240] All configs were filtered out because none of them sufficiently match the hints. Maybe the hints set does not contain a good representative set of valid configs? Working around this by using the full hints set instead.
I0000 00:00:1789201272.958447     115 dot_search_space.cc:240] All configs were filtered out because none of them sufficiently match the hints. Maybe the hints set does not contain a good representative set of valid configs? Working around this by using the full hints set instead.
I0000 00:00:1789201275.676390     115 device_compiler.h:208] Compiled cluster using XLA!  This line is logged at most once for the lifetime of the process.
I0000 00:00:1789201278.207341     116 dot_search_space.cc:240] All configs were filtered out because none of them sufficiently match the hints. Maybe the hints set does not contain a good representative set of valid configs? Working around this by using the full hints set instead.
[build] r0-baseline params=18657 initial_ebops=1739182
WARNING:tensorflow:5 out of the last 5 calls to <function TensorFlowTrainer.make_predict_function.<locals>.one_step_on_data_distributed at 0x78b129cacd60> triggered tf.function retracing. Tracing is expensive and the excessive number of tracings could be due to (1) creating @tf.function repeatedly in a loop, (2) passing tensors with different shapes, (3) passing Python objects instead of tensors. For (1), please define your @tf.function outside of the loop. For (2), @tf.function has reduce_retracing=True option that can avoid unnecessary retracing. For (3), please refer to https://www.tensorflow.org/guide/function#controlling_retracing and https://www.tensorflow.org/api_docs/python/tf/function for  more details.
WARNING:tensorflow:6 out of the last 6 calls to <function TensorFlowTrainer.make_predict_function.<locals>.one_step_on_data_distributed at 0x78b129cacd60> triggered tf.function retracing. Tracing is expensive and the excessive number of tracings could be due to (1) creating @tf.function repeatedly in a loop, (2) passing tensors with different shapes, (3) passing Python objects instead of tensors. For (1), please define your @tf.function outside of the loop. For (2), @tf.function has reduce_retracing=True option that can avoid unnecessary retracing. For (3), please refer to https://www.tensorflow.org/guide/function#controlling_retracing and https://www.tensorflow.org/api_docs/python/tf/function for  more details.
[build] r1-channel params=20715 initial_ebops=1739182
I0000 00:00:1789201324.662462     115 dot_search_space.cc:240] All configs were filtered out because none of them sufficiently match the hints. Maybe the hints set does not contain a good representative set of valid configs? Working around this by using the full hints set instead.
[build] r2-ffn32 params=14497 initial_ebops=1477038
[build] r3-prob8 params=18657 initial_ebops=1673646
[build] r4-gradual params=18657 initial_ebops=1739182
[build] r5-recovery params=18657 initial_ebops=1739182
[build] r6-distill params=18657 initial_ebops=1739182
[train] ebops-n8-20260912-ablation-r0-baseline-w1a8 params=18657 resume_epoch=0 initial_ebops=1739182
[epoch 1/2] EBOPs=1739182 target=2000000.0 beta=1e-07 AUC=0.406250 seconds=11.7 checkpoint=epoch-0001
[train] ebops-n8-20260912-ablation-r0-baseline-w1a8 params=18657 resume_epoch=1 initial_ebops=1739182
[epoch 2/2] EBOPs=1739182 target=2000000.0 beta=9.93e-08 AUC=0.400000 seconds=9.4 checkpoint=epoch-0002
[train] ebops-n8-20260912-ablation-r0-baseline-w1a8 params=18657 resume_epoch=0 initial_ebops=1739182
[epoch 1/2] EBOPs=1739182 target=2000000.0 beta=1e-07 AUC=0.406250 seconds=11.6 checkpoint=epoch-0001
[epoch 2/2] EBOPs=1739182 target=2000000.0 beta=9.93e-08 AUC=0.400000 seconds=0.4 checkpoint=epoch-0002
[integration] r0-baseline PASS
[train] ebops-n8-20260912-ablation-r1-channel-w1a8 params=20715 resume_epoch=0 initial_ebops=1739182
[epoch 1/2] EBOPs=1739182 target=1.0 beta=1e-07 AUC=0.406250 seconds=11.0 checkpoint=epoch-0001
[train] ebops-n8-20260912-ablation-r1-channel-w1a8 params=20715 resume_epoch=1 initial_ebops=1739182
WARNING:tensorflow:5 out of the last 6 calls to <function make_epoch_step.<locals>.epoch_step at 0x78b03de680e0> triggered tf.function retracing. Tracing is expensive and the excessive number of tracings could be due to (1) creating @tf.function repeatedly in a loop, (2) passing tensors with different shapes, (3) passing Python objects instead of tensors. For (1), please define your @tf.function outside of the loop. For (2), @tf.function has reduce_retracing=True option that can avoid unnecessary retracing. For (3), please refer to https://www.tensorflow.org/guide/function#controlling_retracing and https://www.tensorflow.org/api_docs/python/tf/function for  more details.
[epoch 2/2] EBOPs=1739182 target=1.0 beta=2.05e-07 AUC=0.400000 seconds=9.2 checkpoint=epoch-0002
[integration] r1-channel PASS
[train] ebops-n8-20260912-ablation-r2-ffn32-w1a8 params=14497 resume_epoch=0 initial_ebops=1477038
WARNING:tensorflow:6 out of the last 7 calls to <function make_epoch_step.<locals>.epoch_step at 0x78afe41c1a80> triggered tf.function retracing. Tracing is expensive and the excessive number of tracings could be due to (1) creating @tf.function repeatedly in a loop, (2) passing tensors with different shapes, (3) passing Python objects instead of tensors. For (1), please define your @tf.function outside of the loop. For (2), @tf.function has reduce_retracing=True option that can avoid unnecessary retracing. For (3), please refer to https://www.tensorflow.org/guide/function#controlling_retracing and https://www.tensorflow.org/api_docs/python/tf/function for  more details.
[epoch 1/2] EBOPs=1477038 target=1.0 beta=1e-07 AUC=0.462500 seconds=11.5 checkpoint=epoch-0001
[train] ebops-n8-20260912-ablation-r2-ffn32-w1a8 params=14497 resume_epoch=1 initial_ebops=1477038
[epoch 2/2] EBOPs=1477038 target=1.0 beta=2.03e-07 AUC=0.465625 seconds=9.7 checkpoint=epoch-0002
[integration] r2-ffn32 PASS
[train] ebops-n8-20260912-ablation-r3-prob8-w1a8 params=18657 resume_epoch=0 initial_ebops=1673646
[epoch 1/2] EBOPs=1673646 target=1.0 beta=1e-07 AUC=0.384375 seconds=10.3 checkpoint=epoch-0001
[train] ebops-n8-20260912-ablation-r3-prob8-w1a8 params=18657 resume_epoch=1 initial_ebops=1673646
[epoch 2/2] EBOPs=1673646 target=1.0 beta=2.05e-07 AUC=0.396875 seconds=10.6 checkpoint=epoch-0002
[integration] r3-prob8 PASS
[train] ebops-n8-20260912-ablation-r4-gradual-w1a8 params=18657 resume_epoch=0 initial_ebops=1739182
[epoch 1/2] EBOPs=1739182 target=1.0 beta=1e-07 AUC=0.406250 seconds=10.4 checkpoint=epoch-0001
[train] ebops-n8-20260912-ablation-r4-gradual-w1a8 params=18657 resume_epoch=1 initial_ebops=1739182
[epoch 2/2] EBOPs=1739182 target=1.0 beta=1.34e-07 AUC=0.400000 seconds=10.2 checkpoint=epoch-0002
[integration] r4-gradual PASS
[train] ebops-n8-20260912-ablation-r5-recovery-w1a8 params=18657 resume_epoch=0 initial_ebops=1739182
[recovery] freeze at end of epoch 1; Adam slots and LR preserved
[epoch 1/2] EBOPs=1739182 target=2000000.0 beta=1e-07 AUC=0.406250 seconds=10.8 checkpoint=epoch-0001
[train] ebops-n8-20260912-ablation-r5-recovery-w1a8 params=18657 resume_epoch=1 initial_ebops=1739182
[epoch 2/2] EBOPs=1739182 target=2000000.0 beta=9.93e-08 AUC=0.400000 seconds=7.1 checkpoint=epoch-0002
[integration] r5-recovery PASS
[train] ebops-n8-20260912-ablation-r6-distill-w1a8 params=18657 resume_epoch=0 initial_ebops=1739182
[epoch 1/2] EBOPs=1739182 target=1.0 beta=1e-07 AUC=0.400000 seconds=10.0 checkpoint=epoch-0001
[train] ebops-n8-20260912-ablation-r6-distill-w1a8 params=18657 resume_epoch=1 initial_ebops=1739182
[epoch 2/2] EBOPs=1739182 target=1.0 beta=2.05e-07 AUC=0.362500 seconds=9.3 checkpoint=epoch-0002
[integration] r6-distill PASS
EBOPS_ABLATION_ALL_PASS
WARNING: All log messages before absl::InitializeLog() is called are written to STDERR
I0000 00:00:1789201782.473123       1 port.cc:153] oneDNN custom operations are on. You may see slightly different numerical results due to floating-point round-off errors from different computation orders. To turn them off, set the environment variable `TF_ENABLE_ONEDNN_OPTS=0`.
I0000 00:00:1789201782.518821       1 cpu_feature_guard.cc:227] This TensorFlow binary is optimized to use available CPU instructions in performance-critical operations.
To enable the following instructions: AVX2 AVX512F AVX512_VNNI AVX512_BF16 FMA, in other operations, rebuild TensorFlow with the appropriate compiler flags.
WARNING: All log messages before absl::InitializeLog() is called are written to STDERR
I0000 00:00:1789201783.709203       1 port.cc:153] oneDNN custom operations are on. You may see slightly different numerical results due to floating-point round-off errors from different computation orders. To turn them off, set the environment variable `TF_ENABLE_ONEDNN_OPTS=0`.
W0000 00:00:1789201789.604433       1 gpu_bfc_allocator.cc:47] Overriding orig_value setting because the TF_FORCE_GPU_ALLOW_GROWTH environment variable is set. Original config value was false.
I0000 00:00:1789201789.605995       1 gpu_device.cc:2043] Created device /job:localhost/replica:0/task:0/device:GPU:0 with 22151 MB memory:  -> device: 0, name: NVIDIA GeForce RTX 4090, pci bus id: 0000:e1:00.0, compute capability: 8.9
I0000 00:00:1789201793.157822    1350 service.cc:153] XLA service 0x799dd40407c0 initialized for platform CUDA (this does not guarantee that XLA will be used). Devices:
I0000 00:00:1789201793.157852    1350 service.cc:161]   StreamExecutor [0]: NVIDIA GeForce RTX 4090, Compute Capability 8.9 (Driver: 13.2.0; Runtime: 12.9.0; Toolkit: 12.5.0; DNN: 9.26.0)
I0000 00:00:1789201793.242419    1350 dump_mlir_util.cc:269] disabling MLIR crash reproducer, set env var `MLIR_CRASH_REPRODUCER_DIRECTORY` to enable.
I0000 00:00:1789201793.405177    1350 cuda_dnn.cc:461] Loaded cuDNN version 92600
I0000 00:00:1789201793.622978    1350 dot_search_space.cc:240] All configs were filtered out because none of them sufficiently match the hints. Maybe the hints set does not contain a good representative set of valid configs? Working around this by using the full hints set instead.
I0000 00:00:1789201794.950225    1350 dot_search_space.cc:240] All configs were filtered out because none of them sufficiently match the hints. Maybe the hints set does not contain a good representative set of valid configs? Working around this by using the full hints set instead.
I0000 00:00:1789201796.098144    1350 dot_search_space.cc:240] All configs were filtered out because none of them sufficiently match the hints. Maybe the hints set does not contain a good representative set of valid configs? Working around this by using the full hints set instead.
I0000 00:00:1789201796.890606    1350 dot_search_space.cc:240] All configs were filtered out because none of them sufficiently match the hints. Maybe the hints set does not contain a good representative set of valid configs? Working around this by using the full hints set instead.
I0000 00:00:1789201799.647974    1350 device_compiler.h:208] Compiled cluster using XLA!  This line is logged at most once for the lifetime of the process.
[train] ebops-n8-20260912-ablation-r0-baseline-w1a8 params=18657 resume_epoch=0 initial_ebops=1739182
wandb: [wandb.login()] Loaded credentials for https://api.wandb.ai from WANDB_API_KEY.
wandb: Currently logged in as: kayamaguchi (kayamaguchi-uc-san-diego) to https://api.wandb.ai. Use `wandb login --relogin` to force relogin
wandb: Tracking run with wandb version 0.28.0
wandb: Run data is saved locally in /wandb/run-20260912_083012-95964aa58017
wandb: Run `wandb offline` to turn off syncing.
wandb: Syncing run ebops-n8-20260912-ablation-r0-baseline-w1a8-s1
wandb: ⭐️ View project at https://wandb.ai/kayamaguchi-uc-san-diego/BNJetTag-EBOPs-N8
wandb: 🚀 View run at https://wandb.ai/kayamaguchi-uc-san-diego/BNJetTag-EBOPs-N8/runs/95964aa58017
[epoch 1/1000] EBOPs=1739182 target=350000 beta=1e-07 AUC=0.746127 seconds=64.5 checkpoint=epoch-0001
[epoch 2/1000] EBOPs=1739182 target=350000 beta=1e-07 AUC=0.793615 seconds=56.7 checkpoint=epoch-0002
wandb: updating run metadata
wandb: uploading wandb-summary.json; uploading config.yaml; uploading output.log
wandb: 
wandb: Run history:
wandb:          activation_bits/bit_block_0_attn_Wk ▁▁
wandb:          activation_bits/bit_block_0_attn_Wo ▁▁
wandb:          activation_bits/bit_block_0_attn_Wq ▁▁
wandb:          activation_bits/bit_block_0_attn_Wv ▁▁
wandb:    activation_bits/bit_block_0_attn_ctx__in0 ▁▁
wandb:    activation_bits/bit_block_0_attn_ctx__in1 ▁▁
wandb: activation_bits/bit_block_0_attn_scores__in0 ▁▁
wandb: activation_bits/bit_block_0_attn_scores__in1 ▁▁
wandb:          activation_bits/bit_block_0_ffn_fc1 ▁▁
wandb:          activation_bits/bit_block_0_ffn_fc2 ▁▁
wandb:                                          +33 ...
wandb: 
wandb: Run summary:
wandb:          activation_bits/bit_block_0_attn_Wk 8
wandb:          activation_bits/bit_block_0_attn_Wo 8
wandb:          activation_bits/bit_block_0_attn_Wq 8
wandb:          activation_bits/bit_block_0_attn_Wv 8
wandb:    activation_bits/bit_block_0_attn_ctx__in0 10
wandb:    activation_bits/bit_block_0_attn_ctx__in1 8
wandb: activation_bits/bit_block_0_attn_scores__in0 8
wandb: activation_bits/bit_block_0_attn_scores__in1 8
wandb:          activation_bits/bit_block_0_ffn_fc1 8
wandb:          activation_bits/bit_block_0_ffn_fc2 8
wandb:                                          +33 ...
wandb: 
wandb: 🚀 View run ebops-n8-20260912-ablation-r0-baseline-w1a8-s1 at: https://wandb.ai/kayamaguchi-uc-san-diego/BNJetTag-EBOPs-N8/runs/95964aa58017
wandb: ⭐️ View project at: https://wandb.ai/kayamaguchi-uc-san-diego/BNJetTag-EBOPs-N8
wandb: Synced 5 W&B file(s), 0 media file(s), 0 artifact file(s) and 0 other file(s)
wandb: Find logs at: 
