==== BENCH_ARM_ATTEMPT 0 2026-09-29T09:56:58Z phase p1-E-k16
ARM_CPUS n=32 requested 4-5,40,43-47,112-115,117-120,132-133,168,171-175,240-243,245-248 seen 4-5,40,43-47,112-115,117-120,132-133,168,171-175,240-243,245-248 OK
BENCH_ARM chang0926-a-n64-s2 tree /work/code devices ['/physical_device:GPU:0'] tf32_enabled False test_cpu False utc 2026-09-29T09:57:02Z
ARM_MANIFEST_SHA 041f981a9d5b8c3a7affb175d82de0ca2df9bc6261a172f67cb365c88b4bbd42 expected 041f981a9d5b8c3a7affb175d82de0ca2df9bc6261a172f67cb365c88b4bbd42 OK
BENCH_CACHE {"x_train": "420ac79dcece207aca849f6ca56e6426586023c9e02f38e5d3ac596fa74d79bc", "x_val": "7b56c1b25bc0d9231767f891ec52455ecb7c5656735fcf9d404104fd2c264d31", "y_train": "a5269398e2c6e5f1fc0db98e1a99a8befea619bf0c55531293d02a286c0dd378", "y_val": "63049d9bdcfdc83af97c58bc6579e1def1ec2d9e7a6c30007793badd75217709"}
[train] chang0926-a-n64-s2 params=31735 resume_epoch=0 initial_ebops=11295521
[epoch 1/7000] EBOPs=11524023 target=350000 above_floor=11352497 feasible=0 degenerate=0 beta=1e-07 val_AUC=0.840959 val_accuracy=0.561323 seconds=212.2 checkpoint=- ebops_trace_seconds=143.34 ebops_trace_over_epoch=0.676 loss=2.619275 host_rss_mb=2318
[epoch 2/7000] EBOPs=untraced in_training_ebops=12559710 target=350000 beta=1e-07 val_AUC=0.865928 val_accuracy=0.610839 seconds=114.1 checkpoint=- ebops_trace_seconds=0.02 ebops_trace_over_epoch=0.001 loss=2.262404 host_rss_mb=2355
[epoch 3/7000] EBOPs=untraced in_training_ebops=9750219 target=350000 beta=1.3e-07 val_AUC=0.875788 val_accuracy=0.623919 seconds=118.0 checkpoint=- ebops_trace_seconds=0.02 ebops_trace_over_epoch=0.001 loss=2.459136 host_rss_mb=2390
[epoch 4/7000] EBOPs=untraced in_training_ebops=9259549 target=350000 beta=1.2e-07 val_AUC=0.881315 val_accuracy=0.645290 seconds=131.5 checkpoint=- ebops_trace_seconds=0.02 ebops_trace_over_epoch=0.001 loss=2.154857 host_rss_mb=2419
[epoch 5/7000] EBOPs=untraced in_training_ebops=7337634 target=350000 beta=1.34e-07 val_AUC=0.880639 val_accuracy=0.621952 seconds=153.1 checkpoint=- ebops_trace_seconds=0.03 ebops_trace_over_epoch=0.001 loss=2.022311 host_rss_mb=2440
[epoch 6/7000] EBOPs=untraced in_training_ebops=6109337 target=350000 beta=1.23e-07 val_AUC=0.884660 val_accuracy=0.635129 seconds=158.8 checkpoint=- ebops_trace_seconds=0.03 ebops_trace_over_epoch=0.001 loss=1.853887 host_rss_mb=2459
[epoch 7/7000] EBOPs=untraced in_training_ebops=5487301 target=350000 beta=1.18e-07 val_AUC=0.883563 val_accuracy=0.646242 seconds=159.0 checkpoint=- ebops_trace_seconds=0.03 ebops_trace_over_epoch=0.001 loss=1.644726 host_rss_mb=2480
[epoch 8/7000] EBOPs=untraced in_training_ebops=5062582 target=350000 beta=1.22e-07 val_AUC=0.886485 val_accuracy=0.638468 seconds=159.8 checkpoint=- ebops_trace_seconds=0.03 ebops_trace_over_epoch=0.001 loss=1.629538 host_rss_mb=2486
[epoch 9/7000] EBOPs=untraced in_training_ebops=4546592 target=350000 beta=1.29e-07 val_AUC=0.880099 val_accuracy=0.638952 seconds=160.3 checkpoint=- ebops_trace_seconds=0.03 ebops_trace_over_epoch=0.001 loss=1.616083 host_rss_mb=2496
[epoch 10/7000] EBOPs=3545990 target=350000 above_floor=3374464 feasible=0 degenerate=0 beta=1.31e-07 val_AUC=0.877803 val_accuracy=0.614290 seconds=355.8 checkpoint=- ebops_trace_seconds=202.42 ebops_trace_over_epoch=0.569 loss=1.586403 host_rss_mb=2509
[epoch 11/7000] EBOPs=untraced in_training_ebops=3592989 target=350000 beta=1.15e-07 val_AUC=0.880044 val_accuracy=0.628919 seconds=135.0 checkpoint=- ebops_trace_seconds=0.02 ebops_trace_over_epoch=0.001 loss=1.421416 host_rss_mb=2501
[epoch 12/7000] EBOPs=untraced in_training_ebops=3472741 target=350000 beta=1.31e-07 val_AUC=0.867949 val_accuracy=0.617065 seconds=127.4 checkpoint=- ebops_trace_seconds=0.02 ebops_trace_over_epoch=0.001 loss=1.484189 host_rss_mb=2518
[epoch 13/7000] EBOPs=untraced in_training_ebops=2899435 target=350000 beta=1.42e-07 val_AUC=0.865309 val_accuracy=0.610887 seconds=135.8 checkpoint=- ebops_trace_seconds=0.03 ebops_trace_over_epoch=0.001 loss=1.488308 host_rss_mb=2529
[epoch 14/7000] EBOPs=untraced in_training_ebops=2571305 target=350000 beta=1.32e-07 val_AUC=0.871866 val_accuracy=0.612000 seconds=157.1 checkpoint=- ebops_trace_seconds=0.03 ebops_trace_over_epoch=0.001 loss=1.387840 host_rss_mb=2546
[epoch 15/7000] EBOPs=untraced in_training_ebops=2457049 target=350000 beta=1.29e-07 val_AUC=0.869791 val_accuracy=0.612935 seconds=162.1 checkpoint=- ebops_trace_seconds=0.03 ebops_trace_over_epoch=0.001 loss=1.340155 host_rss_mb=2554
[epoch 16/7000] EBOPs=untraced in_training_ebops=2261414 target=350000 beta=1.36e-07 val_AUC=0.863265 val_accuracy=0.592629 seconds=161.0 checkpoint=- ebops_trace_seconds=0.03 ebops_trace_over_epoch=0.001 loss=1.335701 host_rss_mb=2554
[epoch 17/7000] EBOPs=untraced in_training_ebops=2213135 target=350000 beta=1.37e-07 val_AUC=0.851964 val_accuracy=0.554435 seconds=162.2 checkpoint=- ebops_trace_seconds=0.03 ebops_trace_over_epoch=0.001 loss=1.365330 host_rss_mb=2567
[epoch 18/7000] EBOPs=untraced in_training_ebops=1990126 target=350000 beta=1.48e-07 val_AUC=0.851535 val_accuracy=0.562726 seconds=161.0 checkpoint=- ebops_trace_seconds=0.03 ebops_trace_over_epoch=0.001 loss=1.376626 host_rss_mb=2574
[epoch 19/7000] EBOPs=untraced in_training_ebops=1826485 target=350000 beta=1.45e-07 val_AUC=0.866013 val_accuracy=0.585984 seconds=159.6 checkpoint=- ebops_trace_seconds=0.03 ebops_trace_over_epoch=0.001 loss=1.344826 host_rss_mb=2578
[epoch 20/7000] EBOPs=1713803 target=350000 above_floor=1542277 feasible=0 degenerate=0 beta=1.44e-07 val_AUC=0.857943 val_accuracy=0.589532 seconds=350.3 checkpoint=- ebops_trace_seconds=199.56 ebops_trace_over_epoch=0.570 loss=1.309112 host_rss_mb=2584
[epoch 21/7000] EBOPs=untraced in_training_ebops=1582172 target=350000 beta=1.47e-07 val_AUC=0.864382 val_accuracy=0.599258 seconds=116.5 checkpoint=epoch-0021 ebops_trace_seconds=0.01 ebops_trace_over_epoch=0.001 loss=1.299171 host_rss_mb=2584
CHECKPOINT_VERIFICATION_PASS {"index": 1, "name": "chang0926-a-n64-s2", "arm": "A", "seed": 2, "n_part": 64, "file": "chang0926-a-n64-s2.json", "production": true, "target_ebops": 350000, "zero_floor_ebops": 171526, "arch": {"d_model": 24, "n_heads": 2, "pos_enc": "none"}, "quant_set": "chang", "config_sha256": "06af8973e0148fa86e42783d6a581acadd503423a6127b67c74a52bb100a1156", "status": "verified_canary", "completed_epochs": 21, "selected": {"epoch": 19, "val_macro_auc": 0.8579429760707444, "val_categorical_accuracy": 0.5895322580645161, "ebops": 1713803, "ebops_above_floor": 1542277}, "checkpoint": "model_min_ebops.keras", "checkpoint_sha256": "7fcd764833e339a5d9ad75d2582bd0ae920517632d33c537bd4cbfe06c99f968", "budget_met": false, "validation_accuracy": 0.5895322580645161, "validation_macro_auc": 0.8579429760707444, "validation_per_class_auc": [0.8622300630342391, 0.8458807354350852, 0.8353984397214839, 0.8234263407028974, 0.9227793014600169], "wall_seconds_this_invocation": 3692.1869230698794, "test_set_used": false, "hardware_validated": false, "validation_labels_sha256": "63049d9bdcfdc83af97c58bc6579e1def1ec2d9e7a6c30007793badd75217709", "reload_ebops_check": "stored", "source_sha256": "041f981a9d5b8c3a7affb175d82de0ca2df9bc6261a172f67cb365c88b4bbd42", "selection_cost": 1713803, "selection_cost_convention": "native_hgq2", "native_hgq2_backbone_ebops": 1713803, "custom_estimated_bitops": 0, "modules": {}, "warning": "Augmented total is not directly interchangeable with historical native HGQ2 totals."}
WANDB_IMPORTED False
ARM_DONE chang0926-a-n64-s2 exit 0 wall_seconds 3692.3 utc 2026-09-29T10:58:36Z
