==== BENCH_ARM_ATTEMPT 0 2026-09-29T09:57:28Z phase p1-E-k16
ARM_CPUS n=32 requested 4-5,40,43-47,112-115,117-120,132-133,168,171-175,240-243,245-248 seen 4-5,40,43-47,112-115,117-120,132-133,168,171-175,240-243,245-248 OK
BENCH_ARM chang0926-a-n64-s4 tree /work/code devices ['/physical_device:GPU:0'] tf32_enabled False test_cpu False utc 2026-09-29T09:57:33Z
ARM_MANIFEST_SHA 041f981a9d5b8c3a7affb175d82de0ca2df9bc6261a172f67cb365c88b4bbd42 expected 041f981a9d5b8c3a7affb175d82de0ca2df9bc6261a172f67cb365c88b4bbd42 OK
BENCH_CACHE {"x_train": "420ac79dcece207aca849f6ca56e6426586023c9e02f38e5d3ac596fa74d79bc", "x_val": "7b56c1b25bc0d9231767f891ec52455ecb7c5656735fcf9d404104fd2c264d31", "y_train": "a5269398e2c6e5f1fc0db98e1a99a8befea619bf0c55531293d02a286c0dd378", "y_val": "63049d9bdcfdc83af97c58bc6579e1def1ec2d9e7a6c30007793badd75217709"}
[train] chang0926-a-n64-s4 params=31735 resume_epoch=0 initial_ebops=11205067
[epoch 1/7000] EBOPs=11163352 target=350000 above_floor=10991826 feasible=0 degenerate=0 beta=1e-07 val_AUC=0.780903 val_accuracy=0.472484 seconds=192.6 checkpoint=- ebops_trace_seconds=122.33 ebops_trace_over_epoch=0.636 loss=2.633505 host_rss_mb=2305
[epoch 2/7000] EBOPs=untraced in_training_ebops=12112131 target=350000 beta=1e-07 val_AUC=0.863891 val_accuracy=0.564613 seconds=112.8 checkpoint=- ebops_trace_seconds=0.02 ebops_trace_over_epoch=0.001 loss=2.289364 host_rss_mb=2337
[epoch 3/7000] EBOPs=untraced in_training_ebops=9851234 target=350000 beta=1.3e-07 val_AUC=0.874094 val_accuracy=0.608629 seconds=117.7 checkpoint=- ebops_trace_seconds=0.02 ebops_trace_over_epoch=0.001 loss=2.442736 host_rss_mb=2368
[epoch 4/7000] EBOPs=untraced in_training_ebops=9260513 target=350000 beta=1.24e-07 val_AUC=0.879327 val_accuracy=0.613968 seconds=129.0 checkpoint=- ebops_trace_seconds=0.02 ebops_trace_over_epoch=0.001 loss=2.237660 host_rss_mb=2393
[epoch 5/7000] EBOPs=untraced in_training_ebops=7693612 target=350000 beta=1.38e-07 val_AUC=0.880497 val_accuracy=0.626774 seconds=151.0 checkpoint=- ebops_trace_seconds=0.03 ebops_trace_over_epoch=0.001 loss=2.076041 host_rss_mb=2415
[epoch 6/7000] EBOPs=untraced in_training_ebops=6247698 target=350000 beta=1.34e-07 val_AUC=0.879922 val_accuracy=0.622645 seconds=157.7 checkpoint=- ebops_trace_seconds=0.03 ebops_trace_over_epoch=0.001 loss=1.938068 host_rss_mb=2438
[epoch 7/7000] EBOPs=untraced in_training_ebops=5832673 target=350000 beta=1.25e-07 val_AUC=0.883935 val_accuracy=0.626065 seconds=158.2 checkpoint=- ebops_trace_seconds=0.03 ebops_trace_over_epoch=0.001 loss=1.706416 host_rss_mb=2461
[epoch 8/7000] EBOPs=untraced in_training_ebops=4998385 target=350000 beta=1.35e-07 val_AUC=0.880716 val_accuracy=0.630048 seconds=158.7 checkpoint=- ebops_trace_seconds=0.03 ebops_trace_over_epoch=0.001 loss=1.716284 host_rss_mb=2480
[epoch 9/7000] EBOPs=untraced in_training_ebops=4513091 target=350000 beta=1.32e-07 val_AUC=0.880478 val_accuracy=0.626371 seconds=159.4 checkpoint=- ebops_trace_seconds=0.03 ebops_trace_over_epoch=0.001 loss=1.612123 host_rss_mb=2485
[epoch 10/7000] EBOPs=3317783 target=350000 above_floor=3146257 feasible=0 degenerate=0 beta=1.35e-07 val_AUC=0.880196 val_accuracy=0.624306 seconds=354.8 checkpoint=- ebops_trace_seconds=202.72 ebops_trace_over_epoch=0.572 loss=1.594960 host_rss_mb=2502
[epoch 11/7000] EBOPs=untraced in_training_ebops=3690658 target=350000 beta=1.11e-07 val_AUC=0.867064 val_accuracy=0.598532 seconds=135.3 checkpoint=- ebops_trace_seconds=0.02 ebops_trace_over_epoch=0.001 loss=1.381556 host_rss_mb=2494
[epoch 12/7000] EBOPs=untraced in_training_ebops=3501414 target=350000 beta=1.39e-07 val_AUC=0.878100 val_accuracy=0.616242 seconds=125.6 checkpoint=- ebops_trace_seconds=0.02 ebops_trace_over_epoch=0.001 loss=1.507927 host_rss_mb=2513
[epoch 13/7000] EBOPs=untraced in_training_ebops=2792031 target=350000 beta=1.48e-07 val_AUC=0.869589 val_accuracy=0.609935 seconds=132.5 checkpoint=- ebops_trace_seconds=0.02 ebops_trace_over_epoch=0.001 loss=1.482925 host_rss_mb=2529
[epoch 14/7000] EBOPs=untraced in_training_ebops=2547211 target=350000 beta=1.31e-07 val_AUC=0.876243 val_accuracy=0.602210 seconds=153.6 checkpoint=- ebops_trace_seconds=0.02 ebops_trace_over_epoch=0.001 loss=1.366468 host_rss_mb=2545
[epoch 15/7000] EBOPs=untraced in_training_ebops=2290514 target=350000 beta=1.32e-07 val_AUC=0.861600 val_accuracy=0.596726 seconds=161.7 checkpoint=- ebops_trace_seconds=0.03 ebops_trace_over_epoch=0.001 loss=1.327118 host_rss_mb=2545
[epoch 16/7000] EBOPs=untraced in_training_ebops=2165865 target=350000 beta=1.31e-07 val_AUC=0.858811 val_accuracy=0.580935 seconds=160.1 checkpoint=- ebops_trace_seconds=0.03 ebops_trace_over_epoch=0.001 loss=1.315636 host_rss_mb=2555
[epoch 17/7000] EBOPs=untraced in_training_ebops=1980510 target=350000 beta=1.35e-07 val_AUC=0.861438 val_accuracy=0.587919 seconds=161.1 checkpoint=- ebops_trace_seconds=0.02 ebops_trace_over_epoch=0.001 loss=1.310306 host_rss_mb=2568
[epoch 18/7000] EBOPs=untraced in_training_ebops=1817055 target=350000 beta=1.35e-07 val_AUC=0.875672 val_accuracy=0.613823 seconds=159.8 checkpoint=- ebops_trace_seconds=0.03 ebops_trace_over_epoch=0.001 loss=1.307500 host_rss_mb=2592
[epoch 19/7000] EBOPs=untraced in_training_ebops=1729724 target=350000 beta=1.34e-07 val_AUC=0.862874 val_accuracy=0.588726 seconds=159.6 checkpoint=- ebops_trace_seconds=0.03 ebops_trace_over_epoch=0.001 loss=1.278680 host_rss_mb=2609
[epoch 20/7000] EBOPs=1657922 target=350000 above_floor=1486396 feasible=0 degenerate=0 beta=1.38e-07 val_AUC=0.841079 val_accuracy=0.546839 seconds=352.0 checkpoint=- ebops_trace_seconds=200.47 ebops_trace_over_epoch=0.570 loss=1.277339 host_rss_mb=2615
[epoch 21/7000] EBOPs=untraced in_training_ebops=1581714 target=350000 beta=1.43e-07 val_AUC=0.845606 val_accuracy=0.548097 seconds=122.9 checkpoint=epoch-0021 ebops_trace_seconds=0.02 ebops_trace_over_epoch=0.001 loss=1.299390 host_rss_mb=2628
CHECKPOINT_VERIFICATION_PASS {"index": 3, "name": "chang0926-a-n64-s4", "arm": "A", "seed": 4, "n_part": 64, "file": "chang0926-a-n64-s4.json", "production": true, "target_ebops": 350000, "zero_floor_ebops": 171526, "arch": {"d_model": 24, "n_heads": 2, "pos_enc": "none"}, "quant_set": "chang", "config_sha256": "fad33c2e84de31375defae7a80b81aa24b07d3c89311f2fb69d2cb1dc01e82c2", "status": "verified_canary", "completed_epochs": 21, "selected": {"epoch": 19, "val_macro_auc": 0.841079309946392, "val_categorical_accuracy": 0.5468387096774193, "ebops": 1657922, "ebops_above_floor": 1486396}, "checkpoint": "model_min_ebops.keras", "checkpoint_sha256": "730513b88818d10b3e32426443603cd2c1d0f53a8ad80016a28bef45998e711c", "budget_met": false, "validation_accuracy": 0.5468387096774193, "validation_macro_auc": 0.841079309946392, "validation_per_class_auc": [0.7902320222603929, 0.8234590789235132, 0.8370437170983053, 0.8265233826021572, 0.9281383488475912], "wall_seconds_this_invocation": 3640.3189600370824, "test_set_used": false, "hardware_validated": false, "validation_labels_sha256": "63049d9bdcfdc83af97c58bc6579e1def1ec2d9e7a6c30007793badd75217709", "reload_ebops_check": "stored", "source_sha256": "041f981a9d5b8c3a7affb175d82de0ca2df9bc6261a172f67cb365c88b4bbd42", "selection_cost": 1657922, "selection_cost_convention": "native_hgq2", "native_hgq2_backbone_ebops": 1657922, "custom_estimated_bitops": 0, "modules": {}, "warning": "Augmented total is not directly interchangeable with historical native HGQ2 totals."}
WANDB_IMPORTED False
ARM_DONE chang0926-a-n64-s4 exit 0 wall_seconds 3640.5 utc 2026-09-29T10:58:15Z
