==== BENCH_ARM_ATTEMPT 0 2026-09-29T09:57:13Z phase p1-E-k16
ARM_CPUS n=32 requested 4-5,40,43-47,112-115,117-120,132-133,168,171-175,240-243,245-248 seen 4-5,40,43-47,112-115,117-120,132-133,168,171-175,240-243,245-248 OK
BENCH_ARM chang0926-a-n64-s3 tree /work/code devices ['/physical_device:GPU:0'] tf32_enabled False test_cpu False utc 2026-09-29T09:57:18Z
ARM_MANIFEST_SHA 041f981a9d5b8c3a7affb175d82de0ca2df9bc6261a172f67cb365c88b4bbd42 expected 041f981a9d5b8c3a7affb175d82de0ca2df9bc6261a172f67cb365c88b4bbd42 OK
BENCH_CACHE {"x_train": "420ac79dcece207aca849f6ca56e6426586023c9e02f38e5d3ac596fa74d79bc", "x_val": "7b56c1b25bc0d9231767f891ec52455ecb7c5656735fcf9d404104fd2c264d31", "y_train": "a5269398e2c6e5f1fc0db98e1a99a8befea619bf0c55531293d02a286c0dd378", "y_val": "63049d9bdcfdc83af97c58bc6579e1def1ec2d9e7a6c30007793badd75217709"}
[train] chang0926-a-n64-s3 params=31735 resume_epoch=0 initial_ebops=11488104
[epoch 1/7000] EBOPs=11086394 target=350000 above_floor=10914868 feasible=0 degenerate=0 beta=1e-07 val_AUC=0.840400 val_accuracy=0.544226 seconds=213.5 checkpoint=- ebops_trace_seconds=140.32 ebops_trace_over_epoch=0.657 loss=2.653144 host_rss_mb=2311
[epoch 2/7000] EBOPs=untraced in_training_ebops=13181988 target=350000 beta=1e-07 val_AUC=0.852219 val_accuracy=0.580274 seconds=112.6 checkpoint=- ebops_trace_seconds=0.03 ebops_trace_over_epoch=0.001 loss=2.314817 host_rss_mb=2350
[epoch 3/7000] EBOPs=untraced in_training_ebops=10430475 target=350000 beta=1.43e-07 val_AUC=0.863499 val_accuracy=0.591000 seconds=114.5 checkpoint=- ebops_trace_seconds=0.02 ebops_trace_over_epoch=0.001 loss=2.668233 host_rss_mb=2374
[epoch 4/7000] EBOPs=untraced in_training_ebops=9373044 target=350000 beta=1.34e-07 val_AUC=0.878734 val_accuracy=0.632016 seconds=129.4 checkpoint=- ebops_trace_seconds=0.03 ebops_trace_over_epoch=0.001 loss=2.392627 host_rss_mb=2397
[epoch 5/7000] EBOPs=untraced in_training_ebops=8014168 target=350000 beta=1.42e-07 val_AUC=0.891320 val_accuracy=0.647468 seconds=151.1 checkpoint=- ebops_trace_seconds=0.03 ebops_trace_over_epoch=0.001 loss=2.157768 host_rss_mb=2418
[epoch 6/7000] EBOPs=untraced in_training_ebops=6300615 target=350000 beta=1.42e-07 val_AUC=0.880416 val_accuracy=0.619677 seconds=155.3 checkpoint=- ebops_trace_seconds=0.02 ebops_trace_over_epoch=0.001 loss=2.029792 host_rss_mb=2438
[epoch 7/7000] EBOPs=untraced in_training_ebops=5736343 target=350000 beta=1.29e-07 val_AUC=0.875740 val_accuracy=0.622855 seconds=156.4 checkpoint=- ebops_trace_seconds=0.02 ebops_trace_over_epoch=0.001 loss=1.750020 host_rss_mb=2454
[epoch 8/7000] EBOPs=untraced in_training_ebops=4765509 target=350000 beta=1.35e-07 val_AUC=0.880655 val_accuracy=0.634823 seconds=156.7 checkpoint=- ebops_trace_seconds=0.03 ebops_trace_over_epoch=0.001 loss=1.699013 host_rss_mb=2475
[epoch 9/7000] EBOPs=untraced in_training_ebops=4395395 target=350000 beta=1.27e-07 val_AUC=0.872418 val_accuracy=0.609565 seconds=157.0 checkpoint=- ebops_trace_seconds=0.03 ebops_trace_over_epoch=0.001 loss=1.583599 host_rss_mb=2489
[epoch 10/7000] EBOPs=3433722 target=350000 above_floor=3262196 feasible=0 degenerate=0 beta=1.33e-07 val_AUC=0.882504 val_accuracy=0.626903 seconds=352.8 checkpoint=- ebops_trace_seconds=202.12 ebops_trace_over_epoch=0.573 loss=1.567767 host_rss_mb=2493
[epoch 11/7000] EBOPs=untraced in_training_ebops=3576519 target=350000 beta=1.17e-07 val_AUC=0.872487 val_accuracy=0.603032 seconds=133.1 checkpoint=- ebops_trace_seconds=0.02 ebops_trace_over_epoch=0.001 loss=1.446531 host_rss_mb=2497
[epoch 12/7000] EBOPs=untraced in_training_ebops=3393911 target=350000 beta=1.37e-07 val_AUC=0.863740 val_accuracy=0.598435 seconds=124.7 checkpoint=- ebops_trace_seconds=0.02 ebops_trace_over_epoch=0.001 loss=1.491214 host_rss_mb=2518
[epoch 13/7000] EBOPs=untraced in_training_ebops=2730296 target=350000 beta=1.45e-07 val_AUC=0.875336 val_accuracy=0.617500 seconds=130.5 checkpoint=- ebops_trace_seconds=0.02 ebops_trace_over_epoch=0.001 loss=1.465021 host_rss_mb=2539
[epoch 14/7000] EBOPs=untraced in_training_ebops=2476606 target=350000 beta=1.3e-07 val_AUC=0.864379 val_accuracy=0.604661 seconds=151.7 checkpoint=- ebops_trace_seconds=0.03 ebops_trace_over_epoch=0.001 loss=1.375952 host_rss_mb=2554
[epoch 15/7000] EBOPs=untraced in_training_ebops=2330888 target=350000 beta=1.3e-07 val_AUC=0.866416 val_accuracy=0.583000 seconds=159.2 checkpoint=- ebops_trace_seconds=0.03 ebops_trace_over_epoch=0.001 loss=1.344459 host_rss_mb=2570
[epoch 16/7000] EBOPs=untraced in_training_ebops=2116602 target=350000 beta=1.34e-07 val_AUC=0.866433 val_accuracy=0.593129 seconds=157.6 checkpoint=- ebops_trace_seconds=0.03 ebops_trace_over_epoch=0.001 loss=1.326200 host_rss_mb=2574
[epoch 17/7000] EBOPs=untraced in_training_ebops=1972274 target=350000 beta=1.33e-07 val_AUC=0.868406 val_accuracy=0.612323 seconds=158.8 checkpoint=- ebops_trace_seconds=0.03 ebops_trace_over_epoch=0.001 loss=1.297643 host_rss_mb=2591
[epoch 18/7000] EBOPs=untraced in_training_ebops=1799479 target=350000 beta=1.35e-07 val_AUC=0.854285 val_accuracy=0.575871 seconds=157.3 checkpoint=- ebops_trace_seconds=0.03 ebops_trace_over_epoch=0.001 loss=1.308720 host_rss_mb=2608
[epoch 19/7000] EBOPs=untraced in_training_ebops=1782980 target=350000 beta=1.34e-07 val_AUC=0.857725 val_accuracy=0.580758 seconds=157.3 checkpoint=- ebops_trace_seconds=0.03 ebops_trace_over_epoch=0.001 loss=1.320184 host_rss_mb=2611
[epoch 20/7000] EBOPs=1692250 target=350000 above_floor=1520724 feasible=0 degenerate=0 beta=1.44e-07 val_AUC=0.835702 val_accuracy=0.515081 seconds=352.4 checkpoint=- ebops_trace_seconds=203.71 ebops_trace_over_epoch=0.578 loss=1.323857 host_rss_mb=2630
[epoch 21/7000] EBOPs=untraced in_training_ebops=1626227 target=350000 beta=1.48e-07 val_AUC=0.855904 val_accuracy=0.596177 seconds=122.8 checkpoint=epoch-0021 ebops_trace_seconds=0.02 ebops_trace_over_epoch=0.001 loss=1.348329 host_rss_mb=2631
CHECKPOINT_VERIFICATION_PASS {"index": 2, "name": "chang0926-a-n64-s3", "arm": "A", "seed": 3, "n_part": 64, "file": "chang0926-a-n64-s3.json", "production": true, "target_ebops": 350000, "zero_floor_ebops": 171526, "arch": {"d_model": 24, "n_heads": 2, "pos_enc": "none"}, "quant_set": "chang", "config_sha256": "f7c05573a4dc9405450a8544459e67da1b76b981a59d354effd47566b9e4ff4d", "status": "verified_canary", "completed_epochs": 21, "selected": {"epoch": 19, "val_macro_auc": 0.8357019971820628, "val_categorical_accuracy": 0.5150806451612904, "ebops": 1692250, "ebops_above_floor": 1520724}, "checkpoint": "model_min_ebops.keras", "checkpoint_sha256": "e79637034c307333171ecedfde1c6154a59f20344a8024c781a104f9e71b1827", "budget_met": false, "validation_accuracy": 0.5150806451612904, "validation_macro_auc": 0.8357019971820628, "validation_per_class_auc": [0.8327310606359788, 0.8203759167079713, 0.8073690350895635, 0.7987746993240794, 0.9192592741527216], "wall_seconds_this_invocation": 3647.510248530656, "test_set_used": false, "hardware_validated": false, "validation_labels_sha256": "63049d9bdcfdc83af97c58bc6579e1def1ec2d9e7a6c30007793badd75217709", "reload_ebops_check": "stored", "source_sha256": "041f981a9d5b8c3a7affb175d82de0ca2df9bc6261a172f67cb365c88b4bbd42", "selection_cost": 1692250, "selection_cost_convention": "native_hgq2", "native_hgq2_backbone_ebops": 1692250, "custom_estimated_bitops": 0, "modules": {}, "warning": "Augmented total is not directly interchangeable with historical native HGQ2 totals."}
WANDB_IMPORTED False
ARM_DONE chang0926-a-n64-s3 exit 0 wall_seconds 3647.7 utc 2026-09-29T10:58:07Z
