==== BENCH_ARM_ATTEMPT 0 2026-09-29T10:00:29Z phase p1-E-k16
ARM_CPUS n=32 requested 4-5,40,43-47,112-115,117-120,132-133,168,171-175,240-243,245-248 seen 4-5,40,43-47,112-115,117-120,132-133,168,171-175,240-243,245-248 OK
BENCH_ARM chang0926-b-n64-s8 tree /work/code devices ['/physical_device:GPU:0'] tf32_enabled False test_cpu False utc 2026-09-29T10:00:34Z
ARM_MANIFEST_SHA 041f981a9d5b8c3a7affb175d82de0ca2df9bc6261a172f67cb365c88b4bbd42 expected 041f981a9d5b8c3a7affb175d82de0ca2df9bc6261a172f67cb365c88b4bbd42 OK
BENCH_CACHE {"x_train": "420ac79dcece207aca849f6ca56e6426586023c9e02f38e5d3ac596fa74d79bc", "x_val": "7b56c1b25bc0d9231767f891ec52455ecb7c5656735fcf9d404104fd2c264d31", "y_train": "a5269398e2c6e5f1fc0db98e1a99a8befea619bf0c55531293d02a286c0dd378", "y_val": "63049d9bdcfdc83af97c58bc6579e1def1ec2d9e7a6c30007793badd75217709"}
[train] chang0926-b-n64-s8 params=31735 resume_epoch=0 initial_ebops=10944855
[epoch 1/7000] EBOPs=11283780 target=250000 above_floor=11112254 feasible=0 degenerate=0 beta=1e-07 val_AUC=0.851490 val_accuracy=0.549419 seconds=334.4 checkpoint=- ebops_trace_seconds=189.88 ebops_trace_over_epoch=0.568 loss=2.601235 host_rss_mb=2329
[epoch 2/7000] EBOPs=untraced in_training_ebops=12689358 target=250000 beta=1e-07 val_AUC=0.870239 val_accuracy=0.601161 seconds=157.9 checkpoint=- ebops_trace_seconds=0.03 ebops_trace_over_epoch=0.001 loss=2.254461 host_rss_mb=2362
[epoch 3/7000] EBOPs=untraced in_training_ebops=10033751 target=250000 beta=1.37e-07 val_AUC=0.880121 val_accuracy=0.639065 seconds=158.9 checkpoint=- ebops_trace_seconds=0.03 ebops_trace_over_epoch=0.001 loss=2.514038 host_rss_mb=2384
[epoch 4/7000] EBOPs=untraced in_training_ebops=9177365 target=250000 beta=1.3e-07 val_AUC=0.898660 val_accuracy=0.674226 seconds=159.4 checkpoint=- ebops_trace_seconds=0.03 ebops_trace_over_epoch=0.001 loss=2.257407 host_rss_mb=2407
[epoch 5/7000] EBOPs=untraced in_training_ebops=7950307 target=250000 beta=1.43e-07 val_AUC=0.883921 val_accuracy=0.647887 seconds=160.4 checkpoint=- ebops_trace_seconds=0.03 ebops_trace_over_epoch=0.001 loss=2.113944 host_rss_mb=2431
[epoch 6/7000] EBOPs=untraced in_training_ebops=6383733 target=250000 beta=1.47e-07 val_AUC=0.885016 val_accuracy=0.625323 seconds=156.9 checkpoint=- ebops_trace_seconds=0.02 ebops_trace_over_epoch=0.001 loss=2.032380 host_rss_mb=2450
[epoch 7/7000] EBOPs=untraced in_training_ebops=6079894 target=250000 beta=1.39e-07 val_AUC=0.879087 val_accuracy=0.627871 seconds=147.6 checkpoint=- ebops_trace_seconds=0.03 ebops_trace_over_epoch=0.001 loss=1.823339 host_rss_mb=2468
[epoch 8/7000] EBOPs=untraced in_training_ebops=5129717 target=250000 beta=1.55e-07 val_AUC=0.885855 val_accuracy=0.651081 seconds=136.3 checkpoint=- ebops_trace_seconds=0.02 ebops_trace_over_epoch=0.001 loss=1.832442 host_rss_mb=2486
[epoch 9/7000] EBOPs=untraced in_training_ebops=4530001 target=250000 beta=1.52e-07 val_AUC=0.876062 val_accuracy=0.623468 seconds=137.4 checkpoint=- ebops_trace_seconds=0.02 ebops_trace_over_epoch=0.001 loss=1.738893 host_rss_mb=2508
[epoch 10/7000] EBOPs=3329168 target=250000 above_floor=3157642 feasible=0 degenerate=0 beta=1.55e-07 val_AUC=0.874228 val_accuracy=0.597435 seconds=332.7 checkpoint=- ebops_trace_seconds=202.89 ebops_trace_over_epoch=0.610 loss=1.683177 host_rss_mb=2521
[epoch 11/7000] EBOPs=untraced in_training_ebops=3634523 target=250000 beta=1.3e-07 val_AUC=0.874050 val_accuracy=0.627887 seconds=163.5 checkpoint=- ebops_trace_seconds=0.03 ebops_trace_over_epoch=0.001 loss=1.502451 host_rss_mb=2513
[epoch 12/7000] EBOPs=untraced in_training_ebops=3455907 target=250000 beta=1.62e-07 val_AUC=0.850149 val_accuracy=0.558903 seconds=161.5 checkpoint=- ebops_trace_seconds=0.03 ebops_trace_over_epoch=0.001 loss=1.615696 host_rss_mb=2532
[epoch 13/7000] EBOPs=untraced in_training_ebops=2787296 target=250000 beta=1.76e-07 val_AUC=0.852352 val_accuracy=0.575081 seconds=161.8 checkpoint=- ebops_trace_seconds=0.03 ebops_trace_over_epoch=0.001 loss=1.608524 host_rss_mb=2549
[epoch 14/7000] EBOPs=untraced in_training_ebops=2462657 target=250000 beta=1.6e-07 val_AUC=0.861034 val_accuracy=0.592806 seconds=162.3 checkpoint=- ebops_trace_seconds=0.02 ebops_trace_over_epoch=0.001 loss=1.483943 host_rss_mb=2562
[epoch 15/7000] EBOPs=untraced in_training_ebops=2255526 target=250000 beta=1.58e-07 val_AUC=0.856968 val_accuracy=0.582081 seconds=160.6 checkpoint=- ebops_trace_seconds=0.03 ebops_trace_over_epoch=0.001 loss=1.447330 host_rss_mb=2578
[epoch 16/7000] EBOPs=untraced in_training_ebops=2090719 target=250000 beta=1.62e-07 val_AUC=0.857426 val_accuracy=0.587274 seconds=155.9 checkpoint=- ebops_trace_seconds=0.03 ebops_trace_over_epoch=0.001 loss=1.403376 host_rss_mb=2597
[epoch 17/7000] EBOPs=untraced in_training_ebops=1879018 target=250000 beta=1.67e-07 val_AUC=0.861921 val_accuracy=0.610806 seconds=145.2 checkpoint=- ebops_trace_seconds=0.02 ebops_trace_over_epoch=0.001 loss=1.373612 host_rss_mb=2615
[epoch 18/7000] EBOPs=untraced in_training_ebops=1664445 target=250000 beta=1.66e-07 val_AUC=0.861227 val_accuracy=0.607000 seconds=132.8 checkpoint=- ebops_trace_seconds=0.02 ebops_trace_over_epoch=0.001 loss=1.349058 host_rss_mb=2633
[epoch 19/7000] EBOPs=untraced in_training_ebops=1542053 target=250000 beta=1.61e-07 val_AUC=0.862232 val_accuracy=0.591484 seconds=121.1 checkpoint=- ebops_trace_seconds=0.01 ebops_trace_over_epoch=0.001 loss=1.312772 host_rss_mb=2649
[epoch 20/7000] EBOPs=1573552 target=250000 above_floor=1402026 feasible=0 degenerate=0 beta=1.64e-07 val_AUC=0.861081 val_accuracy=0.601613 seconds=173.5 checkpoint=- ebops_trace_seconds=96.27 ebops_trace_over_epoch=0.555 loss=1.305499 host_rss_mb=2664
[epoch 21/7000] EBOPs=untraced in_training_ebops=1461441 target=250000 beta=1.83e-07 val_AUC=0.865924 val_accuracy=0.609952 seconds=22.3 checkpoint=epoch-0021 ebops_trace_seconds=0.00 ebops_trace_over_epoch=0.003 loss=1.340788 host_rss_mb=2678
CHECKPOINT_VERIFICATION_PASS {"index": 15, "name": "chang0926-b-n64-s8", "arm": "B", "seed": 8, "n_part": 64, "file": "chang0926-b-n64-s8.json", "production": true, "target_ebops": 250000, "zero_floor_ebops": 171526, "arch": {"d_model": 24, "n_heads": 2, "pos_enc": "none"}, "quant_set": "chang", "config_sha256": "ba93505eb18f22802e4a7158c91ca048c39f154e8ff0df49e926a7f3ae059845", "status": "verified_canary", "completed_epochs": 21, "selected": {"epoch": 19, "val_macro_auc": 0.8610805992710586, "val_categorical_accuracy": 0.6016129032258064, "ebops": 1573552, "ebops_above_floor": 1402026}, "checkpoint": "model_min_ebops.keras", "checkpoint_sha256": "f6b0db8474d6c0599494ae040b546684384b3bbd69c98b0db5b9aff3c803b4e5", "budget_met": false, "validation_accuracy": 0.6016129032258064, "validation_macro_auc": 0.8610805992710586, "validation_per_class_auc": [0.8744111095716145, 0.8381170614088673, 0.8416565383977007, 0.8291034280634586, 0.9221148589136516], "wall_seconds_this_invocation": 3661.4494376145303, "test_set_used": false, "hardware_validated": false, "validation_labels_sha256": "63049d9bdcfdc83af97c58bc6579e1def1ec2d9e7a6c30007793badd75217709", "reload_ebops_check": "stored", "source_sha256": "041f981a9d5b8c3a7affb175d82de0ca2df9bc6261a172f67cb365c88b4bbd42", "selection_cost": 1573552, "selection_cost_convention": "native_hgq2", "native_hgq2_backbone_ebops": 1573552, "custom_estimated_bitops": 0, "modules": {}, "warning": "Augmented total is not directly interchangeable with historical native HGQ2 totals."}
WANDB_IMPORTED False
ARM_DONE chang0926-b-n64-s8 exit 0 wall_seconds 3661.7 utc 2026-09-29T11:01:37Z
