==== BENCH_ARM_ATTEMPT 0 2026-09-29T09:57:44Z phase p1-E-k16
ARM_CPUS n=32 requested 4-5,40,43-47,112-115,117-120,132-133,168,171-175,240-243,245-248 seen 4-5,40,43-47,112-115,117-120,132-133,168,171-175,240-243,245-248 OK
BENCH_ARM chang0926-a-n64-s5 tree /work/code devices ['/physical_device:GPU:0'] tf32_enabled False test_cpu False utc 2026-09-29T09:57:50Z
ARM_MANIFEST_SHA 041f981a9d5b8c3a7affb175d82de0ca2df9bc6261a172f67cb365c88b4bbd42 expected 041f981a9d5b8c3a7affb175d82de0ca2df9bc6261a172f67cb365c88b4bbd42 OK
BENCH_CACHE {"x_train": "420ac79dcece207aca849f6ca56e6426586023c9e02f38e5d3ac596fa74d79bc", "x_val": "7b56c1b25bc0d9231767f891ec52455ecb7c5656735fcf9d404104fd2c264d31", "y_train": "a5269398e2c6e5f1fc0db98e1a99a8befea619bf0c55531293d02a286c0dd378", "y_val": "63049d9bdcfdc83af97c58bc6579e1def1ec2d9e7a6c30007793badd75217709"}
[train] chang0926-a-n64-s5 params=31735 resume_epoch=0 initial_ebops=11291160
[epoch 1/7000] EBOPs=11804261 target=350000 above_floor=11632735 feasible=0 degenerate=0 beta=1e-07 val_AUC=0.830021 val_accuracy=0.554097 seconds=258.4 checkpoint=- ebops_trace_seconds=168.17 ebops_trace_over_epoch=0.651 loss=2.681298 host_rss_mb=2337
[epoch 2/7000] EBOPs=untraced in_training_ebops=13147841 target=350000 beta=1e-07 val_AUC=0.871525 val_accuracy=0.624000 seconds=117.0 checkpoint=- ebops_trace_seconds=0.02 ebops_trace_over_epoch=0.001 loss=2.319859 host_rss_mb=2369
[epoch 3/7000] EBOPs=untraced in_training_ebops=10975764 target=350000 beta=1.34e-07 val_AUC=0.877425 val_accuracy=0.623242 seconds=130.1 checkpoint=- ebops_trace_seconds=0.02 ebops_trace_over_epoch=0.001 loss=2.614706 host_rss_mb=2394
[epoch 4/7000] EBOPs=untraced in_training_ebops=9959603 target=350000 beta=1.32e-07 val_AUC=0.881852 val_accuracy=0.623548 seconds=152.5 checkpoint=- ebops_trace_seconds=0.02 ebops_trace_over_epoch=0.001 loss=2.425951 host_rss_mb=2422
[epoch 5/7000] EBOPs=untraced in_training_ebops=8750485 target=350000 beta=1.42e-07 val_AUC=0.867078 val_accuracy=0.611661 seconds=157.8 checkpoint=- ebops_trace_seconds=0.03 ebops_trace_over_epoch=0.001 loss=2.249122 host_rss_mb=2444
[epoch 6/7000] EBOPs=untraced in_training_ebops=6707391 target=350000 beta=1.47e-07 val_AUC=0.880315 val_accuracy=0.630726 seconds=158.0 checkpoint=- ebops_trace_seconds=0.03 ebops_trace_over_epoch=0.001 loss=2.178972 host_rss_mb=2468
[epoch 7/7000] EBOPs=untraced in_training_ebops=6538635 target=350000 beta=1.3e-07 val_AUC=0.869401 val_accuracy=0.625161 seconds=158.6 checkpoint=- ebops_trace_seconds=0.03 ebops_trace_over_epoch=0.001 loss=1.860533 host_rss_mb=2478
[epoch 8/7000] EBOPs=untraced in_training_ebops=5036001 target=350000 beta=1.47e-07 val_AUC=0.881117 val_accuracy=0.631806 seconds=159.0 checkpoint=- ebops_trace_seconds=0.03 ebops_trace_over_epoch=0.001 loss=1.854872 host_rss_mb=2489
[epoch 9/7000] EBOPs=untraced in_training_ebops=4890231 target=350000 beta=1.29e-07 val_AUC=0.872734 val_accuracy=0.613919 seconds=153.6 checkpoint=- ebops_trace_seconds=0.03 ebops_trace_over_epoch=0.001 loss=1.638523 host_rss_mb=2508
[epoch 10/7000] EBOPs=3443434 target=350000 above_floor=3271908 feasible=0 degenerate=0 beta=1.43e-07 val_AUC=0.876044 val_accuracy=0.619629 seconds=336.3 checkpoint=- ebops_trace_seconds=200.57 ebops_trace_over_epoch=0.597 loss=1.662894 host_rss_mb=2524
[epoch 11/7000] EBOPs=untraced in_training_ebops=3903900 target=350000 beta=1.13e-07 val_AUC=0.868137 val_accuracy=0.613887 seconds=125.6 checkpoint=- ebops_trace_seconds=0.03 ebops_trace_over_epoch=0.001 loss=1.448906 host_rss_mb=2521
[epoch 12/7000] EBOPs=untraced in_training_ebops=3652922 target=350000 beta=1.45e-07 val_AUC=0.846940 val_accuracy=0.587387 seconds=133.2 checkpoint=- ebops_trace_seconds=0.02 ebops_trace_over_epoch=0.001 loss=1.599532 host_rss_mb=2540
[epoch 13/7000] EBOPs=untraced in_training_ebops=3162197 target=350000 beta=1.52e-07 val_AUC=0.859916 val_accuracy=0.593887 seconds=154.4 checkpoint=- ebops_trace_seconds=0.02 ebops_trace_over_epoch=0.001 loss=1.568541 host_rss_mb=2555
[epoch 14/7000] EBOPs=untraced in_training_ebops=3010580 target=350000 beta=1.47e-07 val_AUC=0.860096 val_accuracy=0.573581 seconds=160.3 checkpoint=- ebops_trace_seconds=0.02 ebops_trace_over_epoch=0.001 loss=1.535322 host_rss_mb=2567
[epoch 15/7000] EBOPs=untraced in_training_ebops=2563162 target=350000 beta=1.56e-07 val_AUC=0.848337 val_accuracy=0.563226 seconds=158.3 checkpoint=- ebops_trace_seconds=0.02 ebops_trace_over_epoch=0.001 loss=1.512590 host_rss_mb=2571
[epoch 16/7000] EBOPs=untraced in_training_ebops=2352184 target=350000 beta=1.47e-07 val_AUC=0.857331 val_accuracy=0.604306 seconds=160.1 checkpoint=- ebops_trace_seconds=0.03 ebops_trace_over_epoch=0.001 loss=1.448649 host_rss_mb=2577
[epoch 17/7000] EBOPs=untraced in_training_ebops=2110466 target=350000 beta=1.48e-07 val_AUC=0.817164 val_accuracy=0.497129 seconds=158.6 checkpoint=- ebops_trace_seconds=0.02 ebops_trace_over_epoch=0.001 loss=1.422578 host_rss_mb=2580
[epoch 18/7000] EBOPs=untraced in_training_ebops=1790176 target=350000 beta=1.45e-07 val_AUC=0.831733 val_accuracy=0.558226 seconds=158.2 checkpoint=- ebops_trace_seconds=0.02 ebops_trace_over_epoch=0.001 loss=1.397363 host_rss_mb=2589
[epoch 19/7000] EBOPs=untraced in_training_ebops=1686839 target=350000 beta=1.34e-07 val_AUC=0.846594 val_accuracy=0.576097 seconds=151.9 checkpoint=- ebops_trace_seconds=0.03 ebops_trace_over_epoch=0.001 loss=1.336300 host_rss_mb=2594
[epoch 20/7000] EBOPs=1610418 target=350000 above_floor=1438892 feasible=0 degenerate=0 beta=1.36e-07 val_AUC=0.851863 val_accuracy=0.581032 seconds=322.7 checkpoint=- ebops_trace_seconds=188.36 ebops_trace_over_epoch=0.584 loss=1.308544 host_rss_mb=2599
[epoch 21/7000] EBOPs=untraced in_training_ebops=1698745 target=350000 beta=1.41e-07 val_AUC=0.848921 val_accuracy=0.575210 seconds=79.5 checkpoint=epoch-0021 ebops_trace_seconds=0.01 ebops_trace_over_epoch=0.001 loss=1.327744 host_rss_mb=2601
CHECKPOINT_VERIFICATION_PASS {"index": 4, "name": "chang0926-a-n64-s5", "arm": "A", "seed": 5, "n_part": 64, "file": "chang0926-a-n64-s5.json", "production": true, "target_ebops": 350000, "zero_floor_ebops": 171526, "arch": {"d_model": 24, "n_heads": 2, "pos_enc": "none"}, "quant_set": "chang", "config_sha256": "baa5c6e43742624cdfd4e6cd134e6077791332e191f706ad76e60801192a50d9", "status": "verified_canary", "completed_epochs": 21, "selected": {"epoch": 19, "val_macro_auc": 0.8518627575700517, "val_categorical_accuracy": 0.5810322580645161, "ebops": 1610418, "ebops_above_floor": 1438892}, "checkpoint": "model_min_ebops.keras", "checkpoint_sha256": "566a2b34f84760778a419ea127866450c934f0b08c21f2e8f36cc75113251c83", "budget_met": false, "validation_accuracy": 0.5810322580645161, "validation_macro_auc": 0.8518627575700517, "validation_per_class_auc": [0.838409578150864, 0.8408462416510535, 0.8339693231497792, 0.8267228753339213, 0.9193657695646402], "wall_seconds_this_invocation": 3707.6761672608554, "test_set_used": false, "hardware_validated": false, "validation_labels_sha256": "63049d9bdcfdc83af97c58bc6579e1def1ec2d9e7a6c30007793badd75217709", "reload_ebops_check": "stored", "source_sha256": "041f981a9d5b8c3a7affb175d82de0ca2df9bc6261a172f67cb365c88b4bbd42", "selection_cost": 1610418, "selection_cost_convention": "native_hgq2", "native_hgq2_backbone_ebops": 1610418, "custom_estimated_bitops": 0, "modules": {}, "warning": "Augmented total is not directly interchangeable with historical native HGQ2 totals."}
WANDB_IMPORTED False
ARM_DONE chang0926-a-n64-s5 exit 0 wall_seconds 3707.8 utc 2026-09-29T10:59:39Z
