==== BENCH_ARM_ATTEMPT 0 2026-09-29T09:58:59Z phase p1-E-k16
ARM_CPUS n=32 requested 4-5,40,43-47,112-115,117-120,132-133,168,171-175,240-243,245-248 seen 4-5,40,43-47,112-115,117-120,132-133,168,171-175,240-243,245-248 OK
BENCH_ARM chang0926-b-n64-s2 tree /work/code devices ['/physical_device:GPU:0'] tf32_enabled False test_cpu False utc 2026-09-29T09:59:03Z
ARM_MANIFEST_SHA 041f981a9d5b8c3a7affb175d82de0ca2df9bc6261a172f67cb365c88b4bbd42 expected 041f981a9d5b8c3a7affb175d82de0ca2df9bc6261a172f67cb365c88b4bbd42 OK
BENCH_CACHE {"x_train": "420ac79dcece207aca849f6ca56e6426586023c9e02f38e5d3ac596fa74d79bc", "x_val": "7b56c1b25bc0d9231767f891ec52455ecb7c5656735fcf9d404104fd2c264d31", "y_train": "a5269398e2c6e5f1fc0db98e1a99a8befea619bf0c55531293d02a286c0dd378", "y_val": "63049d9bdcfdc83af97c58bc6579e1def1ec2d9e7a6c30007793badd75217709"}
[train] chang0926-b-n64-s2 params=31735 resume_epoch=0 initial_ebops=11295521
[epoch 1/7000] EBOPs=11442763 target=250000 above_floor=11271237 feasible=0 degenerate=0 beta=1e-07 val_AUC=0.832746 val_accuracy=0.559113 seconds=290.1 checkpoint=- ebops_trace_seconds=176.08 ebops_trace_over_epoch=0.607 loss=2.627265 host_rss_mb=2322
[epoch 2/7000] EBOPs=untraced in_training_ebops=12367919 target=250000 beta=1e-07 val_AUC=0.865727 val_accuracy=0.599371 seconds=128.2 checkpoint=- ebops_trace_seconds=0.02 ebops_trace_over_epoch=0.001 loss=2.270084 host_rss_mb=2353
[epoch 3/7000] EBOPs=untraced in_training_ebops=9528796 target=250000 beta=1.31e-07 val_AUC=0.874811 val_accuracy=0.625210 seconds=150.5 checkpoint=- ebops_trace_seconds=0.03 ebops_trace_over_epoch=0.001 loss=2.441943 host_rss_mb=2362
[epoch 4/7000] EBOPs=untraced in_training_ebops=9043913 target=250000 beta=1.21e-07 val_AUC=0.882126 val_accuracy=0.651016 seconds=157.5 checkpoint=- ebops_trace_seconds=0.03 ebops_trace_over_epoch=0.001 loss=2.155164 host_rss_mb=2384
[epoch 5/7000] EBOPs=untraced in_training_ebops=7422792 target=250000 beta=1.38e-07 val_AUC=0.870073 val_accuracy=0.634516 seconds=157.6 checkpoint=- ebops_trace_seconds=0.03 ebops_trace_over_epoch=0.001 loss=2.051288 host_rss_mb=2410
[epoch 6/7000] EBOPs=untraced in_training_ebops=5989138 target=250000 beta=1.34e-07 val_AUC=0.874678 val_accuracy=0.606242 seconds=157.8 checkpoint=- ebops_trace_seconds=0.03 ebops_trace_over_epoch=0.001 loss=1.948682 host_rss_mb=2427
[epoch 7/7000] EBOPs=untraced in_training_ebops=5422279 target=250000 beta=1.27e-07 val_AUC=0.883679 val_accuracy=0.644726 seconds=158.2 checkpoint=- ebops_trace_seconds=0.03 ebops_trace_over_epoch=0.001 loss=1.693062 host_rss_mb=2441
[epoch 8/7000] EBOPs=untraced in_training_ebops=4824747 target=250000 beta=1.34e-07 val_AUC=0.876167 val_accuracy=0.636500 seconds=152.7 checkpoint=- ebops_trace_seconds=0.03 ebops_trace_over_epoch=0.001 loss=1.714888 host_rss_mb=2460
[epoch 9/7000] EBOPs=untraced in_training_ebops=4390015 target=250000 beta=1.38e-07 val_AUC=0.878224 val_accuracy=0.622710 seconds=136.6 checkpoint=- ebops_trace_seconds=0.03 ebops_trace_over_epoch=0.001 loss=1.626760 host_rss_mb=2471
[epoch 10/7000] EBOPs=3495458 target=250000 above_floor=3323932 feasible=0 degenerate=0 beta=1.45e-07 val_AUC=0.876864 val_accuracy=0.635710 seconds=324.7 checkpoint=- ebops_trace_seconds=191.44 ebops_trace_over_epoch=0.590 loss=1.630569 host_rss_mb=2490
[epoch 11/7000] EBOPs=untraced in_training_ebops=3616051 target=250000 beta=1.32e-07 val_AUC=0.868925 val_accuracy=0.615226 seconds=130.9 checkpoint=- ebops_trace_seconds=0.03 ebops_trace_over_epoch=0.001 loss=1.479742 host_rss_mb=2480
[epoch 12/7000] EBOPs=untraced in_training_ebops=3215011 target=250000 beta=1.56e-07 val_AUC=0.867787 val_accuracy=0.611516 seconds=151.4 checkpoint=- ebops_trace_seconds=0.03 ebops_trace_over_epoch=0.001 loss=1.560213 host_rss_mb=2505
[epoch 13/7000] EBOPs=untraced in_training_ebops=2662142 target=250000 beta=1.57e-07 val_AUC=0.871496 val_accuracy=0.612968 seconds=159.7 checkpoint=- ebops_trace_seconds=0.03 ebops_trace_over_epoch=0.001 loss=1.492486 host_rss_mb=2520
[epoch 14/7000] EBOPs=untraced in_training_ebops=2447621 target=250000 beta=1.47e-07 val_AUC=0.867491 val_accuracy=0.590016 seconds=158.7 checkpoint=- ebops_trace_seconds=0.03 ebops_trace_over_epoch=0.001 loss=1.408603 host_rss_mb=2528
[epoch 15/7000] EBOPs=untraced in_training_ebops=2149290 target=250000 beta=1.51e-07 val_AUC=0.855054 val_accuracy=0.599903 seconds=158.9 checkpoint=- ebops_trace_seconds=0.03 ebops_trace_over_epoch=0.001 loss=1.403630 host_rss_mb=2538
[epoch 16/7000] EBOPs=untraced in_training_ebops=2030186 target=250000 beta=1.48e-07 val_AUC=0.845981 val_accuracy=0.560194 seconds=158.3 checkpoint=- ebops_trace_seconds=0.03 ebops_trace_over_epoch=0.001 loss=1.365108 host_rss_mb=2541
[epoch 17/7000] EBOPs=untraced in_training_ebops=1802193 target=250000 beta=1.55e-07 val_AUC=0.864305 val_accuracy=0.583887 seconds=157.7 checkpoint=- ebops_trace_seconds=0.03 ebops_trace_over_epoch=0.001 loss=1.348906 host_rss_mb=2547
[epoch 18/7000] EBOPs=untraced in_training_ebops=1620858 target=250000 beta=1.52e-07 val_AUC=0.853016 val_accuracy=0.566645 seconds=151.7 checkpoint=- ebops_trace_seconds=0.03 ebops_trace_over_epoch=0.001 loss=1.311525 host_rss_mb=2555
[epoch 19/7000] EBOPs=untraced in_training_ebops=1423394 target=250000 beta=1.5e-07 val_AUC=0.853375 val_accuracy=0.584742 seconds=136.7 checkpoint=- ebops_trace_seconds=0.02 ebops_trace_over_epoch=0.001 loss=1.280664 host_rss_mb=2571
[epoch 20/7000] EBOPs=1416534 target=250000 above_floor=1245008 feasible=0 degenerate=0 beta=1.44e-07 val_AUC=0.837931 val_accuracy=0.524565 seconds=278.3 checkpoint=- ebops_trace_seconds=153.79 ebops_trace_over_epoch=0.553 loss=1.256960 host_rss_mb=2574
[epoch 21/7000] EBOPs=untraced in_training_ebops=1339088 target=250000 beta=1.56e-07 val_AUC=0.861651 val_accuracy=0.584645 seconds=54.6 checkpoint=epoch-0021 ebops_trace_seconds=0.01 ebops_trace_over_epoch=0.001 loss=1.281974 host_rss_mb=2580
CHECKPOINT_VERIFICATION_PASS {"index": 9, "name": "chang0926-b-n64-s2", "arm": "B", "seed": 2, "n_part": 64, "file": "chang0926-b-n64-s2.json", "production": true, "target_ebops": 250000, "zero_floor_ebops": 171526, "arch": {"d_model": 24, "n_heads": 2, "pos_enc": "none"}, "quant_set": "chang", "config_sha256": "954d1477c14895a2a0940bb9597e60997f0cc847be4a5d518b91b06cb54135b5", "status": "verified_canary", "completed_epochs": 21, "selected": {"epoch": 19, "val_macro_auc": 0.8379312762086458, "val_categorical_accuracy": 0.5245645161290322, "ebops": 1416534, "ebops_above_floor": 1245008}, "checkpoint": "model_min_ebops.keras", "checkpoint_sha256": "ced9d076c54d65f0341309805c0321b77a5561fbe55dcf7388c2e92cb16fb832", "budget_met": false, "validation_accuracy": 0.5245645161290322, "validation_macro_auc": 0.8379312762086458, "validation_per_class_auc": [0.8472817860185923, 0.8423284354763525, 0.8044703696293278, 0.7832491820589687, 0.9123266078599884], "wall_seconds_this_invocation": 3676.239648807794, "test_set_used": false, "hardware_validated": false, "validation_labels_sha256": "63049d9bdcfdc83af97c58bc6579e1def1ec2d9e7a6c30007793badd75217709", "reload_ebops_check": "stored", "source_sha256": "041f981a9d5b8c3a7affb175d82de0ca2df9bc6261a172f67cb365c88b4bbd42", "selection_cost": 1416534, "selection_cost_convention": "native_hgq2", "native_hgq2_backbone_ebops": 1416534, "custom_estimated_bitops": 0, "modules": {}, "warning": "Augmented total is not directly interchangeable with historical native HGQ2 totals."}
WANDB_IMPORTED False
ARM_DONE chang0926-b-n64-s2 exit 0 wall_seconds 3676.4 utc 2026-09-29T11:00:20Z
