==== BENCH_ARM_ATTEMPT 0 2026-09-29T09:59:44Z phase p1-E-k16
ARM_CPUS n=32 requested 4-5,40,43-47,112-115,117-120,132-133,168,171-175,240-243,245-248 seen 4-5,40,43-47,112-115,117-120,132-133,168,171-175,240-243,245-248 OK
BENCH_ARM chang0926-b-n64-s5 tree /work/code devices ['/physical_device:GPU:0'] tf32_enabled False test_cpu False utc 2026-09-29T09:59:50Z
ARM_MANIFEST_SHA 041f981a9d5b8c3a7affb175d82de0ca2df9bc6261a172f67cb365c88b4bbd42 expected 041f981a9d5b8c3a7affb175d82de0ca2df9bc6261a172f67cb365c88b4bbd42 OK
BENCH_CACHE {"x_train": "420ac79dcece207aca849f6ca56e6426586023c9e02f38e5d3ac596fa74d79bc", "x_val": "7b56c1b25bc0d9231767f891ec52455ecb7c5656735fcf9d404104fd2c264d31", "y_train": "a5269398e2c6e5f1fc0db98e1a99a8befea619bf0c55531293d02a286c0dd378", "y_val": "63049d9bdcfdc83af97c58bc6579e1def1ec2d9e7a6c30007793badd75217709"}
[train] chang0926-b-n64-s5 params=31735 resume_epoch=0 initial_ebops=11291160
[epoch 1/7000] EBOPs=12143638 target=250000 above_floor=11972112 feasible=0 degenerate=0 beta=1e-07 val_AUC=0.830549 val_accuracy=0.554581 seconds=319.0 checkpoint=- ebops_trace_seconds=179.12 ebops_trace_over_epoch=0.562 loss=2.678432 host_rss_mb=2320
[epoch 2/7000] EBOPs=untraced in_training_ebops=13239015 target=250000 beta=1e-07 val_AUC=0.870034 val_accuracy=0.604516 seconds=146.5 checkpoint=- ebops_trace_seconds=0.03 ebops_trace_over_epoch=0.001 loss=2.350429 host_rss_mb=2353
[epoch 3/7000] EBOPs=untraced in_training_ebops=10598656 target=250000 beta=1.33e-07 val_AUC=0.878610 val_accuracy=0.632065 seconds=157.4 checkpoint=- ebops_trace_seconds=0.03 ebops_trace_over_epoch=0.001 loss=2.591529 host_rss_mb=2376
[epoch 4/7000] EBOPs=untraced in_training_ebops=9951109 target=250000 beta=1.28e-07 val_AUC=0.874157 val_accuracy=0.611726 seconds=157.6 checkpoint=- ebops_trace_seconds=0.03 ebops_trace_over_epoch=0.001 loss=2.356286 host_rss_mb=2400
[epoch 5/7000] EBOPs=untraced in_training_ebops=8479041 target=250000 beta=1.45e-07 val_AUC=0.870658 val_accuracy=0.620468 seconds=157.7 checkpoint=- ebops_trace_seconds=0.03 ebops_trace_over_epoch=0.001 loss=2.250166 host_rss_mb=2422
[epoch 6/7000] EBOPs=untraced in_training_ebops=6838291 target=250000 beta=1.47e-07 val_AUC=0.873866 val_accuracy=0.597532 seconds=158.3 checkpoint=- ebops_trace_seconds=0.03 ebops_trace_over_epoch=0.001 loss=2.174846 host_rss_mb=2442
[epoch 7/7000] EBOPs=untraced in_training_ebops=6676594 target=250000 beta=1.4e-07 val_AUC=0.869253 val_accuracy=0.612758 seconds=153.1 checkpoint=- ebops_trace_seconds=0.02 ebops_trace_over_epoch=0.001 loss=1.977476 host_rss_mb=2461
[epoch 8/7000] EBOPs=untraced in_training_ebops=5053403 target=250000 beta=1.61e-07 val_AUC=0.877036 val_accuracy=0.618548 seconds=140.2 checkpoint=- ebops_trace_seconds=0.02 ebops_trace_over_epoch=0.001 loss=1.944160 host_rss_mb=2463
[epoch 9/7000] EBOPs=untraced in_training_ebops=4934116 target=250000 beta=1.42e-07 val_AUC=0.871018 val_accuracy=0.615048 seconds=133.1 checkpoint=- ebops_trace_seconds=0.03 ebops_trace_over_epoch=0.001 loss=1.718817 host_rss_mb=2473
[epoch 10/7000] EBOPs=3628533 target=250000 above_floor=3457007 feasible=0 degenerate=0 beta=1.61e-07 val_AUC=0.870990 val_accuracy=0.607468 seconds=320.2 checkpoint=- ebops_trace_seconds=189.00 ebops_trace_over_epoch=0.591 loss=1.719203 host_rss_mb=2492
[epoch 11/7000] EBOPs=untraced in_training_ebops=3939176 target=250000 beta=1.35e-07 val_AUC=0.872357 val_accuracy=0.610726 seconds=146.7 checkpoint=- ebops_trace_seconds=0.03 ebops_trace_over_epoch=0.001 loss=1.521136 host_rss_mb=2484
[epoch 12/7000] EBOPs=untraced in_training_ebops=3523983 target=250000 beta=1.68e-07 val_AUC=0.861080 val_accuracy=0.590774 seconds=159.5 checkpoint=- ebops_trace_seconds=0.02 ebops_trace_over_epoch=0.001 loss=1.671607 host_rss_mb=2509
[epoch 13/7000] EBOPs=untraced in_training_ebops=3229616 target=250000 beta=1.72e-07 val_AUC=0.849506 val_accuracy=0.555468 seconds=158.8 checkpoint=- ebops_trace_seconds=0.03 ebops_trace_over_epoch=0.001 loss=1.629409 host_rss_mb=2521
[epoch 14/7000] EBOPs=untraced in_training_ebops=2865244 target=250000 beta=1.79e-07 val_AUC=0.861521 val_accuracy=0.588274 seconds=159.1 checkpoint=- ebops_trace_seconds=0.03 ebops_trace_over_epoch=0.001 loss=1.607464 host_rss_mb=2528
[epoch 15/7000] EBOPs=untraced in_training_ebops=2521031 target=250000 beta=1.79e-07 val_AUC=0.693998 val_accuracy=0.484371 seconds=158.7 checkpoint=- ebops_trace_seconds=0.03 ebops_trace_over_epoch=0.001 loss=1.546711 host_rss_mb=2546
[epoch 16/7000] EBOPs=untraced in_training_ebops=2321215 target=250000 beta=1.77e-07 val_AUC=0.767922 val_accuracy=0.390000 seconds=158.5 checkpoint=- ebops_trace_seconds=0.03 ebops_trace_over_epoch=0.001 loss=1.496212 host_rss_mb=2554
[epoch 17/7000] EBOPs=untraced in_training_ebops=2252729 target=250000 beta=1.82e-07 val_AUC=0.723283 val_accuracy=0.322081 seconds=153.7 checkpoint=- ebops_trace_seconds=0.03 ebops_trace_over_epoch=0.001 loss=1.474201 host_rss_mb=2566
[epoch 18/7000] EBOPs=untraced in_training_ebops=2152751 target=250000 beta=1.98e-07 val_AUC=0.842443 val_accuracy=0.548790 seconds=140.9 checkpoint=- ebops_trace_seconds=0.02 ebops_trace_over_epoch=0.001 loss=1.495795 host_rss_mb=2573
[epoch 19/7000] EBOPs=untraced in_training_ebops=1999015 target=250000 beta=2.1e-07 val_AUC=0.803334 val_accuracy=0.525710 seconds=130.6 checkpoint=- ebops_trace_seconds=0.02 ebops_trace_over_epoch=0.001 loss=1.508682 host_rss_mb=2584
[epoch 20/7000] EBOPs=1757583 target=250000 above_floor=1586057 feasible=0 degenerate=0 beta=2.17e-07 val_AUC=0.832627 val_accuracy=0.530758 seconds=230.1 checkpoint=- ebops_trace_seconds=115.49 ebops_trace_over_epoch=0.502 loss=1.501549 host_rss_mb=2597
[epoch 21/7000] EBOPs=untraced in_training_ebops=1827979 target=250000 beta=2.1e-07 val_AUC=0.841242 val_accuracy=0.554790 seconds=38.2 checkpoint=epoch-0021 ebops_trace_seconds=0.00 ebops_trace_over_epoch=0.002 loss=1.493896 host_rss_mb=2613
CHECKPOINT_VERIFICATION_PASS {"index": 12, "name": "chang0926-b-n64-s5", "arm": "B", "seed": 5, "n_part": 64, "file": "chang0926-b-n64-s5.json", "production": true, "target_ebops": 250000, "zero_floor_ebops": 171526, "arch": {"d_model": 24, "n_heads": 2, "pos_enc": "none"}, "quant_set": "chang", "config_sha256": "b839b4d873fb1bd571072281bf7497529cbedaf716bf471d23007c971a9e9545", "status": "verified_canary", "completed_epochs": 21, "selected": {"epoch": 19, "val_macro_auc": 0.8326268369726165, "val_categorical_accuracy": 0.5307580645161291, "ebops": 1757583, "ebops_above_floor": 1586057}, "checkpoint": "model_min_ebops.keras", "checkpoint_sha256": "825eb48b1c3a16e133b9c453161fa6d512a60f1fd53bf5427d0a71db78762aee", "budget_met": false, "validation_accuracy": 0.5307580645161291, "validation_macro_auc": 0.8326268369726165, "validation_per_class_auc": [0.8430677089336583, 0.813760157235791, 0.7812643023199194, 0.8082812129255249, 0.9167608034481891], "wall_seconds_this_invocation": 3669.2486902326345, "test_set_used": false, "hardware_validated": false, "validation_labels_sha256": "63049d9bdcfdc83af97c58bc6579e1def1ec2d9e7a6c30007793badd75217709", "reload_ebops_check": "stored", "source_sha256": "041f981a9d5b8c3a7affb175d82de0ca2df9bc6261a172f67cb365c88b4bbd42", "selection_cost": 1757583, "selection_cost_convention": "native_hgq2", "native_hgq2_backbone_ebops": 1757583, "custom_estimated_bitops": 0, "modules": {}, "warning": "Augmented total is not directly interchangeable with historical native HGQ2 totals."}
WANDB_IMPORTED False
ARM_DONE chang0926-b-n64-s5 exit 0 wall_seconds 3669.5 utc 2026-09-29T11:01:02Z
