==== BENCH_ARM_ATTEMPT 0 2026-09-29T09:58:29Z phase p1-E-k16
ARM_CPUS n=32 requested 4-5,40,43-47,112-115,117-120,132-133,168,171-175,240-243,245-248 seen 4-5,40,43-47,112-115,117-120,132-133,168,171-175,240-243,245-248 OK
BENCH_ARM chang0926-a-n64-s8 tree /work/code devices ['/physical_device:GPU:0'] tf32_enabled False test_cpu False utc 2026-09-29T09:58:32Z
ARM_MANIFEST_SHA 041f981a9d5b8c3a7affb175d82de0ca2df9bc6261a172f67cb365c88b4bbd42 expected 041f981a9d5b8c3a7affb175d82de0ca2df9bc6261a172f67cb365c88b4bbd42 OK
BENCH_CACHE {"x_train": "420ac79dcece207aca849f6ca56e6426586023c9e02f38e5d3ac596fa74d79bc", "x_val": "7b56c1b25bc0d9231767f891ec52455ecb7c5656735fcf9d404104fd2c264d31", "y_train": "a5269398e2c6e5f1fc0db98e1a99a8befea619bf0c55531293d02a286c0dd378", "y_val": "63049d9bdcfdc83af97c58bc6579e1def1ec2d9e7a6c30007793badd75217709"}
[train] chang0926-a-n64-s8 params=31735 resume_epoch=0 initial_ebops=10944855
[epoch 1/7000] EBOPs=11305211 target=350000 above_floor=11133685 feasible=0 degenerate=0 beta=1e-07 val_AUC=0.863607 val_accuracy=0.594177 seconds=269.3 checkpoint=- ebops_trace_seconds=163.01 ebops_trace_over_epoch=0.606 loss=2.622791 host_rss_mb=2325
[epoch 2/7000] EBOPs=untraced in_training_ebops=12668842 target=350000 beta=1e-07 val_AUC=0.872525 val_accuracy=0.617177 seconds=118.2 checkpoint=- ebops_trace_seconds=0.02 ebops_trace_over_epoch=0.001 loss=2.238913 host_rss_mb=2401
[epoch 3/7000] EBOPs=untraced in_training_ebops=10064833 target=350000 beta=1.34e-07 val_AUC=0.889752 val_accuracy=0.659290 seconds=136.2 checkpoint=- ebops_trace_seconds=0.03 ebops_trace_over_epoch=0.001 loss=2.488738 host_rss_mb=2427
[epoch 4/7000] EBOPs=untraced in_training_ebops=9724330 target=350000 beta=1.26e-07 val_AUC=0.895574 val_accuracy=0.672855 seconds=156.9 checkpoint=- ebops_trace_seconds=0.03 ebops_trace_over_epoch=0.001 loss=2.219465 host_rss_mb=2448
[epoch 5/7000] EBOPs=untraced in_training_ebops=7641707 target=350000 beta=1.44e-07 val_AUC=0.891052 val_accuracy=0.658452 seconds=157.8 checkpoint=- ebops_trace_seconds=0.03 ebops_trace_over_epoch=0.001 loss=2.138284 host_rss_mb=2470
[epoch 6/7000] EBOPs=untraced in_training_ebops=6428374 target=350000 beta=1.32e-07 val_AUC=0.883923 val_accuracy=0.649565 seconds=157.6 checkpoint=- ebops_trace_seconds=0.03 ebops_trace_over_epoch=0.001 loss=1.925762 host_rss_mb=2492
[epoch 7/7000] EBOPs=untraced in_training_ebops=5834201 target=350000 beta=1.28e-07 val_AUC=0.888698 val_accuracy=0.645500 seconds=158.1 checkpoint=- ebops_trace_seconds=0.03 ebops_trace_over_epoch=0.001 loss=1.741060 host_rss_mb=2512
[epoch 8/7000] EBOPs=untraced in_training_ebops=5001512 target=350000 beta=1.34e-07 val_AUC=0.886527 val_accuracy=0.642210 seconds=155.6 checkpoint=- ebops_trace_seconds=0.03 ebops_trace_over_epoch=0.001 loss=1.694738 host_rss_mb=2525
[epoch 9/7000] EBOPs=untraced in_training_ebops=4559893 target=350000 beta=1.31e-07 val_AUC=0.875703 val_accuracy=0.620161 seconds=147.3 checkpoint=- ebops_trace_seconds=0.03 ebops_trace_over_epoch=0.001 loss=1.608909 host_rss_mb=2535
[epoch 10/7000] EBOPs=3767645 target=350000 above_floor=3596119 feasible=0 degenerate=0 beta=1.36e-07 val_AUC=0.884704 val_accuracy=0.641274 seconds=328.3 checkpoint=- ebops_trace_seconds=192.95 ebops_trace_over_epoch=0.588 loss=1.612811 host_rss_mb=2547
[epoch 11/7000] EBOPs=untraced in_training_ebops=3938373 target=350000 beta=1.27e-07 val_AUC=0.884133 val_accuracy=0.641129 seconds=126.0 checkpoint=- ebops_trace_seconds=0.02 ebops_trace_over_epoch=0.001 loss=1.493959 host_rss_mb=2510
[epoch 12/7000] EBOPs=untraced in_training_ebops=3434006 target=350000 beta=1.49e-07 val_AUC=0.873375 val_accuracy=0.604419 seconds=138.4 checkpoint=- ebops_trace_seconds=0.03 ebops_trace_over_epoch=0.001 loss=1.551584 host_rss_mb=2516
[epoch 13/7000] EBOPs=untraced in_training_ebops=2932838 target=350000 beta=1.46e-07 val_AUC=0.869441 val_accuracy=0.622145 seconds=157.4 checkpoint=- ebops_trace_seconds=0.03 ebops_trace_over_epoch=0.001 loss=1.473602 host_rss_mb=2522
[epoch 14/7000] EBOPs=untraced in_training_ebops=2740928 target=350000 beta=1.39e-07 val_AUC=0.869030 val_accuracy=0.578887 seconds=159.1 checkpoint=- ebops_trace_seconds=0.03 ebops_trace_over_epoch=0.001 loss=1.410897 host_rss_mb=2542
[epoch 15/7000] EBOPs=untraced in_training_ebops=2568869 target=350000 beta=1.44e-07 val_AUC=0.871707 val_accuracy=0.609339 seconds=158.7 checkpoint=- ebops_trace_seconds=0.04 ebops_trace_over_epoch=0.001 loss=1.383499 host_rss_mb=2560
[epoch 16/7000] EBOPs=untraced in_training_ebops=2431931 target=350000 beta=1.49e-07 val_AUC=0.878624 val_accuracy=0.628823 seconds=159.1 checkpoint=- ebops_trace_seconds=0.03 ebops_trace_over_epoch=0.001 loss=1.375696 host_rss_mb=2564
[epoch 17/7000] EBOPs=untraced in_training_ebops=2282526 target=350000 beta=1.55e-07 val_AUC=0.865561 val_accuracy=0.602613 seconds=158.5 checkpoint=- ebops_trace_seconds=0.03 ebops_trace_over_epoch=0.001 loss=1.383500 host_rss_mb=2571
[epoch 18/7000] EBOPs=untraced in_training_ebops=2098483 target=350000 beta=1.6e-07 val_AUC=0.862849 val_accuracy=0.584065 seconds=156.4 checkpoint=- ebops_trace_seconds=0.03 ebops_trace_over_epoch=0.001 loss=1.378627 host_rss_mb=2590
[epoch 19/7000] EBOPs=untraced in_training_ebops=1972331 target=350000 beta=1.61e-07 val_AUC=0.855427 val_accuracy=0.558387 seconds=148.2 checkpoint=- ebops_trace_seconds=0.02 ebops_trace_over_epoch=0.001 loss=1.368182 host_rss_mb=2605
[epoch 20/7000] EBOPs=1831866 target=350000 above_floor=1660340 feasible=0 degenerate=0 beta=1.65e-07 val_AUC=0.852330 val_accuracy=0.534161 seconds=307.4 checkpoint=- ebops_trace_seconds=174.90 ebops_trace_over_epoch=0.569 loss=1.361955 host_rss_mb=2617
[epoch 21/7000] EBOPs=untraced in_training_ebops=1873464 target=350000 beta=1.66e-07 val_AUC=0.858176 val_accuracy=0.585742 seconds=73.1 checkpoint=epoch-0021 ebops_trace_seconds=0.01 ebops_trace_over_epoch=0.001 loss=1.367552 host_rss_mb=2631
CHECKPOINT_VERIFICATION_PASS {"index": 7, "name": "chang0926-a-n64-s8", "arm": "A", "seed": 8, "n_part": 64, "file": "chang0926-a-n64-s8.json", "production": true, "target_ebops": 350000, "zero_floor_ebops": 171526, "arch": {"d_model": 24, "n_heads": 2, "pos_enc": "none"}, "quant_set": "chang", "config_sha256": "9a7166ad1466d9b37695de7c5cb9dd98d59be6dec05a47d8fcb540de2f8b2e4e", "status": "verified_canary", "completed_epochs": 21, "selected": {"epoch": 19, "val_macro_auc": 0.8523304538248905, "val_categorical_accuracy": 0.5341612903225806, "ebops": 1831866, "ebops_above_floor": 1660340}, "checkpoint": "model_min_ebops.keras", "checkpoint_sha256": "f0e425b27e82e5e91353768b3be34a71f1b15326bb9878cc4304933c1a4e20ac", "budget_met": false, "validation_accuracy": 0.5341612903225806, "validation_macro_auc": 0.8523304538248905, "validation_per_class_auc": [0.8526208337674748, 0.8521370360428433, 0.8081089912578352, 0.8311845567087817, 0.9176008513475176], "wall_seconds_this_invocation": 3679.8070341683924, "test_set_used": false, "hardware_validated": false, "validation_labels_sha256": "63049d9bdcfdc83af97c58bc6579e1def1ec2d9e7a6c30007793badd75217709", "reload_ebops_check": "stored", "source_sha256": "041f981a9d5b8c3a7affb175d82de0ca2df9bc6261a172f67cb365c88b4bbd42", "selection_cost": 1831866, "selection_cost_convention": "native_hgq2", "native_hgq2_backbone_ebops": 1831866, "custom_estimated_bitops": 0, "modules": {}, "warning": "Augmented total is not directly interchangeable with historical native HGQ2 totals."}
WANDB_IMPORTED False
ARM_DONE chang0926-a-n64-s8 exit 0 wall_seconds 3680.0 utc 2026-09-29T10:59:53Z
