==== BENCH_ARM_ATTEMPT 0 2026-09-29T09:57:59Z phase p1-E-k16
ARM_CPUS n=32 requested 4-5,40,43-47,112-115,117-120,132-133,168,171-175,240-243,245-248 seen 4-5,40,43-47,112-115,117-120,132-133,168,171-175,240-243,245-248 OK
BENCH_ARM chang0926-a-n64-s6 tree /work/code devices ['/physical_device:GPU:0'] tf32_enabled False test_cpu False utc 2026-09-29T09:58:02Z
ARM_MANIFEST_SHA 041f981a9d5b8c3a7affb175d82de0ca2df9bc6261a172f67cb365c88b4bbd42 expected 041f981a9d5b8c3a7affb175d82de0ca2df9bc6261a172f67cb365c88b4bbd42 OK
BENCH_CACHE {"x_train": "420ac79dcece207aca849f6ca56e6426586023c9e02f38e5d3ac596fa74d79bc", "x_val": "7b56c1b25bc0d9231767f891ec52455ecb7c5656735fcf9d404104fd2c264d31", "y_train": "a5269398e2c6e5f1fc0db98e1a99a8befea619bf0c55531293d02a286c0dd378", "y_val": "63049d9bdcfdc83af97c58bc6579e1def1ec2d9e7a6c30007793badd75217709"}
[train] chang0926-a-n64-s6 params=31735 resume_epoch=0 initial_ebops=11231809
[epoch 1/7000] EBOPs=11496582 target=350000 above_floor=11325056 feasible=0 degenerate=0 beta=1e-07 val_AUC=0.831322 val_accuracy=0.555323 seconds=213.5 checkpoint=- ebops_trace_seconds=140.68 ebops_trace_over_epoch=0.659 loss=2.672223 host_rss_mb=2326
[epoch 2/7000] EBOPs=untraced in_training_ebops=12548547 target=350000 beta=1e-07 val_AUC=0.877949 val_accuracy=0.625710 seconds=119.7 checkpoint=- ebops_trace_seconds=0.02 ebops_trace_over_epoch=0.001 loss=2.257085 host_rss_mb=2354
[epoch 3/7000] EBOPs=untraced in_training_ebops=10348892 target=350000 beta=1.31e-07 val_AUC=0.861192 val_accuracy=0.590500 seconds=118.3 checkpoint=- ebops_trace_seconds=0.03 ebops_trace_over_epoch=0.001 loss=2.515592 host_rss_mb=2381
[epoch 4/7000] EBOPs=untraced in_training_ebops=9567943 target=350000 beta=1.28e-07 val_AUC=0.887070 val_accuracy=0.638774 seconds=140.9 checkpoint=- ebops_trace_seconds=0.03 ebops_trace_over_epoch=0.001 loss=2.272164 host_rss_mb=2401
[epoch 5/7000] EBOPs=untraced in_training_ebops=7721405 target=350000 beta=1.39e-07 val_AUC=0.892578 val_accuracy=0.656016 seconds=157.7 checkpoint=- ebops_trace_seconds=0.03 ebops_trace_over_epoch=0.001 loss=2.094057 host_rss_mb=2426
[epoch 6/7000] EBOPs=untraced in_training_ebops=6480216 target=350000 beta=1.31e-07 val_AUC=0.882719 val_accuracy=0.642548 seconds=158.3 checkpoint=- ebops_trace_seconds=0.02 ebops_trace_over_epoch=0.001 loss=1.947750 host_rss_mb=2443
[epoch 7/7000] EBOPs=untraced in_training_ebops=5794234 target=350000 beta=1.27e-07 val_AUC=0.888005 val_accuracy=0.654065 seconds=158.2 checkpoint=- ebops_trace_seconds=0.03 ebops_trace_over_epoch=0.001 loss=1.731673 host_rss_mb=2463
[epoch 8/7000] EBOPs=untraced in_training_ebops=5106811 target=350000 beta=1.31e-07 val_AUC=0.885397 val_accuracy=0.636016 seconds=158.0 checkpoint=- ebops_trace_seconds=0.03 ebops_trace_over_epoch=0.001 loss=1.684563 host_rss_mb=2481
[epoch 9/7000] EBOPs=untraced in_training_ebops=4547577 target=350000 beta=1.32e-07 val_AUC=0.873701 val_accuracy=0.617774 seconds=154.9 checkpoint=- ebops_trace_seconds=0.03 ebops_trace_over_epoch=0.001 loss=1.596768 host_rss_mb=2493
[epoch 10/7000] EBOPs=3653524 target=350000 above_floor=3481998 feasible=0 degenerate=0 beta=1.34e-07 val_AUC=0.872352 val_accuracy=0.615758 seconds=343.8 checkpoint=- ebops_trace_seconds=198.56 ebops_trace_over_epoch=0.578 loss=1.564219 host_rss_mb=2512
[epoch 11/7000] EBOPs=untraced in_training_ebops=3606260 target=350000 beta=1.21e-07 val_AUC=0.855584 val_accuracy=0.578968 seconds=127.4 checkpoint=- ebops_trace_seconds=0.03 ebops_trace_over_epoch=0.001 loss=1.422938 host_rss_mb=2515
[epoch 12/7000] EBOPs=untraced in_training_ebops=3350197 target=350000 beta=1.34e-07 val_AUC=0.860586 val_accuracy=0.604161 seconds=125.7 checkpoint=- ebops_trace_seconds=0.02 ebops_trace_over_epoch=0.001 loss=1.462955 host_rss_mb=2530
[epoch 13/7000] EBOPs=untraced in_training_ebops=2919088 target=350000 beta=1.39e-07 val_AUC=0.878650 val_accuracy=0.626661 seconds=142.1 checkpoint=- ebops_trace_seconds=0.02 ebops_trace_over_epoch=0.001 loss=1.449507 host_rss_mb=2543
[epoch 14/7000] EBOPs=untraced in_training_ebops=2734458 target=350000 beta=1.35e-07 val_AUC=0.863442 val_accuracy=0.589677 seconds=159.7 checkpoint=- ebops_trace_seconds=0.03 ebops_trace_over_epoch=0.001 loss=1.415037 host_rss_mb=2553
[epoch 15/7000] EBOPs=untraced in_training_ebops=2617846 target=350000 beta=1.4e-07 val_AUC=0.862763 val_accuracy=0.590661 seconds=159.1 checkpoint=- ebops_trace_seconds=0.03 ebops_trace_over_epoch=0.001 loss=1.406358 host_rss_mb=2558
[epoch 16/7000] EBOPs=untraced in_training_ebops=2385282 target=350000 beta=1.48e-07 val_AUC=0.861393 val_accuracy=0.597081 seconds=158.8 checkpoint=- ebops_trace_seconds=0.03 ebops_trace_over_epoch=0.001 loss=1.404936 host_rss_mb=2569
[epoch 17/7000] EBOPs=untraced in_training_ebops=2119144 target=350000 beta=1.49e-07 val_AUC=0.860453 val_accuracy=0.596919 seconds=159.5 checkpoint=- ebops_trace_seconds=0.03 ebops_trace_over_epoch=0.001 loss=1.383192 host_rss_mb=2574
[epoch 18/7000] EBOPs=untraced in_training_ebops=1989803 target=350000 beta=1.45e-07 val_AUC=0.856110 val_accuracy=0.588500 seconds=158.7 checkpoint=- ebops_trace_seconds=0.03 ebops_trace_over_epoch=0.001 loss=1.347630 host_rss_mb=2577
[epoch 19/7000] EBOPs=untraced in_training_ebops=1826523 target=350000 beta=1.48e-07 val_AUC=0.860128 val_accuracy=0.577500 seconds=155.2 checkpoint=- ebops_trace_seconds=0.03 ebops_trace_over_epoch=0.001 loss=1.355570 host_rss_mb=2586
[epoch 20/7000] EBOPs=1675274 target=350000 above_floor=1503748 feasible=0 degenerate=0 beta=1.48e-07 val_AUC=0.868220 val_accuracy=0.608129 seconds=336.8 checkpoint=- ebops_trace_seconds=192.05 ebops_trace_over_epoch=0.571 loss=1.311570 host_rss_mb=2600
[epoch 21/7000] EBOPs=untraced in_training_ebops=1592241 target=350000 beta=1.46e-07 val_AUC=0.827287 val_accuracy=0.490677 seconds=104.7 checkpoint=epoch-0021 ebops_trace_seconds=0.02 ebops_trace_over_epoch=0.001 loss=1.322726 host_rss_mb=2609
CHECKPOINT_VERIFICATION_PASS {"index": 5, "name": "chang0926-a-n64-s6", "arm": "A", "seed": 6, "n_part": 64, "file": "chang0926-a-n64-s6.json", "production": true, "target_ebops": 350000, "zero_floor_ebops": 171526, "arch": {"d_model": 24, "n_heads": 2, "pos_enc": "none"}, "quant_set": "chang", "config_sha256": "e6cb3fdcdb73ece35e322274286db7f6a335047ed0ba3c55cf6d1af3988998dc", "status": "verified_canary", "completed_epochs": 21, "selected": {"epoch": 19, "val_macro_auc": 0.8682195524853655, "val_categorical_accuracy": 0.6081290322580645, "ebops": 1675274, "ebops_above_floor": 1503748}, "checkpoint": "model_min_ebops.keras", "checkpoint_sha256": "05481ebc00f038d8db4c30ba6937f8aa8d8da8983660c5e186a9a81dc1408c9f", "budget_met": false, "validation_accuracy": 0.6081290322580645, "validation_macro_auc": 0.8682195524853655, "validation_per_class_auc": [0.8903311336191546, 0.8467541815924754, 0.8422034955499618, 0.8374789659615691, 0.9243299857036664], "wall_seconds_this_invocation": 3649.25232459791, "test_set_used": false, "hardware_validated": false, "validation_labels_sha256": "63049d9bdcfdc83af97c58bc6579e1def1ec2d9e7a6c30007793badd75217709", "reload_ebops_check": "stored", "source_sha256": "041f981a9d5b8c3a7affb175d82de0ca2df9bc6261a172f67cb365c88b4bbd42", "selection_cost": 1675274, "selection_cost_convention": "native_hgq2", "native_hgq2_backbone_ebops": 1675274, "custom_estimated_bitops": 0, "modules": {}, "warning": "Augmented total is not directly interchangeable with historical native HGQ2 totals."}
WANDB_IMPORTED False
ARM_DONE chang0926-a-n64-s6 exit 0 wall_seconds 3649.4 utc 2026-09-29T10:58:53Z
