==== BENCH_ARM_ATTEMPT 0 2026-09-29T09:56:43Z phase p1-E-k16
ARM_CPUS n=32 requested 4-5,40,43-47,112-115,117-120,132-133,168,171-175,240-243,245-248 seen 4-5,40,43-47,112-115,117-120,132-133,168,171-175,240-243,245-248 OK
BENCH_ARM chang0926-a-n64-s1 tree /work/code devices ['/physical_device:GPU:0'] tf32_enabled False test_cpu False utc 2026-09-29T09:56:49Z
ARM_MANIFEST_SHA 041f981a9d5b8c3a7affb175d82de0ca2df9bc6261a172f67cb365c88b4bbd42 expected 041f981a9d5b8c3a7affb175d82de0ca2df9bc6261a172f67cb365c88b4bbd42 OK
BENCH_CACHE {"x_train": "420ac79dcece207aca849f6ca56e6426586023c9e02f38e5d3ac596fa74d79bc", "x_val": "7b56c1b25bc0d9231767f891ec52455ecb7c5656735fcf9d404104fd2c264d31", "y_train": "a5269398e2c6e5f1fc0db98e1a99a8befea619bf0c55531293d02a286c0dd378", "y_val": "63049d9bdcfdc83af97c58bc6579e1def1ec2d9e7a6c30007793badd75217709"}
[train] chang0926-a-n64-s1 params=31735 resume_epoch=0 initial_ebops=11559681
[epoch 1/7000] EBOPs=11871125 target=350000 above_floor=11699599 feasible=0 degenerate=0 beta=1e-07 val_AUC=0.824792 val_accuracy=0.535726 seconds=139.5 checkpoint=- ebops_trace_seconds=96.26 ebops_trace_over_epoch=0.691 loss=2.710576 host_rss_mb=2318
[epoch 2/7000] EBOPs=untraced in_training_ebops=12885618 target=350000 beta=1e-07 val_AUC=0.882216 val_accuracy=0.640065 seconds=85.6 checkpoint=- ebops_trace_seconds=0.01 ebops_trace_over_epoch=0.001 loss=2.291582 host_rss_mb=2390
[epoch 3/7000] EBOPs=untraced in_training_ebops=10308522 target=350000 beta=1.3e-07 val_AUC=0.877047 val_accuracy=0.636806 seconds=111.9 checkpoint=- ebops_trace_seconds=0.02 ebops_trace_over_epoch=0.001 loss=2.489136 host_rss_mb=2411
[epoch 4/7000] EBOPs=untraced in_training_ebops=9782324 target=350000 beta=1.23e-07 val_AUC=0.890951 val_accuracy=0.669097 seconds=118.0 checkpoint=- ebops_trace_seconds=0.02 ebops_trace_over_epoch=0.001 loss=2.250443 host_rss_mb=2432
[epoch 5/7000] EBOPs=untraced in_training_ebops=8016567 target=350000 beta=1.38e-07 val_AUC=0.886361 val_accuracy=0.613177 seconds=128.0 checkpoint=- ebops_trace_seconds=0.03 ebops_trace_over_epoch=0.001 loss=2.113964 host_rss_mb=2454
[epoch 6/7000] EBOPs=untraced in_training_ebops=6687590 target=350000 beta=1.32e-07 val_AUC=0.882713 val_accuracy=0.641823 seconds=150.1 checkpoint=- ebops_trace_seconds=0.03 ebops_trace_over_epoch=0.001 loss=2.016978 host_rss_mb=2466
[epoch 7/7000] EBOPs=untraced in_training_ebops=6225121 target=350000 beta=1.28e-07 val_AUC=0.873393 val_accuracy=0.594065 seconds=157.8 checkpoint=- ebops_trace_seconds=0.02 ebops_trace_over_epoch=0.001 loss=1.816775 host_rss_mb=2479
[epoch 8/7000] EBOPs=untraced in_training_ebops=5127868 target=350000 beta=1.37e-07 val_AUC=0.875181 val_accuracy=0.633097 seconds=158.2 checkpoint=- ebops_trace_seconds=0.03 ebops_trace_over_epoch=0.001 loss=1.781127 host_rss_mb=2499
[epoch 9/7000] EBOPs=untraced in_training_ebops=4853427 target=350000 beta=1.3e-07 val_AUC=0.868832 val_accuracy=0.601629 seconds=159.5 checkpoint=- ebops_trace_seconds=0.03 ebops_trace_over_epoch=0.001 loss=1.639553 host_rss_mb=2513
[epoch 10/7000] EBOPs=3664433 target=350000 above_floor=3492907 feasible=0 degenerate=0 beta=1.4e-07 val_AUC=0.883395 val_accuracy=0.636290 seconds=379.4 checkpoint=- ebops_trace_seconds=220.81 ebops_trace_over_epoch=0.582 loss=1.642381 host_rss_mb=2523
[epoch 11/7000] EBOPs=untraced in_training_ebops=4084033 target=350000 beta=1.19e-07 val_AUC=0.880349 val_accuracy=0.636387 seconds=135.3 checkpoint=- ebops_trace_seconds=0.02 ebops_trace_over_epoch=0.001 loss=1.453727 host_rss_mb=2491
[epoch 12/7000] EBOPs=untraced in_training_ebops=3749677 target=350000 beta=1.5e-07 val_AUC=0.874298 val_accuracy=0.624048 seconds=135.8 checkpoint=- ebops_trace_seconds=0.02 ebops_trace_over_epoch=0.001 loss=1.585879 host_rss_mb=2513
[epoch 13/7000] EBOPs=untraced in_training_ebops=3113752 target=350000 beta=1.55e-07 val_AUC=0.871093 val_accuracy=0.623242 seconds=126.1 checkpoint=- ebops_trace_seconds=0.02 ebops_trace_over_epoch=0.001 loss=1.587379 host_rss_mb=2518
[epoch 14/7000] EBOPs=untraced in_training_ebops=2777955 target=350000 beta=1.43e-07 val_AUC=0.873610 val_accuracy=0.622242 seconds=132.1 checkpoint=- ebops_trace_seconds=0.03 ebops_trace_over_epoch=0.001 loss=1.459678 host_rss_mb=2534
[epoch 15/7000] EBOPs=untraced in_training_ebops=2594425 target=350000 beta=1.42e-07 val_AUC=0.869444 val_accuracy=0.604742 seconds=153.4 checkpoint=- ebops_trace_seconds=0.03 ebops_trace_over_epoch=0.001 loss=1.418056 host_rss_mb=2534
[epoch 16/7000] EBOPs=untraced in_training_ebops=2303541 target=350000 beta=1.46e-07 val_AUC=0.858349 val_accuracy=0.521403 seconds=161.5 checkpoint=- ebops_trace_seconds=0.03 ebops_trace_over_epoch=0.001 loss=1.407477 host_rss_mb=2543
[epoch 17/7000] EBOPs=untraced in_training_ebops=2237674 target=350000 beta=1.43e-07 val_AUC=0.860632 val_accuracy=0.598306 seconds=160.1 checkpoint=- ebops_trace_seconds=0.03 ebops_trace_over_epoch=0.001 loss=1.363594 host_rss_mb=2544
[epoch 18/7000] EBOPs=untraced in_training_ebops=2036949 target=350000 beta=1.52e-07 val_AUC=0.863549 val_accuracy=0.612210 seconds=161.2 checkpoint=- ebops_trace_seconds=0.03 ebops_trace_over_epoch=0.001 loss=1.378414 host_rss_mb=2560
[epoch 19/7000] EBOPs=untraced in_training_ebops=1905107 target=350000 beta=1.51e-07 val_AUC=0.858522 val_accuracy=0.576355 seconds=160.0 checkpoint=- ebops_trace_seconds=0.03 ebops_trace_over_epoch=0.001 loss=1.362288 host_rss_mb=2567
[epoch 20/7000] EBOPs=1770675 target=350000 above_floor=1599149 feasible=0 degenerate=0 beta=1.54e-07 val_AUC=0.854825 val_accuracy=0.589565 seconds=379.1 checkpoint=- ebops_trace_seconds=220.42 ebops_trace_over_epoch=0.582 loss=1.325402 host_rss_mb=2582
[epoch 21/7000] EBOPs=untraced in_training_ebops=1833839 target=350000 beta=1.55e-07 val_AUC=0.868628 val_accuracy=0.604113 seconds=133.2 checkpoint=epoch-0021 ebops_trace_seconds=0.02 ebops_trace_over_epoch=0.001 loss=1.339820 host_rss_mb=2598
CHECKPOINT_VERIFICATION_PASS {"index": 0, "name": "chang0926-a-n64-s1", "arm": "A", "seed": 1, "n_part": 64, "file": "chang0926-a-n64-s1.json", "production": true, "target_ebops": 350000, "zero_floor_ebops": 171526, "arch": {"d_model": 24, "n_heads": 2, "pos_enc": "none"}, "quant_set": "chang", "config_sha256": "d47d6799702cf67a49baa333aa2204b17a384289f32b106eb30433db8b2dec94", "status": "verified_canary", "completed_epochs": 21, "selected": {"epoch": 19, "val_macro_auc": 0.8548245028897565, "val_categorical_accuracy": 0.5895645161290323, "ebops": 1770675, "ebops_above_floor": 1599149}, "checkpoint": "model_min_ebops.keras", "checkpoint_sha256": "b390fd621d44330a68d5bf92990ec03450403bd217b272280b004175948c9185", "budget_met": false, "validation_accuracy": 0.5895645161290323, "validation_macro_auc": 0.8548245028897565, "validation_per_class_auc": [0.8635323538694539, 0.8212408759092219, 0.8437819341823785, 0.8295105078957584, 0.9160568425919695], "wall_seconds_this_invocation": 3560.7373464088887, "test_set_used": false, "hardware_validated": false, "validation_labels_sha256": "63049d9bdcfdc83af97c58bc6579e1def1ec2d9e7a6c30007793badd75217709", "reload_ebops_check": "stored", "source_sha256": "041f981a9d5b8c3a7affb175d82de0ca2df9bc6261a172f67cb365c88b4bbd42", "selection_cost": 1770675, "selection_cost_convention": "native_hgq2", "native_hgq2_backbone_ebops": 1770675, "custom_estimated_bitops": 0, "modules": {}, "warning": "Augmented total is not directly interchangeable with historical native HGQ2 totals."}
WANDB_IMPORTED False
ARM_DONE chang0926-a-n64-s1 exit 0 wall_seconds 3560.9 utc 2026-09-29T10:56:11Z
