==== BENCH_ARM_ATTEMPT 0 2026-09-29T09:59:29Z phase p1-E-k16
ARM_CPUS n=32 requested 4-5,40,43-47,112-115,117-120,132-133,168,171-175,240-243,245-248 seen 4-5,40,43-47,112-115,117-120,132-133,168,171-175,240-243,245-248 OK
BENCH_ARM chang0926-b-n64-s4 tree /work/code devices ['/physical_device:GPU:0'] tf32_enabled False test_cpu False utc 2026-09-29T09:59:34Z
ARM_MANIFEST_SHA 041f981a9d5b8c3a7affb175d82de0ca2df9bc6261a172f67cb365c88b4bbd42 expected 041f981a9d5b8c3a7affb175d82de0ca2df9bc6261a172f67cb365c88b4bbd42 OK
BENCH_CACHE {"x_train": "420ac79dcece207aca849f6ca56e6426586023c9e02f38e5d3ac596fa74d79bc", "x_val": "7b56c1b25bc0d9231767f891ec52455ecb7c5656735fcf9d404104fd2c264d31", "y_train": "a5269398e2c6e5f1fc0db98e1a99a8befea619bf0c55531293d02a286c0dd378", "y_val": "63049d9bdcfdc83af97c58bc6579e1def1ec2d9e7a6c30007793badd75217709"}
[train] chang0926-b-n64-s4 params=31735 resume_epoch=0 initial_ebops=11205067
[epoch 1/7000] EBOPs=11230433 target=250000 above_floor=11058907 feasible=0 degenerate=0 beta=1e-07 val_AUC=0.804059 val_accuracy=0.510984 seconds=312.0 checkpoint=- ebops_trace_seconds=177.13 ebops_trace_over_epoch=0.568 loss=2.626766 host_rss_mb=2308
[epoch 2/7000] EBOPs=untraced in_training_ebops=12299520 target=250000 beta=1e-07 val_AUC=0.863799 val_accuracy=0.592081 seconds=141.2 checkpoint=- ebops_trace_seconds=0.02 ebops_trace_over_epoch=0.001 loss=2.300386 host_rss_mb=2340
[epoch 3/7000] EBOPs=untraced in_training_ebops=9999141 target=250000 beta=1.33e-07 val_AUC=0.857677 val_accuracy=0.564935 seconds=157.5 checkpoint=- ebops_trace_seconds=0.02 ebops_trace_over_epoch=0.001 loss=2.522721 host_rss_mb=2361
[epoch 4/7000] EBOPs=untraced in_training_ebops=9174400 target=250000 beta=1.3e-07 val_AUC=0.875272 val_accuracy=0.618548 seconds=158.2 checkpoint=- ebops_trace_seconds=0.03 ebops_trace_over_epoch=0.001 loss=2.312296 host_rss_mb=2383
[epoch 5/7000] EBOPs=untraced in_training_ebops=7563339 target=250000 beta=1.43e-07 val_AUC=0.883998 val_accuracy=0.633806 seconds=158.1 checkpoint=- ebops_trace_seconds=0.03 ebops_trace_over_epoch=0.001 loss=2.128769 host_rss_mb=2413
[epoch 6/7000] EBOPs=untraced in_training_ebops=6019279 target=250000 beta=1.4e-07 val_AUC=0.879651 val_accuracy=0.610435 seconds=158.0 checkpoint=- ebops_trace_seconds=0.03 ebops_trace_over_epoch=0.001 loss=1.966784 host_rss_mb=2434
[epoch 7/7000] EBOPs=untraced in_training_ebops=5242838 target=250000 beta=1.3e-07 val_AUC=0.876059 val_accuracy=0.629855 seconds=154.7 checkpoint=- ebops_trace_seconds=0.02 ebops_trace_over_epoch=0.001 loss=1.730989 host_rss_mb=2457
[epoch 8/7000] EBOPs=untraced in_training_ebops=4486011 target=250000 beta=1.32e-07 val_AUC=0.879151 val_accuracy=0.615919 seconds=144.2 checkpoint=- ebops_trace_seconds=0.02 ebops_trace_over_epoch=0.001 loss=1.635126 host_rss_mb=2467
[epoch 9/7000] EBOPs=untraced in_training_ebops=4183914 target=250000 beta=1.31e-07 val_AUC=0.884817 val_accuracy=0.639790 seconds=132.7 checkpoint=- ebops_trace_seconds=0.02 ebops_trace_over_epoch=0.001 loss=1.540917 host_rss_mb=2486
[epoch 10/7000] EBOPs=3388995 target=250000 above_floor=3217469 feasible=0 degenerate=0 beta=1.4e-07 val_AUC=0.882223 val_accuracy=0.647452 seconds=320.5 checkpoint=- ebops_trace_seconds=185.77 ebops_trace_over_epoch=0.580 loss=1.547205 host_rss_mb=2489
[epoch 11/7000] EBOPs=untraced in_training_ebops=3537359 target=250000 beta=1.3e-07 val_AUC=0.870285 val_accuracy=0.601258 seconds=142.6 checkpoint=- ebops_trace_seconds=0.03 ebops_trace_over_epoch=0.001 loss=1.463373 host_rss_mb=2488
[epoch 12/7000] EBOPs=untraced in_training_ebops=3094775 target=250000 beta=1.54e-07 val_AUC=0.872684 val_accuracy=0.625113 seconds=159.8 checkpoint=- ebops_trace_seconds=0.03 ebops_trace_over_epoch=0.001 loss=1.514425 host_rss_mb=2507
[epoch 13/7000] EBOPs=untraced in_training_ebops=2645149 target=250000 beta=1.53e-07 val_AUC=0.876488 val_accuracy=0.619242 seconds=159.2 checkpoint=- ebops_trace_seconds=0.03 ebops_trace_over_epoch=0.001 loss=1.433565 host_rss_mb=2520
[epoch 14/7000] EBOPs=untraced in_training_ebops=2364604 target=250000 beta=1.47e-07 val_AUC=0.865731 val_accuracy=0.599629 seconds=158.9 checkpoint=- ebops_trace_seconds=0.03 ebops_trace_over_epoch=0.001 loss=1.406668 host_rss_mb=2537
[epoch 15/7000] EBOPs=untraced in_training_ebops=2155840 target=250000 beta=1.47e-07 val_AUC=0.862827 val_accuracy=0.603097 seconds=159.3 checkpoint=- ebops_trace_seconds=0.03 ebops_trace_over_epoch=0.001 loss=1.360551 host_rss_mb=2555
[epoch 16/7000] EBOPs=untraced in_training_ebops=1986724 target=250000 beta=1.5e-07 val_AUC=0.859601 val_accuracy=0.604371 seconds=158.7 checkpoint=- ebops_trace_seconds=0.03 ebops_trace_over_epoch=0.001 loss=1.355472 host_rss_mb=2564
[epoch 17/7000] EBOPs=untraced in_training_ebops=1853056 target=250000 beta=1.53e-07 val_AUC=0.857235 val_accuracy=0.577935 seconds=155.1 checkpoint=- ebops_trace_seconds=0.03 ebops_trace_over_epoch=0.001 loss=1.347467 host_rss_mb=2580
[epoch 18/7000] EBOPs=untraced in_training_ebops=1669907 target=250000 beta=1.58e-07 val_AUC=0.854822 val_accuracy=0.592339 seconds=145.1 checkpoint=- ebops_trace_seconds=0.02 ebops_trace_over_epoch=0.001 loss=1.357499 host_rss_mb=2594
[epoch 19/7000] EBOPs=untraced in_training_ebops=1485437 target=250000 beta=1.56e-07 val_AUC=0.858072 val_accuracy=0.586806 seconds=131.7 checkpoint=- ebops_trace_seconds=0.02 ebops_trace_over_epoch=0.001 loss=1.312047 host_rss_mb=2599
[epoch 20/7000] EBOPs=1478134 target=250000 above_floor=1306608 feasible=0 degenerate=0 beta=1.52e-07 val_AUC=0.845245 val_accuracy=0.552403 seconds=241.5 checkpoint=- ebops_trace_seconds=121.92 ebops_trace_over_epoch=0.505 loss=1.274277 host_rss_mb=2605
[epoch 21/7000] EBOPs=untraced in_training_ebops=1359615 target=250000 beta=1.65e-07 val_AUC=0.851545 val_accuracy=0.569597 seconds=44.9 checkpoint=epoch-0021 ebops_trace_seconds=0.00 ebops_trace_over_epoch=0.002 loss=1.307761 host_rss_mb=2608
CHECKPOINT_VERIFICATION_PASS {"index": 11, "name": "chang0926-b-n64-s4", "arm": "B", "seed": 4, "n_part": 64, "file": "chang0926-b-n64-s4.json", "production": true, "target_ebops": 250000, "zero_floor_ebops": 171526, "arch": {"d_model": 24, "n_heads": 2, "pos_enc": "none"}, "quant_set": "chang", "config_sha256": "c6ef6a8ff3b70114a4bd28a93903f7b10b87339c47b616212bc414e5154068b5", "status": "verified_canary", "completed_epochs": 21, "selected": {"epoch": 19, "val_macro_auc": 0.8452451529578576, "val_categorical_accuracy": 0.5524032258064516, "ebops": 1478134, "ebops_above_floor": 1306608}, "checkpoint": "model_min_ebops.keras", "checkpoint_sha256": "9560b83562552cedaecc385dda30586fb8d3d0875807926de90b25b0196b38e3", "budget_met": false, "validation_accuracy": 0.5524032258064516, "validation_macro_auc": 0.8452451529578576, "validation_per_class_auc": [0.8473595839714301, 0.8362023275297533, 0.8084876708724202, 0.8206356727527714, 0.9135405096629127], "wall_seconds_this_invocation": 3679.7830018661916, "test_set_used": false, "hardware_validated": false, "validation_labels_sha256": "63049d9bdcfdc83af97c58bc6579e1def1ec2d9e7a6c30007793badd75217709", "reload_ebops_check": "stored", "source_sha256": "041f981a9d5b8c3a7affb175d82de0ca2df9bc6261a172f67cb365c88b4bbd42", "selection_cost": 1478134, "selection_cost_convention": "native_hgq2", "native_hgq2_backbone_ebops": 1478134, "custom_estimated_bitops": 0, "modules": {}, "warning": "Augmented total is not directly interchangeable with historical native HGQ2 totals."}
WANDB_IMPORTED False
ARM_DONE chang0926-b-n64-s4 exit 0 wall_seconds 3679.9 utc 2026-09-29T11:00:55Z
