==== BENCH_ARM_ATTEMPT 0 2026-09-29T09:58:44Z phase p1-E-k16
ARM_CPUS n=32 requested 4-5,40,43-47,112-115,117-120,132-133,168,171-175,240-243,245-248 seen 4-5,40,43-47,112-115,117-120,132-133,168,171-175,240-243,245-248 OK
BENCH_ARM chang0926-b-n64-s1 tree /work/code devices ['/physical_device:GPU:0'] tf32_enabled False test_cpu False utc 2026-09-29T09:58:49Z
ARM_MANIFEST_SHA 041f981a9d5b8c3a7affb175d82de0ca2df9bc6261a172f67cb365c88b4bbd42 expected 041f981a9d5b8c3a7affb175d82de0ca2df9bc6261a172f67cb365c88b4bbd42 OK
BENCH_CACHE {"x_train": "420ac79dcece207aca849f6ca56e6426586023c9e02f38e5d3ac596fa74d79bc", "x_val": "7b56c1b25bc0d9231767f891ec52455ecb7c5656735fcf9d404104fd2c264d31", "y_train": "a5269398e2c6e5f1fc0db98e1a99a8befea619bf0c55531293d02a286c0dd378", "y_val": "63049d9bdcfdc83af97c58bc6579e1def1ec2d9e7a6c30007793badd75217709"}
[train] chang0926-b-n64-s1 params=31735 resume_epoch=0 initial_ebops=11559681
[epoch 1/7000] EBOPs=11757799 target=250000 above_floor=11586273 feasible=0 degenerate=0 beta=1e-07 val_AUC=0.843081 val_accuracy=0.560290 seconds=289.3 checkpoint=- ebops_trace_seconds=176.44 ebops_trace_over_epoch=0.610 loss=2.705037 host_rss_mb=2305
[epoch 2/7000] EBOPs=untraced in_training_ebops=12789608 target=250000 beta=1e-07 val_AUC=0.873362 val_accuracy=0.619290 seconds=127.3 checkpoint=- ebops_trace_seconds=0.03 ebops_trace_over_epoch=0.001 loss=2.293327 host_rss_mb=2379
[epoch 3/7000] EBOPs=untraced in_training_ebops=10195019 target=250000 beta=1.32e-07 val_AUC=0.853876 val_accuracy=0.602903 seconds=149.3 checkpoint=- ebops_trace_seconds=0.03 ebops_trace_over_epoch=0.001 loss=2.522994 host_rss_mb=2400
[epoch 4/7000] EBOPs=untraced in_training_ebops=9789906 target=250000 beta=1.27e-07 val_AUC=0.878369 val_accuracy=0.625597 seconds=158.8 checkpoint=- ebops_trace_seconds=0.03 ebops_trace_over_epoch=0.001 loss=2.330100 host_rss_mb=2425
[epoch 5/7000] EBOPs=untraced in_training_ebops=8105388 target=250000 beta=1.47e-07 val_AUC=0.854003 val_accuracy=0.625323 seconds=159.1 checkpoint=- ebops_trace_seconds=0.03 ebops_trace_over_epoch=0.001 loss=2.217624 host_rss_mb=2444
[epoch 6/7000] EBOPs=untraced in_training_ebops=6510496 target=250000 beta=1.44e-07 val_AUC=0.766260 val_accuracy=0.550032 seconds=160.0 checkpoint=- ebops_trace_seconds=0.03 ebops_trace_over_epoch=0.001 loss=2.081402 host_rss_mb=2467
[epoch 7/7000] EBOPs=untraced in_training_ebops=6237790 target=250000 beta=1.37e-07 val_AUC=0.652418 val_accuracy=0.460177 seconds=160.5 checkpoint=- ebops_trace_seconds=0.03 ebops_trace_over_epoch=0.001 loss=1.856564 host_rss_mb=2485
[epoch 8/7000] EBOPs=untraced in_training_ebops=5150855 target=250000 beta=1.54e-07 val_AUC=0.753622 val_accuracy=0.531565 seconds=154.7 checkpoint=- ebops_trace_seconds=0.03 ebops_trace_over_epoch=0.001 loss=1.908166 host_rss_mb=2502
[epoch 9/7000] EBOPs=untraced in_training_ebops=4914525 target=250000 beta=1.48e-07 val_AUC=0.664713 val_accuracy=0.440597 seconds=138.6 checkpoint=- ebops_trace_seconds=0.02 ebops_trace_over_epoch=0.001 loss=1.748317 host_rss_mb=2512
[epoch 10/7000] EBOPs=3499705 target=250000 above_floor=3328179 feasible=0 degenerate=0 beta=1.63e-07 val_AUC=0.873893 val_accuracy=0.620306 seconds=329.8 checkpoint=- ebops_trace_seconds=194.25 ebops_trace_over_epoch=0.589 loss=1.748687 host_rss_mb=2525
[epoch 11/7000] EBOPs=untraced in_training_ebops=3944199 target=250000 beta=1.33e-07 val_AUC=0.873500 val_accuracy=0.615871 seconds=133.2 checkpoint=- ebops_trace_seconds=0.02 ebops_trace_over_epoch=0.001 loss=1.532841 host_rss_mb=2476
[epoch 12/7000] EBOPs=untraced in_training_ebops=3491776 target=250000 beta=1.72e-07 val_AUC=0.873097 val_accuracy=0.609387 seconds=155.4 checkpoint=- ebops_trace_seconds=0.02 ebops_trace_over_epoch=0.001 loss=1.650931 host_rss_mb=2497
[epoch 13/7000] EBOPs=untraced in_training_ebops=2938278 target=250000 beta=1.74e-07 val_AUC=0.877180 val_accuracy=0.627161 seconds=163.2 checkpoint=- ebops_trace_seconds=0.02 ebops_trace_over_epoch=0.001 loss=1.576810 host_rss_mb=2514
[epoch 14/7000] EBOPs=untraced in_training_ebops=2561152 target=250000 beta=1.65e-07 val_AUC=0.878069 val_accuracy=0.627903 seconds=161.4 checkpoint=- ebops_trace_seconds=0.02 ebops_trace_over_epoch=0.001 loss=1.454448 host_rss_mb=2523
[epoch 15/7000] EBOPs=untraced in_training_ebops=2406518 target=250000 beta=1.62e-07 val_AUC=0.870885 val_accuracy=0.603806 seconds=163.3 checkpoint=- ebops_trace_seconds=0.03 ebops_trace_over_epoch=0.001 loss=1.413476 host_rss_mb=2527
[epoch 16/7000] EBOPs=untraced in_training_ebops=2179378 target=250000 beta=1.7e-07 val_AUC=0.861919 val_accuracy=0.592113 seconds=160.6 checkpoint=- ebops_trace_seconds=0.02 ebops_trace_over_epoch=0.001 loss=1.409979 host_rss_mb=2545
[epoch 17/7000] EBOPs=untraced in_training_ebops=1992930 target=250000 beta=1.72e-07 val_AUC=0.840968 val_accuracy=0.574726 seconds=160.6 checkpoint=- ebops_trace_seconds=0.02 ebops_trace_over_epoch=0.001 loss=1.398872 host_rss_mb=2561
[epoch 18/7000] EBOPs=untraced in_training_ebops=1795459 target=250000 beta=1.74e-07 val_AUC=0.871144 val_accuracy=0.608065 seconds=153.6 checkpoint=- ebops_trace_seconds=0.03 ebops_trace_over_epoch=0.001 loss=1.370707 host_rss_mb=2568
[epoch 19/7000] EBOPs=untraced in_training_ebops=1647411 target=250000 beta=1.73e-07 val_AUC=0.861769 val_accuracy=0.610726 seconds=137.4 checkpoint=- ebops_trace_seconds=0.02 ebops_trace_over_epoch=0.001 loss=1.356968 host_rss_mb=2580
[epoch 20/7000] EBOPs=1614333 target=250000 above_floor=1442807 feasible=0 degenerate=0 beta=1.75e-07 val_AUC=0.855525 val_accuracy=0.584242 seconds=272.5 checkpoint=- ebops_trace_seconds=148.52 ebops_trace_over_epoch=0.545 loss=1.366672 host_rss_mb=2585
[epoch 21/7000] EBOPs=untraced in_training_ebops=1541804 target=250000 beta=1.88e-07 val_AUC=0.852152 val_accuracy=0.568048 seconds=50.5 checkpoint=epoch-0021 ebops_trace_seconds=0.00 ebops_trace_over_epoch=0.002 loss=1.389208 host_rss_mb=2593
CHECKPOINT_VERIFICATION_PASS {"index": 8, "name": "chang0926-b-n64-s1", "arm": "B", "seed": 1, "n_part": 64, "file": "chang0926-b-n64-s1.json", "production": true, "target_ebops": 250000, "zero_floor_ebops": 171526, "arch": {"d_model": 24, "n_heads": 2, "pos_enc": "none"}, "quant_set": "chang", "config_sha256": "19e253471b01383e311dbc27495fddbfa51cba5edecaf854a48f199159b05d76", "status": "verified_canary", "completed_epochs": 21, "selected": {"epoch": 19, "val_macro_auc": 0.8555246871475021, "val_categorical_accuracy": 0.5842419354838709, "ebops": 1614333, "ebops_above_floor": 1442807}, "checkpoint": "model_min_ebops.keras", "checkpoint_sha256": "71be13b8f96e6aac81e6a7e5c9414869e15df32ea97fd7d760d24e0e09b4d121", "budget_met": false, "validation_accuracy": 0.5842419354838709, "validation_macro_auc": 0.8555246871475021, "validation_per_class_auc": [0.8644058505840548, 0.8371613124317638, 0.8342654240888189, 0.8246400295306765, 0.9171508191021966], "wall_seconds_this_invocation": 3709.233989235945, "test_set_used": false, "hardware_validated": false, "validation_labels_sha256": "63049d9bdcfdc83af97c58bc6579e1def1ec2d9e7a6c30007793badd75217709", "reload_ebops_check": "stored", "source_sha256": "041f981a9d5b8c3a7affb175d82de0ca2df9bc6261a172f67cb365c88b4bbd42", "selection_cost": 1614333, "selection_cost_convention": "native_hgq2", "native_hgq2_backbone_ebops": 1614333, "custom_estimated_bitops": 0, "modules": {}, "warning": "Augmented total is not directly interchangeable with historical native HGQ2 totals."}
WANDB_IMPORTED False
ARM_DONE chang0926-b-n64-s1 exit 0 wall_seconds 3709.4 utc 2026-09-29T11:00:40Z
