==== BENCH_ARM_ATTEMPT 0 2026-09-29T16:10:57Z phase p4-A07-k2
ARM_CPUS n=4 requested 6-7,14-15 seen 6-7,14-15 OK
BENCH_ARM chang0926-c-n64-s1 tree /work/code devices ['/physical_device:GPU:0'] tf32_enabled False test_cpu False utc 2026-09-29T16:11:01Z
ARM_MANIFEST_SHA 041f981a9d5b8c3a7affb175d82de0ca2df9bc6261a172f67cb365c88b4bbd42 expected 041f981a9d5b8c3a7affb175d82de0ca2df9bc6261a172f67cb365c88b4bbd42 OK
BENCH_CACHE {"x_train": "420ac79dcece207aca849f6ca56e6426586023c9e02f38e5d3ac596fa74d79bc", "x_val": "7b56c1b25bc0d9231767f891ec52455ecb7c5656735fcf9d404104fd2c264d31", "y_train": "a5269398e2c6e5f1fc0db98e1a99a8befea619bf0c55531293d02a286c0dd378", "y_val": "63049d9bdcfdc83af97c58bc6579e1def1ec2d9e7a6c30007793badd75217709"}
[train] chang0926-c-n64-s1 params=61951 resume_epoch=0 initial_ebops=16832899
[epoch 1/7000] EBOPs=17611934 target=5000000 above_floor=17268881 feasible=0 degenerate=0 beta=1e-07 val_AUC=0.864964 val_accuracy=0.599290 seconds=109.1 checkpoint=- ebops_trace_seconds=71.35 ebops_trace_over_epoch=0.654 loss=3.242918 host_rss_mb=2431
[epoch 2/7000] EBOPs=untraced in_training_ebops=18460134 target=5000000 beta=1e-07 val_AUC=0.894123 val_accuracy=0.659855 seconds=20.1 checkpoint=- ebops_trace_seconds=0.00 ebops_trace_over_epoch=0.004 loss=2.783994 host_rss_mb=2450
[epoch 3/7000] EBOPs=untraced in_training_ebops=14711473 target=5000000 beta=1.12e-07 val_AUC=0.895105 val_accuracy=0.652919 seconds=17.0 checkpoint=- ebops_trace_seconds=0.00 ebops_trace_over_epoch=0.004 loss=2.802216 host_rss_mb=2459
[epoch 4/7000] EBOPs=untraced in_training_ebops=14787595 target=5000000 beta=9.41e-08 val_AUC=0.907731 val_accuracy=0.692016 seconds=36.2 checkpoint=- ebops_trace_seconds=0.00 ebops_trace_over_epoch=0.002 loss=2.301856 host_rss_mb=2467
[epoch 5/7000] EBOPs=untraced in_training_ebops=11977046 target=5000000 beta=9.99e-08 val_AUC=0.892481 val_accuracy=0.661371 seconds=37.1 checkpoint=- ebops_trace_seconds=0.01 ebops_trace_over_epoch=0.002 loss=2.216025 host_rss_mb=2470
[epoch 6/7000] EBOPs=untraced in_training_ebops=11638427 target=5000000 beta=8.45e-08 val_AUC=0.899853 val_accuracy=0.668903 seconds=37.4 checkpoint=- ebops_trace_seconds=0.00 ebops_trace_over_epoch=0.002 loss=1.926080 host_rss_mb=2470
[epoch 7/7000] EBOPs=untraced in_training_ebops=9804037 target=5000000 beta=8.57e-08 val_AUC=0.893383 val_accuracy=0.643161 seconds=35.7 checkpoint=- ebops_trace_seconds=0.00 ebops_trace_over_epoch=0.002 loss=1.890361 host_rss_mb=2472
[epoch 8/7000] EBOPs=untraced in_training_ebops=9640955 target=5000000 beta=7.46e-08 val_AUC=0.900018 val_accuracy=0.663887 seconds=33.6 checkpoint=- ebops_trace_seconds=0.01 ebops_trace_over_epoch=0.002 loss=1.654746 host_rss_mb=2473
[epoch 9/7000] EBOPs=untraced in_training_ebops=9011895 target=5000000 beta=7.58e-08 val_AUC=0.888055 val_accuracy=0.668452 seconds=33.2 checkpoint=- ebops_trace_seconds=0.01 ebops_trace_over_epoch=0.002 loss=1.668164 host_rss_mb=2456
[epoch 10/7000] EBOPs=6951260 target=5000000 above_floor=6608207 feasible=0 degenerate=0 beta=7.3e-08 val_AUC=0.888783 val_accuracy=0.642403 seconds=107.8 checkpoint=- ebops_trace_seconds=75.32 ebops_trace_over_epoch=0.699 loss=1.570311 host_rss_mb=2459
[epoch 11/7000] EBOPs=untraced in_training_ebops=7620818 target=5000000 beta=5.72e-08 val_AUC=0.897722 val_accuracy=0.673452 seconds=21.9 checkpoint=- ebops_trace_seconds=0.00 ebops_trace_over_epoch=0.004 loss=1.372043 host_rss_mb=2460
[epoch 12/7000] EBOPs=untraced in_training_ebops=7072261 target=5000000 beta=6.41e-08 val_AUC=0.889512 val_accuracy=0.630710 seconds=22.5 checkpoint=- ebops_trace_seconds=0.00 ebops_trace_over_epoch=0.003 loss=1.411967 host_rss_mb=2460
[epoch 13/7000] EBOPs=untraced in_training_ebops=6301488 target=5000000 beta=6.05e-08 val_AUC=0.891048 val_accuracy=0.658887 seconds=21.8 checkpoint=- ebops_trace_seconds=0.00 ebops_trace_over_epoch=0.003 loss=1.352133 host_rss_mb=2460
[epoch 14/7000] EBOPs=untraced in_training_ebops=6223910 target=5000000 beta=5.46e-08 val_AUC=0.885393 val_accuracy=0.645177 seconds=26.0 checkpoint=- ebops_trace_seconds=0.01 ebops_trace_over_epoch=0.003 loss=1.277272 host_rss_mb=2461
[epoch 15/7000] EBOPs=untraced in_training_ebops=5747958 target=5000000 beta=5.45e-08 val_AUC=0.892699 val_accuracy=0.652081 seconds=32.7 checkpoint=- ebops_trace_seconds=0.01 ebops_trace_over_epoch=0.002 loss=1.260165 host_rss_mb=2462
[epoch 16/7000] EBOPs=untraced in_training_ebops=5634391 target=5000000 beta=5.07e-08 val_AUC=0.896457 val_accuracy=0.661000 seconds=33.4 checkpoint=- ebops_trace_seconds=0.00 ebops_trace_over_epoch=0.002 loss=1.222859 host_rss_mb=2462
[epoch 17/7000] EBOPs=untraced in_training_ebops=5483961 target=5000000 beta=5e-08 val_AUC=0.880707 val_accuracy=0.617952 seconds=35.8 checkpoint=- ebops_trace_seconds=0.00 ebops_trace_over_epoch=0.002 loss=1.220446 host_rss_mb=2463
[epoch 18/7000] EBOPs=untraced in_training_ebops=4734896 target=5000000 beta=4.88e-08 val_AUC=0.885107 val_accuracy=0.642694 seconds=37.0 checkpoint=- ebops_trace_seconds=0.00 ebops_trace_over_epoch=0.002 loss=1.204684 host_rss_mb=2465
[epoch 19/7000] EBOPs=untraced in_training_ebops=4614085 target=5000000 beta=4.21e-08 val_AUC=0.893926 val_accuracy=0.657500 seconds=37.0 checkpoint=- ebops_trace_seconds=0.00 ebops_trace_over_epoch=0.002 loss=1.149935 host_rss_mb=2465
[epoch 20/7000] EBOPs=4636289 target=5000000 above_floor=4293236 feasible=1 degenerate=0 beta=4.08e-08 val_AUC=0.889416 val_accuracy=0.645806 seconds=117.6 checkpoint=- ebops_trace_seconds=81.34 ebops_trace_over_epoch=0.692 loss=1.129777 host_rss_mb=2467
[epoch 21/7000] EBOPs=untraced in_training_ebops=5168444 target=5000000 beta=4.09e-08 val_AUC=0.889877 val_accuracy=0.645677 seconds=33.7 checkpoint=epoch-0021 ebops_trace_seconds=0.00 ebops_trace_over_epoch=0.002 loss=1.149923 host_rss_mb=2468
CHECKPOINT_VERIFICATION_PASS {"index": 16, "name": "chang0926-c-n64-s1", "arm": "C", "seed": 1, "n_part": 64, "file": "chang0926-c-n64-s1.json", "production": true, "target_ebops": 5000000, "zero_floor_ebops": 343053, "arch": {"d_model": 32, "n_heads": 4, "pos_enc": "learned"}, "quant_set": "chang", "config_sha256": "1f27443c764f95f42208be7c864c834bcf0fbe0be2583aa89d89c8fd3f7da156", "status": "verified_canary", "completed_epochs": 21, "selected": {"epoch": 19, "val_macro_auc": 0.889416236819317, "val_categorical_accuracy": 0.6458064516129032, "ebops": 4636289, "ebops_above_floor": 4293236}, "checkpoint": "model_best.keras", "checkpoint_sha256": "af5c04c53141e13f7b4caa7648326f7d74ebff5f82c55b9c816a20c31042faf1", "budget_met": true, "validation_accuracy": 0.6458064516129032, "validation_macro_auc": 0.889416236819317, "validation_per_class_auc": [0.8945169699679173, 0.87426561633011, 0.8792205713783621, 0.8676514984774986, 0.931426527942697], "wall_seconds_this_invocation": 1036.7959034819996, "test_set_used": false, "hardware_validated": false, "validation_labels_sha256": "63049d9bdcfdc83af97c58bc6579e1def1ec2d9e7a6c30007793badd75217709", "reload_ebops_check": "stored", "source_sha256": "041f981a9d5b8c3a7affb175d82de0ca2df9bc6261a172f67cb365c88b4bbd42", "selection_cost": 4636289, "selection_cost_convention": "native_hgq2", "native_hgq2_backbone_ebops": 4636289, "custom_estimated_bitops": 0, "modules": {}, "warning": "Augmented total is not directly interchangeable with historical native HGQ2 totals."}
WANDB_IMPORTED False
ARM_DONE chang0926-c-n64-s1 exit 0 wall_seconds 1037.0 utc 2026-09-29T16:28:20Z
