==== BENCH_ARM_ATTEMPT 0 2026-09-29T16:11:12Z phase p4-A07-k2
ARM_CPUS n=4 requested 6-7,14-15 seen 6-7,14-15 OK
BENCH_ARM chang0926-c-n64-s2 tree /work/code devices ['/physical_device:GPU:0'] tf32_enabled False test_cpu False utc 2026-09-29T16:11:17Z
ARM_MANIFEST_SHA 041f981a9d5b8c3a7affb175d82de0ca2df9bc6261a172f67cb365c88b4bbd42 expected 041f981a9d5b8c3a7affb175d82de0ca2df9bc6261a172f67cb365c88b4bbd42 OK
BENCH_CACHE {"x_train": "420ac79dcece207aca849f6ca56e6426586023c9e02f38e5d3ac596fa74d79bc", "x_val": "7b56c1b25bc0d9231767f891ec52455ecb7c5656735fcf9d404104fd2c264d31", "y_train": "a5269398e2c6e5f1fc0db98e1a99a8befea619bf0c55531293d02a286c0dd378", "y_val": "63049d9bdcfdc83af97c58bc6579e1def1ec2d9e7a6c30007793badd75217709"}
[train] chang0926-c-n64-s2 params=61951 resume_epoch=0 initial_ebops=16461269
[epoch 1/7000] EBOPs=18391985 target=5000000 above_floor=18048932 feasible=0 degenerate=0 beta=1e-07 val_AUC=0.875394 val_accuracy=0.626145 seconds=131.4 checkpoint=- ebops_trace_seconds=74.69 ebops_trace_over_epoch=0.569 loss=3.244422 host_rss_mb=2420
[epoch 2/7000] EBOPs=untraced in_training_ebops=19247220 target=5000000 beta=1e-07 val_AUC=0.890899 val_accuracy=0.655242 seconds=37.9 checkpoint=- ebops_trace_seconds=0.00 ebops_trace_over_epoch=0.002 loss=2.865252 host_rss_mb=2439
[epoch 3/7000] EBOPs=untraced in_training_ebops=15138022 target=5000000 beta=1.12e-07 val_AUC=0.890322 val_accuracy=0.648274 seconds=38.8 checkpoint=- ebops_trace_seconds=0.00 ebops_trace_over_epoch=0.002 loss=2.875468 host_rss_mb=2442
[epoch 4/7000] EBOPs=untraced in_training_ebops=15044813 target=5000000 beta=9.31e-08 val_AUC=0.896111 val_accuracy=0.650548 seconds=39.0 checkpoint=- ebops_trace_seconds=0.00 ebops_trace_over_epoch=0.002 loss=2.340637 host_rss_mb=2453
[epoch 5/7000] EBOPs=untraced in_training_ebops=11641509 target=5000000 beta=9.77e-08 val_AUC=0.899708 val_accuracy=0.677419 seconds=37.8 checkpoint=- ebops_trace_seconds=0.00 ebops_trace_over_epoch=0.002 loss=2.193909 host_rss_mb=2455
[epoch 6/7000] EBOPs=untraced in_training_ebops=11597493 target=5000000 beta=7.89e-08 val_AUC=0.895806 val_accuracy=0.660613 seconds=37.8 checkpoint=- ebops_trace_seconds=0.00 ebops_trace_over_epoch=0.003 loss=1.852926 host_rss_mb=2455
[epoch 7/7000] EBOPs=untraced in_training_ebops=9758557 target=5000000 beta=8.2e-08 val_AUC=0.898214 val_accuracy=0.670065 seconds=38.6 checkpoint=- ebops_trace_seconds=0.00 ebops_trace_over_epoch=0.002 loss=1.813136 host_rss_mb=2459
[epoch 8/7000] EBOPs=untraced in_training_ebops=9430070 target=5000000 beta=7.13e-08 val_AUC=0.898318 val_accuracy=0.657306 seconds=33.4 checkpoint=- ebops_trace_seconds=0.00 ebops_trace_over_epoch=0.002 loss=1.606603 host_rss_mb=2459
[epoch 9/7000] EBOPs=untraced in_training_ebops=8769686 target=5000000 beta=7.11e-08 val_AUC=0.864117 val_accuracy=0.596677 seconds=27.8 checkpoint=- ebops_trace_seconds=0.00 ebops_trace_over_epoch=0.004 loss=1.584073 host_rss_mb=2447
[epoch 10/7000] EBOPs=6803326 target=5000000 above_floor=6460273 feasible=0 degenerate=0 beta=6.8e-08 val_AUC=0.893605 val_accuracy=0.657968 seconds=112.4 checkpoint=- ebops_trace_seconds=84.25 ebops_trace_over_epoch=0.751 loss=1.518672 host_rss_mb=2448
[epoch 11/7000] EBOPs=untraced in_training_ebops=7469996 target=5000000 beta=5.36e-08 val_AUC=0.886766 val_accuracy=0.637532 seconds=38.6 checkpoint=- ebops_trace_seconds=0.00 ebops_trace_over_epoch=0.003 loss=1.363445 host_rss_mb=2448
[epoch 12/7000] EBOPs=untraced in_training_ebops=6794914 target=5000000 beta=6e-08 val_AUC=0.892745 val_accuracy=0.652726 seconds=37.2 checkpoint=- ebops_trace_seconds=0.00 ebops_trace_over_epoch=0.002 loss=1.377722 host_rss_mb=2448
[epoch 13/7000] EBOPs=untraced in_training_ebops=6583153 target=5000000 beta=5.55e-08 val_AUC=0.892579 val_accuracy=0.648726 seconds=38.0 checkpoint=- ebops_trace_seconds=0.01 ebops_trace_over_epoch=0.002 loss=1.292609 host_rss_mb=2449
[epoch 14/7000] EBOPs=untraced in_training_ebops=6299336 target=5000000 beta=5.45e-08 val_AUC=0.895097 val_accuracy=0.657113 seconds=38.6 checkpoint=- ebops_trace_seconds=0.00 ebops_trace_over_epoch=0.002 loss=1.282637 host_rss_mb=2449
[epoch 15/7000] EBOPs=untraced in_training_ebops=5855606 target=5000000 beta=5.27e-08 val_AUC=0.892602 val_accuracy=0.663371 seconds=38.6 checkpoint=- ebops_trace_seconds=0.00 ebops_trace_over_epoch=0.002 loss=1.271296 host_rss_mb=2449
[epoch 16/7000] EBOPs=untraced in_training_ebops=5673760 target=5000000 beta=4.94e-08 val_AUC=0.888535 val_accuracy=0.634452 seconds=37.9 checkpoint=- ebops_trace_seconds=0.00 ebops_trace_over_epoch=0.002 loss=1.245916 host_rss_mb=2449
[epoch 17/7000] EBOPs=untraced in_training_ebops=5278990 target=5000000 beta=4.82e-08 val_AUC=0.887103 val_accuracy=0.642097 seconds=27.4 checkpoint=- ebops_trace_seconds=0.00 ebops_trace_over_epoch=0.003 loss=1.232226 host_rss_mb=2449
[epoch 18/7000] EBOPs=untraced in_training_ebops=5158664 target=5000000 beta=4.49e-08 val_AUC=0.883238 val_accuracy=0.633161 seconds=27.8 checkpoint=- ebops_trace_seconds=0.00 ebops_trace_over_epoch=0.004 loss=1.178909 host_rss_mb=2449
[epoch 19/7000] EBOPs=untraced in_training_ebops=4871982 target=5000000 beta=4.4e-08 val_AUC=0.889562 val_accuracy=0.570935 seconds=24.9 checkpoint=- ebops_trace_seconds=0.00 ebops_trace_over_epoch=0.003 loss=1.168885 host_rss_mb=2449
[epoch 20/7000] EBOPs=4324604 target=5000000 above_floor=3981551 feasible=1 degenerate=0 beta=4.15e-08 val_AUC=0.879395 val_accuracy=0.623694 seconds=107.4 checkpoint=- ebops_trace_seconds=71.41 ebops_trace_over_epoch=0.666 loss=1.139361 host_rss_mb=2449
[epoch 21/7000] EBOPs=untraced in_training_ebops=4682062 target=5000000 beta=3.66e-08 val_AUC=0.889447 val_accuracy=0.643548 seconds=17.0 checkpoint=epoch-0021 ebops_trace_seconds=0.00 ebops_trace_over_epoch=0.006 loss=1.127222 host_rss_mb=2450
CHECKPOINT_VERIFICATION_PASS {"index": 17, "name": "chang0926-c-n64-s2", "arm": "C", "seed": 2, "n_part": 64, "file": "chang0926-c-n64-s2.json", "production": true, "target_ebops": 5000000, "zero_floor_ebops": 343053, "arch": {"d_model": 32, "n_heads": 4, "pos_enc": "learned"}, "quant_set": "chang", "config_sha256": "9027ff22da685bd9346bc3eeaa0babc1650bb232ef9b024255441ade62056795", "status": "verified_canary", "completed_epochs": 21, "selected": {"epoch": 19, "val_macro_auc": 0.8793946463220452, "val_categorical_accuracy": 0.6236935483870968, "ebops": 4324604, "ebops_above_floor": 3981551}, "checkpoint": "model_best.keras", "checkpoint_sha256": "ac2d568b05b7c2c9b0e36d6173c491a97360900349035c51b3570105de8be92d", "budget_met": true, "validation_accuracy": 0.6236935483870968, "validation_macro_auc": 0.8793946463220452, "validation_per_class_auc": [0.8818554247487226, 0.8702255355361682, 0.8544456482318064, 0.8641755357229901, 0.9262710873705389], "wall_seconds_this_invocation": 1124.1815157769997, "test_set_used": false, "hardware_validated": false, "validation_labels_sha256": "63049d9bdcfdc83af97c58bc6579e1def1ec2d9e7a6c30007793badd75217709", "reload_ebops_check": "stored", "source_sha256": "041f981a9d5b8c3a7affb175d82de0ca2df9bc6261a172f67cb365c88b4bbd42", "selection_cost": 4324604, "selection_cost_convention": "native_hgq2", "native_hgq2_backbone_ebops": 4324604, "custom_estimated_bitops": 0, "modules": {}, "warning": "Augmented total is not directly interchangeable with historical native HGQ2 totals."}
WANDB_IMPORTED False
ARM_DONE chang0926-c-n64-s2 exit 0 wall_seconds 1124.4 utc 2026-09-29T16:30:02Z
