WARNING: All log messages before absl::InitializeLog() is called are written to STDERR
I0000 00:00:1790818050.433449   76533 cudart_stub.cc:31] Could not find cuda drivers on your machine, GPU will not be used.
WARNING: All log messages before absl::InitializeLog() is called are written to STDERR
I0000 00:00:1790818051.145563   76533 cudart_stub.cc:31] Could not find cuda drivers on your machine, GPU will not be used.
E0000 00:00:1790818051.723926   76533 cuda_platform.cc:52] failed call to cuInit: INTERNAL: CUDA error: Failed call to cuInit: CUDA_ERROR_NO_DEVICE: no CUDA-capable device is detected
[train] L1-realistic feature subset: ['pt', 'etarel', 'phirel']
[train] data: 1 files, 60 jets (48 train / 12 val), class counts [12, 12, 12, 12, 12]
[train] input_std ON: per-feature z-score from train split (|mu|max=7.36, sigma_max=4.142) -> input_std.json
[budget] initial=200 target=100
[train] pre_conference-n8-w1a8 params=1 trainable=0 act_sites=0 act_calib=trainable
[train] binary gate OK (1 bit-layers exactly +/-beta)
[train] trainable-scale grids moved at 0/0 sites during training (drift tracking)
[train] DONE best_epoch=2 best_val_macro_auc=0.70000 in 0s
[train] wrote /tmp/tmp_n32cqst/model_best.keras + /tmp/tmp_n32cqst/train_meta.json
[train] L1-realistic feature subset: ['pt', 'etarel', 'phirel']
[train] data: 1 files, 60 jets (48 train / 12 val), class counts [12, 12, 12, 12, 12]
[train] input_std ON: per-feature z-score from train split (|mu|max=7.36, sigma_max=4.142) -> input_std.json
[budget] initial=200 target=100
[train] pre_conference-n8-w1a8 params=1 trainable=0 act_sites=0 act_calib=trainable
[train] binary gate OK (1 bit-layers exactly +/-beta)
[train] trainable-scale grids moved at 0/0 sites during training (drift tracking)
[train] L1-realistic feature subset: ['pt', 'etarel', 'phirel']
[train] data: 1 files, 60 jets (48 train / 12 val), class counts [12, 12, 12, 12, 12]
[train] input_std ON: per-feature z-score from train split (|mu|max=7.36, sigma_max=4.142) -> input_std.json
[budget] initial=200 target=100
[train] pre_conference-n8-w1a8 params=1 trainable=0 act_sites=0 act_calib=trainable
[train] binary gate OK (1 bit-layers exactly +/-beta)
[train] trainable-scale grids moved at 0/0 sites during training (drift tracking)
[train] DONE best_epoch=4 best_val_macro_auc=0.90000 in 0s
[train] wrote /tmp/tmp43g9czf7/model_unconstrained.keras + /tmp/tmp43g9czf7/train_meta.json
[train] L1-realistic feature subset: ['pt', 'etarel', 'phirel']
[train] data: 1 files, 60 jets (48 train / 12 val), class counts [12, 12, 12, 12, 12]
[train] input_std ON: per-feature z-score from train split (|mu|max=7.36, sigma_max=4.142) -> input_std.json
[budget] initial=200 target=100
[train] pre_conference-n8-w1a8 params=1 trainable=0 act_sites=0 act_calib=trainable
[train] binary gate OK (1 bit-layers exactly +/-beta)
[train] trainable-scale grids moved at 0/0 sites during training (drift tracking)
[train] DONE best_epoch=3 best_val_macro_auc=0.60000 in 0s
[train] wrote /tmp/tmp4ciwoghv/model_min_ebops.keras + /tmp/tmp4ciwoghv/train_meta.json
