/Users/kaiyamaguchi/Downloads/bnjettag-training-results/.venv-hgq2/lib/python3.12/site-packages/keras/src/layers/layer.py:232: UserWarning: Quantization of weight input_proj/kernel may have collapsed its dist: std(fp)=8.49e-02 std(q)=0.00e+00 ratio=0.000. Consider adjust quantizer config.
  original_build_method(*args, **kwargs)
/Users/kaiyamaguchi/Downloads/bnjettag-training-results/.venv-hgq2/lib/python3.12/site-packages/keras/src/layers/layer.py:232: UserWarning: Quantization of weight bit_block_0_attn_Wq/kernel may have collapsed its dist: std(fp)=6.25e-02 std(q)=0.00e+00 ratio=0.000. Consider adjust quantizer config.
  original_build_method(*args, **kwargs)
/Users/kaiyamaguchi/Downloads/bnjettag-training-results/.venv-hgq2/lib/python3.12/site-packages/keras/src/layers/layer.py:232: UserWarning: Quantization of weight bit_block_0_attn_Wk/kernel may have collapsed its dist: std(fp)=6.26e-02 std(q)=0.00e+00 ratio=0.000. Consider adjust quantizer config.
  original_build_method(*args, **kwargs)
/Users/kaiyamaguchi/Downloads/bnjettag-training-results/.venv-hgq2/lib/python3.12/site-packages/keras/src/layers/layer.py:232: UserWarning: Quantization of weight bit_block_0_attn_Wv/kernel may have collapsed its dist: std(fp)=6.27e-02 std(q)=0.00e+00 ratio=0.000. Consider adjust quantizer config.
  original_build_method(*args, **kwargs)
/Users/kaiyamaguchi/Downloads/bnjettag-training-results/.venv-hgq2/lib/python3.12/site-packages/keras/src/layers/layer.py:232: UserWarning: Quantization of weight bit_block_0_attn_Wo/kernel may have collapsed its dist: std(fp)=6.27e-02 std(q)=0.00e+00 ratio=0.000. Consider adjust quantizer config.
  original_build_method(*args, **kwargs)
/Users/kaiyamaguchi/Downloads/bnjettag-training-results/.venv-hgq2/lib/python3.12/site-packages/keras/src/layers/layer.py:232: UserWarning: Quantization of weight bit_block_0_ffn_fc1/kernel may have collapsed its dist: std(fp)=3.95e-02 std(q)=0.00e+00 ratio=0.000. Consider adjust quantizer config.
  original_build_method(*args, **kwargs)
/Users/kaiyamaguchi/Downloads/bnjettag-training-results/.venv-hgq2/lib/python3.12/site-packages/keras/src/layers/layer.py:232: UserWarning: Quantization of weight bit_block_0_ffn_fc2/kernel may have collapsed its dist: std(fp)=3.96e-02 std(q)=0.00e+00 ratio=0.000. Consider adjust quantizer config.
  original_build_method(*args, **kwargs)
/Users/kaiyamaguchi/Downloads/bnjettag-training-results/.venv-hgq2/lib/python3.12/site-packages/keras/src/layers/layer.py:232: UserWarning: Quantization of weight bit_block_1_attn_Wq/kernel may have collapsed its dist: std(fp)=6.24e-02 std(q)=0.00e+00 ratio=0.000. Consider adjust quantizer config.
  original_build_method(*args, **kwargs)
/Users/kaiyamaguchi/Downloads/bnjettag-training-results/.venv-hgq2/lib/python3.12/site-packages/keras/src/layers/layer.py:232: UserWarning: Quantization of weight bit_block_1_attn_Wk/kernel may have collapsed its dist: std(fp)=6.26e-02 std(q)=0.00e+00 ratio=0.000. Consider adjust quantizer config.
  original_build_method(*args, **kwargs)
/Users/kaiyamaguchi/Downloads/bnjettag-training-results/.venv-hgq2/lib/python3.12/site-packages/keras/src/layers/layer.py:232: UserWarning: Quantization of weight bit_block_1_attn_Wv/kernel may have collapsed its dist: std(fp)=6.25e-02 std(q)=0.00e+00 ratio=0.000. Consider adjust quantizer config.
  original_build_method(*args, **kwargs)
/Users/kaiyamaguchi/Downloads/bnjettag-training-results/.venv-hgq2/lib/python3.12/site-packages/keras/src/layers/layer.py:232: UserWarning: Quantization of weight bit_block_1_attn_Wo/kernel may have collapsed its dist: std(fp)=6.25e-02 std(q)=0.00e+00 ratio=0.000. Consider adjust quantizer config.
  original_build_method(*args, **kwargs)
/Users/kaiyamaguchi/Downloads/bnjettag-training-results/.venv-hgq2/lib/python3.12/site-packages/keras/src/layers/layer.py:232: UserWarning: Quantization of weight bit_block_1_ffn_fc1/kernel may have collapsed its dist: std(fp)=3.95e-02 std(q)=0.00e+00 ratio=0.000. Consider adjust quantizer config.
  original_build_method(*args, **kwargs)
/Users/kaiyamaguchi/Downloads/bnjettag-training-results/.venv-hgq2/lib/python3.12/site-packages/keras/src/layers/layer.py:232: UserWarning: Quantization of weight bit_block_1_ffn_fc2/kernel may have collapsed its dist: std(fp)=3.96e-02 std(q)=0.00e+00 ratio=0.000. Consider adjust quantizer config.
  original_build_method(*args, **kwargs)
/Users/kaiyamaguchi/Downloads/bnjettag-training-results/.venv-hgq2/lib/python3.12/site-packages/keras/src/layers/layer.py:232: UserWarning: Quantization of weight bit_block_2_attn_Wq/kernel may have collapsed its dist: std(fp)=6.24e-02 std(q)=0.00e+00 ratio=0.000. Consider adjust quantizer config.
  original_build_method(*args, **kwargs)
/Users/kaiyamaguchi/Downloads/bnjettag-training-results/.venv-hgq2/lib/python3.12/site-packages/keras/src/layers/layer.py:232: UserWarning: Quantization of weight bit_block_2_attn_Wk/kernel may have collapsed its dist: std(fp)=6.24e-02 std(q)=0.00e+00 ratio=0.000. Consider adjust quantizer config.
  original_build_method(*args, **kwargs)
/Users/kaiyamaguchi/Downloads/bnjettag-training-results/.venv-hgq2/lib/python3.12/site-packages/keras/src/layers/layer.py:232: UserWarning: Quantization of weight bit_block_2_attn_Wv/kernel may have collapsed its dist: std(fp)=6.25e-02 std(q)=0.00e+00 ratio=0.000. Consider adjust quantizer config.
  original_build_method(*args, **kwargs)
/Users/kaiyamaguchi/Downloads/bnjettag-training-results/.venv-hgq2/lib/python3.12/site-packages/keras/src/layers/layer.py:232: UserWarning: Quantization of weight bit_block_2_attn_Wo/kernel may have collapsed its dist: std(fp)=6.25e-02 std(q)=0.00e+00 ratio=0.000. Consider adjust quantizer config.
  original_build_method(*args, **kwargs)
/Users/kaiyamaguchi/Downloads/bnjettag-training-results/.venv-hgq2/lib/python3.12/site-packages/keras/src/layers/layer.py:232: UserWarning: Quantization of weight bit_block_2_ffn_fc1/kernel may have collapsed its dist: std(fp)=3.95e-02 std(q)=0.00e+00 ratio=0.000. Consider adjust quantizer config.
  original_build_method(*args, **kwargs)
/Users/kaiyamaguchi/Downloads/bnjettag-training-results/.venv-hgq2/lib/python3.12/site-packages/keras/src/layers/layer.py:232: UserWarning: Quantization of weight bit_block_2_ffn_fc2/kernel may have collapsed its dist: std(fp)=3.95e-02 std(q)=0.00e+00 ratio=0.000. Consider adjust quantizer config.
  original_build_method(*args, **kwargs)
/Users/kaiyamaguchi/Downloads/bnjettag-training-results/.venv-hgq2/lib/python3.12/site-packages/keras/src/layers/layer.py:232: UserWarning: Quantization of weight bit_block_3_attn_Wq/kernel may have collapsed its dist: std(fp)=6.26e-02 std(q)=0.00e+00 ratio=0.000. Consider adjust quantizer config.
  original_build_method(*args, **kwargs)
/Users/kaiyamaguchi/Downloads/bnjettag-training-results/.venv-hgq2/lib/python3.12/site-packages/keras/src/layers/layer.py:232: UserWarning: Quantization of weight bit_block_3_attn_Wk/kernel may have collapsed its dist: std(fp)=6.25e-02 std(q)=0.00e+00 ratio=0.000. Consider adjust quantizer config.
  original_build_method(*args, **kwargs)
/Users/kaiyamaguchi/Downloads/bnjettag-training-results/.venv-hgq2/lib/python3.12/site-packages/keras/src/layers/layer.py:232: UserWarning: Quantization of weight bit_block_3_attn_Wv/kernel may have collapsed its dist: std(fp)=6.26e-02 std(q)=0.00e+00 ratio=0.000. Consider adjust quantizer config.
  original_build_method(*args, **kwargs)
/Users/kaiyamaguchi/Downloads/bnjettag-training-results/.venv-hgq2/lib/python3.12/site-packages/keras/src/layers/layer.py:232: UserWarning: Quantization of weight bit_block_3_attn_Wo/kernel may have collapsed its dist: std(fp)=6.25e-02 std(q)=0.00e+00 ratio=0.000. Consider adjust quantizer config.
  original_build_method(*args, **kwargs)
/Users/kaiyamaguchi/Downloads/bnjettag-training-results/.venv-hgq2/lib/python3.12/site-packages/keras/src/layers/layer.py:232: UserWarning: Quantization of weight bit_block_3_ffn_fc1/kernel may have collapsed its dist: std(fp)=3.96e-02 std(q)=0.00e+00 ratio=0.000. Consider adjust quantizer config.
  original_build_method(*args, **kwargs)
/Users/kaiyamaguchi/Downloads/bnjettag-training-results/.venv-hgq2/lib/python3.12/site-packages/keras/src/layers/layer.py:232: UserWarning: Quantization of weight bit_block_3_ffn_fc2/kernel may have collapsed its dist: std(fp)=3.95e-02 std(q)=0.00e+00 ratio=0.000. Consider adjust quantizer config.
  original_build_method(*args, **kwargs)
/Users/kaiyamaguchi/Downloads/bnjettag-training-results/.venv-hgq2/lib/python3.12/site-packages/keras/src/layers/layer.py:232: UserWarning: Quantization of weight bit_block_4_attn_Wq/kernel may have collapsed its dist: std(fp)=6.25e-02 std(q)=0.00e+00 ratio=0.000. Consider adjust quantizer config.
  original_build_method(*args, **kwargs)
/Users/kaiyamaguchi/Downloads/bnjettag-training-results/.venv-hgq2/lib/python3.12/site-packages/keras/src/layers/layer.py:232: UserWarning: Quantization of weight bit_block_4_attn_Wk/kernel may have collapsed its dist: std(fp)=6.26e-02 std(q)=0.00e+00 ratio=0.000. Consider adjust quantizer config.
  original_build_method(*args, **kwargs)
/Users/kaiyamaguchi/Downloads/bnjettag-training-results/.venv-hgq2/lib/python3.12/site-packages/keras/src/layers/layer.py:232: UserWarning: Quantization of weight bit_block_4_attn_Wv/kernel may have collapsed its dist: std(fp)=6.25e-02 std(q)=0.00e+00 ratio=0.000. Consider adjust quantizer config.
  original_build_method(*args, **kwargs)
/Users/kaiyamaguchi/Downloads/bnjettag-training-results/.venv-hgq2/lib/python3.12/site-packages/keras/src/layers/layer.py:232: UserWarning: Quantization of weight bit_block_4_attn_Wo/kernel may have collapsed its dist: std(fp)=6.25e-02 std(q)=0.00e+00 ratio=0.000. Consider adjust quantizer config.
  original_build_method(*args, **kwargs)
/Users/kaiyamaguchi/Downloads/bnjettag-training-results/.venv-hgq2/lib/python3.12/site-packages/keras/src/layers/layer.py:232: UserWarning: Quantization of weight bit_block_4_ffn_fc1/kernel may have collapsed its dist: std(fp)=3.96e-02 std(q)=0.00e+00 ratio=0.000. Consider adjust quantizer config.
  original_build_method(*args, **kwargs)
/Users/kaiyamaguchi/Downloads/bnjettag-training-results/.venv-hgq2/lib/python3.12/site-packages/keras/src/layers/layer.py:232: UserWarning: Quantization of weight bit_block_4_ffn_fc2/kernel may have collapsed its dist: std(fp)=3.96e-02 std(q)=0.00e+00 ratio=0.000. Consider adjust quantizer config.
  original_build_method(*args, **kwargs)
/Users/kaiyamaguchi/Downloads/bnjettag-training-results/.venv-hgq2/lib/python3.12/site-packages/keras/src/layers/layer.py:232: UserWarning: Quantization of weight bit_block_5_attn_Wq/kernel may have collapsed its dist: std(fp)=6.26e-02 std(q)=0.00e+00 ratio=0.000. Consider adjust quantizer config.
  original_build_method(*args, **kwargs)
/Users/kaiyamaguchi/Downloads/bnjettag-training-results/.venv-hgq2/lib/python3.12/site-packages/keras/src/layers/layer.py:232: UserWarning: Quantization of weight bit_block_5_attn_Wk/kernel may have collapsed its dist: std(fp)=6.26e-02 std(q)=0.00e+00 ratio=0.000. Consider adjust quantizer config.
  original_build_method(*args, **kwargs)
/Users/kaiyamaguchi/Downloads/bnjettag-training-results/.venv-hgq2/lib/python3.12/site-packages/keras/src/layers/layer.py:232: UserWarning: Quantization of weight bit_block_5_attn_Wv/kernel may have collapsed its dist: std(fp)=6.25e-02 std(q)=0.00e+00 ratio=0.000. Consider adjust quantizer config.
  original_build_method(*args, **kwargs)
/Users/kaiyamaguchi/Downloads/bnjettag-training-results/.venv-hgq2/lib/python3.12/site-packages/keras/src/layers/layer.py:232: UserWarning: Quantization of weight bit_block_5_attn_Wo/kernel may have collapsed its dist: std(fp)=6.23e-02 std(q)=0.00e+00 ratio=0.000. Consider adjust quantizer config.
  original_build_method(*args, **kwargs)
/Users/kaiyamaguchi/Downloads/bnjettag-training-results/.venv-hgq2/lib/python3.12/site-packages/keras/src/layers/layer.py:232: UserWarning: Quantization of weight bit_block_5_ffn_fc1/kernel may have collapsed its dist: std(fp)=3.95e-02 std(q)=0.00e+00 ratio=0.000. Consider adjust quantizer config.
  original_build_method(*args, **kwargs)
/Users/kaiyamaguchi/Downloads/bnjettag-training-results/.venv-hgq2/lib/python3.12/site-packages/keras/src/layers/layer.py:232: UserWarning: Quantization of weight bit_block_5_ffn_fc2/kernel may have collapsed its dist: std(fp)=3.96e-02 std(q)=0.00e+00 ratio=0.000. Consider adjust quantizer config.
  original_build_method(*args, **kwargs)
/Users/kaiyamaguchi/Downloads/bnjettag-training-results/.venv-hgq2/lib/python3.12/site-packages/keras/src/layers/layer.py:232: UserWarning: Quantization of weight bit_block_6_attn_Wq/kernel may have collapsed its dist: std(fp)=6.25e-02 std(q)=0.00e+00 ratio=0.000. Consider adjust quantizer config.
  original_build_method(*args, **kwargs)
/Users/kaiyamaguchi/Downloads/bnjettag-training-results/.venv-hgq2/lib/python3.12/site-packages/keras/src/layers/layer.py:232: UserWarning: Quantization of weight bit_block_6_attn_Wk/kernel may have collapsed its dist: std(fp)=6.25e-02 std(q)=0.00e+00 ratio=0.000. Consider adjust quantizer config.
  original_build_method(*args, **kwargs)
/Users/kaiyamaguchi/Downloads/bnjettag-training-results/.venv-hgq2/lib/python3.12/site-packages/keras/src/layers/layer.py:232: UserWarning: Quantization of weight bit_block_6_attn_Wv/kernel may have collapsed its dist: std(fp)=6.26e-02 std(q)=0.00e+00 ratio=0.000. Consider adjust quantizer config.
  original_build_method(*args, **kwargs)
/Users/kaiyamaguchi/Downloads/bnjettag-training-results/.venv-hgq2/lib/python3.12/site-packages/keras/src/layers/layer.py:232: UserWarning: Quantization of weight bit_block_6_attn_Wo/kernel may have collapsed its dist: std(fp)=6.24e-02 std(q)=0.00e+00 ratio=0.000. Consider adjust quantizer config.
  original_build_method(*args, **kwargs)
/Users/kaiyamaguchi/Downloads/bnjettag-training-results/.venv-hgq2/lib/python3.12/site-packages/keras/src/layers/layer.py:232: UserWarning: Quantization of weight bit_block_6_ffn_fc1/kernel may have collapsed its dist: std(fp)=3.95e-02 std(q)=0.00e+00 ratio=0.000. Consider adjust quantizer config.
  original_build_method(*args, **kwargs)
/Users/kaiyamaguchi/Downloads/bnjettag-training-results/.venv-hgq2/lib/python3.12/site-packages/keras/src/layers/layer.py:232: UserWarning: Quantization of weight bit_block_6_ffn_fc2/kernel may have collapsed its dist: std(fp)=3.95e-02 std(q)=0.00e+00 ratio=0.000. Consider adjust quantizer config.
  original_build_method(*args, **kwargs)
/Users/kaiyamaguchi/Downloads/bnjettag-training-results/.venv-hgq2/lib/python3.12/site-packages/keras/src/layers/layer.py:232: UserWarning: Quantization of weight bit_block_7_attn_Wq/kernel may have collapsed its dist: std(fp)=6.24e-02 std(q)=0.00e+00 ratio=0.000. Consider adjust quantizer config.
  original_build_method(*args, **kwargs)
/Users/kaiyamaguchi/Downloads/bnjettag-training-results/.venv-hgq2/lib/python3.12/site-packages/keras/src/layers/layer.py:232: UserWarning: Quantization of weight bit_block_7_attn_Wk/kernel may have collapsed its dist: std(fp)=6.26e-02 std(q)=0.00e+00 ratio=0.000. Consider adjust quantizer config.
  original_build_method(*args, **kwargs)
/Users/kaiyamaguchi/Downloads/bnjettag-training-results/.venv-hgq2/lib/python3.12/site-packages/keras/src/layers/layer.py:232: UserWarning: Quantization of weight bit_block_7_attn_Wv/kernel may have collapsed its dist: std(fp)=6.25e-02 std(q)=0.00e+00 ratio=0.000. Consider adjust quantizer config.
  original_build_method(*args, **kwargs)
/Users/kaiyamaguchi/Downloads/bnjettag-training-results/.venv-hgq2/lib/python3.12/site-packages/keras/src/layers/layer.py:232: UserWarning: Quantization of weight bit_block_7_attn_Wo/kernel may have collapsed its dist: std(fp)=6.27e-02 std(q)=0.00e+00 ratio=0.000. Consider adjust quantizer config.
  original_build_method(*args, **kwargs)
/Users/kaiyamaguchi/Downloads/bnjettag-training-results/.venv-hgq2/lib/python3.12/site-packages/keras/src/layers/layer.py:232: UserWarning: Quantization of weight bit_block_7_ffn_fc1/kernel may have collapsed its dist: std(fp)=3.95e-02 std(q)=0.00e+00 ratio=0.000. Consider adjust quantizer config.
  original_build_method(*args, **kwargs)
/Users/kaiyamaguchi/Downloads/bnjettag-training-results/.venv-hgq2/lib/python3.12/site-packages/keras/src/layers/layer.py:232: UserWarning: Quantization of weight bit_block_7_ffn_fc2/kernel may have collapsed its dist: std(fp)=3.95e-02 std(q)=0.00e+00 ratio=0.000. Consider adjust quantizer config.
  original_build_method(*args, **kwargs)
/Users/kaiyamaguchi/Downloads/bnjettag-training-results/.venv-hgq2/lib/python3.12/site-packages/keras/src/layers/layer.py:232: UserWarning: Quantization of weight head_fc1/kernel may have collapsed its dist: std(fp)=6.23e-02 std(q)=0.00e+00 ratio=0.000. Consider adjust quantizer config.
  original_build_method(*args, **kwargs)
/Users/kaiyamaguchi/Downloads/bnjettag-training-results/.venv-hgq2/lib/python3.12/site-packages/keras/src/layers/layer.py:232: UserWarning: Quantization of weight head_fc2/kernel may have collapsed its dist: std(fp)=8.71e-02 std(q)=0.00e+00 ratio=0.000. Consider adjust quantizer config.
  original_build_method(*args, **kwargs)
[regress] stored record: bnjettag/results/final/runs/9676418a/w1a8-s1/export_verify.json
[regress] gate1 corr_scores new=0.974917488 stored=0.974917488 |Δ|=0.00e+00
[regress] argmax new=0.897705 stored=0.897705 |Δ|=0.00e+00
[regress] params new=6,946,535
[regress] NORMED REGRESSION PASS
