/cmcode/hgq2.tar.gz: OK
WARNING: Running pip as the 'root' user can result in broken permissions and conflicting behaviour with the system package manager, possibly rendering your system unusable. It is recommended to use a virtual environment instead: https://pip.pypa.io/warnings/venv. Use the --root-user-action option if you know what you are doing and want to suppress this warning.

[notice] A new release of pip is available: 25.0.1 -> 26.2.1
[notice] To update, run: pip install --upgrade pip
WARNING: All log messages before absl::InitializeLog() is called are written to STDERR
I0000 00:00:1789624757.478373       1 cudart_stub.cc:31] Could not find cuda drivers on your machine, GPU will not be used.
WARNING: All log messages before absl::InitializeLog() is called are written to STDERR
I0000 00:00:1789624759.079439       1 cudart_stub.cc:31] Could not find cuda drivers on your machine, GPU will not be used.
E0000 00:00:1789624931.448848       1 cuda_platform.cc:52] failed call to cuInit: INTERNAL: CUDA error: Failed call to cuInit: UNKNOWN ERROR (303)
[load] r0-baseline epoch-1000
{"arm": "r0-baseline", "generation": "epoch-1000", "completed_epochs": 1000, "complete": true, "selected": {"epoch": 893, "val_macro_auc": 0.8452665068986779, "ebops": 348526}, "checkpoint_sha256": "95097bf8e6f5045344f57d6eec02ca0976ec9e90837d5ae76c7255b92b85961f", "validation_accuracy": 0.5767096774193549, "test_accuracy": 0.5747576923076924, "validation_inference_seconds": 17.20935041201301, "test_inference_seconds": 34.87917713797651, "timing_note": "CPU/GPU batch throughput with batch=2048, includes host conversion; not FPGA latency", "prediction_sha256": "8e8055c94ceee2ae89fb24f9bbed55fbeb89909c384c47658a666256fc2f3d76"}
[load] r1-channel epoch-1000
{"arm": "r1-channel", "generation": "epoch-1000", "completed_epochs": 1000, "complete": true, "selected": {"epoch": 998, "val_macro_auc": 0.851884371427292, "ebops": 317890}, "checkpoint_sha256": "d76050090655a68546e8bee51b695ef34c42083bcbd52832758b96f0e06f6e4c", "validation_accuracy": 0.5888790322580645, "test_accuracy": 0.5874307692307692, "validation_inference_seconds": 16.66626087296754, "test_inference_seconds": 34.86322499089874, "timing_note": "CPU/GPU batch throughput with batch=2048, includes host conversion; not FPGA latency", "prediction_sha256": "5ca5c9424c471786a8eed2229fe964235ee02268d211df9139f90f028eb67629"}
[load] r2-ffn32 epoch-1000
{"arm": "r2-ffn32", "generation": "epoch-1000", "completed_epochs": 1000, "complete": true, "selected": {"epoch": 725, "val_macro_auc": 0.8544567158464471, "ebops": 329838}, "checkpoint_sha256": "cf3894ba89e0427bcf92d3e6aa16068d82adc7e7f9fceea8e13b2703ac5af86c", "validation_accuracy": 0.5852338709677419, "test_accuracy": 0.5831307692307692, "validation_inference_seconds": 15.55098138214089, "test_inference_seconds": 32.53390980302356, "timing_note": "CPU/GPU batch throughput with batch=2048, includes host conversion; not FPGA latency", "prediction_sha256": "973a02627956a87bdc5340296b1ba88c45da6f09762ebf44bf7c353c99ee480f"}
[load] r3-prob8 epoch-1000
{"arm": "r3-prob8", "generation": "epoch-1000", "completed_epochs": 1000, "complete": true, "selected": {"epoch": 592, "val_macro_auc": 0.8462618106862676, "ebops": 340174}, "checkpoint_sha256": "c86e2322478be7562b4d33228d8663e2187cda4d115d41c713a573239b6ec32c", "validation_accuracy": 0.5762258064516129, "test_accuracy": 0.5734346153846154, "validation_inference_seconds": 16.636696548899636, "test_inference_seconds": 34.781649079872295, "timing_note": "CPU/GPU batch throughput with batch=2048, includes host conversion; not FPGA latency", "prediction_sha256": "873184855bf1924f12279dc0e4b10a4add34b99b14e5d6a4d60e17a6405285e1"}
[load] r4-gradual epoch-1000
{"arm": "r4-gradual", "generation": "epoch-1000", "completed_epochs": 1000, "complete": true, "selected": {"epoch": 959, "val_macro_auc": 0.8476823303826355, "ebops": 349550}, "checkpoint_sha256": "212c0cf2e41727b5b65548517887b2afedb7806fbc7b38da39422c1c991d72e6", "validation_accuracy": 0.5779596774193548, "test_accuracy": 0.5750846153846154, "validation_inference_seconds": 16.605006873840466, "test_inference_seconds": 34.8084436559584, "timing_note": "CPU/GPU batch throughput with batch=2048, includes host conversion; not FPGA latency", "prediction_sha256": "401c3b7f50e93233641aafa56a801625ff7513635b99c0026a2866c3f1be92da"}
[load] r5-recovery epoch-1000
{"arm": "r5-recovery", "generation": "epoch-1000", "completed_epochs": 1000, "complete": true, "selected": {"epoch": 204, "val_macro_auc": 0.8410189691382677, "ebops": 349390}, "checkpoint_sha256": "e622ef71f7f4f87ad04170efd4de7b0a24c39aaff3ada7db961b2af662b24e3d", "validation_accuracy": 0.5703790322580645, "test_accuracy": 0.5694038461538462, "validation_inference_seconds": 16.64957771403715, "test_inference_seconds": 34.73409871198237, "timing_note": "CPU/GPU batch throughput with batch=2048, includes host conversion; not FPGA latency", "prediction_sha256": "7315df8f8262de61cf0a6533a389d6d2adf794f4a28c32089fe43534cbc6879d"}
[load] r6-distill epoch-0898
{"arm": "r6-distill", "generation": "epoch-0898", "completed_epochs": 898, "complete": false, "selected": {"epoch": 183, "val_macro_auc": 0.8419752161356773, "ebops": 348366}, "checkpoint_sha256": "5d4979bfb53d6fc9e2547908f89d01f00f065eca5453d12798fc371f71fa4add", "validation_accuracy": 0.5712258064516129, "test_accuracy": 0.569123076923077, "validation_inference_seconds": 16.602791902143508, "test_inference_seconds": 34.89799713715911, "timing_note": "CPU/GPU batch throughput with batch=2048, includes host conversion; not FPGA latency", "prediction_sha256": "f279fa54ae68692b0ba8ff22d7a59f6bf7be859621ea6e7426e8231e46321ad6"}
[done]
