==== BENCH_ARM_ATTEMPT 0 2026-09-29T13:50:57Z phase p4-A07-k1
ARM_CPUS n=2 requested 4,6 seen 4,6 OK
BENCH_ARM chang0926-c-n64-s1 tree /work/code devices ['/physical_device:GPU:0'] tf32_enabled False test_cpu False utc 2026-09-29T13:51:00Z
ARM_MANIFEST_SHA 041f981a9d5b8c3a7affb175d82de0ca2df9bc6261a172f67cb365c88b4bbd42 expected 041f981a9d5b8c3a7affb175d82de0ca2df9bc6261a172f67cb365c88b4bbd42 OK
BENCH_CACHE {"x_train": "420ac79dcece207aca849f6ca56e6426586023c9e02f38e5d3ac596fa74d79bc", "x_val": "7b56c1b25bc0d9231767f891ec52455ecb7c5656735fcf9d404104fd2c264d31", "y_train": "a5269398e2c6e5f1fc0db98e1a99a8befea619bf0c55531293d02a286c0dd378", "y_val": "63049d9bdcfdc83af97c58bc6579e1def1ec2d9e7a6c30007793badd75217709"}
[train] chang0926-c-n64-s1 params=61951 resume_epoch=0 initial_ebops=16832899
[epoch 1/7000] EBOPs=17529372 target=5000000 above_floor=17186319 feasible=0 degenerate=0 beta=1e-07 val_AUC=0.857320 val_accuracy=0.588258 seconds=88.0 checkpoint=- ebops_trace_seconds=50.23 ebops_trace_over_epoch=0.572 loss=3.233740 host_rss_mb=2413
[epoch 2/7000] EBOPs=untraced in_training_ebops=18681677 target=5000000 beta=1e-07 val_AUC=0.891966 val_accuracy=0.654387 seconds=21.0 checkpoint=- ebops_trace_seconds=0.00 ebops_trace_over_epoch=0.003 loss=2.812771 host_rss_mb=2427
[epoch 3/7000] EBOPs=untraced in_training_ebops=15017067 target=5000000 beta=1.14e-07 val_AUC=0.886776 val_accuracy=0.642903 seconds=21.2 checkpoint=- ebops_trace_seconds=0.00 ebops_trace_over_epoch=0.003 loss=2.880589 host_rss_mb=2428
[epoch 4/7000] EBOPs=untraced in_training_ebops=15280395 target=5000000 beta=9.67e-08 val_AUC=0.905179 val_accuracy=0.672468 seconds=20.9 checkpoint=- ebops_trace_seconds=0.00 ebops_trace_over_epoch=0.003 loss=2.371238 host_rss_mb=2430
[epoch 5/7000] EBOPs=untraced in_training_ebops=12147976 target=5000000 beta=1.04e-07 val_AUC=0.900827 val_accuracy=0.683435 seconds=21.0 checkpoint=- ebops_trace_seconds=0.00 ebops_trace_over_epoch=0.003 loss=2.293103 host_rss_mb=2432
[epoch 6/7000] EBOPs=untraced in_training_ebops=11542420 target=5000000 beta=8.65e-08 val_AUC=0.892222 val_accuracy=0.654387 seconds=20.9 checkpoint=- ebops_trace_seconds=0.00 ebops_trace_over_epoch=0.003 loss=1.952532 host_rss_mb=2433
[epoch 7/7000] EBOPs=untraced in_training_ebops=9450702 target=5000000 beta=8.57e-08 val_AUC=0.879158 val_accuracy=0.615839 seconds=21.4 checkpoint=- ebops_trace_seconds=0.00 ebops_trace_over_epoch=0.003 loss=1.856829 host_rss_mb=2433
[epoch 8/7000] EBOPs=untraced in_training_ebops=9430538 target=5000000 beta=7.24e-08 val_AUC=0.883827 val_accuracy=0.633081 seconds=21.1 checkpoint=- ebops_trace_seconds=0.00 ebops_trace_over_epoch=0.003 loss=1.630592 host_rss_mb=2434
[epoch 9/7000] EBOPs=untraced in_training_ebops=8488501 target=5000000 beta=7.46e-08 val_AUC=0.893309 val_accuracy=0.675210 seconds=21.0 checkpoint=- ebops_trace_seconds=0.00 ebops_trace_over_epoch=0.003 loss=1.631921 host_rss_mb=2418
[epoch 10/7000] EBOPs=6841571 target=5000000 above_floor=6498518 feasible=0 degenerate=0 beta=6.89e-08 val_AUC=0.901107 val_accuracy=0.681806 seconds=71.1 checkpoint=- ebops_trace_seconds=50.03 ebops_trace_over_epoch=0.704 loss=1.478927 host_rss_mb=2421
[epoch 11/7000] EBOPs=untraced in_training_ebops=7298025 target=5000000 beta=5.64e-08 val_AUC=0.890987 val_accuracy=0.641903 seconds=20.9 checkpoint=- ebops_trace_seconds=0.00 ebops_trace_over_epoch=0.003 loss=1.325070 host_rss_mb=2423
[epoch 12/7000] EBOPs=untraced in_training_ebops=6907846 target=5000000 beta=6.13e-08 val_AUC=0.893796 val_accuracy=0.669032 seconds=21.0 checkpoint=- ebops_trace_seconds=0.00 ebops_trace_over_epoch=0.003 loss=1.393762 host_rss_mb=2425
[epoch 13/7000] EBOPs=untraced in_training_ebops=6199085 target=5000000 beta=5.9e-08 val_AUC=0.892575 val_accuracy=0.668935 seconds=20.9 checkpoint=- ebops_trace_seconds=0.00 ebops_trace_over_epoch=0.003 loss=1.335896 host_rss_mb=2425
[epoch 14/7000] EBOPs=untraced in_training_ebops=6169770 target=5000000 beta=5.35e-08 val_AUC=0.890385 val_accuracy=0.660323 seconds=21.0 checkpoint=- ebops_trace_seconds=0.00 ebops_trace_over_epoch=0.003 loss=1.276875 host_rss_mb=2425
[epoch 15/7000] EBOPs=untraced in_training_ebops=5615971 target=5000000 beta=5.38e-08 val_AUC=0.892523 val_accuracy=0.650129 seconds=21.0 checkpoint=- ebops_trace_seconds=0.00 ebops_trace_over_epoch=0.003 loss=1.240306 host_rss_mb=2429
[epoch 16/7000] EBOPs=untraced in_training_ebops=5507836 target=5000000 beta=4.93e-08 val_AUC=0.899947 val_accuracy=0.676242 seconds=20.9 checkpoint=- ebops_trace_seconds=0.00 ebops_trace_over_epoch=0.003 loss=1.209577 host_rss_mb=2429
[epoch 17/7000] EBOPs=untraced in_training_ebops=5332912 target=5000000 beta=4.86e-08 val_AUC=0.885762 val_accuracy=0.644532 seconds=21.0 checkpoint=- ebops_trace_seconds=0.00 ebops_trace_over_epoch=0.003 loss=1.213349 host_rss_mb=2429
[epoch 18/7000] EBOPs=untraced in_training_ebops=5176081 target=5000000 beta=4.72e-08 val_AUC=0.894271 val_accuracy=0.661710 seconds=20.9 checkpoint=- ebops_trace_seconds=0.00 ebops_trace_over_epoch=0.003 loss=1.184470 host_rss_mb=2430
[epoch 19/7000] EBOPs=untraced in_training_ebops=5088939 target=5000000 beta=4.59e-08 val_AUC=0.888645 val_accuracy=0.650016 seconds=21.0 checkpoint=- ebops_trace_seconds=0.00 ebops_trace_over_epoch=0.003 loss=1.173211 host_rss_mb=2430
[epoch 20/7000] EBOPs=4874365 target=5000000 above_floor=4531312 feasible=1 degenerate=0 beta=4.51e-08 val_AUC=0.888292 val_accuracy=0.650484 seconds=71.6 checkpoint=- ebops_trace_seconds=50.24 ebops_trace_over_epoch=0.703 loss=1.166462 host_rss_mb=2431
[epoch 21/7000] EBOPs=untraced in_training_ebops=5375371 target=5000000 beta=4.32e-08 val_AUC=0.887679 val_accuracy=0.621645 seconds=21.0 checkpoint=epoch-0021 ebops_trace_seconds=0.00 ebops_trace_over_epoch=0.003 loss=1.175461 host_rss_mb=2432
CHECKPOINT_VERIFICATION_PASS {"index": 16, "name": "chang0926-c-n64-s1", "arm": "C", "seed": 1, "n_part": 64, "file": "chang0926-c-n64-s1.json", "production": true, "target_ebops": 5000000, "zero_floor_ebops": 343053, "arch": {"d_model": 32, "n_heads": 4, "pos_enc": "learned"}, "quant_set": "chang", "config_sha256": "1f27443c764f95f42208be7c864c834bcf0fbe0be2583aa89d89c8fd3f7da156", "status": "verified_canary", "completed_epochs": 21, "selected": {"epoch": 19, "val_macro_auc": 0.8882922189269472, "val_categorical_accuracy": 0.650483870967742, "ebops": 4874365, "ebops_above_floor": 4531312}, "checkpoint": "model_best.keras", "checkpoint_sha256": "c4e34917b6663530f9d4469677ee00e248d0debc70a61c9fbe47987827229d0a", "budget_met": true, "validation_accuracy": 0.650483870967742, "validation_macro_auc": 0.8882922189269472, "validation_per_class_auc": [0.8902253708323642, 0.8621224479156979, 0.88069964002809, 0.8770706630302554, 0.9313429728283288], "wall_seconds_this_invocation": 703.7751982600312, "test_set_used": false, "hardware_validated": false, "validation_labels_sha256": "63049d9bdcfdc83af97c58bc6579e1def1ec2d9e7a6c30007793badd75217709", "reload_ebops_check": "stored", "source_sha256": "041f981a9d5b8c3a7affb175d82de0ca2df9bc6261a172f67cb365c88b4bbd42", "selection_cost": 4874365, "selection_cost_convention": "native_hgq2", "native_hgq2_backbone_ebops": 4874365, "custom_estimated_bitops": 0, "modules": {}, "warning": "Augmented total is not directly interchangeable with historical native HGQ2 totals."}
WANDB_IMPORTED False
ARM_DONE chang0926-c-n64-s1 exit 0 wall_seconds 704.0 utc 2026-09-29T14:02:45Z
