/cmcode/hgq2.tar.gz: OK
WARNING: Running pip as the 'root' user can result in broken permissions and conflicting behaviour with the system package manager, possibly rendering your system unusable. It is recommended to use a virtual environment instead: https://pip.pypa.io/warnings/venv. Use the --root-user-action option if you know what you are doing and want to suppress this warning.

[notice] A new release of pip is available: 25.0.1 -> 26.2.1
[notice] To update, run: pip install --upgrade pip
MANIFEST_SHA_OK e6ff034bfc44580a44fc96a27fedcd302f43babbef70169e90802f4ea9a0a8e3
WARNING: All log messages before absl::InitializeLog() is called are written to STDERR
I0000 00:00:1791478970.907494      16 cudart_stub.cc:31] Could not find cuda drivers on your machine, GPU will not be used.
WARNING: All log messages before absl::InitializeLog() is called are written to STDERR
I0000 00:00:1791478973.765501      16 cudart_stub.cc:31] Could not find cuda drivers on your machine, GPU will not be used.
NONDEGENERATE_THRESHOLD {"class_counts": [12479, 11882, 12499, 12579, 12561], "n_val": 62000, "p_maj": 0.20288709677419356, "se": 0.0016150697714716518, "se_multiple": 5.0, "val_accuracy_threshold": 0.2109624456315518, "labels_sha256": "e593f51fad6a19e14c1df783ab762ffd5dfd566b6b1df13ba251a41fa1ad7617", "cache": "/data/chang-n64-20260926/n64/data", "split": "validation (gated 90/10)"}
SCORE_JSON_WROTE /data/discovery-350k-20261008/attempts/baseline-e-350k-s1-a1/runs/d350-baseline-e-350k-s1/score-s1.json sha256 c5e04cb6b178852837df8ee092623f0b5ae9d9f33a2f3e20d20a0d27c0436c02
INVALID[scientific]: no feasible checkpoint in epochs < 1000
SCORE_JSON_BEGIN
{
 "invalid_class": "scientific",
 "invalid_reason": "no feasible checkpoint in epochs < 1000",
 "run_dir": "/data/discovery-350k-20261008/attempts/baseline-e-350k-s1-a1/runs/d350-baseline-e-350k-s1",
 "schema": 1,
 "score": null,
 "score_attempt": 1,
 "status": "invalid",
 "stop_epoch": 1000
}

SCORE_JSON_END
INVALID[scientific]: no feasible checkpoint in epochs < 1000
