/cmcode/hgq2.tar.gz: OK
/work/code/bnhgq2/train.py: OK
/work/code/bnhgq2/pt_weights.py: OK
[gate] archive aad983805cba + train.py + pt_weights.py + 3 arm configs verified
[setup] 2026-09-26T01:53:39Z pinned deps
WARNING: Running pip as the 'root' user can result in broken permissions and conflicting behaviour with the system package manager, possibly rendering your system unusable. It is recommended to use a virtual environment instead: https://pip.pypa.io/warnings/venv. Use the --root-user-action option if you know what you are doing and want to suppress this warning.

[notice] A new release of pip is available: 25.0.1 -> 26.2.1
[notice] To update, run: pip install --upgrade pip
NVIDIA GeForce RTX 4090, 24564 MiB
WARNING: All log messages before absl::InitializeLog() is called are written to STDERR
I0000 00:00:1790387711.875949     266 cpu_feature_guard.cc:227] This TensorFlow binary is optimized to use available CPU instructions in performance-critical operations.
To enable the following instructions: AVX2 FMA, in other operations, rebuild TensorFlow with the appropriate compiler flags.
[gpu] TF sees [PhysicalDevice(name='/physical_device:GPU:0', device_type='GPU')]
[data] 2026-09-26T01:55:16Z fetch HLS4ML LHC Jet 150p TRAIN split from Zenodo
[gpu-util] 2026-09-26T01:58:39Z last5min_mean=0.0% n=60 ram=7.9GiB
[data] tarball bytes: 2725115104
[gpu-util] 2026-09-26T02:03:39Z last5min_mean=0.0% n=60 ram=10.6GiB
[data] DATA=/work/data/train (62 files) 2026-09-26T02:03:52Z
[pack] 2026-09-26T02:03:52Z started 6 trainings: ptw-n8-0925-base-s1 ptw-n8-0925-ptw5-s1 ptw-n8-0925-ptwnc-s1 ptw-n8-0925-base-s2 ptw-n8-0925-ptw5-s2 ptw-n8-0925-ptwnc-s2
[ptw-n8-0925-base-s2] WARNING: All log messages before absl::InitializeLog() is called are written to STDERR
[ptw-n8-0925-base-s2] I0000 00:00:1790388233.309302    1357 cpu_feature_guard.cc:227] This TensorFlow binary is optimized to use available CPU instructions in performance-critical operations.
[ptw-n8-0925-base-s2] To enable the following instructions: AVX2 FMA, in other operations, rebuild TensorFlow with the appropriate compiler flags.
[ptw-n8-0925-ptw5-s1] WARNING: All log messages before absl::InitializeLog() is called are written to STDERR
[ptw-n8-0925-ptw5-s1] I0000 00:00:1790388233.315503    1345 cpu_feature_guard.cc:227] This TensorFlow binary is optimized to use available CPU instructions in performance-critical operations.
[ptw-n8-0925-ptw5-s1] To enable the following instructions: AVX2 FMA, in other operations, rebuild TensorFlow with the appropriate compiler flags.
[ptw-n8-0925-base-s1] WARNING: All log messages before absl::InitializeLog() is called are written to STDERR
[ptw-n8-0925-base-s1] I0000 00:00:1790388233.315503    1339 cpu_feature_guard.cc:227] This TensorFlow binary is optimized to use available CPU instructions in performance-critical operations.
[ptw-n8-0925-base-s1] To enable the following instructions: AVX2 FMA, in other operations, rebuild TensorFlow with the appropriate compiler flags.
[ptw-n8-0925-ptw5-s2] WARNING: All log messages before absl::InitializeLog() is called are written to STDERR
[ptw-n8-0925-ptwnc-s1] WARNING: All log messages before absl::InitializeLog() is called are written to STDERR
[ptw-n8-0925-ptwnc-s1] I0000 00:00:1790388233.318057    1351 cpu_feature_guard.cc:227] This TensorFlow binary is optimized to use available CPU instructions in performance-critical operations.
[ptw-n8-0925-ptw5-s2] I0000 00:00:1790388233.318057    1363 cpu_feature_guard.cc:227] This TensorFlow binary is optimized to use available CPU instructions in performance-critical operations.
[ptw-n8-0925-ptwnc-s1] To enable the following instructions: AVX2 FMA, in other operations, rebuild TensorFlow with the appropriate compiler flags.
[ptw-n8-0925-ptw5-s2] To enable the following instructions: AVX2 FMA, in other operations, rebuild TensorFlow with the appropriate compiler flags.
[ptw-n8-0925-ptwnc-s2] WARNING: All log messages before absl::InitializeLog() is called are written to STDERR
[ptw-n8-0925-ptwnc-s2] I0000 00:00:1790388233.333224    1370 cpu_feature_guard.cc:227] This TensorFlow binary is optimized to use available CPU instructions in performance-critical operations.
[ptw-n8-0925-ptwnc-s2] To enable the following instructions: AVX2 FMA, in other operations, rebuild TensorFlow with the appropriate compiler flags.
[ptw-n8-0925-base-s2] === ptw-n8-20260925-base-w1a8 [d69a9f52] ===
[ptw-n8-0925-ptwnc-s1] === ptw-n8-20260925-ptwnc-w1a8 [87dba270] ===
[ptw-n8-0925-ptwnc-s2] === ptw-n8-20260925-ptwnc-w1a8 [87dba270] ===
[ptw-n8-0925-ptw5-s1] === ptw-n8-20260925-ptw5-w1a8 [5814ee26] ===
[ptw-n8-0925-ptw5-s2] === ptw-n8-20260925-ptw5-w1a8 [5814ee26] ===
[ptw-n8-0925-base-s1] === ptw-n8-20260925-base-w1a8 [d69a9f52] ===
[ptw-n8-0925-base-s2] [train] L1-realistic feature subset: ['pt', 'etarel', 'phirel']
[ptw-n8-0925-ptwnc-s1] [train] L1-realistic feature subset: ['pt', 'etarel', 'phirel']
[ptw-n8-0925-base-s1] [train] L1-realistic feature subset: ['pt', 'etarel', 'phirel']
[ptw-n8-0925-ptwnc-s2] [train] L1-realistic feature subset: ['pt', 'etarel', 'phirel']
[ptw-n8-0925-ptw5-s1] [train] L1-realistic feature subset: ['pt', 'etarel', 'phirel']
[ptw-n8-0925-ptw5-s2] [train] L1-realistic feature subset: ['pt', 'etarel', 'phirel']
[ptw-n8-0925-base-s2] [train] data: 62 files, 620000 jets (496000 train / 124000 val), class counts [124848, 120211, 124937, 124654, 125350]
[ptw-n8-0925-base-s2] [train] input_std ON: per-feature z-score from train split (|mu|max=89.5, sigma_max=84.41) -> input_std.json
[ptw-n8-0925-base-s1] [train] data: 62 files, 620000 jets (496000 train / 124000 val), class counts [124848, 120211, 124937, 124654, 125350]
[ptw-n8-0925-base-s1] [train] input_std ON: per-feature z-score from train split (|mu|max=89.5, sigma_max=84.39) -> input_std.json
[ptw-n8-0925-base-s2] W0000 00:00:1790388293.650968    1357 gpu_bfc_allocator.cc:47] Overriding orig_value setting because the TF_FORCE_GPU_ALLOW_GROWTH environment variable is set. Original config value was false.
[ptw-n8-0925-base-s2] I0000 00:00:1790388293.652484    1357 gpu_device.cc:2043] Created device /job:localhost/replica:0/task:0/device:GPU:0 with 22151 MB memory:  -> device: 0, name: NVIDIA GeForce RTX 4090, pci bus id: 0000:c1:00.0, compute capability: 8.9
[ptw-n8-0925-base-s1] W0000 00:00:1790388293.991597    1339 gpu_bfc_allocator.cc:47] Overriding orig_value setting because the TF_FORCE_GPU_ALLOW_GROWTH environment variable is set. Original config value was false.
[ptw-n8-0925-base-s1] I0000 00:00:1790388293.993442    1339 gpu_device.cc:2043] Created device /job:localhost/replica:0/task:0/device:GPU:0 with 21758 MB memory:  -> device: 0, name: NVIDIA GeForce RTX 4090, pci bus id: 0000:c1:00.0, compute capability: 8.9
[ptw-n8-0925-ptwnc-s1] [train] data: 62 files, 620000 jets (496000 train / 124000 val), class counts [124848, 120211, 124937, 124654, 125350]
[ptw-n8-0925-ptw5-s2] [train] data: 62 files, 620000 jets (496000 train / 124000 val), class counts [124848, 120211, 124937, 124654, 125350]
[ptw-n8-0925-ptw5-s1] [train] data: 62 files, 620000 jets (496000 train / 124000 val), class counts [124848, 120211, 124937, 124654, 125350]
[ptw-n8-0925-ptwnc-s2] [train] data: 62 files, 620000 jets (496000 train / 124000 val), class counts [124848, 120211, 124937, 124654, 125350]
[ptw-n8-0925-ptwnc-s1] [train] pt_weights ON: n_bins=100 cap=None class_weight=None (train split only) eff_frac={'g': 0.533, 'q': 0.887, 'W': 0.364, 'Z': 0.329, 't': 0.679}
[ptw-n8-0925-ptw5-s2] [train] pt_weights ON: n_bins=100 cap=5.0 class_weight=None (train split only) eff_frac={'g': 0.532, 'q': 0.902, 'W': 0.691, 'Z': 0.697, 't': 0.688}
[ptw-n8-0925-ptwnc-s1] [train] input_std ON: per-feature z-score from train split (|mu|max=89.5, sigma_max=84.39) -> input_std.json
[ptw-n8-0925-ptw5-s2] [train] input_std ON: per-feature z-score from train split (|mu|max=89.5, sigma_max=84.41) -> input_std.json
[ptw-n8-0925-ptw5-s1] [train] pt_weights ON: n_bins=100 cap=5.0 class_weight=None (train split only) eff_frac={'g': 0.533, 'q': 0.9, 'W': 0.692, 'Z': 0.695, 't': 0.689}
[ptw-n8-0925-ptwnc-s2] [train] pt_weights ON: n_bins=100 cap=None class_weight=None (train split only) eff_frac={'g': 0.532, 'q': 0.894, 'W': 0.352, 'Z': 0.318, 't': 0.677}
[ptw-n8-0925-ptwnc-s1] W0000 00:00:1790388295.875839    1351 gpu_bfc_allocator.cc:47] Overriding orig_value setting because the TF_FORCE_GPU_ALLOW_GROWTH environment variable is set. Original config value was false.
[ptw-n8-0925-ptwnc-s1] I0000 00:00:1790388295.877405    1351 gpu_device.cc:2043] Created device /job:localhost/replica:0/task:0/device:GPU:0 with 21361 MB memory:  -> device: 0, name: NVIDIA GeForce RTX 4090, pci bus id: 0000:c1:00.0, compute capability: 8.9
[ptw-n8-0925-ptw5-s1] [train] input_std ON: per-feature z-score from train split (|mu|max=89.5, sigma_max=84.39) -> input_std.json
[ptw-n8-0925-ptwnc-s2] [train] input_std ON: per-feature z-score from train split (|mu|max=89.5, sigma_max=84.41) -> input_std.json
[ptw-n8-0925-ptw5-s2] W0000 00:00:1790388296.041869    1363 gpu_bfc_allocator.cc:47] Overriding orig_value setting because the TF_FORCE_GPU_ALLOW_GROWTH environment variable is set. Original config value was false.
[ptw-n8-0925-ptw5-s2] I0000 00:00:1790388296.043376    1363 gpu_device.cc:2043] Created device /job:localhost/replica:0/task:0/device:GPU:0 with 20967 MB memory:  -> device: 0, name: NVIDIA GeForce RTX 4090, pci bus id: 0000:c1:00.0, compute capability: 8.9
[ptw-n8-0925-ptwnc-s2] W0000 00:00:1790388296.659455    1370 gpu_bfc_allocator.cc:47] Overriding orig_value setting because the TF_FORCE_GPU_ALLOW_GROWTH environment variable is set. Original config value was false.
[ptw-n8-0925-ptw5-s1] W0000 00:00:1790388296.660844    1345 gpu_bfc_allocator.cc:47] Overriding orig_value setting because the TF_FORCE_GPU_ALLOW_GROWTH environment variable is set. Original config value was false.
[ptw-n8-0925-ptwnc-s2] I0000 00:00:1790388296.662240    1370 gpu_device.cc:2043] Created device /job:localhost/replica:0/task:0/device:GPU:0 with 20183 MB memory:  -> device: 0, name: NVIDIA GeForce RTX 4090, pci bus id: 0000:c1:00.0, compute capability: 8.9
[ptw-n8-0925-ptw5-s1] I0000 00:00:1790388296.662952    1345 gpu_device.cc:2043] Created device /job:localhost/replica:0/task:0/device:GPU:0 with 20183 MB memory:  -> device: 0, name: NVIDIA GeForce RTX 4090, pci bus id: 0000:c1:00.0, compute capability: 8.9
[ptw-n8-0925-base-s2] I0000 00:00:1790388299.069670    1585 service.cc:153] XLA service 0x7e1428042520 initialized for platform CUDA (this does not guarantee that XLA will be used). Devices:
[ptw-n8-0925-base-s2] I0000 00:00:1790388299.069697    1585 service.cc:161]   StreamExecutor [0]: NVIDIA GeForce RTX 4090, Compute Capability 8.9 (Driver: 13.2.0; Runtime: 12.9.0; Toolkit: 12.5.0; DNN: 9.26.0)
[ptw-n8-0925-base-s2] I0000 00:00:1790388299.205398    1585 dump_mlir_util.cc:269] disabling MLIR crash reproducer, set env var `MLIR_CRASH_REPRODUCER_DIRECTORY` to enable.
[ptw-n8-0925-base-s1] I0000 00:00:1790388299.408402    1624 service.cc:153] XLA service 0x74999c0418a0 initialized for platform CUDA (this does not guarantee that XLA will be used). Devices:
[ptw-n8-0925-base-s1] I0000 00:00:1790388299.408428    1624 service.cc:161]   StreamExecutor [0]: NVIDIA GeForce RTX 4090, Compute Capability 8.9 (Driver: 13.2.0; Runtime: 12.9.0; Toolkit: 12.5.0; DNN: 9.26.0)
[ptw-n8-0925-base-s2] I0000 00:00:1790388299.456382    1585 cuda_dnn.cc:461] Loaded cuDNN version 92600
[ptw-n8-0925-base-s1] I0000 00:00:1790388299.570275    1624 dump_mlir_util.cc:269] disabling MLIR crash reproducer, set env var `MLIR_CRASH_REPRODUCER_DIRECTORY` to enable.
[ptw-n8-0925-base-s2] I0000 00:00:1790388299.764474    1585 dot_search_space.cc:240] All configs were filtered out because none of them sufficiently match the hints. Maybe the hints set does not contain a good representative set of valid configs? Working around this by using the full hints set instead.
[ptw-n8-0925-base-s1] I0000 00:00:1790388299.896116    1624 cuda_dnn.cc:461] Loaded cuDNN version 92600
[ptw-n8-0925-base-s1] I0000 00:00:1790388300.428489    1624 dot_search_space.cc:240] All configs were filtered out because none of them sufficiently match the hints. Maybe the hints set does not contain a good representative set of valid configs? Working around this by using the full hints set instead.
[ptw-n8-0925-base-s2] I0000 00:00:1790388300.730157    1585 dot_search_space.cc:240] All configs were filtered out because none of them sufficiently match the hints. Maybe the hints set does not contain a good representative set of valid configs? Working around this by using the full hints set instead.
[ptw-n8-0925-base-s1] I0000 00:00:1790388301.673666    1624 dot_search_space.cc:240] All configs were filtered out because none of them sufficiently match the hints. Maybe the hints set does not contain a good representative set of valid configs? Working around this by using the full hints set instead.
[ptw-n8-0925-base-s2] I0000 00:00:1790388301.729472    1585 dot_search_space.cc:240] All configs were filtered out because none of them sufficiently match the hints. Maybe the hints set does not contain a good representative set of valid configs? Working around this by using the full hints set instead.
[ptw-n8-0925-ptwnc-s1] I0000 00:00:1790388302.159294    1757 service.cc:153] XLA service 0x70641c042e60 initialized for platform CUDA (this does not guarantee that XLA will be used). Devices:
[ptw-n8-0925-ptwnc-s1] I0000 00:00:1790388302.159332    1757 service.cc:161]   StreamExecutor [0]: NVIDIA GeForce RTX 4090, Compute Capability 8.9 (Driver: 13.2.0; Runtime: 12.9.0; Toolkit: 12.5.0; DNN: 9.26.0)
[ptw-n8-0925-ptwnc-s1] I0000 00:00:1790388302.544430    1757 dump_mlir_util.cc:269] disabling MLIR crash reproducer, set env var `MLIR_CRASH_REPRODUCER_DIRECTORY` to enable.
[ptw-n8-0925-ptw5-s2] I0000 00:00:1790388302.628398    1784 service.cc:153] XLA service 0x7670a40428e0 initialized for platform CUDA (this does not guarantee that XLA will be used). Devices:
[ptw-n8-0925-ptw5-s2] I0000 00:00:1790388302.628427    1784 service.cc:161]   StreamExecutor [0]: NVIDIA GeForce RTX 4090, Compute Capability 8.9 (Driver: 13.2.0; Runtime: 12.9.0; Toolkit: 12.5.0; DNN: 9.26.0)
[ptw-n8-0925-base-s2] I0000 00:00:1790388302.657990    1585 dot_search_space.cc:240] All configs were filtered out because none of them sufficiently match the hints. Maybe the hints set does not contain a good representative set of valid configs? Working around this by using the full hints set instead.
[ptw-n8-0925-base-s1] I0000 00:00:1790388302.806289    1624 dot_search_space.cc:240] All configs were filtered out because none of them sufficiently match the hints. Maybe the hints set does not contain a good representative set of valid configs? Working around this by using the full hints set instead.
[ptw-n8-0925-ptw5-s2] I0000 00:00:1790388302.849827    1784 dump_mlir_util.cc:269] disabling MLIR crash reproducer, set env var `MLIR_CRASH_REPRODUCER_DIRECTORY` to enable.
[ptw-n8-0925-ptwnc-s1] I0000 00:00:1790388302.867275    1757 cuda_dnn.cc:461] Loaded cuDNN version 92600
[ptw-n8-0925-ptw5-s2] I0000 00:00:1790388303.350851    1784 cuda_dnn.cc:461] Loaded cuDNN version 92600
[ptw-n8-0925-ptwnc-s2] I0000 00:00:1790388303.399308    1881 service.cc:153] XLA service 0x739314041eb0 initialized for platform CUDA (this does not guarantee that XLA will be used). Devices:
[ptw-n8-0925-ptwnc-s2] I0000 00:00:1790388303.399349    1881 service.cc:161]   StreamExecutor [0]: NVIDIA GeForce RTX 4090, Compute Capability 8.9 (Driver: 13.2.0; Runtime: 12.9.0; Toolkit: 12.5.0; DNN: 9.26.0)
[ptw-n8-0925-ptwnc-s1] I0000 00:00:1790388303.456566    1757 dot_search_space.cc:240] All configs were filtered out because none of them sufficiently match the hints. Maybe the hints set does not contain a good representative set of valid configs? Working around this by using the full hints set instead.
[ptw-n8-0925-ptw5-s1] I0000 00:00:1790388303.627458    1886 service.cc:153] XLA service 0x7cd4a4043b40 initialized for platform CUDA (this does not guarantee that XLA will be used). Devices:
[ptw-n8-0925-ptw5-s1] I0000 00:00:1790388303.627494    1886 service.cc:161]   StreamExecutor [0]: NVIDIA GeForce RTX 4090, Compute Capability 8.9 (Driver: 13.2.0; Runtime: 12.9.0; Toolkit: 12.5.0; DNN: 9.26.0)
[ptw-n8-0925-ptwnc-s2] I0000 00:00:1790388303.663044    1881 dump_mlir_util.cc:269] disabling MLIR crash reproducer, set env var `MLIR_CRASH_REPRODUCER_DIRECTORY` to enable.
[ptw-n8-0925-ptw5-s2] I0000 00:00:1790388303.876230    1784 dot_search_space.cc:240] All configs were filtered out because none of them sufficiently match the hints. Maybe the hints set does not contain a good representative set of valid configs? Working around this by using the full hints set instead.
[ptw-n8-0925-ptw5-s1] I0000 00:00:1790388303.885503    1886 dump_mlir_util.cc:269] disabling MLIR crash reproducer, set env var `MLIR_CRASH_REPRODUCER_DIRECTORY` to enable.
[ptw-n8-0925-base-s1] I0000 00:00:1790388303.922216    1624 dot_search_space.cc:240] All configs were filtered out because none of them sufficiently match the hints. Maybe the hints set does not contain a good representative set of valid configs? Working around this by using the full hints set instead.
[ptw-n8-0925-ptwnc-s2] I0000 00:00:1790388304.242336    1881 cuda_dnn.cc:461] Loaded cuDNN version 92600
[ptw-n8-0925-ptwnc-s2] I0000 00:00:1790388304.851155    1881 dot_search_space.cc:240] All configs were filtered out because none of them sufficiently match the hints. Maybe the hints set does not contain a good representative set of valid configs? Working around this by using the full hints set instead.
[ptw-n8-0925-ptw5-s1] I0000 00:00:1790388304.859831    1886 cuda_dnn.cc:461] Loaded cuDNN version 92600
[ptw-n8-0925-ptwnc-s1] I0000 00:00:1790388304.987486    1757 dot_search_space.cc:240] All configs were filtered out because none of them sufficiently match the hints. Maybe the hints set does not contain a good representative set of valid configs? Working around this by using the full hints set instead.
[ptw-n8-0925-ptw5-s1] I0000 00:00:1790388305.469607    1886 dot_search_space.cc:240] All configs were filtered out because none of them sufficiently match the hints. Maybe the hints set does not contain a good representative set of valid configs? Working around this by using the full hints set instead.
[ptw-n8-0925-ptw5-s2] I0000 00:00:1790388305.889370    1784 dot_search_space.cc:240] All configs were filtered out because none of them sufficiently match the hints. Maybe the hints set does not contain a good representative set of valid configs? Working around this by using the full hints set instead.
[ptw-n8-0925-ptwnc-s1] I0000 00:00:1790388306.657045    1757 dot_search_space.cc:240] All configs were filtered out because none of them sufficiently match the hints. Maybe the hints set does not contain a good representative set of valid configs? Working around this by using the full hints set instead.
[ptw-n8-0925-ptwnc-s2] I0000 00:00:1790388307.006636    1881 dot_search_space.cc:240] All configs were filtered out because none of them sufficiently match the hints. Maybe the hints set does not contain a good representative set of valid configs? Working around this by using the full hints set instead.
[ptw-n8-0925-ptw5-s2] I0000 00:00:1790388307.204796    1784 dot_search_space.cc:240] All configs were filtered out because none of them sufficiently match the hints. Maybe the hints set does not contain a good representative set of valid configs? Working around this by using the full hints set instead.
[ptw-n8-0925-ptw5-s1] I0000 00:00:1790388307.708923    1886 dot_search_space.cc:240] All configs were filtered out because none of them sufficiently match the hints. Maybe the hints set does not contain a good representative set of valid configs? Working around this by using the full hints set instead.
[ptw-n8-0925-ptwnc-s1] I0000 00:00:1790388308.269402    1757 dot_search_space.cc:240] All configs were filtered out because none of them sufficiently match the hints. Maybe the hints set does not contain a good representative set of valid configs? Working around this by using the full hints set instead.
[ptw-n8-0925-ptw5-s2] I0000 00:00:1790388308.739572    1784 dot_search_space.cc:240] All configs were filtered out because none of them sufficiently match the hints. Maybe the hints set does not contain a good representative set of valid configs? Working around this by using the full hints set instead.
[ptw-n8-0925-ptwnc-s2] I0000 00:00:1790388309.125914    1881 dot_search_space.cc:240] All configs were filtered out because none of them sufficiently match the hints. Maybe the hints set does not contain a good representative set of valid configs? Working around this by using the full hints set instead.
[ptw-n8-0925-ptw5-s1] I0000 00:00:1790388309.329996    1886 dot_search_space.cc:240] All configs were filtered out because none of them sufficiently match the hints. Maybe the hints set does not contain a good representative set of valid configs? Working around this by using the full hints set instead.
[ptw-n8-0925-ptwnc-s2] I0000 00:00:1790388310.327721    1881 dot_search_space.cc:240] All configs were filtered out because none of them sufficiently match the hints. Maybe the hints set does not contain a good representative set of valid configs? Working around this by using the full hints set instead.
[ptw-n8-0925-ptw5-s1] I0000 00:00:1790388310.367690    1886 dot_search_space.cc:240] All configs were filtered out because none of them sufficiently match the hints. Maybe the hints set does not contain a good representative set of valid configs? Working around this by using the full hints set instead.
[ptw-n8-0925-base-s2] I0000 00:00:1790388310.830768    1585 device_compiler.h:208] Compiled cluster using XLA!  This line is logged at most once for the lifetime of the process.
[ptw-n8-0925-base-s1] I0000 00:00:1790388311.789260    1624 device_compiler.h:208] Compiled cluster using XLA!  This line is logged at most once for the lifetime of the process.
[ptw-n8-0925-base-s2] [train] ptw-n8-20260925-base-w1a8 params=18,657 trainable=18,511 act_sites=19 act_calib=trainable
[ptw-n8-0925-base-s2] [train] binary gate OK (15 bit-layers exactly +/-beta)
[ptw-n8-0925-ptw5-s2] I0000 00:00:1790388313.445570    1784 device_compiler.h:208] Compiled cluster using XLA!  This line is logged at most once for the lifetime of the process.
[ptw-n8-0925-base-s2] Epoch 1/101
[ptw-n8-0925-ptwnc-s1] I0000 00:00:1790388313.893731    1757 device_compiler.h:208] Compiled cluster using XLA!  This line is logged at most once for the lifetime of the process.
[ptw-n8-0925-base-s1] [train] ptw-n8-20260925-base-w1a8 params=18,657 trainable=18,511 act_sites=19 act_calib=trainable
[ptw-n8-0925-base-s1] [train] binary gate OK (15 bit-layers exactly +/-beta)
[ptw-n8-0925-ptwnc-s2] I0000 00:00:1790388314.202625    1881 device_compiler.h:208] Compiled cluster using XLA!  This line is logged at most once for the lifetime of the process.
[ptw-n8-0925-base-s1] Epoch 1/101
[ptw-n8-0925-ptw5-s1] I0000 00:00:1790388314.602154    1886 device_compiler.h:208] Compiled cluster using XLA!  This line is logged at most once for the lifetime of the process.
[ptw-n8-0925-ptw5-s2] [train] ptw-n8-20260925-ptw5-w1a8 params=18,657 trainable=18,511 act_sites=19 act_calib=trainable
[ptw-n8-0925-ptw5-s2] [train] binary gate OK (15 bit-layers exactly +/-beta)
[ptw-n8-0925-ptw5-s2] Epoch 1/101
[ptw-n8-0925-ptwnc-s1] [train] ptw-n8-20260925-ptwnc-w1a8 params=18,657 trainable=18,511 act_sites=19 act_calib=trainable
[ptw-n8-0925-ptwnc-s1] [train] binary gate OK (15 bit-layers exactly +/-beta)
[ptw-n8-0925-ptwnc-s1] Epoch 1/101
[ptw-n8-0925-ptwnc-s2] [train] ptw-n8-20260925-ptwnc-w1a8 params=18,657 trainable=18,511 act_sites=19 act_calib=trainable
[ptw-n8-0925-ptwnc-s2] [train] binary gate OK (15 bit-layers exactly +/-beta)
[ptw-n8-0925-ptw5-s1] [train] ptw-n8-20260925-ptw5-w1a8 params=18,657 trainable=18,511 act_sites=19 act_calib=trainable
[ptw-n8-0925-ptw5-s1] [train] binary gate OK (15 bit-layers exactly +/-beta)
[ptw-n8-0925-ptwnc-s2] Epoch 1/101
[ptw-n8-0925-ptw5-s1] Epoch 1/101
[bench] all 6 processes at fit start: T0=1790388318 (2026-09-26T02:05:18Z)
[ptw-n8-0925-base-s1]   [epoch 0] val_macro_auc=0.74641 per_class=[0.7077, 0.7843, 0.6719, 0.6803, 0.8879]
[ptw-n8-0925-base-s1]   [epoch 0] new best -> saved /work/outputs/ptw-n8-0925-base-s1/model_best.keras
[ptw-n8-0925-base-s1] 1938/1938 - 144s - 74ms/step - categorical_accuracy: 0.3771 - loss: 1.4874 - val_macro_auc: 0.7464 - learning_rate: 2.0000e-05
[ptw-n8-0925-base-s1] Epoch 2/101
[ptw-n8-0925-base-s2]   [epoch 0] val_macro_auc=0.77207 per_class=[0.6848, 0.7911, 0.7214, 0.7624, 0.9006]
[ptw-n8-0925-base-s2]   [epoch 0] new best -> saved /work/outputs/ptw-n8-0925-base-s2/model_best.keras
[ptw-n8-0925-base-s2] 1938/1938 - 147s - 76ms/step - categorical_accuracy: 0.3918 - loss: 1.4458 - val_macro_auc: 0.7721 - learning_rate: 2.0000e-05
[ptw-n8-0925-base-s2] Epoch 2/101
[ptw-n8-0925-ptw5-s2]   [epoch 0] val_macro_auc=0.74090 per_class=[0.651, 0.7842, 0.6664, 0.7035, 0.8994]
[ptw-n8-0925-ptwnc-s1]   [epoch 0] val_macro_auc=0.73463 per_class=[0.6964, 0.7782, 0.6233, 0.6934, 0.8817]
[ptw-n8-0925-ptwnc-s1]   [epoch 0] new best -> saved /work/outputs/ptw-n8-0925-ptwnc-s1/model_best.keras
[ptw-n8-0925-ptw5-s2]   [epoch 0] new best -> saved /work/outputs/ptw-n8-0925-ptw5-s2/model_best.keras
[ptw-n8-0925-ptwnc-s1] 1938/1938 - 147s - 76ms/step - categorical_accuracy: 0.3671 - loss: 1.4898 - val_macro_auc: 0.7346 - learning_rate: 2.0000e-05
[ptw-n8-0925-ptwnc-s1] Epoch 2/101
[ptw-n8-0925-ptw5-s2] 1938/1938 - 147s - 76ms/step - categorical_accuracy: 0.3905 - loss: 1.4428 - val_macro_auc: 0.7409 - learning_rate: 2.0000e-05
[ptw-n8-0925-ptw5-s2] Epoch 2/101
[ptw-n8-0925-ptwnc-s2]   [epoch 0] val_macro_auc=0.74001 per_class=[0.6498, 0.7816, 0.6536, 0.7157, 0.8993]
[ptw-n8-0925-ptw5-s1]   [epoch 0] val_macro_auc=0.73741 per_class=[0.6966, 0.7802, 0.6272, 0.6996, 0.8835]
[ptw-n8-0925-ptwnc-s2]   [epoch 0] new best -> saved /work/outputs/ptw-n8-0925-ptwnc-s2/model_best.keras
[ptw-n8-0925-ptwnc-s2] 1938/1938 - 148s - 76ms/step - categorical_accuracy: 0.3847 - loss: 1.4517 - val_macro_auc: 0.7400 - learning_rate: 2.0000e-05
[ptw-n8-0925-ptwnc-s2] Epoch 2/101
[ptw-n8-0925-ptw5-s1]   [epoch 0] new best -> saved /work/outputs/ptw-n8-0925-ptw5-s1/model_best.keras
[ptw-n8-0925-ptw5-s1] 1938/1938 - 148s - 76ms/step - categorical_accuracy: 0.3697 - loss: 1.4815 - val_macro_auc: 0.7374 - learning_rate: 2.0000e-05
[ptw-n8-0925-ptw5-s1] Epoch 2/101
[gpu-util] 2026-09-26T02:08:39Z last5min_mean=59.1% n=60 ram=18.2GiB
[ptw-n8-0925-base-s1]   [epoch 1] val_macro_auc=0.79107 per_class=[0.7352, 0.8042, 0.7458, 0.7746, 0.8955]
[ptw-n8-0925-base-s1]   [epoch 1] new best -> saved /work/outputs/ptw-n8-0925-base-s1/model_best.keras
[ptw-n8-0925-base-s1] 1938/1938 - 116s - 60ms/step - categorical_accuracy: 0.4778 - loss: 1.3147 - val_macro_auc: 0.7911 - learning_rate: 2.0000e-05
[ptw-n8-0925-base-s1] Epoch 3/101
[ptw-n8-0925-base-s2]   [epoch 1] val_macro_auc=0.79993 per_class=[0.7248, 0.8121, 0.7807, 0.7795, 0.9025]
[ptw-n8-0925-base-s2]   [epoch 1] new best -> saved /work/outputs/ptw-n8-0925-base-s2/model_best.keras
[ptw-n8-0925-base-s2] 1938/1938 - 119s - 61ms/step - categorical_accuracy: 0.4936 - loss: 1.2865 - val_macro_auc: 0.7999 - learning_rate: 2.0000e-05
[ptw-n8-0925-base-s2] Epoch 3/101
[ptw-n8-0925-ptwnc-s1]   [epoch 1] val_macro_auc=0.78055 per_class=[0.7171, 0.7994, 0.7367, 0.7596, 0.89]
[ptw-n8-0925-ptwnc-s2]   [epoch 1] val_macro_auc=0.78070 per_class=[0.6869, 0.7984, 0.7418, 0.7757, 0.9007]
[ptw-n8-0925-ptwnc-s1]   [epoch 1] new best -> saved /work/outputs/ptw-n8-0925-ptwnc-s1/model_best.keras
[ptw-n8-0925-ptwnc-s1] 1938/1938 - 120s - 62ms/step - categorical_accuracy: 0.4663 - loss: 1.3127 - val_macro_auc: 0.7806 - learning_rate: 2.0000e-05
[ptw-n8-0925-ptwnc-s1] Epoch 3/101
[ptw-n8-0925-ptw5-s1]   [epoch 1] val_macro_auc=0.78059 per_class=[0.7213, 0.8011, 0.7252, 0.7651, 0.8902]
[ptw-n8-0925-ptwnc-s2]   [epoch 1] new best -> saved /work/outputs/ptw-n8-0925-ptwnc-s2/model_best.keras
[ptw-n8-0925-ptwnc-s2] 1938/1938 - 120s - 62ms/step - categorical_accuracy: 0.4777 - loss: 1.2939 - val_macro_auc: 0.7807 - learning_rate: 2.0000e-05
[ptw-n8-0925-ptwnc-s2] Epoch 3/101
[ptw-n8-0925-ptw5-s1]   [epoch 1] new best -> saved /work/outputs/ptw-n8-0925-ptw5-s1/model_best.keras
[ptw-n8-0925-ptw5-s1] 1938/1938 - 120s - 62ms/step - categorical_accuracy: 0.4708 - loss: 1.2984 - val_macro_auc: 0.7806 - learning_rate: 2.0000e-05
[ptw-n8-0925-ptw5-s1] Epoch 3/101
[ptw-n8-0925-ptw5-s2]   [epoch 1] val_macro_auc=0.78099 per_class=[0.6916, 0.7989, 0.7394, 0.7743, 0.9008]
[ptw-n8-0925-ptw5-s2]   [epoch 1] new best -> saved /work/outputs/ptw-n8-0925-ptw5-s2/model_best.keras
[ptw-n8-0925-ptw5-s2] 1938/1938 - 138s - 71ms/step - categorical_accuracy: 0.4833 - loss: 1.2796 - val_macro_auc: 0.7810 - learning_rate: 2.0000e-05
[ptw-n8-0925-ptw5-s2] Epoch 3/101
[ptw-n8-0925-base-s1]   [epoch 2] val_macro_auc=0.80861 per_class=[0.7591, 0.8144, 0.7838, 0.785, 0.9007]
[ptw-n8-0925-base-s1]   [epoch 2] new best -> saved /work/outputs/ptw-n8-0925-base-s1/model_best.keras
[ptw-n8-0925-base-s1] 1938/1938 - 118s - 61ms/step - categorical_accuracy: 0.5129 - loss: 1.2288 - val_macro_auc: 0.8086 - learning_rate: 1.9800e-05
[ptw-n8-0925-base-s1] Epoch 4/101
[ptw-n8-0925-base-s2]   [epoch 2] val_macro_auc=0.81004 per_class=[0.7554, 0.8183, 0.7883, 0.7844, 0.9038]
[ptw-n8-0925-base-s2]   [epoch 2] new best -> saved /work/outputs/ptw-n8-0925-base-s2/model_best.keras
[ptw-n8-0925-base-s2] 1938/1938 - 123s - 63ms/step - categorical_accuracy: 0.5096 - loss: 1.2169 - val_macro_auc: 0.8100 - learning_rate: 1.9800e-05
[ptw-n8-0925-base-s2] Epoch 4/101
[ptw-n8-0925-ptwnc-s2]   [epoch 2] val_macro_auc=0.79404 per_class=[0.7066, 0.8095, 0.7738, 0.7828, 0.8976]
[ptw-n8-0925-ptwnc-s1]   [epoch 2] val_macro_auc=0.79874 per_class=[0.7408, 0.8081, 0.7727, 0.7804, 0.8917]
[ptw-n8-0925-ptwnc-s2]   [epoch 2] new best -> saved /work/outputs/ptw-n8-0925-ptwnc-s2/model_best.keras
[ptw-n8-0925-ptwnc-s2] 1938/1938 - 121s - 62ms/step - categorical_accuracy: 0.5071 - loss: 1.2287 - val_macro_auc: 0.7940 - learning_rate: 1.9800e-05
[ptw-n8-0925-ptwnc-s2] Epoch 4/101
[ptw-n8-0925-ptwnc-s1]   [epoch 2] new best -> saved /work/outputs/ptw-n8-0925-ptwnc-s1/model_best.keras
[ptw-n8-0925-ptwnc-s1] 1938/1938 - 122s - 63ms/step - categorical_accuracy: 0.5056 - loss: 1.2374 - val_macro_auc: 0.7987 - learning_rate: 1.9800e-05
[ptw-n8-0925-ptwnc-s1] Epoch 4/101
[ptw-n8-0925-ptw5-s1]   [epoch 2] val_macro_auc=0.80188 per_class=[0.7441, 0.8119, 0.7794, 0.7822, 0.8917]
[ptw-n8-0925-ptw5-s1]   [epoch 2] new best -> saved /work/outputs/ptw-n8-0925-ptw5-s1/model_best.keras
[ptw-n8-0925-ptw5-s1] 1938/1938 - 122s - 63ms/step - categorical_accuracy: 0.5088 - loss: 1.2183 - val_macro_auc: 0.8019 - learning_rate: 1.9800e-05
[ptw-n8-0925-ptw5-s1] Epoch 4/101
[ptw-n8-0925-ptw5-s2]   [epoch 2] val_macro_auc=0.79997 per_class=[0.7186, 0.8166, 0.7825, 0.7838, 0.8984]
[ptw-n8-0925-ptw5-s2]   [epoch 2] new best -> saved /work/outputs/ptw-n8-0925-ptw5-s2/model_best.keras
[ptw-n8-0925-ptw5-s2] 1938/1938 - 121s - 63ms/step - categorical_accuracy: 0.5096 - loss: 1.2129 - val_macro_auc: 0.8000 - learning_rate: 1.9800e-05
[ptw-n8-0925-ptw5-s2] Epoch 4/101
[ptw-n8-0925-base-s1]   [epoch 3] val_macro_auc=0.82115 per_class=[0.7721, 0.8216, 0.8069, 0.8029, 0.9023]
[ptw-n8-0925-base-s1]   [epoch 3] new best -> saved /work/outputs/ptw-n8-0925-base-s1/model_best.keras
[ptw-n8-0925-base-s1] 1938/1938 - 119s - 61ms/step - categorical_accuracy: 0.5314 - loss: 1.1798 - val_macro_auc: 0.8212 - learning_rate: 1.9600e-05
[ptw-n8-0925-base-s1] Epoch 5/101
[gpu-util] 2026-09-26T02:13:39Z last5min_mean=98.0% n=60 ram=18.4GiB
[ptw-n8-0925-base-s2]   [epoch 3] val_macro_auc=0.81679 per_class=[0.7632, 0.8211, 0.8001, 0.7943, 0.9052]
[ptw-n8-0925-base-s2]   [epoch 3] new best -> saved /work/outputs/ptw-n8-0925-base-s2/model_best.keras
[ptw-n8-0925-base-s2] 1938/1938 - 121s - 63ms/step - categorical_accuracy: 0.5240 - loss: 1.1782 - val_macro_auc: 0.8168 - learning_rate: 1.9600e-05
[ptw-n8-0925-base-s2] Epoch 5/101
[ptw-n8-0925-ptwnc-s2]   [epoch 3] val_macro_auc=0.80720 per_class=[0.7372, 0.8133, 0.7981, 0.7878, 0.8996]
[ptw-n8-0925-ptwnc-s1]   [epoch 3] val_macro_auc=0.80838 per_class=[0.7506, 0.8137, 0.7953, 0.7861, 0.8963]
[ptw-n8-0925-ptwnc-s2]   [epoch 3] new best -> saved /work/outputs/ptw-n8-0925-ptwnc-s2/model_best.keras
[ptw-n8-0925-ptwnc-s2] 1938/1938 - 121s - 62ms/step - categorical_accuracy: 0.5189 - loss: 1.1816 - val_macro_auc: 0.8072 - learning_rate: 1.9600e-05
[ptw-n8-0925-ptwnc-s2] Epoch 5/101
[ptw-n8-0925-ptwnc-s1]   [epoch 3] new best -> saved /work/outputs/ptw-n8-0925-ptwnc-s1/model_best.keras
[ptw-n8-0925-ptwnc-s1] 1938/1938 - 122s - 63ms/step - categorical_accuracy: 0.5228 - loss: 1.1889 - val_macro_auc: 0.8084 - learning_rate: 1.9600e-05
[ptw-n8-0925-ptwnc-s1] Epoch 5/101
[ptw-n8-0925-ptw5-s1]   [epoch 3] val_macro_auc=0.81125 per_class=[0.7503, 0.8178, 0.7968, 0.7942, 0.8971]
[ptw-n8-0925-ptw5-s1]   [epoch 3] new best -> saved /work/outputs/ptw-n8-0925-ptw5-s1/model_best.keras
[ptw-n8-0925-ptw5-s1] 1938/1938 - 122s - 63ms/step - categorical_accuracy: 0.5258 - loss: 1.1723 - val_macro_auc: 0.8113 - learning_rate: 1.9600e-05
[ptw-n8-0925-ptw5-s1] Epoch 5/101
[ptw-n8-0925-ptw5-s2]   [epoch 3] val_macro_auc=0.80832 per_class=[0.7393, 0.8209, 0.7926, 0.7893, 0.8995]
[ptw-n8-0925-ptw5-s2]   [epoch 3] new best -> saved /work/outputs/ptw-n8-0925-ptw5-s2/model_best.keras
[ptw-n8-0925-ptw5-s2] 1938/1938 - 122s - 63ms/step - categorical_accuracy: 0.5187 - loss: 1.1622 - val_macro_auc: 0.8083 - learning_rate: 1.9600e-05
[ptw-n8-0925-ptw5-s2] Epoch 5/101
[bench] gpu=NVIDIA GeForce RTX 4090 window=600s samples=119 util_mean=94.6% median=98.0% p10=97.0% min=0% max=99% gpu_mem_max=5032MiB ram_peak=18.39GiB cpu_cores_used=5.90
BENCH_UTIL_MEAN=94.6
[bench] dmon (sm%/mem% per 5 s):
# gpu     sm    mem    enc    dec    jpg    ofa     fb   bar1   ccpm 
# Idx      %      %      %      %      %      %     MB     MB     MB 
    0      0      0      0      0      0      0   4008     14      0 
    0      0      0      0      0      0      0   4008     14      0 
    0      0      0      0      0      0      0   4008     14      0 
    0      0      0      0      0      0      0   4008     14      0 
    0     87      3      0      0      0      0   4008     14      0 
    0     98      2      0      0      0      0   4008     14      0 
    0     98      2      0      0      0      0   4008     14      0 
    0     98      2      0      0      0      0   4008     14      0 
    0     98      2      0      0      0      0   4008     14      0 
    0     98      2      0      0      0      0   4008     14      0 
    0     98      2      0      0      0      0   4008     14      0 
    0     98      2      0      0      0      0   4008     14      0 
    0     98      2      0      0      0      0   4008     14      0 
    0     98      2      0      0      0      0   4008     14      0 
    0     98      2      0      0      0      0   4008     14      0 
    0     98      2      0      0      0      0   4008     14      0 
    0     98      2      0      0      0      0   4008     14      0 
    0     98      2      0      0      0      0   4008     14      0 
    0     98      2      0      0      0      0   4008     14      0 
    0     98      2      0      0      0      0   4008     14      0 
    0     98      2      0      0      0      0   4008     14      0 
    0     98      2      0      0      0      0   4008     14      0 
    0     98      2      0      0      0      0   4008     14      0 
    0     98      2      0      0      0      0   4008     14      0 
    0     98      2      0      0      0      0   4008     14      0 
    0     98      2      0      0      0      0   4008     14      0 
    0     98      2      0      0      0      0   4008     14      0 
    0     98      6      0      0      0      0   4264     14      0 
    0     23      3      0      0      0      0   4776     14      0 
    0     96      3      0      0      0      0   5032     14      0 
    0     98      2      0      0      0      0   5032     14      0 
    0     97      2      0      0      0      0   5032     14      0 
    0     98      2      0      0      0      0   5032     14      0 
    0     98      2      0      0      0      0   5032     14      0 
    0     98      2      0      0      0      0   5032     14      0 
    0     98      2      0      0      0      0   5032     14      0 
    0     98      2      0      0      0      0   5032     14      0 
    0     97      2      0      0      0      0   5032     14      0 
    0     98      2      0      0      0      0   5032     14      0 
    0     98      2      0      0      0      0   5032     14      0 
    0     98      2      0      0      0      0   5032     14      0 
    0     98      2      0      0      0      0   5032     14      0 
    0     98      2      0      0      0      0   5032     14      0 
    0     97      2      0      0      0      0   5032     14      0 
# gpu     sm    mem    enc    dec    jpg    ofa     fb   bar1   ccpm 
# Idx      %      %      %      %      %      %     MB     MB     MB 
    0     98      2      0      0      0      0   5032     14      0 
    0     98      2      0      0      0      0   5032     14      0 
    0     98      2      0      0      0      0   5032     14      0 
    0     98      2      0      0      0      0   5032     14      0 
    0     98      2      0      0      0      0   5032     14      0 
    0     98      2      0      0      0      0   5032     14      0 
    0     98      2      0      0      0      0   5032     14      0 
    0     98      2      0      0      0      0   5032     14      0 
    0     98      7      0      0      0      0   5032     14      0 
    0     98     12      0      0      0      0   5032     14      0 
    0     98      2      0      0      0      0   5032     14      0 
    0     98      2      0      0      0      0   5032     14      0 
    0     98      7      0      0      0      0   5032     14      0 
    0     98      2      0      0      0      0   5032     14      0 
    0     98      2      0      0      0      0   5032     14      0 
    0     98      2      0      0      0      0   5032     14      0 
    0     98      2      0      0      0      0   5032     14      0 
    0     98      2      0      0      0      0   5032     14      0 
    0     98      2      0      0      0      0   5032     14      0 
    0     98      2      0      0      0      0   5032     14      0 
    0     98      2      0      0      0      0   5032     14      0 
    0     98      2      0      0      0      0   5032     14      0 
    0     98      2      0      0      0      0   5032     14      0 
    0     98      2      0      0      0      0   5032     14      0 
    0     98      2      0      0      0      0   5032     14      0 
    0     98      2      0      0      0      0   5032     14      0 
    0     98      2      0      0      0      0   5032     14      0 
    0     98      2      0      0      0      0   5032     14      0 
    0     98      2      0      0      0      0   5032     14      0 
    0     98      2      0      0      0      0   5032     14      0 
    0     98      2      0      0      0      0   5032     14      0 
    0     98      2      0      0      0      0   5032     14      0 
    0     98      2      0      0      0      0   5032     14      0 
    0     98     10      0      0      0      0   5032     14      0 
    0     98      2      0      0      0      0   5032     14      0 
    0     98      2      0      0      0      0   5032     14      0 
    0     98      2      0      0      0      0   5032     14      0 
    0     98      2      0      0      0      0   5032     14      0 
    0     98      2      0      0      0      0   5032     14      0 
    0     98      2      0      0      0      0   5032     14      0 
    0     98      2      0      0      0      0   5032     14      0 
    0     98      2      0      0      0      0   5032     14      0 
    0     98      2      0      0      0      0   5032     14      0 
    0     98      2      0      0      0      0   5032     14      0 
# gpu     sm    mem    enc    dec    jpg    ofa     fb   bar1   ccpm 
# Idx      %      %      %      %      %      %     MB     MB     MB 
    0     98      2      0      0      0      0   5032     14      0 
    0     98      2      0      0      0      0   5032     14      0 
    0     98      2      0      0      0      0   5032     14      0 
    0     98      2      0      0      0      0   5032     14      0 
    0     98      2      0      0      0      0   5032     14      0 
    0     98      2      0      0      0      0   5032     14      0 
    0     97      2      0      0      0      0   5032     14      0 
    0     98      2      0      0      0      0   5032     14      0 
    0     98      2      0      0      0      0   5032     14      0 
    0     98      2      0      0      0      0   5032     14      0 
    0     98      7      0      0      0      0   5032     14      0 
    0     98      2      0      0      0      0   5032     14      0 
    0     98      2      0      0      0      0   5032     14      0 
    0     99     12      0      0      0      0   5032     14      0 
    0     98      2      0      0      0      0   5032     14      0 
    0     98      2      0      0      0      0   5032     14      0 
    0     98      2      0      0      0      0   5032     14      0 
    0     98      2      0      0      0      0   5032     14      0 
    0     98      2      0      0      0      0   5032     14      0 
    0     98      2      0      0      0      0   5032     14      0 
    0     98      2      0      0      0      0   5032     14      0 
    0     98      2      0      0      0      0   5032     14      0 
    0     97      2      0      0      0      0   5032     14      0 
    0     98      2      0      0      0      0   5032     14      0 
    0     98      2      0      0      0      0   5032     14      0 
    0     98      2      0      0      0      0   5032     14      0 
    0     98      2      0      0      0      0   5032     14      0 
    0     98      2      0      0      0      0   5032     14      0 
    0     98      2      0      0      0      0   5032     14      0 
    0     98      2      0      0      0      0   5032     14      0 
    0     97      2      0      0      0      0   5032     14      0 
    0     98      2      0      0      0      0   5032     14      0 
[bench] Keras epoch lines per process:
== /work/outputs/ptw-n8-0925-base-s1/train.log
Epoch 1/101
1938/1938 - 144s - 74ms/step - categorical_accuracy: 0.3771 - loss: 1.4874 - val_macro_auc: 0.7464 - learning_rate: 2.0000e-05
Epoch 2/101
1938/1938 - 116s - 60ms/step - categorical_accuracy: 0.4778 - loss: 1.3147 - val_macro_auc: 0.7911 - learning_rate: 2.0000e-05
Epoch 3/101
1938/1938 - 118s - 61ms/step - categorical_accuracy: 0.5129 - loss: 1.2288 - val_macro_auc: 0.8086 - learning_rate: 1.9800e-05
Epoch 4/101
1938/1938 - 119s - 61ms/step - categorical_accuracy: 0.5314 - loss: 1.1798 - val_macro_auc: 0.8212 - learning_rate: 1.9600e-05
Epoch 5/101
[train] ptw-n8-20260925-base-w1a8 params=18,657 trainable=18,511 act_sites=19 act_calib=trainable
== /work/outputs/ptw-n8-0925-base-s2/train.log
Epoch 1/101
1938/1938 - 147s - 76ms/step - categorical_accuracy: 0.3918 - loss: 1.4458 - val_macro_auc: 0.7721 - learning_rate: 2.0000e-05
Epoch 2/101
1938/1938 - 119s - 61ms/step - categorical_accuracy: 0.4936 - loss: 1.2865 - val_macro_auc: 0.7999 - learning_rate: 2.0000e-05
Epoch 3/101
1938/1938 - 123s - 63ms/step - categorical_accuracy: 0.5096 - loss: 1.2169 - val_macro_auc: 0.8100 - learning_rate: 1.9800e-05
Epoch 4/101
1938/1938 - 121s - 63ms/step - categorical_accuracy: 0.5240 - loss: 1.1782 - val_macro_auc: 0.8168 - learning_rate: 1.9600e-05
Epoch 5/101
[train] ptw-n8-20260925-base-w1a8 params=18,657 trainable=18,511 act_sites=19 act_calib=trainable
== /work/outputs/ptw-n8-0925-ptw5-s1/train.log
Epoch 1/101
1938/1938 - 148s - 76ms/step - categorical_accuracy: 0.3697 - loss: 1.4815 - val_macro_auc: 0.7374 - learning_rate: 2.0000e-05
Epoch 2/101
1938/1938 - 120s - 62ms/step - categorical_accuracy: 0.4708 - loss: 1.2984 - val_macro_auc: 0.7806 - learning_rate: 2.0000e-05
Epoch 3/101
1938/1938 - 122s - 63ms/step - categorical_accuracy: 0.5088 - loss: 1.2183 - val_macro_auc: 0.8019 - learning_rate: 1.9800e-05
Epoch 4/101
1938/1938 - 122s - 63ms/step - categorical_accuracy: 0.5258 - loss: 1.1723 - val_macro_auc: 0.8113 - learning_rate: 1.9600e-05
Epoch 5/101
[train] pt_weights ON: n_bins=100 cap=5.0 class_weight=None (train split only) eff_frac={'g': 0.533, 'q': 0.9, 'W': 0.692, 'Z': 0.695, 't': 0.689}
[train] ptw-n8-20260925-ptw5-w1a8 params=18,657 trainable=18,511 act_sites=19 act_calib=trainable
== /work/outputs/ptw-n8-0925-ptw5-s2/train.log
Epoch 1/101
1938/1938 - 147s - 76ms/step - categorical_accuracy: 0.3905 - loss: 1.4428 - val_macro_auc: 0.7409 - learning_rate: 2.0000e-05
Epoch 2/101
1938/1938 - 138s - 71ms/step - categorical_accuracy: 0.4833 - loss: 1.2796 - val_macro_auc: 0.7810 - learning_rate: 2.0000e-05
Epoch 3/101
1938/1938 - 121s - 63ms/step - categorical_accuracy: 0.5096 - loss: 1.2129 - val_macro_auc: 0.8000 - learning_rate: 1.9800e-05
Epoch 4/101
1938/1938 - 122s - 63ms/step - categorical_accuracy: 0.5187 - loss: 1.1622 - val_macro_auc: 0.8083 - learning_rate: 1.9600e-05
Epoch 5/101
[train] pt_weights ON: n_bins=100 cap=5.0 class_weight=None (train split only) eff_frac={'g': 0.532, 'q': 0.902, 'W': 0.691, 'Z': 0.697, 't': 0.688}
[train] ptw-n8-20260925-ptw5-w1a8 params=18,657 trainable=18,511 act_sites=19 act_calib=trainable
== /work/outputs/ptw-n8-0925-ptwnc-s1/train.log
Epoch 1/101
1938/1938 - 147s - 76ms/step - categorical_accuracy: 0.3671 - loss: 1.4898 - val_macro_auc: 0.7346 - learning_rate: 2.0000e-05
Epoch 2/101
1938/1938 - 120s - 62ms/step - categorical_accuracy: 0.4663 - loss: 1.3127 - val_macro_auc: 0.7806 - learning_rate: 2.0000e-05
Epoch 3/101
1938/1938 - 122s - 63ms/step - categorical_accuracy: 0.5056 - loss: 1.2374 - val_macro_auc: 0.7987 - learning_rate: 1.9800e-05
Epoch 4/101
1938/1938 - 122s - 63ms/step - categorical_accuracy: 0.5228 - loss: 1.1889 - val_macro_auc: 0.8084 - learning_rate: 1.9600e-05
Epoch 5/101
[train] pt_weights ON: n_bins=100 cap=None class_weight=None (train split only) eff_frac={'g': 0.533, 'q': 0.887, 'W': 0.364, 'Z': 0.329, 't': 0.679}
[train] ptw-n8-20260925-ptwnc-w1a8 params=18,657 trainable=18,511 act_sites=19 act_calib=trainable
== /work/outputs/ptw-n8-0925-ptwnc-s2/train.log
Epoch 1/101
1938/1938 - 148s - 76ms/step - categorical_accuracy: 0.3847 - loss: 1.4517 - val_macro_auc: 0.7400 - learning_rate: 2.0000e-05
Epoch 2/101
1938/1938 - 120s - 62ms/step - categorical_accuracy: 0.4777 - loss: 1.2939 - val_macro_auc: 0.7807 - learning_rate: 2.0000e-05
Epoch 3/101
1938/1938 - 121s - 62ms/step - categorical_accuracy: 0.5071 - loss: 1.2287 - val_macro_auc: 0.7940 - learning_rate: 1.9800e-05
Epoch 4/101
1938/1938 - 121s - 62ms/step - categorical_accuracy: 0.5189 - loss: 1.1816 - val_macro_auc: 0.8072 - learning_rate: 1.9600e-05
Epoch 5/101
[train] pt_weights ON: n_bins=100 cap=None class_weight=None (train split only) eff_frac={'g': 0.532, 'q': 0.894, 'W': 0.352, 'Z': 0.318, 't': 0.677}
[train] ptw-n8-20260925-ptwnc-w1a8 params=18,657 trainable=18,511 act_sites=19 act_calib=trainable
[bench] done 2026-09-26T02:15:18Z
