/cmcode/hgq2.tar.gz: OK
/work/code/bnhgq2/train.py: OK
/work/code/bnhgq2/pt_weights.py: OK
[gate] archive aad983805cba + train.py + pt_weights.py + 3 arm configs verified
[setup] 2026-09-26T02:17:35Z pinned deps
WARNING: Running pip as the 'root' user can result in broken permissions and conflicting behaviour with the system package manager, possibly rendering your system unusable. It is recommended to use a virtual environment instead: https://pip.pypa.io/warnings/venv. Use the --root-user-action option if you know what you are doing and want to suppress this warning.

[notice] A new release of pip is available: 25.0.1 -> 26.2.1
[notice] To update, run: pip install --upgrade pip
NVIDIA GeForce RTX 4090, 24564 MiB
WARNING: All log messages before absl::InitializeLog() is called are written to STDERR
I0000 00:00:1790389151.128304     266 cpu_feature_guard.cc:227] This TensorFlow binary is optimized to use available CPU instructions in performance-critical operations.
To enable the following instructions: AVX2 FMA, in other operations, rebuild TensorFlow with the appropriate compiler flags.
[gpu] TF sees [PhysicalDevice(name='/physical_device:GPU:0', device_type='GPU')]
wandb: [wandb.Api()] Loaded credentials for https://api.wandb.ai from WANDB_API_KEY.
[wandb] authentication OK
[data] 2026-09-26T02:19:17Z fetch HLS4ML LHC Jet 150p TRAIN split from Zenodo
[gpu-util] 2026-09-26T02:22:35Z last5min_mean=0.0% n=60 ram=7.8GiB
[data] tarball bytes: 2725115104
[gpu-util] 2026-09-26T02:27:35Z last5min_mean=0.0% n=60 ram=9.5GiB
[data] DATA=/work/data/train (62 files) 2026-09-26T02:27:59Z
[pack] 2026-09-26T02:27:59Z started 6 trainings: ptw-n8-0925-base-s1 ptw-n8-0925-ptw5-s1 ptw-n8-0925-ptwnc-s1 ptw-n8-0925-base-s2 ptw-n8-0925-ptw5-s2 ptw-n8-0925-ptwnc-s2
[ptw-n8-0925-ptw5-s1] WARNING: All log messages before absl::InitializeLog() is called are written to STDERR
[ptw-n8-0925-ptw5-s1] I0000 00:00:1790389679.674040    1375 cpu_feature_guard.cc:227] This TensorFlow binary is optimized to use available CPU instructions in performance-critical operations.
[ptw-n8-0925-ptw5-s1] To enable the following instructions: AVX2 FMA, in other operations, rebuild TensorFlow with the appropriate compiler flags.
[ptw-n8-0925-base-s2] WARNING: All log messages before absl::InitializeLog() is called are written to STDERR
[ptw-n8-0925-base-s1] WARNING: All log messages before absl::InitializeLog() is called are written to STDERR
[ptw-n8-0925-base-s2] I0000 00:00:1790389679.684519    1385 cpu_feature_guard.cc:227] This TensorFlow binary is optimized to use available CPU instructions in performance-critical operations.
[ptw-n8-0925-base-s2] To enable the following instructions: AVX2 FMA, in other operations, rebuild TensorFlow with the appropriate compiler flags.
[ptw-n8-0925-base-s1] I0000 00:00:1790389679.684519    1370 cpu_feature_guard.cc:227] This TensorFlow binary is optimized to use available CPU instructions in performance-critical operations.
[ptw-n8-0925-base-s1] To enable the following instructions: AVX2 FMA, in other operations, rebuild TensorFlow with the appropriate compiler flags.
[ptw-n8-0925-ptw5-s2] WARNING: All log messages before absl::InitializeLog() is called are written to STDERR
[ptw-n8-0925-ptwnc-s1] WARNING: All log messages before absl::InitializeLog() is called are written to STDERR
[ptw-n8-0925-ptw5-s2] I0000 00:00:1790389679.687641    1390 cpu_feature_guard.cc:227] This TensorFlow binary is optimized to use available CPU instructions in performance-critical operations.
[ptw-n8-0925-ptwnc-s1] I0000 00:00:1790389679.687707    1380 cpu_feature_guard.cc:227] This TensorFlow binary is optimized to use available CPU instructions in performance-critical operations.
[ptw-n8-0925-ptw5-s2] To enable the following instructions: AVX2 FMA, in other operations, rebuild TensorFlow with the appropriate compiler flags.
[ptw-n8-0925-ptwnc-s1] To enable the following instructions: AVX2 FMA, in other operations, rebuild TensorFlow with the appropriate compiler flags.
[ptw-n8-0925-ptwnc-s2] WARNING: All log messages before absl::InitializeLog() is called are written to STDERR
[ptw-n8-0925-ptwnc-s2] I0000 00:00:1790389679.699509    1395 cpu_feature_guard.cc:227] This TensorFlow binary is optimized to use available CPU instructions in performance-critical operations.
[ptw-n8-0925-ptwnc-s2] To enable the following instructions: AVX2 FMA, in other operations, rebuild TensorFlow with the appropriate compiler flags.
[ptw-n8-0925-base-s2] === ptw-n8-20260925-base-w1a8 [d69a9f52] ===
[ptw-n8-0925-ptw5-s2] === ptw-n8-20260925-ptw5-w1a8 [5814ee26] ===
[ptw-n8-0925-ptw5-s1] === ptw-n8-20260925-ptw5-w1a8 [5814ee26] ===
[ptw-n8-0925-ptwnc-s1] === ptw-n8-20260925-ptwnc-w1a8 [87dba270] ===
[ptw-n8-0925-base-s1] === ptw-n8-20260925-base-w1a8 [d69a9f52] ===
[ptw-n8-0925-ptwnc-s2] === ptw-n8-20260925-ptwnc-w1a8 [87dba270] ===
[ptw-n8-0925-base-s2] [train] L1-realistic feature subset: ['pt', 'etarel', 'phirel']
[ptw-n8-0925-ptw5-s2] [train] L1-realistic feature subset: ['pt', 'etarel', 'phirel']
[ptw-n8-0925-ptw5-s1] [train] L1-realistic feature subset: ['pt', 'etarel', 'phirel']
[ptw-n8-0925-ptwnc-s1] [train] L1-realistic feature subset: ['pt', 'etarel', 'phirel']
[ptw-n8-0925-base-s1] [train] L1-realistic feature subset: ['pt', 'etarel', 'phirel']
[ptw-n8-0925-ptwnc-s2] [train] L1-realistic feature subset: ['pt', 'etarel', 'phirel']
[ptw-n8-0925-base-s2] [train] data: 62 files, 620000 jets (496000 train / 124000 val), class counts [124848, 120211, 124937, 124654, 125350]
[ptw-n8-0925-base-s2] [train] input_std ON: per-feature z-score from train split (|mu|max=89.5, sigma_max=84.41) -> input_std.json
[ptw-n8-0925-base-s1] [train] data: 62 files, 620000 jets (496000 train / 124000 val), class counts [124848, 120211, 124937, 124654, 125350]
[ptw-n8-0925-base-s1] [train] input_std ON: per-feature z-score from train split (|mu|max=89.5, sigma_max=84.39) -> input_std.json
[ptw-n8-0925-base-s2] W0000 00:00:1790389739.825387    1385 gpu_bfc_allocator.cc:47] Overriding orig_value setting because the TF_FORCE_GPU_ALLOW_GROWTH environment variable is set. Original config value was false.
[ptw-n8-0925-base-s2] I0000 00:00:1790389739.826887    1385 gpu_device.cc:2043] Created device /job:localhost/replica:0/task:0/device:GPU:0 with 22151 MB memory:  -> device: 0, name: NVIDIA GeForce RTX 4090, pci bus id: 0000:c1:00.0, compute capability: 8.9
[ptw-n8-0925-base-s1] W0000 00:00:1790389740.026131    1370 gpu_bfc_allocator.cc:47] Overriding orig_value setting because the TF_FORCE_GPU_ALLOW_GROWTH environment variable is set. Original config value was false.
[ptw-n8-0925-base-s1] I0000 00:00:1790389740.027626    1370 gpu_device.cc:2043] Created device /job:localhost/replica:0/task:0/device:GPU:0 with 21758 MB memory:  -> device: 0, name: NVIDIA GeForce RTX 4090, pci bus id: 0000:c1:00.0, compute capability: 8.9
[ptw-n8-0925-ptwnc-s1] [train] data: 62 files, 620000 jets (496000 train / 124000 val), class counts [124848, 120211, 124937, 124654, 125350]
[ptw-n8-0925-ptwnc-s2] [train] data: 62 files, 620000 jets (496000 train / 124000 val), class counts [124848, 120211, 124937, 124654, 125350]
[ptw-n8-0925-ptw5-s1] [train] data: 62 files, 620000 jets (496000 train / 124000 val), class counts [124848, 120211, 124937, 124654, 125350]
[ptw-n8-0925-ptw5-s2] [train] data: 62 files, 620000 jets (496000 train / 124000 val), class counts [124848, 120211, 124937, 124654, 125350]
[ptw-n8-0925-ptwnc-s1] [train] pt_weights ON: n_bins=100 cap=None class_weight=None (train split only) eff_frac={'g': 0.533, 'q': 0.887, 'W': 0.364, 'Z': 0.329, 't': 0.679}
[ptw-n8-0925-ptwnc-s2] [train] pt_weights ON: n_bins=100 cap=None class_weight=None (train split only) eff_frac={'g': 0.532, 'q': 0.894, 'W': 0.352, 'Z': 0.318, 't': 0.677}
[ptw-n8-0925-ptw5-s1] [train] pt_weights ON: n_bins=100 cap=5.0 class_weight=None (train split only) eff_frac={'g': 0.533, 'q': 0.9, 'W': 0.692, 'Z': 0.695, 't': 0.689}
[ptw-n8-0925-ptwnc-s1] [train] input_std ON: per-feature z-score from train split (|mu|max=89.5, sigma_max=84.39) -> input_std.json
[ptw-n8-0925-ptw5-s2] [train] pt_weights ON: n_bins=100 cap=5.0 class_weight=None (train split only) eff_frac={'g': 0.532, 'q': 0.902, 'W': 0.691, 'Z': 0.697, 't': 0.688}
[ptw-n8-0925-ptwnc-s2] [train] input_std ON: per-feature z-score from train split (|mu|max=89.5, sigma_max=84.41) -> input_std.json
[ptw-n8-0925-ptw5-s1] [train] input_std ON: per-feature z-score from train split (|mu|max=89.5, sigma_max=84.39) -> input_std.json
[ptw-n8-0925-ptw5-s2] [train] input_std ON: per-feature z-score from train split (|mu|max=89.5, sigma_max=84.41) -> input_std.json
[ptw-n8-0925-ptwnc-s1] W0000 00:00:1790389742.156197    1380 gpu_bfc_allocator.cc:47] Overriding orig_value setting because the TF_FORCE_GPU_ALLOW_GROWTH environment variable is set. Original config value was false.
[ptw-n8-0925-ptwnc-s1] I0000 00:00:1790389742.158674    1380 gpu_device.cc:2043] Created device /job:localhost/replica:0/task:0/device:GPU:0 with 21361 MB memory:  -> device: 0, name: NVIDIA GeForce RTX 4090, pci bus id: 0000:c1:00.0, compute capability: 8.9
[ptw-n8-0925-ptw5-s1] W0000 00:00:1790389742.579093    1375 gpu_bfc_allocator.cc:47] Overriding orig_value setting because the TF_FORCE_GPU_ALLOW_GROWTH environment variable is set. Original config value was false.
[ptw-n8-0925-ptw5-s1] I0000 00:00:1790389742.582958    1375 gpu_device.cc:2043] Created device /job:localhost/replica:0/task:0/device:GPU:0 with 20917 MB memory:  -> device: 0, name: NVIDIA GeForce RTX 4090, pci bus id: 0000:c1:00.0, compute capability: 8.9
[ptw-n8-0925-ptw5-s2] W0000 00:00:1790389742.604680    1390 gpu_bfc_allocator.cc:47] Overriding orig_value setting because the TF_FORCE_GPU_ALLOW_GROWTH environment variable is set. Original config value was false.
[ptw-n8-0925-ptw5-s2] I0000 00:00:1790389742.606920    1390 gpu_device.cc:2043] Created device /job:localhost/replica:0/task:0/device:GPU:0 with 20485 MB memory:  -> device: 0, name: NVIDIA GeForce RTX 4090, pci bus id: 0000:c1:00.0, compute capability: 8.9
[ptw-n8-0925-ptwnc-s2] W0000 00:00:1790389742.615653    1395 gpu_bfc_allocator.cc:47] Overriding orig_value setting because the TF_FORCE_GPU_ALLOW_GROWTH environment variable is set. Original config value was false.
[ptw-n8-0925-ptwnc-s2] I0000 00:00:1790389742.617183    1395 gpu_device.cc:2043] Created device /job:localhost/replica:0/task:0/device:GPU:0 with 20183 MB memory:  -> device: 0, name: NVIDIA GeForce RTX 4090, pci bus id: 0000:c1:00.0, compute capability: 8.9
[ptw-n8-0925-base-s1] I0000 00:00:1790389745.226837    1558 service.cc:153] XLA service 0x7bb390041a80 initialized for platform CUDA (this does not guarantee that XLA will be used). Devices:
[ptw-n8-0925-base-s1] I0000 00:00:1790389745.226868    1558 service.cc:161]   StreamExecutor [0]: NVIDIA GeForce RTX 4090, Compute Capability 8.9 (Driver: 13.2.0; Runtime: 12.9.0; Toolkit: 12.5.0; DNN: 9.26.0)
[ptw-n8-0925-base-s2] I0000 00:00:1790389745.250946    1550 service.cc:153] XLA service 0x7b4214043360 initialized for platform CUDA (this does not guarantee that XLA will be used). Devices:
[ptw-n8-0925-base-s2] I0000 00:00:1790389745.250975    1550 service.cc:161]   StreamExecutor [0]: NVIDIA GeForce RTX 4090, Compute Capability 8.9 (Driver: 13.2.0; Runtime: 12.9.0; Toolkit: 12.5.0; DNN: 9.26.0)
[ptw-n8-0925-base-s2] I0000 00:00:1790389745.391722    1550 dump_mlir_util.cc:269] disabling MLIR crash reproducer, set env var `MLIR_CRASH_REPRODUCER_DIRECTORY` to enable.
[ptw-n8-0925-base-s1] I0000 00:00:1790389745.439967    1558 dump_mlir_util.cc:269] disabling MLIR crash reproducer, set env var `MLIR_CRASH_REPRODUCER_DIRECTORY` to enable.
[ptw-n8-0925-base-s2] I0000 00:00:1790389745.645057    1550 cuda_dnn.cc:461] Loaded cuDNN version 92600
[ptw-n8-0925-base-s1] I0000 00:00:1790389745.802857    1558 cuda_dnn.cc:461] Loaded cuDNN version 92600
[ptw-n8-0925-base-s2] I0000 00:00:1790389745.956859    1550 dot_search_space.cc:240] All configs were filtered out because none of them sufficiently match the hints. Maybe the hints set does not contain a good representative set of valid configs? Working around this by using the full hints set instead.
[ptw-n8-0925-base-s1] I0000 00:00:1790389746.292455    1558 dot_search_space.cc:240] All configs were filtered out because none of them sufficiently match the hints. Maybe the hints set does not contain a good representative set of valid configs? Working around this by using the full hints set instead.
[ptw-n8-0925-base-s2] I0000 00:00:1790389747.061460    1550 dot_search_space.cc:240] All configs were filtered out because none of them sufficiently match the hints. Maybe the hints set does not contain a good representative set of valid configs? Working around this by using the full hints set instead.
[ptw-n8-0925-base-s1] I0000 00:00:1790389747.535646    1558 dot_search_space.cc:240] All configs were filtered out because none of them sufficiently match the hints. Maybe the hints set does not contain a good representative set of valid configs? Working around this by using the full hints set instead.
[ptw-n8-0925-base-s2] I0000 00:00:1790389748.149084    1550 dot_search_space.cc:240] All configs were filtered out because none of them sufficiently match the hints. Maybe the hints set does not contain a good representative set of valid configs? Working around this by using the full hints set instead.
[ptw-n8-0925-ptwnc-s1] I0000 00:00:1790389748.425279    1731 service.cc:153] XLA service 0x7fa774043d50 initialized for platform CUDA (this does not guarantee that XLA will be used). Devices:
[ptw-n8-0925-ptwnc-s1] I0000 00:00:1790389748.425316    1731 service.cc:161]   StreamExecutor [0]: NVIDIA GeForce RTX 4090, Compute Capability 8.9 (Driver: 13.2.0; Runtime: 12.9.0; Toolkit: 12.5.0; DNN: 9.26.0)
[ptw-n8-0925-base-s1] I0000 00:00:1790389748.618545    1558 dot_search_space.cc:240] All configs were filtered out because none of them sufficiently match the hints. Maybe the hints set does not contain a good representative set of valid configs? Working around this by using the full hints set instead.
[ptw-n8-0925-ptwnc-s1] I0000 00:00:1790389748.670980    1731 dump_mlir_util.cc:269] disabling MLIR crash reproducer, set env var `MLIR_CRASH_REPRODUCER_DIRECTORY` to enable.
[ptw-n8-0925-ptw5-s1] I0000 00:00:1790389748.743355    1804 service.cc:153] XLA service 0x7852f0042930 initialized for platform CUDA (this does not guarantee that XLA will be used). Devices:
[ptw-n8-0925-ptw5-s1] I0000 00:00:1790389748.743388    1804 service.cc:161]   StreamExecutor [0]: NVIDIA GeForce RTX 4090, Compute Capability 8.9 (Driver: 13.2.0; Runtime: 12.9.0; Toolkit: 12.5.0; DNN: 9.26.0)
[ptw-n8-0925-base-s2] I0000 00:00:1790389748.943947    1550 dot_search_space.cc:240] All configs were filtered out because none of them sufficiently match the hints. Maybe the hints set does not contain a good representative set of valid configs? Working around this by using the full hints set instead.
[ptw-n8-0925-ptwnc-s1] I0000 00:00:1790389749.028692    1731 cuda_dnn.cc:461] Loaded cuDNN version 92600
[ptw-n8-0925-ptw5-s1] I0000 00:00:1790389749.033000    1804 dump_mlir_util.cc:269] disabling MLIR crash reproducer, set env var `MLIR_CRASH_REPRODUCER_DIRECTORY` to enable.
[ptw-n8-0925-ptwnc-s1] I0000 00:00:1790389749.477447    1731 dot_search_space.cc:240] All configs were filtered out because none of them sufficiently match the hints. Maybe the hints set does not contain a good representative set of valid configs? Working around this by using the full hints set instead.
[ptw-n8-0925-ptwnc-s2] I0000 00:00:1790389749.508161    1814 service.cc:153] XLA service 0x7d6c1c040b60 initialized for platform CUDA (this does not guarantee that XLA will be used). Devices:
[ptw-n8-0925-ptwnc-s2] I0000 00:00:1790389749.508198    1814 service.cc:161]   StreamExecutor [0]: NVIDIA GeForce RTX 4090, Compute Capability 8.9 (Driver: 13.2.0; Runtime: 12.9.0; Toolkit: 12.5.0; DNN: 9.26.0)
[ptw-n8-0925-ptw5-s1] I0000 00:00:1790389749.668595    1804 cuda_dnn.cc:461] Loaded cuDNN version 92600
[ptw-n8-0925-ptwnc-s2] I0000 00:00:1790389749.750792    1814 dump_mlir_util.cc:269] disabling MLIR crash reproducer, set env var `MLIR_CRASH_REPRODUCER_DIRECTORY` to enable.
[ptw-n8-0925-base-s1] I0000 00:00:1790389749.733792    1558 dot_search_space.cc:240] All configs were filtered out because none of them sufficiently match the hints. Maybe the hints set does not contain a good representative set of valid configs? Working around this by using the full hints set instead.
[ptw-n8-0925-ptw5-s2] I0000 00:00:1790389749.930215    1810 service.cc:153] XLA service 0x7ec484041c10 initialized for platform CUDA (this does not guarantee that XLA will be used). Devices:
[ptw-n8-0925-ptw5-s2] I0000 00:00:1790389749.930251    1810 service.cc:161]   StreamExecutor [0]: NVIDIA GeForce RTX 4090, Compute Capability 8.9 (Driver: 13.2.0; Runtime: 12.9.0; Toolkit: 12.5.0; DNN: 9.26.0)
[ptw-n8-0925-ptw5-s2] I0000 00:00:1790389750.220004    1810 dump_mlir_util.cc:269] disabling MLIR crash reproducer, set env var `MLIR_CRASH_REPRODUCER_DIRECTORY` to enable.
[ptw-n8-0925-ptwnc-s2] I0000 00:00:1790389750.374237    1814 cuda_dnn.cc:461] Loaded cuDNN version 92600
[ptw-n8-0925-ptw5-s1] I0000 00:00:1790389750.466967    1804 dot_search_space.cc:240] All configs were filtered out because none of them sufficiently match the hints. Maybe the hints set does not contain a good representative set of valid configs? Working around this by using the full hints set instead.
[ptw-n8-0925-ptwnc-s1] I0000 00:00:1790389750.764204    1731 dot_search_space.cc:240] All configs were filtered out because none of them sufficiently match the hints. Maybe the hints set does not contain a good representative set of valid configs? Working around this by using the full hints set instead.
[ptw-n8-0925-ptw5-s2] I0000 00:00:1790389750.805091    1810 cuda_dnn.cc:461] Loaded cuDNN version 92600
[ptw-n8-0925-ptwnc-s2] I0000 00:00:1790389750.962033    1814 dot_search_space.cc:240] All configs were filtered out because none of them sufficiently match the hints. Maybe the hints set does not contain a good representative set of valid configs? Working around this by using the full hints set instead.
[ptw-n8-0925-ptw5-s2] I0000 00:00:1790389751.853010    1810 dot_search_space.cc:240] All configs were filtered out because none of them sufficiently match the hints. Maybe the hints set does not contain a good representative set of valid configs? Working around this by using the full hints set instead.
[ptw-n8-0925-ptwnc-s1] I0000 00:00:1790389751.947186    1731 dot_search_space.cc:240] All configs were filtered out because none of them sufficiently match the hints. Maybe the hints set does not contain a good representative set of valid configs? Working around this by using the full hints set instead.
[ptw-n8-0925-ptw5-s1] I0000 00:00:1790389752.344677    1804 dot_search_space.cc:240] All configs were filtered out because none of them sufficiently match the hints. Maybe the hints set does not contain a good representative set of valid configs? Working around this by using the full hints set instead.
[ptw-n8-0925-ptwnc-s2] I0000 00:00:1790389753.133695    1814 dot_search_space.cc:240] All configs were filtered out because none of them sufficiently match the hints. Maybe the hints set does not contain a good representative set of valid configs? Working around this by using the full hints set instead.
[ptw-n8-0925-ptwnc-s1] I0000 00:00:1790389753.262558    1731 dot_search_space.cc:240] All configs were filtered out because none of them sufficiently match the hints. Maybe the hints set does not contain a good representative set of valid configs? Working around this by using the full hints set instead.
[ptw-n8-0925-ptw5-s1] I0000 00:00:1790389753.805633    1804 dot_search_space.cc:240] All configs were filtered out because none of them sufficiently match the hints. Maybe the hints set does not contain a good representative set of valid configs? Working around this by using the full hints set instead.
[ptw-n8-0925-ptw5-s2] I0000 00:00:1790389754.416508    1810 dot_search_space.cc:240] All configs were filtered out because none of them sufficiently match the hints. Maybe the hints set does not contain a good representative set of valid configs? Working around this by using the full hints set instead.
[ptw-n8-0925-ptw5-s1] I0000 00:00:1790389754.841967    1804 dot_search_space.cc:240] All configs were filtered out because none of them sufficiently match the hints. Maybe the hints set does not contain a good representative set of valid configs? Working around this by using the full hints set instead.
[ptw-n8-0925-ptwnc-s2] I0000 00:00:1790389754.912544    1814 dot_search_space.cc:240] All configs were filtered out because none of them sufficiently match the hints. Maybe the hints set does not contain a good representative set of valid configs? Working around this by using the full hints set instead.
[ptw-n8-0925-ptw5-s2] I0000 00:00:1790389755.741902    1810 dot_search_space.cc:240] All configs were filtered out because none of them sufficiently match the hints. Maybe the hints set does not contain a good representative set of valid configs? Working around this by using the full hints set instead.
[ptw-n8-0925-ptwnc-s2] I0000 00:00:1790389756.057659    1814 dot_search_space.cc:240] All configs were filtered out because none of them sufficiently match the hints. Maybe the hints set does not contain a good representative set of valid configs? Working around this by using the full hints set instead.
[ptw-n8-0925-base-s2] I0000 00:00:1790389756.719611    1550 device_compiler.h:208] Compiled cluster using XLA!  This line is logged at most once for the lifetime of the process.
[ptw-n8-0925-ptw5-s2] I0000 00:00:1790389756.745262    1810 dot_search_space.cc:240] All configs were filtered out because none of them sufficiently match the hints. Maybe the hints set does not contain a good representative set of valid configs? Working around this by using the full hints set instead.
[ptw-n8-0925-base-s1] I0000 00:00:1790389757.543430    1558 device_compiler.h:208] Compiled cluster using XLA!  This line is logged at most once for the lifetime of the process.
[ptw-n8-0925-base-s2] [train] ptw-n8-20260925-base-w1a8 params=18,657 trainable=18,511 act_sites=19 act_calib=trainable
[ptw-n8-0925-base-s2] [train] binary gate OK (15 bit-layers exactly +/-beta)
[ptw-n8-0925-ptwnc-s1] I0000 00:00:1790389759.251350    1731 device_compiler.h:208] Compiled cluster using XLA!  This line is logged at most once for the lifetime of the process.
[ptw-n8-0925-ptw5-s1] I0000 00:00:1790389759.761305    1804 device_compiler.h:208] Compiled cluster using XLA!  This line is logged at most once for the lifetime of the process.
[ptw-n8-0925-base-s1] [train] ptw-n8-20260925-base-w1a8 params=18,657 trainable=18,511 act_sites=19 act_calib=trainable
[ptw-n8-0925-base-s1] [train] binary gate OK (15 bit-layers exactly +/-beta)
[ptw-n8-0925-ptwnc-s2] I0000 00:00:1790389760.081650    1814 device_compiler.h:208] Compiled cluster using XLA!  This line is logged at most once for the lifetime of the process.
[ptw-n8-0925-base-s2] wandb: [wandb.login()] Loaded credentials for https://api.wandb.ai from WANDB_API_KEY.
[ptw-n8-0925-ptw5-s2] I0000 00:00:1790389760.500768    1810 device_compiler.h:208] Compiled cluster using XLA!  This line is logged at most once for the lifetime of the process.
[ptw-n8-0925-base-s2] wandb: Currently logged in as: kayamaguchi (kayamaguchi-uc-san-diego) to https://api.wandb.ai. Use `wandb login --relogin` to force relogin
[ptw-n8-0925-base-s1] wandb: [wandb.login()] Loaded credentials for https://api.wandb.ai from WANDB_API_KEY.
[ptw-n8-0925-base-s1] wandb: Currently logged in as: kayamaguchi (kayamaguchi-uc-san-diego) to https://api.wandb.ai. Use `wandb login --relogin` to force relogin
[ptw-n8-0925-ptwnc-s1] [train] ptw-n8-20260925-ptwnc-w1a8 params=18,657 trainable=18,511 act_sites=19 act_calib=trainable
[ptw-n8-0925-ptwnc-s1] [train] binary gate OK (15 bit-layers exactly +/-beta)
[ptw-n8-0925-base-s2] wandb: Tracking run with wandb version 0.28.0
[ptw-n8-0925-base-s2] wandb: Run data is saved locally in /work/code/wandb/run-20260926_022920-tv02q49a
[ptw-n8-0925-base-s2] wandb: Run `wandb offline` to turn off syncing.
[ptw-n8-0925-base-s2] wandb: Syncing run ptw-n8-0925-base-s2
[ptw-n8-0925-base-s2] wandb: ⭐️ View project at https://wandb.ai/kayamaguchi-uc-san-diego/BNJetTagAug
[ptw-n8-0925-base-s2] wandb: 🚀 View run at https://wandb.ai/kayamaguchi-uc-san-diego/BNJetTagAug/runs/tv02q49a
[ptw-n8-0925-ptw5-s1] [train] ptw-n8-20260925-ptw5-w1a8 params=18,657 trainable=18,511 act_sites=19 act_calib=trainable
[ptw-n8-0925-ptw5-s1] [train] binary gate OK (15 bit-layers exactly +/-beta)
[ptw-n8-0925-base-s1] wandb: Tracking run with wandb version 0.28.0
[ptw-n8-0925-base-s1] wandb: Run data is saved locally in /work/code/wandb/run-20260926_022921-p02fd5f7
[ptw-n8-0925-base-s1] wandb: Run `wandb offline` to turn off syncing.
[ptw-n8-0925-base-s1] wandb: Syncing run ptw-n8-0925-base-s1
[ptw-n8-0925-base-s1] wandb: ⭐️ View project at https://wandb.ai/kayamaguchi-uc-san-diego/BNJetTagAug
[ptw-n8-0925-base-s1] wandb: 🚀 View run at https://wandb.ai/kayamaguchi-uc-san-diego/BNJetTagAug/runs/p02fd5f7
[ptw-n8-0925-ptwnc-s2] [train] ptw-n8-20260925-ptwnc-w1a8 params=18,657 trainable=18,511 act_sites=19 act_calib=trainable
[ptw-n8-0925-ptwnc-s2] [train] binary gate OK (15 bit-layers exactly +/-beta)
[ptw-n8-0925-ptwnc-s1] wandb: [wandb.login()] Loaded credentials for https://api.wandb.ai from WANDB_API_KEY.
[ptw-n8-0925-ptw5-s2] [train] ptw-n8-20260925-ptw5-w1a8 params=18,657 trainable=18,511 act_sites=19 act_calib=trainable
[ptw-n8-0925-ptw5-s2] [train] binary gate OK (15 bit-layers exactly +/-beta)
[ptw-n8-0925-ptw5-s1] wandb: [wandb.login()] Loaded credentials for https://api.wandb.ai from WANDB_API_KEY.
[ptw-n8-0925-base-s2] Epoch 1/101
[ptw-n8-0925-ptwnc-s1] wandb: Currently logged in as: kayamaguchi (kayamaguchi-uc-san-diego) to https://api.wandb.ai. Use `wandb login --relogin` to force relogin
[ptw-n8-0925-ptwnc-s2] wandb: [wandb.login()] Loaded credentials for https://api.wandb.ai from WANDB_API_KEY.
[ptw-n8-0925-base-s1] Epoch 1/101
[ptw-n8-0925-ptw5-s1] wandb: Currently logged in as: kayamaguchi (kayamaguchi-uc-san-diego) to https://api.wandb.ai. Use `wandb login --relogin` to force relogin
[ptw-n8-0925-ptw5-s2] wandb: [wandb.login()] Loaded credentials for https://api.wandb.ai from WANDB_API_KEY.
[ptw-n8-0925-ptwnc-s2] wandb: Currently logged in as: kayamaguchi (kayamaguchi-uc-san-diego) to https://api.wandb.ai. Use `wandb login --relogin` to force relogin
[ptw-n8-0925-ptwnc-s1] wandb: Tracking run with wandb version 0.28.0
[ptw-n8-0925-ptwnc-s1] wandb: Run data is saved locally in /work/code/wandb/run-20260926_022923-jn36pt11
[ptw-n8-0925-ptwnc-s1] wandb: Run `wandb offline` to turn off syncing.
[ptw-n8-0925-ptwnc-s1] wandb: Syncing run ptw-n8-0925-ptwnc-s1
[ptw-n8-0925-ptwnc-s1] wandb: ⭐️ View project at https://wandb.ai/kayamaguchi-uc-san-diego/BNJetTagAug
[ptw-n8-0925-ptwnc-s1] wandb: 🚀 View run at https://wandb.ai/kayamaguchi-uc-san-diego/BNJetTagAug/runs/jn36pt11
[ptw-n8-0925-ptw5-s1] wandb: setting up run yfkz2s8j
[ptw-n8-0925-ptw5-s2] wandb: Currently logged in as: kayamaguchi (kayamaguchi-uc-san-diego) to https://api.wandb.ai. Use `wandb login --relogin` to force relogin
[ptw-n8-0925-ptw5-s1] wandb: Tracking run with wandb version 0.28.0
[ptw-n8-0925-ptw5-s1] wandb: Run data is saved locally in /work/code/wandb/run-20260926_022923-yfkz2s8j
[ptw-n8-0925-ptw5-s1] wandb: Run `wandb offline` to turn off syncing.
[ptw-n8-0925-ptw5-s1] wandb: Syncing run ptw-n8-0925-ptw5-s1
[ptw-n8-0925-ptw5-s1] wandb: ⭐️ View project at https://wandb.ai/kayamaguchi-uc-san-diego/BNJetTagAug
[ptw-n8-0925-ptw5-s1] wandb: 🚀 View run at https://wandb.ai/kayamaguchi-uc-san-diego/BNJetTagAug/runs/yfkz2s8j
[ptw-n8-0925-ptwnc-s2] wandb: Tracking run with wandb version 0.28.0
[ptw-n8-0925-ptwnc-s2] wandb: Run data is saved locally in /work/code/wandb/run-20260926_022923-b8ba8ap0
[ptw-n8-0925-ptwnc-s2] wandb: Run `wandb offline` to turn off syncing.
[ptw-n8-0925-ptwnc-s2] wandb: Syncing run ptw-n8-0925-ptwnc-s2
[ptw-n8-0925-ptwnc-s2] wandb: ⭐️ View project at https://wandb.ai/kayamaguchi-uc-san-diego/BNJetTagAug
[ptw-n8-0925-ptwnc-s2] wandb: 🚀 View run at https://wandb.ai/kayamaguchi-uc-san-diego/BNJetTagAug/runs/b8ba8ap0
[ptw-n8-0925-ptw5-s2] wandb: Tracking run with wandb version 0.28.0
[ptw-n8-0925-ptw5-s2] wandb: Run data is saved locally in /work/code/wandb/run-20260926_022924-oh4slz8q
[ptw-n8-0925-ptw5-s2] wandb: Run `wandb offline` to turn off syncing.
[ptw-n8-0925-ptw5-s2] wandb: Syncing run ptw-n8-0925-ptw5-s2
[ptw-n8-0925-ptw5-s2] wandb: ⭐️ View project at https://wandb.ai/kayamaguchi-uc-san-diego/BNJetTagAug
[ptw-n8-0925-ptw5-s2] wandb: 🚀 View run at https://wandb.ai/kayamaguchi-uc-san-diego/BNJetTagAug/runs/oh4slz8q
[ptw-n8-0925-ptwnc-s1] Epoch 1/101
[ptw-n8-0925-ptw5-s1] Epoch 1/101
[ptw-n8-0925-ptwnc-s2] Epoch 1/101
[ptw-n8-0925-ptw5-s2] Epoch 1/101
[ptw-n8-0925-base-s2]   [epoch 0] val_macro_auc=0.77145 per_class=[0.6856, 0.7913, 0.7178, 0.7618, 0.9008]
[ptw-n8-0925-base-s2]   [epoch 0] new best -> saved /work/outputs/ptw-n8-0925-base-s2/model_best.keras
[ptw-n8-0925-base-s2] 1938/1938 - 144s - 74ms/step - categorical_accuracy: 0.3917 - loss: 1.4458 - val_macro_auc: 0.7714 - learning_rate: 2.0000e-05
[ptw-n8-0925-base-s2] Epoch 2/101
[ptw-n8-0925-base-s1]   [epoch 0] val_macro_auc=0.74680 per_class=[0.7079, 0.7844, 0.6714, 0.6822, 0.8881]
[ptw-n8-0925-base-s1]   [epoch 0] new best -> saved /work/outputs/ptw-n8-0925-base-s1/model_best.keras
[ptw-n8-0925-base-s1] 1938/1938 - 146s - 76ms/step - categorical_accuracy: 0.3769 - loss: 1.4874 - val_macro_auc: 0.7468 - learning_rate: 2.0000e-05
[ptw-n8-0925-base-s1] Epoch 2/101
[ptw-n8-0925-ptw5-s2]   [epoch 0] val_macro_auc=0.74054 per_class=[0.6513, 0.7844, 0.6642, 0.7035, 0.8992]
[ptw-n8-0925-ptwnc-s1]   [epoch 0] val_macro_auc=0.73390 per_class=[0.6943, 0.778, 0.6241, 0.6911, 0.882]
[ptw-n8-0925-ptw5-s1]   [epoch 0] val_macro_auc=0.73794 per_class=[0.697, 0.7806, 0.6293, 0.6993, 0.8835]
[ptw-n8-0925-ptw5-s2]   [epoch 0] new best -> saved /work/outputs/ptw-n8-0925-ptw5-s2/model_best.keras
[ptw-n8-0925-ptw5-s2] 1938/1938 - 147s - 76ms/step - categorical_accuracy: 0.3903 - loss: 1.4427 - val_macro_auc: 0.7405 - learning_rate: 2.0000e-05
[ptw-n8-0925-ptw5-s2] Epoch 2/101
[ptw-n8-0925-ptw5-s1]   [epoch 0] new best -> saved /work/outputs/ptw-n8-0925-ptw5-s1/model_best.keras
[ptw-n8-0925-ptw5-s1] 1938/1938 - 148s - 76ms/step - categorical_accuracy: 0.3703 - loss: 1.4814 - val_macro_auc: 0.7379 - learning_rate: 2.0000e-05
[ptw-n8-0925-ptw5-s1] Epoch 2/101
[ptw-n8-0925-ptwnc-s1]   [epoch 0] new best -> saved /work/outputs/ptw-n8-0925-ptwnc-s1/model_best.keras
[ptw-n8-0925-ptwnc-s1] 1938/1938 - 148s - 76ms/step - categorical_accuracy: 0.3667 - loss: 1.4899 - val_macro_auc: 0.7339 - learning_rate: 2.0000e-05
[ptw-n8-0925-ptwnc-s1] Epoch 2/101
[ptw-n8-0925-ptwnc-s2]   [epoch 0] val_macro_auc=0.73859 per_class=[0.6499, 0.7825, 0.6506, 0.7104, 0.8996]
[ptw-n8-0925-ptwnc-s2]   [epoch 0] new best -> saved /work/outputs/ptw-n8-0925-ptwnc-s2/model_best.keras
[ptw-n8-0925-ptwnc-s2] 1938/1938 - 149s - 77ms/step - categorical_accuracy: 0.3849 - loss: 1.4517 - val_macro_auc: 0.7386 - learning_rate: 2.0000e-05
[ptw-n8-0925-ptwnc-s2] Epoch 2/101
[gpu-util] 2026-09-26T02:32:35Z last5min_mean=55.4% n=60 ram=18.5GiB
[ptw-n8-0925-base-s2]   [epoch 1] val_macro_auc=0.80005 per_class=[0.7248, 0.8124, 0.7807, 0.7798, 0.9025]
[ptw-n8-0925-base-s2]   [epoch 1] new best -> saved /work/outputs/ptw-n8-0925-base-s2/model_best.keras
[ptw-n8-0925-base-s2] 1938/1938 - 118s - 61ms/step - categorical_accuracy: 0.4943 - loss: 1.2864 - val_macro_auc: 0.8001 - learning_rate: 2.0000e-05
[ptw-n8-0925-base-s2] Epoch 3/101
[ptw-n8-0925-base-s1]   [epoch 1] val_macro_auc=0.79361 per_class=[0.7379, 0.8033, 0.7584, 0.7729, 0.8955]
[ptw-n8-0925-base-s1]   [epoch 1] new best -> saved /work/outputs/ptw-n8-0925-base-s1/model_best.keras
[ptw-n8-0925-base-s1] 1938/1938 - 120s - 62ms/step - categorical_accuracy: 0.4778 - loss: 1.3145 - val_macro_auc: 0.7936 - learning_rate: 2.0000e-05
[ptw-n8-0925-base-s1] Epoch 3/101
[ptw-n8-0925-ptwnc-s1]   [epoch 1] val_macro_auc=0.78154 per_class=[0.7193, 0.7979, 0.7388, 0.7611, 0.8906]
[ptw-n8-0925-ptw5-s2]   [epoch 1] val_macro_auc=0.77918 per_class=[0.687, 0.8019, 0.7374, 0.7696, 0.9]
[ptw-n8-0925-ptw5-s1]   [epoch 1] val_macro_auc=0.78082 per_class=[0.7207, 0.8011, 0.7276, 0.764, 0.8908]
[ptw-n8-0925-ptwnc-s1]   [epoch 1] new best -> saved /work/outputs/ptw-n8-0925-ptwnc-s1/model_best.keras
[ptw-n8-0925-ptw5-s2]   [epoch 1] new best -> saved /work/outputs/ptw-n8-0925-ptw5-s2/model_best.keras
[ptw-n8-0925-ptwnc-s1] 1938/1938 - 122s - 63ms/step - categorical_accuracy: 0.4668 - loss: 1.3130 - val_macro_auc: 0.7815 - learning_rate: 2.0000e-05
[ptw-n8-0925-ptwnc-s1] Epoch 3/101
[ptw-n8-0925-ptw5-s1]   [epoch 1] new best -> saved /work/outputs/ptw-n8-0925-ptw5-s1/model_best.keras
[ptw-n8-0925-ptw5-s2] 1938/1938 - 122s - 63ms/step - categorical_accuracy: 0.4831 - loss: 1.2793 - val_macro_auc: 0.7792 - learning_rate: 2.0000e-05
[ptw-n8-0925-ptw5-s2] Epoch 3/101
[ptw-n8-0925-ptw5-s1] 1938/1938 - 122s - 63ms/step - categorical_accuracy: 0.4715 - loss: 1.2982 - val_macro_auc: 0.7808 - learning_rate: 2.0000e-05
[ptw-n8-0925-ptw5-s1] Epoch 3/101
[ptw-n8-0925-ptwnc-s2]   [epoch 1] val_macro_auc=0.78099 per_class=[0.6873, 0.7984, 0.7446, 0.7746, 0.9001]
[ptw-n8-0925-ptwnc-s2]   [epoch 1] new best -> saved /work/outputs/ptw-n8-0925-ptwnc-s2/model_best.keras
[ptw-n8-0925-ptwnc-s2] 1938/1938 - 122s - 63ms/step - categorical_accuracy: 0.4774 - loss: 1.2939 - val_macro_auc: 0.7810 - learning_rate: 2.0000e-05
[ptw-n8-0925-ptwnc-s2] Epoch 3/101
[ptw-n8-0925-base-s2]   [epoch 2] val_macro_auc=0.80976 per_class=[0.7602, 0.8177, 0.7878, 0.779, 0.9041]
[ptw-n8-0925-base-s2]   [epoch 2] new best -> saved /work/outputs/ptw-n8-0925-base-s2/model_best.keras
[ptw-n8-0925-base-s2] 1938/1938 - 120s - 62ms/step - categorical_accuracy: 0.5093 - loss: 1.2174 - val_macro_auc: 0.8098 - learning_rate: 1.9800e-05
[ptw-n8-0925-base-s2] Epoch 4/101
[ptw-n8-0925-base-s1]   [epoch 2] val_macro_auc=0.81028 per_class=[0.7605, 0.8141, 0.7909, 0.7851, 0.9009]
[ptw-n8-0925-base-s1]   [epoch 2] new best -> saved /work/outputs/ptw-n8-0925-base-s1/model_best.keras
[ptw-n8-0925-base-s1] 1938/1938 - 121s - 62ms/step - categorical_accuracy: 0.5135 - loss: 1.2284 - val_macro_auc: 0.8103 - learning_rate: 1.9800e-05
[ptw-n8-0925-base-s1] Epoch 4/101
[ptw-n8-0925-ptw5-s1]   [epoch 2] val_macro_auc=0.80254 per_class=[0.7453, 0.8114, 0.7796, 0.7837, 0.8927]
[ptw-n8-0925-ptwnc-s1]   [epoch 2] val_macro_auc=0.79797 per_class=[0.7397, 0.8082, 0.7698, 0.7804, 0.8918]
[ptw-n8-0925-ptw5-s2]   [epoch 2] val_macro_auc=0.79921 per_class=[0.7179, 0.8158, 0.786, 0.7799, 0.8964]
[ptw-n8-0925-ptw5-s1]   [epoch 2] new best -> saved /work/outputs/ptw-n8-0925-ptw5-s1/model_best.keras
[ptw-n8-0925-ptw5-s1] 1938/1938 - 122s - 63ms/step - categorical_accuracy: 0.5093 - loss: 1.2183 - val_macro_auc: 0.8025 - learning_rate: 1.9800e-05
[ptw-n8-0925-ptw5-s1] Epoch 4/101
[ptw-n8-0925-ptwnc-s1]   [epoch 2] new best -> saved /work/outputs/ptw-n8-0925-ptwnc-s1/model_best.keras
[ptw-n8-0925-ptwnc-s1] 1938/1938 - 122s - 63ms/step - categorical_accuracy: 0.5051 - loss: 1.2371 - val_macro_auc: 0.7980 - learning_rate: 1.9800e-05
[ptw-n8-0925-ptwnc-s1] Epoch 4/101
[ptw-n8-0925-ptwnc-s2]   [epoch 2] val_macro_auc=0.79698 per_class=[0.7097, 0.8079, 0.7833, 0.7855, 0.8985]
[ptw-n8-0925-ptw5-s2]   [epoch 2] new best -> saved /work/outputs/ptw-n8-0925-ptw5-s2/model_best.keras
[ptw-n8-0925-ptw5-s2] 1938/1938 - 122s - 63ms/step - categorical_accuracy: 0.5095 - loss: 1.2120 - val_macro_auc: 0.7992 - learning_rate: 1.9800e-05
[ptw-n8-0925-ptw5-s2] Epoch 4/101
[ptw-n8-0925-ptwnc-s2]   [epoch 2] new best -> saved /work/outputs/ptw-n8-0925-ptwnc-s2/model_best.keras
[ptw-n8-0925-ptwnc-s2] 1938/1938 - 122s - 63ms/step - categorical_accuracy: 0.5081 - loss: 1.2276 - val_macro_auc: 0.7970 - learning_rate: 1.9800e-05
[ptw-n8-0925-ptwnc-s2] Epoch 4/101
[gpu-util] 2026-09-26T02:37:35Z last5min_mean=98.0% n=60 ram=18.7GiB
[ptw-n8-0925-base-s2]   [epoch 3] val_macro_auc=0.81712 per_class=[0.7635, 0.8214, 0.8026, 0.7934, 0.9048]
[ptw-n8-0925-base-s2]   [epoch 3] new best -> saved /work/outputs/ptw-n8-0925-base-s2/model_best.keras
[ptw-n8-0925-base-s2] 1938/1938 - 119s - 62ms/step - categorical_accuracy: 0.5242 - loss: 1.1783 - val_macro_auc: 0.8171 - learning_rate: 1.9600e-05
[ptw-n8-0925-base-s2] Epoch 5/101
[ptw-n8-0925-base-s1]   [epoch 3] val_macro_auc=0.82074 per_class=[0.7713, 0.8204, 0.8073, 0.8028, 0.9021]
[ptw-n8-0925-base-s1]   [epoch 3] new best -> saved /work/outputs/ptw-n8-0925-base-s1/model_best.keras
[ptw-n8-0925-base-s1] 1938/1938 - 121s - 63ms/step - categorical_accuracy: 0.5320 - loss: 1.1795 - val_macro_auc: 0.8207 - learning_rate: 1.9600e-05
[ptw-n8-0925-base-s1] Epoch 5/101
[ptw-n8-0925-ptwnc-s1]   [epoch 3] val_macro_auc=0.80700 per_class=[0.7495, 0.8137, 0.7918, 0.7847, 0.8953]
[ptw-n8-0925-ptw5-s1]   [epoch 3] val_macro_auc=0.81111 per_class=[0.7508, 0.817, 0.7987, 0.7926, 0.8964]
[ptw-n8-0925-ptwnc-s1]   [epoch 3] new best -> saved /work/outputs/ptw-n8-0925-ptwnc-s1/model_best.keras
[ptw-n8-0925-ptwnc-s1] 1938/1938 - 121s - 63ms/step - categorical_accuracy: 0.5227 - loss: 1.1899 - val_macro_auc: 0.8070 - learning_rate: 1.9600e-05
[ptw-n8-0925-ptwnc-s1] Epoch 5/101
[ptw-n8-0925-ptwnc-s2]   [epoch 3] val_macro_auc=0.80602 per_class=[0.7331, 0.8119, 0.8033, 0.7843, 0.8975]
[ptw-n8-0925-ptw5-s2]   [epoch 3] val_macro_auc=0.80700 per_class=[0.7391, 0.8205, 0.7883, 0.7876, 0.8994]
[ptw-n8-0925-ptw5-s1]   [epoch 3] new best -> saved /work/outputs/ptw-n8-0925-ptw5-s1/model_best.keras
[ptw-n8-0925-ptw5-s1] 1938/1938 - 123s - 63ms/step - categorical_accuracy: 0.5251 - loss: 1.1731 - val_macro_auc: 0.8111 - learning_rate: 1.9600e-05
[ptw-n8-0925-ptw5-s1] Epoch 5/101
[ptw-n8-0925-ptw5-s2]   [epoch 3] new best -> saved /work/outputs/ptw-n8-0925-ptw5-s2/model_best.keras
[ptw-n8-0925-ptw5-s2] 1938/1938 - 122s - 63ms/step - categorical_accuracy: 0.5180 - loss: 1.1626 - val_macro_auc: 0.8070 - learning_rate: 1.9600e-05
[ptw-n8-0925-ptw5-s2] Epoch 5/101
[ptw-n8-0925-ptwnc-s2]   [epoch 3] new best -> saved /work/outputs/ptw-n8-0925-ptwnc-s2/model_best.keras
[ptw-n8-0925-ptwnc-s2] 1938/1938 - 121s - 63ms/step - categorical_accuracy: 0.5202 - loss: 1.1789 - val_macro_auc: 0.8060 - learning_rate: 1.9600e-05
[ptw-n8-0925-ptwnc-s2] Epoch 5/101
[ptw-n8-0925-base-s2]   [epoch 4] val_macro_auc=0.82417 per_class=[0.772, 0.8252, 0.813, 0.8042, 0.9064]
[ptw-n8-0925-base-s2]   [epoch 4] new best -> saved /work/outputs/ptw-n8-0925-base-s2/model_best.keras
[ptw-n8-0925-base-s2] 1938/1938 - 119s - 61ms/step - categorical_accuracy: 0.5359 - loss: 1.1536 - val_macro_auc: 0.8242 - learning_rate: 1.9400e-05
[ptw-n8-0925-base-s2] Epoch 6/101
[ptw-n8-0925-base-s1]   [epoch 4] val_macro_auc=0.82603 per_class=[0.7736, 0.8237, 0.8174, 0.8134, 0.9021]
[ptw-n8-0925-base-s1]   [epoch 4] new best -> saved /work/outputs/ptw-n8-0925-base-s1/model_best.keras
[ptw-n8-0925-base-s1] 1938/1938 - 122s - 63ms/step - categorical_accuracy: 0.5425 - loss: 1.1575 - val_macro_auc: 0.8260 - learning_rate: 1.9400e-05
[ptw-n8-0925-base-s1] Epoch 6/101
[ptw-n8-0925-ptwnc-s1]   [epoch 4] val_macro_auc=0.81419 per_class=[0.7538, 0.8181, 0.8049, 0.7968, 0.8973]
[ptw-n8-0925-ptwnc-s1]   [epoch 4] new best -> saved /work/outputs/ptw-n8-0925-ptwnc-s1/model_best.keras
[ptw-n8-0925-ptwnc-s1] 1938/1938 - 121s - 63ms/step - categorical_accuracy: 0.5275 - loss: 1.1601 - val_macro_auc: 0.8142 - learning_rate: 1.9400e-05
[ptw-n8-0925-ptwnc-s1] Epoch 6/101
[ptw-n8-0925-ptwnc-s2]   [epoch 4] val_macro_auc=0.81091 per_class=[0.7425, 0.8211, 0.7998, 0.7922, 0.899]
[ptw-n8-0925-ptw5-s1]   [epoch 4] val_macro_auc=0.81716 per_class=[0.7572, 0.8202, 0.8093, 0.8006, 0.8986]
[ptw-n8-0925-ptwnc-s2]   [epoch 4] new best -> saved /work/outputs/ptw-n8-0925-ptwnc-s2/model_best.keras
[ptw-n8-0925-ptwnc-s2] 1938/1938 - 121s - 63ms/step - categorical_accuracy: 0.5293 - loss: 1.1544 - val_macro_auc: 0.8109 - learning_rate: 1.9400e-05
[ptw-n8-0925-ptwnc-s2] Epoch 6/101
[ptw-n8-0925-ptw5-s1]   [epoch 4] new best -> saved /work/outputs/ptw-n8-0925-ptw5-s1/model_best.keras
[ptw-n8-0925-ptw5-s1] 1938/1938 - 122s - 63ms/step - categorical_accuracy: 0.5331 - loss: 1.1413 - val_macro_auc: 0.8172 - learning_rate: 1.9400e-05
[ptw-n8-0925-ptw5-s1] Epoch 6/101
[ptw-n8-0925-ptw5-s2]   [epoch 4] val_macro_auc=0.81401 per_class=[0.7463, 0.8222, 0.8081, 0.7952, 0.8982]
[ptw-n8-0925-ptw5-s2]   [epoch 4] new best -> saved /work/outputs/ptw-n8-0925-ptw5-s2/model_best.keras
[ptw-n8-0925-ptw5-s2] 1938/1938 - 123s - 63ms/step - categorical_accuracy: 0.5324 - loss: 1.1372 - val_macro_auc: 0.8140 - learning_rate: 1.9400e-05
[ptw-n8-0925-ptw5-s2] Epoch 6/101
[ptw-n8-0925-base-s2]   [epoch 5] val_macro_auc=0.82900 per_class=[0.7743, 0.8317, 0.82, 0.8121, 0.907]
[ptw-n8-0925-base-s2]   [epoch 5] new best -> saved /work/outputs/ptw-n8-0925-base-s2/model_best.keras
[ptw-n8-0925-base-s2] 1938/1938 - 119s - 62ms/step - categorical_accuracy: 0.5461 - loss: 1.1370 - val_macro_auc: 0.8290 - learning_rate: 1.9200e-05
[ptw-n8-0925-base-s2] Epoch 7/101
[ptw-n8-0925-base-s1]   [epoch 5] val_macro_auc=0.83136 per_class=[0.7766, 0.8286, 0.8274, 0.8219, 0.9023]
[ptw-n8-0925-base-s1]   [epoch 5] new best -> saved /work/outputs/ptw-n8-0925-base-s1/model_best.keras
[ptw-n8-0925-base-s1] 1938/1938 - 121s - 63ms/step - categorical_accuracy: 0.5522 - loss: 1.1411 - val_macro_auc: 0.8314 - learning_rate: 1.9200e-05
[ptw-n8-0925-base-s1] Epoch 7/101
[ptw-n8-0925-ptwnc-s1]   [epoch 5] val_macro_auc=0.81997 per_class=[0.761, 0.8211, 0.8149, 0.8035, 0.8994]
[ptw-n8-0925-ptwnc-s1]   [epoch 5] new best -> saved /work/outputs/ptw-n8-0925-ptwnc-s1/model_best.keras
[ptw-n8-0925-ptwnc-s1] 1938/1938 - 121s - 63ms/step - categorical_accuracy: 0.5380 - loss: 1.1409 - val_macro_auc: 0.8200 - learning_rate: 1.9200e-05
[ptw-n8-0925-ptwnc-s1] Epoch 7/101
[ptw-n8-0925-ptwnc-s2]   [epoch 5] val_macro_auc=0.81526 per_class=[0.7472, 0.8234, 0.809, 0.7959, 0.9008]
[ptw-n8-0925-ptw5-s1]   [epoch 5] val_macro_auc=0.82090 per_class=[0.757, 0.8235, 0.8161, 0.809, 0.8989]
[ptw-n8-0925-ptwnc-s2]   [epoch 5] new best -> saved /work/outputs/ptw-n8-0925-ptwnc-s2/model_best.keras
[ptw-n8-0925-ptwnc-s2] 1938/1938 - 122s - 63ms/step - categorical_accuracy: 0.5339 - loss: 1.1395 - val_macro_auc: 0.8153 - learning_rate: 1.9200e-05
[ptw-n8-0925-ptwnc-s2] Epoch 7/101
[ptw-n8-0925-ptw5-s1]   [epoch 5] new best -> saved /work/outputs/ptw-n8-0925-ptw5-s1/model_best.keras
[ptw-n8-0925-ptw5-s1] 1938/1938 - 122s - 63ms/step - categorical_accuracy: 0.5424 - loss: 1.1248 - val_macro_auc: 0.8209 - learning_rate: 1.9200e-05
[ptw-n8-0925-ptw5-s1] Epoch 7/101
[ptw-n8-0925-ptw5-s2]   [epoch 5] val_macro_auc=0.81869 per_class=[0.7466, 0.8252, 0.8189, 0.8041, 0.8986]
[ptw-n8-0925-ptw5-s2]   [epoch 5] new best -> saved /work/outputs/ptw-n8-0925-ptw5-s2/model_best.keras
[ptw-n8-0925-ptw5-s2] 1938/1938 - 123s - 63ms/step - categorical_accuracy: 0.5428 - loss: 1.1192 - val_macro_auc: 0.8187 - learning_rate: 1.9200e-05
[ptw-n8-0925-ptw5-s2] Epoch 7/101
[gpu-util] 2026-09-26T02:42:35Z last5min_mean=97.9% n=60 ram=18.8GiB
[ptw-n8-0925-base-s2]   [epoch 6] val_macro_auc=0.83354 per_class=[0.7769, 0.8366, 0.8279, 0.8189, 0.9073]
[ptw-n8-0925-base-s2]   [epoch 6] new best -> saved /work/outputs/ptw-n8-0925-base-s2/model_best.keras
[ptw-n8-0925-base-s2] 1938/1938 - 120s - 62ms/step - categorical_accuracy: 0.5528 - loss: 1.1215 - val_macro_auc: 0.8335 - learning_rate: 1.9000e-05
[ptw-n8-0925-base-s2] Epoch 8/101
