==== BENCH_ARM_ATTEMPT 0 2026-09-29T12:32:08Z phase p2-A07-k2
ARM_CPUS n=4 requested 4-7 seen 4-7 OK
BENCH_ARM chang0926-c-n64-s2 tree /work/code devices ['/physical_device:GPU:0'] tf32_enabled False test_cpu False utc 2026-09-29T12:32:10Z
ARM_MANIFEST_SHA 041f981a9d5b8c3a7affb175d82de0ca2df9bc6261a172f67cb365c88b4bbd42 expected 041f981a9d5b8c3a7affb175d82de0ca2df9bc6261a172f67cb365c88b4bbd42 OK
BENCH_CACHE {"x_train": "420ac79dcece207aca849f6ca56e6426586023c9e02f38e5d3ac596fa74d79bc", "x_val": "7b56c1b25bc0d9231767f891ec52455ecb7c5656735fcf9d404104fd2c264d31", "y_train": "a5269398e2c6e5f1fc0db98e1a99a8befea619bf0c55531293d02a286c0dd378", "y_val": "63049d9bdcfdc83af97c58bc6579e1def1ec2d9e7a6c30007793badd75217709"}
[train] chang0926-c-n64-s2 params=61951 resume_epoch=0 initial_ebops=16461269
[epoch 1/7000] EBOPs=18291607 target=5000000 above_floor=17948554 feasible=0 degenerate=0 beta=1e-07 val_AUC=0.870337 val_accuracy=0.613516 seconds=104.8 checkpoint=- ebops_trace_seconds=50.07 ebops_trace_over_epoch=0.478 loss=3.267728 host_rss_mb=2432
[epoch 2/7000] EBOPs=untraced in_training_ebops=19248777 target=5000000 beta=1e-07 val_AUC=0.887120 val_accuracy=0.622952 seconds=51.0 checkpoint=- ebops_trace_seconds=0.00 ebops_trace_over_epoch=0.001 loss=2.869692 host_rss_mb=2450
[epoch 3/7000] EBOPs=untraced in_training_ebops=15134747 target=5000000 beta=1.13e-07 val_AUC=0.884926 val_accuracy=0.650661 seconds=51.5 checkpoint=- ebops_trace_seconds=0.00 ebops_trace_over_epoch=0.001 loss=2.890842 host_rss_mb=2456
[epoch 4/7000] EBOPs=untraced in_training_ebops=15241989 target=5000000 beta=9.36e-08 val_AUC=0.893566 val_accuracy=0.658419 seconds=51.2 checkpoint=- ebops_trace_seconds=0.00 ebops_trace_over_epoch=0.001 loss=2.364882 host_rss_mb=2464
[epoch 5/7000] EBOPs=untraced in_training_ebops=12131092 target=5000000 beta=9.96e-08 val_AUC=0.888271 val_accuracy=0.648726 seconds=51.6 checkpoint=- ebops_trace_seconds=0.00 ebops_trace_over_epoch=0.001 loss=2.251829 host_rss_mb=2466
[epoch 6/7000] EBOPs=untraced in_training_ebops=11672580 target=5000000 beta=8.29e-08 val_AUC=0.894208 val_accuracy=0.651790 seconds=51.7 checkpoint=- ebops_trace_seconds=0.00 ebops_trace_over_epoch=0.001 loss=1.898672 host_rss_mb=2469
[epoch 7/7000] EBOPs=untraced in_training_ebops=9561493 target=5000000 beta=8.32e-08 val_AUC=0.897945 val_accuracy=0.660613 seconds=51.9 checkpoint=- ebops_trace_seconds=0.00 ebops_trace_over_epoch=0.001 loss=1.837558 host_rss_mb=2470
[epoch 8/7000] EBOPs=untraced in_training_ebops=9243415 target=5000000 beta=7.04e-08 val_AUC=0.898923 val_accuracy=0.675516 seconds=51.4 checkpoint=- ebops_trace_seconds=0.00 ebops_trace_over_epoch=0.001 loss=1.600878 host_rss_mb=2471
[epoch 9/7000] EBOPs=untraced in_training_ebops=8560680 target=5000000 beta=7.02e-08 val_AUC=0.887644 val_accuracy=0.628581 seconds=51.8 checkpoint=- ebops_trace_seconds=0.00 ebops_trace_over_epoch=0.001 loss=1.581896 host_rss_mb=2456
[epoch 10/7000] EBOPs=6606578 target=5000000 above_floor=6263525 feasible=0 degenerate=0 beta=6.68e-08 val_AUC=0.886788 val_accuracy=0.643081 seconds=97.2 checkpoint=- ebops_trace_seconds=53.51 ebops_trace_over_epoch=0.551 loss=1.519323 host_rss_mb=2459
[epoch 11/7000] EBOPs=untraced in_training_ebops=7326929 target=5000000 beta=5.22e-08 val_AUC=0.892377 val_accuracy=0.649403 seconds=51.5 checkpoint=- ebops_trace_seconds=0.00 ebops_trace_over_epoch=0.001 loss=1.354170 host_rss_mb=2459
[epoch 12/7000] EBOPs=untraced in_training_ebops=7095481 target=5000000 beta=5.91e-08 val_AUC=0.891943 val_accuracy=0.653629 seconds=51.3 checkpoint=- ebops_trace_seconds=0.00 ebops_trace_over_epoch=0.001 loss=1.400749 host_rss_mb=2459
[epoch 13/7000] EBOPs=untraced in_training_ebops=6701769 target=5000000 beta=5.82e-08 val_AUC=0.893106 val_accuracy=0.655500 seconds=51.9 checkpoint=- ebops_trace_seconds=0.00 ebops_trace_over_epoch=0.001 loss=1.358189 host_rss_mb=2459
[epoch 14/7000] EBOPs=untraced in_training_ebops=6302569 target=5000000 beta=5.58e-08 val_AUC=0.889847 val_accuracy=0.629613 seconds=51.7 checkpoint=- ebops_trace_seconds=0.00 ebops_trace_over_epoch=0.001 loss=1.293944 host_rss_mb=2460
[epoch 15/7000] EBOPs=untraced in_training_ebops=5891893 target=5000000 beta=5.31e-08 val_AUC=0.895904 val_accuracy=0.649387 seconds=51.5 checkpoint=- ebops_trace_seconds=0.00 ebops_trace_over_epoch=0.001 loss=1.267062 host_rss_mb=2463
[epoch 16/7000] EBOPs=untraced in_training_ebops=5628993 target=5000000 beta=5e-08 val_AUC=0.886691 val_accuracy=0.641226 seconds=51.8 checkpoint=- ebops_trace_seconds=0.00 ebops_trace_over_epoch=0.001 loss=1.229567 host_rss_mb=2465
[epoch 17/7000] EBOPs=untraced in_training_ebops=5508458 target=5000000 beta=4.81e-08 val_AUC=0.893202 val_accuracy=0.638226 seconds=51.9 checkpoint=- ebops_trace_seconds=0.00 ebops_trace_over_epoch=0.001 loss=1.215676 host_rss_mb=2466
[epoch 18/7000] EBOPs=untraced in_training_ebops=4864049 target=5000000 beta=4.73e-08 val_AUC=0.890153 val_accuracy=0.651210 seconds=51.8 checkpoint=- ebops_trace_seconds=0.00 ebops_trace_over_epoch=0.001 loss=1.226141 host_rss_mb=2466
[epoch 19/7000] EBOPs=untraced in_training_ebops=4746924 target=5000000 beta=4.17e-08 val_AUC=0.880843 val_accuracy=0.616113 seconds=51.2 checkpoint=- ebops_trace_seconds=0.00 ebops_trace_over_epoch=0.001 loss=1.163456 host_rss_mb=2466
[epoch 20/7000] EBOPs=4489855 target=5000000 above_floor=4146802 feasible=1 degenerate=0 beta=4.06e-08 val_AUC=0.893426 val_accuracy=0.657371 seconds=98.0 checkpoint=- ebops_trace_seconds=54.11 ebops_trace_over_epoch=0.553 loss=1.140501 host_rss_mb=2468
[epoch 21/7000] EBOPs=untraced in_training_ebops=5027273 target=5000000 beta=3.82e-08 val_AUC=0.886731 val_accuracy=0.626855 seconds=36.0 checkpoint=epoch-0021 ebops_trace_seconds=0.00 ebops_trace_over_epoch=0.001 loss=1.145964 host_rss_mb=2471
CHECKPOINT_VERIFICATION_PASS {"index": 17, "name": "chang0926-c-n64-s2", "arm": "C", "seed": 2, "n_part": 64, "file": "chang0926-c-n64-s2.json", "production": true, "target_ebops": 5000000, "zero_floor_ebops": 343053, "arch": {"d_model": 32, "n_heads": 4, "pos_enc": "learned"}, "quant_set": "chang", "config_sha256": "9027ff22da685bd9346bc3eeaa0babc1650bb232ef9b024255441ade62056795", "status": "verified_canary", "completed_epochs": 21, "selected": {"epoch": 19, "val_macro_auc": 0.8934255686593771, "val_categorical_accuracy": 0.6573709677419355, "ebops": 4489855, "ebops_above_floor": 4146802}, "checkpoint": "model_best.keras", "checkpoint_sha256": "d7b04569949b060327b2d40a4a3f757b463eb3a56b0efb9ba6ea42dc1828977f", "budget_met": true, "validation_accuracy": 0.6573709677419355, "validation_macro_auc": 0.8934255686593771, "validation_per_class_auc": [0.8890825676613903, 0.8812508841698815, 0.885212351906639, 0.8791670530674135, 0.9324149864915608], "wall_seconds_this_invocation": 1303.2357101938687, "test_set_used": false, "hardware_validated": false, "validation_labels_sha256": "63049d9bdcfdc83af97c58bc6579e1def1ec2d9e7a6c30007793badd75217709", "reload_ebops_check": "stored", "source_sha256": "041f981a9d5b8c3a7affb175d82de0ca2df9bc6261a172f67cb365c88b4bbd42", "selection_cost": 4489855, "selection_cost_convention": "native_hgq2", "native_hgq2_backbone_ebops": 4489855, "custom_estimated_bitops": 0, "modules": {}, "warning": "Augmented total is not directly interchangeable with historical native HGQ2 totals."}
WANDB_IMPORTED False
ARM_DONE chang0926-c-n64-s2 exit 0 wall_seconds 1303.5 utc 2026-09-29T12:53:55Z
