==== BENCH_ARM_ATTEMPT 0 2026-09-29T12:31:53Z phase p2-A07-k2
ARM_CPUS n=4 requested 4-7 seen 4-7 OK
BENCH_ARM chang0926-c-n64-s1 tree /work/code devices ['/physical_device:GPU:0'] tf32_enabled False test_cpu False utc 2026-09-29T12:31:56Z
ARM_MANIFEST_SHA 041f981a9d5b8c3a7affb175d82de0ca2df9bc6261a172f67cb365c88b4bbd42 expected 041f981a9d5b8c3a7affb175d82de0ca2df9bc6261a172f67cb365c88b4bbd42 OK
BENCH_CACHE {"x_train": "420ac79dcece207aca849f6ca56e6426586023c9e02f38e5d3ac596fa74d79bc", "x_val": "7b56c1b25bc0d9231767f891ec52455ecb7c5656735fcf9d404104fd2c264d31", "y_train": "a5269398e2c6e5f1fc0db98e1a99a8befea619bf0c55531293d02a286c0dd378", "y_val": "63049d9bdcfdc83af97c58bc6579e1def1ec2d9e7a6c30007793badd75217709"}
[train] chang0926-c-n64-s1 params=61951 resume_epoch=0 initial_ebops=16832899
[epoch 1/7000] EBOPs=17318442 target=5000000 above_floor=16975389 feasible=0 degenerate=0 beta=1e-07 val_AUC=0.862902 val_accuracy=0.587323 seconds=106.8 checkpoint=- ebops_trace_seconds=55.00 ebops_trace_over_epoch=0.515 loss=3.240992 host_rss_mb=2454
[epoch 2/7000] EBOPs=untraced in_training_ebops=18191116 target=5000000 beta=1e-07 val_AUC=0.885784 val_accuracy=0.639677 seconds=38.0 checkpoint=- ebops_trace_seconds=0.00 ebops_trace_over_epoch=0.001 loss=2.771598 host_rss_mb=2468
[epoch 3/7000] EBOPs=untraced in_training_ebops=14595244 target=5000000 beta=1.12e-07 val_AUC=0.882725 val_accuracy=0.628274 seconds=51.6 checkpoint=- ebops_trace_seconds=0.00 ebops_trace_over_epoch=0.001 loss=2.795869 host_rss_mb=2468
[epoch 4/7000] EBOPs=untraced in_training_ebops=14606797 target=5000000 beta=9.48e-08 val_AUC=0.891247 val_accuracy=0.638629 seconds=51.6 checkpoint=- ebops_trace_seconds=0.00 ebops_trace_over_epoch=0.001 loss=2.310973 host_rss_mb=2480
[epoch 5/7000] EBOPs=untraced in_training_ebops=11852137 target=5000000 beta=1e-07 val_AUC=0.894151 val_accuracy=0.656306 seconds=51.1 checkpoint=- ebops_trace_seconds=0.00 ebops_trace_over_epoch=0.001 loss=2.229865 host_rss_mb=2488
[epoch 6/7000] EBOPs=untraced in_training_ebops=11358336 target=5000000 beta=8.48e-08 val_AUC=0.878256 val_accuracy=0.591548 seconds=51.4 checkpoint=- ebops_trace_seconds=0.00 ebops_trace_over_epoch=0.001 loss=1.913888 host_rss_mb=2489
[epoch 7/7000] EBOPs=untraced in_training_ebops=9582340 target=5000000 beta=8.47e-08 val_AUC=0.899879 val_accuracy=0.675500 seconds=52.0 checkpoint=- ebops_trace_seconds=0.00 ebops_trace_over_epoch=0.001 loss=1.850209 host_rss_mb=2490
[epoch 8/7000] EBOPs=untraced in_training_ebops=9250841 target=5000000 beta=7.38e-08 val_AUC=0.896633 val_accuracy=0.661097 seconds=51.8 checkpoint=- ebops_trace_seconds=0.00 ebops_trace_over_epoch=0.001 loss=1.619975 host_rss_mb=2491
[epoch 9/7000] EBOPs=untraced in_training_ebops=8682741 target=5000000 beta=7.35e-08 val_AUC=0.892589 val_accuracy=0.665887 seconds=51.3 checkpoint=- ebops_trace_seconds=0.00 ebops_trace_over_epoch=0.001 loss=1.618789 host_rss_mb=2474
[epoch 10/7000] EBOPs=6971510 target=5000000 above_floor=6628457 feasible=0 degenerate=0 beta=7.09e-08 val_AUC=0.889825 val_accuracy=0.644323 seconds=106.3 checkpoint=- ebops_trace_seconds=54.57 ebops_trace_over_epoch=0.514 loss=1.530653 host_rss_mb=2481
[epoch 11/7000] EBOPs=untraced in_training_ebops=7436127 target=5000000 beta=5.79e-08 val_AUC=0.896131 val_accuracy=0.666903 seconds=41.8 checkpoint=- ebops_trace_seconds=0.00 ebops_trace_over_epoch=0.001 loss=1.374563 host_rss_mb=2483
[epoch 12/7000] EBOPs=untraced in_training_ebops=7042620 target=5000000 beta=6.3e-08 val_AUC=0.889449 val_accuracy=0.656097 seconds=51.7 checkpoint=- ebops_trace_seconds=0.00 ebops_trace_over_epoch=0.001 loss=1.402817 host_rss_mb=2484
[epoch 13/7000] EBOPs=untraced in_training_ebops=6721130 target=5000000 beta=6.07e-08 val_AUC=0.885734 val_accuracy=0.650210 seconds=51.5 checkpoint=- ebops_trace_seconds=0.00 ebops_trace_over_epoch=0.001 loss=1.376896 host_rss_mb=2485
[epoch 14/7000] EBOPs=untraced in_training_ebops=6551280 target=5000000 beta=5.88e-08 val_AUC=0.894938 val_accuracy=0.660968 seconds=51.8 checkpoint=- ebops_trace_seconds=0.00 ebops_trace_over_epoch=0.001 loss=1.324787 host_rss_mb=2486
[epoch 15/7000] EBOPs=untraced in_training_ebops=5789432 target=5000000 beta=5.81e-08 val_AUC=0.896050 val_accuracy=0.656016 seconds=51.8 checkpoint=- ebops_trace_seconds=0.00 ebops_trace_over_epoch=0.001 loss=1.262112 host_rss_mb=2488
[epoch 16/7000] EBOPs=untraced in_training_ebops=5642084 target=5000000 beta=5.17e-08 val_AUC=0.877576 val_accuracy=0.628242 seconds=51.9 checkpoint=- ebops_trace_seconds=0.00 ebops_trace_over_epoch=0.001 loss=1.238574 host_rss_mb=2488
[epoch 17/7000] EBOPs=untraced in_training_ebops=5322924 target=5000000 beta=5.07e-08 val_AUC=0.886756 val_accuracy=0.657097 seconds=51.3 checkpoint=- ebops_trace_seconds=0.00 ebops_trace_over_epoch=0.001 loss=1.238588 host_rss_mb=2488
[epoch 18/7000] EBOPs=untraced in_training_ebops=5165855 target=5000000 beta=4.8e-08 val_AUC=0.885576 val_accuracy=0.637177 seconds=51.7 checkpoint=- ebops_trace_seconds=0.00 ebops_trace_over_epoch=0.001 loss=1.209529 host_rss_mb=2488
[epoch 19/7000] EBOPs=untraced in_training_ebops=4844561 target=5000000 beta=4.66e-08 val_AUC=0.889566 val_accuracy=0.647468 seconds=51.7 checkpoint=- ebops_trace_seconds=0.00 ebops_trace_over_epoch=0.001 loss=1.183798 host_rss_mb=2490
[epoch 20/7000] EBOPs=4614347 target=5000000 above_floor=4271294 feasible=1 degenerate=0 beta=4.37e-08 val_AUC=0.883335 val_accuracy=0.647468 seconds=107.0 checkpoint=- ebops_trace_seconds=55.25 ebops_trace_over_epoch=0.517 loss=1.156190 host_rss_mb=2490
[epoch 21/7000] EBOPs=untraced in_training_ebops=4973758 target=5000000 beta=4.14e-08 val_AUC=0.891053 val_accuracy=0.647000 seconds=41.6 checkpoint=epoch-0021 ebops_trace_seconds=0.00 ebops_trace_over_epoch=0.001 loss=1.154973 host_rss_mb=2491
CHECKPOINT_VERIFICATION_PASS {"index": 16, "name": "chang0926-c-n64-s1", "arm": "C", "seed": 1, "n_part": 64, "file": "chang0926-c-n64-s1.json", "production": true, "target_ebops": 5000000, "zero_floor_ebops": 343053, "arch": {"d_model": 32, "n_heads": 4, "pos_enc": "learned"}, "quant_set": "chang", "config_sha256": "1f27443c764f95f42208be7c864c834bcf0fbe0be2583aa89d89c8fd3f7da156", "status": "verified_canary", "completed_epochs": 21, "selected": {"epoch": 19, "val_macro_auc": 0.8833349419874736, "val_categorical_accuracy": 0.6474677419354838, "ebops": 4614347, "ebops_above_floor": 4271294}, "checkpoint": "model_best.keras", "checkpoint_sha256": "d0a2f5b1846e59e207291be43ce021ff83f7311bfca0f6a8d1d7ec8b0f050d29", "budget_met": true, "validation_accuracy": 0.6474677419354838, "validation_macro_auc": 0.8833349419874736, "validation_per_class_auc": [0.8573163399962554, 0.8805985287614682, 0.8856220127678294, 0.8795666144021704, 0.9135712140096447], "wall_seconds_this_invocation": 1303.8519339943305, "test_set_used": false, "hardware_validated": false, "validation_labels_sha256": "63049d9bdcfdc83af97c58bc6579e1def1ec2d9e7a6c30007793badd75217709", "reload_ebops_check": "stored", "source_sha256": "041f981a9d5b8c3a7affb175d82de0ca2df9bc6261a172f67cb365c88b4bbd42", "selection_cost": 4614347, "selection_cost_convention": "native_hgq2", "native_hgq2_backbone_ebops": 4614347, "custom_estimated_bitops": 0, "modules": {}, "warning": "Augmented total is not directly interchangeable with historical native HGQ2 totals."}
WANDB_IMPORTED False
ARM_DONE chang0926-c-n64-s1 exit 0 wall_seconds 1304.1 utc 2026-09-29T12:53:41Z
