Copyright 1986-2022 Xilinx, Inc. All Rights Reserved. Copyright 2022-2023 Advanced Micro Devices, Inc. All Rights Reserved.
--------------------------------------------------------------------------------------------------------------------------------------------------
| Tool Version      : Vivado v.2023.2 (lin64) Build 4029153 Fri Oct 13 20:13:54 MDT 2023
| Date              : Fri Aug 14 16:58:59 2026
| Host              : mulder.t2.ucsd.edu running 64-bit AlmaLinux release 8.10 (Cerulean Leopard)
| Command           : report_timing_summary -file post_synth_timing.rpt -delay_type max -max_paths 5
| Design            : myproject
| Device            : xczu7ev-ffvc1156
| Speed File        : -2  PRODUCTION 1.30 05-15-2022
| Design State      : Synthesized
| Temperature Grade : E
--------------------------------------------------------------------------------------------------------------------------------------------------

Timing Summary Report

------------------------------------------------------------------------------------------------
| Timer Settings
| --------------
------------------------------------------------------------------------------------------------

  Enable Multi Corner Analysis               :  Yes
  Enable Pessimism Removal                   :  Yes
  Pessimism Removal Resolution               :  Nearest Common Node
  Enable Input Delay Default Clock           :  No
  Enable Preset / Clear Arcs                 :  No
  Disable Flight Delays                      :  No
  Ignore I/O Paths                           :  No
  Timing Early Launch at Borrowing Latches   :  No
  Borrow Time for Max Delay Exceptions       :  Yes
  Merge Timing Exceptions                    :  Yes
  Inter-SLR Compensation                     :  Conservative

  Corner  Analyze    Analyze    
  Name    Max Paths  Min Paths  
  ------  ---------  ---------  
  Slow    Yes        Yes        
  Fast    Yes        Yes        


------------------------------------------------------------------------------------------------
| Report Methodology
| ------------------
------------------------------------------------------------------------------------------------

No report available as report_methodology has not been run prior. Run report_methodology on the current design for the summary of methodology violations.



check_timing report

Table of Contents
-----------------
1. checking no_clock (0)
2. checking constant_clock (0)
3. checking pulse_width_clock (0)
4. checking unconstrained_internal_endpoints (0)
5. checking no_input_delay (195)
6. checking no_output_delay (108)
7. checking multiple_clock (0)
8. checking generated_clocks (0)
9. checking loops (0)
10. checking partial_input_delay (0)
11. checking partial_output_delay (0)
12. checking latch_loops (0)

1. checking no_clock (0)
------------------------
 There are 0 register/latch pins with no clock.


2. checking constant_clock (0)
------------------------------
 There are 0 register/latch pins with constant_clock.


3. checking pulse_width_clock (0)
---------------------------------
 There are 0 register/latch pins which need pulse_width check


4. checking unconstrained_internal_endpoints (0)
------------------------------------------------
 There are 0 pins that are not constrained for maximum delay.

 There are 0 pins that are not constrained for maximum delay due to constant clock.


5. checking no_input_delay (195)
--------------------------------
 There are 195 input ports with no input delay specified. (HIGH)

 There are 0 input ports with no input delay but user has a false path constraint.


6. checking no_output_delay (108)
---------------------------------
 There are 108 ports with no output delay specified. (HIGH)

 There are 0 ports with no output delay but user has a false path constraint

 There are 0 ports with no output delay but with a timing clock defined on it or propagating through it


7. checking multiple_clock (0)
------------------------------
 There are 0 register/latch pins with multiple clocks.


8. checking generated_clocks (0)
--------------------------------
 There are 0 generated clocks that are not connected to a clock source.


9. checking loops (0)
---------------------
 There are 0 combinational loops in the design.


10. checking partial_input_delay (0)
------------------------------------
 There are 0 input ports with partial input delay specified.


11. checking partial_output_delay (0)
-------------------------------------
 There are 0 ports with partial output delay specified.


12. checking latch_loops (0)
----------------------------
 There are 0 combinational latch loops in the design through latch input



------------------------------------------------------------------------------------------------
| Design Timing Summary
| ---------------------
------------------------------------------------------------------------------------------------

    WNS(ns)      TNS(ns)  TNS Failing Endpoints  TNS Total Endpoints     WPWS(ns)     TPWS(ns)  TPWS Failing Endpoints  TPWS Total Endpoints  
    -------      -------  ---------------------  -------------------     --------     --------  ----------------------  --------------------  
      0.164        0.000                      0              2713307        0.708        0.000                       0               1277175  


All user specified timing constraints are met.


------------------------------------------------------------------------------------------------
| Clock Summary
| -------------
------------------------------------------------------------------------------------------------

Clock   Waveform(ns)         Period(ns)      Frequency(MHz)
-----   ------------         ----------      --------------
ap_clk  {0.000 1.250}        2.500           400.000         


------------------------------------------------------------------------------------------------
| Intra Clock Table
| -----------------
------------------------------------------------------------------------------------------------

Clock             WNS(ns)      TNS(ns)  TNS Failing Endpoints  TNS Total Endpoints     WPWS(ns)     TPWS(ns)  TPWS Failing Endpoints  TPWS Total Endpoints  
-----             -------      -------  ---------------------  -------------------     --------     --------  ----------------------  --------------------  
ap_clk              0.164        0.000                      0              2713307        0.708        0.000                       0               1277175  


------------------------------------------------------------------------------------------------
| Inter Clock Table
| -----------------
------------------------------------------------------------------------------------------------

From Clock    To Clock          WNS(ns)      TNS(ns)  TNS Failing Endpoints  TNS Total Endpoints  
----------    --------          -------      -------  ---------------------  -------------------  


------------------------------------------------------------------------------------------------
| Other Path Groups Table
| -----------------------
------------------------------------------------------------------------------------------------

Path Group    From Clock    To Clock          WNS(ns)      TNS(ns)  TNS Failing Endpoints  TNS Total Endpoints  
----------    ----------    --------          -------      -------  ---------------------  -------------------  


------------------------------------------------------------------------------------------------
| Timing Details
| --------------
------------------------------------------------------------------------------------------------


---------------------------------------------------------------------------------------------------
From Clock:  ap_clk
  To Clock:  ap_clk

Setup :            0  Failing Endpoints,  Worst Slack        0.164ns,  Total Violation        0.000ns
Hold  :           NA  Failing Endpoints,  Worst Slack           NA  ,  Total Violation           NA
PW    :            0  Failing Endpoints,  Worst Slack        0.708ns,  Total Violation        0.000ns
---------------------------------------------------------------------------------------------------


Max Delay Paths
--------------------------------------------------------------------------------------
Slack (MET) :             0.164ns  (required time - arrival time)
  Source:                 grp_einsum_dense_ap_fixed_8_2_5_3_0_ap_fixed_13_7_4_0_0_config18_s_fu_2595/grp_dense_latency_ap_fixed_8_2_5_3_0_ap_fixed_13_7_4_0_0_config18_dense_24_fu_2694/add_ln58_68781_reg_9009_reg[1]/C
                            (rising edge-triggered cell FDRE clocked by ap_clk  {rise@0.000ns fall@1.250ns period=2.500ns})
  Destination:            layer18_out_101_reg_320602_reg[12]/D
                            (rising edge-triggered cell FDRE clocked by ap_clk  {rise@0.000ns fall@1.250ns period=2.500ns})
  Path Group:             ap_clk
  Path Type:              Setup (Max at Slow Process Corner)
  Requirement:            2.500ns  (ap_clk rise@2.500ns - ap_clk rise@0.000ns)
  Data Path Delay:        2.317ns  (logic 0.932ns (40.224%)  route 1.385ns (59.776%))
  Logic Levels:           10  (CARRY8=4 LUT2=1 LUT3=2 LUT4=1 LUT6=2)
  Clock Path Skew:        -0.009ns (DCD - SCD + CPR)
    Destination Clock Delay (DCD):    0.021ns = ( 2.521 - 2.500 ) 
    Source Clock Delay      (SCD):    0.030ns
    Clock Pessimism Removal (CPR):    0.000ns
  Clock Uncertainty:      0.035ns  ((TSJ^2 + TIJ^2)^1/2 + DJ) / 2 + PE
    Total System Jitter     (TSJ):    0.071ns
    Total Input Jitter      (TIJ):    0.000ns
    Discrete Jitter          (DJ):    0.000ns
    Phase Error              (PE):    0.000ns

    Location             Delay type                Incr(ns)  Path(ns)    Netlist Resource(s)
  -------------------------------------------------------------------    -------------------
                         (clock ap_clk rise edge)     0.000     0.000 r  
                                                      0.000     0.000 r  ap_clk (IN)
                         net (fo=1284086, unset)      0.030     0.030    grp_einsum_dense_ap_fixed_8_2_5_3_0_ap_fixed_13_7_4_0_0_config18_s_fu_2595/grp_dense_latency_ap_fixed_8_2_5_3_0_ap_fixed_13_7_4_0_0_config18_dense_24_fu_2694/ap_clk
                         FDRE                                         r  grp_einsum_dense_ap_fixed_8_2_5_3_0_ap_fixed_13_7_4_0_0_config18_s_fu_2595/grp_dense_latency_ap_fixed_8_2_5_3_0_ap_fixed_13_7_4_0_0_config18_dense_24_fu_2694/add_ln58_68781_reg_9009_reg[1]/C
  -------------------------------------------------------------------    -------------------
                         FDRE (Prop_FDRE_C_Q)         0.078     0.108 r  grp_einsum_dense_ap_fixed_8_2_5_3_0_ap_fixed_13_7_4_0_0_config18_s_fu_2595/grp_dense_latency_ap_fixed_8_2_5_3_0_ap_fixed_13_7_4_0_0_config18_dense_24_fu_2694/add_ln58_68781_reg_9009_reg[1]/Q
                         net (fo=2, unplaced)         0.137     0.245    grp_einsum_dense_ap_fixed_8_2_5_3_0_ap_fixed_13_7_4_0_0_config18_s_fu_2595/grp_dense_latency_ap_fixed_8_2_5_3_0_ap_fixed_13_7_4_0_0_config18_dense_24_fu_2694/add_ln58_68781_reg_9009[1]
                         LUT2 (Prop_LUT2_I1_O)        0.037     0.282 r  grp_einsum_dense_ap_fixed_8_2_5_3_0_ap_fixed_13_7_4_0_0_config18_s_fu_2595/grp_dense_latency_ap_fixed_8_2_5_3_0_ap_fixed_13_7_4_0_0_config18_dense_24_fu_2694/ap_return_101_int_reg[12]_i_58/O
                         net (fo=1, unplaced)         0.023     0.305    grp_einsum_dense_ap_fixed_8_2_5_3_0_ap_fixed_13_7_4_0_0_config18_s_fu_2595/grp_dense_latency_ap_fixed_8_2_5_3_0_ap_fixed_13_7_4_0_0_config18_dense_24_fu_2694/ap_return_101_int_reg[12]_i_58_n_0
                         CARRY8 (Prop_CARRY8_S[1]_O[4])
                                                      0.204     0.509 r  grp_einsum_dense_ap_fixed_8_2_5_3_0_ap_fixed_13_7_4_0_0_config18_s_fu_2595/grp_dense_latency_ap_fixed_8_2_5_3_0_ap_fixed_13_7_4_0_0_config18_dense_24_fu_2694/ap_return_101_int_reg_reg[12]_i_47/O[4]
                         net (fo=2, unplaced)         0.184     0.693    grp_einsum_dense_ap_fixed_8_2_5_3_0_ap_fixed_13_7_4_0_0_config18_s_fu_2595/grp_dense_latency_ap_fixed_8_2_5_3_0_ap_fixed_13_7_4_0_0_config18_dense_24_fu_2694/sext_ln58_44344_fu_6079_p1[4]
                         LUT3 (Prop_LUT3_I1_O)        0.038     0.731 r  grp_einsum_dense_ap_fixed_8_2_5_3_0_ap_fixed_13_7_4_0_0_config18_s_fu_2595/grp_dense_latency_ap_fixed_8_2_5_3_0_ap_fixed_13_7_4_0_0_config18_dense_24_fu_2694/ap_return_101_int_reg[12]_i_33__0/O
                         net (fo=2, unplaced)         0.186     0.917    grp_einsum_dense_ap_fixed_8_2_5_3_0_ap_fixed_13_7_4_0_0_config18_s_fu_2595/grp_dense_latency_ap_fixed_8_2_5_3_0_ap_fixed_13_7_4_0_0_config18_dense_24_fu_2694/ap_return_101_int_reg[12]_i_33__0_n_0
                         LUT4 (Prop_LUT4_I3_O)        0.037     0.954 r  grp_einsum_dense_ap_fixed_8_2_5_3_0_ap_fixed_13_7_4_0_0_config18_s_fu_2595/grp_dense_latency_ap_fixed_8_2_5_3_0_ap_fixed_13_7_4_0_0_config18_dense_24_fu_2694/ap_return_101_int_reg[12]_i_40/O
                         net (fo=1, unplaced)         0.029     0.983    grp_einsum_dense_ap_fixed_8_2_5_3_0_ap_fixed_13_7_4_0_0_config18_s_fu_2595/grp_dense_latency_ap_fixed_8_2_5_3_0_ap_fixed_13_7_4_0_0_config18_dense_24_fu_2694/ap_return_101_int_reg[12]_i_40_n_0
                         CARRY8 (Prop_CARRY8_S[5]_CO[7])
                                                      0.166     1.149 r  grp_einsum_dense_ap_fixed_8_2_5_3_0_ap_fixed_13_7_4_0_0_config18_s_fu_2595/grp_dense_latency_ap_fixed_8_2_5_3_0_ap_fixed_13_7_4_0_0_config18_dense_24_fu_2694/ap_return_101_int_reg_reg[12]_i_14/CO[7]
                         net (fo=1, unplaced)         0.005     1.154    grp_einsum_dense_ap_fixed_8_2_5_3_0_ap_fixed_13_7_4_0_0_config18_s_fu_2595/grp_dense_latency_ap_fixed_8_2_5_3_0_ap_fixed_13_7_4_0_0_config18_dense_24_fu_2694/ap_return_101_int_reg_reg[12]_i_14_n_0
                         CARRY8 (Prop_CARRY8_CI_O[1])
                                                      0.076     1.230 r  grp_einsum_dense_ap_fixed_8_2_5_3_0_ap_fixed_13_7_4_0_0_config18_s_fu_2595/grp_dense_latency_ap_fixed_8_2_5_3_0_ap_fixed_13_7_4_0_0_config18_dense_24_fu_2694/ap_return_101_int_reg_reg[12]_i_11__1/O[1]
                         net (fo=6, unplaced)         0.206     1.436    grp_einsum_dense_ap_fixed_8_2_5_3_0_ap_fixed_13_7_4_0_0_config18_s_fu_2595/grp_dense_latency_ap_fixed_8_2_5_3_0_ap_fixed_13_7_4_0_0_config18_dense_24_fu_2694/ap_return_101_int_reg_reg[12]_i_11__1_n_14
                         LUT6 (Prop_LUT6_I5_O)        0.038     1.474 r  grp_einsum_dense_ap_fixed_8_2_5_3_0_ap_fixed_13_7_4_0_0_config18_s_fu_2595/grp_dense_latency_ap_fixed_8_2_5_3_0_ap_fixed_13_7_4_0_0_config18_dense_24_fu_2694/ap_return_101_int_reg[12]_i_12__0/O
                         net (fo=4, unplaced)         0.198     1.672    grp_einsum_dense_ap_fixed_8_2_5_3_0_ap_fixed_13_7_4_0_0_config18_s_fu_2595/grp_dense_latency_ap_fixed_8_2_5_3_0_ap_fixed_13_7_4_0_0_config18_dense_24_fu_2694/ap_return_101_int_reg[12]_i_12__0_n_0
                         LUT6 (Prop_LUT6_I0_O)        0.038     1.710 r  grp_einsum_dense_ap_fixed_8_2_5_3_0_ap_fixed_13_7_4_0_0_config18_s_fu_2595/grp_dense_latency_ap_fixed_8_2_5_3_0_ap_fixed_13_7_4_0_0_config18_dense_24_fu_2694/ap_return_101_int_reg[12]_i_3__1/O
                         net (fo=1, unplaced)         0.185     1.895    grp_einsum_dense_ap_fixed_8_2_5_3_0_ap_fixed_13_7_4_0_0_config18_s_fu_2595/grp_dense_latency_ap_fixed_8_2_5_3_0_ap_fixed_13_7_4_0_0_config18_dense_24_fu_2694/ap_return_101_int_reg[12]_i_3__1_n_0
                         CARRY8 (Prop_CARRY8_DI[2]_O[4])
                                                      0.150     2.045 r  grp_einsum_dense_ap_fixed_8_2_5_3_0_ap_fixed_13_7_4_0_0_config18_s_fu_2595/grp_dense_latency_ap_fixed_8_2_5_3_0_ap_fixed_13_7_4_0_0_config18_dense_24_fu_2694/ap_return_101_int_reg_reg[12]_i_1__1/O[4]
                         net (fo=2, unplaced)         0.184     2.229    grp_einsum_dense_ap_fixed_8_2_5_3_0_ap_fixed_13_7_4_0_0_config18_s_fu_2595/grp_dense_latency_ap_fixed_8_2_5_3_0_ap_fixed_13_7_4_0_0_config18_dense_24_fu_2694/ap_return_5[12]
                         LUT3 (Prop_LUT3_I0_O)        0.070     2.299 r  grp_einsum_dense_ap_fixed_8_2_5_3_0_ap_fixed_13_7_4_0_0_config18_s_fu_2595/grp_dense_latency_ap_fixed_8_2_5_3_0_ap_fixed_13_7_4_0_0_config18_dense_24_fu_2694/layer18_out_101_reg_320602[12]_i_1/O
                         net (fo=1, unplaced)         0.048     2.347    grp_einsum_dense_ap_fixed_8_2_5_3_0_ap_fixed_13_7_4_0_0_config18_s_fu_2595_ap_return_101[12]
                         FDRE                                         r  layer18_out_101_reg_320602_reg[12]/D
  -------------------------------------------------------------------    -------------------

                         (clock ap_clk rise edge)     2.500     2.500 r  
                                                      0.000     2.500 r  ap_clk (IN)
                         net (fo=1284086, unset)      0.021     2.521    ap_clk
                         FDRE                                         r  layer18_out_101_reg_320602_reg[12]/C
                         clock pessimism              0.000     2.521    
                         clock uncertainty           -0.035     2.486    
                         FDRE (Setup_FDRE_C_D)        0.025     2.511    layer18_out_101_reg_320602_reg[12]
  -------------------------------------------------------------------
                         required time                          2.511    
                         arrival time                          -2.347    
  -------------------------------------------------------------------
                         slack                                  0.164    

Slack (MET) :             0.164ns  (required time - arrival time)
  Source:                 grp_einsum_dense_ap_fixed_8_2_5_3_0_ap_fixed_13_7_4_0_0_config18_s_fu_2595/grp_dense_latency_ap_fixed_8_2_5_3_0_ap_fixed_13_7_4_0_0_config18_dense_25_fu_2730/add_ln58_68099_reg_9009_reg[1]/C
                            (rising edge-triggered cell FDRE clocked by ap_clk  {rise@0.000ns fall@1.250ns period=2.500ns})
  Destination:            layer18_out_133_reg_320762_reg[12]/D
                            (rising edge-triggered cell FDRE clocked by ap_clk  {rise@0.000ns fall@1.250ns period=2.500ns})
  Path Group:             ap_clk
  Path Type:              Setup (Max at Slow Process Corner)
  Requirement:            2.500ns  (ap_clk rise@2.500ns - ap_clk rise@0.000ns)
  Data Path Delay:        2.317ns  (logic 0.932ns (40.224%)  route 1.385ns (59.776%))
  Logic Levels:           10  (CARRY8=4 LUT2=1 LUT3=2 LUT4=1 LUT6=2)
  Clock Path Skew:        -0.009ns (DCD - SCD + CPR)
    Destination Clock Delay (DCD):    0.021ns = ( 2.521 - 2.500 ) 
    Source Clock Delay      (SCD):    0.030ns
    Clock Pessimism Removal (CPR):    0.000ns
  Clock Uncertainty:      0.035ns  ((TSJ^2 + TIJ^2)^1/2 + DJ) / 2 + PE
    Total System Jitter     (TSJ):    0.071ns
    Total Input Jitter      (TIJ):    0.000ns
    Discrete Jitter          (DJ):    0.000ns
    Phase Error              (PE):    0.000ns

    Location             Delay type                Incr(ns)  Path(ns)    Netlist Resource(s)
  -------------------------------------------------------------------    -------------------
                         (clock ap_clk rise edge)     0.000     0.000 r  
                                                      0.000     0.000 r  ap_clk (IN)
                         net (fo=1284086, unset)      0.030     0.030    grp_einsum_dense_ap_fixed_8_2_5_3_0_ap_fixed_13_7_4_0_0_config18_s_fu_2595/grp_dense_latency_ap_fixed_8_2_5_3_0_ap_fixed_13_7_4_0_0_config18_dense_25_fu_2730/ap_clk
                         FDRE                                         r  grp_einsum_dense_ap_fixed_8_2_5_3_0_ap_fixed_13_7_4_0_0_config18_s_fu_2595/grp_dense_latency_ap_fixed_8_2_5_3_0_ap_fixed_13_7_4_0_0_config18_dense_25_fu_2730/add_ln58_68099_reg_9009_reg[1]/C
  -------------------------------------------------------------------    -------------------
                         FDRE (Prop_FDRE_C_Q)         0.078     0.108 r  grp_einsum_dense_ap_fixed_8_2_5_3_0_ap_fixed_13_7_4_0_0_config18_s_fu_2595/grp_dense_latency_ap_fixed_8_2_5_3_0_ap_fixed_13_7_4_0_0_config18_dense_25_fu_2730/add_ln58_68099_reg_9009_reg[1]/Q
                         net (fo=2, unplaced)         0.137     0.245    grp_einsum_dense_ap_fixed_8_2_5_3_0_ap_fixed_13_7_4_0_0_config18_s_fu_2595/grp_dense_latency_ap_fixed_8_2_5_3_0_ap_fixed_13_7_4_0_0_config18_dense_25_fu_2730/add_ln58_68099_reg_9009[1]
                         LUT2 (Prop_LUT2_I1_O)        0.037     0.282 r  grp_einsum_dense_ap_fixed_8_2_5_3_0_ap_fixed_13_7_4_0_0_config18_s_fu_2595/grp_dense_latency_ap_fixed_8_2_5_3_0_ap_fixed_13_7_4_0_0_config18_dense_25_fu_2730/ap_return_133_int_reg[12]_i_58/O
                         net (fo=1, unplaced)         0.023     0.305    grp_einsum_dense_ap_fixed_8_2_5_3_0_ap_fixed_13_7_4_0_0_config18_s_fu_2595/grp_dense_latency_ap_fixed_8_2_5_3_0_ap_fixed_13_7_4_0_0_config18_dense_25_fu_2730/ap_return_133_int_reg[12]_i_58_n_0
                         CARRY8 (Prop_CARRY8_S[1]_O[4])
                                                      0.204     0.509 r  grp_einsum_dense_ap_fixed_8_2_5_3_0_ap_fixed_13_7_4_0_0_config18_s_fu_2595/grp_dense_latency_ap_fixed_8_2_5_3_0_ap_fixed_13_7_4_0_0_config18_dense_25_fu_2730/ap_return_133_int_reg_reg[12]_i_47/O[4]
                         net (fo=2, unplaced)         0.184     0.693    grp_einsum_dense_ap_fixed_8_2_5_3_0_ap_fixed_13_7_4_0_0_config18_s_fu_2595/grp_dense_latency_ap_fixed_8_2_5_3_0_ap_fixed_13_7_4_0_0_config18_dense_25_fu_2730/sext_ln58_43971_fu_6079_p1[4]
                         LUT3 (Prop_LUT3_I1_O)        0.038     0.731 r  grp_einsum_dense_ap_fixed_8_2_5_3_0_ap_fixed_13_7_4_0_0_config18_s_fu_2595/grp_dense_latency_ap_fixed_8_2_5_3_0_ap_fixed_13_7_4_0_0_config18_dense_25_fu_2730/ap_return_133_int_reg[12]_i_33__0/O
                         net (fo=2, unplaced)         0.186     0.917    grp_einsum_dense_ap_fixed_8_2_5_3_0_ap_fixed_13_7_4_0_0_config18_s_fu_2595/grp_dense_latency_ap_fixed_8_2_5_3_0_ap_fixed_13_7_4_0_0_config18_dense_25_fu_2730/ap_return_133_int_reg[12]_i_33__0_n_0
                         LUT4 (Prop_LUT4_I3_O)        0.037     0.954 r  grp_einsum_dense_ap_fixed_8_2_5_3_0_ap_fixed_13_7_4_0_0_config18_s_fu_2595/grp_dense_latency_ap_fixed_8_2_5_3_0_ap_fixed_13_7_4_0_0_config18_dense_25_fu_2730/ap_return_133_int_reg[12]_i_40/O
                         net (fo=1, unplaced)         0.029     0.983    grp_einsum_dense_ap_fixed_8_2_5_3_0_ap_fixed_13_7_4_0_0_config18_s_fu_2595/grp_dense_latency_ap_fixed_8_2_5_3_0_ap_fixed_13_7_4_0_0_config18_dense_25_fu_2730/ap_return_133_int_reg[12]_i_40_n_0
                         CARRY8 (Prop_CARRY8_S[5]_CO[7])
                                                      0.166     1.149 r  grp_einsum_dense_ap_fixed_8_2_5_3_0_ap_fixed_13_7_4_0_0_config18_s_fu_2595/grp_dense_latency_ap_fixed_8_2_5_3_0_ap_fixed_13_7_4_0_0_config18_dense_25_fu_2730/ap_return_133_int_reg_reg[12]_i_14/CO[7]
                         net (fo=1, unplaced)         0.005     1.154    grp_einsum_dense_ap_fixed_8_2_5_3_0_ap_fixed_13_7_4_0_0_config18_s_fu_2595/grp_dense_latency_ap_fixed_8_2_5_3_0_ap_fixed_13_7_4_0_0_config18_dense_25_fu_2730/ap_return_133_int_reg_reg[12]_i_14_n_0
                         CARRY8 (Prop_CARRY8_CI_O[1])
                                                      0.076     1.230 r  grp_einsum_dense_ap_fixed_8_2_5_3_0_ap_fixed_13_7_4_0_0_config18_s_fu_2595/grp_dense_latency_ap_fixed_8_2_5_3_0_ap_fixed_13_7_4_0_0_config18_dense_25_fu_2730/ap_return_133_int_reg_reg[12]_i_11__1/O[1]
                         net (fo=6, unplaced)         0.206     1.436    grp_einsum_dense_ap_fixed_8_2_5_3_0_ap_fixed_13_7_4_0_0_config18_s_fu_2595/grp_dense_latency_ap_fixed_8_2_5_3_0_ap_fixed_13_7_4_0_0_config18_dense_25_fu_2730/ap_return_133_int_reg_reg[12]_i_11__1_n_14
                         LUT6 (Prop_LUT6_I5_O)        0.038     1.474 r  grp_einsum_dense_ap_fixed_8_2_5_3_0_ap_fixed_13_7_4_0_0_config18_s_fu_2595/grp_dense_latency_ap_fixed_8_2_5_3_0_ap_fixed_13_7_4_0_0_config18_dense_25_fu_2730/ap_return_133_int_reg[12]_i_12__0/O
                         net (fo=4, unplaced)         0.198     1.672    grp_einsum_dense_ap_fixed_8_2_5_3_0_ap_fixed_13_7_4_0_0_config18_s_fu_2595/grp_dense_latency_ap_fixed_8_2_5_3_0_ap_fixed_13_7_4_0_0_config18_dense_25_fu_2730/ap_return_133_int_reg[12]_i_12__0_n_0
                         LUT6 (Prop_LUT6_I0_O)        0.038     1.710 r  grp_einsum_dense_ap_fixed_8_2_5_3_0_ap_fixed_13_7_4_0_0_config18_s_fu_2595/grp_dense_latency_ap_fixed_8_2_5_3_0_ap_fixed_13_7_4_0_0_config18_dense_25_fu_2730/ap_return_133_int_reg[12]_i_3__1/O
                         net (fo=1, unplaced)         0.185     1.895    grp_einsum_dense_ap_fixed_8_2_5_3_0_ap_fixed_13_7_4_0_0_config18_s_fu_2595/grp_dense_latency_ap_fixed_8_2_5_3_0_ap_fixed_13_7_4_0_0_config18_dense_25_fu_2730/ap_return_133_int_reg[12]_i_3__1_n_0
                         CARRY8 (Prop_CARRY8_DI[2]_O[4])
                                                      0.150     2.045 r  grp_einsum_dense_ap_fixed_8_2_5_3_0_ap_fixed_13_7_4_0_0_config18_s_fu_2595/grp_dense_latency_ap_fixed_8_2_5_3_0_ap_fixed_13_7_4_0_0_config18_dense_25_fu_2730/ap_return_133_int_reg_reg[12]_i_1__1/O[4]
                         net (fo=2, unplaced)         0.184     2.229    grp_einsum_dense_ap_fixed_8_2_5_3_0_ap_fixed_13_7_4_0_0_config18_s_fu_2595/grp_dense_latency_ap_fixed_8_2_5_3_0_ap_fixed_13_7_4_0_0_config18_dense_25_fu_2730/ap_return_5[12]
                         LUT3 (Prop_LUT3_I0_O)        0.070     2.299 r  grp_einsum_dense_ap_fixed_8_2_5_3_0_ap_fixed_13_7_4_0_0_config18_s_fu_2595/grp_dense_latency_ap_fixed_8_2_5_3_0_ap_fixed_13_7_4_0_0_config18_dense_25_fu_2730/layer18_out_133_reg_320762[12]_i_1/O
                         net (fo=1, unplaced)         0.048     2.347    grp_einsum_dense_ap_fixed_8_2_5_3_0_ap_fixed_13_7_4_0_0_config18_s_fu_2595_ap_return_133[12]
                         FDRE                                         r  layer18_out_133_reg_320762_reg[12]/D
  -------------------------------------------------------------------    -------------------

                         (clock ap_clk rise edge)     2.500     2.500 r  
                                                      0.000     2.500 r  ap_clk (IN)
                         net (fo=1284086, unset)      0.021     2.521    ap_clk
                         FDRE                                         r  layer18_out_133_reg_320762_reg[12]/C
                         clock pessimism              0.000     2.521    
                         clock uncertainty           -0.035     2.486    
                         FDRE (Setup_FDRE_C_D)        0.025     2.511    layer18_out_133_reg_320762_reg[12]
  -------------------------------------------------------------------
                         required time                          2.511    
                         arrival time                          -2.347    
  -------------------------------------------------------------------
                         slack                                  0.164    

Slack (MET) :             0.164ns  (required time - arrival time)
  Source:                 grp_einsum_dense_ap_fixed_8_2_5_3_0_ap_fixed_13_7_4_0_0_config18_s_fu_2595/grp_dense_latency_ap_fixed_8_2_5_3_0_ap_fixed_13_7_4_0_0_config18_dense_26_fu_2766/add_ln58_67417_reg_9009_reg[1]/C
                            (rising edge-triggered cell FDRE clocked by ap_clk  {rise@0.000ns fall@1.250ns period=2.500ns})
  Destination:            layer18_out_165_reg_320922_reg[12]/D
                            (rising edge-triggered cell FDRE clocked by ap_clk  {rise@0.000ns fall@1.250ns period=2.500ns})
  Path Group:             ap_clk
  Path Type:              Setup (Max at Slow Process Corner)
  Requirement:            2.500ns  (ap_clk rise@2.500ns - ap_clk rise@0.000ns)
  Data Path Delay:        2.317ns  (logic 0.932ns (40.224%)  route 1.385ns (59.776%))
  Logic Levels:           10  (CARRY8=4 LUT2=1 LUT3=2 LUT4=1 LUT6=2)
  Clock Path Skew:        -0.009ns (DCD - SCD + CPR)
    Destination Clock Delay (DCD):    0.021ns = ( 2.521 - 2.500 ) 
    Source Clock Delay      (SCD):    0.030ns
    Clock Pessimism Removal (CPR):    0.000ns
  Clock Uncertainty:      0.035ns  ((TSJ^2 + TIJ^2)^1/2 + DJ) / 2 + PE
    Total System Jitter     (TSJ):    0.071ns
    Total Input Jitter      (TIJ):    0.000ns
    Discrete Jitter          (DJ):    0.000ns
    Phase Error              (PE):    0.000ns

    Location             Delay type                Incr(ns)  Path(ns)    Netlist Resource(s)
  -------------------------------------------------------------------    -------------------
                         (clock ap_clk rise edge)     0.000     0.000 r  
                                                      0.000     0.000 r  ap_clk (IN)
                         net (fo=1284086, unset)      0.030     0.030    grp_einsum_dense_ap_fixed_8_2_5_3_0_ap_fixed_13_7_4_0_0_config18_s_fu_2595/grp_dense_latency_ap_fixed_8_2_5_3_0_ap_fixed_13_7_4_0_0_config18_dense_26_fu_2766/ap_clk
                         FDRE                                         r  grp_einsum_dense_ap_fixed_8_2_5_3_0_ap_fixed_13_7_4_0_0_config18_s_fu_2595/grp_dense_latency_ap_fixed_8_2_5_3_0_ap_fixed_13_7_4_0_0_config18_dense_26_fu_2766/add_ln58_67417_reg_9009_reg[1]/C
  -------------------------------------------------------------------    -------------------
                         FDRE (Prop_FDRE_C_Q)         0.078     0.108 r  grp_einsum_dense_ap_fixed_8_2_5_3_0_ap_fixed_13_7_4_0_0_config18_s_fu_2595/grp_dense_latency_ap_fixed_8_2_5_3_0_ap_fixed_13_7_4_0_0_config18_dense_26_fu_2766/add_ln58_67417_reg_9009_reg[1]/Q
                         net (fo=2, unplaced)         0.137     0.245    grp_einsum_dense_ap_fixed_8_2_5_3_0_ap_fixed_13_7_4_0_0_config18_s_fu_2595/grp_dense_latency_ap_fixed_8_2_5_3_0_ap_fixed_13_7_4_0_0_config18_dense_26_fu_2766/add_ln58_67417_reg_9009[1]
                         LUT2 (Prop_LUT2_I1_O)        0.037     0.282 r  grp_einsum_dense_ap_fixed_8_2_5_3_0_ap_fixed_13_7_4_0_0_config18_s_fu_2595/grp_dense_latency_ap_fixed_8_2_5_3_0_ap_fixed_13_7_4_0_0_config18_dense_26_fu_2766/ap_return_165_int_reg[12]_i_58/O
                         net (fo=1, unplaced)         0.023     0.305    grp_einsum_dense_ap_fixed_8_2_5_3_0_ap_fixed_13_7_4_0_0_config18_s_fu_2595/grp_dense_latency_ap_fixed_8_2_5_3_0_ap_fixed_13_7_4_0_0_config18_dense_26_fu_2766/ap_return_165_int_reg[12]_i_58_n_0
                         CARRY8 (Prop_CARRY8_S[1]_O[4])
                                                      0.204     0.509 r  grp_einsum_dense_ap_fixed_8_2_5_3_0_ap_fixed_13_7_4_0_0_config18_s_fu_2595/grp_dense_latency_ap_fixed_8_2_5_3_0_ap_fixed_13_7_4_0_0_config18_dense_26_fu_2766/ap_return_165_int_reg_reg[12]_i_47/O[4]
                         net (fo=2, unplaced)         0.184     0.693    grp_einsum_dense_ap_fixed_8_2_5_3_0_ap_fixed_13_7_4_0_0_config18_s_fu_2595/grp_dense_latency_ap_fixed_8_2_5_3_0_ap_fixed_13_7_4_0_0_config18_dense_26_fu_2766/sext_ln58_43598_fu_6079_p1[4]
                         LUT3 (Prop_LUT3_I1_O)        0.038     0.731 r  grp_einsum_dense_ap_fixed_8_2_5_3_0_ap_fixed_13_7_4_0_0_config18_s_fu_2595/grp_dense_latency_ap_fixed_8_2_5_3_0_ap_fixed_13_7_4_0_0_config18_dense_26_fu_2766/ap_return_165_int_reg[12]_i_33__0/O
                         net (fo=2, unplaced)         0.186     0.917    grp_einsum_dense_ap_fixed_8_2_5_3_0_ap_fixed_13_7_4_0_0_config18_s_fu_2595/grp_dense_latency_ap_fixed_8_2_5_3_0_ap_fixed_13_7_4_0_0_config18_dense_26_fu_2766/ap_return_165_int_reg[12]_i_33__0_n_0
                         LUT4 (Prop_LUT4_I3_O)        0.037     0.954 r  grp_einsum_dense_ap_fixed_8_2_5_3_0_ap_fixed_13_7_4_0_0_config18_s_fu_2595/grp_dense_latency_ap_fixed_8_2_5_3_0_ap_fixed_13_7_4_0_0_config18_dense_26_fu_2766/ap_return_165_int_reg[12]_i_40/O
                         net (fo=1, unplaced)         0.029     0.983    grp_einsum_dense_ap_fixed_8_2_5_3_0_ap_fixed_13_7_4_0_0_config18_s_fu_2595/grp_dense_latency_ap_fixed_8_2_5_3_0_ap_fixed_13_7_4_0_0_config18_dense_26_fu_2766/ap_return_165_int_reg[12]_i_40_n_0
                         CARRY8 (Prop_CARRY8_S[5]_CO[7])
                                                      0.166     1.149 r  grp_einsum_dense_ap_fixed_8_2_5_3_0_ap_fixed_13_7_4_0_0_config18_s_fu_2595/grp_dense_latency_ap_fixed_8_2_5_3_0_ap_fixed_13_7_4_0_0_config18_dense_26_fu_2766/ap_return_165_int_reg_reg[12]_i_14/CO[7]
                         net (fo=1, unplaced)         0.005     1.154    grp_einsum_dense_ap_fixed_8_2_5_3_0_ap_fixed_13_7_4_0_0_config18_s_fu_2595/grp_dense_latency_ap_fixed_8_2_5_3_0_ap_fixed_13_7_4_0_0_config18_dense_26_fu_2766/ap_return_165_int_reg_reg[12]_i_14_n_0
                         CARRY8 (Prop_CARRY8_CI_O[1])
                                                      0.076     1.230 r  grp_einsum_dense_ap_fixed_8_2_5_3_0_ap_fixed_13_7_4_0_0_config18_s_fu_2595/grp_dense_latency_ap_fixed_8_2_5_3_0_ap_fixed_13_7_4_0_0_config18_dense_26_fu_2766/ap_return_165_int_reg_reg[12]_i_11__1/O[1]
                         net (fo=6, unplaced)         0.206     1.436    grp_einsum_dense_ap_fixed_8_2_5_3_0_ap_fixed_13_7_4_0_0_config18_s_fu_2595/grp_dense_latency_ap_fixed_8_2_5_3_0_ap_fixed_13_7_4_0_0_config18_dense_26_fu_2766/ap_return_165_int_reg_reg[12]_i_11__1_n_14
                         LUT6 (Prop_LUT6_I5_O)        0.038     1.474 r  grp_einsum_dense_ap_fixed_8_2_5_3_0_ap_fixed_13_7_4_0_0_config18_s_fu_2595/grp_dense_latency_ap_fixed_8_2_5_3_0_ap_fixed_13_7_4_0_0_config18_dense_26_fu_2766/ap_return_165_int_reg[12]_i_12__0/O
                         net (fo=4, unplaced)         0.198     1.672    grp_einsum_dense_ap_fixed_8_2_5_3_0_ap_fixed_13_7_4_0_0_config18_s_fu_2595/grp_dense_latency_ap_fixed_8_2_5_3_0_ap_fixed_13_7_4_0_0_config18_dense_26_fu_2766/ap_return_165_int_reg[12]_i_12__0_n_0
                         LUT6 (Prop_LUT6_I0_O)        0.038     1.710 r  grp_einsum_dense_ap_fixed_8_2_5_3_0_ap_fixed_13_7_4_0_0_config18_s_fu_2595/grp_dense_latency_ap_fixed_8_2_5_3_0_ap_fixed_13_7_4_0_0_config18_dense_26_fu_2766/ap_return_165_int_reg[12]_i_3__1/O
                         net (fo=1, unplaced)         0.185     1.895    grp_einsum_dense_ap_fixed_8_2_5_3_0_ap_fixed_13_7_4_0_0_config18_s_fu_2595/grp_dense_latency_ap_fixed_8_2_5_3_0_ap_fixed_13_7_4_0_0_config18_dense_26_fu_2766/ap_return_165_int_reg[12]_i_3__1_n_0
                         CARRY8 (Prop_CARRY8_DI[2]_O[4])
                                                      0.150     2.045 r  grp_einsum_dense_ap_fixed_8_2_5_3_0_ap_fixed_13_7_4_0_0_config18_s_fu_2595/grp_dense_latency_ap_fixed_8_2_5_3_0_ap_fixed_13_7_4_0_0_config18_dense_26_fu_2766/ap_return_165_int_reg_reg[12]_i_1__1/O[4]
                         net (fo=2, unplaced)         0.184     2.229    grp_einsum_dense_ap_fixed_8_2_5_3_0_ap_fixed_13_7_4_0_0_config18_s_fu_2595/grp_dense_latency_ap_fixed_8_2_5_3_0_ap_fixed_13_7_4_0_0_config18_dense_26_fu_2766/ap_return_5[12]
                         LUT3 (Prop_LUT3_I0_O)        0.070     2.299 r  grp_einsum_dense_ap_fixed_8_2_5_3_0_ap_fixed_13_7_4_0_0_config18_s_fu_2595/grp_dense_latency_ap_fixed_8_2_5_3_0_ap_fixed_13_7_4_0_0_config18_dense_26_fu_2766/layer18_out_165_reg_320922[12]_i_1/O
                         net (fo=1, unplaced)         0.048     2.347    grp_einsum_dense_ap_fixed_8_2_5_3_0_ap_fixed_13_7_4_0_0_config18_s_fu_2595_ap_return_165[12]
                         FDRE                                         r  layer18_out_165_reg_320922_reg[12]/D
  -------------------------------------------------------------------    -------------------

                         (clock ap_clk rise edge)     2.500     2.500 r  
                                                      0.000     2.500 r  ap_clk (IN)
                         net (fo=1284086, unset)      0.021     2.521    ap_clk
                         FDRE                                         r  layer18_out_165_reg_320922_reg[12]/C
                         clock pessimism              0.000     2.521    
                         clock uncertainty           -0.035     2.486    
                         FDRE (Setup_FDRE_C_D)        0.025     2.511    layer18_out_165_reg_320922_reg[12]
  -------------------------------------------------------------------
                         required time                          2.511    
                         arrival time                          -2.347    
  -------------------------------------------------------------------
                         slack                                  0.164    

Slack (MET) :             0.164ns  (required time - arrival time)
  Source:                 grp_einsum_dense_ap_fixed_8_2_5_3_0_ap_fixed_13_7_4_0_0_config18_s_fu_2595/grp_dense_latency_ap_fixed_8_2_5_3_0_ap_fixed_13_7_4_0_0_config18_dense_27_fu_2802/add_ln58_66735_reg_9009_reg[1]/C
                            (rising edge-triggered cell FDRE clocked by ap_clk  {rise@0.000ns fall@1.250ns period=2.500ns})
  Destination:            layer18_out_197_reg_321082_reg[12]/D
                            (rising edge-triggered cell FDRE clocked by ap_clk  {rise@0.000ns fall@1.250ns period=2.500ns})
  Path Group:             ap_clk
  Path Type:              Setup (Max at Slow Process Corner)
  Requirement:            2.500ns  (ap_clk rise@2.500ns - ap_clk rise@0.000ns)
  Data Path Delay:        2.317ns  (logic 0.932ns (40.224%)  route 1.385ns (59.776%))
  Logic Levels:           10  (CARRY8=4 LUT2=1 LUT3=2 LUT4=1 LUT6=2)
  Clock Path Skew:        -0.009ns (DCD - SCD + CPR)
    Destination Clock Delay (DCD):    0.021ns = ( 2.521 - 2.500 ) 
    Source Clock Delay      (SCD):    0.030ns
    Clock Pessimism Removal (CPR):    0.000ns
  Clock Uncertainty:      0.035ns  ((TSJ^2 + TIJ^2)^1/2 + DJ) / 2 + PE
    Total System Jitter     (TSJ):    0.071ns
    Total Input Jitter      (TIJ):    0.000ns
    Discrete Jitter          (DJ):    0.000ns
    Phase Error              (PE):    0.000ns

    Location             Delay type                Incr(ns)  Path(ns)    Netlist Resource(s)
  -------------------------------------------------------------------    -------------------
                         (clock ap_clk rise edge)     0.000     0.000 r  
                                                      0.000     0.000 r  ap_clk (IN)
                         net (fo=1284086, unset)      0.030     0.030    grp_einsum_dense_ap_fixed_8_2_5_3_0_ap_fixed_13_7_4_0_0_config18_s_fu_2595/grp_dense_latency_ap_fixed_8_2_5_3_0_ap_fixed_13_7_4_0_0_config18_dense_27_fu_2802/ap_clk
                         FDRE                                         r  grp_einsum_dense_ap_fixed_8_2_5_3_0_ap_fixed_13_7_4_0_0_config18_s_fu_2595/grp_dense_latency_ap_fixed_8_2_5_3_0_ap_fixed_13_7_4_0_0_config18_dense_27_fu_2802/add_ln58_66735_reg_9009_reg[1]/C
  -------------------------------------------------------------------    -------------------
                         FDRE (Prop_FDRE_C_Q)         0.078     0.108 r  grp_einsum_dense_ap_fixed_8_2_5_3_0_ap_fixed_13_7_4_0_0_config18_s_fu_2595/grp_dense_latency_ap_fixed_8_2_5_3_0_ap_fixed_13_7_4_0_0_config18_dense_27_fu_2802/add_ln58_66735_reg_9009_reg[1]/Q
                         net (fo=2, unplaced)         0.137     0.245    grp_einsum_dense_ap_fixed_8_2_5_3_0_ap_fixed_13_7_4_0_0_config18_s_fu_2595/grp_dense_latency_ap_fixed_8_2_5_3_0_ap_fixed_13_7_4_0_0_config18_dense_27_fu_2802/add_ln58_66735_reg_9009[1]
                         LUT2 (Prop_LUT2_I1_O)        0.037     0.282 r  grp_einsum_dense_ap_fixed_8_2_5_3_0_ap_fixed_13_7_4_0_0_config18_s_fu_2595/grp_dense_latency_ap_fixed_8_2_5_3_0_ap_fixed_13_7_4_0_0_config18_dense_27_fu_2802/ap_return_197_int_reg[12]_i_58/O
                         net (fo=1, unplaced)         0.023     0.305    grp_einsum_dense_ap_fixed_8_2_5_3_0_ap_fixed_13_7_4_0_0_config18_s_fu_2595/grp_dense_latency_ap_fixed_8_2_5_3_0_ap_fixed_13_7_4_0_0_config18_dense_27_fu_2802/ap_return_197_int_reg[12]_i_58_n_0
                         CARRY8 (Prop_CARRY8_S[1]_O[4])
                                                      0.204     0.509 r  grp_einsum_dense_ap_fixed_8_2_5_3_0_ap_fixed_13_7_4_0_0_config18_s_fu_2595/grp_dense_latency_ap_fixed_8_2_5_3_0_ap_fixed_13_7_4_0_0_config18_dense_27_fu_2802/ap_return_197_int_reg_reg[12]_i_47/O[4]
                         net (fo=2, unplaced)         0.184     0.693    grp_einsum_dense_ap_fixed_8_2_5_3_0_ap_fixed_13_7_4_0_0_config18_s_fu_2595/grp_dense_latency_ap_fixed_8_2_5_3_0_ap_fixed_13_7_4_0_0_config18_dense_27_fu_2802/sext_ln58_43225_fu_6079_p1[4]
                         LUT3 (Prop_LUT3_I1_O)        0.038     0.731 r  grp_einsum_dense_ap_fixed_8_2_5_3_0_ap_fixed_13_7_4_0_0_config18_s_fu_2595/grp_dense_latency_ap_fixed_8_2_5_3_0_ap_fixed_13_7_4_0_0_config18_dense_27_fu_2802/ap_return_197_int_reg[12]_i_33__0/O
                         net (fo=2, unplaced)         0.186     0.917    grp_einsum_dense_ap_fixed_8_2_5_3_0_ap_fixed_13_7_4_0_0_config18_s_fu_2595/grp_dense_latency_ap_fixed_8_2_5_3_0_ap_fixed_13_7_4_0_0_config18_dense_27_fu_2802/ap_return_197_int_reg[12]_i_33__0_n_0
                         LUT4 (Prop_LUT4_I3_O)        0.037     0.954 r  grp_einsum_dense_ap_fixed_8_2_5_3_0_ap_fixed_13_7_4_0_0_config18_s_fu_2595/grp_dense_latency_ap_fixed_8_2_5_3_0_ap_fixed_13_7_4_0_0_config18_dense_27_fu_2802/ap_return_197_int_reg[12]_i_40/O
                         net (fo=1, unplaced)         0.029     0.983    grp_einsum_dense_ap_fixed_8_2_5_3_0_ap_fixed_13_7_4_0_0_config18_s_fu_2595/grp_dense_latency_ap_fixed_8_2_5_3_0_ap_fixed_13_7_4_0_0_config18_dense_27_fu_2802/ap_return_197_int_reg[12]_i_40_n_0
                         CARRY8 (Prop_CARRY8_S[5]_CO[7])
                                                      0.166     1.149 r  grp_einsum_dense_ap_fixed_8_2_5_3_0_ap_fixed_13_7_4_0_0_config18_s_fu_2595/grp_dense_latency_ap_fixed_8_2_5_3_0_ap_fixed_13_7_4_0_0_config18_dense_27_fu_2802/ap_return_197_int_reg_reg[12]_i_14/CO[7]
                         net (fo=1, unplaced)         0.005     1.154    grp_einsum_dense_ap_fixed_8_2_5_3_0_ap_fixed_13_7_4_0_0_config18_s_fu_2595/grp_dense_latency_ap_fixed_8_2_5_3_0_ap_fixed_13_7_4_0_0_config18_dense_27_fu_2802/ap_return_197_int_reg_reg[12]_i_14_n_0
                         CARRY8 (Prop_CARRY8_CI_O[1])
                                                      0.076     1.230 r  grp_einsum_dense_ap_fixed_8_2_5_3_0_ap_fixed_13_7_4_0_0_config18_s_fu_2595/grp_dense_latency_ap_fixed_8_2_5_3_0_ap_fixed_13_7_4_0_0_config18_dense_27_fu_2802/ap_return_197_int_reg_reg[12]_i_11__1/O[1]
                         net (fo=6, unplaced)         0.206     1.436    grp_einsum_dense_ap_fixed_8_2_5_3_0_ap_fixed_13_7_4_0_0_config18_s_fu_2595/grp_dense_latency_ap_fixed_8_2_5_3_0_ap_fixed_13_7_4_0_0_config18_dense_27_fu_2802/ap_return_197_int_reg_reg[12]_i_11__1_n_14
                         LUT6 (Prop_LUT6_I5_O)        0.038     1.474 r  grp_einsum_dense_ap_fixed_8_2_5_3_0_ap_fixed_13_7_4_0_0_config18_s_fu_2595/grp_dense_latency_ap_fixed_8_2_5_3_0_ap_fixed_13_7_4_0_0_config18_dense_27_fu_2802/ap_return_197_int_reg[12]_i_12__0/O
                         net (fo=4, unplaced)         0.198     1.672    grp_einsum_dense_ap_fixed_8_2_5_3_0_ap_fixed_13_7_4_0_0_config18_s_fu_2595/grp_dense_latency_ap_fixed_8_2_5_3_0_ap_fixed_13_7_4_0_0_config18_dense_27_fu_2802/ap_return_197_int_reg[12]_i_12__0_n_0
                         LUT6 (Prop_LUT6_I0_O)        0.038     1.710 r  grp_einsum_dense_ap_fixed_8_2_5_3_0_ap_fixed_13_7_4_0_0_config18_s_fu_2595/grp_dense_latency_ap_fixed_8_2_5_3_0_ap_fixed_13_7_4_0_0_config18_dense_27_fu_2802/ap_return_197_int_reg[12]_i_3__1/O
                         net (fo=1, unplaced)         0.185     1.895    grp_einsum_dense_ap_fixed_8_2_5_3_0_ap_fixed_13_7_4_0_0_config18_s_fu_2595/grp_dense_latency_ap_fixed_8_2_5_3_0_ap_fixed_13_7_4_0_0_config18_dense_27_fu_2802/ap_return_197_int_reg[12]_i_3__1_n_0
                         CARRY8 (Prop_CARRY8_DI[2]_O[4])
                                                      0.150     2.045 r  grp_einsum_dense_ap_fixed_8_2_5_3_0_ap_fixed_13_7_4_0_0_config18_s_fu_2595/grp_dense_latency_ap_fixed_8_2_5_3_0_ap_fixed_13_7_4_0_0_config18_dense_27_fu_2802/ap_return_197_int_reg_reg[12]_i_1__1/O[4]
                         net (fo=2, unplaced)         0.184     2.229    grp_einsum_dense_ap_fixed_8_2_5_3_0_ap_fixed_13_7_4_0_0_config18_s_fu_2595/grp_dense_latency_ap_fixed_8_2_5_3_0_ap_fixed_13_7_4_0_0_config18_dense_27_fu_2802/ap_return_5[12]
                         LUT3 (Prop_LUT3_I0_O)        0.070     2.299 r  grp_einsum_dense_ap_fixed_8_2_5_3_0_ap_fixed_13_7_4_0_0_config18_s_fu_2595/grp_dense_latency_ap_fixed_8_2_5_3_0_ap_fixed_13_7_4_0_0_config18_dense_27_fu_2802/layer18_out_197_reg_321082[12]_i_1/O
                         net (fo=1, unplaced)         0.048     2.347    grp_einsum_dense_ap_fixed_8_2_5_3_0_ap_fixed_13_7_4_0_0_config18_s_fu_2595_ap_return_197[12]
                         FDRE                                         r  layer18_out_197_reg_321082_reg[12]/D
  -------------------------------------------------------------------    -------------------

                         (clock ap_clk rise edge)     2.500     2.500 r  
                                                      0.000     2.500 r  ap_clk (IN)
                         net (fo=1284086, unset)      0.021     2.521    ap_clk
                         FDRE                                         r  layer18_out_197_reg_321082_reg[12]/C
                         clock pessimism              0.000     2.521    
                         clock uncertainty           -0.035     2.486    
                         FDRE (Setup_FDRE_C_D)        0.025     2.511    layer18_out_197_reg_321082_reg[12]
  -------------------------------------------------------------------
                         required time                          2.511    
                         arrival time                          -2.347    
  -------------------------------------------------------------------
                         slack                                  0.164    

Slack (MET) :             0.164ns  (required time - arrival time)
  Source:                 grp_einsum_dense_ap_fixed_8_2_5_3_0_ap_fixed_13_7_4_0_0_config18_s_fu_2595/grp_dense_latency_ap_fixed_8_2_5_3_0_ap_fixed_13_7_4_0_0_config18_dense_28_fu_2838/add_ln58_66053_reg_9009_reg[1]/C
                            (rising edge-triggered cell FDRE clocked by ap_clk  {rise@0.000ns fall@1.250ns period=2.500ns})
  Destination:            layer18_out_229_reg_321242_reg[12]/D
                            (rising edge-triggered cell FDRE clocked by ap_clk  {rise@0.000ns fall@1.250ns period=2.500ns})
  Path Group:             ap_clk
  Path Type:              Setup (Max at Slow Process Corner)
  Requirement:            2.500ns  (ap_clk rise@2.500ns - ap_clk rise@0.000ns)
  Data Path Delay:        2.317ns  (logic 0.932ns (40.224%)  route 1.385ns (59.776%))
  Logic Levels:           10  (CARRY8=4 LUT2=1 LUT3=2 LUT4=1 LUT6=2)
  Clock Path Skew:        -0.009ns (DCD - SCD + CPR)
    Destination Clock Delay (DCD):    0.021ns = ( 2.521 - 2.500 ) 
    Source Clock Delay      (SCD):    0.030ns
    Clock Pessimism Removal (CPR):    0.000ns
  Clock Uncertainty:      0.035ns  ((TSJ^2 + TIJ^2)^1/2 + DJ) / 2 + PE
    Total System Jitter     (TSJ):    0.071ns
    Total Input Jitter      (TIJ):    0.000ns
    Discrete Jitter          (DJ):    0.000ns
    Phase Error              (PE):    0.000ns

    Location             Delay type                Incr(ns)  Path(ns)    Netlist Resource(s)
  -------------------------------------------------------------------    -------------------
                         (clock ap_clk rise edge)     0.000     0.000 r  
                                                      0.000     0.000 r  ap_clk (IN)
                         net (fo=1284086, unset)      0.030     0.030    grp_einsum_dense_ap_fixed_8_2_5_3_0_ap_fixed_13_7_4_0_0_config18_s_fu_2595/grp_dense_latency_ap_fixed_8_2_5_3_0_ap_fixed_13_7_4_0_0_config18_dense_28_fu_2838/ap_clk
                         FDRE                                         r  grp_einsum_dense_ap_fixed_8_2_5_3_0_ap_fixed_13_7_4_0_0_config18_s_fu_2595/grp_dense_latency_ap_fixed_8_2_5_3_0_ap_fixed_13_7_4_0_0_config18_dense_28_fu_2838/add_ln58_66053_reg_9009_reg[1]/C
  -------------------------------------------------------------------    -------------------
                         FDRE (Prop_FDRE_C_Q)         0.078     0.108 r  grp_einsum_dense_ap_fixed_8_2_5_3_0_ap_fixed_13_7_4_0_0_config18_s_fu_2595/grp_dense_latency_ap_fixed_8_2_5_3_0_ap_fixed_13_7_4_0_0_config18_dense_28_fu_2838/add_ln58_66053_reg_9009_reg[1]/Q
                         net (fo=2, unplaced)         0.137     0.245    grp_einsum_dense_ap_fixed_8_2_5_3_0_ap_fixed_13_7_4_0_0_config18_s_fu_2595/grp_dense_latency_ap_fixed_8_2_5_3_0_ap_fixed_13_7_4_0_0_config18_dense_28_fu_2838/add_ln58_66053_reg_9009[1]
                         LUT2 (Prop_LUT2_I1_O)        0.037     0.282 r  grp_einsum_dense_ap_fixed_8_2_5_3_0_ap_fixed_13_7_4_0_0_config18_s_fu_2595/grp_dense_latency_ap_fixed_8_2_5_3_0_ap_fixed_13_7_4_0_0_config18_dense_28_fu_2838/ap_return_229_int_reg[12]_i_58/O
                         net (fo=1, unplaced)         0.023     0.305    grp_einsum_dense_ap_fixed_8_2_5_3_0_ap_fixed_13_7_4_0_0_config18_s_fu_2595/grp_dense_latency_ap_fixed_8_2_5_3_0_ap_fixed_13_7_4_0_0_config18_dense_28_fu_2838/ap_return_229_int_reg[12]_i_58_n_0
                         CARRY8 (Prop_CARRY8_S[1]_O[4])
                                                      0.204     0.509 r  grp_einsum_dense_ap_fixed_8_2_5_3_0_ap_fixed_13_7_4_0_0_config18_s_fu_2595/grp_dense_latency_ap_fixed_8_2_5_3_0_ap_fixed_13_7_4_0_0_config18_dense_28_fu_2838/ap_return_229_int_reg_reg[12]_i_47/O[4]
                         net (fo=2, unplaced)         0.184     0.693    grp_einsum_dense_ap_fixed_8_2_5_3_0_ap_fixed_13_7_4_0_0_config18_s_fu_2595/grp_dense_latency_ap_fixed_8_2_5_3_0_ap_fixed_13_7_4_0_0_config18_dense_28_fu_2838/sext_ln58_42852_fu_6079_p1[4]
                         LUT3 (Prop_LUT3_I1_O)        0.038     0.731 r  grp_einsum_dense_ap_fixed_8_2_5_3_0_ap_fixed_13_7_4_0_0_config18_s_fu_2595/grp_dense_latency_ap_fixed_8_2_5_3_0_ap_fixed_13_7_4_0_0_config18_dense_28_fu_2838/ap_return_229_int_reg[12]_i_33__0/O
                         net (fo=2, unplaced)         0.186     0.917    grp_einsum_dense_ap_fixed_8_2_5_3_0_ap_fixed_13_7_4_0_0_config18_s_fu_2595/grp_dense_latency_ap_fixed_8_2_5_3_0_ap_fixed_13_7_4_0_0_config18_dense_28_fu_2838/ap_return_229_int_reg[12]_i_33__0_n_0
                         LUT4 (Prop_LUT4_I3_O)        0.037     0.954 r  grp_einsum_dense_ap_fixed_8_2_5_3_0_ap_fixed_13_7_4_0_0_config18_s_fu_2595/grp_dense_latency_ap_fixed_8_2_5_3_0_ap_fixed_13_7_4_0_0_config18_dense_28_fu_2838/ap_return_229_int_reg[12]_i_40/O
                         net (fo=1, unplaced)         0.029     0.983    grp_einsum_dense_ap_fixed_8_2_5_3_0_ap_fixed_13_7_4_0_0_config18_s_fu_2595/grp_dense_latency_ap_fixed_8_2_5_3_0_ap_fixed_13_7_4_0_0_config18_dense_28_fu_2838/ap_return_229_int_reg[12]_i_40_n_0
                         CARRY8 (Prop_CARRY8_S[5]_CO[7])
                                                      0.166     1.149 r  grp_einsum_dense_ap_fixed_8_2_5_3_0_ap_fixed_13_7_4_0_0_config18_s_fu_2595/grp_dense_latency_ap_fixed_8_2_5_3_0_ap_fixed_13_7_4_0_0_config18_dense_28_fu_2838/ap_return_229_int_reg_reg[12]_i_14/CO[7]
                         net (fo=1, unplaced)         0.005     1.154    grp_einsum_dense_ap_fixed_8_2_5_3_0_ap_fixed_13_7_4_0_0_config18_s_fu_2595/grp_dense_latency_ap_fixed_8_2_5_3_0_ap_fixed_13_7_4_0_0_config18_dense_28_fu_2838/ap_return_229_int_reg_reg[12]_i_14_n_0
                         CARRY8 (Prop_CARRY8_CI_O[1])
                                                      0.076     1.230 r  grp_einsum_dense_ap_fixed_8_2_5_3_0_ap_fixed_13_7_4_0_0_config18_s_fu_2595/grp_dense_latency_ap_fixed_8_2_5_3_0_ap_fixed_13_7_4_0_0_config18_dense_28_fu_2838/ap_return_229_int_reg_reg[12]_i_11__1/O[1]
                         net (fo=6, unplaced)         0.206     1.436    grp_einsum_dense_ap_fixed_8_2_5_3_0_ap_fixed_13_7_4_0_0_config18_s_fu_2595/grp_dense_latency_ap_fixed_8_2_5_3_0_ap_fixed_13_7_4_0_0_config18_dense_28_fu_2838/ap_return_229_int_reg_reg[12]_i_11__1_n_14
                         LUT6 (Prop_LUT6_I5_O)        0.038     1.474 r  grp_einsum_dense_ap_fixed_8_2_5_3_0_ap_fixed_13_7_4_0_0_config18_s_fu_2595/grp_dense_latency_ap_fixed_8_2_5_3_0_ap_fixed_13_7_4_0_0_config18_dense_28_fu_2838/ap_return_229_int_reg[12]_i_12__0/O
                         net (fo=4, unplaced)         0.198     1.672    grp_einsum_dense_ap_fixed_8_2_5_3_0_ap_fixed_13_7_4_0_0_config18_s_fu_2595/grp_dense_latency_ap_fixed_8_2_5_3_0_ap_fixed_13_7_4_0_0_config18_dense_28_fu_2838/ap_return_229_int_reg[12]_i_12__0_n_0
                         LUT6 (Prop_LUT6_I0_O)        0.038     1.710 r  grp_einsum_dense_ap_fixed_8_2_5_3_0_ap_fixed_13_7_4_0_0_config18_s_fu_2595/grp_dense_latency_ap_fixed_8_2_5_3_0_ap_fixed_13_7_4_0_0_config18_dense_28_fu_2838/ap_return_229_int_reg[12]_i_3__1/O
                         net (fo=1, unplaced)         0.185     1.895    grp_einsum_dense_ap_fixed_8_2_5_3_0_ap_fixed_13_7_4_0_0_config18_s_fu_2595/grp_dense_latency_ap_fixed_8_2_5_3_0_ap_fixed_13_7_4_0_0_config18_dense_28_fu_2838/ap_return_229_int_reg[12]_i_3__1_n_0
                         CARRY8 (Prop_CARRY8_DI[2]_O[4])
                                                      0.150     2.045 r  grp_einsum_dense_ap_fixed_8_2_5_3_0_ap_fixed_13_7_4_0_0_config18_s_fu_2595/grp_dense_latency_ap_fixed_8_2_5_3_0_ap_fixed_13_7_4_0_0_config18_dense_28_fu_2838/ap_return_229_int_reg_reg[12]_i_1__1/O[4]
                         net (fo=2, unplaced)         0.184     2.229    grp_einsum_dense_ap_fixed_8_2_5_3_0_ap_fixed_13_7_4_0_0_config18_s_fu_2595/grp_dense_latency_ap_fixed_8_2_5_3_0_ap_fixed_13_7_4_0_0_config18_dense_28_fu_2838/ap_return_5[12]
                         LUT3 (Prop_LUT3_I0_O)        0.070     2.299 r  grp_einsum_dense_ap_fixed_8_2_5_3_0_ap_fixed_13_7_4_0_0_config18_s_fu_2595/grp_dense_latency_ap_fixed_8_2_5_3_0_ap_fixed_13_7_4_0_0_config18_dense_28_fu_2838/layer18_out_229_reg_321242[12]_i_1/O
                         net (fo=1, unplaced)         0.048     2.347    grp_einsum_dense_ap_fixed_8_2_5_3_0_ap_fixed_13_7_4_0_0_config18_s_fu_2595_ap_return_229[12]
                         FDRE                                         r  layer18_out_229_reg_321242_reg[12]/D
  -------------------------------------------------------------------    -------------------

                         (clock ap_clk rise edge)     2.500     2.500 r  
                                                      0.000     2.500 r  ap_clk (IN)
                         net (fo=1284086, unset)      0.021     2.521    ap_clk
                         FDRE                                         r  layer18_out_229_reg_321242_reg[12]/C
                         clock pessimism              0.000     2.521    
                         clock uncertainty           -0.035     2.486    
                         FDRE (Setup_FDRE_C_D)        0.025     2.511    layer18_out_229_reg_321242_reg[12]
  -------------------------------------------------------------------
                         required time                          2.511    
                         arrival time                          -2.347    
  -------------------------------------------------------------------
                         slack                                  0.164    





Pulse Width Checks
--------------------------------------------------------------------------------------
Clock Name:         ap_clk
Waveform(ns):       { 0.000 1.250 }
Period(ns):         2.500
Sources:            { ap_clk }

Check Type        Corner  Lib Pin             Reference Pin  Required(ns)  Actual(ns)  Slack(ns)  Location  Pin
Min Period        n/a     RAMB18E2/CLKARDCLK  n/a            1.355         2.500       1.145                grp_softmax_stable_ap_fixed_ap_ufixed_10_1_4_0_0_softmax_config19_s_fu_2083/exp_table_1_U/q0_reg/CLKARDCLK
Min Period        n/a     RAMB18E2/CLKARDCLK  n/a            1.355         2.500       1.145                grp_softmax_stable_ap_fixed_ap_ufixed_10_1_4_0_0_softmax_config19_s_fu_2083/exp_table_1_U/q2_reg/CLKARDCLK
Min Period        n/a     RAMB18E2/CLKBWRCLK  n/a            1.355         2.500       1.145                grp_softmax_stable_ap_fixed_ap_ufixed_10_1_4_0_0_softmax_config19_s_fu_2083/exp_table_1_U/q2_reg/CLKBWRCLK
Min Period        n/a     RAMB18E2/CLKARDCLK  n/a            1.355         2.500       1.145                grp_softmax_stable_ap_fixed_ap_ufixed_10_1_4_0_0_softmax_config19_s_fu_2083/exp_table_1_U/q5_reg/CLKARDCLK
Min Period        n/a     RAMB18E2/CLKBWRCLK  n/a            1.355         2.500       1.145                grp_softmax_stable_ap_fixed_ap_ufixed_10_1_4_0_0_softmax_config19_s_fu_2083/exp_table_1_U/q5_reg/CLKBWRCLK
Low Pulse Width   Slow    RAMB18E2/CLKARDCLK  n/a            0.542         1.250       0.708                grp_softmax_stable_ap_fixed_ap_ufixed_10_1_4_0_0_softmax_config19_s_fu_2083/exp_table_1_U/q0_reg/CLKARDCLK
Low Pulse Width   Fast    RAMB18E2/CLKARDCLK  n/a            0.542         1.250       0.708                grp_softmax_stable_ap_fixed_ap_ufixed_10_1_4_0_0_softmax_config19_s_fu_2083/exp_table_1_U/q0_reg/CLKARDCLK
Low Pulse Width   Slow    RAMB18E2/CLKARDCLK  n/a            0.542         1.250       0.708                grp_softmax_stable_ap_fixed_ap_ufixed_10_1_4_0_0_softmax_config19_s_fu_2083/exp_table_1_U/q2_reg/CLKARDCLK
Low Pulse Width   Fast    RAMB18E2/CLKARDCLK  n/a            0.542         1.250       0.708                grp_softmax_stable_ap_fixed_ap_ufixed_10_1_4_0_0_softmax_config19_s_fu_2083/exp_table_1_U/q2_reg/CLKARDCLK
Low Pulse Width   Slow    RAMB18E2/CLKBWRCLK  n/a            0.542         1.250       0.708                grp_softmax_stable_ap_fixed_ap_ufixed_10_1_4_0_0_softmax_config19_s_fu_2083/exp_table_1_U/q2_reg/CLKBWRCLK
High Pulse Width  Slow    RAMB18E2/CLKARDCLK  n/a            0.542         1.250       0.708                grp_softmax_stable_ap_fixed_ap_ufixed_10_1_4_0_0_softmax_config19_s_fu_2083/exp_table_1_U/q0_reg/CLKARDCLK
High Pulse Width  Fast    RAMB18E2/CLKARDCLK  n/a            0.542         1.250       0.708                grp_softmax_stable_ap_fixed_ap_ufixed_10_1_4_0_0_softmax_config19_s_fu_2083/exp_table_1_U/q0_reg/CLKARDCLK
High Pulse Width  Slow    RAMB18E2/CLKARDCLK  n/a            0.542         1.250       0.708                grp_softmax_stable_ap_fixed_ap_ufixed_10_1_4_0_0_softmax_config19_s_fu_2083/exp_table_1_U/q2_reg/CLKARDCLK
High Pulse Width  Fast    RAMB18E2/CLKARDCLK  n/a            0.542         1.250       0.708                grp_softmax_stable_ap_fixed_ap_ufixed_10_1_4_0_0_softmax_config19_s_fu_2083/exp_table_1_U/q2_reg/CLKARDCLK
High Pulse Width  Slow    RAMB18E2/CLKBWRCLK  n/a            0.542         1.250       0.708                grp_softmax_stable_ap_fixed_ap_ufixed_10_1_4_0_0_softmax_config19_s_fu_2083/exp_table_1_U/q2_reg/CLKBWRCLK



