==== BENCH_ARM_ATTEMPT 0 2026-09-29T11:03:02Z phase p2-A07-k8
ARM_CPUS n=16 requested 4-5,40,43-47,112-115,117-120 seen 4-5,40,43-47,112-115,117-120 OK
BENCH_ARM chang0926-c-n64-s6 tree /work/code devices ['/physical_device:GPU:0'] tf32_enabled False test_cpu False utc 2026-09-29T11:03:07Z
ARM_MANIFEST_SHA 041f981a9d5b8c3a7affb175d82de0ca2df9bc6261a172f67cb365c88b4bbd42 expected 041f981a9d5b8c3a7affb175d82de0ca2df9bc6261a172f67cb365c88b4bbd42 OK
BENCH_CACHE {"x_train": "420ac79dcece207aca849f6ca56e6426586023c9e02f38e5d3ac596fa74d79bc", "x_val": "7b56c1b25bc0d9231767f891ec52455ecb7c5656735fcf9d404104fd2c264d31", "y_train": "a5269398e2c6e5f1fc0db98e1a99a8befea619bf0c55531293d02a286c0dd378", "y_val": "63049d9bdcfdc83af97c58bc6579e1def1ec2d9e7a6c30007793badd75217709"}
[train] chang0926-c-n64-s6 params=61951 resume_epoch=0 initial_ebops=17560418
[epoch 1/7000] EBOPs=19295360 target=5000000 above_floor=18952307 feasible=0 degenerate=0 beta=1e-07 val_AUC=0.872742 val_accuracy=0.574871 seconds=229.5 checkpoint=- ebops_trace_seconds=115.20 ebops_trace_over_epoch=0.502 loss=3.318096 host_rss_mb=2438
[epoch 2/7000] EBOPs=untraced in_training_ebops=19768117 target=5000000 beta=1e-07 val_AUC=0.896562 val_accuracy=0.650339 seconds=126.3 checkpoint=- ebops_trace_seconds=0.01 ebops_trace_over_epoch=0.001 loss=2.913384 host_rss_mb=2518
[epoch 3/7000] EBOPs=untraced in_training_ebops=15655294 target=5000000 beta=1.1e-07 val_AUC=0.893345 val_accuracy=0.650065 seconds=128.9 checkpoint=- ebops_trace_seconds=0.01 ebops_trace_over_epoch=0.001 loss=2.875093 host_rss_mb=2532
[epoch 4/7000] EBOPs=untraced in_training_ebops=15573409 target=5000000 beta=9.2e-08 val_AUC=0.901633 val_accuracy=0.659742 seconds=130.0 checkpoint=- ebops_trace_seconds=0.01 ebops_trace_over_epoch=0.001 loss=2.349157 host_rss_mb=2553
[epoch 5/7000] EBOPs=untraced in_training_ebops=12533583 target=5000000 beta=9.69e-08 val_AUC=0.901675 val_accuracy=0.663097 seconds=129.4 checkpoint=- ebops_trace_seconds=0.02 ebops_trace_over_epoch=0.001 loss=2.240232 host_rss_mb=2569
[epoch 6/7000] EBOPs=untraced in_training_ebops=12243199 target=5000000 beta=8.16e-08 val_AUC=0.902846 val_accuracy=0.673129 seconds=127.7 checkpoint=- ebops_trace_seconds=0.01 ebops_trace_over_epoch=0.001 loss=1.917319 host_rss_mb=2582
[epoch 7/7000] EBOPs=untraced in_training_ebops=10209189 target=5000000 beta=8.34e-08 val_AUC=0.905577 val_accuracy=0.682016 seconds=127.6 checkpoint=- ebops_trace_seconds=0.01 ebops_trace_over_epoch=0.001 loss=1.834867 host_rss_mb=2591
[epoch 8/7000] EBOPs=untraced in_training_ebops=9866243 target=5000000 beta=7.21e-08 val_AUC=0.899820 val_accuracy=0.674129 seconds=128.6 checkpoint=- ebops_trace_seconds=0.01 ebops_trace_over_epoch=0.001 loss=1.618718 host_rss_mb=2594
[epoch 9/7000] EBOPs=untraced in_training_ebops=9049176 target=5000000 beta=7.21e-08 val_AUC=0.891991 val_accuracy=0.636016 seconds=121.1 checkpoint=- ebops_trace_seconds=0.01 ebops_trace_over_epoch=0.001 loss=1.599101 host_rss_mb=2583
[epoch 10/7000] EBOPs=7262329 target=5000000 above_floor=6919276 feasible=0 degenerate=0 beta=6.81e-08 val_AUC=0.878960 val_accuracy=0.608081 seconds=228.6 checkpoint=- ebops_trace_seconds=116.02 ebops_trace_over_epoch=0.508 loss=1.519404 host_rss_mb=2606
[epoch 11/7000] EBOPs=untraced in_training_ebops=8033134 target=5000000 beta=5.57e-08 val_AUC=0.879609 val_accuracy=0.616565 seconds=127.0 checkpoint=- ebops_trace_seconds=0.01 ebops_trace_over_epoch=0.001 loss=1.353183 host_rss_mb=2626
[epoch 12/7000] EBOPs=untraced in_training_ebops=7533965 target=5000000 beta=6.3e-08 val_AUC=0.902347 val_accuracy=0.673468 seconds=130.1 checkpoint=- ebops_trace_seconds=0.01 ebops_trace_over_epoch=0.001 loss=1.405600 host_rss_mb=2640
[epoch 13/7000] EBOPs=untraced in_training_ebops=7077641 target=5000000 beta=6.04e-08 val_AUC=0.897654 val_accuracy=0.652403 seconds=128.6 checkpoint=- ebops_trace_seconds=0.01 ebops_trace_over_epoch=0.001 loss=1.334038 host_rss_mb=2643
[epoch 14/7000] EBOPs=untraced in_training_ebops=6833170 target=5000000 beta=5.77e-08 val_AUC=0.906609 val_accuracy=0.680871 seconds=127.9 checkpoint=- ebops_trace_seconds=0.02 ebops_trace_over_epoch=0.001 loss=1.308906 host_rss_mb=2644
[epoch 15/7000] EBOPs=untraced in_training_ebops=6363657 target=5000000 beta=5.66e-08 val_AUC=0.892837 val_accuracy=0.638839 seconds=128.9 checkpoint=- ebops_trace_seconds=0.02 ebops_trace_over_epoch=0.001 loss=1.282615 host_rss_mb=2644
[epoch 16/7000] EBOPs=untraced in_training_ebops=6236790 target=5000000 beta=5.33e-08 val_AUC=0.900853 val_accuracy=0.673661 seconds=130.0 checkpoint=- ebops_trace_seconds=0.02 ebops_trace_over_epoch=0.001 loss=1.252149 host_rss_mb=2646
[epoch 17/7000] EBOPs=untraced in_training_ebops=5620996 target=5000000 beta=5.28e-08 val_AUC=0.893673 val_accuracy=0.648339 seconds=130.9 checkpoint=- ebops_trace_seconds=0.01 ebops_trace_over_epoch=0.001 loss=1.220548 host_rss_mb=2647
[epoch 18/7000] EBOPs=untraced in_training_ebops=5457128 target=5000000 beta=4.79e-08 val_AUC=0.900679 val_accuracy=0.677000 seconds=124.7 checkpoint=- ebops_trace_seconds=0.01 ebops_trace_over_epoch=0.001 loss=1.185047 host_rss_mb=2649
[epoch 19/7000] EBOPs=untraced in_training_ebops=5366690 target=5000000 beta=4.67e-08 val_AUC=0.875193 val_accuracy=0.505129 seconds=122.2 checkpoint=- ebops_trace_seconds=0.01 ebops_trace_over_epoch=0.001 loss=1.184556 host_rss_mb=2649
[epoch 20/7000] EBOPs=4887278 target=5000000 above_floor=4544225 feasible=1 degenerate=0 beta=4.61e-08 val_AUC=0.879009 val_accuracy=0.595129 seconds=203.2 checkpoint=- ebops_trace_seconds=96.10 ebops_trace_over_epoch=0.473 loss=1.164319 host_rss_mb=2651
[epoch 21/7000] EBOPs=untraced in_training_ebops=5157681 target=5000000 beta=4.19e-08 val_AUC=0.889105 val_accuracy=0.645274 seconds=75.2 checkpoint=epoch-0021 ebops_trace_seconds=0.01 ebops_trace_over_epoch=0.001 loss=1.149845 host_rss_mb=2660
CHECKPOINT_VERIFICATION_PASS {"index": 21, "name": "chang0926-c-n64-s6", "arm": "C", "seed": 6, "n_part": 64, "file": "chang0926-c-n64-s6.json", "production": true, "target_ebops": 5000000, "zero_floor_ebops": 343053, "arch": {"d_model": 32, "n_heads": 4, "pos_enc": "learned"}, "quant_set": "chang", "config_sha256": "8eab349f43d415119139795ea68c19734a547a44f52adac1c849a14ac1380d8a", "status": "verified_canary", "completed_epochs": 21, "selected": {"epoch": 19, "val_macro_auc": 0.8790092885488259, "val_categorical_accuracy": 0.5951290322580645, "ebops": 4887278, "ebops_above_floor": 4544225}, "checkpoint": "model_best.keras", "checkpoint_sha256": "b390d7df1f0e9bb5aba133e45c4bcceae2fb906664c1e6a29f84faa8291128da", "budget_met": true, "validation_accuracy": 0.5951290322580645, "validation_macro_auc": 0.8790092885488259, "validation_per_class_auc": [0.8955196617395433, 0.8711369420985864, 0.8732282599092442, 0.8346404838094296, 0.9205210951873252], "wall_seconds_this_invocation": 3078.9168666787446, "test_set_used": false, "hardware_validated": false, "validation_labels_sha256": "63049d9bdcfdc83af97c58bc6579e1def1ec2d9e7a6c30007793badd75217709", "reload_ebops_check": "stored", "source_sha256": "041f981a9d5b8c3a7affb175d82de0ca2df9bc6261a172f67cb365c88b4bbd42", "selection_cost": 4887278, "selection_cost_convention": "native_hgq2", "native_hgq2_backbone_ebops": 4887278, "custom_estimated_bitops": 0, "modules": {}, "warning": "Augmented total is not directly interchangeable with historical native HGQ2 totals."}
WANDB_IMPORTED False
ARM_DONE chang0926-c-n64-s6 exit 0 wall_seconds 3079.1 utc 2026-09-29T11:54:28Z
