==== BENCH_ARM_ATTEMPT 0 2026-09-29T11:02:01Z phase p2-A07-k8
ARM_CPUS n=16 requested 4-5,40,43-47,112-115,117-120 seen 4-5,40,43-47,112-115,117-120 OK
BENCH_ARM chang0926-c-n64-s2 tree /work/code devices ['/physical_device:GPU:0'] tf32_enabled False test_cpu False utc 2026-09-29T11:02:05Z
ARM_MANIFEST_SHA 041f981a9d5b8c3a7affb175d82de0ca2df9bc6261a172f67cb365c88b4bbd42 expected 041f981a9d5b8c3a7affb175d82de0ca2df9bc6261a172f67cb365c88b4bbd42 OK
BENCH_CACHE {"x_train": "420ac79dcece207aca849f6ca56e6426586023c9e02f38e5d3ac596fa74d79bc", "x_val": "7b56c1b25bc0d9231767f891ec52455ecb7c5656735fcf9d404104fd2c264d31", "y_train": "a5269398e2c6e5f1fc0db98e1a99a8befea619bf0c55531293d02a286c0dd378", "y_val": "63049d9bdcfdc83af97c58bc6579e1def1ec2d9e7a6c30007793badd75217709"}
[train] chang0926-c-n64-s2 params=61951 resume_epoch=0 initial_ebops=16461269
[epoch 1/7000] EBOPs=17857235 target=5000000 above_floor=17514182 feasible=0 degenerate=0 beta=1e-07 val_AUC=0.866002 val_accuracy=0.597242 seconds=223.5 checkpoint=- ebops_trace_seconds=131.05 ebops_trace_over_epoch=0.587 loss=3.260545 host_rss_mb=2444
[epoch 2/7000] EBOPs=untraced in_training_ebops=18931330 target=5000000 beta=1e-07 val_AUC=0.889887 val_accuracy=0.662242 seconds=78.8 checkpoint=- ebops_trace_seconds=0.01 ebops_trace_over_epoch=0.001 loss=2.809447 host_rss_mb=2467
[epoch 3/7000] EBOPs=untraced in_training_ebops=15063915 target=5000000 beta=1.13e-07 val_AUC=0.891865 val_accuracy=0.627661 seconds=119.9 checkpoint=- ebops_trace_seconds=0.02 ebops_trace_over_epoch=0.001 loss=2.875499 host_rss_mb=2491
[epoch 4/7000] EBOPs=untraced in_training_ebops=15095951 target=5000000 beta=9.53e-08 val_AUC=0.897875 val_accuracy=0.669919 seconds=130.3 checkpoint=- ebops_trace_seconds=0.01 ebops_trace_over_epoch=0.001 loss=2.367946 host_rss_mb=2513
[epoch 5/7000] EBOPs=untraced in_training_ebops=11851025 target=5000000 beta=1.01e-07 val_AUC=0.901254 val_accuracy=0.674226 seconds=130.4 checkpoint=- ebops_trace_seconds=0.01 ebops_trace_over_epoch=0.001 loss=2.234249 host_rss_mb=2525
[epoch 6/7000] EBOPs=untraced in_training_ebops=11281508 target=5000000 beta=8.27e-08 val_AUC=0.895166 val_accuracy=0.651516 seconds=131.2 checkpoint=- ebops_trace_seconds=0.01 ebops_trace_over_epoch=0.001 loss=1.848367 host_rss_mb=2533
[epoch 7/7000] EBOPs=untraced in_training_ebops=9343863 target=5000000 beta=8.2e-08 val_AUC=0.899384 val_accuracy=0.670145 seconds=128.2 checkpoint=- ebops_trace_seconds=0.01 ebops_trace_over_epoch=0.001 loss=1.769156 host_rss_mb=2545
[epoch 8/7000] EBOPs=untraced in_training_ebops=9050444 target=5000000 beta=7.01e-08 val_AUC=0.902245 val_accuracy=0.676210 seconds=128.0 checkpoint=- ebops_trace_seconds=0.01 ebops_trace_over_epoch=0.001 loss=1.556357 host_rss_mb=2554
[epoch 9/7000] EBOPs=untraced in_training_ebops=8471452 target=5000000 beta=6.99e-08 val_AUC=0.886801 val_accuracy=0.643597 seconds=132.2 checkpoint=- ebops_trace_seconds=0.01 ebops_trace_over_epoch=0.001 loss=1.546668 host_rss_mb=2538
[epoch 10/7000] EBOPs=6724215 target=5000000 above_floor=6381162 feasible=0 degenerate=0 beta=6.72e-08 val_AUC=0.890884 val_accuracy=0.652371 seconds=263.7 checkpoint=- ebops_trace_seconds=143.84 ebops_trace_over_epoch=0.546 loss=1.479406 host_rss_mb=2546
[epoch 11/7000] EBOPs=untraced in_training_ebops=7185949 target=5000000 beta=5.41e-08 val_AUC=0.905456 val_accuracy=0.682919 seconds=80.9 checkpoint=- ebops_trace_seconds=0.01 ebops_trace_over_epoch=0.001 loss=1.309271 host_rss_mb=2556
[epoch 12/7000] EBOPs=untraced in_training_ebops=6969367 target=5000000 beta=5.89e-08 val_AUC=0.896881 val_accuracy=0.666371 seconds=121.2 checkpoint=- ebops_trace_seconds=0.02 ebops_trace_over_epoch=0.001 loss=1.362238 host_rss_mb=2567
[epoch 13/7000] EBOPs=untraced in_training_ebops=6492266 target=5000000 beta=5.81e-08 val_AUC=0.895937 val_accuracy=0.657710 seconds=131.4 checkpoint=- ebops_trace_seconds=0.01 ebops_trace_over_epoch=0.001 loss=1.312382 host_rss_mb=2573
[epoch 14/7000] EBOPs=untraced in_training_ebops=6214165 target=5000000 beta=5.48e-08 val_AUC=0.890399 val_accuracy=0.643823 seconds=129.6 checkpoint=- ebops_trace_seconds=0.01 ebops_trace_over_epoch=0.001 loss=1.244358 host_rss_mb=2580
[epoch 15/7000] EBOPs=untraced in_training_ebops=5721282 target=5000000 beta=5.3e-08 val_AUC=0.889212 val_accuracy=0.644806 seconds=128.7 checkpoint=- ebops_trace_seconds=0.01 ebops_trace_over_epoch=0.001 loss=1.237086 host_rss_mb=2581
[epoch 16/7000] EBOPs=untraced in_training_ebops=5666491 target=5000000 beta=4.92e-08 val_AUC=0.891879 val_accuracy=0.661500 seconds=128.9 checkpoint=- ebops_trace_seconds=0.01 ebops_trace_over_epoch=0.001 loss=1.197897 host_rss_mb=2587
[epoch 17/7000] EBOPs=untraced in_training_ebops=5585491 target=5000000 beta=4.9e-08 val_AUC=0.905732 val_accuracy=0.679823 seconds=130.1 checkpoint=- ebops_trace_seconds=0.01 ebops_trace_over_epoch=0.001 loss=1.166325 host_rss_mb=2600
[epoch 18/7000] EBOPs=untraced in_training_ebops=5069430 target=5000000 beta=4.86e-08 val_AUC=0.896595 val_accuracy=0.659726 seconds=132.6 checkpoint=- ebops_trace_seconds=0.01 ebops_trace_over_epoch=0.001 loss=1.149288 host_rss_mb=2602
[epoch 19/7000] EBOPs=untraced in_training_ebops=4817606 target=5000000 beta=4.41e-08 val_AUC=0.894699 val_accuracy=0.652677 seconds=126.9 checkpoint=- ebops_trace_seconds=0.01 ebops_trace_over_epoch=0.001 loss=1.130530 host_rss_mb=2612
[epoch 20/7000] EBOPs=4759393 target=5000000 above_floor=4416340 feasible=1 degenerate=0 beta=4.18e-08 val_AUC=0.896431 val_accuracy=0.655177 seconds=262.5 checkpoint=- ebops_trace_seconds=140.87 ebops_trace_over_epoch=0.537 loss=1.131142 host_rss_mb=2612
[epoch 21/7000] EBOPs=untraced in_training_ebops=5086942 target=5000000 beta=4.12e-08 val_AUC=0.894022 val_accuracy=0.645677 seconds=52.8 checkpoint=epoch-0021 ebops_trace_seconds=0.01 ebops_trace_over_epoch=0.001 loss=1.121781 host_rss_mb=2618
CHECKPOINT_VERIFICATION_PASS {"index": 17, "name": "chang0926-c-n64-s2", "arm": "C", "seed": 2, "n_part": 64, "file": "chang0926-c-n64-s2.json", "production": true, "target_ebops": 5000000, "zero_floor_ebops": 343053, "arch": {"d_model": 32, "n_heads": 4, "pos_enc": "learned"}, "quant_set": "chang", "config_sha256": "9027ff22da685bd9346bc3eeaa0babc1650bb232ef9b024255441ade62056795", "status": "verified_canary", "completed_epochs": 21, "selected": {"epoch": 19, "val_macro_auc": 0.896430658148495, "val_categorical_accuracy": 0.6551774193548388, "ebops": 4759393, "ebops_above_floor": 4416340}, "checkpoint": "model_best.keras", "checkpoint_sha256": "2568411aaaadd0fa4dc59a8145d9019d66c34bbd09e7ea5738d6879b720d3708", "budget_met": true, "validation_accuracy": 0.6551774193548388, "validation_macro_auc": 0.896430658148495, "validation_per_class_auc": [0.9013573408524114, 0.8874313000715719, 0.8888525332243747, 0.8722615599911784, 0.9322505566029388], "wall_seconds_this_invocation": 3037.0983614670113, "test_set_used": false, "hardware_validated": false, "validation_labels_sha256": "63049d9bdcfdc83af97c58bc6579e1def1ec2d9e7a6c30007793badd75217709", "reload_ebops_check": "stored", "source_sha256": "041f981a9d5b8c3a7affb175d82de0ca2df9bc6261a172f67cb365c88b4bbd42", "selection_cost": 4759393, "selection_cost_convention": "native_hgq2", "native_hgq2_backbone_ebops": 4759393, "custom_estimated_bitops": 0, "modules": {}, "warning": "Augmented total is not directly interchangeable with historical native HGQ2 totals."}
WANDB_IMPORTED False
ARM_DONE chang0926-c-n64-s2 exit 0 wall_seconds 3037.3 utc 2026-09-29T11:52:44Z
