==== BENCH_ARM_ATTEMPT 0 2026-09-29T11:03:17Z phase p2-A07-k8
ARM_CPUS n=16 requested 4-5,40,43-47,112-115,117-120 seen 4-5,40,43-47,112-115,117-120 OK
BENCH_ARM chang0926-c-n64-s7 tree /work/code devices ['/physical_device:GPU:0'] tf32_enabled False test_cpu False utc 2026-09-29T11:03:22Z
ARM_MANIFEST_SHA 041f981a9d5b8c3a7affb175d82de0ca2df9bc6261a172f67cb365c88b4bbd42 expected 041f981a9d5b8c3a7affb175d82de0ca2df9bc6261a172f67cb365c88b4bbd42 OK
BENCH_CACHE {"x_train": "420ac79dcece207aca849f6ca56e6426586023c9e02f38e5d3ac596fa74d79bc", "x_val": "7b56c1b25bc0d9231767f891ec52455ecb7c5656735fcf9d404104fd2c264d31", "y_train": "a5269398e2c6e5f1fc0db98e1a99a8befea619bf0c55531293d02a286c0dd378", "y_val": "63049d9bdcfdc83af97c58bc6579e1def1ec2d9e7a6c30007793badd75217709"}
[train] chang0926-c-n64-s7 params=61951 resume_epoch=0 initial_ebops=16365348
[epoch 1/7000] EBOPs=16704419 target=5000000 above_floor=16361366 feasible=0 degenerate=0 beta=1e-07 val_AUC=0.860774 val_accuracy=0.596726 seconds=225.1 checkpoint=- ebops_trace_seconds=111.18 ebops_trace_over_epoch=0.494 loss=3.173624 host_rss_mb=2445
[epoch 2/7000] EBOPs=untraced in_training_ebops=18168299 target=5000000 beta=1e-07 val_AUC=0.888528 val_accuracy=0.640548 seconds=129.4 checkpoint=- ebops_trace_seconds=0.01 ebops_trace_over_epoch=0.001 loss=2.762208 host_rss_mb=2475
[epoch 3/7000] EBOPs=untraced in_training_ebops=14464840 target=5000000 beta=1.16e-07 val_AUC=0.890108 val_accuracy=0.643194 seconds=129.4 checkpoint=- ebops_trace_seconds=0.02 ebops_trace_over_epoch=0.001 loss=2.846917 host_rss_mb=2498
[epoch 4/7000] EBOPs=untraced in_training_ebops=14239700 target=5000000 beta=9.74e-08 val_AUC=0.906513 val_accuracy=0.690484 seconds=131.8 checkpoint=- ebops_trace_seconds=0.01 ebops_trace_over_epoch=0.001 loss=2.330588 host_rss_mb=2511
[epoch 5/7000] EBOPs=untraced in_training_ebops=11014607 target=5000000 beta=1.01e-07 val_AUC=0.902202 val_accuracy=0.674032 seconds=131.1 checkpoint=- ebops_trace_seconds=0.01 ebops_trace_over_epoch=0.001 loss=2.140255 host_rss_mb=2524
[epoch 6/7000] EBOPs=untraced in_training_ebops=11065320 target=5000000 beta=8.13e-08 val_AUC=0.892509 val_accuracy=0.649113 seconds=129.4 checkpoint=- ebops_trace_seconds=0.01 ebops_trace_over_epoch=0.001 loss=1.788904 host_rss_mb=2547
[epoch 7/7000] EBOPs=untraced in_training_ebops=9012332 target=5000000 beta=8.5e-08 val_AUC=0.900100 val_accuracy=0.680903 seconds=129.6 checkpoint=- ebops_trace_seconds=0.01 ebops_trace_over_epoch=0.001 loss=1.799483 host_rss_mb=2554
[epoch 8/7000] EBOPs=untraced in_training_ebops=8658701 target=5000000 beta=7.13e-08 val_AUC=0.897194 val_accuracy=0.671145 seconds=128.6 checkpoint=- ebops_trace_seconds=0.01 ebops_trace_over_epoch=0.001 loss=1.567782 host_rss_mb=2560
[epoch 9/7000] EBOPs=untraced in_training_ebops=8382743 target=5000000 beta=7.04e-08 val_AUC=0.887815 val_accuracy=0.647935 seconds=121.1 checkpoint=- ebops_trace_seconds=0.01 ebops_trace_over_epoch=0.001 loss=1.570415 host_rss_mb=2550
[epoch 10/7000] EBOPs=6734806 target=5000000 above_floor=6391753 feasible=0 degenerate=0 beta=6.99e-08 val_AUC=0.893301 val_accuracy=0.653500 seconds=224.3 checkpoint=- ebops_trace_seconds=116.95 ebops_trace_over_epoch=0.522 loss=1.508771 host_rss_mb=2556
[epoch 11/7000] EBOPs=untraced in_training_ebops=7317689 target=5000000 beta=5.7e-08 val_AUC=0.900835 val_accuracy=0.675887 seconds=131.3 checkpoint=- ebops_trace_seconds=0.01 ebops_trace_over_epoch=0.001 loss=1.346789 host_rss_mb=2563
[epoch 12/7000] EBOPs=untraced in_training_ebops=6993800 target=5000000 beta=6.32e-08 val_AUC=0.897350 val_accuracy=0.662113 seconds=131.1 checkpoint=- ebops_trace_seconds=0.01 ebops_trace_over_epoch=0.001 loss=1.383804 host_rss_mb=2574
[epoch 13/7000] EBOPs=untraced in_training_ebops=6762527 target=5000000 beta=6.14e-08 val_AUC=0.898098 val_accuracy=0.672145 seconds=131.8 checkpoint=- ebops_trace_seconds=0.01 ebops_trace_over_epoch=0.001 loss=1.362690 host_rss_mb=2579
[epoch 14/7000] EBOPs=untraced in_training_ebops=6738485 target=5000000 beta=6.03e-08 val_AUC=0.889513 val_accuracy=0.646355 seconds=130.6 checkpoint=- ebops_trace_seconds=0.01 ebops_trace_over_epoch=0.001 loss=1.353596 host_rss_mb=2584
[epoch 15/7000] EBOPs=untraced in_training_ebops=5788651 target=5000000 beta=6.09e-08 val_AUC=0.886768 val_accuracy=0.641581 seconds=131.0 checkpoint=- ebops_trace_seconds=0.01 ebops_trace_over_epoch=0.001 loss=1.345075 host_rss_mb=2596
[epoch 16/7000] EBOPs=untraced in_training_ebops=5635957 target=5000000 beta=5.27e-08 val_AUC=0.887281 val_accuracy=0.644306 seconds=131.6 checkpoint=- ebops_trace_seconds=0.01 ebops_trace_over_epoch=0.001 loss=1.252796 host_rss_mb=2610
[epoch 17/7000] EBOPs=untraced in_training_ebops=5198328 target=5000000 beta=5.17e-08 val_AUC=0.887678 val_accuracy=0.639871 seconds=133.4 checkpoint=- ebops_trace_seconds=0.02 ebops_trace_over_epoch=0.001 loss=1.240250 host_rss_mb=2615
[epoch 18/7000] EBOPs=untraced in_training_ebops=5025548 target=5000000 beta=4.77e-08 val_AUC=0.887184 val_accuracy=0.639048 seconds=124.2 checkpoint=- ebops_trace_seconds=0.01 ebops_trace_over_epoch=0.001 loss=1.209925 host_rss_mb=2615
[epoch 19/7000] EBOPs=untraced in_training_ebops=4823403 target=5000000 beta=4.62e-08 val_AUC=0.874989 val_accuracy=0.614403 seconds=124.5 checkpoint=- ebops_trace_seconds=0.01 ebops_trace_over_epoch=0.001 loss=1.204138 host_rss_mb=2616
[epoch 20/7000] EBOPs=4480557 target=5000000 above_floor=4137504 feasible=1 degenerate=0 beta=4.42e-08 val_AUC=0.880287 val_accuracy=0.637000 seconds=189.1 checkpoint=- ebops_trace_seconds=98.61 ebops_trace_over_epoch=0.522 loss=1.170069 host_rss_mb=2619
[epoch 21/7000] EBOPs=untraced in_training_ebops=4803872 target=5000000 beta=4.09e-08 val_AUC=0.889220 val_accuracy=0.652661 seconds=63.5 checkpoint=epoch-0021 ebops_trace_seconds=0.00 ebops_trace_over_epoch=0.002 loss=1.147057 host_rss_mb=2633
CHECKPOINT_VERIFICATION_PASS {"index": 22, "name": "chang0926-c-n64-s7", "arm": "C", "seed": 7, "n_part": 64, "file": "chang0926-c-n64-s7.json", "production": true, "target_ebops": 5000000, "zero_floor_ebops": 343053, "arch": {"d_model": 32, "n_heads": 4, "pos_enc": "learned"}, "quant_set": "chang", "config_sha256": "4d49583866e33b4d1463017222a276230c54d081231eeb6e402505b249647b0d", "status": "verified_canary", "completed_epochs": 21, "selected": {"epoch": 19, "val_macro_auc": 0.8802868131451216, "val_categorical_accuracy": 0.637, "ebops": 4480557, "ebops_above_floor": 4137504}, "checkpoint": "model_best.keras", "checkpoint_sha256": "0f8f63abedc72364f4d57288581c1a094a818a17a0dedab470931886c86178ec", "budget_met": true, "validation_accuracy": 0.637, "validation_macro_auc": 0.8802868131451216, "validation_per_class_auc": [0.8802866431161387, 0.8572119133972591, 0.8722485415245009, 0.8662259968125462, 0.9254609708751635], "wall_seconds_this_invocation": 3073.6122667863965, "test_set_used": false, "hardware_validated": false, "validation_labels_sha256": "63049d9bdcfdc83af97c58bc6579e1def1ec2d9e7a6c30007793badd75217709", "reload_ebops_check": "stored", "source_sha256": "041f981a9d5b8c3a7affb175d82de0ca2df9bc6261a172f67cb365c88b4bbd42", "selection_cost": 4480557, "selection_cost_convention": "native_hgq2", "native_hgq2_backbone_ebops": 4480557, "custom_estimated_bitops": 0, "modules": {}, "warning": "Augmented total is not directly interchangeable with historical native HGQ2 totals."}
WANDB_IMPORTED False
ARM_DONE chang0926-c-n64-s7 exit 0 wall_seconds 3073.8 utc 2026-09-29T11:54:38Z
