==== BENCH_ARM_ATTEMPT 0 2026-09-29T11:01:46Z phase p2-A07-k8
ARM_CPUS n=16 requested 4-5,40,43-47,112-115,117-120 seen 4-5,40,43-47,112-115,117-120 OK
BENCH_ARM chang0926-c-n64-s1 tree /work/code devices ['/physical_device:GPU:0'] tf32_enabled False test_cpu False utc 2026-09-29T11:01:51Z
ARM_MANIFEST_SHA 041f981a9d5b8c3a7affb175d82de0ca2df9bc6261a172f67cb365c88b4bbd42 expected 041f981a9d5b8c3a7affb175d82de0ca2df9bc6261a172f67cb365c88b4bbd42 OK
BENCH_CACHE {"x_train": "420ac79dcece207aca849f6ca56e6426586023c9e02f38e5d3ac596fa74d79bc", "x_val": "7b56c1b25bc0d9231767f891ec52455ecb7c5656735fcf9d404104fd2c264d31", "y_train": "a5269398e2c6e5f1fc0db98e1a99a8befea619bf0c55531293d02a286c0dd378", "y_val": "63049d9bdcfdc83af97c58bc6579e1def1ec2d9e7a6c30007793badd75217709"}
[train] chang0926-c-n64-s1 params=61951 resume_epoch=0 initial_ebops=16832899
[epoch 1/7000] EBOPs=17449321 target=5000000 above_floor=17106268 feasible=0 degenerate=0 beta=1e-07 val_AUC=0.847213 val_accuracy=0.562661 seconds=181.0 checkpoint=- ebops_trace_seconds=115.16 ebops_trace_over_epoch=0.637 loss=3.234677 host_rss_mb=2448
[epoch 2/7000] EBOPs=untraced in_training_ebops=18735759 target=5000000 beta=1e-07 val_AUC=0.890510 val_accuracy=0.647839 seconds=77.8 checkpoint=- ebops_trace_seconds=0.00 ebops_trace_over_epoch=0.001 loss=2.828458 host_rss_mb=2479
[epoch 3/7000] EBOPs=untraced in_training_ebops=14680029 target=5000000 beta=1.15e-07 val_AUC=0.888830 val_accuracy=0.649855 seconds=77.9 checkpoint=- ebops_trace_seconds=0.00 ebops_trace_over_epoch=0.001 loss=2.860127 host_rss_mb=2500
[epoch 4/7000] EBOPs=untraced in_training_ebops=14769523 target=5000000 beta=9.48e-08 val_AUC=0.898014 val_accuracy=0.671694 seconds=119.2 checkpoint=- ebops_trace_seconds=0.01 ebops_trace_over_epoch=0.001 loss=2.324678 host_rss_mb=2518
[epoch 5/7000] EBOPs=untraced in_training_ebops=11613916 target=5000000 beta=1.01e-07 val_AUC=0.894331 val_accuracy=0.649290 seconds=128.1 checkpoint=- ebops_trace_seconds=0.02 ebops_trace_over_epoch=0.001 loss=2.216396 host_rss_mb=2531
[epoch 6/7000] EBOPs=untraced in_training_ebops=11072978 target=5000000 beta=8.26e-08 val_AUC=0.900943 val_accuracy=0.673919 seconds=128.0 checkpoint=- ebops_trace_seconds=0.01 ebops_trace_over_epoch=0.001 loss=1.884710 host_rss_mb=2546
[epoch 7/7000] EBOPs=untraced in_training_ebops=9203185 target=5000000 beta=8.2e-08 val_AUC=0.885289 val_accuracy=0.635677 seconds=128.8 checkpoint=- ebops_trace_seconds=0.01 ebops_trace_over_epoch=0.001 loss=1.793120 host_rss_mb=2553
[epoch 8/7000] EBOPs=untraced in_training_ebops=8885396 target=5000000 beta=7.02e-08 val_AUC=0.891507 val_accuracy=0.655661 seconds=127.2 checkpoint=- ebops_trace_seconds=0.01 ebops_trace_over_epoch=0.001 loss=1.588173 host_rss_mb=2566
[epoch 9/7000] EBOPs=untraced in_training_ebops=8681919 target=5000000 beta=6.98e-08 val_AUC=0.893695 val_accuracy=0.660694 seconds=126.4 checkpoint=- ebops_trace_seconds=0.01 ebops_trace_over_epoch=0.001 loss=1.585651 host_rss_mb=2563
[epoch 10/7000] EBOPs=6696894 target=5000000 above_floor=6353841 feasible=0 degenerate=0 beta=7.01e-08 val_AUC=0.896533 val_accuracy=0.673161 seconds=274.6 checkpoint=- ebops_trace_seconds=147.06 ebops_trace_over_epoch=0.536 loss=1.535574 host_rss_mb=2577
[epoch 11/7000] EBOPs=untraced in_training_ebops=7221298 target=5000000 beta=5.49e-08 val_AUC=0.873239 val_accuracy=0.596194 seconds=110.3 checkpoint=- ebops_trace_seconds=0.01 ebops_trace_over_epoch=0.001 loss=1.339241 host_rss_mb=2587
[epoch 12/7000] EBOPs=untraced in_training_ebops=7182255 target=5000000 beta=6.03e-08 val_AUC=0.889985 val_accuracy=0.655113 seconds=71.1 checkpoint=- ebops_trace_seconds=0.00 ebops_trace_over_epoch=0.001 loss=1.387092 host_rss_mb=2588
[epoch 13/7000] EBOPs=untraced in_training_ebops=6619845 target=5000000 beta=6.1e-08 val_AUC=0.880519 val_accuracy=0.619790 seconds=107.4 checkpoint=- ebops_trace_seconds=0.01 ebops_trace_over_epoch=0.001 loss=1.353310 host_rss_mb=2600
[epoch 14/7000] EBOPs=untraced in_training_ebops=6249547 target=5000000 beta=5.7e-08 val_AUC=0.893778 val_accuracy=0.659000 seconds=128.7 checkpoint=- ebops_trace_seconds=0.01 ebops_trace_over_epoch=0.001 loss=1.306375 host_rss_mb=2600
[epoch 15/7000] EBOPs=untraced in_training_ebops=5930335 target=5000000 beta=5.45e-08 val_AUC=0.891084 val_accuracy=0.653065 seconds=129.3 checkpoint=- ebops_trace_seconds=0.02 ebops_trace_over_epoch=0.001 loss=1.276112 host_rss_mb=2600
[epoch 16/7000] EBOPs=untraced in_training_ebops=5410646 target=5000000 beta=5.21e-08 val_AUC=0.883529 val_accuracy=0.631742 seconds=128.4 checkpoint=- ebops_trace_seconds=0.02 ebops_trace_over_epoch=0.001 loss=1.228657 host_rss_mb=2601
[epoch 17/7000] EBOPs=untraced in_training_ebops=5320991 target=5000000 beta=4.77e-08 val_AUC=0.876004 val_accuracy=0.629290 seconds=127.4 checkpoint=- ebops_trace_seconds=0.01 ebops_trace_over_epoch=0.001 loss=1.207062 host_rss_mb=2601
[epoch 18/7000] EBOPs=untraced in_training_ebops=5113110 target=5000000 beta=4.71e-08 val_AUC=0.887133 val_accuracy=0.642806 seconds=127.7 checkpoint=- ebops_trace_seconds=0.01 ebops_trace_over_epoch=0.001 loss=1.204973 host_rss_mb=2616
[epoch 19/7000] EBOPs=untraced in_training_ebops=4907546 target=5000000 beta=4.53e-08 val_AUC=0.894791 val_accuracy=0.662871 seconds=129.5 checkpoint=- ebops_trace_seconds=0.01 ebops_trace_over_epoch=0.001 loss=1.166983 host_rss_mb=2619
[epoch 20/7000] EBOPs=4409174 target=5000000 above_floor=4066121 feasible=1 degenerate=0 beta=4.34e-08 val_AUC=0.897531 val_accuracy=0.667613 seconds=274.3 checkpoint=- ebops_trace_seconds=146.86 ebops_trace_over_epoch=0.536 loss=1.148195 host_rss_mb=2624
[epoch 21/7000] EBOPs=untraced in_training_ebops=5142719 target=5000000 beta=3.88e-08 val_AUC=0.890262 val_accuracy=0.635468 seconds=121.1 checkpoint=epoch-0021 ebops_trace_seconds=0.01 ebops_trace_over_epoch=0.001 loss=1.132494 host_rss_mb=2637
CHECKPOINT_VERIFICATION_PASS {"index": 16, "name": "chang0926-c-n64-s1", "arm": "C", "seed": 1, "n_part": 64, "file": "chang0926-c-n64-s1.json", "production": true, "target_ebops": 5000000, "zero_floor_ebops": 343053, "arch": {"d_model": 32, "n_heads": 4, "pos_enc": "learned"}, "quant_set": "chang", "config_sha256": "1f27443c764f95f42208be7c864c834bcf0fbe0be2583aa89d89c8fd3f7da156", "status": "verified_canary", "completed_epochs": 21, "selected": {"epoch": 19, "val_macro_auc": 0.8975305609940882, "val_categorical_accuracy": 0.6676129032258065, "ebops": 4409174, "ebops_above_floor": 4066121}, "checkpoint": "model_best.keras", "checkpoint_sha256": "0f607dda68810fc43ba8100e39d6e1d4cd203833b01ac176fea5d4e924d7e375", "budget_met": true, "validation_accuracy": 0.6676129032258065, "validation_macro_auc": 0.8975305609940882, "validation_per_class_auc": [0.8979355796929488, 0.8826623066214132, 0.8894834081221559, 0.8841896386485094, 0.933381871885414], "wall_seconds_this_invocation": 2952.4039461016655, "test_set_used": false, "hardware_validated": false, "validation_labels_sha256": "63049d9bdcfdc83af97c58bc6579e1def1ec2d9e7a6c30007793badd75217709", "reload_ebops_check": "stored", "source_sha256": "041f981a9d5b8c3a7affb175d82de0ca2df9bc6261a172f67cb365c88b4bbd42", "selection_cost": 4409174, "selection_cost_convention": "native_hgq2", "native_hgq2_backbone_ebops": 4409174, "custom_estimated_bitops": 0, "modules": {}, "warning": "Augmented total is not directly interchangeable with historical native HGQ2 totals."}
WANDB_IMPORTED False
ARM_DONE chang0926-c-n64-s1 exit 0 wall_seconds 2952.6 utc 2026-09-29T11:51:05Z
