==== BENCH_ARM_ATTEMPT 0 2026-09-29T11:03:32Z phase p2-A07-k8
ARM_CPUS n=16 requested 4-5,40,43-47,112-115,117-120 seen 4-5,40,43-47,112-115,117-120 OK
BENCH_ARM chang0926-c-n64-s8 tree /work/code devices ['/physical_device:GPU:0'] tf32_enabled False test_cpu False utc 2026-09-29T11:03:36Z
ARM_MANIFEST_SHA 041f981a9d5b8c3a7affb175d82de0ca2df9bc6261a172f67cb365c88b4bbd42 expected 041f981a9d5b8c3a7affb175d82de0ca2df9bc6261a172f67cb365c88b4bbd42 OK
BENCH_CACHE {"x_train": "420ac79dcece207aca849f6ca56e6426586023c9e02f38e5d3ac596fa74d79bc", "x_val": "7b56c1b25bc0d9231767f891ec52455ecb7c5656735fcf9d404104fd2c264d31", "y_train": "a5269398e2c6e5f1fc0db98e1a99a8befea619bf0c55531293d02a286c0dd378", "y_val": "63049d9bdcfdc83af97c58bc6579e1def1ec2d9e7a6c30007793badd75217709"}
[train] chang0926-c-n64-s8 params=61951 resume_epoch=0 initial_ebops=16611267
[epoch 1/7000] EBOPs=16789894 target=5000000 above_floor=16446841 feasible=0 degenerate=0 beta=1e-07 val_AUC=0.872305 val_accuracy=0.608468 seconds=222.2 checkpoint=- ebops_trace_seconds=111.75 ebops_trace_over_epoch=0.503 loss=3.156024 host_rss_mb=2446
[epoch 2/7000] EBOPs=untraced in_training_ebops=17676365 target=5000000 beta=1e-07 val_AUC=0.889750 val_accuracy=0.652355 seconds=126.4 checkpoint=- ebops_trace_seconds=0.01 ebops_trace_over_epoch=0.001 loss=2.703680 host_rss_mb=2476
[epoch 3/7000] EBOPs=untraced in_training_ebops=13692199 target=5000000 beta=1.12e-07 val_AUC=0.896330 val_accuracy=0.652097 seconds=125.7 checkpoint=- ebops_trace_seconds=0.01 ebops_trace_over_epoch=0.001 loss=2.706377 host_rss_mb=2491
[epoch 4/7000] EBOPs=untraced in_training_ebops=13635305 target=5000000 beta=9.14e-08 val_AUC=0.906237 val_accuracy=0.684274 seconds=126.9 checkpoint=- ebops_trace_seconds=0.02 ebops_trace_over_epoch=0.001 loss=2.153680 host_rss_mb=2509
[epoch 5/7000] EBOPs=untraced in_training_ebops=10901419 target=5000000 beta=9.57e-08 val_AUC=0.907525 val_accuracy=0.694710 seconds=126.2 checkpoint=- ebops_trace_seconds=0.01 ebops_trace_over_epoch=0.001 loss=2.051826 host_rss_mb=2529
[epoch 6/7000] EBOPs=untraced in_training_ebops=10709547 target=5000000 beta=7.95e-08 val_AUC=0.891016 val_accuracy=0.645435 seconds=125.4 checkpoint=- ebops_trace_seconds=0.02 ebops_trace_over_epoch=0.001 loss=1.769466 host_rss_mb=2552
[epoch 7/7000] EBOPs=untraced in_training_ebops=9121742 target=5000000 beta=8.11e-08 val_AUC=0.907730 val_accuracy=0.692452 seconds=125.4 checkpoint=- ebops_trace_seconds=0.01 ebops_trace_over_epoch=0.001 loss=1.734702 host_rss_mb=2559
[epoch 8/7000] EBOPs=untraced in_training_ebops=8484129 target=5000000 beta=7.12e-08 val_AUC=0.904573 val_accuracy=0.687855 seconds=124.9 checkpoint=- ebops_trace_seconds=0.01 ebops_trace_over_epoch=0.001 loss=1.516764 host_rss_mb=2577
[epoch 9/7000] EBOPs=untraced in_training_ebops=7972994 target=5000000 beta=6.8e-08 val_AUC=0.890075 val_accuracy=0.625887 seconds=118.5 checkpoint=- ebops_trace_seconds=0.01 ebops_trace_over_epoch=0.001 loss=1.481749 host_rss_mb=2569
[epoch 10/7000] EBOPs=6664412 target=5000000 above_floor=6321359 feasible=0 degenerate=0 beta=6.54e-08 val_AUC=0.893321 val_accuracy=0.638984 seconds=224.9 checkpoint=- ebops_trace_seconds=114.40 ebops_trace_over_epoch=0.509 loss=1.448481 host_rss_mb=2582
[epoch 11/7000] EBOPs=untraced in_training_ebops=7101264 target=5000000 beta=5.55e-08 val_AUC=0.902947 val_accuracy=0.683597 seconds=123.5 checkpoint=- ebops_trace_seconds=0.01 ebops_trace_over_epoch=0.001 loss=1.317827 host_rss_mb=2598
[epoch 12/7000] EBOPs=untraced in_training_ebops=6958598 target=5000000 beta=6.02e-08 val_AUC=0.902851 val_accuracy=0.679177 seconds=126.0 checkpoint=- ebops_trace_seconds=0.01 ebops_trace_over_epoch=0.001 loss=1.367920 host_rss_mb=2599
[epoch 13/7000] EBOPs=untraced in_training_ebops=6634992 target=5000000 beta=5.99e-08 val_AUC=0.902273 val_accuracy=0.646339 seconds=125.3 checkpoint=- ebops_trace_seconds=0.01 ebops_trace_over_epoch=0.001 loss=1.310912 host_rss_mb=2599
[epoch 14/7000] EBOPs=untraced in_training_ebops=6461314 target=5000000 beta=5.8e-08 val_AUC=0.890850 val_accuracy=0.655355 seconds=125.0 checkpoint=- ebops_trace_seconds=0.01 ebops_trace_over_epoch=0.001 loss=1.287025 host_rss_mb=2610
[epoch 15/7000] EBOPs=untraced in_training_ebops=5726326 target=5000000 beta=5.72e-08 val_AUC=0.894885 val_accuracy=0.663823 seconds=125.5 checkpoint=- ebops_trace_seconds=0.01 ebops_trace_over_epoch=0.001 loss=1.262364 host_rss_mb=2615
[epoch 16/7000] EBOPs=untraced in_training_ebops=5741352 target=5000000 beta=5.1e-08 val_AUC=0.893178 val_accuracy=0.649903 seconds=126.0 checkpoint=- ebops_trace_seconds=0.01 ebops_trace_over_epoch=0.001 loss=1.220571 host_rss_mb=2620
[epoch 17/7000] EBOPs=untraced in_training_ebops=5481785 target=5000000 beta=5.15e-08 val_AUC=0.890014 val_accuracy=0.656403 seconds=127.2 checkpoint=- ebops_trace_seconds=0.01 ebops_trace_over_epoch=0.001 loss=1.229464 host_rss_mb=2623
[epoch 18/7000] EBOPs=untraced in_training_ebops=5112110 target=5000000 beta=4.94e-08 val_AUC=0.894314 val_accuracy=0.649194 seconds=123.6 checkpoint=- ebops_trace_seconds=0.01 ebops_trace_over_epoch=0.001 loss=1.203398 host_rss_mb=2624
[epoch 19/7000] EBOPs=untraced in_training_ebops=4947030 target=5000000 beta=4.61e-08 val_AUC=0.892233 val_accuracy=0.642968 seconds=118.5 checkpoint=- ebops_trace_seconds=0.01 ebops_trace_over_epoch=0.001 loss=1.166930 host_rss_mb=2624
[epoch 20/7000] EBOPs=4248368 target=5000000 above_floor=3905315 feasible=1 degenerate=0 beta=4.46e-08 val_AUC=0.884821 val_accuracy=0.597726 seconds=213.9 checkpoint=- ebops_trace_seconds=98.77 ebops_trace_over_epoch=0.462 loss=1.152397 host_rss_mb=2627
[epoch 21/7000] EBOPs=untraced in_training_ebops=4747433 target=5000000 beta=3.8e-08 val_AUC=0.892417 val_accuracy=0.645323 seconds=78.4 checkpoint=epoch-0021 ebops_trace_seconds=0.01 ebops_trace_over_epoch=0.001 loss=1.120313 host_rss_mb=2642
CHECKPOINT_VERIFICATION_PASS {"index": 23, "name": "chang0926-c-n64-s8", "arm": "C", "seed": 8, "n_part": 64, "file": "chang0926-c-n64-s8.json", "production": true, "target_ebops": 5000000, "zero_floor_ebops": 343053, "arch": {"d_model": 32, "n_heads": 4, "pos_enc": "learned"}, "quant_set": "chang", "config_sha256": "6598f5573fed0cca455337bb1c7a7794454872c94365642c9d9f247e7fca535c", "status": "verified_canary", "completed_epochs": 21, "selected": {"epoch": 19, "val_macro_auc": 0.8848208610053805, "val_categorical_accuracy": 0.5977258064516129, "ebops": 4248368, "ebops_above_floor": 3905315}, "checkpoint": "model_best.keras", "checkpoint_sha256": "a4dd61b8e000d20cebe004375f4c5f98a0cf44a51e527844e91779f3ff77a517", "budget_met": true, "validation_accuracy": 0.5977258064516129, "validation_macro_auc": 0.8848208610053805, "validation_per_class_auc": [0.8937534295920089, 0.8768040801926608, 0.8796886147207003, 0.8647953444781178, 0.9090628360434149], "wall_seconds_this_invocation": 3034.5586669584736, "test_set_used": false, "hardware_validated": false, "validation_labels_sha256": "63049d9bdcfdc83af97c58bc6579e1def1ec2d9e7a6c30007793badd75217709", "reload_ebops_check": "stored", "source_sha256": "041f981a9d5b8c3a7affb175d82de0ca2df9bc6261a172f67cb365c88b4bbd42", "selection_cost": 4248368, "selection_cost_convention": "native_hgq2", "native_hgq2_backbone_ebops": 4248368, "custom_estimated_bitops": 0, "modules": {}, "warning": "Augmented total is not directly interchangeable with historical native HGQ2 totals."}
WANDB_IMPORTED False
ARM_DONE chang0926-c-n64-s8 exit 0 wall_seconds 3034.7 utc 2026-09-29T11:54:12Z
