==== BENCH_ARM_ATTEMPT 0 2026-09-29T11:02:32Z phase p2-A07-k8
ARM_CPUS n=16 requested 4-5,40,43-47,112-115,117-120 seen 4-5,40,43-47,112-115,117-120 OK
BENCH_ARM chang0926-c-n64-s4 tree /work/code devices ['/physical_device:GPU:0'] tf32_enabled False test_cpu False utc 2026-09-29T11:02:37Z
ARM_MANIFEST_SHA 041f981a9d5b8c3a7affb175d82de0ca2df9bc6261a172f67cb365c88b4bbd42 expected 041f981a9d5b8c3a7affb175d82de0ca2df9bc6261a172f67cb365c88b4bbd42 OK
BENCH_CACHE {"x_train": "420ac79dcece207aca849f6ca56e6426586023c9e02f38e5d3ac596fa74d79bc", "x_val": "7b56c1b25bc0d9231767f891ec52455ecb7c5656735fcf9d404104fd2c264d31", "y_train": "a5269398e2c6e5f1fc0db98e1a99a8befea619bf0c55531293d02a286c0dd378", "y_val": "63049d9bdcfdc83af97c58bc6579e1def1ec2d9e7a6c30007793badd75217709"}
[train] chang0926-c-n64-s4 params=61951 resume_epoch=0 initial_ebops=15972008
[epoch 1/7000] EBOPs=18271305 target=5000000 above_floor=17928252 feasible=0 degenerate=0 beta=1e-07 val_AUC=0.842146 val_accuracy=0.549758 seconds=223.1 checkpoint=- ebops_trace_seconds=117.16 ebops_trace_over_epoch=0.526 loss=3.267029 host_rss_mb=2445
[epoch 2/7000] EBOPs=untraced in_training_ebops=19164442 target=5000000 beta=1e-07 val_AUC=0.871137 val_accuracy=0.578565 seconds=99.9 checkpoint=- ebops_trace_seconds=0.01 ebops_trace_over_epoch=0.001 loss=2.891515 host_rss_mb=2473
[epoch 3/7000] EBOPs=untraced in_training_ebops=14967872 target=5000000 beta=1.12e-07 val_AUC=0.880756 val_accuracy=0.642258 seconds=131.7 checkpoint=- ebops_trace_seconds=0.01 ebops_trace_over_epoch=0.001 loss=2.889700 host_rss_mb=2492
[epoch 4/7000] EBOPs=untraced in_training_ebops=14876668 target=5000000 beta=9.25e-08 val_AUC=0.892114 val_accuracy=0.654984 seconds=131.3 checkpoint=- ebops_trace_seconds=0.01 ebops_trace_over_epoch=0.001 loss=2.344702 host_rss_mb=2505
[epoch 5/7000] EBOPs=untraced in_training_ebops=11655111 target=5000000 beta=9.71e-08 val_AUC=0.892186 val_accuracy=0.654242 seconds=132.3 checkpoint=- ebops_trace_seconds=0.01 ebops_trace_over_epoch=0.001 loss=2.187265 host_rss_mb=2521
[epoch 6/7000] EBOPs=untraced in_training_ebops=11220597 target=5000000 beta=7.94e-08 val_AUC=0.882952 val_accuracy=0.636774 seconds=131.5 checkpoint=- ebops_trace_seconds=0.01 ebops_trace_over_epoch=0.001 loss=1.869750 host_rss_mb=2530
[epoch 7/7000] EBOPs=untraced in_training_ebops=9737659 target=5000000 beta=7.96e-08 val_AUC=0.885581 val_accuracy=0.647194 seconds=129.8 checkpoint=- ebops_trace_seconds=0.01 ebops_trace_over_epoch=0.001 loss=1.832177 host_rss_mb=2551
[epoch 8/7000] EBOPs=untraced in_training_ebops=9630316 target=5000000 beta=7.14e-08 val_AUC=0.876935 val_accuracy=0.619823 seconds=131.0 checkpoint=- ebops_trace_seconds=0.01 ebops_trace_over_epoch=0.001 loss=1.659582 host_rss_mb=2554
[epoch 9/7000] EBOPs=untraced in_training_ebops=9002741 target=5000000 beta=7.3e-08 val_AUC=0.884074 val_accuracy=0.619145 seconds=126.0 checkpoint=- ebops_trace_seconds=0.01 ebops_trace_over_epoch=0.001 loss=1.677635 host_rss_mb=2549
[epoch 10/7000] EBOPs=6920332 target=5000000 above_floor=6577279 feasible=0 degenerate=0 beta=7.03e-08 val_AUC=0.880383 val_accuracy=0.629145 seconds=240.8 checkpoint=- ebops_trace_seconds=120.61 ebops_trace_over_epoch=0.501 loss=1.557865 host_rss_mb=2564
[epoch 11/7000] EBOPs=untraced in_training_ebops=7507968 target=5000000 beta=5.49e-08 val_AUC=0.885172 val_accuracy=0.642887 seconds=108.9 checkpoint=- ebops_trace_seconds=0.01 ebops_trace_over_epoch=0.001 loss=1.390442 host_rss_mb=2573
[epoch 12/7000] EBOPs=untraced in_training_ebops=7090622 target=5000000 beta=6.08e-08 val_AUC=0.881988 val_accuracy=0.638565 seconds=131.7 checkpoint=- ebops_trace_seconds=0.01 ebops_trace_over_epoch=0.001 loss=1.427828 host_rss_mb=2580
[epoch 13/7000] EBOPs=untraced in_training_ebops=6666602 target=5000000 beta=5.84e-08 val_AUC=0.880497 val_accuracy=0.622355 seconds=132.2 checkpoint=- ebops_trace_seconds=0.01 ebops_trace_over_epoch=0.001 loss=1.356246 host_rss_mb=2586
[epoch 14/7000] EBOPs=untraced in_training_ebops=6496883 target=5000000 beta=5.57e-08 val_AUC=0.883799 val_accuracy=0.625790 seconds=131.3 checkpoint=- ebops_trace_seconds=0.01 ebops_trace_over_epoch=0.001 loss=1.338068 host_rss_mb=2598
[epoch 15/7000] EBOPs=untraced in_training_ebops=6316388 target=5000000 beta=5.5e-08 val_AUC=0.880795 val_accuracy=0.625339 seconds=131.2 checkpoint=- ebops_trace_seconds=0.02 ebops_trace_over_epoch=0.001 loss=1.341132 host_rss_mb=2606
[epoch 16/7000] EBOPs=untraced in_training_ebops=6012087 target=5000000 beta=5.41e-08 val_AUC=0.881433 val_accuracy=0.639371 seconds=131.3 checkpoint=- ebops_trace_seconds=0.02 ebops_trace_over_epoch=0.001 loss=1.315326 host_rss_mb=2610
[epoch 17/7000] EBOPs=untraced in_training_ebops=5286227 target=5000000 beta=5.2e-08 val_AUC=0.884192 val_accuracy=0.641177 seconds=132.5 checkpoint=- ebops_trace_seconds=0.02 ebops_trace_over_epoch=0.001 loss=1.260990 host_rss_mb=2610
[epoch 18/7000] EBOPs=untraced in_training_ebops=5114991 target=5000000 beta=4.58e-08 val_AUC=0.890433 val_accuracy=0.656145 seconds=130.9 checkpoint=- ebops_trace_seconds=0.01 ebops_trace_over_epoch=0.001 loss=1.195939 host_rss_mb=2610
[epoch 19/7000] EBOPs=untraced in_training_ebops=4900456 target=5000000 beta=4.44e-08 val_AUC=0.868468 val_accuracy=0.596710 seconds=123.4 checkpoint=- ebops_trace_seconds=0.01 ebops_trace_over_epoch=0.001 loss=1.193021 host_rss_mb=2613
[epoch 20/7000] EBOPs=4385780 target=5000000 above_floor=4042727 feasible=1 degenerate=0 beta=4.25e-08 val_AUC=0.881059 val_accuracy=0.646048 seconds=225.2 checkpoint=- ebops_trace_seconds=104.15 ebops_trace_over_epoch=0.463 loss=1.187309 host_rss_mb=2623
[epoch 21/7000] EBOPs=untraced in_training_ebops=4534794 target=5000000 beta=3.78e-08 val_AUC=0.887980 val_accuracy=0.647887 seconds=73.0 checkpoint=epoch-0021 ebops_trace_seconds=0.01 ebops_trace_over_epoch=0.001 loss=1.143701 host_rss_mb=2625
CHECKPOINT_VERIFICATION_PASS {"index": 19, "name": "chang0926-c-n64-s4", "arm": "C", "seed": 4, "n_part": 64, "file": "chang0926-c-n64-s4.json", "production": true, "target_ebops": 5000000, "zero_floor_ebops": 343053, "arch": {"d_model": 32, "n_heads": 4, "pos_enc": "learned"}, "quant_set": "chang", "config_sha256": "0d866afd43411a9ab52e573ca724259466db76af4416d5fc2cff4d57ff860956", "status": "verified_canary", "completed_epochs": 21, "selected": {"epoch": 19, "val_macro_auc": 0.8810589296638289, "val_categorical_accuracy": 0.6460483870967741, "ebops": 4385780, "ebops_above_floor": 4042727}, "checkpoint": "model_best.keras", "checkpoint_sha256": "2aa0212436466900530012b6d49016353cb51e06c910b0a0d24e5a5a28cfb96c", "budget_met": true, "validation_accuracy": 0.6460483870967741, "validation_macro_auc": 0.8810589296638289, "validation_per_class_auc": [0.8783974233069465, 0.8632688217530243, 0.8734429571924995, 0.8676968024922176, 0.9224886435744568], "wall_seconds_this_invocation": 3082.2055780375376, "test_set_used": false, "hardware_validated": false, "validation_labels_sha256": "63049d9bdcfdc83af97c58bc6579e1def1ec2d9e7a6c30007793badd75217709", "reload_ebops_check": "stored", "source_sha256": "041f981a9d5b8c3a7affb175d82de0ca2df9bc6261a172f67cb365c88b4bbd42", "selection_cost": 4385780, "selection_cost_convention": "native_hgq2", "native_hgq2_backbone_ebops": 4385780, "custom_estimated_bitops": 0, "modules": {}, "warning": "Augmented total is not directly interchangeable with historical native HGQ2 totals."}
WANDB_IMPORTED False
ARM_DONE chang0926-c-n64-s4 exit 0 wall_seconds 3082.4 utc 2026-09-29T11:54:00Z
