==== BENCH_ARM_ATTEMPT 0 2026-09-29T11:02:47Z phase p2-A07-k8
ARM_CPUS n=16 requested 4-5,40,43-47,112-115,117-120 seen 4-5,40,43-47,112-115,117-120 OK
BENCH_ARM chang0926-c-n64-s5 tree /work/code devices ['/physical_device:GPU:0'] tf32_enabled False test_cpu False utc 2026-09-29T11:02:52Z
ARM_MANIFEST_SHA 041f981a9d5b8c3a7affb175d82de0ca2df9bc6261a172f67cb365c88b4bbd42 expected 041f981a9d5b8c3a7affb175d82de0ca2df9bc6261a172f67cb365c88b4bbd42 OK
BENCH_CACHE {"x_train": "420ac79dcece207aca849f6ca56e6426586023c9e02f38e5d3ac596fa74d79bc", "x_val": "7b56c1b25bc0d9231767f891ec52455ecb7c5656735fcf9d404104fd2c264d31", "y_train": "a5269398e2c6e5f1fc0db98e1a99a8befea619bf0c55531293d02a286c0dd378", "y_val": "63049d9bdcfdc83af97c58bc6579e1def1ec2d9e7a6c30007793badd75217709"}
[train] chang0926-c-n64-s5 params=61951 resume_epoch=0 initial_ebops=16919150
[epoch 1/7000] EBOPs=18296993 target=5000000 above_floor=17953940 feasible=0 degenerate=0 beta=1e-07 val_AUC=0.861268 val_accuracy=0.595226 seconds=235.8 checkpoint=- ebops_trace_seconds=122.56 ebops_trace_over_epoch=0.520 loss=3.356972 host_rss_mb=2438
[epoch 2/7000] EBOPs=untraced in_training_ebops=20213212 target=5000000 beta=1e-07 val_AUC=0.863243 val_accuracy=0.612194 seconds=123.8 checkpoint=- ebops_trace_seconds=0.01 ebops_trace_over_epoch=0.001 loss=2.959039 host_rss_mb=2518
[epoch 3/7000] EBOPs=untraced in_training_ebops=16332824 target=5000000 beta=1.18e-07 val_AUC=0.834136 val_accuracy=0.550565 seconds=130.4 checkpoint=- ebops_trace_seconds=0.01 ebops_trace_over_epoch=0.001 loss=3.117094 host_rss_mb=2535
[epoch 4/7000] EBOPs=untraced in_training_ebops=16233846 target=5000000 beta=1.02e-07 val_AUC=0.723931 val_accuracy=0.443355 seconds=131.9 checkpoint=- ebops_trace_seconds=0.01 ebops_trace_over_epoch=0.001 loss=2.597253 host_rss_mb=2562
[epoch 5/7000] EBOPs=untraced in_training_ebops=12945813 target=5000000 beta=1.07e-07 val_AUC=0.738301 val_accuracy=0.488323 seconds=133.3 checkpoint=- ebops_trace_seconds=0.01 ebops_trace_over_epoch=0.001 loss=2.450960 host_rss_mb=2581
[epoch 6/7000] EBOPs=untraced in_training_ebops=12386472 target=5000000 beta=8.95e-08 val_AUC=0.630962 val_accuracy=0.351387 seconds=130.5 checkpoint=- ebops_trace_seconds=0.01 ebops_trace_over_epoch=0.001 loss=2.083840 host_rss_mb=2588
[epoch 7/7000] EBOPs=untraced in_training_ebops=10714816 target=5000000 beta=8.96e-08 val_AUC=0.625481 val_accuracy=0.385145 seconds=129.8 checkpoint=- ebops_trace_seconds=0.01 ebops_trace_over_epoch=0.001 loss=1.962875 host_rss_mb=2603
[epoch 8/7000] EBOPs=untraced in_training_ebops=10487861 target=5000000 beta=8.06e-08 val_AUC=0.717636 val_accuracy=0.418613 seconds=132.2 checkpoint=- ebops_trace_seconds=0.01 ebops_trace_over_epoch=0.001 loss=1.795907 host_rss_mb=2608
[epoch 9/7000] EBOPs=untraced in_training_ebops=8898172 target=5000000 beta=8.18e-08 val_AUC=0.648024 val_accuracy=0.369758 seconds=123.1 checkpoint=- ebops_trace_seconds=0.01 ebops_trace_over_epoch=0.001 loss=1.749082 host_rss_mb=2600
[epoch 10/7000] EBOPs=7320029 target=5000000 above_floor=6976976 feasible=0 degenerate=0 beta=7.15e-08 val_AUC=0.893918 val_accuracy=0.666548 seconds=240.3 checkpoint=- ebops_trace_seconds=125.52 ebops_trace_over_epoch=0.523 loss=1.581296 host_rss_mb=2611
[epoch 11/7000] EBOPs=untraced in_training_ebops=8308640 target=5000000 beta=5.99e-08 val_AUC=0.891770 val_accuracy=0.658290 seconds=131.7 checkpoint=- ebops_trace_seconds=0.02 ebops_trace_over_epoch=0.001 loss=1.434440 host_rss_mb=2626
[epoch 12/7000] EBOPs=untraced in_training_ebops=7357908 target=5000000 beta=6.98e-08 val_AUC=0.888035 val_accuracy=0.643726 seconds=132.7 checkpoint=- ebops_trace_seconds=0.01 ebops_trace_over_epoch=0.001 loss=1.497300 host_rss_mb=2643
[epoch 13/7000] EBOPs=untraced in_training_ebops=7084624 target=5000000 beta=6.3e-08 val_AUC=0.895438 val_accuracy=0.658000 seconds=131.8 checkpoint=- ebops_trace_seconds=0.02 ebops_trace_over_epoch=0.001 loss=1.385542 host_rss_mb=2647
[epoch 14/7000] EBOPs=untraced in_training_ebops=6926354 target=5000000 beta=6.17e-08 val_AUC=0.890339 val_accuracy=0.620952 seconds=131.2 checkpoint=- ebops_trace_seconds=0.01 ebops_trace_over_epoch=0.001 loss=1.376607 host_rss_mb=2650
[epoch 15/7000] EBOPs=untraced in_training_ebops=6524806 target=5000000 beta=6.13e-08 val_AUC=0.892268 val_accuracy=0.647548 seconds=132.1 checkpoint=- ebops_trace_seconds=0.01 ebops_trace_over_epoch=0.001 loss=1.357131 host_rss_mb=2661
[epoch 16/7000] EBOPs=untraced in_training_ebops=6164457 target=5000000 beta=5.85e-08 val_AUC=0.893095 val_accuracy=0.654774 seconds=132.4 checkpoint=- ebops_trace_seconds=0.01 ebops_trace_over_epoch=0.001 loss=1.323507 host_rss_mb=2662
[epoch 17/7000] EBOPs=untraced in_training_ebops=5700105 target=5000000 beta=5.59e-08 val_AUC=0.885699 val_accuracy=0.644710 seconds=134.3 checkpoint=- ebops_trace_seconds=0.01 ebops_trace_over_epoch=0.001 loss=1.284187 host_rss_mb=2667
[epoch 18/7000] EBOPs=untraced in_training_ebops=5322790 target=5000000 beta=5.2e-08 val_AUC=0.883555 val_accuracy=0.641645 seconds=124.4 checkpoint=- ebops_trace_seconds=0.01 ebops_trace_over_epoch=0.001 loss=1.238033 host_rss_mb=2667
[epoch 19/7000] EBOPs=untraced in_training_ebops=4867940 target=5000000 beta=4.87e-08 val_AUC=0.889823 val_accuracy=0.647935 seconds=125.2 checkpoint=- ebops_trace_seconds=0.01 ebops_trace_over_epoch=0.001 loss=1.188992 host_rss_mb=2668
[epoch 20/7000] EBOPs=4417363 target=5000000 above_floor=4074310 feasible=1 degenerate=0 beta=4.45e-08 val_AUC=0.876545 val_accuracy=0.612129 seconds=198.4 checkpoint=- ebops_trace_seconds=107.55 ebops_trace_over_epoch=0.543 loss=1.187855 host_rss_mb=2680
[epoch 21/7000] EBOPs=untraced in_training_ebops=4967665 target=5000000 beta=4.01e-08 val_AUC=0.878267 val_accuracy=0.619194 seconds=53.2 checkpoint=epoch-0021 ebops_trace_seconds=0.00 ebops_trace_over_epoch=0.001 loss=1.165853 host_rss_mb=2684
CHECKPOINT_VERIFICATION_PASS {"index": 20, "name": "chang0926-c-n64-s5", "arm": "C", "seed": 5, "n_part": 64, "file": "chang0926-c-n64-s5.json", "production": true, "target_ebops": 5000000, "zero_floor_ebops": 343053, "arch": {"d_model": 32, "n_heads": 4, "pos_enc": "learned"}, "quant_set": "chang", "config_sha256": "ccfe65e4b575adf54c27ccd81cecc5c74737b15fa2d3aa14c11605aa545766c2", "status": "verified_canary", "completed_epochs": 21, "selected": {"epoch": 19, "val_macro_auc": 0.8765448553060656, "val_categorical_accuracy": 0.6121290322580645, "ebops": 4417363, "ebops_above_floor": 4074310}, "checkpoint": "model_best.keras", "checkpoint_sha256": "86803c822d6882a50e701b01a99ddf58002accb80c0afd59ab970762247b3c35", "budget_met": true, "validation_accuracy": 0.6121290322580645, "validation_macro_auc": 0.8765448553060656, "validation_per_class_auc": [0.8774108786924308, 0.8579023358434101, 0.869212177324886, 0.8556141949034145, 0.9225846897661871], "wall_seconds_this_invocation": 3105.1170240538195, "test_set_used": false, "hardware_validated": false, "validation_labels_sha256": "63049d9bdcfdc83af97c58bc6579e1def1ec2d9e7a6c30007793badd75217709", "reload_ebops_check": "stored", "source_sha256": "041f981a9d5b8c3a7affb175d82de0ca2df9bc6261a172f67cb365c88b4bbd42", "selection_cost": 4417363, "selection_cost_convention": "native_hgq2", "native_hgq2_backbone_ebops": 4417363, "custom_estimated_bitops": 0, "modules": {}, "warning": "Augmented total is not directly interchangeable with historical native HGQ2 totals."}
WANDB_IMPORTED False
ARM_DONE chang0926-c-n64-s5 exit 0 wall_seconds 3105.3 utc 2026-09-29T11:54:39Z
