==== BENCH_ARM_ATTEMPT 0 2026-09-29T15:51:07Z phase p3-E-k4
ARM_CPUS n=8 requested 6-7,14-15,134-135,142-143 seen 6-7,14-15,134-135,142-143 OK
BENCH_ARM chang0926-a-n64-s3 tree /work/code devices ['/physical_device:GPU:0'] tf32_enabled False test_cpu False utc 2026-09-29T15:51:12Z
ARM_MANIFEST_SHA 041f981a9d5b8c3a7affb175d82de0ca2df9bc6261a172f67cb365c88b4bbd42 expected 041f981a9d5b8c3a7affb175d82de0ca2df9bc6261a172f67cb365c88b4bbd42 OK
BENCH_CACHE {"x_train": "420ac79dcece207aca849f6ca56e6426586023c9e02f38e5d3ac596fa74d79bc", "x_val": "7b56c1b25bc0d9231767f891ec52455ecb7c5656735fcf9d404104fd2c264d31", "y_train": "a5269398e2c6e5f1fc0db98e1a99a8befea619bf0c55531293d02a286c0dd378", "y_val": "63049d9bdcfdc83af97c58bc6579e1def1ec2d9e7a6c30007793badd75217709"}
[train] chang0926-a-n64-s3 params=31735 resume_epoch=0 initial_ebops=11488104
[epoch 1/7000] EBOPs=11230476 target=350000 above_floor=11058950 feasible=0 degenerate=0 beta=1e-07 val_AUC=0.849871 val_accuracy=0.578774 seconds=135.2 checkpoint=- ebops_trace_seconds=96.14 ebops_trace_over_epoch=0.712 loss=2.645656 host_rss_mb=2280
[epoch 2/7000] EBOPs=untraced in_training_ebops=12194402 target=350000 beta=1e-07 val_AUC=0.875256 val_accuracy=0.627726 seconds=30.1 checkpoint=- ebops_trace_seconds=0.01 ebops_trace_over_epoch=0.002 loss=2.193818 host_rss_mb=2297
[epoch 3/7000] EBOPs=untraced in_training_ebops=9659436 target=350000 beta=1.3e-07 val_AUC=0.884107 val_accuracy=0.634484 seconds=40.5 checkpoint=- ebops_trace_seconds=0.01 ebops_trace_over_epoch=0.002 loss=2.418281 host_rss_mb=2311
[epoch 4/7000] EBOPs=untraced in_training_ebops=9411868 target=350000 beta=1.21e-07 val_AUC=0.888778 val_accuracy=0.636871 seconds=41.8 checkpoint=- ebops_trace_seconds=0.01 ebops_trace_over_epoch=0.002 loss=2.145287 host_rss_mb=2320
[epoch 5/7000] EBOPs=untraced in_training_ebops=7532422 target=350000 beta=1.39e-07 val_AUC=0.889784 val_accuracy=0.639290 seconds=40.7 checkpoint=- ebops_trace_seconds=0.01 ebops_trace_over_epoch=0.002 loss=2.098003 host_rss_mb=2329
[epoch 6/7000] EBOPs=untraced in_training_ebops=6338821 target=350000 beta=1.3e-07 val_AUC=0.884363 val_accuracy=0.633194 seconds=40.5 checkpoint=- ebops_trace_seconds=0.01 ebops_trace_over_epoch=0.002 loss=1.907907 host_rss_mb=2330
[epoch 7/7000] EBOPs=untraced in_training_ebops=5383831 target=350000 beta=1.26e-07 val_AUC=0.882736 val_accuracy=0.635226 seconds=40.5 checkpoint=- ebops_trace_seconds=0.01 ebops_trace_over_epoch=0.002 loss=1.712832 host_rss_mb=2333
[epoch 8/7000] EBOPs=untraced in_training_ebops=4970423 target=350000 beta=1.23e-07 val_AUC=0.882097 val_accuracy=0.632387 seconds=38.9 checkpoint=- ebops_trace_seconds=0.00 ebops_trace_over_epoch=0.002 loss=1.629673 host_rss_mb=2333
[epoch 9/7000] EBOPs=untraced in_training_ebops=4275543 target=350000 beta=1.3e-07 val_AUC=0.879063 val_accuracy=0.621952 seconds=28.9 checkpoint=- ebops_trace_seconds=0.00 ebops_trace_over_epoch=0.003 loss=1.569942 host_rss_mb=2333
[epoch 10/7000] EBOPs=3585165 target=350000 above_floor=3413639 feasible=0 degenerate=0 beta=1.26e-07 val_AUC=0.883032 val_accuracy=0.628903 seconds=114.6 checkpoint=- ebops_trace_seconds=85.77 ebops_trace_over_epoch=0.750 loss=1.522092 host_rss_mb=2334
[epoch 11/7000] EBOPs=untraced in_training_ebops=3661477 target=350000 beta=1.19e-07 val_AUC=0.882854 val_accuracy=0.634258 seconds=33.2 checkpoint=- ebops_trace_seconds=0.01 ebops_trace_over_epoch=0.003 loss=1.424889 host_rss_mb=2320
[epoch 12/7000] EBOPs=untraced in_training_ebops=3372211 target=350000 beta=1.37e-07 val_AUC=0.876085 val_accuracy=0.624839 seconds=42.0 checkpoint=- ebops_trace_seconds=0.01 ebops_trace_over_epoch=0.004 loss=1.464862 host_rss_mb=2321
[epoch 13/7000] EBOPs=untraced in_training_ebops=2811903 target=350000 beta=1.41e-07 val_AUC=0.871895 val_accuracy=0.614258 seconds=41.5 checkpoint=- ebops_trace_seconds=0.01 ebops_trace_over_epoch=0.004 loss=1.424856 host_rss_mb=2323
[epoch 14/7000] EBOPs=untraced in_training_ebops=2559254 target=350000 beta=1.31e-07 val_AUC=0.863253 val_accuracy=0.608435 seconds=42.1 checkpoint=- ebops_trace_seconds=0.01 ebops_trace_over_epoch=0.003 loss=1.366251 host_rss_mb=2323
[epoch 15/7000] EBOPs=untraced in_training_ebops=2371657 target=350000 beta=1.31e-07 val_AUC=0.856458 val_accuracy=0.573871 seconds=41.9 checkpoint=- ebops_trace_seconds=0.01 ebops_trace_over_epoch=0.003 loss=1.357440 host_rss_mb=2323
[epoch 16/7000] EBOPs=untraced in_training_ebops=2177266 target=350000 beta=1.34e-07 val_AUC=0.862379 val_accuracy=0.582774 seconds=42.7 checkpoint=- ebops_trace_seconds=0.01 ebops_trace_over_epoch=0.003 loss=1.348708 host_rss_mb=2327
[epoch 17/7000] EBOPs=untraced in_training_ebops=2092633 target=350000 beta=1.35e-07 val_AUC=0.863573 val_accuracy=0.591710 seconds=38.9 checkpoint=- ebops_trace_seconds=0.01 ebops_trace_over_epoch=0.004 loss=1.330540 host_rss_mb=2327
[epoch 18/7000] EBOPs=untraced in_training_ebops=1821545 target=350000 beta=1.42e-07 val_AUC=0.874579 val_accuracy=0.622645 seconds=28.3 checkpoint=- ebops_trace_seconds=0.01 ebops_trace_over_epoch=0.005 loss=1.328624 host_rss_mb=2327
[epoch 19/7000] EBOPs=untraced in_training_ebops=1739626 target=350000 beta=1.34e-07 val_AUC=0.854126 val_accuracy=0.548113 seconds=26.1 checkpoint=- ebops_trace_seconds=0.00 ebops_trace_over_epoch=0.003 loss=1.294277 host_rss_mb=2327
[epoch 20/7000] EBOPs=1869417 target=350000 above_floor=1697891 feasible=0 degenerate=0 beta=1.38e-07 val_AUC=0.854044 val_accuracy=0.569226 seconds=97.3 checkpoint=- ebops_trace_seconds=67.39 ebops_trace_over_epoch=0.693 loss=1.316427 host_rss_mb=2329
[epoch 21/7000] EBOPs=untraced in_training_ebops=1651371 target=350000 beta=1.62e-07 val_AUC=0.832421 val_accuracy=0.547032 seconds=13.9 checkpoint=epoch-0021 ebops_trace_seconds=0.00 ebops_trace_over_epoch=0.005 loss=1.393448 host_rss_mb=2334
CHECKPOINT_VERIFICATION_PASS {"index": 2, "name": "chang0926-a-n64-s3", "arm": "A", "seed": 3, "n_part": 64, "file": "chang0926-a-n64-s3.json", "production": true, "target_ebops": 350000, "zero_floor_ebops": 171526, "arch": {"d_model": 24, "n_heads": 2, "pos_enc": "none"}, "quant_set": "chang", "config_sha256": "f7c05573a4dc9405450a8544459e67da1b76b981a59d354effd47566b9e4ff4d", "status": "verified_canary", "completed_epochs": 21, "selected": {"epoch": 19, "val_macro_auc": 0.8540443810430365, "val_categorical_accuracy": 0.5692258064516129, "ebops": 1869417, "ebops_above_floor": 1697891}, "checkpoint": "model_min_ebops.keras", "checkpoint_sha256": "857da22585c03ad812f8b6db150d0e29623e34890047c47824c85ce3fc0780d8", "budget_met": false, "validation_accuracy": 0.5692258064516129, "validation_macro_auc": 0.8540443810430365, "validation_per_class_auc": [0.863508265421216, 0.8426731865834839, 0.8183250672255554, 0.8284154799082638, 0.9172999060766633], "wall_seconds_this_invocation": 1143.370842499, "test_set_used": false, "hardware_validated": false, "validation_labels_sha256": "63049d9bdcfdc83af97c58bc6579e1def1ec2d9e7a6c30007793badd75217709", "reload_ebops_check": "stored", "source_sha256": "041f981a9d5b8c3a7affb175d82de0ca2df9bc6261a172f67cb365c88b4bbd42", "selection_cost": 1869417, "selection_cost_convention": "native_hgq2", "native_hgq2_backbone_ebops": 1869417, "custom_estimated_bitops": 0, "modules": {}, "warning": "Augmented total is not directly interchangeable with historical native HGQ2 totals."}
WANDB_IMPORTED False
ARM_DONE chang0926-a-n64-s3 exit 0 wall_seconds 1143.6 utc 2026-09-29T16:10:17Z
