==== BENCH_ARM_ATTEMPT 0 2026-09-29T15:50:36Z phase p3-E-k4
ARM_CPUS n=8 requested 6-7,14-15,134-135,142-143 seen 6-7,14-15,134-135,142-143 OK
BENCH_ARM chang0926-a-n64-s1 tree /work/code devices ['/physical_device:GPU:0'] tf32_enabled False test_cpu False utc 2026-09-29T15:50:40Z
ARM_MANIFEST_SHA 041f981a9d5b8c3a7affb175d82de0ca2df9bc6261a172f67cb365c88b4bbd42 expected 041f981a9d5b8c3a7affb175d82de0ca2df9bc6261a172f67cb365c88b4bbd42 OK
BENCH_CACHE {"x_train": "420ac79dcece207aca849f6ca56e6426586023c9e02f38e5d3ac596fa74d79bc", "x_val": "7b56c1b25bc0d9231767f891ec52455ecb7c5656735fcf9d404104fd2c264d31", "y_train": "a5269398e2c6e5f1fc0db98e1a99a8befea619bf0c55531293d02a286c0dd378", "y_val": "63049d9bdcfdc83af97c58bc6579e1def1ec2d9e7a6c30007793badd75217709"}
[train] chang0926-a-n64-s1 params=31735 resume_epoch=0 initial_ebops=11559681
[epoch 1/7000] EBOPs=12055360 target=350000 above_floor=11883834 feasible=0 degenerate=0 beta=1e-07 val_AUC=0.843380 val_accuracy=0.544258 seconds=131.0 checkpoint=- ebops_trace_seconds=78.75 ebops_trace_over_epoch=0.602 loss=2.703904 host_rss_mb=2282
[epoch 2/7000] EBOPs=untraced in_training_ebops=12652199 target=350000 beta=1e-07 val_AUC=0.869029 val_accuracy=0.607468 seconds=16.8 checkpoint=- ebops_trace_seconds=0.00 ebops_trace_over_epoch=0.005 loss=2.282298 host_rss_mb=2308
[epoch 3/7000] EBOPs=untraced in_training_ebops=10252530 target=350000 beta=1.26e-07 val_AUC=0.880626 val_accuracy=0.639710 seconds=25.4 checkpoint=- ebops_trace_seconds=0.00 ebops_trace_over_epoch=0.003 loss=2.452673 host_rss_mb=2317
[epoch 4/7000] EBOPs=untraced in_training_ebops=10177383 target=350000 beta=1.2e-07 val_AUC=0.832592 val_accuracy=0.534210 seconds=30.2 checkpoint=- ebops_trace_seconds=0.00 ebops_trace_over_epoch=0.003 loss=2.248506 host_rss_mb=2325
[epoch 5/7000] EBOPs=untraced in_training_ebops=8144703 target=350000 beta=1.42e-07 val_AUC=0.873546 val_accuracy=0.615000 seconds=37.4 checkpoint=- ebops_trace_seconds=0.01 ebops_trace_over_epoch=0.004 loss=2.231869 host_rss_mb=2334
[epoch 6/7000] EBOPs=untraced in_training_ebops=6747514 target=350000 beta=1.33e-07 val_AUC=0.886695 val_accuracy=0.632645 seconds=42.7 checkpoint=- ebops_trace_seconds=0.01 ebops_trace_over_epoch=0.003 loss=1.995031 host_rss_mb=2340
[epoch 7/7000] EBOPs=untraced in_training_ebops=6081939 target=350000 beta=1.27e-07 val_AUC=0.870502 val_accuracy=0.607839 seconds=41.6 checkpoint=- ebops_trace_seconds=0.01 ebops_trace_over_epoch=0.003 loss=1.806428 host_rss_mb=2343
[epoch 8/7000] EBOPs=untraced in_training_ebops=5299193 target=350000 beta=1.32e-07 val_AUC=0.883397 val_accuracy=0.634000 seconds=41.8 checkpoint=- ebops_trace_seconds=0.01 ebops_trace_over_epoch=0.003 loss=1.748782 host_rss_mb=2348
[epoch 9/7000] EBOPs=untraced in_training_ebops=4785580 target=350000 beta=1.32e-07 val_AUC=0.882193 val_accuracy=0.630274 seconds=39.3 checkpoint=- ebops_trace_seconds=0.00 ebops_trace_over_epoch=0.002 loss=1.640545 host_rss_mb=2350
[epoch 10/7000] EBOPs=3457372 target=350000 above_floor=3285846 feasible=0 degenerate=0 beta=1.36e-07 val_AUC=0.880117 val_accuracy=0.615548 seconds=116.5 checkpoint=- ebops_trace_seconds=77.14 ebops_trace_over_epoch=0.663 loss=1.593591 host_rss_mb=2353
[epoch 11/7000] EBOPs=untraced in_training_ebops=4038442 target=350000 beta=1.1e-07 val_AUC=0.874763 val_accuracy=0.621258 seconds=22.3 checkpoint=- ebops_trace_seconds=0.00 ebops_trace_over_epoch=0.003 loss=1.421071 host_rss_mb=2344
[epoch 12/7000] EBOPs=untraced in_training_ebops=3616674 target=350000 beta=1.45e-07 val_AUC=0.878645 val_accuracy=0.627548 seconds=26.3 checkpoint=- ebops_trace_seconds=0.00 ebops_trace_over_epoch=0.003 loss=1.564545 host_rss_mb=2348
[epoch 13/7000] EBOPs=untraced in_training_ebops=3061558 target=350000 beta=1.46e-07 val_AUC=0.865363 val_accuracy=0.597274 seconds=26.5 checkpoint=- ebops_trace_seconds=0.01 ebops_trace_over_epoch=0.003 loss=1.509554 host_rss_mb=2350
[epoch 14/7000] EBOPs=untraced in_training_ebops=2811658 target=350000 beta=1.38e-07 val_AUC=0.877807 val_accuracy=0.624903 seconds=33.3 checkpoint=- ebops_trace_seconds=0.00 ebops_trace_over_epoch=0.003 loss=1.409454 host_rss_mb=2352
[epoch 15/7000] EBOPs=untraced in_training_ebops=2634786 target=350000 beta=1.41e-07 val_AUC=0.866555 val_accuracy=0.599645 seconds=40.5 checkpoint=- ebops_trace_seconds=0.01 ebops_trace_over_epoch=0.002 loss=1.396857 host_rss_mb=2354
[epoch 16/7000] EBOPs=untraced in_training_ebops=2505125 target=350000 beta=1.46e-07 val_AUC=0.855588 val_accuracy=0.571242 seconds=39.3 checkpoint=- ebops_trace_seconds=0.00 ebops_trace_over_epoch=0.002 loss=1.400700 host_rss_mb=2358
[epoch 17/7000] EBOPs=untraced in_training_ebops=2330118 target=350000 beta=1.53e-07 val_AUC=0.864665 val_accuracy=0.592306 seconds=39.1 checkpoint=- ebops_trace_seconds=0.01 ebops_trace_over_epoch=0.002 loss=1.413238 host_rss_mb=2359
[epoch 18/7000] EBOPs=untraced in_training_ebops=2227134 target=350000 beta=1.57e-07 val_AUC=0.863506 val_accuracy=0.589565 seconds=38.7 checkpoint=- ebops_trace_seconds=0.00 ebops_trace_over_epoch=0.002 loss=1.383451 host_rss_mb=2359
[epoch 19/7000] EBOPs=untraced in_training_ebops=2148763 target=350000 beta=1.64e-07 val_AUC=0.869893 val_accuracy=0.595177 seconds=38.9 checkpoint=- ebops_trace_seconds=0.00 ebops_trace_over_epoch=0.003 loss=1.383576 host_rss_mb=2359
[epoch 20/7000] EBOPs=2113079 target=350000 above_floor=1941553 feasible=0 degenerate=0 beta=1.73e-07 val_AUC=0.869463 val_accuracy=0.602113 seconds=121.6 checkpoint=- ebops_trace_seconds=83.42 ebops_trace_over_epoch=0.687 loss=1.403504 host_rss_mb=2359
[epoch 21/7000] EBOPs=untraced in_training_ebops=2199033 target=350000 beta=1.87e-07 val_AUC=0.861126 val_accuracy=0.575710 seconds=28.6 checkpoint=epoch-0021 ebops_trace_seconds=0.00 ebops_trace_over_epoch=0.003 loss=1.452288 host_rss_mb=2359
CHECKPOINT_VERIFICATION_PASS {"index": 0, "name": "chang0926-a-n64-s1", "arm": "A", "seed": 1, "n_part": 64, "file": "chang0926-a-n64-s1.json", "production": true, "target_ebops": 350000, "zero_floor_ebops": 171526, "arch": {"d_model": 24, "n_heads": 2, "pos_enc": "none"}, "quant_set": "chang", "config_sha256": "d47d6799702cf67a49baa333aa2204b17a384289f32b106eb30433db8b2dec94", "status": "verified_canary", "completed_epochs": 21, "selected": {"epoch": 19, "val_macro_auc": 0.8694629541301019, "val_categorical_accuracy": 0.6021129032258065, "ebops": 2113079, "ebops_above_floor": 1941553}, "checkpoint": "model_min_ebops.keras", "checkpoint_sha256": "25e0407d91291510c746c921915903ad482eb563f12d693d05cabedf24cd0320", "budget_met": false, "validation_accuracy": 0.6021129032258065, "validation_macro_auc": 0.8694629541301019, "validation_per_class_auc": [0.8795553290902679, 0.8457614545746772, 0.8537581234817404, 0.8407370314294061, 0.9275028320744182], "wall_seconds_this_invocation": 1105.604534955999, "test_set_used": false, "hardware_validated": false, "validation_labels_sha256": "63049d9bdcfdc83af97c58bc6579e1def1ec2d9e7a6c30007793badd75217709", "reload_ebops_check": "stored", "source_sha256": "041f981a9d5b8c3a7affb175d82de0ca2df9bc6261a172f67cb365c88b4bbd42", "selection_cost": 2113079, "selection_cost_convention": "native_hgq2", "native_hgq2_backbone_ebops": 2113079, "custom_estimated_bitops": 0, "modules": {}, "warning": "Augmented total is not directly interchangeable with historical native HGQ2 totals."}
WANDB_IMPORTED False
ARM_DONE chang0926-a-n64-s1 exit 0 wall_seconds 1105.8 utc 2026-09-29T16:09:07Z
