==== BENCH_ARM_ATTEMPT 0 2026-09-29T15:51:22Z phase p3-E-k4
ARM_CPUS n=8 requested 6-7,14-15,134-135,142-143 seen 6-7,14-15,134-135,142-143 OK
BENCH_ARM chang0926-a-n64-s4 tree /work/code devices ['/physical_device:GPU:0'] tf32_enabled False test_cpu False utc 2026-09-29T15:51:31Z
ARM_MANIFEST_SHA 041f981a9d5b8c3a7affb175d82de0ca2df9bc6261a172f67cb365c88b4bbd42 expected 041f981a9d5b8c3a7affb175d82de0ca2df9bc6261a172f67cb365c88b4bbd42 OK
BENCH_CACHE {"x_train": "420ac79dcece207aca849f6ca56e6426586023c9e02f38e5d3ac596fa74d79bc", "x_val": "7b56c1b25bc0d9231767f891ec52455ecb7c5656735fcf9d404104fd2c264d31", "y_train": "a5269398e2c6e5f1fc0db98e1a99a8befea619bf0c55531293d02a286c0dd378", "y_val": "63049d9bdcfdc83af97c58bc6579e1def1ec2d9e7a6c30007793badd75217709"}
[train] chang0926-a-n64-s4 params=31735 resume_epoch=0 initial_ebops=11205067
[epoch 1/7000] EBOPs=10884234 target=350000 above_floor=10712708 feasible=0 degenerate=0 beta=1e-07 val_AUC=0.796011 val_accuracy=0.503210 seconds=144.0 checkpoint=- ebops_trace_seconds=95.14 ebops_trace_over_epoch=0.661 loss=2.631052 host_rss_mb=2285
[epoch 2/7000] EBOPs=untraced in_training_ebops=12388629 target=350000 beta=1e-07 val_AUC=0.847682 val_accuracy=0.557032 seconds=39.9 checkpoint=- ebops_trace_seconds=0.01 ebops_trace_over_epoch=0.002 loss=2.297092 host_rss_mb=2306
[epoch 3/7000] EBOPs=untraced in_training_ebops=9809178 target=350000 beta=1.36e-07 val_AUC=0.869156 val_accuracy=0.597516 seconds=40.6 checkpoint=- ebops_trace_seconds=0.00 ebops_trace_over_epoch=0.002 loss=2.537305 host_rss_mb=2320
[epoch 4/7000] EBOPs=untraced in_training_ebops=9357391 target=350000 beta=1.27e-07 val_AUC=0.869463 val_accuracy=0.606468 seconds=40.2 checkpoint=- ebops_trace_seconds=0.01 ebops_trace_over_epoch=0.002 loss=2.244665 host_rss_mb=2326
[epoch 5/7000] EBOPs=untraced in_training_ebops=7569910 target=350000 beta=1.43e-07 val_AUC=0.877666 val_accuracy=0.623790 seconds=40.2 checkpoint=- ebops_trace_seconds=0.01 ebops_trace_over_epoch=0.002 loss=2.134727 host_rss_mb=2334
[epoch 6/7000] EBOPs=untraced in_training_ebops=6027394 target=350000 beta=1.35e-07 val_AUC=0.879854 val_accuracy=0.617306 seconds=40.2 checkpoint=- ebops_trace_seconds=0.00 ebops_trace_over_epoch=0.002 loss=1.957351 host_rss_mb=2341
[epoch 7/7000] EBOPs=untraced in_training_ebops=5589204 target=350000 beta=1.24e-07 val_AUC=0.867832 val_accuracy=0.518774 seconds=38.6 checkpoint=- ebops_trace_seconds=0.00 ebops_trace_over_epoch=0.002 loss=1.693401 host_rss_mb=2343
[epoch 8/7000] EBOPs=untraced in_training_ebops=4784952 target=350000 beta=1.32e-07 val_AUC=0.876771 val_accuracy=0.588694 seconds=28.9 checkpoint=- ebops_trace_seconds=0.00 ebops_trace_over_epoch=0.003 loss=1.689472 host_rss_mb=2346
[epoch 9/7000] EBOPs=untraced in_training_ebops=4302282 target=350000 beta=1.29e-07 val_AUC=0.882028 val_accuracy=0.633274 seconds=27.0 checkpoint=- ebops_trace_seconds=0.00 ebops_trace_over_epoch=0.003 loss=1.583454 host_rss_mb=2350
[epoch 10/7000] EBOPs=3361510 target=350000 above_floor=3189984 feasible=0 degenerate=0 beta=1.31e-07 val_AUC=0.875834 val_accuracy=0.617677 seconds=122.6 checkpoint=- ebops_trace_seconds=98.88 ebops_trace_over_epoch=0.807 loss=1.539425 host_rss_mb=2352
[epoch 11/7000] EBOPs=untraced in_training_ebops=3419520 target=350000 beta=1.15e-07 val_AUC=0.883356 val_accuracy=0.631113 seconds=41.2 checkpoint=- ebops_trace_seconds=0.01 ebops_trace_over_epoch=0.003 loss=1.378410 host_rss_mb=2333
[epoch 12/7000] EBOPs=untraced in_training_ebops=3220902 target=350000 beta=1.31e-07 val_AUC=0.869506 val_accuracy=0.610032 seconds=41.4 checkpoint=- ebops_trace_seconds=0.01 ebops_trace_over_epoch=0.003 loss=1.433025 host_rss_mb=2339
[epoch 13/7000] EBOPs=untraced in_training_ebops=2722251 target=350000 beta=1.38e-07 val_AUC=0.870605 val_accuracy=0.605016 seconds=41.8 checkpoint=- ebops_trace_seconds=0.01 ebops_trace_over_epoch=0.004 loss=1.436145 host_rss_mb=2340
[epoch 14/7000] EBOPs=untraced in_training_ebops=2498383 target=350000 beta=1.29e-07 val_AUC=0.878181 val_accuracy=0.621823 seconds=41.7 checkpoint=- ebops_trace_seconds=0.01 ebops_trace_over_epoch=0.004 loss=1.366755 host_rss_mb=2344
[epoch 15/7000] EBOPs=untraced in_training_ebops=2295336 target=350000 beta=1.31e-07 val_AUC=0.875736 val_accuracy=0.611129 seconds=42.3 checkpoint=- ebops_trace_seconds=0.01 ebops_trace_over_epoch=0.003 loss=1.319752 host_rss_mb=2344
[epoch 16/7000] EBOPs=untraced in_training_ebops=2086065 target=350000 beta=1.32e-07 val_AUC=0.869171 val_accuracy=0.608081 seconds=38.7 checkpoint=- ebops_trace_seconds=0.01 ebops_trace_over_epoch=0.004 loss=1.314052 host_rss_mb=2345
[epoch 17/7000] EBOPs=untraced in_training_ebops=1947855 target=350000 beta=1.31e-07 val_AUC=0.850786 val_accuracy=0.569097 seconds=27.8 checkpoint=- ebops_trace_seconds=0.01 ebops_trace_over_epoch=0.005 loss=1.295450 host_rss_mb=2346
[epoch 18/7000] EBOPs=untraced in_training_ebops=1892410 target=350000 beta=1.33e-07 val_AUC=0.857336 val_accuracy=0.566758 seconds=25.8 checkpoint=- ebops_trace_seconds=0.01 ebops_trace_over_epoch=0.003 loss=1.318466 host_rss_mb=2347
[epoch 19/7000] EBOPs=untraced in_training_ebops=1804390 target=350000 beta=1.41e-07 val_AUC=0.848936 val_accuracy=0.572645 seconds=30.6 checkpoint=- ebops_trace_seconds=0.01 ebops_trace_over_epoch=0.004 loss=1.342123 host_rss_mb=2348
[epoch 20/7000] EBOPs=1615136 target=350000 above_floor=1443610 feasible=0 degenerate=0 beta=1.46e-07 val_AUC=0.856997 val_accuracy=0.579452 seconds=98.5 checkpoint=- ebops_trace_seconds=78.26 ebops_trace_over_epoch=0.795 loss=1.332492 host_rss_mb=2352
[epoch 21/7000] EBOPs=untraced in_training_ebops=1639574 target=350000 beta=1.41e-07 val_AUC=0.853570 val_accuracy=0.582694 seconds=12.2 checkpoint=epoch-0021 ebops_trace_seconds=0.01 ebops_trace_over_epoch=0.008 loss=1.305031 host_rss_mb=2353
CHECKPOINT_VERIFICATION_PASS {"index": 3, "name": "chang0926-a-n64-s4", "arm": "A", "seed": 4, "n_part": 64, "file": "chang0926-a-n64-s4.json", "production": true, "target_ebops": 350000, "zero_floor_ebops": 171526, "arch": {"d_model": 24, "n_heads": 2, "pos_enc": "none"}, "quant_set": "chang", "config_sha256": "fad33c2e84de31375defae7a80b81aa24b07d3c89311f2fb69d2cb1dc01e82c2", "status": "verified_canary", "completed_epochs": 21, "selected": {"epoch": 19, "val_macro_auc": 0.8569967563463067, "val_categorical_accuracy": 0.5794516129032258, "ebops": 1615136, "ebops_above_floor": 1443610}, "checkpoint": "model_min_ebops.keras", "checkpoint_sha256": "cee455415661612bde0d262c1170754b2f190490f6e5e7bcd51950c11aaa5a3e", "budget_met": false, "validation_accuracy": 0.5794516129032258, "validation_macro_auc": 0.8569967563463067, "validation_per_class_auc": [0.8689876219892151, 0.8424034855925505, 0.8282608565332568, 0.8258437588425087, 0.9194880587740021], "wall_seconds_this_invocation": 1157.1383358060011, "test_set_used": false, "hardware_validated": false, "validation_labels_sha256": "63049d9bdcfdc83af97c58bc6579e1def1ec2d9e7a6c30007793badd75217709", "reload_ebops_check": "stored", "source_sha256": "041f981a9d5b8c3a7affb175d82de0ca2df9bc6261a172f67cb365c88b4bbd42", "selection_cost": 1615136, "selection_cost_convention": "native_hgq2", "native_hgq2_backbone_ebops": 1615136, "custom_estimated_bitops": 0, "modules": {}, "warning": "Augmented total is not directly interchangeable with historical native HGQ2 totals."}
WANDB_IMPORTED False
ARM_DONE chang0926-a-n64-s4 exit 0 wall_seconds 1157.3 utc 2026-09-29T16:10:50Z
