==== BENCH_ARM_ATTEMPT 0 2026-09-29T15:50:52Z phase p3-E-k4
ARM_CPUS n=8 requested 6-7,14-15,134-135,142-143 seen 6-7,14-15,134-135,142-143 OK
BENCH_ARM chang0926-a-n64-s2 tree /work/code devices ['/physical_device:GPU:0'] tf32_enabled False test_cpu False utc 2026-09-29T15:50:59Z
ARM_MANIFEST_SHA 041f981a9d5b8c3a7affb175d82de0ca2df9bc6261a172f67cb365c88b4bbd42 expected 041f981a9d5b8c3a7affb175d82de0ca2df9bc6261a172f67cb365c88b4bbd42 OK
BENCH_CACHE {"x_train": "420ac79dcece207aca849f6ca56e6426586023c9e02f38e5d3ac596fa74d79bc", "x_val": "7b56c1b25bc0d9231767f891ec52455ecb7c5656735fcf9d404104fd2c264d31", "y_train": "a5269398e2c6e5f1fc0db98e1a99a8befea619bf0c55531293d02a286c0dd378", "y_val": "63049d9bdcfdc83af97c58bc6579e1def1ec2d9e7a6c30007793badd75217709"}
[train] chang0926-a-n64-s2 params=31735 resume_epoch=0 initial_ebops=11295521
[epoch 1/7000] EBOPs=11626277 target=350000 above_floor=11454751 feasible=0 degenerate=0 beta=1e-07 val_AUC=0.835625 val_accuracy=0.563839 seconds=114.5 checkpoint=- ebops_trace_seconds=76.36 ebops_trace_over_epoch=0.667 loss=2.626854 host_rss_mb=2288
[epoch 2/7000] EBOPs=untraced in_training_ebops=12358899 target=350000 beta=1e-07 val_AUC=0.856491 val_accuracy=0.590210 seconds=25.8 checkpoint=- ebops_trace_seconds=0.01 ebops_trace_over_epoch=0.003 loss=2.256441 host_rss_mb=2307
[epoch 3/7000] EBOPs=untraced in_training_ebops=9806552 target=350000 beta=1.27e-07 val_AUC=0.881821 val_accuracy=0.635500 seconds=29.2 checkpoint=- ebops_trace_seconds=0.01 ebops_trace_over_epoch=0.003 loss=2.409448 host_rss_mb=2320
[epoch 4/7000] EBOPs=untraced in_training_ebops=9479359 target=350000 beta=1.19e-07 val_AUC=0.883208 val_accuracy=0.645597 seconds=35.7 checkpoint=- ebops_trace_seconds=0.01 ebops_trace_over_epoch=0.003 loss=2.168124 host_rss_mb=2333
[epoch 5/7000] EBOPs=untraced in_training_ebops=7821587 target=350000 beta=1.36e-07 val_AUC=0.876837 val_accuracy=0.629742 seconds=41.5 checkpoint=- ebops_trace_seconds=0.01 ebops_trace_over_epoch=0.002 loss=2.105403 host_rss_mb=2334
[epoch 6/7000] EBOPs=untraced in_training_ebops=6168406 target=350000 beta=1.31e-07 val_AUC=0.875892 val_accuracy=0.591419 seconds=40.3 checkpoint=- ebops_trace_seconds=0.01 ebops_trace_over_epoch=0.002 loss=1.938854 host_rss_mb=2341
[epoch 7/7000] EBOPs=untraced in_training_ebops=5852633 target=350000 beta=1.19e-07 val_AUC=0.885657 val_accuracy=0.648065 seconds=39.6 checkpoint=- ebops_trace_seconds=0.01 ebops_trace_over_epoch=0.002 loss=1.682847 host_rss_mb=2347
[epoch 8/7000] EBOPs=untraced in_training_ebops=4795645 target=350000 beta=1.3e-07 val_AUC=0.874434 val_accuracy=0.623677 seconds=38.6 checkpoint=- ebops_trace_seconds=0.01 ebops_trace_over_epoch=0.002 loss=1.696871 host_rss_mb=2356
[epoch 9/7000] EBOPs=untraced in_training_ebops=4393783 target=350000 beta=1.22e-07 val_AUC=0.877227 val_accuracy=0.589823 seconds=39.9 checkpoint=- ebops_trace_seconds=0.01 ebops_trace_over_epoch=0.002 loss=1.528205 host_rss_mb=2362
[epoch 10/7000] EBOPs=3578307 target=350000 above_floor=3406781 feasible=0 degenerate=0 beta=1.26e-07 val_AUC=0.880802 val_accuracy=0.630726 seconds=106.5 checkpoint=- ebops_trace_seconds=74.30 ebops_trace_over_epoch=0.698 loss=1.555856 host_rss_mb=2365
[epoch 11/7000] EBOPs=untraced in_training_ebops=3659512 target=350000 beta=1.16e-07 val_AUC=0.856809 val_accuracy=0.580113 seconds=26.4 checkpoint=- ebops_trace_seconds=0.01 ebops_trace_over_epoch=0.004 loss=1.448057 host_rss_mb=2348
[epoch 12/7000] EBOPs=untraced in_training_ebops=3428864 target=350000 beta=1.33e-07 val_AUC=0.859518 val_accuracy=0.604065 seconds=26.4 checkpoint=- ebops_trace_seconds=0.01 ebops_trace_over_epoch=0.004 loss=1.505314 host_rss_mb=2352
[epoch 13/7000] EBOPs=untraced in_training_ebops=2958745 target=350000 beta=1.4e-07 val_AUC=0.869044 val_accuracy=0.605758 seconds=32.7 checkpoint=- ebops_trace_seconds=0.01 ebops_trace_over_epoch=0.003 loss=1.476944 host_rss_mb=2353
[epoch 14/7000] EBOPs=untraced in_training_ebops=2614466 target=350000 beta=1.34e-07 val_AUC=0.868233 val_accuracy=0.610242 seconds=36.4 checkpoint=- ebops_trace_seconds=0.00 ebops_trace_over_epoch=0.002 loss=1.406126 host_rss_mb=2357
[epoch 15/7000] EBOPs=untraced in_training_ebops=2375041 target=350000 beta=1.31e-07 val_AUC=0.863842 val_accuracy=0.608952 seconds=37.7 checkpoint=- ebops_trace_seconds=0.01 ebops_trace_over_epoch=0.002 loss=1.367987 host_rss_mb=2358
[epoch 16/7000] EBOPs=untraced in_training_ebops=2273140 target=350000 beta=1.31e-07 val_AUC=0.860567 val_accuracy=0.598210 seconds=39.0 checkpoint=- ebops_trace_seconds=0.01 ebops_trace_over_epoch=0.002 loss=1.345926 host_rss_mb=2361
[epoch 17/7000] EBOPs=untraced in_training_ebops=2164891 target=350000 beta=1.38e-07 val_AUC=0.860288 val_accuracy=0.595306 seconds=38.3 checkpoint=- ebops_trace_seconds=0.01 ebops_trace_over_epoch=0.002 loss=1.339500 host_rss_mb=2361
[epoch 18/7000] EBOPs=untraced in_training_ebops=1917092 target=350000 beta=1.44e-07 val_AUC=0.868674 val_accuracy=0.603468 seconds=38.4 checkpoint=- ebops_trace_seconds=0.01 ebops_trace_over_epoch=0.002 loss=1.335050 host_rss_mb=2363
[epoch 19/7000] EBOPs=untraced in_training_ebops=1860618 target=350000 beta=1.38e-07 val_AUC=0.842629 val_accuracy=0.555065 seconds=38.3 checkpoint=- ebops_trace_seconds=0.01 ebops_trace_over_epoch=0.002 loss=1.320621 host_rss_mb=2363
[epoch 20/7000] EBOPs=1728920 target=350000 above_floor=1557394 feasible=0 degenerate=0 beta=1.46e-07 val_AUC=0.862393 val_accuracy=0.594790 seconds=125.1 checkpoint=- ebops_trace_seconds=95.81 ebops_trace_over_epoch=0.767 loss=1.340005 host_rss_mb=2364
[epoch 21/7000] EBOPs=untraced in_training_ebops=1621638 target=350000 beta=1.47e-07 val_AUC=0.839145 val_accuracy=0.546000 seconds=17.8 checkpoint=epoch-0021 ebops_trace_seconds=0.00 ebops_trace_over_epoch=0.005 loss=1.328440 host_rss_mb=2365
CHECKPOINT_VERIFICATION_PASS {"index": 1, "name": "chang0926-a-n64-s2", "arm": "A", "seed": 2, "n_part": 64, "file": "chang0926-a-n64-s2.json", "production": true, "target_ebops": 350000, "zero_floor_ebops": 171526, "arch": {"d_model": 24, "n_heads": 2, "pos_enc": "none"}, "quant_set": "chang", "config_sha256": "06af8973e0148fa86e42783d6a581acadd503423a6127b67c74a52bb100a1156", "status": "verified_canary", "completed_epochs": 21, "selected": {"epoch": 19, "val_macro_auc": 0.8623932512052879, "val_categorical_accuracy": 0.5947903225806451, "ebops": 1728920, "ebops_above_floor": 1557394}, "checkpoint": "model_min_ebops.keras", "checkpoint_sha256": "3a8c4f6cc52d74e48369a920eaf967fa1d8ba956c9f8dfb743c4440224d67d03", "budget_met": false, "validation_accuracy": 0.5947903225806451, "validation_macro_auc": 0.8623932512052879, "validation_per_class_auc": [0.8658012733863155, 0.8496685324737642, 0.8421032350089674, 0.831818942405444, 0.9225742727519479], "wall_seconds_this_invocation": 1111.8439603220013, "test_set_used": false, "hardware_validated": false, "validation_labels_sha256": "63049d9bdcfdc83af97c58bc6579e1def1ec2d9e7a6c30007793badd75217709", "reload_ebops_check": "stored", "source_sha256": "041f981a9d5b8c3a7affb175d82de0ca2df9bc6261a172f67cb365c88b4bbd42", "selection_cost": 1728920, "selection_cost_convention": "native_hgq2", "native_hgq2_backbone_ebops": 1728920, "custom_estimated_bitops": 0, "modules": {}, "warning": "Augmented total is not directly interchangeable with historical native HGQ2 totals."}
WANDB_IMPORTED False
ARM_DONE chang0926-a-n64-s2 exit 0 wall_seconds 1112.1 utc 2026-09-29T16:09:32Z
