==== BENCH_ARM_ATTEMPT 0 2026-09-29T11:13:56Z phase p2-A07-k2
ARM_CPUS n=4 requested 10-13 seen 10-13 OK
BENCH_ARM chang0926-c-n64-s1 tree /work/code devices ['/physical_device:GPU:0'] tf32_enabled False test_cpu False utc 2026-09-29T11:13:59Z
ARM_MANIFEST_SHA 041f981a9d5b8c3a7affb175d82de0ca2df9bc6261a172f67cb365c88b4bbd42 expected 041f981a9d5b8c3a7affb175d82de0ca2df9bc6261a172f67cb365c88b4bbd42 OK
BENCH_CACHE {"x_train": "420ac79dcece207aca849f6ca56e6426586023c9e02f38e5d3ac596fa74d79bc", "x_val": "7b56c1b25bc0d9231767f891ec52455ecb7c5656735fcf9d404104fd2c264d31", "y_train": "a5269398e2c6e5f1fc0db98e1a99a8befea619bf0c55531293d02a286c0dd378", "y_val": "63049d9bdcfdc83af97c58bc6579e1def1ec2d9e7a6c30007793badd75217709"}
[train] chang0926-c-n64-s1 params=61951 resume_epoch=0 initial_ebops=16832899
[epoch 1/7000] EBOPs=17174265 target=5000000 above_floor=16831212 feasible=0 degenerate=0 beta=1e-07 val_AUC=0.860984 val_accuracy=0.596790 seconds=174.2 checkpoint=- ebops_trace_seconds=74.90 ebops_trace_over_epoch=0.430 loss=3.258357 host_rss_mb=2395
[epoch 2/7000] EBOPs=untraced in_training_ebops=18687263 target=5000000 beta=1e-07 val_AUC=0.890027 val_accuracy=0.644306 seconds=83.8 checkpoint=- ebops_trace_seconds=0.00 ebops_trace_over_epoch=0.001 loss=2.827532 host_rss_mb=2412
[epoch 3/7000] EBOPs=untraced in_training_ebops=14959276 target=5000000 beta=1.16e-07 val_AUC=0.883006 val_accuracy=0.638758 seconds=88.7 checkpoint=- ebops_trace_seconds=0.00 ebops_trace_over_epoch=0.001 loss=2.900473 host_rss_mb=2418
[epoch 4/7000] EBOPs=untraced in_training_ebops=15073603 target=5000000 beta=9.83e-08 val_AUC=0.898834 val_accuracy=0.676694 seconds=89.4 checkpoint=- ebops_trace_seconds=0.00 ebops_trace_over_epoch=0.001 loss=2.406613 host_rss_mb=2426
[epoch 5/7000] EBOPs=untraced in_training_ebops=11853754 target=5000000 beta=1.05e-07 val_AUC=0.889491 val_accuracy=0.653468 seconds=89.7 checkpoint=- ebops_trace_seconds=0.00 ebops_trace_over_epoch=0.001 loss=2.266774 host_rss_mb=2430
[epoch 6/7000] EBOPs=untraced in_training_ebops=11841882 target=5000000 beta=8.59e-08 val_AUC=0.893471 val_accuracy=0.646419 seconds=89.4 checkpoint=- ebops_trace_seconds=0.00 ebops_trace_over_epoch=0.001 loss=1.929271 host_rss_mb=2431
[epoch 7/7000] EBOPs=untraced in_training_ebops=9372021 target=5000000 beta=8.96e-08 val_AUC=0.894280 val_accuracy=0.603210 seconds=89.4 checkpoint=- ebops_trace_seconds=0.00 ebops_trace_over_epoch=0.001 loss=1.864621 host_rss_mb=2431
[epoch 8/7000] EBOPs=untraced in_training_ebops=9103063 target=5000000 beta=7.32e-08 val_AUC=0.881528 val_accuracy=0.634081 seconds=89.5 checkpoint=- ebops_trace_seconds=0.00 ebops_trace_over_epoch=0.001 loss=1.614746 host_rss_mb=2433
[epoch 9/7000] EBOPs=untraced in_training_ebops=8316098 target=5000000 beta=7.33e-08 val_AUC=0.894231 val_accuracy=0.666000 seconds=89.4 checkpoint=- ebops_trace_seconds=0.00 ebops_trace_over_epoch=0.001 loss=1.584990 host_rss_mb=2419
[epoch 10/7000] EBOPs=6801568 target=5000000 above_floor=6458515 feasible=0 degenerate=0 beta=6.86e-08 val_AUC=0.896948 val_accuracy=0.672387 seconds=159.8 checkpoint=- ebops_trace_seconds=70.75 ebops_trace_over_epoch=0.443 loss=1.463396 host_rss_mb=2424
[epoch 11/7000] EBOPs=untraced in_training_ebops=7394140 target=5000000 beta=5.7e-08 val_AUC=0.898604 val_accuracy=0.674581 seconds=84.6 checkpoint=- ebops_trace_seconds=0.00 ebops_trace_over_epoch=0.001 loss=1.333760 host_rss_mb=2424
[epoch 12/7000] EBOPs=untraced in_training_ebops=6848783 target=5000000 beta=6.32e-08 val_AUC=0.880705 val_accuracy=0.625581 seconds=89.3 checkpoint=- ebops_trace_seconds=0.00 ebops_trace_over_epoch=0.001 loss=1.380117 host_rss_mb=2425
[epoch 13/7000] EBOPs=untraced in_training_ebops=6399265 target=5000000 beta=5.95e-08 val_AUC=0.869933 val_accuracy=0.612242 seconds=89.5 checkpoint=- ebops_trace_seconds=0.00 ebops_trace_over_epoch=0.001 loss=1.310647 host_rss_mb=2426
[epoch 14/7000] EBOPs=untraced in_training_ebops=6387799 target=5000000 beta=5.63e-08 val_AUC=0.882745 val_accuracy=0.631726 seconds=89.3 checkpoint=- ebops_trace_seconds=0.00 ebops_trace_over_epoch=0.001 loss=1.280262 host_rss_mb=2426
[epoch 15/7000] EBOPs=untraced in_training_ebops=5990266 target=5000000 beta=5.68e-08 val_AUC=0.885419 val_accuracy=0.622145 seconds=89.0 checkpoint=- ebops_trace_seconds=0.00 ebops_trace_over_epoch=0.001 loss=1.282563 host_rss_mb=2427
[epoch 16/7000] EBOPs=untraced in_training_ebops=5468832 target=5000000 beta=5.38e-08 val_AUC=0.893639 val_accuracy=0.665016 seconds=89.1 checkpoint=- ebops_trace_seconds=0.00 ebops_trace_over_epoch=0.001 loss=1.247262 host_rss_mb=2428
[epoch 17/7000] EBOPs=untraced in_training_ebops=5218764 target=5000000 beta=4.93e-08 val_AUC=0.878511 val_accuracy=0.626452 seconds=89.3 checkpoint=- ebops_trace_seconds=0.00 ebops_trace_over_epoch=0.001 loss=1.225522 host_rss_mb=2430
[epoch 18/7000] EBOPs=untraced in_training_ebops=5014176 target=5000000 beta=4.72e-08 val_AUC=0.887126 val_accuracy=0.644274 seconds=89.4 checkpoint=- ebops_trace_seconds=0.00 ebops_trace_over_epoch=0.001 loss=1.214358 host_rss_mb=2432
[epoch 19/7000] EBOPs=untraced in_training_ebops=4870472 target=5000000 beta=4.53e-08 val_AUC=0.856493 val_accuracy=0.579984 seconds=89.4 checkpoint=- ebops_trace_seconds=0.00 ebops_trace_over_epoch=0.001 loss=1.185597 host_rss_mb=2432
[epoch 20/7000] EBOPs=4607008 target=5000000 above_floor=4263955 feasible=1 degenerate=0 beta=4.4e-08 val_AUC=0.888568 val_accuracy=0.641758 seconds=163.2 checkpoint=- ebops_trace_seconds=74.16 ebops_trace_over_epoch=0.455 loss=1.169561 host_rss_mb=2432
[epoch 21/7000] EBOPs=untraced in_training_ebops=4985289 target=5000000 beta=4.14e-08 val_AUC=0.891836 val_accuracy=0.658403 seconds=87.4 checkpoint=epoch-0021 ebops_trace_seconds=0.00 ebops_trace_over_epoch=0.001 loss=1.170948 host_rss_mb=2432
CHECKPOINT_VERIFICATION_PASS {"index": 16, "name": "chang0926-c-n64-s1", "arm": "C", "seed": 1, "n_part": 64, "file": "chang0926-c-n64-s1.json", "production": true, "target_ebops": 5000000, "zero_floor_ebops": 343053, "arch": {"d_model": 32, "n_heads": 4, "pos_enc": "learned"}, "quant_set": "chang", "config_sha256": "1f27443c764f95f42208be7c864c834bcf0fbe0be2583aa89d89c8fd3f7da156", "status": "verified_canary", "completed_epochs": 21, "selected": {"epoch": 19, "val_macro_auc": 0.8885682593077483, "val_categorical_accuracy": 0.641758064516129, "ebops": 4607008, "ebops_above_floor": 4263955}, "checkpoint": "model_best.keras", "checkpoint_sha256": "f71214f5288880c8fc7a199a8ae4404c7a847948f5d5a0b427d2d3da794d29d5", "budget_met": true, "validation_accuracy": 0.641758064516129, "validation_macro_auc": 0.8885682593077483, "validation_per_class_auc": [0.8876203425401613, 0.8729547275331413, 0.8825487930309348, 0.8749156925728436, 0.9248017408616613], "wall_seconds_this_invocation": 2217.9714887140435, "test_set_used": false, "hardware_validated": false, "validation_labels_sha256": "63049d9bdcfdc83af97c58bc6579e1def1ec2d9e7a6c30007793badd75217709", "reload_ebops_check": "stored", "source_sha256": "041f981a9d5b8c3a7affb175d82de0ca2df9bc6261a172f67cb365c88b4bbd42", "selection_cost": 4607008, "selection_cost_convention": "native_hgq2", "native_hgq2_backbone_ebops": 4607008, "custom_estimated_bitops": 0, "modules": {}, "warning": "Augmented total is not directly interchangeable with historical native HGQ2 totals."}
WANDB_IMPORTED False
ARM_DONE chang0926-c-n64-s1 exit 0 wall_seconds 2218.1 utc 2026-09-29T11:50:58Z
