==== ARM_ATTEMPT 0 2026-09-28T23:27:04Z
RUN_STAGE pilot-b
[train] chang0926-f-n64-s1 params=33271 resume_epoch=0 initial_ebops=11724604
wandb: [wandb.login()] Loaded credentials for https://api.wandb.ai from WANDB_API_KEY.
wandb: setting up run 097faea3088c
wandb: Syncing run chang0926-f-n64-s1
wandb: 🚀 View run at https://wandb.ai/kayamaguchi-uc-san-diego/BNJetTag-ChangRecipe/runs/097faea3088c
[epoch 1/7000] EBOPs=11733720 target=350000 above_floor=11562194 feasible=0 degenerate=0 beta=1e-07 val_AUC=0.849347 val_accuracy=0.571177 seconds=171.2 checkpoint=- ebops_trace_seconds=75.72 ebops_trace_over_epoch=0.443 loss=2.689703 host_rss_mb=2273
[epoch 2/7000] EBOPs=untraced in_training_ebops=12428141 target=350000 beta=1e-07 val_AUC=0.878364 val_accuracy=0.617274 seconds=53.2 checkpoint=- ebops_trace_seconds=0.00 ebops_trace_over_epoch=0.001 loss=2.243402 host_rss_mb=2289
[epoch 3/7000] EBOPs=untraced in_training_ebops=10057149 target=350000 beta=1.27e-07 val_AUC=0.875469 val_accuracy=0.627258 seconds=75.8 checkpoint=- ebops_trace_seconds=0.00 ebops_trace_over_epoch=0.001 loss=2.413385 host_rss_mb=2300
[epoch 4/7000] EBOPs=untraced in_training_ebops=10102341 target=350000 beta=1.21e-07 val_AUC=0.888059 val_accuracy=0.646355 seconds=75.3 checkpoint=- ebops_trace_seconds=0.00 ebops_trace_over_epoch=0.001 loss=2.195773 host_rss_mb=2313
[epoch 5/7000] EBOPs=untraced in_training_ebops=8042818 target=350000 beta=1.44e-07 val_AUC=0.886512 val_accuracy=0.658613 seconds=75.0 checkpoint=- ebops_trace_seconds=0.00 ebops_trace_over_epoch=0.001 loss=2.164653 host_rss_mb=2316
[epoch 6/7000] EBOPs=untraced in_training_ebops=6777309 target=350000 beta=1.34e-07 val_AUC=0.886154 val_accuracy=0.652919 seconds=76.0 checkpoint=- ebops_trace_seconds=0.00 ebops_trace_over_epoch=0.001 loss=1.980662 host_rss_mb=2301
[epoch 7/7000] EBOPs=untraced in_training_ebops=6120731 target=350000 beta=1.31e-07 val_AUC=0.895261 val_accuracy=0.655161 seconds=72.9 checkpoint=- ebops_trace_seconds=0.00 ebops_trace_over_epoch=0.001 loss=1.789771 host_rss_mb=2312
[epoch 8/7000] EBOPs=untraced in_training_ebops=5218490 target=350000 beta=1.37e-07 val_AUC=0.888506 val_accuracy=0.648145 seconds=74.9 checkpoint=- ebops_trace_seconds=0.00 ebops_trace_over_epoch=0.001 loss=1.755489 host_rss_mb=2315
[epoch 9/7000] EBOPs=untraced in_training_ebops=4562996 target=350000 beta=1.33e-07 val_AUC=0.877643 val_accuracy=0.624500 seconds=74.8 checkpoint=- ebops_trace_seconds=0.00 ebops_trace_over_epoch=0.001 loss=1.610327 host_rss_mb=2320
[epoch 10/7000] EBOPs=3681775 target=350000 above_floor=3510249 feasible=0 degenerate=0 beta=1.33e-07 val_AUC=0.891384 val_accuracy=0.659500 seconds=162.4 checkpoint=- ebops_trace_seconds=86.97 ebops_trace_over_epoch=0.536 loss=1.552266 host_rss_mb=2320
[epoch 11/7000] EBOPs=untraced in_training_ebops=3982395 target=350000 beta=1.2e-07 val_AUC=0.879541 val_accuracy=0.634290 seconds=74.9 checkpoint=- ebops_trace_seconds=0.00 ebops_trace_over_epoch=0.001 loss=1.444943 host_rss_mb=2321
[epoch 12/7000] EBOPs=untraced in_training_ebops=3562526 target=350000 beta=1.47e-07 val_AUC=0.879417 val_accuracy=0.638242 seconds=73.7 checkpoint=- ebops_trace_seconds=0.00 ebops_trace_over_epoch=0.001 loss=1.541095 host_rss_mb=2325
[epoch 13/7000] EBOPs=untraced in_training_ebops=3061723 target=350000 beta=1.48e-07 val_AUC=0.877968 val_accuracy=0.621532 seconds=77.1 checkpoint=- ebops_trace_seconds=0.00 ebops_trace_over_epoch=0.001 loss=1.488332 host_rss_mb=2325
[epoch 14/7000] EBOPs=untraced in_training_ebops=2917041 target=350000 beta=1.41e-07 val_AUC=0.882973 val_accuracy=0.625565 seconds=72.8 checkpoint=- ebops_trace_seconds=0.00 ebops_trace_over_epoch=0.001 loss=1.405629 host_rss_mb=2326
[epoch 15/7000] EBOPs=untraced in_training_ebops=2543632 target=350000 beta=1.5e-07 val_AUC=0.880289 val_accuracy=0.626081 seconds=73.4 checkpoint=- ebops_trace_seconds=0.00 ebops_trace_over_epoch=0.001 loss=1.391378 host_rss_mb=2328
[epoch 16/7000] EBOPs=untraced in_training_ebops=2535899 target=350000 beta=1.44e-07 val_AUC=0.869539 val_accuracy=0.575758 seconds=50.0 checkpoint=- ebops_trace_seconds=0.00 ebops_trace_over_epoch=0.002 loss=1.359844 host_rss_mb=2329
[epoch 17/7000] EBOPs=untraced in_training_ebops=2402298 target=350000 beta=1.59e-07 val_AUC=0.878725 val_accuracy=0.626097 seconds=52.1 checkpoint=- ebops_trace_seconds=0.00 ebops_trace_over_epoch=0.001 loss=1.399651 host_rss_mb=2329
[epoch 18/7000] EBOPs=untraced in_training_ebops=2231286 target=350000 beta=1.66e-07 val_AUC=0.874397 val_accuracy=0.618468 seconds=74.2 checkpoint=- ebops_trace_seconds=0.00 ebops_trace_over_epoch=0.001 loss=1.399824 host_rss_mb=2329
[epoch 19/7000] EBOPs=untraced in_training_ebops=2159913 target=350000 beta=1.69e-07 val_AUC=0.865148 val_accuracy=0.590839 seconds=72.9 checkpoint=- ebops_trace_seconds=0.00 ebops_trace_over_epoch=0.001 loss=1.374230 host_rss_mb=2331
[epoch 20/7000] EBOPs=2192491 target=350000 above_floor=2020965 feasible=0 degenerate=0 beta=1.79e-07 val_AUC=0.872228 val_accuracy=0.615887 seconds=163.8 checkpoint=- ebops_trace_seconds=86.51 ebops_trace_over_epoch=0.528 loss=1.380953 host_rss_mb=2331
[epoch 21/7000] EBOPs=untraced in_training_ebops=2155255 target=350000 beta=1.99e-07 val_AUC=0.878970 val_accuracy=0.631177 seconds=73.1 checkpoint=- ebops_trace_seconds=0.00 ebops_trace_over_epoch=0.001 loss=1.449215 host_rss_mb=2331
[epoch 22/7000] EBOPs=untraced in_training_ebops=2032867 target=350000 beta=2.14e-07 val_AUC=0.866554 val_accuracy=0.592226 seconds=74.9 checkpoint=- ebops_trace_seconds=0.00 ebops_trace_over_epoch=0.001 loss=1.480977 host_rss_mb=2332
[epoch 23/7000] EBOPs=untraced in_training_ebops=1745919 target=350000 beta=2.21e-07 val_AUC=0.843562 val_accuracy=0.563516 seconds=75.1 checkpoint=- ebops_trace_seconds=0.00 ebops_trace_over_epoch=0.001 loss=1.461182 host_rss_mb=2332
[epoch 24/7000] EBOPs=untraced in_training_ebops=1703648 target=350000 beta=2.05e-07 val_AUC=0.866606 val_accuracy=0.597323 seconds=73.9 checkpoint=- ebops_trace_seconds=0.01 ebops_trace_over_epoch=0.001 loss=1.408845 host_rss_mb=2333
[epoch 25/7000] EBOPs=untraced in_training_ebops=1615237 target=350000 beta=2.17e-07 val_AUC=0.864388 val_accuracy=0.592629 seconds=77.1 checkpoint=epoch-0025 ebops_trace_seconds=0.00 ebops_trace_over_epoch=0.001 loss=1.426376 host_rss_mb=2333
[epoch 26/7000] EBOPs=untraced in_training_ebops=1460746 target=350000 beta=2.22e-07 val_AUC=0.859820 val_accuracy=0.598806 seconds=72.9 checkpoint=- ebops_trace_seconds=0.00 ebops_trace_over_epoch=0.001 loss=1.407615 host_rss_mb=2333
[epoch 27/7000] EBOPs=untraced in_training_ebops=1363409 target=350000 beta=2.16e-07 val_AUC=0.857183 val_accuracy=0.590710 seconds=75.0 checkpoint=- ebops_trace_seconds=0.00 ebops_trace_over_epoch=0.001 loss=1.374065 host_rss_mb=2333
[epoch 28/7000] EBOPs=untraced in_training_ebops=1297920 target=350000 beta=2.15e-07 val_AUC=0.860587 val_accuracy=0.587935 seconds=75.0 checkpoint=- ebops_trace_seconds=0.00 ebops_trace_over_epoch=0.001 loss=1.370852 host_rss_mb=2327
[epoch 29/7000] EBOPs=untraced in_training_ebops=1276852 target=350000 beta=2.19e-07 val_AUC=0.854950 val_accuracy=0.575306 seconds=73.1 checkpoint=- ebops_trace_seconds=0.00 ebops_trace_over_epoch=0.001 loss=1.363745 host_rss_mb=2331
[epoch 30/7000] EBOPs=1217046 target=350000 above_floor=1045520 feasible=0 degenerate=0 beta=2.3e-07 val_AUC=0.841971 val_accuracy=0.557161 seconds=162.8 checkpoint=- ebops_trace_seconds=85.73 ebops_trace_over_epoch=0.527 loss=1.374649 host_rss_mb=2331
[epoch 31/7000] EBOPs=untraced in_training_ebops=1186485 target=350000 beta=2.33e-07 val_AUC=0.856256 val_accuracy=0.576903 seconds=64.0 checkpoint=- ebops_trace_seconds=0.00 ebops_trace_over_epoch=0.001 loss=1.405417 host_rss_mb=2331
[epoch 32/7000] EBOPs=untraced in_training_ebops=1095018 target=350000 beta=2.42e-07 val_AUC=0.822003 val_accuracy=0.499323 seconds=50.6 checkpoint=- ebops_trace_seconds=0.00 ebops_trace_over_epoch=0.001 loss=1.378887 host_rss_mb=2333
[epoch 33/7000] EBOPs=untraced in_training_ebops=968202 target=350000 beta=2.36e-07 val_AUC=0.838854 val_accuracy=0.547048 seconds=63.2 checkpoint=- ebops_trace_seconds=0.00 ebops_trace_over_epoch=0.001 loss=1.356050 host_rss_mb=2334
[epoch 34/7000] EBOPs=untraced in_training_ebops=877723 target=350000 beta=2.2e-07 val_AUC=0.818951 val_accuracy=0.505032 seconds=75.0 checkpoint=- ebops_trace_seconds=0.00 ebops_trace_over_epoch=0.001 loss=1.325315 host_rss_mb=2335
[epoch 35/7000] EBOPs=untraced in_training_ebops=849214 target=350000 beta=2.08e-07 val_AUC=0.838563 val_accuracy=0.535532 seconds=75.2 checkpoint=- ebops_trace_seconds=0.00 ebops_trace_over_epoch=0.001 loss=1.283912 host_rss_mb=2335
[epoch 36/7000] EBOPs=untraced in_training_ebops=815137 target=350000 beta=2.11e-07 val_AUC=0.849421 val_accuracy=0.579548 seconds=73.7 checkpoint=- ebops_trace_seconds=0.00 ebops_trace_over_epoch=0.001 loss=1.290261 host_rss_mb=2335
[epoch 37/7000] EBOPs=untraced in_training_ebops=787259 target=350000 beta=2.11e-07 val_AUC=0.850147 val_accuracy=0.563774 seconds=76.7 checkpoint=- ebops_trace_seconds=0.00 ebops_trace_over_epoch=0.001 loss=1.293088 host_rss_mb=2335
[epoch 38/7000] EBOPs=untraced in_training_ebops=739389 target=350000 beta=2.12e-07 val_AUC=0.844208 val_accuracy=0.560839 seconds=72.0 checkpoint=- ebops_trace_seconds=0.00 ebops_trace_over_epoch=0.001 loss=1.282474 host_rss_mb=2335
[epoch 39/7000] EBOPs=untraced in_training_ebops=720273 target=350000 beta=2.07e-07 val_AUC=0.833780 val_accuracy=0.535419 seconds=74.5 checkpoint=- ebops_trace_seconds=0.00 ebops_trace_over_epoch=0.001 loss=1.263199 host_rss_mb=2335
[epoch 40/7000] EBOPs=710660 target=350000 above_floor=539134 feasible=0 degenerate=0 beta=2.09e-07 val_AUC=0.848680 val_accuracy=0.567048 seconds=159.3 checkpoint=- ebops_trace_seconds=84.14 ebops_trace_over_epoch=0.529 loss=1.278704 host_rss_mb=2335
[epoch 41/7000] EBOPs=untraced in_training_ebops=724912 target=350000 beta=2.14e-07 val_AUC=0.845287 val_accuracy=0.554226 seconds=74.7 checkpoint=- ebops_trace_seconds=0.00 ebops_trace_over_epoch=0.001 loss=1.303230 host_rss_mb=2335
[epoch 42/7000] EBOPs=untraced in_training_ebops=691603 target=350000 beta=2.26e-07 val_AUC=0.796131 val_accuracy=0.409065 seconds=75.0 checkpoint=- ebops_trace_seconds=0.00 ebops_trace_over_epoch=0.001 loss=1.308930 host_rss_mb=2335
[epoch 43/7000] EBOPs=untraced in_training_ebops=656387 target=350000 beta=2.23e-07 val_AUC=0.789493 val_accuracy=0.419984 seconds=72.7 checkpoint=- ebops_trace_seconds=0.00 ebops_trace_over_epoch=0.001 loss=1.320913 host_rss_mb=2335
==== ARM_ATTEMPT 0 2026-09-29T00:55:04Z
RUN_STAGE pilot-b
[train] chang0926-f-n64-s1 params=33271 resume_epoch=25 initial_ebops=11724604
wandb: [wandb.login()] Loaded credentials for https://api.wandb.ai from WANDB_API_KEY.
wandb: Resuming run chang0926-f-n64-s1
wandb: 🚀 View run at https://wandb.ai/kayamaguchi-uc-san-diego/BNJetTag-ChangRecipe/runs/097faea3088c
[epoch 26/7000] EBOPs=untraced in_training_ebops=1475390 target=350000 beta=2.22e-07 val_AUC=0.851954 val_accuracy=0.569806 seconds=88.4 checkpoint=- ebops_trace_seconds=0.00 ebops_trace_over_epoch=0.001 loss=1.413545 host_rss_mb=2177
wandb: WARNING Tried to log to step 26 that is less than the current step 43. Steps must be monotonically increasing, so this data will be ignored. See https://wandb.me/define-metric to log data out of order.
[epoch 27/7000] EBOPs=untraced in_training_ebops=1386387 target=350000 beta=2.18e-07 val_AUC=0.835831 val_accuracy=0.514516 seconds=67.8 checkpoint=- ebops_trace_seconds=0.00 ebops_trace_over_epoch=0.001 loss=1.384534 host_rss_mb=2203
wandb: WARNING Tried to log to step 27 that is less than the current step 43. Steps must be monotonically increasing, so this data will be ignored. See https://wandb.me/define-metric to log data out of order.
[epoch 28/7000] EBOPs=untraced in_training_ebops=1289865 target=350000 beta=2.19e-07 val_AUC=0.851569 val_accuracy=0.570000 seconds=75.2 checkpoint=- ebops_trace_seconds=0.00 ebops_trace_over_epoch=0.001 loss=1.384734 host_rss_mb=2211
wandb: WARNING Tried to log to step 28 that is less than the current step 43. Steps must be monotonically increasing, so this data will be ignored. See https://wandb.me/define-metric to log data out of order.
[epoch 29/7000] EBOPs=untraced in_training_ebops=1240401 target=350000 beta=2.18e-07 val_AUC=0.855325 val_accuracy=0.561242 seconds=73.2 checkpoint=- ebops_trace_seconds=0.00 ebops_trace_over_epoch=0.001 loss=1.377957 host_rss_mb=2220
wandb: WARNING Tried to log to step 29 that is less than the current step 43. Steps must be monotonically increasing, so this data will be ignored. See https://wandb.me/define-metric to log data out of order.
[epoch 30/7000] EBOPs=1221977 target=350000 above_floor=1050451 feasible=0 degenerate=0 beta=2.23e-07 val_AUC=0.848174 val_accuracy=0.579339 seconds=159.7 checkpoint=- ebops_trace_seconds=84.58 ebops_trace_over_epoch=0.530 loss=1.352942 host_rss_mb=2238
wandb: WARNING Tried to log to step 30 that is less than the current step 43. Steps must be monotonically increasing, so this data will be ignored. See https://wandb.me/define-metric to log data out of order.
[epoch 31/7000] EBOPs=untraced in_training_ebops=1143303 target=350000 beta=2.34e-07 val_AUC=0.852843 val_accuracy=0.565903 seconds=73.8 checkpoint=- ebops_trace_seconds=0.00 ebops_trace_over_epoch=0.001 loss=1.393948 host_rss_mb=2240
wandb: WARNING Tried to log to step 31 that is less than the current step 43. Steps must be monotonically increasing, so this data will be ignored. See https://wandb.me/define-metric to log data out of order.
[epoch 32/7000] EBOPs=untraced in_training_ebops=1065798 target=350000 beta=2.32e-07 val_AUC=0.860267 val_accuracy=0.600097 seconds=59.4 checkpoint=- ebops_trace_seconds=0.00 ebops_trace_over_epoch=0.001 loss=1.352325 host_rss_mb=2244
wandb: WARNING Tried to log to step 32 that is less than the current step 43. Steps must be monotonically increasing, so this data will be ignored. See https://wandb.me/define-metric to log data out of order.
[epoch 33/7000] EBOPs=untraced in_training_ebops=1003698 target=350000 beta=2.29e-07 val_AUC=0.839654 val_accuracy=0.556726 seconds=53.3 checkpoint=- ebops_trace_seconds=0.00 ebops_trace_over_epoch=0.001 loss=1.345521 host_rss_mb=2246
wandb: WARNING Tried to log to step 33 that is less than the current step 43. Steps must be monotonically increasing, so this data will be ignored. See https://wandb.me/define-metric to log data out of order.
[epoch 34/7000] EBOPs=untraced in_training_ebops=874936 target=350000 beta=2.27e-07 val_AUC=0.842084 val_accuracy=0.553694 seconds=69.3 checkpoint=- ebops_trace_seconds=0.00 ebops_trace_over_epoch=0.001 loss=1.317325 host_rss_mb=2251
wandb: WARNING Tried to log to step 34 that is less than the current step 43. Steps must be monotonically increasing, so this data will be ignored. See https://wandb.me/define-metric to log data out of order.
[epoch 35/7000] EBOPs=untraced in_training_ebops=844687 target=350000 beta=2.07e-07 val_AUC=0.849481 val_accuracy=0.572806 seconds=75.2 checkpoint=- ebops_trace_seconds=0.00 ebops_trace_over_epoch=0.001 loss=1.295705 host_rss_mb=2239
wandb: WARNING Tried to log to step 35 that is less than the current step 43. Steps must be monotonically increasing, so this data will be ignored. See https://wandb.me/define-metric to log data out of order.
[epoch 36/7000] EBOPs=untraced in_training_ebops=828320 target=350000 beta=2.09e-07 val_AUC=0.857395 val_accuracy=0.590145 seconds=73.8 checkpoint=- ebops_trace_seconds=0.00 ebops_trace_over_epoch=0.001 loss=1.300590 host_rss_mb=2240
wandb: WARNING Tried to log to step 36 that is less than the current step 43. Steps must be monotonically increasing, so this data will be ignored. See https://wandb.me/define-metric to log data out of order.
[epoch 37/7000] EBOPs=untraced in_training_ebops=765945 target=350000 beta=2.14e-07 val_AUC=0.845811 val_accuracy=0.555484 seconds=75.2 checkpoint=- ebops_trace_seconds=0.00 ebops_trace_over_epoch=0.001 loss=1.297362 host_rss_mb=2240
wandb: WARNING Tried to log to step 37 that is less than the current step 43. Steps must be monotonically increasing, so this data will be ignored. See https://wandb.me/define-metric to log data out of order.
[epoch 38/7000] EBOPs=untraced in_training_ebops=724007 target=350000 beta=2.06e-07 val_AUC=0.823401 val_accuracy=0.518613 seconds=74.7 checkpoint=- ebops_trace_seconds=0.00 ebops_trace_over_epoch=0.001 loss=1.293235 host_rss_mb=2240
wandb: WARNING Tried to log to step 38 that is less than the current step 43. Steps must be monotonically increasing, so this data will be ignored. See https://wandb.me/define-metric to log data out of order.
[epoch 39/7000] EBOPs=untraced in_training_ebops=704786 target=350000 beta=2.02e-07 val_AUC=0.830555 val_accuracy=0.530565 seconds=75.4 checkpoint=- ebops_trace_seconds=0.00 ebops_trace_over_epoch=0.001 loss=1.287898 host_rss_mb=2241
wandb: WARNING Tried to log to step 39 that is less than the current step 43. Steps must be monotonically increasing, so this data will be ignored. See https://wandb.me/define-metric to log data out of order.
[epoch 40/7000] EBOPs=687865 target=350000 above_floor=516339 feasible=0 degenerate=0 beta=2.04e-07 val_AUC=0.821706 val_accuracy=0.495581 seconds=156.9 checkpoint=- ebops_trace_seconds=81.35 ebops_trace_over_epoch=0.519 loss=1.285001 host_rss_mb=2242
wandb: WARNING Tried to log to step 40 that is less than the current step 43. Steps must be monotonically increasing, so this data will be ignored. See https://wandb.me/define-metric to log data out of order.
[epoch 41/7000] EBOPs=untraced in_training_ebops=712849 target=350000 beta=2.05e-07 val_AUC=0.837551 val_accuracy=0.511306 seconds=75.4 checkpoint=- ebops_trace_seconds=0.00 ebops_trace_over_epoch=0.001 loss=1.320936 host_rss_mb=2243
wandb: WARNING Tried to log to step 41 that is less than the current step 43. Steps must be monotonically increasing, so this data will be ignored. See https://wandb.me/define-metric to log data out of order.
[epoch 42/7000] EBOPs=untraced in_training_ebops=697850 target=350000 beta=2.21e-07 val_AUC=0.847102 val_accuracy=0.573194 seconds=75.7 checkpoint=- ebops_trace_seconds=0.00 ebops_trace_over_epoch=0.001 loss=1.310674 host_rss_mb=2244
wandb: WARNING Tried to log to step 42 that is less than the current step 43. Steps must be monotonically increasing, so this data will be ignored. See https://wandb.me/define-metric to log data out of order.
[epoch 43/7000] EBOPs=untraced in_training_ebops=635197 target=350000 beta=2.24e-07 val_AUC=0.835281 val_accuracy=0.549032 seconds=74.3 checkpoint=- ebops_trace_seconds=0.00 ebops_trace_over_epoch=0.001 loss=1.300600 host_rss_mb=2244
[epoch 44/7000] EBOPs=untraced in_training_ebops=636023 target=350000 beta=2.1e-07 val_AUC=0.840301 val_accuracy=0.544806 seconds=75.3 checkpoint=- ebops_trace_seconds=0.00 ebops_trace_over_epoch=0.001 loss=1.284199 host_rss_mb=2246
[epoch 45/7000] EBOPs=untraced in_training_ebops=629644 target=350000 beta=2.16e-07 val_AUC=0.845698 val_accuracy=0.547613 seconds=75.4 checkpoint=- ebops_trace_seconds=0.00 ebops_trace_over_epoch=0.001 loss=1.310878 host_rss_mb=2247
[epoch 46/7000] EBOPs=untraced in_training_ebops=649179 target=350000 beta=2.21e-07 val_AUC=0.849208 val_accuracy=0.557806 seconds=75.1 checkpoint=- ebops_trace_seconds=0.00 ebops_trace_over_epoch=0.001 loss=1.312024 host_rss_mb=2247
[epoch 47/7000] EBOPs=untraced in_training_ebops=632815 target=350000 beta=2.35e-07 val_AUC=0.822337 val_accuracy=0.529290 seconds=75.4 checkpoint=- ebops_trace_seconds=0.00 ebops_trace_over_epoch=0.001 loss=1.324569 host_rss_mb=2247
[epoch 48/7000] EBOPs=untraced in_training_ebops=612386 target=350000 beta=2.35e-07 val_AUC=0.833938 val_accuracy=0.524419 seconds=73.2 checkpoint=- ebops_trace_seconds=0.00 ebops_trace_over_epoch=0.001 loss=1.330330 host_rss_mb=2247
[epoch 49/7000] EBOPs=untraced in_training_ebops=605763 target=350000 beta=2.34e-07 val_AUC=0.812288 val_accuracy=0.501984 seconds=60.9 checkpoint=- ebops_trace_seconds=0.01 ebops_trace_over_epoch=0.001 loss=1.320655 host_rss_mb=2247
[epoch 50/7000] EBOPs=569372 target=350000 above_floor=397846 feasible=0 degenerate=0 beta=2.38e-07 val_AUC=0.837650 val_accuracy=0.558742 seconds=136.9 checkpoint=epoch-0050 ebops_trace_seconds=83.56 ebops_trace_over_epoch=0.611 loss=1.351343 host_rss_mb=2247
[epoch 51/7000] EBOPs=untraced in_training_ebops=597463 target=350000 beta=2.29e-07 val_AUC=0.825572 val_accuracy=0.494129 seconds=75.5 checkpoint=- ebops_trace_seconds=0.00 ebops_trace_over_epoch=0.001 loss=1.321877 host_rss_mb=2247
[epoch 52/7000] EBOPs=untraced in_training_ebops=599256 target=350000 beta=2.47e-07 val_AUC=0.837908 val_accuracy=0.561919 seconds=75.5 checkpoint=- ebops_trace_seconds=0.00 ebops_trace_over_epoch=0.001 loss=1.350380 host_rss_mb=2249
[epoch 53/7000] EBOPs=untraced in_training_ebops=610419 target=350000 beta=2.55e-07 val_AUC=0.828865 val_accuracy=0.535097 seconds=75.4 checkpoint=- ebops_trace_seconds=0.00 ebops_trace_over_epoch=0.001 loss=1.355923 host_rss_mb=2249
[epoch 54/7000] EBOPs=untraced in_training_ebops=604243 target=350000 beta=2.67e-07 val_AUC=0.810791 val_accuracy=0.501968 seconds=74.7 checkpoint=- ebops_trace_seconds=0.01 ebops_trace_over_epoch=0.001 loss=1.342897 host_rss_mb=2249
[epoch 55/7000] EBOPs=untraced in_training_ebops=609846 target=350000 beta=2.71e-07 val_AUC=0.811242 val_accuracy=0.472081 seconds=75.1 checkpoint=- ebops_trace_seconds=0.00 ebops_trace_over_epoch=0.001 loss=1.358048 host_rss_mb=2242
[epoch 56/7000] EBOPs=untraced in_training_ebops=596529 target=350000 beta=2.82e-07 val_AUC=0.836401 val_accuracy=0.544855 seconds=75.3 checkpoint=- ebops_trace_seconds=0.00 ebops_trace_over_epoch=0.001 loss=1.361699 host_rss_mb=2246
[epoch 57/7000] EBOPs=untraced in_training_ebops=588337 target=350000 beta=2.83e-07 val_AUC=0.825966 val_accuracy=0.533452 seconds=75.6 checkpoint=- ebops_trace_seconds=0.00 ebops_trace_over_epoch=0.001 loss=1.382892 host_rss_mb=2247
[epoch 58/7000] EBOPs=untraced in_training_ebops=597037 target=350000 beta=2.86e-07 val_AUC=0.825991 val_accuracy=0.487774 seconds=74.7 checkpoint=- ebops_trace_seconds=0.00 ebops_trace_over_epoch=0.001 loss=1.389183 host_rss_mb=2247
[epoch 59/7000] EBOPs=untraced in_training_ebops=595636 target=350000 beta=2.99e-07 val_AUC=0.790071 val_accuracy=0.485645 seconds=75.6 checkpoint=- ebops_trace_seconds=0.00 ebops_trace_over_epoch=0.001 loss=1.409123 host_rss_mb=2247
[epoch 60/7000] EBOPs=543702 target=350000 above_floor=372176 feasible=0 degenerate=0 beta=3.06e-07 val_AUC=0.841082 val_accuracy=0.540194 seconds=161.9 checkpoint=- ebops_trace_seconds=86.66 ebops_trace_over_epoch=0.536 loss=1.382258 host_rss_mb=2248
[epoch 61/7000] EBOPs=untraced in_training_ebops=584216 target=350000 beta=2.85e-07 val_AUC=0.827651 val_accuracy=0.511355 seconds=75.2 checkpoint=- ebops_trace_seconds=0.00 ebops_trace_over_epoch=0.001 loss=1.376466 host_rss_mb=2248
[epoch 62/7000] EBOPs=untraced in_training_ebops=587366 target=350000 beta=3.15e-07 val_AUC=0.809427 val_accuracy=0.493935 seconds=75.3 checkpoint=- ebops_trace_seconds=0.01 ebops_trace_over_epoch=0.001 loss=1.392631 host_rss_mb=2248
[epoch 63/7000] EBOPs=untraced in_training_ebops=594511 target=350000 beta=3.25e-07 val_AUC=0.804252 val_accuracy=0.497597 seconds=75.5 checkpoint=- ebops_trace_seconds=0.00 ebops_trace_over_epoch=0.001 loss=1.400249 host_rss_mb=2249
[epoch 64/7000] EBOPs=untraced in_training_ebops=580694 target=350000 beta=3.37e-07 val_AUC=0.814513 val_accuracy=0.485323 seconds=66.6 checkpoint=- ebops_trace_seconds=0.00 ebops_trace_over_epoch=0.001 loss=1.398675 host_rss_mb=2250
[epoch 65/7000] EBOPs=untraced in_training_ebops=578669 target=350000 beta=3.38e-07 val_AUC=0.813951 val_accuracy=0.468016 seconds=49.0 checkpoint=- ebops_trace_seconds=0.00 ebops_trace_over_epoch=0.001 loss=1.400952 host_rss_mb=2250
[epoch 66/7000] EBOPs=untraced in_training_ebops=578123 target=350000 beta=3.45e-07 val_AUC=0.834391 val_accuracy=0.544468 seconds=63.5 checkpoint=- ebops_trace_seconds=0.00 ebops_trace_over_epoch=0.001 loss=1.399037 host_rss_mb=2251
[epoch 67/7000] EBOPs=untraced in_training_ebops=569458 target=350000 beta=3.54e-07 val_AUC=0.819218 val_accuracy=0.514871 seconds=75.6 checkpoint=- ebops_trace_seconds=0.00 ebops_trace_over_epoch=0.001 loss=1.415957 host_rss_mb=2252
[epoch 68/7000] EBOPs=untraced in_training_ebops=572004 target=350000 beta=3.57e-07 val_AUC=0.766213 val_accuracy=0.391452 seconds=75.4 checkpoint=- ebops_trace_seconds=0.00 ebops_trace_over_epoch=0.001 loss=1.447683 host_rss_mb=2254
[epoch 69/7000] EBOPs=untraced in_training_ebops=564841 target=350000 beta=3.68e-07 val_AUC=0.808048 val_accuracy=0.473613 seconds=75.9 checkpoint=- ebops_trace_seconds=0.00 ebops_trace_over_epoch=0.001 loss=1.436356 host_rss_mb=2254
[epoch 70/7000] EBOPs=497990 target=350000 above_floor=326464 feasible=0 degenerate=0 beta=3.72e-07 val_AUC=0.823042 val_accuracy=0.534823 seconds=153.6 checkpoint=- ebops_trace_seconds=79.44 ebops_trace_over_epoch=0.518 loss=1.443611 host_rss_mb=2254
[epoch 71/7000] EBOPs=untraced in_training_ebops=546306 target=350000 beta=3.34e-07 val_AUC=0.820508 val_accuracy=0.521081 seconds=75.2 checkpoint=- ebops_trace_seconds=0.00 ebops_trace_over_epoch=0.001 loss=1.410964 host_rss_mb=2254
[epoch 72/7000] EBOPs=untraced in_training_ebops=548364 target=350000 beta=3.74e-07 val_AUC=0.836886 val_accuracy=0.553242 seconds=74.5 checkpoint=- ebops_trace_seconds=0.00 ebops_trace_over_epoch=0.001 loss=1.413253 host_rss_mb=2256
[epoch 73/7000] EBOPs=untraced in_training_ebops=556546 target=350000 beta=3.84e-07 val_AUC=0.810572 val_accuracy=0.496500 seconds=75.3 checkpoint=- ebops_trace_seconds=0.00 ebops_trace_over_epoch=0.001 loss=1.424364 host_rss_mb=2256
[epoch 74/7000] EBOPs=untraced in_training_ebops=553856 target=350000 beta=3.99e-07 val_AUC=0.813898 val_accuracy=0.517565 seconds=75.3 checkpoint=- ebops_trace_seconds=0.00 ebops_trace_over_epoch=0.001 loss=1.428864 host_rss_mb=2257
[epoch 75/7000] EBOPs=untraced in_training_ebops=545161 target=350000 beta=4.06e-07 val_AUC=0.818529 val_accuracy=0.507323 seconds=75.5 checkpoint=epoch-0075 ebops_trace_seconds=0.00 ebops_trace_over_epoch=0.001 loss=1.450130 host_rss_mb=2258
[epoch 76/7000] EBOPs=untraced in_training_ebops=544349 target=350000 beta=4.09e-07 val_AUC=0.809674 val_accuracy=0.493226 seconds=75.3 checkpoint=- ebops_trace_seconds=0.00 ebops_trace_over_epoch=0.001 loss=1.451939 host_rss_mb=2258
[epoch 77/7000] EBOPs=untraced in_training_ebops=538650 target=350000 beta=4.18e-07 val_AUC=0.775376 val_accuracy=0.424097 seconds=73.4 checkpoint=- ebops_trace_seconds=0.00 ebops_trace_over_epoch=0.001 loss=1.448180 host_rss_mb=2257
[epoch 78/7000] EBOPs=untraced in_training_ebops=548350 target=350000 beta=4.22e-07 val_AUC=0.826646 val_accuracy=0.546968 seconds=75.3 checkpoint=- ebops_trace_seconds=0.00 ebops_trace_over_epoch=0.001 loss=1.454548 host_rss_mb=2258
[epoch 79/7000] EBOPs=untraced in_training_ebops=529792 target=350000 beta=4.39e-07 val_AUC=0.818876 val_accuracy=0.490355 seconds=75.2 checkpoint=- ebops_trace_seconds=0.01 ebops_trace_over_epoch=0.001 loss=1.448386 host_rss_mb=2258
[epoch 80/7000] EBOPs=489220 target=350000 above_floor=317694 feasible=0 degenerate=0 beta=4.34e-07 val_AUC=0.827564 val_accuracy=0.524871 seconds=153.4 checkpoint=- ebops_trace_seconds=77.93 ebops_trace_over_epoch=0.508 loss=1.456180 host_rss_mb=2258
[epoch 81/7000] EBOPs=untraced in_training_ebops=516893 target=350000 beta=4.07e-07 val_AUC=0.821315 val_accuracy=0.531065 seconds=55.9 checkpoint=- ebops_trace_seconds=0.00 ebops_trace_over_epoch=0.001 loss=1.450595 host_rss_mb=2259
[epoch 82/7000] EBOPs=untraced in_training_ebops=531347 target=350000 beta=4.39e-07 val_AUC=0.802766 val_accuracy=0.479823 seconds=73.8 checkpoint=- ebops_trace_seconds=0.00 ebops_trace_over_epoch=0.001 loss=1.471643 host_rss_mb=2259
[epoch 83/7000] EBOPs=untraced in_training_ebops=526265 target=350000 beta=4.6e-07 val_AUC=0.827729 val_accuracy=0.529952 seconds=73.1 checkpoint=- ebops_trace_seconds=0.00 ebops_trace_over_epoch=0.001 loss=1.479227 host_rss_mb=2259
[epoch 84/7000] EBOPs=untraced in_training_ebops=516992 target=350000 beta=4.65e-07 val_AUC=0.815465 val_accuracy=0.499065 seconds=75.3 checkpoint=- ebops_trace_seconds=0.00 ebops_trace_over_epoch=0.001 loss=1.478116 host_rss_mb=2259
[epoch 85/7000] EBOPs=untraced in_training_ebops=517083 target=350000 beta=4.66e-07 val_AUC=0.826677 val_accuracy=0.499323 seconds=75.3 checkpoint=- ebops_trace_seconds=0.00 ebops_trace_over_epoch=0.001 loss=1.484080 host_rss_mb=2259
[epoch 86/7000] EBOPs=untraced in_training_ebops=518649 target=350000 beta=4.75e-07 val_AUC=0.823670 val_accuracy=0.492565 seconds=75.5 checkpoint=- ebops_trace_seconds=0.00 ebops_trace_over_epoch=0.001 loss=1.517464 host_rss_mb=2260
[epoch 87/7000] EBOPs=untraced in_training_ebops=512006 target=350000 beta=4.86e-07 val_AUC=0.818472 val_accuracy=0.485968 seconds=75.7 checkpoint=- ebops_trace_seconds=0.00 ebops_trace_over_epoch=0.001 loss=1.516227 host_rss_mb=2261
[epoch 88/7000] EBOPs=untraced in_training_ebops=519068 target=350000 beta=4.89e-07 val_AUC=0.808005 val_accuracy=0.478887 seconds=73.2 checkpoint=- ebops_trace_seconds=0.00 ebops_trace_over_epoch=0.001 loss=1.488695 host_rss_mb=2261
[epoch 89/7000] EBOPs=untraced in_training_ebops=513310 target=350000 beta=5.06e-07 val_AUC=0.785566 val_accuracy=0.498113 seconds=75.5 checkpoint=- ebops_trace_seconds=0.00 ebops_trace_over_epoch=0.001 loss=1.527697 host_rss_mb=2261
[epoch 90/7000] EBOPs=468154 target=350000 above_floor=296628 feasible=0 degenerate=0 beta=5.1e-07 val_AUC=0.815511 val_accuracy=0.507435 seconds=155.9 checkpoint=- ebops_trace_seconds=80.48 ebops_trace_over_epoch=0.517 loss=1.508653 host_rss_mb=2261
[epoch 91/7000] EBOPs=untraced in_training_ebops=496828 target=350000 beta=4.72e-07 val_AUC=0.818142 val_accuracy=0.519629 seconds=75.5 checkpoint=- ebops_trace_seconds=0.00 ebops_trace_over_epoch=0.001 loss=1.480541 host_rss_mb=2262
[epoch 92/7000] EBOPs=untraced in_training_ebops=489878 target=350000 beta=5.1e-07 val_AUC=0.802050 val_accuracy=0.482113 seconds=75.5 checkpoint=- ebops_trace_seconds=0.00 ebops_trace_over_epoch=0.001 loss=1.518981 host_rss_mb=2262
[epoch 93/7000] EBOPs=untraced in_training_ebops=496171 target=350000 beta=5.11e-07 val_AUC=0.810658 val_accuracy=0.516903 seconds=75.4 checkpoint=- ebops_trace_seconds=0.00 ebops_trace_over_epoch=0.001 loss=1.490728 host_rss_mb=2262
[epoch 94/7000] EBOPs=untraced in_training_ebops=497630 target=350000 beta=5.27e-07 val_AUC=0.816130 val_accuracy=0.514919 seconds=75.3 checkpoint=- ebops_trace_seconds=0.00 ebops_trace_over_epoch=0.001 loss=1.491572 host_rss_mb=2262
[epoch 95/7000] EBOPs=untraced in_training_ebops=505358 target=350000 beta=5.38e-07 val_AUC=0.821823 val_accuracy=0.508629 seconds=73.4 checkpoint=- ebops_trace_seconds=0.00 ebops_trace_over_epoch=0.001 loss=1.509903 host_rss_mb=2262
[epoch 96/7000] EBOPs=untraced in_training_ebops=510976 target=350000 beta=5.56e-07 val_AUC=0.780986 val_accuracy=0.430339 seconds=73.7 checkpoint=- ebops_trace_seconds=0.00 ebops_trace_over_epoch=0.001 loss=1.542414 host_rss_mb=2262
[epoch 97/7000] EBOPs=untraced in_training_ebops=511498 target=350000 beta=5.73e-07 val_AUC=0.808927 val_accuracy=0.473774 seconds=55.0 checkpoint=- ebops_trace_seconds=0.00 ebops_trace_over_epoch=0.001 loss=1.555933 host_rss_mb=2262
[epoch 98/7000] EBOPs=untraced in_training_ebops=499312 target=350000 beta=5.85e-07 val_AUC=0.797861 val_accuracy=0.476839 seconds=56.2 checkpoint=- ebops_trace_seconds=0.00 ebops_trace_over_epoch=0.001 loss=1.587601 host_rss_mb=2256
[epoch 99/7000] EBOPs=untraced in_training_ebops=492536 target=350000 beta=5.81e-07 val_AUC=0.755715 val_accuracy=0.395452 seconds=72.9 checkpoint=- ebops_trace_seconds=0.00 ebops_trace_over_epoch=0.001 loss=1.558719 host_rss_mb=2259
[epoch 100/7000] EBOPs=454383 target=350000 above_floor=282857 feasible=0 degenerate=0 beta=5.83e-07 val_AUC=0.812718 val_accuracy=0.496952 seconds=156.8 checkpoint=epoch-0100 ebops_trace_seconds=83.13 ebops_trace_over_epoch=0.531 loss=1.552464 host_rss_mb=2259
[epoch 101/7000] EBOPs=untraced in_training_ebops=480108 target=350000 beta=5.45e-07 val_AUC=0.796671 val_accuracy=0.485839 seconds=75.5 checkpoint=- ebops_trace_seconds=0.00 ebops_trace_over_epoch=0.001 loss=1.535966 host_rss_mb=2259
[epoch 102/7000] EBOPs=untraced in_training_ebops=490993 target=350000 beta=5.85e-07 val_AUC=0.805586 val_accuracy=0.513274 seconds=73.3 checkpoint=- ebops_trace_seconds=0.01 ebops_trace_over_epoch=0.001 loss=1.559268 host_rss_mb=2259
[epoch 103/7000] EBOPs=untraced in_training_ebops=502262 target=350000 beta=6.08e-07 val_AUC=0.810800 val_accuracy=0.499548 seconds=75.4 checkpoint=- ebops_trace_seconds=0.00 ebops_trace_over_epoch=0.001 loss=1.571627 host_rss_mb=2260
[epoch 104/7000] EBOPs=untraced in_training_ebops=514666 target=350000 beta=6.34e-07 val_AUC=0.785102 val_accuracy=0.484468 seconds=75.3 checkpoint=- ebops_trace_seconds=0.00 ebops_trace_over_epoch=0.001 loss=1.613733 host_rss_mb=2260
[epoch 105/7000] EBOPs=untraced in_training_ebops=504766 target=350000 beta=6.62e-07 val_AUC=0.773912 val_accuracy=0.419016 seconds=73.4 checkpoint=- ebops_trace_seconds=0.00 ebops_trace_over_epoch=0.001 loss=1.624689 host_rss_mb=2261
[epoch 106/7000] EBOPs=untraced in_training_ebops=502241 target=350000 beta=6.61e-07 val_AUC=0.775900 val_accuracy=0.488581 seconds=72.4 checkpoint=- ebops_trace_seconds=0.00 ebops_trace_over_epoch=0.001 loss=1.620732 host_rss_mb=2262
[epoch 107/7000] EBOPs=untraced in_training_ebops=489650 target=350000 beta=6.7e-07 val_AUC=0.810418 val_accuracy=0.500887 seconds=73.2 checkpoint=- ebops_trace_seconds=0.00 ebops_trace_over_epoch=0.001 loss=1.600074 host_rss_mb=2262
[epoch 108/7000] EBOPs=untraced in_training_ebops=485706 target=350000 beta=6.64e-07 val_AUC=0.772532 val_accuracy=0.467306 seconds=75.3 checkpoint=- ebops_trace_seconds=0.00 ebops_trace_over_epoch=0.001 loss=1.589846 host_rss_mb=2262
[epoch 109/7000] EBOPs=untraced in_training_ebops=501407 target=350000 beta=6.7e-07 val_AUC=0.812902 val_accuracy=0.499968 seconds=75.2 checkpoint=- ebops_trace_seconds=0.00 ebops_trace_over_epoch=0.001 loss=1.602398 host_rss_mb=2262
[epoch 110/7000] EBOPs=479693 target=350000 above_floor=308167 feasible=0 degenerate=0 beta=7.04e-07 val_AUC=0.806504 val_accuracy=0.518984 seconds=160.5 checkpoint=- ebops_trace_seconds=84.91 ebops_trace_over_epoch=0.530 loss=1.619954 host_rss_mb=2262
[epoch 111/7000] EBOPs=untraced in_training_ebops=490555 target=350000 beta=6.84e-07 val_AUC=0.745679 val_accuracy=0.409935 seconds=75.7 checkpoint=- ebops_trace_seconds=0.00 ebops_trace_over_epoch=0.001 loss=1.606256 host_rss_mb=2262
[epoch 112/7000] EBOPs=untraced in_training_ebops=516860 target=350000 beta=7.11e-07 val_AUC=0.785429 val_accuracy=0.485274 seconds=68.8 checkpoint=- ebops_trace_seconds=0.00 ebops_trace_over_epoch=0.001 loss=1.645010 host_rss_mb=2262
[epoch 113/7000] EBOPs=untraced in_training_ebops=505269 target=350000 beta=7.64e-07 val_AUC=0.802259 val_accuracy=0.522645 seconds=49.7 checkpoint=- ebops_trace_seconds=0.00 ebops_trace_over_epoch=0.001 loss=1.693917 host_rss_mb=2262
[epoch 114/7000] EBOPs=untraced in_training_ebops=494559 target=350000 beta=7.61e-07 val_AUC=0.790924 val_accuracy=0.461113 seconds=60.9 checkpoint=- ebops_trace_seconds=0.00 ebops_trace_over_epoch=0.001 loss=1.657906 host_rss_mb=2262
[epoch 115/7000] EBOPs=untraced in_training_ebops=482552 target=350000 beta=7.58e-07 val_AUC=0.798572 val_accuracy=0.473855 seconds=75.2 checkpoint=- ebops_trace_seconds=0.00 ebops_trace_over_epoch=0.001 loss=1.642571 host_rss_mb=2264
[epoch 116/7000] EBOPs=untraced in_training_ebops=494968 target=350000 beta=7.51e-07 val_AUC=0.797291 val_accuracy=0.458887 seconds=75.6 checkpoint=- ebops_trace_seconds=0.00 ebops_trace_over_epoch=0.001 loss=1.640788 host_rss_mb=2264
[epoch 117/7000] EBOPs=untraced in_training_ebops=487327 target=350000 beta=7.84e-07 val_AUC=0.803591 val_accuracy=0.491371 seconds=75.3 checkpoint=- ebops_trace_seconds=0.00 ebops_trace_over_epoch=0.001 loss=1.670917 host_rss_mb=2264
[epoch 118/7000] EBOPs=untraced in_training_ebops=488911 target=350000 beta=7.85e-07 val_AUC=0.780777 val_accuracy=0.472258 seconds=75.4 checkpoint=- ebops_trace_seconds=0.00 ebops_trace_over_epoch=0.001 loss=1.684380 host_rss_mb=2264
[epoch 119/7000] EBOPs=untraced in_training_ebops=484801 target=350000 beta=8.01e-07 val_AUC=0.726629 val_accuracy=0.393790 seconds=73.8 checkpoint=- ebops_trace_seconds=0.00 ebops_trace_over_epoch=0.001 loss=1.708926 host_rss_mb=2258
[epoch 120/7000] EBOPs=446561 target=350000 above_floor=275035 feasible=0 degenerate=0 beta=8.07e-07 val_AUC=0.822851 val_accuracy=0.518952 seconds=160.0 checkpoint=- ebops_trace_seconds=84.96 ebops_trace_over_epoch=0.532 loss=1.679208 host_rss_mb=2260
