==== ARM_ATTEMPT 0 2026-09-28T23:27:04Z
RUN_STAGE pilot-b
[train] chang0926-f-n64-s1 params=33271 resume_epoch=0 initial_ebops=11724604
wandb: [wandb.login()] Loaded credentials for https://api.wandb.ai from WANDB_API_KEY.
wandb: setting up run 097faea3088c
wandb: Syncing run chang0926-f-n64-s1
wandb: 🚀 View run at https://wandb.ai/kayamaguchi-uc-san-diego/BNJetTag-ChangRecipe/runs/097faea3088c
[epoch 1/7000] EBOPs=11733720 target=350000 above_floor=11562194 feasible=0 degenerate=0 beta=1e-07 val_AUC=0.849347 val_accuracy=0.571177 seconds=171.2 checkpoint=- ebops_trace_seconds=75.72 ebops_trace_over_epoch=0.443 loss=2.689703 host_rss_mb=2273
[epoch 2/7000] EBOPs=untraced in_training_ebops=12428141 target=350000 beta=1e-07 val_AUC=0.878364 val_accuracy=0.617274 seconds=53.2 checkpoint=- ebops_trace_seconds=0.00 ebops_trace_over_epoch=0.001 loss=2.243402 host_rss_mb=2289
[epoch 3/7000] EBOPs=untraced in_training_ebops=10057149 target=350000 beta=1.27e-07 val_AUC=0.875469 val_accuracy=0.627258 seconds=75.8 checkpoint=- ebops_trace_seconds=0.00 ebops_trace_over_epoch=0.001 loss=2.413385 host_rss_mb=2300
[epoch 4/7000] EBOPs=untraced in_training_ebops=10102341 target=350000 beta=1.21e-07 val_AUC=0.888059 val_accuracy=0.646355 seconds=75.3 checkpoint=- ebops_trace_seconds=0.00 ebops_trace_over_epoch=0.001 loss=2.195773 host_rss_mb=2313
[epoch 5/7000] EBOPs=untraced in_training_ebops=8042818 target=350000 beta=1.44e-07 val_AUC=0.886512 val_accuracy=0.658613 seconds=75.0 checkpoint=- ebops_trace_seconds=0.00 ebops_trace_over_epoch=0.001 loss=2.164653 host_rss_mb=2316
[epoch 6/7000] EBOPs=untraced in_training_ebops=6777309 target=350000 beta=1.34e-07 val_AUC=0.886154 val_accuracy=0.652919 seconds=76.0 checkpoint=- ebops_trace_seconds=0.00 ebops_trace_over_epoch=0.001 loss=1.980662 host_rss_mb=2301
[epoch 7/7000] EBOPs=untraced in_training_ebops=6120731 target=350000 beta=1.31e-07 val_AUC=0.895261 val_accuracy=0.655161 seconds=72.9 checkpoint=- ebops_trace_seconds=0.00 ebops_trace_over_epoch=0.001 loss=1.789771 host_rss_mb=2312
[epoch 8/7000] EBOPs=untraced in_training_ebops=5218490 target=350000 beta=1.37e-07 val_AUC=0.888506 val_accuracy=0.648145 seconds=74.9 checkpoint=- ebops_trace_seconds=0.00 ebops_trace_over_epoch=0.001 loss=1.755489 host_rss_mb=2315
[epoch 9/7000] EBOPs=untraced in_training_ebops=4562996 target=350000 beta=1.33e-07 val_AUC=0.877643 val_accuracy=0.624500 seconds=74.8 checkpoint=- ebops_trace_seconds=0.00 ebops_trace_over_epoch=0.001 loss=1.610327 host_rss_mb=2320
[epoch 10/7000] EBOPs=3681775 target=350000 above_floor=3510249 feasible=0 degenerate=0 beta=1.33e-07 val_AUC=0.891384 val_accuracy=0.659500 seconds=162.4 checkpoint=- ebops_trace_seconds=86.97 ebops_trace_over_epoch=0.536 loss=1.552266 host_rss_mb=2320
[epoch 11/7000] EBOPs=untraced in_training_ebops=3982395 target=350000 beta=1.2e-07 val_AUC=0.879541 val_accuracy=0.634290 seconds=74.9 checkpoint=- ebops_trace_seconds=0.00 ebops_trace_over_epoch=0.001 loss=1.444943 host_rss_mb=2321
[epoch 12/7000] EBOPs=untraced in_training_ebops=3562526 target=350000 beta=1.47e-07 val_AUC=0.879417 val_accuracy=0.638242 seconds=73.7 checkpoint=- ebops_trace_seconds=0.00 ebops_trace_over_epoch=0.001 loss=1.541095 host_rss_mb=2325
[epoch 13/7000] EBOPs=untraced in_training_ebops=3061723 target=350000 beta=1.48e-07 val_AUC=0.877968 val_accuracy=0.621532 seconds=77.1 checkpoint=- ebops_trace_seconds=0.00 ebops_trace_over_epoch=0.001 loss=1.488332 host_rss_mb=2325
[epoch 14/7000] EBOPs=untraced in_training_ebops=2917041 target=350000 beta=1.41e-07 val_AUC=0.882973 val_accuracy=0.625565 seconds=72.8 checkpoint=- ebops_trace_seconds=0.00 ebops_trace_over_epoch=0.001 loss=1.405629 host_rss_mb=2326
[epoch 15/7000] EBOPs=untraced in_training_ebops=2543632 target=350000 beta=1.5e-07 val_AUC=0.880289 val_accuracy=0.626081 seconds=73.4 checkpoint=- ebops_trace_seconds=0.00 ebops_trace_over_epoch=0.001 loss=1.391378 host_rss_mb=2328
[epoch 16/7000] EBOPs=untraced in_training_ebops=2535899 target=350000 beta=1.44e-07 val_AUC=0.869539 val_accuracy=0.575758 seconds=50.0 checkpoint=- ebops_trace_seconds=0.00 ebops_trace_over_epoch=0.002 loss=1.359844 host_rss_mb=2329
[epoch 17/7000] EBOPs=untraced in_training_ebops=2402298 target=350000 beta=1.59e-07 val_AUC=0.878725 val_accuracy=0.626097 seconds=52.1 checkpoint=- ebops_trace_seconds=0.00 ebops_trace_over_epoch=0.001 loss=1.399651 host_rss_mb=2329
[epoch 18/7000] EBOPs=untraced in_training_ebops=2231286 target=350000 beta=1.66e-07 val_AUC=0.874397 val_accuracy=0.618468 seconds=74.2 checkpoint=- ebops_trace_seconds=0.00 ebops_trace_over_epoch=0.001 loss=1.399824 host_rss_mb=2329
[epoch 19/7000] EBOPs=untraced in_training_ebops=2159913 target=350000 beta=1.69e-07 val_AUC=0.865148 val_accuracy=0.590839 seconds=72.9 checkpoint=- ebops_trace_seconds=0.00 ebops_trace_over_epoch=0.001 loss=1.374230 host_rss_mb=2331
[epoch 20/7000] EBOPs=2192491 target=350000 above_floor=2020965 feasible=0 degenerate=0 beta=1.79e-07 val_AUC=0.872228 val_accuracy=0.615887 seconds=163.8 checkpoint=- ebops_trace_seconds=86.51 ebops_trace_over_epoch=0.528 loss=1.380953 host_rss_mb=2331
[epoch 21/7000] EBOPs=untraced in_training_ebops=2155255 target=350000 beta=1.99e-07 val_AUC=0.878970 val_accuracy=0.631177 seconds=73.1 checkpoint=- ebops_trace_seconds=0.00 ebops_trace_over_epoch=0.001 loss=1.449215 host_rss_mb=2331
[epoch 22/7000] EBOPs=untraced in_training_ebops=2032867 target=350000 beta=2.14e-07 val_AUC=0.866554 val_accuracy=0.592226 seconds=74.9 checkpoint=- ebops_trace_seconds=0.00 ebops_trace_over_epoch=0.001 loss=1.480977 host_rss_mb=2332
[epoch 23/7000] EBOPs=untraced in_training_ebops=1745919 target=350000 beta=2.21e-07 val_AUC=0.843562 val_accuracy=0.563516 seconds=75.1 checkpoint=- ebops_trace_seconds=0.00 ebops_trace_over_epoch=0.001 loss=1.461182 host_rss_mb=2332
[epoch 24/7000] EBOPs=untraced in_training_ebops=1703648 target=350000 beta=2.05e-07 val_AUC=0.866606 val_accuracy=0.597323 seconds=73.9 checkpoint=- ebops_trace_seconds=0.01 ebops_trace_over_epoch=0.001 loss=1.408845 host_rss_mb=2333
[epoch 25/7000] EBOPs=untraced in_training_ebops=1615237 target=350000 beta=2.17e-07 val_AUC=0.864388 val_accuracy=0.592629 seconds=77.1 checkpoint=epoch-0025 ebops_trace_seconds=0.00 ebops_trace_over_epoch=0.001 loss=1.426376 host_rss_mb=2333
[epoch 26/7000] EBOPs=untraced in_training_ebops=1460746 target=350000 beta=2.22e-07 val_AUC=0.859820 val_accuracy=0.598806 seconds=72.9 checkpoint=- ebops_trace_seconds=0.00 ebops_trace_over_epoch=0.001 loss=1.407615 host_rss_mb=2333
[epoch 27/7000] EBOPs=untraced in_training_ebops=1363409 target=350000 beta=2.16e-07 val_AUC=0.857183 val_accuracy=0.590710 seconds=75.0 checkpoint=- ebops_trace_seconds=0.00 ebops_trace_over_epoch=0.001 loss=1.374065 host_rss_mb=2333
[epoch 28/7000] EBOPs=untraced in_training_ebops=1297920 target=350000 beta=2.15e-07 val_AUC=0.860587 val_accuracy=0.587935 seconds=75.0 checkpoint=- ebops_trace_seconds=0.00 ebops_trace_over_epoch=0.001 loss=1.370852 host_rss_mb=2327
[epoch 29/7000] EBOPs=untraced in_training_ebops=1276852 target=350000 beta=2.19e-07 val_AUC=0.854950 val_accuracy=0.575306 seconds=73.1 checkpoint=- ebops_trace_seconds=0.00 ebops_trace_over_epoch=0.001 loss=1.363745 host_rss_mb=2331
[epoch 30/7000] EBOPs=1217046 target=350000 above_floor=1045520 feasible=0 degenerate=0 beta=2.3e-07 val_AUC=0.841971 val_accuracy=0.557161 seconds=162.8 checkpoint=- ebops_trace_seconds=85.73 ebops_trace_over_epoch=0.527 loss=1.374649 host_rss_mb=2331
[epoch 31/7000] EBOPs=untraced in_training_ebops=1186485 target=350000 beta=2.33e-07 val_AUC=0.856256 val_accuracy=0.576903 seconds=64.0 checkpoint=- ebops_trace_seconds=0.00 ebops_trace_over_epoch=0.001 loss=1.405417 host_rss_mb=2331
[epoch 32/7000] EBOPs=untraced in_training_ebops=1095018 target=350000 beta=2.42e-07 val_AUC=0.822003 val_accuracy=0.499323 seconds=50.6 checkpoint=- ebops_trace_seconds=0.00 ebops_trace_over_epoch=0.001 loss=1.378887 host_rss_mb=2333
[epoch 33/7000] EBOPs=untraced in_training_ebops=968202 target=350000 beta=2.36e-07 val_AUC=0.838854 val_accuracy=0.547048 seconds=63.2 checkpoint=- ebops_trace_seconds=0.00 ebops_trace_over_epoch=0.001 loss=1.356050 host_rss_mb=2334
