==== ARM_ATTEMPT 0 2026-09-29T00:15:50Z
RUN_STAGE pilot-b
[train] chang0926-d-n64-s1 params=31735 resume_epoch=0 initial_ebops=11559681
wandb: [wandb.login()] Loaded credentials for https://api.wandb.ai from WANDB_API_KEY.
wandb: Syncing run chang0926-d-n64-s1
wandb: 🚀 View run at https://wandb.ai/kayamaguchi-uc-san-diego/BNJetTag-ChangRecipe/runs/794f7f038fcb
[epoch 1/7000] EBOPs=11948350 target=350000 above_floor=11776824 feasible=0 degenerate=0 beta=1e-07 val_AUC=0.827890 val_accuracy=0.538419 seconds=230.6 checkpoint=- ebops_trace_seconds=99.38 ebops_trace_over_epoch=0.431 loss=2.694671 host_rss_mb=2309
[epoch 2/7000] EBOPs=untraced in_training_ebops=12642623 target=350000 beta=1e-07 val_AUC=0.868431 val_accuracy=0.582129 seconds=125.7 checkpoint=- ebops_trace_seconds=0.01 ebops_trace_over_epoch=0.001 loss=2.301543 host_rss_mb=2302
[epoch 3/7000] EBOPs=untraced in_training_ebops=10149079 target=350000 beta=1.27e-07 val_AUC=0.859198 val_accuracy=0.572258 seconds=131.0 checkpoint=- ebops_trace_seconds=0.01 ebops_trace_over_epoch=0.001 loss=2.431085 host_rss_mb=2321
[epoch 4/7000] EBOPs=untraced in_training_ebops=9467182 target=350000 beta=1.2e-07 val_AUC=0.883130 val_accuracy=0.640194 seconds=131.5 checkpoint=- ebops_trace_seconds=0.01 ebops_trace_over_epoch=0.001 loss=2.220213 host_rss_mb=2336
[epoch 5/7000] EBOPs=untraced in_training_ebops=7948725 target=350000 beta=1.32e-07 val_AUC=0.885170 val_accuracy=0.641984 seconds=131.3 checkpoint=- ebops_trace_seconds=0.01 ebops_trace_over_epoch=0.001 loss=2.065768 host_rss_mb=2338
[epoch 6/7000] EBOPs=untraced in_training_ebops=6312881 target=350000 beta=1.3e-07 val_AUC=0.877768 val_accuracy=0.625339 seconds=131.4 checkpoint=- ebops_trace_seconds=0.01 ebops_trace_over_epoch=0.001 loss=1.941583 host_rss_mb=2344
[epoch 7/7000] EBOPs=untraced in_training_ebops=5899748 target=350000 beta=1.19e-07 val_AUC=0.878214 val_accuracy=0.612903 seconds=129.5 checkpoint=- ebops_trace_seconds=0.01 ebops_trace_over_epoch=0.001 loss=1.729585 host_rss_mb=2346
[epoch 8/7000] EBOPs=untraced in_training_ebops=4890224 target=350000 beta=1.28e-07 val_AUC=0.881710 val_accuracy=0.632726 seconds=120.3 checkpoint=- ebops_trace_seconds=0.01 ebops_trace_over_epoch=0.001 loss=1.684861 host_rss_mb=2350
[epoch 9/7000] EBOPs=untraced in_training_ebops=4512744 target=350000 beta=1.21e-07 val_AUC=0.738235 val_accuracy=0.499742 seconds=131.0 checkpoint=- ebops_trace_seconds=0.01 ebops_trace_over_epoch=0.001 loss=1.576926 host_rss_mb=2358
[epoch 10/7000] EBOPs=3324374 target=350000 above_floor=3152848 feasible=0 degenerate=0 beta=1.27e-07 val_AUC=0.882549 val_accuracy=0.627081 seconds=233.5 checkpoint=- ebops_trace_seconds=114.82 ebops_trace_over_epoch=0.492 loss=1.483652 host_rss_mb=2358
[epoch 11/7000] EBOPs=untraced in_training_ebops=3474426 target=350000 beta=1.05e-07 val_AUC=0.876845 val_accuracy=0.604516 seconds=130.4 checkpoint=- ebops_trace_seconds=0.01 ebops_trace_over_epoch=0.001 loss=1.331780 host_rss_mb=2360
[epoch 12/7000] EBOPs=untraced in_training_ebops=3201230 target=350000 beta=1.23e-07 val_AUC=0.878501 val_accuracy=0.618806 seconds=132.8 checkpoint=- ebops_trace_seconds=0.01 ebops_trace_over_epoch=0.001 loss=1.382394 host_rss_mb=2364
[epoch 13/7000] EBOPs=untraced in_training_ebops=2972316 target=350000 beta=1.27e-07 val_AUC=0.883013 val_accuracy=0.633516 seconds=129.8 checkpoint=- ebops_trace_seconds=0.01 ebops_trace_over_epoch=0.001 loss=1.383649 host_rss_mb=2370
[epoch 14/7000] EBOPs=untraced in_training_ebops=2584520 target=350000 beta=1.31e-07 val_AUC=0.888442 val_accuracy=0.641161 seconds=124.8 checkpoint=- ebops_trace_seconds=0.01 ebops_trace_over_epoch=0.001 loss=1.332467 host_rss_mb=2375
[epoch 15/7000] EBOPs=untraced in_training_ebops=2438069 target=350000 beta=1.26e-07 val_AUC=0.868964 val_accuracy=0.601048 seconds=126.2 checkpoint=- ebops_trace_seconds=0.01 ebops_trace_over_epoch=0.001 loss=1.295618 host_rss_mb=2378
[epoch 16/7000] EBOPs=untraced in_training_ebops=2318351 target=350000 beta=1.31e-07 val_AUC=0.878808 val_accuracy=0.625532 seconds=128.7 checkpoint=- ebops_trace_seconds=0.01 ebops_trace_over_epoch=0.001 loss=1.285388 host_rss_mb=2381
[epoch 17/7000] EBOPs=untraced in_training_ebops=2377482 target=350000 beta=1.36e-07 val_AUC=0.875783 val_accuracy=0.617452 seconds=126.8 checkpoint=- ebops_trace_seconds=0.01 ebops_trace_over_epoch=0.001 loss=1.304620 host_rss_mb=2381
[epoch 18/7000] EBOPs=untraced in_training_ebops=2239231 target=350000 beta=1.54e-07 val_AUC=0.881268 val_accuracy=0.623565 seconds=130.2 checkpoint=- ebops_trace_seconds=0.01 ebops_trace_over_epoch=0.001 loss=1.345172 host_rss_mb=2381
[epoch 19/7000] EBOPs=untraced in_training_ebops=2089111 target=350000 beta=1.59e-07 val_AUC=0.875083 val_accuracy=0.617032 seconds=130.3 checkpoint=- ebops_trace_seconds=0.01 ebops_trace_over_epoch=0.001 loss=1.337290 host_rss_mb=2382
[epoch 20/7000] EBOPs=1878470 target=350000 above_floor=1706944 feasible=0 degenerate=0 beta=1.62e-07 val_AUC=0.873366 val_accuracy=0.616887 seconds=232.0 checkpoint=- ebops_trace_seconds=112.87 ebops_trace_over_epoch=0.487 loss=1.339623 host_rss_mb=2383
[epoch 21/7000] EBOPs=untraced in_training_ebops=1869346 target=350000 beta=1.59e-07 val_AUC=0.869734 val_accuracy=0.604968 seconds=119.8 checkpoint=- ebops_trace_seconds=0.01 ebops_trace_over_epoch=0.001 loss=1.315024 host_rss_mb=2385
[epoch 22/7000] EBOPs=untraced in_training_ebops=1610376 target=350000 beta=1.72e-07 val_AUC=0.857416 val_accuracy=0.571677 seconds=130.8 checkpoint=- ebops_trace_seconds=0.01 ebops_trace_over_epoch=0.001 loss=1.322368 host_rss_mb=2378
[epoch 23/7000] EBOPs=untraced in_training_ebops=1365092 target=350000 beta=1.6e-07 val_AUC=0.874759 val_accuracy=0.623468 seconds=131.2 checkpoint=- ebops_trace_seconds=0.01 ebops_trace_over_epoch=0.001 loss=1.295821 host_rss_mb=2384
[epoch 24/7000] EBOPs=untraced in_training_ebops=1262766 target=350000 beta=1.45e-07 val_AUC=0.847819 val_accuracy=0.560387 seconds=129.7 checkpoint=- ebops_trace_seconds=0.01 ebops_trace_over_epoch=0.001 loss=1.240654 host_rss_mb=2385
[epoch 25/7000] EBOPs=untraced in_training_ebops=1226029 target=350000 beta=1.43e-07 val_AUC=0.867722 val_accuracy=0.605419 seconds=131.4 checkpoint=epoch-0025 ebops_trace_seconds=0.01 ebops_trace_over_epoch=0.001 loss=1.218328 host_rss_mb=2395
[epoch 26/7000] EBOPs=untraced in_training_ebops=1183295 target=350000 beta=1.48e-07 val_AUC=0.847102 val_accuracy=0.563597 seconds=129.8 checkpoint=- ebops_trace_seconds=0.01 ebops_trace_over_epoch=0.001 loss=1.214392 host_rss_mb=2396
[epoch 27/7000] EBOPs=untraced in_training_ebops=1154483 target=350000 beta=1.52e-07 val_AUC=0.856866 val_accuracy=0.584048 seconds=132.0 checkpoint=- ebops_trace_seconds=0.01 ebops_trace_over_epoch=0.001 loss=1.295908 host_rss_mb=2396
[epoch 28/7000] EBOPs=untraced in_training_ebops=1073276 target=350000 beta=1.57e-07 val_AUC=0.860788 val_accuracy=0.596306 seconds=129.3 checkpoint=- ebops_trace_seconds=0.01 ebops_trace_over_epoch=0.001 loss=1.248048 host_rss_mb=2396
[epoch 29/7000] EBOPs=untraced in_training_ebops=1015525 target=350000 beta=1.54e-07 val_AUC=0.871468 val_accuracy=0.602968 seconds=118.7 checkpoint=- ebops_trace_seconds=0.01 ebops_trace_over_epoch=0.001 loss=1.219613 host_rss_mb=2397
[epoch 30/7000] EBOPs=1032965 target=350000 above_floor=861439 feasible=0 degenerate=0 beta=1.54e-07 val_AUC=0.843809 val_accuracy=0.570774 seconds=232.9 checkpoint=- ebops_trace_seconds=112.21 ebops_trace_over_epoch=0.482 loss=1.218314 host_rss_mb=2397
[epoch 31/7000] EBOPs=untraced in_training_ebops=1042460 target=350000 beta=1.65e-07 val_AUC=0.859929 val_accuracy=0.581048 seconds=131.8 checkpoint=- ebops_trace_seconds=0.01 ebops_trace_over_epoch=0.001 loss=1.239785 host_rss_mb=2398
[epoch 32/7000] EBOPs=untraced in_training_ebops=1021992 target=350000 beta=1.76e-07 val_AUC=0.850413 val_accuracy=0.557355 seconds=125.8 checkpoint=- ebops_trace_seconds=0.01 ebops_trace_over_epoch=0.001 loss=1.257296 host_rss_mb=2404
[epoch 33/7000] EBOPs=untraced in_training_ebops=905134 target=350000 beta=1.82e-07 val_AUC=0.864679 val_accuracy=0.603871 seconds=129.5 checkpoint=- ebops_trace_seconds=0.01 ebops_trace_over_epoch=0.001 loss=1.263605 host_rss_mb=2404
[epoch 34/7000] EBOPs=untraced in_training_ebops=888643 target=350000 beta=1.69e-07 val_AUC=0.842588 val_accuracy=0.533435 seconds=130.4 checkpoint=- ebops_trace_seconds=0.01 ebops_trace_over_epoch=0.001 loss=1.253908 host_rss_mb=2406
[epoch 35/7000] EBOPs=untraced in_training_ebops=852331 target=350000 beta=1.74e-07 val_AUC=0.856714 val_accuracy=0.576677 seconds=125.8 checkpoint=- ebops_trace_seconds=0.01 ebops_trace_over_epoch=0.001 loss=1.252275 host_rss_mb=2406
[epoch 36/7000] EBOPs=untraced in_training_ebops=829413 target=350000 beta=1.75e-07 val_AUC=0.844825 val_accuracy=0.538290 seconds=125.0 checkpoint=- ebops_trace_seconds=0.01 ebops_trace_over_epoch=0.001 loss=1.244709 host_rss_mb=2408
[epoch 37/7000] EBOPs=untraced in_training_ebops=804526 target=350000 beta=1.78e-07 val_AUC=0.854355 val_accuracy=0.574565 seconds=130.5 checkpoint=- ebops_trace_seconds=0.01 ebops_trace_over_epoch=0.001 loss=1.240988 host_rss_mb=2411
[epoch 38/7000] EBOPs=untraced in_training_ebops=775913 target=350000 beta=1.8e-07 val_AUC=0.839335 val_accuracy=0.528758 seconds=130.9 checkpoint=- ebops_trace_seconds=0.01 ebops_trace_over_epoch=0.001 loss=1.244544 host_rss_mb=2413
[epoch 39/7000] EBOPs=untraced in_training_ebops=769747 target=350000 beta=1.8e-07 val_AUC=0.849392 val_accuracy=0.572371 seconds=129.5 checkpoint=- ebops_trace_seconds=0.01 ebops_trace_over_epoch=0.001 loss=1.231738 host_rss_mb=2413
[epoch 40/7000] EBOPs=775156 target=350000 above_floor=603630 feasible=0 degenerate=0 beta=1.86e-07 val_AUC=0.853842 val_accuracy=0.580403 seconds=231.4 checkpoint=- ebops_trace_seconds=112.62 ebops_trace_over_epoch=0.487 loss=1.260526 host_rss_mb=2413
[epoch 41/7000] EBOPs=untraced in_training_ebops=764208 target=350000 beta=1.95e-07 val_AUC=0.847724 val_accuracy=0.583306 seconds=132.2 checkpoint=- ebops_trace_seconds=0.01 ebops_trace_over_epoch=0.001 loss=1.264154 host_rss_mb=2404
[epoch 42/7000] EBOPs=untraced in_training_ebops=737885 target=350000 beta=2e-07 val_AUC=0.825693 val_accuracy=0.524048 seconds=120.0 checkpoint=- ebops_trace_seconds=0.01 ebops_trace_over_epoch=0.001 loss=1.267621 host_rss_mb=2406
[epoch 43/7000] EBOPs=untraced in_training_ebops=726467 target=350000 beta=2e-07 val_AUC=0.856667 val_accuracy=0.582323 seconds=129.5 checkpoint=- ebops_trace_seconds=0.01 ebops_trace_over_epoch=0.001 loss=1.283342 host_rss_mb=2408
[epoch 44/7000] EBOPs=untraced in_training_ebops=710457 target=350000 beta=2.04e-07 val_AUC=0.858612 val_accuracy=0.576935 seconds=132.2 checkpoint=- ebops_trace_seconds=0.01 ebops_trace_over_epoch=0.001 loss=1.278608 host_rss_mb=2408
[epoch 45/7000] EBOPs=untraced in_training_ebops=720487 target=350000 beta=2.07e-07 val_AUC=0.838112 val_accuracy=0.541226 seconds=129.7 checkpoint=- ebops_trace_seconds=0.01 ebops_trace_over_epoch=0.001 loss=1.304593 host_rss_mb=2408
[epoch 46/7000] EBOPs=untraced in_training_ebops=691773 target=350000 beta=2.18e-07 val_AUC=0.832338 val_accuracy=0.523032 seconds=131.1 checkpoint=- ebops_trace_seconds=0.01 ebops_trace_over_epoch=0.001 loss=1.327411 host_rss_mb=2413
[epoch 47/7000] EBOPs=untraced in_training_ebops=665233 target=350000 beta=2.16e-07 val_AUC=0.811130 val_accuracy=0.528306 seconds=131.3 checkpoint=- ebops_trace_seconds=0.01 ebops_trace_over_epoch=0.001 loss=1.303854 host_rss_mb=2414
[epoch 48/7000] EBOPs=untraced in_training_ebops=656684 target=350000 beta=2.15e-07 val_AUC=0.833457 val_accuracy=0.541226 seconds=129.6 checkpoint=- ebops_trace_seconds=0.01 ebops_trace_over_epoch=0.001 loss=1.309924 host_rss_mb=2414
[epoch 49/7000] EBOPs=untraced in_training_ebops=659700 target=350000 beta=2.19e-07 val_AUC=0.834802 val_accuracy=0.553161 seconds=125.0 checkpoint=- ebops_trace_seconds=0.01 ebops_trace_over_epoch=0.001 loss=1.319317 host_rss_mb=2416
[epoch 50/7000] EBOPs=618383 target=350000 above_floor=446857 feasible=0 degenerate=0 beta=2.27e-07 val_AUC=0.829204 val_accuracy=0.526419 seconds=216.9 checkpoint=epoch-0050 ebops_trace_seconds=113.06 ebops_trace_over_epoch=0.522 loss=1.302108 host_rss_mb=2417
[epoch 51/7000] EBOPs=untraced in_training_ebops=655029 target=350000 beta=2.19e-07 val_AUC=0.829339 val_accuracy=0.519323 seconds=130.2 checkpoint=- ebops_trace_seconds=0.01 ebops_trace_over_epoch=0.001 loss=1.304264 host_rss_mb=2417
[epoch 52/7000] EBOPs=untraced in_training_ebops=641895 target=350000 beta=2.39e-07 val_AUC=0.830980 val_accuracy=0.527500 seconds=131.8 checkpoint=- ebops_trace_seconds=0.01 ebops_trace_over_epoch=0.001 loss=1.319752 host_rss_mb=2417
[epoch 53/7000] EBOPs=untraced in_training_ebops=645628 target=350000 beta=2.42e-07 val_AUC=0.842354 val_accuracy=0.525968 seconds=129.3 checkpoint=- ebops_trace_seconds=0.01 ebops_trace_over_epoch=0.001 loss=1.329871 host_rss_mb=2418
[epoch 54/7000] EBOPs=untraced in_training_ebops=646526 target=350000 beta=2.51e-07 val_AUC=0.843414 val_accuracy=0.556468 seconds=132.0 checkpoint=- ebops_trace_seconds=0.01 ebops_trace_over_epoch=0.001 loss=1.335170 host_rss_mb=2418
[epoch 55/7000] EBOPs=untraced in_training_ebops=639957 target=350000 beta=2.59e-07 val_AUC=0.804273 val_accuracy=0.509790 seconds=129.9 checkpoint=- ebops_trace_seconds=0.01 ebops_trace_over_epoch=0.001 loss=1.355045 host_rss_mb=2418
[epoch 56/7000] EBOPs=untraced in_training_ebops=650188 target=350000 beta=2.64e-07 val_AUC=0.825571 val_accuracy=0.514855 seconds=126.1 checkpoint=- ebops_trace_seconds=0.01 ebops_trace_over_epoch=0.001 loss=1.338719 host_rss_mb=2418
[epoch 57/7000] EBOPs=untraced in_training_ebops=631094 target=350000 beta=2.77e-07 val_AUC=0.824216 val_accuracy=0.482919 seconds=125.1 checkpoint=- ebops_trace_seconds=0.01 ebops_trace_over_epoch=0.001 loss=1.342331 host_rss_mb=2421
[epoch 58/7000] EBOPs=untraced in_training_ebops=632078 target=350000 beta=2.76e-07 val_AUC=0.785332 val_accuracy=0.468758 seconds=129.9 checkpoint=- ebops_trace_seconds=0.01 ebops_trace_over_epoch=0.001 loss=1.355853 host_rss_mb=2421
[epoch 59/7000] EBOPs=untraced in_training_ebops=633726 target=350000 beta=2.85e-07 val_AUC=0.832376 val_accuracy=0.548935 seconds=132.1 checkpoint=- ebops_trace_seconds=0.01 ebops_trace_over_epoch=0.001 loss=1.373984 host_rss_mb=2421
[epoch 60/7000] EBOPs=579184 target=350000 above_floor=407658 feasible=0 degenerate=0 beta=2.95e-07 val_AUC=0.789249 val_accuracy=0.505661 seconds=228.7 checkpoint=- ebops_trace_seconds=113.27 ebops_trace_over_epoch=0.496 loss=1.377871 host_rss_mb=2422
[epoch 61/7000] EBOPs=untraced in_training_ebops=609564 target=350000 beta=2.76e-07 val_AUC=0.835174 val_accuracy=0.565952 seconds=130.7 checkpoint=- ebops_trace_seconds=0.01 ebops_trace_over_epoch=0.001 loss=1.372431 host_rss_mb=2415
[epoch 62/7000] EBOPs=untraced in_training_ebops=623963 target=350000 beta=2.99e-07 val_AUC=0.825294 val_accuracy=0.548177 seconds=131.4 checkpoint=- ebops_trace_seconds=0.01 ebops_trace_over_epoch=0.001 loss=1.367249 host_rss_mb=2417
[epoch 63/7000] EBOPs=untraced in_training_ebops=628137 target=350000 beta=3.15e-07 val_AUC=0.822239 val_accuracy=0.512097 seconds=122.1 checkpoint=- ebops_trace_seconds=0.01 ebops_trace_over_epoch=0.001 loss=1.417377 host_rss_mb=2418
[epoch 64/7000] EBOPs=untraced in_training_ebops=622472 target=350000 beta=3.26e-07 val_AUC=0.801508 val_accuracy=0.488258 seconds=125.1 checkpoint=- ebops_trace_seconds=0.01 ebops_trace_over_epoch=0.001 loss=1.386650 host_rss_mb=2418
[epoch 65/7000] EBOPs=untraced in_training_ebops=608580 target=350000 beta=3.33e-07 val_AUC=0.846502 val_accuracy=0.574048 seconds=129.8 checkpoint=- ebops_trace_seconds=0.01 ebops_trace_over_epoch=0.001 loss=1.380214 host_rss_mb=2418
[epoch 66/7000] EBOPs=untraced in_training_ebops=603461 target=350000 beta=3.34e-07 val_AUC=0.814202 val_accuracy=0.489355 seconds=131.3 checkpoint=- ebops_trace_seconds=0.01 ebops_trace_over_epoch=0.001 loss=1.376135 host_rss_mb=2418
[epoch 67/7000] EBOPs=untraced in_training_ebops=607547 target=350000 beta=3.41e-07 val_AUC=0.830979 val_accuracy=0.542581 seconds=131.6 checkpoint=- ebops_trace_seconds=0.01 ebops_trace_over_epoch=0.001 loss=1.404411 host_rss_mb=2418
[epoch 68/7000] EBOPs=untraced in_training_ebops=609585 target=350000 beta=3.53e-07 val_AUC=0.830935 val_accuracy=0.522565 seconds=130.2 checkpoint=- ebops_trace_seconds=0.01 ebops_trace_over_epoch=0.001 loss=1.404026 host_rss_mb=2418
[epoch 69/7000] EBOPs=untraced in_training_ebops=599224 target=350000 beta=3.64e-07 val_AUC=0.825355 val_accuracy=0.532500 seconds=132.2 checkpoint=- ebops_trace_seconds=0.01 ebops_trace_over_epoch=0.001 loss=1.402952 host_rss_mb=2418
[epoch 70/7000] EBOPs=552095 target=350000 above_floor=380569 feasible=0 degenerate=0 beta=3.67e-07 val_AUC=0.818798 val_accuracy=0.521839 seconds=216.6 checkpoint=- ebops_trace_seconds=100.16 ebops_trace_over_epoch=0.463 loss=1.412858 host_rss_mb=2418
[epoch 71/7000] EBOPs=untraced in_training_ebops=595619 target=350000 beta=3.46e-07 val_AUC=0.840555 val_accuracy=0.540097 seconds=131.6 checkpoint=- ebops_trace_seconds=0.01 ebops_trace_over_epoch=0.001 loss=1.393005 host_rss_mb=2419
