==== ARM_ATTEMPT 0 2026-09-28T23:26:34Z
RUN_STAGE pilot-b
[train] chang0926-a07-350-n64-s1 params=61951 resume_epoch=0 initial_ebops=16832899
wandb: [wandb.login()] Loaded credentials for https://api.wandb.ai from WANDB_API_KEY.
wandb: setting up run 2b483f74139a
wandb: Syncing run chang0926-a07-350-n64-s1
wandb: 🚀 View run at https://wandb.ai/kayamaguchi-uc-san-diego/BNJetTag-ChangRecipe/runs/2b483f74139a
[epoch 1/7000] EBOPs=17136111 target=350000 above_floor=16793058 feasible=0 degenerate=0 beta=1e-07 val_AUC=0.859625 val_accuracy=0.589048 seconds=206.9 checkpoint=- ebops_trace_seconds=87.21 ebops_trace_over_epoch=0.422 loss=3.241156 host_rss_mb=2425
[epoch 2/7000] EBOPs=untraced in_training_ebops=18244317 target=350000 beta=1e-07 val_AUC=0.898140 val_accuracy=0.663306 seconds=116.7 checkpoint=- ebops_trace_seconds=0.01 ebops_trace_over_epoch=0.001 loss=2.750328 host_rss_mb=2445
[epoch 3/7000] EBOPs=untraced in_training_ebops=14604333 target=350000 beta=1.3e-07 val_AUC=0.888491 val_accuracy=0.644694 seconds=124.8 checkpoint=- ebops_trace_seconds=0.00 ebops_trace_over_epoch=0.000 loss=3.051850 host_rss_mb=2460
[epoch 4/7000] EBOPs=untraced in_training_ebops=14232545 target=350000 beta=1.25e-07 val_AUC=0.904031 val_accuracy=0.672710 seconds=122.5 checkpoint=- ebops_trace_seconds=0.00 ebops_trace_over_epoch=0.001 loss=2.739141 host_rss_mb=2469
[epoch 5/7000] EBOPs=untraced in_training_ebops=11848509 target=350000 beta=1.47e-07 val_AUC=0.895063 val_accuracy=0.668661 seconds=125.4 checkpoint=- ebops_trace_seconds=0.00 ebops_trace_over_epoch=0.001 loss=2.703708 host_rss_mb=2476
[epoch 6/7000] EBOPs=untraced in_training_ebops=9167290 target=350000 beta=1.46e-07 val_AUC=0.899624 val_accuracy=0.672387 seconds=123.2 checkpoint=- ebops_trace_seconds=0.00 ebops_trace_over_epoch=0.000 loss=2.518202 host_rss_mb=2460
[epoch 7/7000] EBOPs=untraced in_training_ebops=8806909 target=350000 beta=1.33e-07 val_AUC=0.903261 val_accuracy=0.678081 seconds=105.5 checkpoint=- ebops_trace_seconds=0.00 ebops_trace_over_epoch=0.001 loss=2.112454 host_rss_mb=2467
[epoch 8/7000] EBOPs=untraced in_training_ebops=7413737 target=350000 beta=1.5e-07 val_AUC=0.893294 val_accuracy=0.658306 seconds=121.0 checkpoint=- ebops_trace_seconds=0.00 ebops_trace_over_epoch=0.001 loss=2.166638 host_rss_mb=2469
[epoch 9/7000] EBOPs=untraced in_training_ebops=6845353 target=350000 beta=1.47e-07 val_AUC=0.890318 val_accuracy=0.644581 seconds=123.5 checkpoint=- ebops_trace_seconds=0.00 ebops_trace_over_epoch=0.001 loss=1.997480 host_rss_mb=2469
[epoch 10/7000] EBOPs=5632759 target=350000 above_floor=5289706 feasible=0 degenerate=0 beta=1.57e-07 val_AUC=0.883612 val_accuracy=0.637565 seconds=227.3 checkpoint=- ebops_trace_seconds=102.54 ebops_trace_over_epoch=0.451 loss=1.966919 host_rss_mb=2470
[epoch 11/7000] EBOPs=untraced in_training_ebops=5642046 target=350000 beta=1.49e-07 val_AUC=0.883516 val_accuracy=0.632758 seconds=118.1 checkpoint=- ebops_trace_seconds=0.00 ebops_trace_over_epoch=0.001 loss=1.800754 host_rss_mb=2473
[epoch 12/7000] EBOPs=untraced in_training_ebops=5095779 target=350000 beta=1.71e-07 val_AUC=0.876116 val_accuracy=0.607742 seconds=124.2 checkpoint=- ebops_trace_seconds=0.00 ebops_trace_over_epoch=0.001 loss=1.874285 host_rss_mb=2473
[epoch 13/7000] EBOPs=untraced in_training_ebops=4346171 target=350000 beta=1.77e-07 val_AUC=0.879620 val_accuracy=0.620452 seconds=102.0 checkpoint=- ebops_trace_seconds=0.00 ebops_trace_over_epoch=0.001 loss=1.855597 host_rss_mb=2474
[epoch 14/7000] EBOPs=untraced in_training_ebops=3838071 target=350000 beta=1.71e-07 val_AUC=0.881638 val_accuracy=0.630500 seconds=124.3 checkpoint=- ebops_trace_seconds=0.00 ebops_trace_over_epoch=0.000 loss=1.693389 host_rss_mb=2479
[epoch 15/7000] EBOPs=untraced in_training_ebops=3338633 target=350000 beta=1.7e-07 val_AUC=0.873548 val_accuracy=0.611097 seconds=122.9 checkpoint=- ebops_trace_seconds=0.00 ebops_trace_over_epoch=0.001 loss=1.594761 host_rss_mb=2482
[epoch 16/7000] EBOPs=untraced in_training_ebops=3062021 target=350000 beta=1.66e-07 val_AUC=0.853283 val_accuracy=0.585339 seconds=119.8 checkpoint=- ebops_trace_seconds=0.00 ebops_trace_over_epoch=0.001 loss=1.546612 host_rss_mb=2482
[epoch 17/7000] EBOPs=untraced in_training_ebops=2836696 target=350000 beta=1.7e-07 val_AUC=0.868641 val_accuracy=0.607742 seconds=124.6 checkpoint=- ebops_trace_seconds=0.00 ebops_trace_over_epoch=0.001 loss=1.543709 host_rss_mb=2482
[epoch 18/7000] EBOPs=untraced in_training_ebops=2488710 target=350000 beta=1.74e-07 val_AUC=0.862805 val_accuracy=0.601500 seconds=122.9 checkpoint=- ebops_trace_seconds=0.00 ebops_trace_over_epoch=0.001 loss=1.493994 host_rss_mb=2482
[epoch 19/7000] EBOPs=untraced in_training_ebops=2224431 target=350000 beta=1.69e-07 val_AUC=0.873052 val_accuracy=0.616581 seconds=123.3 checkpoint=- ebops_trace_seconds=0.00 ebops_trace_over_epoch=0.001 loss=1.413185 host_rss_mb=2482
[epoch 20/7000] EBOPs=2460562 target=350000 above_floor=2117509 feasible=0 degenerate=0 beta=1.65e-07 val_AUC=0.870451 val_accuracy=0.607516 seconds=203.3 checkpoint=- ebops_trace_seconds=100.85 ebops_trace_over_epoch=0.496 loss=1.362616 host_rss_mb=2482
[epoch 21/7000] EBOPs=untraced in_training_ebops=2237728 target=350000 beta=2.02e-07 val_AUC=0.859156 val_accuracy=0.594323 seconds=119.5 checkpoint=- ebops_trace_seconds=0.00 ebops_trace_over_epoch=0.001 loss=1.505055 host_rss_mb=2483
[epoch 22/7000] EBOPs=untraced in_training_ebops=1932948 target=350000 beta=2.01e-07 val_AUC=0.861576 val_accuracy=0.602952 seconds=122.1 checkpoint=- ebops_trace_seconds=0.00 ebops_trace_over_epoch=0.001 loss=1.459253 host_rss_mb=2483
[epoch 23/7000] EBOPs=untraced in_training_ebops=1640718 target=350000 beta=1.89e-07 val_AUC=0.868572 val_accuracy=0.611597 seconds=121.7 checkpoint=- ebops_trace_seconds=0.00 ebops_trace_over_epoch=0.001 loss=1.373836 host_rss_mb=2483
[epoch 24/7000] EBOPs=untraced in_training_ebops=1551455 target=350000 beta=1.74e-07 val_AUC=0.863796 val_accuracy=0.599839 seconds=124.1 checkpoint=- ebops_trace_seconds=0.00 ebops_trace_over_epoch=0.000 loss=1.329183 host_rss_mb=2483
[epoch 25/7000] EBOPs=untraced in_training_ebops=1561087 target=350000 beta=1.77e-07 val_AUC=0.839751 val_accuracy=0.550935 seconds=117.9 checkpoint=epoch-0025 ebops_trace_seconds=0.00 ebops_trace_over_epoch=0.001 loss=1.335236 host_rss_mb=2475
[epoch 26/7000] EBOPs=untraced in_training_ebops=1299936 target=350000 beta=1.92e-07 val_AUC=0.867918 val_accuracy=0.615097 seconds=107.8 checkpoint=- ebops_trace_seconds=0.00 ebops_trace_over_epoch=0.001 loss=1.321446 host_rss_mb=2476
[epoch 27/7000] EBOPs=untraced in_training_ebops=1182135 target=350000 beta=1.71e-07 val_AUC=0.863629 val_accuracy=0.600726 seconds=122.9 checkpoint=- ebops_trace_seconds=0.00 ebops_trace_over_epoch=0.001 loss=1.260363 host_rss_mb=2484
==== ARM_ATTEMPT 0 2026-09-29T00:54:33Z
RUN_STAGE pilot-b
[train] chang0926-a07-350-n64-s1 params=61951 resume_epoch=25 initial_ebops=16832899
wandb: [wandb.login()] Loaded credentials for https://api.wandb.ai from WANDB_API_KEY.
wandb: Resuming run chang0926-a07-350-n64-s1
wandb: 🚀 View run at https://wandb.ai/kayamaguchi-uc-san-diego/BNJetTag-ChangRecipe/runs/2b483f74139a
[epoch 26/7000] EBOPs=untraced in_training_ebops=1299936 target=350000 beta=1.92e-07 val_AUC=0.867919 val_accuracy=0.615113 seconds=96.0 checkpoint=- ebops_trace_seconds=0.00 ebops_trace_over_epoch=0.001 loss=1.321447 host_rss_mb=2286
wandb: WARNING Tried to log to step 26 that is less than the current step 27. Steps must be monotonically increasing, so this data will be ignored. See https://wandb.me/define-metric to log data out of order.
[epoch 27/7000] EBOPs=untraced in_training_ebops=1182368 target=350000 beta=1.71e-07 val_AUC=0.849328 val_accuracy=0.560484 seconds=109.8 checkpoint=- ebops_trace_seconds=0.00 ebops_trace_over_epoch=0.001 loss=1.262586 host_rss_mb=2306
[epoch 28/7000] EBOPs=untraced in_training_ebops=1066617 target=350000 beta=1.65e-07 val_AUC=0.849563 val_accuracy=0.565403 seconds=125.2 checkpoint=- ebops_trace_seconds=0.01 ebops_trace_over_epoch=0.001 loss=1.237226 host_rss_mb=2314
[epoch 29/7000] EBOPs=untraced in_training_ebops=1048073 target=350000 beta=1.57e-07 val_AUC=0.839838 val_accuracy=0.546258 seconds=116.7 checkpoint=- ebops_trace_seconds=0.00 ebops_trace_over_epoch=0.001 loss=1.226441 host_rss_mb=2321
[epoch 30/7000] EBOPs=1124832 target=350000 above_floor=781779 feasible=0 degenerate=0 beta=1.63e-07 val_AUC=0.858542 val_accuracy=0.591339 seconds=217.3 checkpoint=- ebops_trace_seconds=104.49 ebops_trace_over_epoch=0.481 loss=1.244905 host_rss_mb=2344
[epoch 31/7000] EBOPs=untraced in_training_ebops=1132053 target=350000 beta=1.86e-07 val_AUC=0.848633 val_accuracy=0.579532 seconds=112.8 checkpoint=- ebops_trace_seconds=0.00 ebops_trace_over_epoch=0.001 loss=1.288210 host_rss_mb=2350
[epoch 32/7000] EBOPs=untraced in_training_ebops=1058073 target=350000 beta=1.98e-07 val_AUC=0.853709 val_accuracy=0.555306 seconds=124.7 checkpoint=- ebops_trace_seconds=0.00 ebops_trace_over_epoch=0.000 loss=1.312616 host_rss_mb=2355
[epoch 33/7000] EBOPs=untraced in_training_ebops=998704 target=350000 beta=1.96e-07 val_AUC=0.843426 val_accuracy=0.573226 seconds=125.1 checkpoint=- ebops_trace_seconds=0.00 ebops_trace_over_epoch=0.001 loss=1.301564 host_rss_mb=2359
[epoch 34/7000] EBOPs=untraced in_training_ebops=979209 target=350000 beta=1.95e-07 val_AUC=0.841056 val_accuracy=0.538048 seconds=123.5 checkpoint=- ebops_trace_seconds=0.00 ebops_trace_over_epoch=0.000 loss=1.284387 host_rss_mb=2344
[epoch 35/7000] EBOPs=untraced in_training_ebops=969499 target=350000 beta=2.01e-07 val_AUC=0.840577 val_accuracy=0.539677 seconds=111.1 checkpoint=- ebops_trace_seconds=0.00 ebops_trace_over_epoch=0.001 loss=1.296888 host_rss_mb=2351
[epoch 36/7000] EBOPs=untraced in_training_ebops=941881 target=350000 beta=2.1e-07 val_AUC=0.852328 val_accuracy=0.577548 seconds=118.9 checkpoint=- ebops_trace_seconds=0.00 ebops_trace_over_epoch=0.000 loss=1.322914 host_rss_mb=2352
[epoch 37/7000] EBOPs=untraced in_training_ebops=933469 target=350000 beta=2.14e-07 val_AUC=0.841203 val_accuracy=0.551323 seconds=125.6 checkpoint=- ebops_trace_seconds=0.00 ebops_trace_over_epoch=0.001 loss=1.333618 host_rss_mb=2353
[epoch 38/7000] EBOPs=untraced in_training_ebops=933854 target=350000 beta=2.23e-07 val_AUC=0.838053 val_accuracy=0.525452 seconds=123.2 checkpoint=- ebops_trace_seconds=0.00 ebops_trace_over_epoch=0.001 loss=1.320443 host_rss_mb=2355
[epoch 39/7000] EBOPs=untraced in_training_ebops=918197 target=350000 beta=2.34e-07 val_AUC=0.841666 val_accuracy=0.558419 seconds=123.7 checkpoint=- ebops_trace_seconds=0.00 ebops_trace_over_epoch=0.000 loss=1.343025 host_rss_mb=2358
[epoch 40/7000] EBOPs=851329 target=350000 above_floor=508276 feasible=0 degenerate=0 beta=2.41e-07 val_AUC=0.842638 val_accuracy=0.561661 seconds=229.1 checkpoint=- ebops_trace_seconds=104.20 ebops_trace_over_epoch=0.455 loss=1.357056 host_rss_mb=2360
[epoch 41/7000] EBOPs=untraced in_training_ebops=899244 target=350000 beta=2.34e-07 val_AUC=0.844722 val_accuracy=0.568581 seconds=91.5 checkpoint=- ebops_trace_seconds=0.00 ebops_trace_over_epoch=0.001 loss=1.355029 host_rss_mb=2361
[epoch 42/7000] EBOPs=untraced in_training_ebops=896281 target=350000 beta=2.59e-07 val_AUC=0.835779 val_accuracy=0.540629 seconds=121.1 checkpoint=- ebops_trace_seconds=0.00 ebops_trace_over_epoch=0.001 loss=1.382940 host_rss_mb=2361
[epoch 43/7000] EBOPs=untraced in_training_ebops=893637 target=350000 beta=2.71e-07 val_AUC=0.846643 val_accuracy=0.571839 seconds=123.6 checkpoint=- ebops_trace_seconds=0.00 ebops_trace_over_epoch=0.001 loss=1.386721 host_rss_mb=2363
[epoch 44/7000] EBOPs=untraced in_training_ebops=880808 target=350000 beta=2.83e-07 val_AUC=0.841017 val_accuracy=0.544081 seconds=122.9 checkpoint=- ebops_trace_seconds=0.00 ebops_trace_over_epoch=0.001 loss=1.406242 host_rss_mb=2363
[epoch 45/7000] EBOPs=untraced in_training_ebops=878664 target=350000 beta=2.92e-07 val_AUC=0.848015 val_accuracy=0.588790 seconds=123.3 checkpoint=- ebops_trace_seconds=0.00 ebops_trace_over_epoch=0.001 loss=1.392950 host_rss_mb=2364
[epoch 46/7000] EBOPs=untraced in_training_ebops=874585 target=350000 beta=3.05e-07 val_AUC=0.830008 val_accuracy=0.499274 seconds=124.5 checkpoint=- ebops_trace_seconds=0.00 ebops_trace_over_epoch=0.001 loss=1.404469 host_rss_mb=2364
[epoch 47/7000] EBOPs=untraced in_training_ebops=878659 target=350000 beta=3.18e-07 val_AUC=0.836727 val_accuracy=0.539194 seconds=124.9 checkpoint=- ebops_trace_seconds=0.00 ebops_trace_over_epoch=0.001 loss=1.428894 host_rss_mb=2364
[epoch 48/7000] EBOPs=untraced in_training_ebops=880778 target=350000 beta=3.34e-07 val_AUC=0.830468 val_accuracy=0.523871 seconds=105.1 checkpoint=- ebops_trace_seconds=0.00 ebops_trace_over_epoch=0.001 loss=1.448550 host_rss_mb=2364
[epoch 49/7000] EBOPs=untraced in_training_ebops=872305 target=350000 beta=3.51e-07 val_AUC=0.828943 val_accuracy=0.511629 seconds=122.6 checkpoint=- ebops_trace_seconds=0.00 ebops_trace_over_epoch=0.001 loss=1.457732 host_rss_mb=2364
[epoch 50/7000] EBOPs=812089 target=350000 above_floor=469036 feasible=0 degenerate=0 beta=3.64e-07 val_AUC=0.833573 val_accuracy=0.554790 seconds=227.8 checkpoint=epoch-0050 ebops_trace_seconds=104.76 ebops_trace_over_epoch=0.460 loss=1.470929 host_rss_mb=2368
[epoch 51/7000] EBOPs=untraced in_training_ebops=853771 target=350000 beta=3.53e-07 val_AUC=0.847400 val_accuracy=0.568274 seconds=113.4 checkpoint=- ebops_trace_seconds=0.00 ebops_trace_over_epoch=0.001 loss=1.455437 host_rss_mb=2368
[epoch 52/7000] EBOPs=untraced in_training_ebops=853676 target=350000 beta=3.88e-07 val_AUC=0.842324 val_accuracy=0.571677 seconds=123.3 checkpoint=- ebops_trace_seconds=0.00 ebops_trace_over_epoch=0.001 loss=1.483461 host_rss_mb=2371
[epoch 53/7000] EBOPs=untraced in_training_ebops=845728 target=350000 beta=4.06e-07 val_AUC=0.846118 val_accuracy=0.573516 seconds=124.9 checkpoint=- ebops_trace_seconds=0.00 ebops_trace_over_epoch=0.001 loss=1.495767 host_rss_mb=2371
[epoch 54/7000] EBOPs=untraced in_training_ebops=841538 target=350000 beta=4.2e-07 val_AUC=0.828151 val_accuracy=0.543500 seconds=105.7 checkpoint=- ebops_trace_seconds=0.00 ebops_trace_over_epoch=0.001 loss=1.521012 host_rss_mb=2364
[epoch 55/7000] EBOPs=untraced in_training_ebops=833499 target=350000 beta=4.37e-07 val_AUC=0.804334 val_accuracy=0.525032 seconds=125.0 checkpoint=- ebops_trace_seconds=0.00 ebops_trace_over_epoch=0.001 loss=1.547357 host_rss_mb=2367
[epoch 56/7000] EBOPs=untraced in_training_ebops=831141 target=350000 beta=4.52e-07 val_AUC=0.838886 val_accuracy=0.568113 seconds=124.2 checkpoint=- ebops_trace_seconds=0.00 ebops_trace_over_epoch=0.001 loss=1.567043 host_rss_mb=2368
[epoch 57/7000] EBOPs=untraced in_training_ebops=816716 target=350000 beta=4.71e-07 val_AUC=0.819680 val_accuracy=0.530387 seconds=121.8 checkpoint=- ebops_trace_seconds=0.00 ebops_trace_over_epoch=0.001 loss=1.554781 host_rss_mb=2369
[epoch 58/7000] EBOPs=untraced in_training_ebops=808544 target=350000 beta=4.82e-07 val_AUC=0.823072 val_accuracy=0.527516 seconds=125.1 checkpoint=- ebops_trace_seconds=0.00 ebops_trace_over_epoch=0.001 loss=1.585735 host_rss_mb=2370
[epoch 59/7000] EBOPs=untraced in_training_ebops=814695 target=350000 beta=4.98e-07 val_AUC=0.810227 val_accuracy=0.526145 seconds=123.7 checkpoint=- ebops_trace_seconds=0.00 ebops_trace_over_epoch=0.001 loss=1.585909 host_rss_mb=2370
[epoch 60/7000] EBOPs=766537 target=350000 above_floor=423484 feasible=0 degenerate=0 beta=5.23e-07 val_AUC=0.805067 val_accuracy=0.461823 seconds=216.8 checkpoint=- ebops_trace_seconds=93.70 ebops_trace_over_epoch=0.433 loss=1.629969 host_rss_mb=2370
[epoch 61/7000] EBOPs=untraced in_training_ebops=795912 target=350000 beta=5.12e-07 val_AUC=0.821834 val_accuracy=0.529290 seconds=115.9 checkpoint=- ebops_trace_seconds=0.00 ebops_trace_over_epoch=0.001 loss=1.618241 host_rss_mb=2370
[epoch 62/7000] EBOPs=untraced in_training_ebops=785880 target=350000 beta=5.54e-07 val_AUC=0.793163 val_accuracy=0.471935 seconds=125.7 checkpoint=- ebops_trace_seconds=0.00 ebops_trace_over_epoch=0.001 loss=1.668024 host_rss_mb=2371
[epoch 63/7000] EBOPs=untraced in_training_ebops=792093 target=350000 beta=5.7e-07 val_AUC=0.839590 val_accuracy=0.549468 seconds=123.3 checkpoint=- ebops_trace_seconds=0.00 ebops_trace_over_epoch=0.001 loss=1.678899 host_rss_mb=2371
[epoch 64/7000] EBOPs=untraced in_training_ebops=781847 target=350000 beta=5.98e-07 val_AUC=0.825674 val_accuracy=0.539129 seconds=123.4 checkpoint=- ebops_trace_seconds=0.00 ebops_trace_over_epoch=0.001 loss=1.681907 host_rss_mb=2371
[epoch 65/7000] EBOPs=untraced in_training_ebops=794150 target=350000 beta=6.15e-07 val_AUC=0.805799 val_accuracy=0.520597 seconds=125.5 checkpoint=- ebops_trace_seconds=0.00 ebops_trace_over_epoch=0.001 loss=1.727108 host_rss_mb=2374
[epoch 66/7000] EBOPs=untraced in_training_ebops=785908 target=350000 beta=6.5e-07 val_AUC=0.815762 val_accuracy=0.483097 seconds=118.3 checkpoint=- ebops_trace_seconds=0.00 ebops_trace_over_epoch=0.001 loss=1.724756 host_rss_mb=2374
[epoch 67/7000] EBOPs=untraced in_training_ebops=779830 target=350000 beta=6.7e-07 val_AUC=0.816125 val_accuracy=0.529355 seconds=112.4 checkpoint=- ebops_trace_seconds=0.00 ebops_trace_over_epoch=0.001 loss=1.736088 host_rss_mb=2374
[epoch 68/7000] EBOPs=untraced in_training_ebops=777789 target=350000 beta=6.92e-07 val_AUC=0.820548 val_accuracy=0.518097 seconds=123.7 checkpoint=- ebops_trace_seconds=0.00 ebops_trace_over_epoch=0.001 loss=1.753301 host_rss_mb=2374
[epoch 69/7000] EBOPs=untraced in_training_ebops=761297 target=350000 beta=7.18e-07 val_AUC=0.817792 val_accuracy=0.535871 seconds=123.7 checkpoint=- ebops_trace_seconds=0.00 ebops_trace_over_epoch=0.000 loss=1.779570 host_rss_mb=2374
[epoch 70/7000] EBOPs=727681 target=350000 above_floor=384628 feasible=0 degenerate=0 beta=7.31e-07 val_AUC=0.798480 val_accuracy=0.495339 seconds=224.3 checkpoint=- ebops_trace_seconds=99.37 ebops_trace_over_epoch=0.443 loss=1.792819 host_rss_mb=2374
[epoch 71/7000] EBOPs=untraced in_training_ebops=763167 target=350000 beta=7.25e-07 val_AUC=0.801250 val_accuracy=0.416774 seconds=114.8 checkpoint=- ebops_trace_seconds=0.01 ebops_trace_over_epoch=0.001 loss=1.785541 host_rss_mb=2374
[epoch 72/7000] EBOPs=untraced in_training_ebops=763456 target=350000 beta=7.9e-07 val_AUC=0.814002 val_accuracy=0.506903 seconds=114.2 checkpoint=- ebops_trace_seconds=0.00 ebops_trace_over_epoch=0.001 loss=1.839332 host_rss_mb=2374
[epoch 73/7000] EBOPs=untraced in_training_ebops=761573 target=350000 beta=8.22e-07 val_AUC=0.821138 val_accuracy=0.496355 seconds=115.4 checkpoint=- ebops_trace_seconds=0.00 ebops_trace_over_epoch=0.001 loss=1.871785 host_rss_mb=2361
[epoch 74/7000] EBOPs=untraced in_training_ebops=771692 target=350000 beta=8.53e-07 val_AUC=0.770920 val_accuracy=0.410016 seconds=125.4 checkpoint=- ebops_trace_seconds=0.00 ebops_trace_over_epoch=0.001 loss=1.887034 host_rss_mb=2370
[epoch 75/7000] EBOPs=untraced in_training_ebops=771488 target=350000 beta=8.99e-07 val_AUC=0.789630 val_accuracy=0.489387 seconds=123.8 checkpoint=epoch-0075 ebops_trace_seconds=0.00 ebops_trace_over_epoch=0.001 loss=1.939686 host_rss_mb=2372
[epoch 76/7000] EBOPs=untraced in_training_ebops=765558 target=350000 beta=9.35e-07 val_AUC=0.794044 val_accuracy=0.486984 seconds=121.3 checkpoint=- ebops_trace_seconds=0.00 ebops_trace_over_epoch=0.001 loss=1.992047 host_rss_mb=2373
[epoch 77/7000] EBOPs=untraced in_training_ebops=763266 target=350000 beta=9.65e-07 val_AUC=0.774435 val_accuracy=0.453468 seconds=124.7 checkpoint=- ebops_trace_seconds=0.00 ebops_trace_over_epoch=0.001 loss=1.988066 host_rss_mb=2374
[epoch 78/7000] EBOPs=untraced in_training_ebops=750912 target=350000 beta=1e-06 val_AUC=0.791851 val_accuracy=0.491145 seconds=123.0 checkpoint=- ebops_trace_seconds=0.00 ebops_trace_over_epoch=0.000 loss=2.024252 host_rss_mb=2374
[epoch 79/7000] EBOPs=untraced in_training_ebops=755062 target=350000 beta=1.02e-06 val_AUC=0.805062 val_accuracy=0.506645 seconds=109.1 checkpoint=- ebops_trace_seconds=0.01 ebops_trace_over_epoch=0.001 loss=2.002293 host_rss_mb=2374
[epoch 80/7000] EBOPs=853810 target=350000 above_floor=510757 feasible=0 degenerate=0 beta=1.07e-06 val_AUC=0.798431 val_accuracy=0.458629 seconds=222.1 checkpoint=- ebops_trace_seconds=102.41 ebops_trace_over_epoch=0.461 loss=2.050910 host_rss_mb=2374
[epoch 81/7000] EBOPs=untraced in_training_ebops=781356 target=350000 beta=1.26e-06 val_AUC=0.812613 val_accuracy=0.532339 seconds=113.8 checkpoint=- ebops_trace_seconds=0.00 ebops_trace_over_epoch=0.001 loss=2.226969 host_rss_mb=2374
[epoch 82/7000] EBOPs=untraced in_training_ebops=765591 target=350000 beta=1.2e-06 val_AUC=0.798338 val_accuracy=0.487855 seconds=124.2 checkpoint=- ebops_trace_seconds=0.00 ebops_trace_over_epoch=0.001 loss=2.170087 host_rss_mb=2374
[epoch 83/7000] EBOPs=untraced in_training_ebops=768310 target=350000 beta=1.23e-06 val_AUC=0.812515 val_accuracy=0.535629 seconds=123.5 checkpoint=- ebops_trace_seconds=0.00 ebops_trace_over_epoch=0.001 loss=2.190025 host_rss_mb=2374
[epoch 84/7000] EBOPs=untraced in_training_ebops=765354 target=350000 beta=1.28e-06 val_AUC=0.829895 val_accuracy=0.530016 seconds=124.5 checkpoint=- ebops_trace_seconds=0.00 ebops_trace_over_epoch=0.001 loss=2.222431 host_rss_mb=2374
