==== ARM_ATTEMPT 0 2026-09-28T23:26:49Z
RUN_STAGE pilot-b
[train] chang0926-c-n64-s1 params=61951 resume_epoch=0 initial_ebops=16832899
wandb: [wandb.login()] Loaded credentials for https://api.wandb.ai from WANDB_API_KEY.
wandb: setting up run d5ba2fb6f134
wandb: Syncing run chang0926-c-n64-s1
wandb: 🚀 View run at https://wandb.ai/kayamaguchi-uc-san-diego/BNJetTag-ChangRecipe/runs/d5ba2fb6f134
[epoch 1/7000] EBOPs=17747814 target=5000000 above_floor=17404761 feasible=0 degenerate=0 beta=1e-07 val_AUC=0.859007 val_accuracy=0.577258 seconds=211.5 checkpoint=- ebops_trace_seconds=84.40 ebops_trace_over_epoch=0.399 loss=3.220497 host_rss_mb=2424
[epoch 2/7000] EBOPs=untraced in_training_ebops=19026929 target=5000000 beta=1e-07 val_AUC=0.884539 val_accuracy=0.625532 seconds=121.8 checkpoint=- ebops_trace_seconds=0.00 ebops_trace_over_epoch=0.000 loss=2.871681 host_rss_mb=2444
[epoch 3/7000] EBOPs=untraced in_training_ebops=15199788 target=5000000 beta=1.15e-07 val_AUC=0.891462 val_accuracy=0.654500 seconds=124.0 checkpoint=- ebops_trace_seconds=0.00 ebops_trace_over_epoch=0.000 loss=2.905354 host_rss_mb=2454
[epoch 4/7000] EBOPs=untraced in_training_ebops=15251228 target=5000000 beta=9.68e-08 val_AUC=0.897709 val_accuracy=0.664742 seconds=125.3 checkpoint=- ebops_trace_seconds=0.00 ebops_trace_over_epoch=0.000 loss=2.388481 host_rss_mb=2463
[epoch 5/7000] EBOPs=untraced in_training_ebops=11845169 target=5000000 beta=1.03e-07 val_AUC=0.858110 val_accuracy=0.580210 seconds=123.4 checkpoint=- ebops_trace_seconds=0.00 ebops_trace_over_epoch=0.001 loss=2.268658 host_rss_mb=2469
[epoch 6/7000] EBOPs=untraced in_training_ebops=11280553 target=5000000 beta=8.33e-08 val_AUC=0.894602 val_accuracy=0.664806 seconds=125.0 checkpoint=- ebops_trace_seconds=0.01 ebops_trace_over_epoch=0.001 loss=1.910782 host_rss_mb=2462
[epoch 7/7000] EBOPs=untraced in_training_ebops=9295777 target=5000000 beta=8.26e-08 val_AUC=0.902805 val_accuracy=0.687758 seconds=102.1 checkpoint=- ebops_trace_seconds=0.00 ebops_trace_over_epoch=0.001 loss=1.820913 host_rss_mb=2465
[epoch 8/7000] EBOPs=untraced in_training_ebops=9207032 target=5000000 beta=7.02e-08 val_AUC=0.899517 val_accuracy=0.677935 seconds=125.4 checkpoint=- ebops_trace_seconds=0.00 ebops_trace_over_epoch=0.001 loss=1.590691 host_rss_mb=2469
[epoch 9/7000] EBOPs=untraced in_training_ebops=8767817 target=5000000 beta=7.17e-08 val_AUC=0.896733 val_accuracy=0.670435 seconds=122.2 checkpoint=- ebops_trace_seconds=0.00 ebops_trace_over_epoch=0.001 loss=1.592834 host_rss_mb=2469
[epoch 10/7000] EBOPs=7036361 target=5000000 above_floor=6693308 feasible=0 degenerate=0 beta=7.02e-08 val_AUC=0.898351 val_accuracy=0.666548 seconds=221.0 checkpoint=- ebops_trace_seconds=101.99 ebops_trace_over_epoch=0.462 loss=1.526626 host_rss_mb=2470
[epoch 11/7000] EBOPs=untraced in_training_ebops=7399536 target=5000000 beta=5.73e-08 val_AUC=0.890598 val_accuracy=0.651210 seconds=124.9 checkpoint=- ebops_trace_seconds=0.00 ebops_trace_over_epoch=0.001 loss=1.333885 host_rss_mb=2470
[epoch 12/7000] EBOPs=untraced in_training_ebops=7107273 target=5000000 beta=6.15e-08 val_AUC=0.889107 val_accuracy=0.649565 seconds=116.4 checkpoint=- ebops_trace_seconds=0.00 ebops_trace_over_epoch=0.001 loss=1.370025 host_rss_mb=2472
[epoch 13/7000] EBOPs=untraced in_training_ebops=6339682 target=5000000 beta=6.01e-08 val_AUC=0.886706 val_accuracy=0.635226 seconds=110.4 checkpoint=- ebops_trace_seconds=0.00 ebops_trace_over_epoch=0.001 loss=1.323673 host_rss_mb=2474
[epoch 14/7000] EBOPs=untraced in_training_ebops=6413598 target=5000000 beta=5.42e-08 val_AUC=0.881632 val_accuracy=0.637968 seconds=123.3 checkpoint=- ebops_trace_seconds=0.00 ebops_trace_over_epoch=0.001 loss=1.255779 host_rss_mb=2474
[epoch 15/7000] EBOPs=untraced in_training_ebops=5882502 target=5000000 beta=5.56e-08 val_AUC=0.889077 val_accuracy=0.655387 seconds=124.0 checkpoint=- ebops_trace_seconds=0.00 ebops_trace_over_epoch=0.001 loss=1.258633 host_rss_mb=2475
[epoch 16/7000] EBOPs=untraced in_training_ebops=5814980 target=5000000 beta=5.14e-08 val_AUC=0.896997 val_accuracy=0.673774 seconds=123.6 checkpoint=- ebops_trace_seconds=0.00 ebops_trace_over_epoch=0.001 loss=1.227647 host_rss_mb=2475
[epoch 17/7000] EBOPs=untraced in_training_ebops=5658210 target=5000000 beta=5.12e-08 val_AUC=0.896743 val_accuracy=0.665306 seconds=122.8 checkpoint=- ebops_trace_seconds=0.00 ebops_trace_over_epoch=0.001 loss=1.211044 host_rss_mb=2476
[epoch 18/7000] EBOPs=untraced in_training_ebops=4889630 target=5000000 beta=5.01e-08 val_AUC=0.897459 val_accuracy=0.665855 seconds=124.4 checkpoint=- ebops_trace_seconds=0.00 ebops_trace_over_epoch=0.000 loss=1.192375 host_rss_mb=2478
[epoch 19/7000] EBOPs=untraced in_training_ebops=4712765 target=5000000 beta=4.32e-08 val_AUC=0.896584 val_accuracy=0.662048 seconds=114.3 checkpoint=- ebops_trace_seconds=0.01 ebops_trace_over_epoch=0.001 loss=1.138955 host_rss_mb=2478
[epoch 20/7000] EBOPs=4880224 target=5000000 above_floor=4537171 feasible=1 degenerate=0 beta=4.16e-08 val_AUC=0.900360 val_accuracy=0.664726 seconds=208.3 checkpoint=- ebops_trace_seconds=99.46 ebops_trace_over_epoch=0.478 loss=1.132730 host_rss_mb=2478
[epoch 21/7000] EBOPs=untraced in_training_ebops=5442954 target=5000000 beta=4.3e-08 val_AUC=0.893697 val_accuracy=0.646935 seconds=122.8 checkpoint=- ebops_trace_seconds=0.00 ebops_trace_over_epoch=0.000 loss=1.161286 host_rss_mb=2478
[epoch 22/7000] EBOPs=untraced in_training_ebops=5300432 target=5000000 beta=4.81e-08 val_AUC=0.891155 val_accuracy=0.655484 seconds=123.7 checkpoint=- ebops_trace_seconds=0.00 ebops_trace_over_epoch=0.001 loss=1.199495 host_rss_mb=2478
[epoch 23/7000] EBOPs=untraced in_training_ebops=4855966 target=5000000 beta=4.7e-08 val_AUC=0.886485 val_accuracy=0.623935 seconds=123.2 checkpoint=- ebops_trace_seconds=0.01 ebops_trace_over_epoch=0.001 loss=1.180954 host_rss_mb=2480
[epoch 24/7000] EBOPs=untraced in_training_ebops=4737996 target=5000000 beta=4.3e-08 val_AUC=0.893424 val_accuracy=0.662097 seconds=122.6 checkpoint=- ebops_trace_seconds=0.00 ebops_trace_over_epoch=0.001 loss=1.151975 host_rss_mb=2480
[epoch 25/7000] EBOPs=untraced in_training_ebops=4610047 target=5000000 beta=4.19e-08 val_AUC=0.885609 val_accuracy=0.642306 seconds=107.7 checkpoint=epoch-0025 ebops_trace_seconds=0.00 ebops_trace_over_epoch=0.001 loss=1.133702 host_rss_mb=2483
[epoch 26/7000] EBOPs=untraced in_training_ebops=4565502 target=5000000 beta=4.06e-08 val_AUC=0.893042 val_accuracy=0.658855 seconds=116.6 checkpoint=- ebops_trace_seconds=0.00 ebops_trace_over_epoch=0.001 loss=1.132707 host_rss_mb=2477
[epoch 27/7000] EBOPs=untraced in_training_ebops=4490160 target=5000000 beta=4e-08 val_AUC=0.894435 val_accuracy=0.662274 seconds=124.7 checkpoint=- ebops_trace_seconds=0.00 ebops_trace_over_epoch=0.001 loss=1.114555 host_rss_mb=2478
==== ARM_ATTEMPT 0 2026-09-29T00:54:48Z
RUN_STAGE pilot-b
[train] chang0926-c-n64-s1 params=61951 resume_epoch=25 initial_ebops=16832899
wandb: [wandb.login()] Loaded credentials for https://api.wandb.ai from WANDB_API_KEY.
wandb: setting up run d5ba2fb6f134
wandb: Resuming run chang0926-c-n64-s1
wandb: 🚀 View run at https://wandb.ai/kayamaguchi-uc-san-diego/BNJetTag-ChangRecipe/runs/d5ba2fb6f134
[epoch 26/7000] EBOPs=untraced in_training_ebops=4550854 target=5000000 beta=4.06e-08 val_AUC=0.890731 val_accuracy=0.641855 seconds=127.2 checkpoint=- ebops_trace_seconds=0.01 ebops_trace_over_epoch=0.001 loss=1.134374 host_rss_mb=2286
wandb: WARNING Tried to log to step 26 that is less than the current step 27. Steps must be monotonically increasing, so this data will be ignored. See https://wandb.me/define-metric to log data out of order.
[epoch 27/7000] EBOPs=untraced in_training_ebops=4517807 target=5000000 beta=3.99e-08 val_AUC=0.892595 val_accuracy=0.646903 seconds=124.7 checkpoint=- ebops_trace_seconds=0.00 ebops_trace_over_epoch=0.001 loss=1.111567 host_rss_mb=2311
[epoch 28/7000] EBOPs=untraced in_training_ebops=4043742 target=5000000 beta=3.94e-08 val_AUC=0.897726 val_accuracy=0.672048 seconds=125.9 checkpoint=- ebops_trace_seconds=0.00 ebops_trace_over_epoch=0.001 loss=1.100778 host_rss_mb=2314
[epoch 29/7000] EBOPs=untraced in_training_ebops=4055502 target=5000000 beta=3.49e-08 val_AUC=0.893239 val_accuracy=0.659919 seconds=103.5 checkpoint=- ebops_trace_seconds=0.00 ebops_trace_over_epoch=0.001 loss=1.084448 host_rss_mb=2326
[epoch 30/7000] EBOPs=4317871 target=5000000 above_floor=3974818 feasible=1 degenerate=0 beta=3.46e-08 val_AUC=0.886253 val_accuracy=0.637661 seconds=220.3 checkpoint=- ebops_trace_seconds=104.10 ebops_trace_over_epoch=0.473 loss=1.078896 host_rss_mb=2346
[epoch 31/7000] EBOPs=untraced in_training_ebops=4686889 target=5000000 beta=3.66e-08 val_AUC=0.889411 val_accuracy=0.662274 seconds=124.1 checkpoint=- ebops_trace_seconds=0.00 ebops_trace_over_epoch=0.001 loss=1.112320 host_rss_mb=2353
[epoch 32/7000] EBOPs=untraced in_training_ebops=4675947 target=5000000 beta=3.96e-08 val_AUC=0.894305 val_accuracy=0.654484 seconds=124.5 checkpoint=- ebops_trace_seconds=0.00 ebops_trace_over_epoch=0.001 loss=1.124790 host_rss_mb=2361
[epoch 33/7000] EBOPs=untraced in_training_ebops=4254297 target=5000000 beta=3.93e-08 val_AUC=0.901145 val_accuracy=0.674968 seconds=123.4 checkpoint=- ebops_trace_seconds=0.00 ebops_trace_over_epoch=0.000 loss=1.109879 host_rss_mb=2362
[epoch 34/7000] EBOPs=untraced in_training_ebops=4295307 target=5000000 beta=3.55e-08 val_AUC=0.892778 val_accuracy=0.665806 seconds=122.8 checkpoint=- ebops_trace_seconds=0.00 ebops_trace_over_epoch=0.001 loss=1.100822 host_rss_mb=2356
[epoch 35/7000] EBOPs=untraced in_training_ebops=4220744 target=5000000 beta=3.56e-08 val_AUC=0.879457 val_accuracy=0.614532 seconds=107.7 checkpoint=- ebops_trace_seconds=0.00 ebops_trace_over_epoch=0.001 loss=1.083066 host_rss_mb=2361
[epoch 36/7000] EBOPs=untraced in_training_ebops=4239857 target=5000000 beta=3.47e-08 val_AUC=0.895368 val_accuracy=0.660855 seconds=123.8 checkpoint=- ebops_trace_seconds=0.00 ebops_trace_over_epoch=0.001 loss=1.112936 host_rss_mb=2363
[epoch 37/7000] EBOPs=untraced in_training_ebops=4184890 target=5000000 beta=3.45e-08 val_AUC=0.886511 val_accuracy=0.652581 seconds=125.2 checkpoint=- ebops_trace_seconds=0.00 ebops_trace_over_epoch=0.001 loss=1.104357 host_rss_mb=2363
[epoch 38/7000] EBOPs=untraced in_training_ebops=3846131 target=5000000 beta=3.38e-08 val_AUC=0.892906 val_accuracy=0.660790 seconds=124.6 checkpoint=- ebops_trace_seconds=0.00 ebops_trace_over_epoch=0.001 loss=1.101286 host_rss_mb=2363
[epoch 39/7000] EBOPs=untraced in_training_ebops=3855242 target=5000000 beta=3.06e-08 val_AUC=0.878399 val_accuracy=0.632726 seconds=124.1 checkpoint=- ebops_trace_seconds=0.00 ebops_trace_over_epoch=0.001 loss=1.073201 host_rss_mb=2365
[epoch 40/7000] EBOPs=3965577 target=5000000 above_floor=3622524 feasible=1 degenerate=0 beta=3.03e-08 val_AUC=0.886051 val_accuracy=0.651613 seconds=211.9 checkpoint=- ebops_trace_seconds=97.01 ebops_trace_over_epoch=0.458 loss=1.083758 host_rss_mb=2365
[epoch 41/7000] EBOPs=untraced in_training_ebops=4353036 target=5000000 beta=3.08e-08 val_AUC=0.873677 val_accuracy=0.605355 seconds=110.0 checkpoint=- ebops_trace_seconds=0.00 ebops_trace_over_epoch=0.001 loss=1.118680 host_rss_mb=2365
[epoch 42/7000] EBOPs=untraced in_training_ebops=4423787 target=5000000 beta=3.36e-08 val_AUC=0.886231 val_accuracy=0.659161 seconds=123.7 checkpoint=- ebops_trace_seconds=0.00 ebops_trace_over_epoch=0.000 loss=1.108065 host_rss_mb=2365
[epoch 43/7000] EBOPs=untraced in_training_ebops=4057724 target=5000000 beta=3.39e-08 val_AUC=0.866146 val_accuracy=0.594242 seconds=124.5 checkpoint=- ebops_trace_seconds=0.00 ebops_trace_over_epoch=0.000 loss=1.119978 host_rss_mb=2366
[epoch 44/7000] EBOPs=untraced in_training_ebops=3995203 target=5000000 beta=3.08e-08 val_AUC=0.889514 val_accuracy=0.663242 seconds=125.4 checkpoint=- ebops_trace_seconds=0.00 ebops_trace_over_epoch=0.001 loss=1.089890 host_rss_mb=2366
[epoch 45/7000] EBOPs=untraced in_training_ebops=4019267 target=5000000 beta=3e-08 val_AUC=0.872604 val_accuracy=0.536258 seconds=123.5 checkpoint=- ebops_trace_seconds=0.00 ebops_trace_over_epoch=0.001 loss=1.084000 host_rss_mb=2366
[epoch 46/7000] EBOPs=untraced in_training_ebops=4121121 target=5000000 beta=2.99e-08 val_AUC=0.874591 val_accuracy=0.613419 seconds=123.3 checkpoint=- ebops_trace_seconds=0.00 ebops_trace_over_epoch=0.001 loss=1.095817 host_rss_mb=2366
[epoch 47/7000] EBOPs=untraced in_training_ebops=4089916 target=5000000 beta=3.03e-08 val_AUC=0.869468 val_accuracy=0.601710 seconds=115.8 checkpoint=- ebops_trace_seconds=0.00 ebops_trace_over_epoch=0.001 loss=1.114262 host_rss_mb=2367
[epoch 48/7000] EBOPs=untraced in_training_ebops=3736195 target=5000000 beta=2.98e-08 val_AUC=0.868159 val_accuracy=0.495161 seconds=111.5 checkpoint=- ebops_trace_seconds=0.00 ebops_trace_over_epoch=0.001 loss=1.107068 host_rss_mb=2367
[epoch 49/7000] EBOPs=untraced in_training_ebops=3804972 target=5000000 beta=2.68e-08 val_AUC=0.881600 val_accuracy=0.625677 seconds=123.4 checkpoint=- ebops_trace_seconds=0.00 ebops_trace_over_epoch=0.001 loss=1.091347 host_rss_mb=2367
[epoch 50/7000] EBOPs=3922017 target=5000000 above_floor=3578964 feasible=1 degenerate=0 beta=2.69e-08 val_AUC=0.888936 val_accuracy=0.641710 seconds=217.7 checkpoint=epoch-0050 ebops_trace_seconds=103.96 ebops_trace_over_epoch=0.478 loss=1.094726 host_rss_mb=2367
[epoch 51/7000] EBOPs=untraced in_training_ebops=4331838 target=5000000 beta=2.74e-08 val_AUC=0.887488 val_accuracy=0.638339 seconds=124.0 checkpoint=- ebops_trace_seconds=0.00 ebops_trace_over_epoch=0.000 loss=1.112917 host_rss_mb=2367
[epoch 52/7000] EBOPs=untraced in_training_ebops=4359224 target=5000000 beta=3.01e-08 val_AUC=0.886092 val_accuracy=0.643161 seconds=123.6 checkpoint=- ebops_trace_seconds=0.00 ebops_trace_over_epoch=0.001 loss=1.124100 host_rss_mb=2368
[epoch 53/7000] EBOPs=untraced in_training_ebops=4089808 target=5000000 beta=3.01e-08 val_AUC=0.890558 val_accuracy=0.660274 seconds=112.9 checkpoint=- ebops_trace_seconds=0.00 ebops_trace_over_epoch=0.001 loss=1.125874 host_rss_mb=2369
[epoch 54/7000] EBOPs=untraced in_training_ebops=4123908 target=5000000 beta=2.79e-08 val_AUC=0.864757 val_accuracy=0.465065 seconds=119.3 checkpoint=- ebops_trace_seconds=0.00 ebops_trace_over_epoch=0.001 loss=1.108653 host_rss_mb=2366
[epoch 55/7000] EBOPs=untraced in_training_ebops=4027957 target=5000000 beta=2.79e-08 val_AUC=0.865082 val_accuracy=0.588952 seconds=123.7 checkpoint=- ebops_trace_seconds=0.00 ebops_trace_over_epoch=0.001 loss=1.132085 host_rss_mb=2368
[epoch 56/7000] EBOPs=untraced in_training_ebops=4124196 target=5000000 beta=2.69e-08 val_AUC=0.872250 val_accuracy=0.625823 seconds=123.0 checkpoint=- ebops_trace_seconds=0.00 ebops_trace_over_epoch=0.001 loss=1.129717 host_rss_mb=2369
[epoch 57/7000] EBOPs=untraced in_training_ebops=4111825 target=5000000 beta=2.73e-08 val_AUC=0.878590 val_accuracy=0.620984 seconds=122.0 checkpoint=- ebops_trace_seconds=0.00 ebops_trace_over_epoch=0.001 loss=1.121354 host_rss_mb=2370
[epoch 58/7000] EBOPs=untraced in_training_ebops=3820973 target=5000000 beta=2.7e-08 val_AUC=0.855307 val_accuracy=0.586839 seconds=125.5 checkpoint=- ebops_trace_seconds=0.00 ebops_trace_over_epoch=0.001 loss=1.134774 host_rss_mb=2370
[epoch 59/7000] EBOPs=untraced in_training_ebops=3842921 target=5000000 beta=2.47e-08 val_AUC=0.875927 val_accuracy=0.614016 seconds=123.1 checkpoint=- ebops_trace_seconds=0.00 ebops_trace_over_epoch=0.001 loss=1.114328 host_rss_mb=2370
[epoch 60/7000] EBOPs=3832579 target=5000000 above_floor=3489526 feasible=1 degenerate=0 beta=2.46e-08 val_AUC=0.886232 val_accuracy=0.646371 seconds=190.6 checkpoint=- ebops_trace_seconds=93.23 ebops_trace_over_epoch=0.489 loss=1.107516 host_rss_mb=2370
[epoch 61/7000] EBOPs=untraced in_training_ebops=4417902 target=5000000 beta=2.42e-08 val_AUC=0.881494 val_accuracy=0.637597 seconds=125.5 checkpoint=- ebops_trace_seconds=0.00 ebops_trace_over_epoch=0.001 loss=1.135791 host_rss_mb=2371
[epoch 62/7000] EBOPs=untraced in_training_ebops=4454447 target=5000000 beta=2.77e-08 val_AUC=0.876763 val_accuracy=0.623710 seconds=123.3 checkpoint=- ebops_trace_seconds=0.00 ebops_trace_over_epoch=0.001 loss=1.141867 host_rss_mb=2371
[epoch 63/7000] EBOPs=untraced in_training_ebops=4097811 target=5000000 beta=2.78e-08 val_AUC=0.825450 val_accuracy=0.441274 seconds=123.7 checkpoint=- ebops_trace_seconds=0.00 ebops_trace_over_epoch=0.001 loss=1.176273 host_rss_mb=2371
[epoch 64/7000] EBOPs=untraced in_training_ebops=4157309 target=5000000 beta=2.53e-08 val_AUC=0.874703 val_accuracy=0.619274 seconds=125.3 checkpoint=- ebops_trace_seconds=0.00 ebops_trace_over_epoch=0.000 loss=1.170042 host_rss_mb=2371
[epoch 65/7000] EBOPs=untraced in_training_ebops=4112293 target=5000000 beta=2.54e-08 val_AUC=0.858706 val_accuracy=0.605839 seconds=123.7 checkpoint=- ebops_trace_seconds=0.00 ebops_trace_over_epoch=0.001 loss=1.144970 host_rss_mb=2371
[epoch 66/7000] EBOPs=untraced in_training_ebops=4221729 target=5000000 beta=2.49e-08 val_AUC=0.868155 val_accuracy=0.569306 seconds=108.4 checkpoint=- ebops_trace_seconds=0.00 ebops_trace_over_epoch=0.001 loss=1.149354 host_rss_mb=2371
[epoch 67/7000] EBOPs=untraced in_training_ebops=4197539 target=5000000 beta=2.53e-08 val_AUC=0.877466 val_accuracy=0.632081 seconds=121.4 checkpoint=- ebops_trace_seconds=0.00 ebops_trace_over_epoch=0.001 loss=1.128327 host_rss_mb=2373
[epoch 68/7000] EBOPs=untraced in_training_ebops=3830283 target=5000000 beta=2.5e-08 val_AUC=0.865874 val_accuracy=0.607823 seconds=124.1 checkpoint=- ebops_trace_seconds=0.00 ebops_trace_over_epoch=0.001 loss=1.136084 host_rss_mb=2373
[epoch 69/7000] EBOPs=untraced in_training_ebops=3941224 target=5000000 beta=2.25e-08 val_AUC=0.874078 val_accuracy=0.626081 seconds=124.8 checkpoint=- ebops_trace_seconds=0.00 ebops_trace_over_epoch=0.001 loss=1.136995 host_rss_mb=2374
[epoch 70/7000] EBOPs=3846098 target=5000000 above_floor=3503045 feasible=1 degenerate=0 beta=2.29e-08 val_AUC=0.878684 val_accuracy=0.636113 seconds=221.7 checkpoint=- ebops_trace_seconds=104.16 ebops_trace_over_epoch=0.470 loss=1.137413 host_rss_mb=2374
[epoch 71/7000] EBOPs=untraced in_training_ebops=4275459 target=5000000 beta=2.2e-08 val_AUC=0.870010 val_accuracy=0.604548 seconds=125.6 checkpoint=- ebops_trace_seconds=0.00 ebops_trace_over_epoch=0.001 loss=1.144345 host_rss_mb=2374
[epoch 72/7000] EBOPs=untraced in_training_ebops=4309897 target=5000000 beta=2.43e-08 val_AUC=0.872449 val_accuracy=0.620065 seconds=102.5 checkpoint=- ebops_trace_seconds=0.00 ebops_trace_over_epoch=0.001 loss=1.155401 host_rss_mb=2374
[epoch 73/7000] EBOPs=untraced in_training_ebops=4002499 target=5000000 beta=2.43e-08 val_AUC=0.873384 val_accuracy=0.627613 seconds=125.4 checkpoint=- ebops_trace_seconds=0.00 ebops_trace_over_epoch=0.000 loss=1.137666 host_rss_mb=2369
[epoch 74/7000] EBOPs=untraced in_training_ebops=4056571 target=5000000 beta=2.23e-08 val_AUC=0.851897 val_accuracy=0.548048 seconds=123.6 checkpoint=- ebops_trace_seconds=0.00 ebops_trace_over_epoch=0.001 loss=1.170658 host_rss_mb=2371
[epoch 75/7000] EBOPs=untraced in_training_ebops=4039437 target=5000000 beta=2.24e-08 val_AUC=0.808717 val_accuracy=0.451097 seconds=121.8 checkpoint=epoch-0075 ebops_trace_seconds=0.00 ebops_trace_over_epoch=0.001 loss=1.176864 host_rss_mb=2372
[epoch 76/7000] EBOPs=untraced in_training_ebops=4079527 target=5000000 beta=2.21e-08 val_AUC=0.825040 val_accuracy=0.444871 seconds=125.6 checkpoint=- ebops_trace_seconds=0.00 ebops_trace_over_epoch=0.001 loss=1.183769 host_rss_mb=2373
[epoch 77/7000] EBOPs=untraced in_training_ebops=4046717 target=5000000 beta=2.2e-08 val_AUC=0.861451 val_accuracy=0.602435 seconds=123.5 checkpoint=- ebops_trace_seconds=0.00 ebops_trace_over_epoch=0.001 loss=1.164976 host_rss_mb=2373
[epoch 78/7000] EBOPs=untraced in_training_ebops=3751091 target=5000000 beta=2.16e-08 val_AUC=0.856573 val_accuracy=0.582403 seconds=122.1 checkpoint=- ebops_trace_seconds=0.01 ebops_trace_over_epoch=0.001 loss=1.158862 host_rss_mb=2373
[epoch 79/7000] EBOPs=untraced in_training_ebops=3721605 target=5000000 beta=1.98e-08 val_AUC=0.855059 val_accuracy=0.566952 seconds=107.1 checkpoint=- ebops_trace_seconds=0.00 ebops_trace_over_epoch=0.001 loss=1.163882 host_rss_mb=2373
[epoch 80/7000] EBOPs=3809440 target=5000000 above_floor=3466387 feasible=1 degenerate=0 beta=1.93e-08 val_AUC=0.863975 val_accuracy=0.578742 seconds=220.5 checkpoint=- ebops_trace_seconds=106.10 ebops_trace_over_epoch=0.481 loss=1.157667 host_rss_mb=2375
[epoch 81/7000] EBOPs=untraced in_training_ebops=4222870 target=5000000 beta=1.95e-08 val_AUC=0.875537 val_accuracy=0.626806 seconds=125.4 checkpoint=- ebops_trace_seconds=0.00 ebops_trace_over_epoch=0.001 loss=1.168618 host_rss_mb=2375
[epoch 82/7000] EBOPs=untraced in_training_ebops=4331567 target=5000000 beta=2.15e-08 val_AUC=0.863120 val_accuracy=0.595194 seconds=123.6 checkpoint=- ebops_trace_seconds=0.00 ebops_trace_over_epoch=0.001 loss=1.153586 host_rss_mb=2375
[epoch 83/7000] EBOPs=untraced in_training_ebops=3914452 target=5000000 beta=2.18e-08 val_AUC=0.813997 val_accuracy=0.529452 seconds=125.4 checkpoint=- ebops_trace_seconds=0.00 ebops_trace_over_epoch=0.000 loss=1.175140 host_rss_mb=2375
[epoch 84/7000] EBOPs=untraced in_training_ebops=3993880 target=5000000 beta=1.95e-08 val_AUC=0.849608 val_accuracy=0.576403 seconds=116.4 checkpoint=- ebops_trace_seconds=0.00 ebops_trace_over_epoch=0.001 loss=1.172472 host_rss_mb=2376
