==== ARM_ATTEMPT 0 2026-09-28T23:26:34Z
RUN_STAGE pilot-b
[train] chang0926-a07-350-n64-s1 params=61951 resume_epoch=0 initial_ebops=16832899
wandb: [wandb.login()] Loaded credentials for https://api.wandb.ai from WANDB_API_KEY.
wandb: setting up run 2b483f74139a
wandb: Syncing run chang0926-a07-350-n64-s1
wandb: 🚀 View run at https://wandb.ai/kayamaguchi-uc-san-diego/BNJetTag-ChangRecipe/runs/2b483f74139a
[epoch 1/7000] EBOPs=17136111 target=350000 above_floor=16793058 feasible=0 degenerate=0 beta=1e-07 val_AUC=0.859625 val_accuracy=0.589048 seconds=206.9 checkpoint=- ebops_trace_seconds=87.21 ebops_trace_over_epoch=0.422 loss=3.241156 host_rss_mb=2425
[epoch 2/7000] EBOPs=untraced in_training_ebops=18244317 target=350000 beta=1e-07 val_AUC=0.898140 val_accuracy=0.663306 seconds=116.7 checkpoint=- ebops_trace_seconds=0.01 ebops_trace_over_epoch=0.001 loss=2.750328 host_rss_mb=2445
[epoch 3/7000] EBOPs=untraced in_training_ebops=14604333 target=350000 beta=1.3e-07 val_AUC=0.888491 val_accuracy=0.644694 seconds=124.8 checkpoint=- ebops_trace_seconds=0.00 ebops_trace_over_epoch=0.000 loss=3.051850 host_rss_mb=2460
[epoch 4/7000] EBOPs=untraced in_training_ebops=14232545 target=350000 beta=1.25e-07 val_AUC=0.904031 val_accuracy=0.672710 seconds=122.5 checkpoint=- ebops_trace_seconds=0.00 ebops_trace_over_epoch=0.001 loss=2.739141 host_rss_mb=2469
[epoch 5/7000] EBOPs=untraced in_training_ebops=11848509 target=350000 beta=1.47e-07 val_AUC=0.895063 val_accuracy=0.668661 seconds=125.4 checkpoint=- ebops_trace_seconds=0.00 ebops_trace_over_epoch=0.001 loss=2.703708 host_rss_mb=2476
[epoch 6/7000] EBOPs=untraced in_training_ebops=9167290 target=350000 beta=1.46e-07 val_AUC=0.899624 val_accuracy=0.672387 seconds=123.2 checkpoint=- ebops_trace_seconds=0.00 ebops_trace_over_epoch=0.000 loss=2.518202 host_rss_mb=2460
[epoch 7/7000] EBOPs=untraced in_training_ebops=8806909 target=350000 beta=1.33e-07 val_AUC=0.903261 val_accuracy=0.678081 seconds=105.5 checkpoint=- ebops_trace_seconds=0.00 ebops_trace_over_epoch=0.001 loss=2.112454 host_rss_mb=2467
[epoch 8/7000] EBOPs=untraced in_training_ebops=7413737 target=350000 beta=1.5e-07 val_AUC=0.893294 val_accuracy=0.658306 seconds=121.0 checkpoint=- ebops_trace_seconds=0.00 ebops_trace_over_epoch=0.001 loss=2.166638 host_rss_mb=2469
[epoch 9/7000] EBOPs=untraced in_training_ebops=6845353 target=350000 beta=1.47e-07 val_AUC=0.890318 val_accuracy=0.644581 seconds=123.5 checkpoint=- ebops_trace_seconds=0.00 ebops_trace_over_epoch=0.001 loss=1.997480 host_rss_mb=2469
[epoch 10/7000] EBOPs=5632759 target=350000 above_floor=5289706 feasible=0 degenerate=0 beta=1.57e-07 val_AUC=0.883612 val_accuracy=0.637565 seconds=227.3 checkpoint=- ebops_trace_seconds=102.54 ebops_trace_over_epoch=0.451 loss=1.966919 host_rss_mb=2470
[epoch 11/7000] EBOPs=untraced in_training_ebops=5642046 target=350000 beta=1.49e-07 val_AUC=0.883516 val_accuracy=0.632758 seconds=118.1 checkpoint=- ebops_trace_seconds=0.00 ebops_trace_over_epoch=0.001 loss=1.800754 host_rss_mb=2473
[epoch 12/7000] EBOPs=untraced in_training_ebops=5095779 target=350000 beta=1.71e-07 val_AUC=0.876116 val_accuracy=0.607742 seconds=124.2 checkpoint=- ebops_trace_seconds=0.00 ebops_trace_over_epoch=0.001 loss=1.874285 host_rss_mb=2473
[epoch 13/7000] EBOPs=untraced in_training_ebops=4346171 target=350000 beta=1.77e-07 val_AUC=0.879620 val_accuracy=0.620452 seconds=102.0 checkpoint=- ebops_trace_seconds=0.00 ebops_trace_over_epoch=0.001 loss=1.855597 host_rss_mb=2474
[epoch 14/7000] EBOPs=untraced in_training_ebops=3838071 target=350000 beta=1.71e-07 val_AUC=0.881638 val_accuracy=0.630500 seconds=124.3 checkpoint=- ebops_trace_seconds=0.00 ebops_trace_over_epoch=0.000 loss=1.693389 host_rss_mb=2479
[epoch 15/7000] EBOPs=untraced in_training_ebops=3338633 target=350000 beta=1.7e-07 val_AUC=0.873548 val_accuracy=0.611097 seconds=122.9 checkpoint=- ebops_trace_seconds=0.00 ebops_trace_over_epoch=0.001 loss=1.594761 host_rss_mb=2482
[epoch 16/7000] EBOPs=untraced in_training_ebops=3062021 target=350000 beta=1.66e-07 val_AUC=0.853283 val_accuracy=0.585339 seconds=119.8 checkpoint=- ebops_trace_seconds=0.00 ebops_trace_over_epoch=0.001 loss=1.546612 host_rss_mb=2482
[epoch 17/7000] EBOPs=untraced in_training_ebops=2836696 target=350000 beta=1.7e-07 val_AUC=0.868641 val_accuracy=0.607742 seconds=124.6 checkpoint=- ebops_trace_seconds=0.00 ebops_trace_over_epoch=0.001 loss=1.543709 host_rss_mb=2482
[epoch 18/7000] EBOPs=untraced in_training_ebops=2488710 target=350000 beta=1.74e-07 val_AUC=0.862805 val_accuracy=0.601500 seconds=122.9 checkpoint=- ebops_trace_seconds=0.00 ebops_trace_over_epoch=0.001 loss=1.493994 host_rss_mb=2482
[epoch 19/7000] EBOPs=untraced in_training_ebops=2224431 target=350000 beta=1.69e-07 val_AUC=0.873052 val_accuracy=0.616581 seconds=123.3 checkpoint=- ebops_trace_seconds=0.00 ebops_trace_over_epoch=0.001 loss=1.413185 host_rss_mb=2482
[epoch 20/7000] EBOPs=2460562 target=350000 above_floor=2117509 feasible=0 degenerate=0 beta=1.65e-07 val_AUC=0.870451 val_accuracy=0.607516 seconds=203.3 checkpoint=- ebops_trace_seconds=100.85 ebops_trace_over_epoch=0.496 loss=1.362616 host_rss_mb=2482
