==== ARM_ATTEMPT 0 2026-09-29T00:16:05Z
RUN_STAGE pilot-b
[train] chang0926-cprime-n64-s1 params=12788 resume_epoch=0 initial_ebops=24816782
wandb: [wandb.login()] Loaded credentials for https://api.wandb.ai from WANDB_API_KEY.
wandb: Syncing run chang0926-cprime-n64-s1
wandb: 🚀 View run at https://wandb.ai/kayamaguchi-uc-san-diego/BNJetTag-ChangRecipe/runs/93aaff7f33b2
[epoch 1/7000] EBOPs=17853582 target=5000000 above_floor=13273184 feasible=0 degenerate=0 beta=1e-07 val_AUC=0.833778 val_accuracy=0.540984 seconds=315.6 checkpoint=- ebops_trace_seconds=164.76 ebops_trace_over_epoch=0.522 loss=3.634150 host_rss_mb=2278
[epoch 2/7000] EBOPs=untraced in_training_ebops=17814613 target=5000000 beta=1e-07 val_AUC=0.880528 val_accuracy=0.626371 seconds=212.9 checkpoint=- ebops_trace_seconds=0.01 ebops_trace_over_epoch=0.000 loss=2.789051 host_rss_mb=2302
[epoch 3/7000] EBOPs=untraced in_training_ebops=12774295 target=5000000 beta=1.06e-07 val_AUC=0.886955 val_accuracy=0.643274 seconds=212.2 checkpoint=- ebops_trace_seconds=0.01 ebops_trace_over_epoch=0.000 loss=2.650649 host_rss_mb=2306
[epoch 4/7000] EBOPs=untraced in_training_ebops=12339829 target=5000000 beta=7.99e-08 val_AUC=0.887623 val_accuracy=0.638097 seconds=214.3 checkpoint=- ebops_trace_seconds=0.01 ebops_trace_over_epoch=0.000 loss=1.929108 host_rss_mb=2317
[epoch 5/7000] EBOPs=untraced in_training_ebops=10455521 target=5000000 beta=8.08e-08 val_AUC=0.896693 val_accuracy=0.661726 seconds=199.4 checkpoint=- ebops_trace_seconds=0.01 ebops_trace_over_epoch=0.000 loss=1.836894 host_rss_mb=2322
[epoch 6/7000] EBOPs=untraced in_training_ebops=9023851 target=5000000 beta=7.1e-08 val_AUC=0.891738 val_accuracy=0.647129 seconds=195.4 checkpoint=- ebops_trace_seconds=0.01 ebops_trace_over_epoch=0.000 loss=1.615891 host_rss_mb=2331
[epoch 7/7000] EBOPs=untraced in_training_ebops=8069461 target=5000000 beta=6.31e-08 val_AUC=0.903842 val_accuracy=0.673790 seconds=188.2 checkpoint=- ebops_trace_seconds=0.01 ebops_trace_over_epoch=0.000 loss=1.456269 host_rss_mb=2338
[epoch 8/7000] EBOPs=untraced in_training_ebops=7887125 target=5000000 beta=5.78e-08 val_AUC=0.902450 val_accuracy=0.673500 seconds=211.7 checkpoint=- ebops_trace_seconds=0.01 ebops_trace_over_epoch=0.000 loss=1.370472 host_rss_mb=2343
[epoch 9/7000] EBOPs=untraced in_training_ebops=7805148 target=5000000 beta=5.78e-08 val_AUC=0.899658 val_accuracy=0.658032 seconds=210.4 checkpoint=- ebops_trace_seconds=0.01 ebops_trace_over_epoch=0.000 loss=1.361899 host_rss_mb=2346
[epoch 10/7000] EBOPs=7598317 target=5000000 above_floor=3017919 feasible=0 degenerate=0 beta=5.85e-08 val_AUC=0.886582 val_accuracy=0.630758 seconds=388.6 checkpoint=- ebops_trace_seconds=182.29 ebops_trace_over_epoch=0.469 loss=1.377876 host_rss_mb=2352
[epoch 11/7000] EBOPs=untraced in_training_ebops=7360702 target=5000000 beta=5.81e-08 val_AUC=0.889092 val_accuracy=0.656194 seconds=212.3 checkpoint=- ebops_trace_seconds=0.01 ebops_trace_over_epoch=0.000 loss=1.379903 host_rss_mb=2356
[epoch 12/7000] EBOPs=untraced in_training_ebops=7200921 target=5000000 beta=5.74e-08 val_AUC=0.886522 val_accuracy=0.645435 seconds=191.4 checkpoint=- ebops_trace_seconds=0.00 ebops_trace_over_epoch=0.000 loss=1.383217 host_rss_mb=2356
[epoch 13/7000] EBOPs=untraced in_training_ebops=7147690 target=5000000 beta=5.72e-08 val_AUC=0.895536 val_accuracy=0.669484 seconds=185.3 checkpoint=- ebops_trace_seconds=0.01 ebops_trace_over_epoch=0.000 loss=1.363776 host_rss_mb=2357
[epoch 14/7000] EBOPs=untraced in_training_ebops=6914149 target=5000000 beta=5.78e-08 val_AUC=0.892622 val_accuracy=0.637435 seconds=207.0 checkpoint=- ebops_trace_seconds=0.01 ebops_trace_over_epoch=0.000 loss=1.339439 host_rss_mb=2357
[epoch 15/7000] EBOPs=untraced in_training_ebops=7079990 target=5000000 beta=5.68e-08 val_AUC=0.888563 val_accuracy=0.645145 seconds=213.3 checkpoint=- ebops_trace_seconds=0.01 ebops_trace_over_epoch=0.000 loss=1.345221 host_rss_mb=2359
[epoch 16/7000] EBOPs=untraced in_training_ebops=6846491 target=5000000 beta=5.92e-08 val_AUC=0.889890 val_accuracy=0.650016 seconds=211.7 checkpoint=- ebops_trace_seconds=0.01 ebops_trace_over_epoch=0.000 loss=1.354554 host_rss_mb=2367
[epoch 17/7000] EBOPs=untraced in_training_ebops=7028689 target=5000000 beta=5.82e-08 val_AUC=0.884324 val_accuracy=0.594758 seconds=213.1 checkpoint=- ebops_trace_seconds=0.01 ebops_trace_over_epoch=0.000 loss=1.343202 host_rss_mb=2367
[epoch 18/7000] EBOPs=untraced in_training_ebops=6977437 target=5000000 beta=6.07e-08 val_AUC=0.882814 val_accuracy=0.634952 seconds=200.8 checkpoint=- ebops_trace_seconds=0.00 ebops_trace_over_epoch=0.000 loss=1.358610 host_rss_mb=2367
[epoch 19/7000] EBOPs=untraced in_training_ebops=7040819 target=5000000 beta=6.13e-08 val_AUC=0.871493 val_accuracy=0.592935 seconds=185.1 checkpoint=- ebops_trace_seconds=0.01 ebops_trace_over_epoch=0.000 loss=1.366591 host_rss_mb=2371
[epoch 20/7000] EBOPs=6686552 target=5000000 above_floor=2106154 feasible=0 degenerate=0 beta=6.29e-08 val_AUC=0.895383 val_accuracy=0.660339 seconds=380.4 checkpoint=- ebops_trace_seconds=180.36 ebops_trace_over_epoch=0.474 loss=1.359230 host_rss_mb=2369
[epoch 21/7000] EBOPs=untraced in_training_ebops=6723379 target=5000000 beta=6.06e-08 val_AUC=0.892696 val_accuracy=0.648855 seconds=213.2 checkpoint=- ebops_trace_seconds=0.01 ebops_trace_over_epoch=0.000 loss=1.342554 host_rss_mb=2377
[epoch 22/7000] EBOPs=untraced in_training_ebops=6911800 target=5000000 beta=6.19e-08 val_AUC=0.898048 val_accuracy=0.667081 seconds=201.5 checkpoint=- ebops_trace_seconds=0.01 ebops_trace_over_epoch=0.000 loss=1.370261 host_rss_mb=2382
[epoch 23/7000] EBOPs=untraced in_training_ebops=6831822 target=5000000 beta=6.47e-08 val_AUC=0.888954 val_accuracy=0.641823 seconds=211.8 checkpoint=- ebops_trace_seconds=0.01 ebops_trace_over_epoch=0.000 loss=1.363771 host_rss_mb=2383
[epoch 24/7000] EBOPs=untraced in_training_ebops=6921919 target=5000000 beta=6.49e-08 val_AUC=0.882403 val_accuracy=0.619048 seconds=214.2 checkpoint=- ebops_trace_seconds=0.01 ebops_trace_over_epoch=0.000 loss=1.368801 host_rss_mb=2383
[epoch 25/7000] EBOPs=untraced in_training_ebops=6844048 target=5000000 beta=6.69e-08 val_AUC=0.892660 val_accuracy=0.656806 seconds=183.2 checkpoint=epoch-0025 ebops_trace_seconds=0.00 ebops_trace_over_epoch=0.000 loss=1.387728 host_rss_mb=2383
[epoch 26/7000] EBOPs=untraced in_training_ebops=6647403 target=5000000 beta=6.71e-08 val_AUC=0.891846 val_accuracy=0.666113 seconds=200.5 checkpoint=- ebops_trace_seconds=0.01 ebops_trace_over_epoch=0.000 loss=1.386791 host_rss_mb=2385
[epoch 27/7000] EBOPs=untraced in_training_ebops=6567445 target=5000000 beta=6.62e-08 val_AUC=0.896768 val_accuracy=0.628145 seconds=203.2 checkpoint=- ebops_trace_seconds=0.01 ebops_trace_over_epoch=0.000 loss=1.374846 host_rss_mb=2385
[epoch 28/7000] EBOPs=untraced in_training_ebops=6772124 target=5000000 beta=6.63e-08 val_AUC=0.896794 val_accuracy=0.663694 seconds=211.2 checkpoint=- ebops_trace_seconds=0.01 ebops_trace_over_epoch=0.000 loss=1.374812 host_rss_mb=2385
[epoch 29/7000] EBOPs=untraced in_training_ebops=6688134 target=5000000 beta=6.94e-08 val_AUC=0.893188 val_accuracy=0.653210 seconds=214.4 checkpoint=- ebops_trace_seconds=0.01 ebops_trace_over_epoch=0.000 loss=1.394340 host_rss_mb=2387
[epoch 30/7000] EBOPs=6659420 target=5000000 above_floor=2079022 feasible=0 degenerate=0 beta=6.95e-08 val_AUC=0.874311 val_accuracy=0.574548 seconds=395.2 checkpoint=- ebops_trace_seconds=181.80 ebops_trace_over_epoch=0.460 loss=1.394604 host_rss_mb=2387
[epoch 31/7000] EBOPs=untraced in_training_ebops=6546716 target=5000000 beta=7.02e-08 val_AUC=0.881833 val_accuracy=0.621677 seconds=164.3 checkpoint=- ebops_trace_seconds=0.01 ebops_trace_over_epoch=0.000 loss=1.404011 host_rss_mb=2387
[epoch 32/7000] EBOPs=untraced in_training_ebops=6552840 target=5000000 beta=7e-08 val_AUC=0.887864 val_accuracy=0.649419 seconds=200.1 checkpoint=- ebops_trace_seconds=0.01 ebops_trace_over_epoch=0.000 loss=1.383976 host_rss_mb=2390
[epoch 33/7000] EBOPs=untraced in_training_ebops=6474969 target=5000000 beta=7.1e-08 val_AUC=0.854741 val_accuracy=0.512516 seconds=216.2 checkpoint=- ebops_trace_seconds=0.01 ebops_trace_over_epoch=0.000 loss=1.416193 host_rss_mb=2390
[epoch 34/7000] EBOPs=untraced in_training_ebops=6841482 target=5000000 beta=7.1e-08 val_AUC=0.893754 val_accuracy=0.651403 seconds=211.2 checkpoint=- ebops_trace_seconds=0.01 ebops_trace_over_epoch=0.000 loss=1.411550 host_rss_mb=2390
[epoch 35/7000] EBOPs=untraced in_training_ebops=6689945 target=5000000 beta=7.63e-08 val_AUC=0.881468 val_accuracy=0.605823 seconds=209.9 checkpoint=- ebops_trace_seconds=0.01 ebops_trace_over_epoch=0.000 loss=1.448686 host_rss_mb=2390
[epoch 36/7000] EBOPs=untraced in_training_ebops=6669273 target=5000000 beta=7.57e-08 val_AUC=0.892583 val_accuracy=0.652339 seconds=205.9 checkpoint=- ebops_trace_seconds=0.01 ebops_trace_over_epoch=0.000 loss=1.444144 host_rss_mb=2390
[epoch 37/7000] EBOPs=untraced in_training_ebops=6435845 target=5000000 beta=7.65e-08 val_AUC=0.887240 val_accuracy=0.632823 seconds=210.9 checkpoint=- ebops_trace_seconds=0.01 ebops_trace_over_epoch=0.000 loss=1.447291 host_rss_mb=2390
[epoch 38/7000] EBOPs=untraced in_training_ebops=6562715 target=5000000 beta=7.48e-08 val_AUC=0.887977 val_accuracy=0.635161 seconds=177.8 checkpoint=- ebops_trace_seconds=0.01 ebops_trace_over_epoch=0.000 loss=1.445441 host_rss_mb=2381
[epoch 39/7000] EBOPs=untraced in_training_ebops=6581073 target=5000000 beta=7.73e-08 val_AUC=0.899747 val_accuracy=0.668806 seconds=209.1 checkpoint=- ebops_trace_seconds=0.01 ebops_trace_over_epoch=0.000 loss=1.460332 host_rss_mb=2385
[epoch 40/7000] EBOPs=6509238 target=5000000 above_floor=1928840 feasible=0 degenerate=0 beta=7.86e-08 val_AUC=0.887559 val_accuracy=0.632871 seconds=382.9 checkpoint=- ebops_trace_seconds=178.70 ebops_trace_over_epoch=0.467 loss=1.457224 host_rss_mb=2389
[epoch 41/7000] EBOPs=untraced in_training_ebops=6646368 target=5000000 beta=7.88e-08 val_AUC=0.887184 val_accuracy=0.645161 seconds=211.4 checkpoint=- ebops_trace_seconds=0.00 ebops_trace_over_epoch=0.000 loss=1.455187 host_rss_mb=2390
[epoch 42/7000] EBOPs=untraced in_training_ebops=6359577 target=5000000 beta=8.16e-08 val_AUC=0.894370 val_accuracy=0.662758 seconds=215.6 checkpoint=- ebops_trace_seconds=0.01 ebops_trace_over_epoch=0.000 loss=1.486491 host_rss_mb=2392
[epoch 43/7000] EBOPs=untraced in_training_ebops=6480320 target=5000000 beta=7.9e-08 val_AUC=0.890333 val_accuracy=0.644935 seconds=208.5 checkpoint=- ebops_trace_seconds=0.01 ebops_trace_over_epoch=0.000 loss=1.450787 host_rss_mb=2392
[epoch 44/7000] EBOPs=untraced in_training_ebops=6435131 target=5000000 beta=8.15e-08 val_AUC=0.895558 val_accuracy=0.665306 seconds=160.7 checkpoint=- ebops_trace_seconds=0.01 ebops_trace_over_epoch=0.000 loss=1.482433 host_rss_mb=2392
