==== ARM_ATTEMPT 0 2026-09-29T00:16:05Z
RUN_STAGE pilot-b
[train] chang0926-cprime-n64-s1 params=12788 resume_epoch=0 initial_ebops=24816782
wandb: [wandb.login()] Loaded credentials for https://api.wandb.ai from WANDB_API_KEY.
wandb: Syncing run chang0926-cprime-n64-s1
wandb: 🚀 View run at https://wandb.ai/kayamaguchi-uc-san-diego/BNJetTag-ChangRecipe/runs/93aaff7f33b2
[epoch 1/7000] EBOPs=17853582 target=5000000 above_floor=13273184 feasible=0 degenerate=0 beta=1e-07 val_AUC=0.833778 val_accuracy=0.540984 seconds=315.6 checkpoint=- ebops_trace_seconds=164.76 ebops_trace_over_epoch=0.522 loss=3.634150 host_rss_mb=2278
[epoch 2/7000] EBOPs=untraced in_training_ebops=17814613 target=5000000 beta=1e-07 val_AUC=0.880528 val_accuracy=0.626371 seconds=212.9 checkpoint=- ebops_trace_seconds=0.01 ebops_trace_over_epoch=0.000 loss=2.789051 host_rss_mb=2302
[epoch 3/7000] EBOPs=untraced in_training_ebops=12774295 target=5000000 beta=1.06e-07 val_AUC=0.886955 val_accuracy=0.643274 seconds=212.2 checkpoint=- ebops_trace_seconds=0.01 ebops_trace_over_epoch=0.000 loss=2.650649 host_rss_mb=2306
[epoch 4/7000] EBOPs=untraced in_training_ebops=12339829 target=5000000 beta=7.99e-08 val_AUC=0.887623 val_accuracy=0.638097 seconds=214.3 checkpoint=- ebops_trace_seconds=0.01 ebops_trace_over_epoch=0.000 loss=1.929108 host_rss_mb=2317
[epoch 5/7000] EBOPs=untraced in_training_ebops=10455521 target=5000000 beta=8.08e-08 val_AUC=0.896693 val_accuracy=0.661726 seconds=199.4 checkpoint=- ebops_trace_seconds=0.01 ebops_trace_over_epoch=0.000 loss=1.836894 host_rss_mb=2322
[epoch 6/7000] EBOPs=untraced in_training_ebops=9023851 target=5000000 beta=7.1e-08 val_AUC=0.891738 val_accuracy=0.647129 seconds=195.4 checkpoint=- ebops_trace_seconds=0.01 ebops_trace_over_epoch=0.000 loss=1.615891 host_rss_mb=2331
[epoch 7/7000] EBOPs=untraced in_training_ebops=8069461 target=5000000 beta=6.31e-08 val_AUC=0.903842 val_accuracy=0.673790 seconds=188.2 checkpoint=- ebops_trace_seconds=0.01 ebops_trace_over_epoch=0.000 loss=1.456269 host_rss_mb=2338
[epoch 8/7000] EBOPs=untraced in_training_ebops=7887125 target=5000000 beta=5.78e-08 val_AUC=0.902450 val_accuracy=0.673500 seconds=211.7 checkpoint=- ebops_trace_seconds=0.01 ebops_trace_over_epoch=0.000 loss=1.370472 host_rss_mb=2343
[epoch 9/7000] EBOPs=untraced in_training_ebops=7805148 target=5000000 beta=5.78e-08 val_AUC=0.899658 val_accuracy=0.658032 seconds=210.4 checkpoint=- ebops_trace_seconds=0.01 ebops_trace_over_epoch=0.000 loss=1.361899 host_rss_mb=2346
[epoch 10/7000] EBOPs=7598317 target=5000000 above_floor=3017919 feasible=0 degenerate=0 beta=5.85e-08 val_AUC=0.886582 val_accuracy=0.630758 seconds=388.6 checkpoint=- ebops_trace_seconds=182.29 ebops_trace_over_epoch=0.469 loss=1.377876 host_rss_mb=2352
[epoch 11/7000] EBOPs=untraced in_training_ebops=7360702 target=5000000 beta=5.81e-08 val_AUC=0.889092 val_accuracy=0.656194 seconds=212.3 checkpoint=- ebops_trace_seconds=0.01 ebops_trace_over_epoch=0.000 loss=1.379903 host_rss_mb=2356
[epoch 12/7000] EBOPs=untraced in_training_ebops=7200921 target=5000000 beta=5.74e-08 val_AUC=0.886522 val_accuracy=0.645435 seconds=191.4 checkpoint=- ebops_trace_seconds=0.00 ebops_trace_over_epoch=0.000 loss=1.383217 host_rss_mb=2356
[epoch 13/7000] EBOPs=untraced in_training_ebops=7147690 target=5000000 beta=5.72e-08 val_AUC=0.895536 val_accuracy=0.669484 seconds=185.3 checkpoint=- ebops_trace_seconds=0.01 ebops_trace_over_epoch=0.000 loss=1.363776 host_rss_mb=2357
[epoch 14/7000] EBOPs=untraced in_training_ebops=6914149 target=5000000 beta=5.78e-08 val_AUC=0.892622 val_accuracy=0.637435 seconds=207.0 checkpoint=- ebops_trace_seconds=0.01 ebops_trace_over_epoch=0.000 loss=1.339439 host_rss_mb=2357
[epoch 15/7000] EBOPs=untraced in_training_ebops=7079990 target=5000000 beta=5.68e-08 val_AUC=0.888563 val_accuracy=0.645145 seconds=213.3 checkpoint=- ebops_trace_seconds=0.01 ebops_trace_over_epoch=0.000 loss=1.345221 host_rss_mb=2359
[epoch 16/7000] EBOPs=untraced in_training_ebops=6846491 target=5000000 beta=5.92e-08 val_AUC=0.889890 val_accuracy=0.650016 seconds=211.7 checkpoint=- ebops_trace_seconds=0.01 ebops_trace_over_epoch=0.000 loss=1.354554 host_rss_mb=2367
[epoch 17/7000] EBOPs=untraced in_training_ebops=7028689 target=5000000 beta=5.82e-08 val_AUC=0.884324 val_accuracy=0.594758 seconds=213.1 checkpoint=- ebops_trace_seconds=0.01 ebops_trace_over_epoch=0.000 loss=1.343202 host_rss_mb=2367
[epoch 18/7000] EBOPs=untraced in_training_ebops=6977437 target=5000000 beta=6.07e-08 val_AUC=0.882814 val_accuracy=0.634952 seconds=200.8 checkpoint=- ebops_trace_seconds=0.00 ebops_trace_over_epoch=0.000 loss=1.358610 host_rss_mb=2367
[epoch 19/7000] EBOPs=untraced in_training_ebops=7040819 target=5000000 beta=6.13e-08 val_AUC=0.871493 val_accuracy=0.592935 seconds=185.1 checkpoint=- ebops_trace_seconds=0.01 ebops_trace_over_epoch=0.000 loss=1.366591 host_rss_mb=2371
[epoch 20/7000] EBOPs=6686552 target=5000000 above_floor=2106154 feasible=0 degenerate=0 beta=6.29e-08 val_AUC=0.895383 val_accuracy=0.660339 seconds=380.4 checkpoint=- ebops_trace_seconds=180.36 ebops_trace_over_epoch=0.474 loss=1.359230 host_rss_mb=2369
[epoch 21/7000] EBOPs=untraced in_training_ebops=6723379 target=5000000 beta=6.06e-08 val_AUC=0.892696 val_accuracy=0.648855 seconds=213.2 checkpoint=- ebops_trace_seconds=0.01 ebops_trace_over_epoch=0.000 loss=1.342554 host_rss_mb=2377
[epoch 22/7000] EBOPs=untraced in_training_ebops=6911800 target=5000000 beta=6.19e-08 val_AUC=0.898048 val_accuracy=0.667081 seconds=201.5 checkpoint=- ebops_trace_seconds=0.01 ebops_trace_over_epoch=0.000 loss=1.370261 host_rss_mb=2382
[epoch 23/7000] EBOPs=untraced in_training_ebops=6831822 target=5000000 beta=6.47e-08 val_AUC=0.888954 val_accuracy=0.641823 seconds=211.8 checkpoint=- ebops_trace_seconds=0.01 ebops_trace_over_epoch=0.000 loss=1.363771 host_rss_mb=2383
[epoch 24/7000] EBOPs=untraced in_training_ebops=6921919 target=5000000 beta=6.49e-08 val_AUC=0.882403 val_accuracy=0.619048 seconds=214.2 checkpoint=- ebops_trace_seconds=0.01 ebops_trace_over_epoch=0.000 loss=1.368801 host_rss_mb=2383
[epoch 25/7000] EBOPs=untraced in_training_ebops=6844048 target=5000000 beta=6.69e-08 val_AUC=0.892660 val_accuracy=0.656806 seconds=183.2 checkpoint=epoch-0025 ebops_trace_seconds=0.00 ebops_trace_over_epoch=0.000 loss=1.387728 host_rss_mb=2383
[epoch 26/7000] EBOPs=untraced in_training_ebops=6647403 target=5000000 beta=6.71e-08 val_AUC=0.891846 val_accuracy=0.666113 seconds=200.5 checkpoint=- ebops_trace_seconds=0.01 ebops_trace_over_epoch=0.000 loss=1.386791 host_rss_mb=2385
[epoch 27/7000] EBOPs=untraced in_training_ebops=6567445 target=5000000 beta=6.62e-08 val_AUC=0.896768 val_accuracy=0.628145 seconds=203.2 checkpoint=- ebops_trace_seconds=0.01 ebops_trace_over_epoch=0.000 loss=1.374846 host_rss_mb=2385
[epoch 28/7000] EBOPs=untraced in_training_ebops=6772124 target=5000000 beta=6.63e-08 val_AUC=0.896794 val_accuracy=0.663694 seconds=211.2 checkpoint=- ebops_trace_seconds=0.01 ebops_trace_over_epoch=0.000 loss=1.374812 host_rss_mb=2385
[epoch 29/7000] EBOPs=untraced in_training_ebops=6688134 target=5000000 beta=6.94e-08 val_AUC=0.893188 val_accuracy=0.653210 seconds=214.4 checkpoint=- ebops_trace_seconds=0.01 ebops_trace_over_epoch=0.000 loss=1.394340 host_rss_mb=2387
[epoch 30/7000] EBOPs=6659420 target=5000000 above_floor=2079022 feasible=0 degenerate=0 beta=6.95e-08 val_AUC=0.874311 val_accuracy=0.574548 seconds=395.2 checkpoint=- ebops_trace_seconds=181.80 ebops_trace_over_epoch=0.460 loss=1.394604 host_rss_mb=2387
[epoch 31/7000] EBOPs=untraced in_training_ebops=6546716 target=5000000 beta=7.02e-08 val_AUC=0.881833 val_accuracy=0.621677 seconds=164.3 checkpoint=- ebops_trace_seconds=0.01 ebops_trace_over_epoch=0.000 loss=1.404011 host_rss_mb=2387
[epoch 32/7000] EBOPs=untraced in_training_ebops=6552840 target=5000000 beta=7e-08 val_AUC=0.887864 val_accuracy=0.649419 seconds=200.1 checkpoint=- ebops_trace_seconds=0.01 ebops_trace_over_epoch=0.000 loss=1.383976 host_rss_mb=2390
[epoch 33/7000] EBOPs=untraced in_training_ebops=6474969 target=5000000 beta=7.1e-08 val_AUC=0.854741 val_accuracy=0.512516 seconds=216.2 checkpoint=- ebops_trace_seconds=0.01 ebops_trace_over_epoch=0.000 loss=1.416193 host_rss_mb=2390
[epoch 34/7000] EBOPs=untraced in_training_ebops=6841482 target=5000000 beta=7.1e-08 val_AUC=0.893754 val_accuracy=0.651403 seconds=211.2 checkpoint=- ebops_trace_seconds=0.01 ebops_trace_over_epoch=0.000 loss=1.411550 host_rss_mb=2390
[epoch 35/7000] EBOPs=untraced in_training_ebops=6689945 target=5000000 beta=7.63e-08 val_AUC=0.881468 val_accuracy=0.605823 seconds=209.9 checkpoint=- ebops_trace_seconds=0.01 ebops_trace_over_epoch=0.000 loss=1.448686 host_rss_mb=2390
[epoch 36/7000] EBOPs=untraced in_training_ebops=6669273 target=5000000 beta=7.57e-08 val_AUC=0.892583 val_accuracy=0.652339 seconds=205.9 checkpoint=- ebops_trace_seconds=0.01 ebops_trace_over_epoch=0.000 loss=1.444144 host_rss_mb=2390
[epoch 37/7000] EBOPs=untraced in_training_ebops=6435845 target=5000000 beta=7.65e-08 val_AUC=0.887240 val_accuracy=0.632823 seconds=210.9 checkpoint=- ebops_trace_seconds=0.01 ebops_trace_over_epoch=0.000 loss=1.447291 host_rss_mb=2390
[epoch 38/7000] EBOPs=untraced in_training_ebops=6562715 target=5000000 beta=7.48e-08 val_AUC=0.887977 val_accuracy=0.635161 seconds=177.8 checkpoint=- ebops_trace_seconds=0.01 ebops_trace_over_epoch=0.000 loss=1.445441 host_rss_mb=2381
[epoch 39/7000] EBOPs=untraced in_training_ebops=6581073 target=5000000 beta=7.73e-08 val_AUC=0.899747 val_accuracy=0.668806 seconds=209.1 checkpoint=- ebops_trace_seconds=0.01 ebops_trace_over_epoch=0.000 loss=1.460332 host_rss_mb=2385
[epoch 40/7000] EBOPs=6509238 target=5000000 above_floor=1928840 feasible=0 degenerate=0 beta=7.86e-08 val_AUC=0.887559 val_accuracy=0.632871 seconds=382.9 checkpoint=- ebops_trace_seconds=178.70 ebops_trace_over_epoch=0.467 loss=1.457224 host_rss_mb=2389
[epoch 41/7000] EBOPs=untraced in_training_ebops=6646368 target=5000000 beta=7.88e-08 val_AUC=0.887184 val_accuracy=0.645161 seconds=211.4 checkpoint=- ebops_trace_seconds=0.00 ebops_trace_over_epoch=0.000 loss=1.455187 host_rss_mb=2390
[epoch 42/7000] EBOPs=untraced in_training_ebops=6359577 target=5000000 beta=8.16e-08 val_AUC=0.894370 val_accuracy=0.662758 seconds=215.6 checkpoint=- ebops_trace_seconds=0.01 ebops_trace_over_epoch=0.000 loss=1.486491 host_rss_mb=2392
[epoch 43/7000] EBOPs=untraced in_training_ebops=6480320 target=5000000 beta=7.9e-08 val_AUC=0.890333 val_accuracy=0.644935 seconds=208.5 checkpoint=- ebops_trace_seconds=0.01 ebops_trace_over_epoch=0.000 loss=1.450787 host_rss_mb=2392
[epoch 44/7000] EBOPs=untraced in_training_ebops=6435131 target=5000000 beta=8.15e-08 val_AUC=0.895558 val_accuracy=0.665306 seconds=160.7 checkpoint=- ebops_trace_seconds=0.01 ebops_trace_over_epoch=0.000 loss=1.482433 host_rss_mb=2392
[epoch 45/7000] EBOPs=untraced in_training_ebops=6521004 target=5000000 beta=8.2e-08 val_AUC=0.895942 val_accuracy=0.668629 seconds=205.8 checkpoint=- ebops_trace_seconds=0.01 ebops_trace_over_epoch=0.000 loss=1.458009 host_rss_mb=2392
[epoch 46/7000] EBOPs=untraced in_training_ebops=6291554 target=5000000 beta=8.42e-08 val_AUC=0.888572 val_accuracy=0.655758 seconds=212.4 checkpoint=- ebops_trace_seconds=0.01 ebops_trace_over_epoch=0.000 loss=1.482021 host_rss_mb=2393
[epoch 47/7000] EBOPs=untraced in_training_ebops=6471687 target=5000000 beta=8.22e-08 val_AUC=0.859846 val_accuracy=0.574419 seconds=215.0 checkpoint=- ebops_trace_seconds=0.01 ebops_trace_over_epoch=0.000 loss=1.451853 host_rss_mb=2393
[epoch 48/7000] EBOPs=untraced in_training_ebops=6426552 target=5000000 beta=8.56e-08 val_AUC=0.898665 val_accuracy=0.674532 seconds=210.3 checkpoint=- ebops_trace_seconds=0.01 ebops_trace_over_epoch=0.000 loss=1.501443 host_rss_mb=2394
[epoch 49/7000] EBOPs=untraced in_training_ebops=6401954 target=5000000 beta=8.61e-08 val_AUC=0.896447 val_accuracy=0.656323 seconds=202.3 checkpoint=- ebops_trace_seconds=0.01 ebops_trace_over_epoch=0.000 loss=1.484274 host_rss_mb=2394
[epoch 50/7000] EBOPs=6551364 target=5000000 above_floor=1970966 feasible=0 degenerate=0 beta=8.69e-08 val_AUC=0.880277 val_accuracy=0.610290 seconds=359.5 checkpoint=epoch-0050 ebops_trace_seconds=153.77 ebops_trace_over_epoch=0.428 loss=1.513224 host_rss_mb=2394
[epoch 51/7000] EBOPs=untraced in_training_ebops=6534980 target=5000000 beta=9.01e-08 val_AUC=0.885731 val_accuracy=0.592468 seconds=212.2 checkpoint=- ebops_trace_seconds=0.01 ebops_trace_over_epoch=0.000 loss=1.533948 host_rss_mb=2394
[epoch 52/7000] EBOPs=untraced in_training_ebops=6457055 target=5000000 beta=9.11e-08 val_AUC=0.886615 val_accuracy=0.641629 seconds=212.6 checkpoint=- ebops_trace_seconds=0.01 ebops_trace_over_epoch=0.000 loss=1.538948 host_rss_mb=2396
[epoch 53/7000] EBOPs=untraced in_training_ebops=6442655 target=5000000 beta=9.11e-08 val_AUC=0.896853 val_accuracy=0.654935 seconds=202.4 checkpoint=- ebops_trace_seconds=0.01 ebops_trace_over_epoch=0.000 loss=1.533367 host_rss_mb=2396
[epoch 54/7000] EBOPs=untraced in_training_ebops=6506101 target=5000000 beta=9.21e-08 val_AUC=0.879708 val_accuracy=0.635935 seconds=212.0 checkpoint=- ebops_trace_seconds=0.01 ebops_trace_over_epoch=0.000 loss=1.532522 host_rss_mb=2396
[epoch 55/7000] EBOPs=untraced in_training_ebops=6373008 target=5000000 beta=9.42e-08 val_AUC=0.880003 val_accuracy=0.615790 seconds=212.2 checkpoint=- ebops_trace_seconds=0.01 ebops_trace_over_epoch=0.000 loss=1.557983 host_rss_mb=2389
[epoch 56/7000] EBOPs=untraced in_training_ebops=6329921 target=5000000 beta=9.34e-08 val_AUC=0.894227 val_accuracy=0.658129 seconds=205.1 checkpoint=- ebops_trace_seconds=0.01 ebops_trace_over_epoch=0.000 loss=1.536827 host_rss_mb=2393
[epoch 57/7000] EBOPs=untraced in_training_ebops=6614593 target=5000000 beta=9.39e-08 val_AUC=0.887566 val_accuracy=0.630500 seconds=179.9 checkpoint=- ebops_trace_seconds=0.01 ebops_trace_over_epoch=0.000 loss=1.539188 host_rss_mb=2395
[epoch 58/7000] EBOPs=untraced in_training_ebops=6329810 target=5000000 beta=9.95e-08 val_AUC=0.875742 val_accuracy=0.590161 seconds=200.7 checkpoint=- ebops_trace_seconds=0.01 ebops_trace_over_epoch=0.000 loss=1.577348 host_rss_mb=2395
[epoch 59/7000] EBOPs=untraced in_training_ebops=6430157 target=5000000 beta=9.64e-08 val_AUC=0.895924 val_accuracy=0.657210 seconds=213.7 checkpoint=- ebops_trace_seconds=0.01 ebops_trace_over_epoch=0.000 loss=1.554454 host_rss_mb=2396
[epoch 60/7000] EBOPs=6251971 target=5000000 above_floor=1671573 feasible=0 degenerate=0 beta=9.91e-08 val_AUC=0.891297 val_accuracy=0.663242 seconds=394.2 checkpoint=- ebops_trace_seconds=182.21 ebops_trace_over_epoch=0.462 loss=1.601312 host_rss_mb=2397
[epoch 61/7000] EBOPs=untraced in_training_ebops=6389145 target=5000000 beta=9.75e-08 val_AUC=0.886626 val_accuracy=0.655161 seconds=208.5 checkpoint=- ebops_trace_seconds=0.01 ebops_trace_over_epoch=0.000 loss=1.582962 host_rss_mb=2397
[epoch 62/7000] EBOPs=untraced in_training_ebops=6458755 target=5000000 beta=1.01e-07 val_AUC=0.875331 val_accuracy=0.615113 seconds=195.3 checkpoint=- ebops_trace_seconds=0.01 ebops_trace_over_epoch=0.000 loss=1.610614 host_rss_mb=2397
[epoch 63/7000] EBOPs=untraced in_training_ebops=6225209 target=5000000 beta=1.03e-07 val_AUC=0.870252 val_accuracy=0.613000 seconds=181.2 checkpoint=- ebops_trace_seconds=0.01 ebops_trace_over_epoch=0.000 loss=1.618284 host_rss_mb=2397
[epoch 64/7000] EBOPs=untraced in_training_ebops=6266201 target=5000000 beta=1.01e-07 val_AUC=0.891308 val_accuracy=0.657355 seconds=212.2 checkpoint=- ebops_trace_seconds=0.01 ebops_trace_over_epoch=0.000 loss=1.576822 host_rss_mb=2397
[epoch 65/7000] EBOPs=untraced in_training_ebops=6139220 target=5000000 beta=1.02e-07 val_AUC=0.886101 val_accuracy=0.639742 seconds=214.1 checkpoint=- ebops_trace_seconds=0.01 ebops_trace_over_epoch=0.000 loss=1.599549 host_rss_mb=2397
[epoch 66/7000] EBOPs=untraced in_training_ebops=6409423 target=5000000 beta=1.01e-07 val_AUC=0.897960 val_accuracy=0.665548 seconds=202.5 checkpoint=- ebops_trace_seconds=0.01 ebops_trace_over_epoch=0.000 loss=1.587067 host_rss_mb=2397
[epoch 67/7000] EBOPs=untraced in_training_ebops=6286484 target=5000000 beta=1.07e-07 val_AUC=0.890126 val_accuracy=0.656758 seconds=209.7 checkpoint=- ebops_trace_seconds=0.01 ebops_trace_over_epoch=0.000 loss=1.626218 host_rss_mb=2397
[epoch 68/7000] EBOPs=untraced in_training_ebops=6331530 target=5000000 beta=1.06e-07 val_AUC=0.894738 val_accuracy=0.652661 seconds=214.2 checkpoint=- ebops_trace_seconds=0.01 ebops_trace_over_epoch=0.000 loss=1.630904 host_rss_mb=2397
[epoch 69/7000] EBOPs=untraced in_training_ebops=6188170 target=5000000 beta=1.08e-07 val_AUC=0.892027 val_accuracy=0.658194 seconds=197.7 checkpoint=- ebops_trace_seconds=0.00 ebops_trace_over_epoch=0.000 loss=1.662012 host_rss_mb=2397
[epoch 70/7000] EBOPs=6171813 target=5000000 above_floor=1591415 feasible=0 degenerate=0 beta=1.07e-07 val_AUC=0.879873 val_accuracy=0.632806 seconds=357.0 checkpoint=- ebops_trace_seconds=170.89 ebops_trace_over_epoch=0.479 loss=1.616398 host_rss_mb=2401
[epoch 71/7000] EBOPs=untraced in_training_ebops=6292652 target=5000000 beta=1.08e-07 val_AUC=0.883759 val_accuracy=0.625532 seconds=214.4 checkpoint=- ebops_trace_seconds=0.01 ebops_trace_over_epoch=0.000 loss=1.644621 host_rss_mb=2401
[epoch 72/7000] EBOPs=untraced in_training_ebops=6382737 target=5000000 beta=1.11e-07 val_AUC=0.866638 val_accuracy=0.602581 seconds=212.5 checkpoint=- ebops_trace_seconds=0.01 ebops_trace_over_epoch=0.000 loss=1.656387 host_rss_mb=2401
[epoch 73/7000] EBOPs=untraced in_training_ebops=6311015 target=5000000 beta=1.14e-07 val_AUC=0.875164 val_accuracy=0.613242 seconds=212.0 checkpoint=- ebops_trace_seconds=0.01 ebops_trace_over_epoch=0.000 loss=1.684767 host_rss_mb=2393
[epoch 74/7000] EBOPs=untraced in_training_ebops=6298685 target=5000000 beta=1.14e-07 val_AUC=0.875701 val_accuracy=0.612484 seconds=214.4 checkpoint=- ebops_trace_seconds=0.01 ebops_trace_over_epoch=0.000 loss=1.681395 host_rss_mb=2398
[epoch 75/7000] EBOPs=untraced in_training_ebops=6091859 target=5000000 beta=1.15e-07 val_AUC=0.872141 val_accuracy=0.548629 seconds=177.7 checkpoint=epoch-0075 ebops_trace_seconds=0.00 ebops_trace_over_epoch=0.000 loss=1.682306 host_rss_mb=2398
[epoch 76/7000] EBOPs=untraced in_training_ebops=6192189 target=5000000 beta=1.13e-07 val_AUC=0.888200 val_accuracy=0.645419 seconds=190.8 checkpoint=- ebops_trace_seconds=0.01 ebops_trace_over_epoch=0.000 loss=1.670184 host_rss_mb=2398
[epoch 77/7000] EBOPs=untraced in_training_ebops=6411251 target=5000000 beta=1.16e-07 val_AUC=0.874349 val_accuracy=0.619581 seconds=211.8 checkpoint=- ebops_trace_seconds=0.01 ebops_trace_over_epoch=0.000 loss=1.695605 host_rss_mb=2398
[epoch 78/7000] EBOPs=untraced in_training_ebops=6255593 target=5000000 beta=1.21e-07 val_AUC=0.879505 val_accuracy=0.624081 seconds=213.0 checkpoint=- ebops_trace_seconds=0.01 ebops_trace_over_epoch=0.000 loss=1.717262 host_rss_mb=2398
[epoch 79/7000] EBOPs=untraced in_training_ebops=6316932 target=5000000 beta=1.2e-07 val_AUC=0.893475 val_accuracy=0.650113 seconds=213.6 checkpoint=- ebops_trace_seconds=0.01 ebops_trace_over_epoch=0.000 loss=1.705276 host_rss_mb=2399
[epoch 80/7000] EBOPs=6185897 target=5000000 above_floor=1605499 feasible=0 degenerate=0 beta=1.22e-07 val_AUC=0.884281 val_accuracy=0.636113 seconds=381.6 checkpoint=- ebops_trace_seconds=182.16 ebops_trace_over_epoch=0.478 loss=1.725037 host_rss_mb=2400
[epoch 81/7000] EBOPs=untraced in_training_ebops=6065060 target=5000000 beta=1.21e-07 val_AUC=0.874873 val_accuracy=0.601984 seconds=193.9 checkpoint=- ebops_trace_seconds=0.01 ebops_trace_over_epoch=0.000 loss=1.739589 host_rss_mb=2400
[epoch 82/7000] EBOPs=untraced in_training_ebops=6298446 target=5000000 beta=1.2e-07 val_AUC=0.883340 val_accuracy=0.628177 seconds=193.9 checkpoint=- ebops_trace_seconds=0.01 ebops_trace_over_epoch=0.000 loss=1.737116 host_rss_mb=2400
[epoch 83/7000] EBOPs=untraced in_training_ebops=6187748 target=5000000 beta=1.26e-07 val_AUC=0.880598 val_accuracy=0.642774 seconds=211.3 checkpoint=- ebops_trace_seconds=0.01 ebops_trace_over_epoch=0.000 loss=1.778018 host_rss_mb=2400
[epoch 84/7000] EBOPs=untraced in_training_ebops=6167374 target=5000000 beta=1.25e-07 val_AUC=0.867100 val_accuracy=0.605726 seconds=201.3 checkpoint=- ebops_trace_seconds=0.01 ebops_trace_over_epoch=0.000 loss=1.768979 host_rss_mb=2400
[epoch 85/7000] EBOPs=untraced in_training_ebops=6150963 target=5000000 beta=1.26e-07 val_AUC=0.869483 val_accuracy=0.578855 seconds=214.4 checkpoint=- ebops_trace_seconds=0.01 ebops_trace_over_epoch=0.000 loss=1.762770 host_rss_mb=2402
[epoch 86/7000] EBOPs=untraced in_training_ebops=6025860 target=5000000 beta=1.27e-07 val_AUC=0.866797 val_accuracy=0.598194 seconds=212.1 checkpoint=- ebops_trace_seconds=0.01 ebops_trace_over_epoch=0.000 loss=1.750196 host_rss_mb=2403
[epoch 87/7000] EBOPs=untraced in_training_ebops=6193838 target=5000000 beta=1.26e-07 val_AUC=0.880312 val_accuracy=0.625758 seconds=209.8 checkpoint=- ebops_trace_seconds=0.01 ebops_trace_over_epoch=0.000 loss=1.758634 host_rss_mb=2403
[epoch 88/7000] EBOPs=untraced in_training_ebops=6390409 target=5000000 beta=1.3e-07 val_AUC=0.866318 val_accuracy=0.609048 seconds=179.9 checkpoint=- ebops_trace_seconds=0.00 ebops_trace_over_epoch=0.000 loss=1.808217 host_rss_mb=2403
[epoch 89/7000] EBOPs=untraced in_training_ebops=6132341 target=5000000 beta=1.36e-07 val_AUC=0.864782 val_accuracy=0.584581 seconds=187.9 checkpoint=- ebops_trace_seconds=0.01 ebops_trace_over_epoch=0.000 loss=1.833368 host_rss_mb=2403
[epoch 90/7000] EBOPs=6087280 target=5000000 above_floor=1506882 feasible=0 degenerate=0 beta=1.32e-07 val_AUC=0.859993 val_accuracy=0.556194 seconds=394.3 checkpoint=- ebops_trace_seconds=181.67 ebops_trace_over_epoch=0.461 loss=1.805135 host_rss_mb=2396
[epoch 91/7000] EBOPs=untraced in_training_ebops=6158960 target=5000000 beta=1.32e-07 val_AUC=0.865358 val_accuracy=0.628371 seconds=214.5 checkpoint=- ebops_trace_seconds=0.01 ebops_trace_over_epoch=0.000 loss=1.799606 host_rss_mb=2400
[epoch 92/7000] EBOPs=untraced in_training_ebops=6050310 target=5000000 beta=1.35e-07 val_AUC=0.877145 val_accuracy=0.626226 seconds=205.5 checkpoint=- ebops_trace_seconds=0.01 ebops_trace_over_epoch=0.000 loss=1.831387 host_rss_mb=2402
[epoch 93/7000] EBOPs=untraced in_training_ebops=6107664 target=5000000 beta=1.34e-07 val_AUC=0.857924 val_accuracy=0.592532 seconds=203.2 checkpoint=- ebops_trace_seconds=0.01 ebops_trace_over_epoch=0.000 loss=1.808304 host_rss_mb=2402
[epoch 94/7000] EBOPs=untraced in_training_ebops=6156695 target=5000000 beta=1.37e-07 val_AUC=0.869604 val_accuracy=0.625081 seconds=189.1 checkpoint=- ebops_trace_seconds=0.01 ebops_trace_over_epoch=0.000 loss=1.832259 host_rss_mb=2402
[epoch 95/7000] EBOPs=untraced in_training_ebops=5913020 target=5000000 beta=1.39e-07 val_AUC=0.869674 val_accuracy=0.611306 seconds=202.3 checkpoint=- ebops_trace_seconds=0.01 ebops_trace_over_epoch=0.000 loss=1.844815 host_rss_mb=2402
[epoch 96/7000] EBOPs=untraced in_training_ebops=5964102 target=5000000 beta=1.35e-07 val_AUC=0.862452 val_accuracy=0.595968 seconds=213.5 checkpoint=- ebops_trace_seconds=0.01 ebops_trace_over_epoch=0.000 loss=1.807490 host_rss_mb=2402
[epoch 97/7000] EBOPs=untraced in_training_ebops=6117749 target=5000000 beta=1.37e-07 val_AUC=0.850283 val_accuracy=0.557274 seconds=201.2 checkpoint=- ebops_trace_seconds=0.01 ebops_trace_over_epoch=0.000 loss=1.826607 host_rss_mb=2402
[epoch 98/7000] EBOPs=untraced in_training_ebops=6105392 target=5000000 beta=1.42e-07 val_AUC=0.878923 val_accuracy=0.628677 seconds=214.3 checkpoint=- ebops_trace_seconds=0.01 ebops_trace_over_epoch=0.000 loss=1.856901 host_rss_mb=2402
[epoch 99/7000] EBOPs=untraced in_training_ebops=6183132 target=5000000 beta=1.43e-07 val_AUC=0.878318 val_accuracy=0.635048 seconds=213.7 checkpoint=- ebops_trace_seconds=0.01 ebops_trace_over_epoch=0.000 loss=1.874656 host_rss_mb=2402
[epoch 100/7000] EBOPs=5910763 target=5000000 above_floor=1330365 feasible=0 degenerate=0 beta=1.47e-07 val_AUC=0.878271 val_accuracy=0.622855 seconds=364.3 checkpoint=epoch-0100 ebops_trace_seconds=163.13 ebops_trace_over_epoch=0.448 loss=1.875342 host_rss_mb=2407
[epoch 101/7000] EBOPs=untraced in_training_ebops=5996688 target=5000000 beta=1.42e-07 val_AUC=0.873092 val_accuracy=0.625565 seconds=194.1 checkpoint=- ebops_trace_seconds=0.01 ebops_trace_over_epoch=0.000 loss=1.836210 host_rss_mb=2407
[epoch 102/7000] EBOPs=untraced in_training_ebops=5976240 target=5000000 beta=1.45e-07 val_AUC=0.881149 val_accuracy=0.648081 seconds=214.6 checkpoint=- ebops_trace_seconds=0.01 ebops_trace_over_epoch=0.000 loss=1.859969 host_rss_mb=2408
[epoch 103/7000] EBOPs=untraced in_training_ebops=6084747 target=5000000 beta=1.46e-07 val_AUC=0.886048 val_accuracy=0.632694 seconds=212.5 checkpoint=- ebops_trace_seconds=0.01 ebops_trace_over_epoch=0.000 loss=1.873745 host_rss_mb=2408
[epoch 104/7000] EBOPs=untraced in_training_ebops=5918928 target=5000000 beta=1.5e-07 val_AUC=0.871359 val_accuracy=0.599661 seconds=213.8 checkpoint=- ebops_trace_seconds=0.01 ebops_trace_over_epoch=0.000 loss=1.883972 host_rss_mb=2408
RSS_GATE chang0926-cprime-n64-s1 PASS slope_mb_per_epoch 0.475 baseline_mb 2366 projection_mb 5694 at_epoch 7000 limit_mb 8192 fit_epochs 5-104 of this process
[epoch 105/7000] EBOPs=untraced in_training_ebops=6000705 target=5000000 beta=1.47e-07 val_AUC=0.875330 val_accuracy=0.630194 seconds=213.9 checkpoint=- ebops_trace_seconds=0.01 ebops_trace_over_epoch=0.000 loss=1.868364 host_rss_mb=2408
[epoch 106/7000] EBOPs=untraced in_training_ebops=6017079 target=5000000 beta=1.5e-07 val_AUC=0.876062 val_accuracy=0.629242 seconds=185.9 checkpoint=- ebops_trace_seconds=0.01 ebops_trace_over_epoch=0.000 loss=1.895742 host_rss_mb=2409
[epoch 107/7000] EBOPs=untraced in_training_ebops=5945357 target=5000000 beta=1.52e-07 val_AUC=0.879338 val_accuracy=0.637242 seconds=188.0 checkpoint=- ebops_trace_seconds=0.01 ebops_trace_over_epoch=0.000 loss=1.901632 host_rss_mb=2409
[epoch 108/7000] EBOPs=untraced in_training_ebops=6080419 target=5000000 beta=1.52e-07 val_AUC=0.861283 val_accuracy=0.581613 seconds=212.0 checkpoint=- ebops_trace_seconds=0.01 ebops_trace_over_epoch=0.000 loss=1.899235 host_rss_mb=2402
[epoch 109/7000] EBOPs=untraced in_training_ebops=5869556 target=5000000 beta=1.57e-07 val_AUC=0.858177 val_accuracy=0.509548 seconds=212.0 checkpoint=- ebops_trace_seconds=0.01 ebops_trace_over_epoch=0.000 loss=1.902904 host_rss_mb=2403
[epoch 110/7000] EBOPs=6236111 target=5000000 above_floor=1655713 feasible=0 degenerate=0 beta=1.52e-07 val_AUC=0.867961 val_accuracy=0.591581 seconds=381.3 checkpoint=- ebops_trace_seconds=172.93 ebops_trace_over_epoch=0.454 loss=1.905464 host_rss_mb=2405
[epoch 111/7000] EBOPs=untraced in_training_ebops=5959572 target=5000000 beta=1.64e-07 val_AUC=0.868549 val_accuracy=0.593065 seconds=214.2 checkpoint=- ebops_trace_seconds=0.01 ebops_trace_over_epoch=0.000 loss=1.958322 host_rss_mb=2407
[epoch 112/7000] EBOPs=untraced in_training_ebops=6127577 target=5000000 beta=1.58e-07 val_AUC=0.877777 val_accuracy=0.640516 seconds=199.5 checkpoint=- ebops_trace_seconds=0.01 ebops_trace_over_epoch=0.000 loss=1.931520 host_rss_mb=2407
[epoch 113/7000] EBOPs=untraced in_training_ebops=5939119 target=5000000 beta=1.64e-07 val_AUC=0.854956 val_accuracy=0.550806 seconds=186.8 checkpoint=- ebops_trace_seconds=0.01 ebops_trace_over_epoch=0.000 loss=1.981454 host_rss_mb=2407
[epoch 114/7000] EBOPs=untraced in_training_ebops=5701573 target=5000000 beta=1.6e-07 val_AUC=0.857621 val_accuracy=0.607387 seconds=204.9 checkpoint=- ebops_trace_seconds=0.01 ebops_trace_over_epoch=0.000 loss=1.952585 host_rss_mb=2407
[epoch 115/7000] EBOPs=untraced in_training_ebops=6023067 target=5000000 beta=1.55e-07 val_AUC=0.838696 val_accuracy=0.554645 seconds=208.1 checkpoint=- ebops_trace_seconds=0.01 ebops_trace_over_epoch=0.000 loss=1.902710 host_rss_mb=2407
[epoch 116/7000] EBOPs=untraced in_training_ebops=5916588 target=5000000 beta=1.65e-07 val_AUC=0.871599 val_accuracy=0.625016 seconds=213.5 checkpoint=- ebops_trace_seconds=0.01 ebops_trace_over_epoch=0.000 loss=1.977736 host_rss_mb=2409
[epoch 117/7000] EBOPs=untraced in_training_ebops=5951335 target=5000000 beta=1.64e-07 val_AUC=0.868746 val_accuracy=0.603016 seconds=213.0 checkpoint=- ebops_trace_seconds=0.01 ebops_trace_over_epoch=0.000 loss=1.955674 host_rss_mb=2410
[epoch 118/7000] EBOPs=untraced in_training_ebops=5990237 target=5000000 beta=1.66e-07 val_AUC=0.872567 val_accuracy=0.612032 seconds=211.8 checkpoint=- ebops_trace_seconds=0.01 ebops_trace_over_epoch=0.000 loss=1.993979 host_rss_mb=2410
[epoch 119/7000] EBOPs=untraced in_training_ebops=5922562 target=5000000 beta=1.69e-07 val_AUC=0.878543 val_accuracy=0.627839 seconds=190.2 checkpoint=- ebops_trace_seconds=0.01 ebops_trace_over_epoch=0.000 loss=1.999054 host_rss_mb=2410
[epoch 120/7000] EBOPs=5965683 target=5000000 above_floor=1385285 feasible=0 degenerate=0 beta=1.68e-07 val_AUC=0.864969 val_accuracy=0.581258 seconds=367.5 checkpoint=- ebops_trace_seconds=182.59 ebops_trace_over_epoch=0.497 loss=2.005400 host_rss_mb=2410
[epoch 121/7000] EBOPs=untraced in_training_ebops=5869309 target=5000000 beta=1.71e-07 val_AUC=0.843887 val_accuracy=0.520145 seconds=211.3 checkpoint=- ebops_trace_seconds=0.01 ebops_trace_over_epoch=0.000 loss=2.027840 host_rss_mb=2411
[epoch 122/7000] EBOPs=untraced in_training_ebops=5865208 target=5000000 beta=1.7e-07 val_AUC=0.864574 val_accuracy=0.570129 seconds=213.0 checkpoint=- ebops_trace_seconds=0.01 ebops_trace_over_epoch=0.000 loss=2.011011 host_rss_mb=2411
[epoch 123/7000] EBOPs=untraced in_training_ebops=5936942 target=5000000 beta=1.71e-07 val_AUC=0.843875 val_accuracy=0.546613 seconds=201.0 checkpoint=- ebops_trace_seconds=0.01 ebops_trace_over_epoch=0.000 loss=2.016588 host_rss_mb=2411
[epoch 124/7000] EBOPs=untraced in_training_ebops=5877560 target=5000000 beta=1.74e-07 val_AUC=0.836381 val_accuracy=0.500387 seconds=210.9 checkpoint=- ebops_trace_seconds=0.01 ebops_trace_over_epoch=0.000 loss=2.059311 host_rss_mb=2411
[epoch 125/7000] EBOPs=untraced in_training_ebops=6094584 target=5000000 beta=1.74e-07 val_AUC=0.869669 val_accuracy=0.605000 seconds=200.4 checkpoint=epoch-0125 ebops_trace_seconds=0.01 ebops_trace_over_epoch=0.000 loss=2.034406 host_rss_mb=2400
[epoch 126/7000] EBOPs=untraced in_training_ebops=5797560 target=5000000 beta=1.82e-07 val_AUC=0.879065 val_accuracy=0.631613 seconds=185.4 checkpoint=- ebops_trace_seconds=0.01 ebops_trace_over_epoch=0.000 loss=2.109326 host_rss_mb=2405
[epoch 127/7000] EBOPs=untraced in_training_ebops=5762756 target=5000000 beta=1.75e-07 val_AUC=0.867206 val_accuracy=0.616919 seconds=213.9 checkpoint=- ebops_trace_seconds=0.01 ebops_trace_over_epoch=0.000 loss=2.036517 host_rss_mb=2406
[epoch 128/7000] EBOPs=untraced in_training_ebops=5764723 target=5000000 beta=1.75e-07 val_AUC=0.861766 val_accuracy=0.600952 seconds=202.0 checkpoint=- ebops_trace_seconds=0.01 ebops_trace_over_epoch=0.000 loss=2.036275 host_rss_mb=2407
[epoch 129/7000] EBOPs=untraced in_training_ebops=5934761 target=5000000 beta=1.76e-07 val_AUC=0.867309 val_accuracy=0.589065 seconds=211.9 checkpoint=- ebops_trace_seconds=0.01 ebops_trace_over_epoch=0.000 loss=2.046907 host_rss_mb=2407
[epoch 130/7000] EBOPs=5875374 target=5000000 above_floor=1294976 feasible=0 degenerate=0 beta=1.83e-07 val_AUC=0.871923 val_accuracy=0.624387 seconds=392.5 checkpoint=- ebops_trace_seconds=178.19 ebops_trace_over_epoch=0.454 loss=2.086492 host_rss_mb=2409
[epoch 131/7000] EBOPs=untraced in_training_ebops=5920334 target=5000000 beta=1.82e-07 val_AUC=0.861998 val_accuracy=0.591661 seconds=199.5 checkpoint=- ebops_trace_seconds=0.01 ebops_trace_over_epoch=0.000 loss=2.083200 host_rss_mb=2409
[epoch 132/7000] EBOPs=untraced in_training_ebops=5826168 target=5000000 beta=1.85e-07 val_AUC=0.866641 val_accuracy=0.573661 seconds=171.8 checkpoint=- ebops_trace_seconds=0.01 ebops_trace_over_epoch=0.000 loss=2.096931 host_rss_mb=2410
[epoch 133/7000] EBOPs=untraced in_training_ebops=5893732 target=5000000 beta=1.84e-07 val_AUC=0.854147 val_accuracy=0.558145 seconds=211.8 checkpoint=- ebops_trace_seconds=0.01 ebops_trace_over_epoch=0.000 loss=2.068499 host_rss_mb=2410
[epoch 134/7000] EBOPs=untraced in_training_ebops=5963386 target=5000000 beta=1.88e-07 val_AUC=0.850341 val_accuracy=0.551403 seconds=215.0 checkpoint=- ebops_trace_seconds=0.01 ebops_trace_over_epoch=0.000 loss=2.094410 host_rss_mb=2410
[epoch 135/7000] EBOPs=untraced in_training_ebops=5670495 target=5000000 beta=1.91e-07 val_AUC=0.860030 val_accuracy=0.578048 seconds=212.1 checkpoint=- ebops_trace_seconds=0.01 ebops_trace_over_epoch=0.000 loss=2.129193 host_rss_mb=2410
[epoch 136/7000] EBOPs=untraced in_training_ebops=5803588 target=5000000 beta=1.83e-07 val_AUC=0.852324 val_accuracy=0.568226 seconds=207.6 checkpoint=- ebops_trace_seconds=0.01 ebops_trace_over_epoch=0.000 loss=2.079248 host_rss_mb=2412
[epoch 137/7000] EBOPs=untraced in_training_ebops=5772905 target=5000000 beta=1.89e-07 val_AUC=0.850991 val_accuracy=0.554613 seconds=201.7 checkpoint=- ebops_trace_seconds=0.01 ebops_trace_over_epoch=0.000 loss=2.111630 host_rss_mb=2412
[epoch 138/7000] EBOPs=untraced in_training_ebops=5936703 target=5000000 beta=1.89e-07 val_AUC=0.869559 val_accuracy=0.592452 seconds=199.5 checkpoint=- ebops_trace_seconds=0.01 ebops_trace_over_epoch=0.000 loss=2.119308 host_rss_mb=2412
[epoch 139/7000] EBOPs=untraced in_training_ebops=5776986 target=5000000 beta=1.96e-07 val_AUC=0.866667 val_accuracy=0.602484 seconds=194.7 checkpoint=- ebops_trace_seconds=0.01 ebops_trace_over_epoch=0.000 loss=2.179075 host_rss_mb=2412
[epoch 140/7000] EBOPs=5740144 target=5000000 above_floor=1159746 feasible=0 degenerate=0 beta=1.92e-07 val_AUC=0.863029 val_accuracy=0.599242 seconds=385.8 checkpoint=- ebops_trace_seconds=172.86 ebops_trace_over_epoch=0.448 loss=2.146126 host_rss_mb=2412
[epoch 141/7000] EBOPs=untraced in_training_ebops=5619275 target=5000000 beta=1.93e-07 val_AUC=0.865761 val_accuracy=0.619935 seconds=208.4 checkpoint=- ebops_trace_seconds=0.01 ebops_trace_over_epoch=0.000 loss=2.135452 host_rss_mb=2412
[epoch 142/7000] EBOPs=untraced in_training_ebops=5738101 target=5000000 beta=1.9e-07 val_AUC=0.872033 val_accuracy=0.608484 seconds=211.5 checkpoint=- ebops_trace_seconds=0.01 ebops_trace_over_epoch=0.000 loss=2.139916 host_rss_mb=2385
[epoch 143/7000] EBOPs=untraced in_training_ebops=5744262 target=5000000 beta=1.95e-07 val_AUC=0.864600 val_accuracy=0.588274 seconds=204.7 checkpoint=- ebops_trace_seconds=0.01 ebops_trace_over_epoch=0.000 loss=2.157859 host_rss_mb=2407
[epoch 144/7000] EBOPs=untraced in_training_ebops=5881488 target=5000000 beta=1.96e-07 val_AUC=0.852517 val_accuracy=0.581984 seconds=198.6 checkpoint=- ebops_trace_seconds=0.01 ebops_trace_over_epoch=0.000 loss=2.170247 host_rss_mb=2411
[epoch 145/7000] EBOPs=untraced in_training_ebops=5762704 target=5000000 beta=2.03e-07 val_AUC=0.863712 val_accuracy=0.568887 seconds=184.5 checkpoint=- ebops_trace_seconds=0.01 ebops_trace_over_epoch=0.000 loss=2.193116 host_rss_mb=2411
[epoch 146/7000] EBOPs=untraced in_training_ebops=5926374 target=5000000 beta=2e-07 val_AUC=0.881336 val_accuracy=0.631661 seconds=214.9 checkpoint=- ebops_trace_seconds=0.01 ebops_trace_over_epoch=0.000 loss=2.175862 host_rss_mb=2411
[epoch 147/7000] EBOPs=untraced in_training_ebops=5611031 target=5000000 beta=2.08e-07 val_AUC=0.847863 val_accuracy=0.567242 seconds=211.3 checkpoint=- ebops_trace_seconds=0.00 ebops_trace_over_epoch=0.000 loss=2.232752 host_rss_mb=2411
[epoch 148/7000] EBOPs=untraced in_training_ebops=5852828 target=5000000 beta=1.98e-07 val_AUC=0.855568 val_accuracy=0.565403 seconds=214.7 checkpoint=- ebops_trace_seconds=0.01 ebops_trace_over_epoch=0.000 loss=2.179895 host_rss_mb=2411
[epoch 149/7000] EBOPs=untraced in_training_ebops=5914214 target=5000000 beta=2.08e-07 val_AUC=0.867263 val_accuracy=0.603597 seconds=213.2 checkpoint=- ebops_trace_seconds=0.01 ebops_trace_over_epoch=0.000 loss=2.230906 host_rss_mb=2411
[epoch 150/7000] EBOPs=5885549 target=5000000 above_floor=1305151 feasible=0 degenerate=0 beta=2.12e-07 val_AUC=0.862559 val_accuracy=0.603597 seconds=356.0 checkpoint=epoch-0150 ebops_trace_seconds=170.00 ebops_trace_over_epoch=0.478 loss=2.261086 host_rss_mb=2412
[epoch 151/7000] EBOPs=untraced in_training_ebops=6192648 target=5000000 beta=2.12e-07 val_AUC=0.858148 val_accuracy=0.554081 seconds=198.2 checkpoint=- ebops_trace_seconds=0.01 ebops_trace_over_epoch=0.000 loss=2.248145 host_rss_mb=2412
[epoch 152/7000] EBOPs=untraced in_training_ebops=5498516 target=5000000 beta=2.26e-07 val_AUC=0.848264 val_accuracy=0.557274 seconds=214.4 checkpoint=- ebops_trace_seconds=0.01 ebops_trace_over_epoch=0.000 loss=2.356825 host_rss_mb=2412
[epoch 153/7000] EBOPs=untraced in_training_ebops=5461556 target=5000000 beta=2.02e-07 val_AUC=0.862555 val_accuracy=0.593339 seconds=211.4 checkpoint=- ebops_trace_seconds=0.01 ebops_trace_over_epoch=0.000 loss=2.190170 host_rss_mb=2412
[epoch 154/7000] EBOPs=untraced in_training_ebops=5678617 target=5000000 beta=2.01e-07 val_AUC=0.862419 val_accuracy=0.570161 seconds=199.4 checkpoint=- ebops_trace_seconds=0.01 ebops_trace_over_epoch=0.000 loss=2.183223 host_rss_mb=2412
[epoch 155/7000] EBOPs=untraced in_training_ebops=5991946 target=5000000 beta=2.1e-07 val_AUC=0.865027 val_accuracy=0.620419 seconds=214.2 checkpoint=- ebops_trace_seconds=0.01 ebops_trace_over_epoch=0.000 loss=2.235950 host_rss_mb=2412
[epoch 156/7000] EBOPs=untraced in_training_ebops=5828000 target=5000000 beta=2.24e-07 val_AUC=0.864830 val_accuracy=0.587661 seconds=198.7 checkpoint=- ebops_trace_seconds=0.01 ebops_trace_over_epoch=0.000 loss=2.320613 host_rss_mb=2412
[epoch 157/7000] EBOPs=untraced in_training_ebops=5854757 target=5000000 beta=2.2e-07 val_AUC=0.871470 val_accuracy=0.620935 seconds=191.4 checkpoint=- ebops_trace_seconds=0.01 ebops_trace_over_epoch=0.000 loss=2.284130 host_rss_mb=2412
[epoch 158/7000] EBOPs=untraced in_training_ebops=5750422 target=5000000 beta=2.22e-07 val_AUC=0.843108 val_accuracy=0.539952 seconds=200.4 checkpoint=- ebops_trace_seconds=0.01 ebops_trace_over_epoch=0.000 loss=2.312523 host_rss_mb=2412
[epoch 159/7000] EBOPs=untraced in_training_ebops=5619350 target=5000000 beta=2.2e-07 val_AUC=0.857498 val_accuracy=0.565484 seconds=206.9 checkpoint=- ebops_trace_seconds=0.01 ebops_trace_over_epoch=0.000 loss=2.285092 host_rss_mb=2412
[epoch 160/7000] EBOPs=5539328 target=5000000 above_floor=958930 feasible=0 degenerate=0 beta=2.16e-07 val_AUC=0.865954 val_accuracy=0.618403 seconds=394.1 checkpoint=- ebops_trace_seconds=180.92 ebops_trace_over_epoch=0.459 loss=2.242679 host_rss_mb=2407
[epoch 161/7000] EBOPs=untraced in_training_ebops=5815921 target=5000000 beta=2.14e-07 val_AUC=0.865902 val_accuracy=0.616484 seconds=214.9 checkpoint=- ebops_trace_seconds=0.01 ebops_trace_over_epoch=0.000 loss=2.236417 host_rss_mb=2410
[epoch 162/7000] EBOPs=untraced in_training_ebops=5705445 target=5000000 beta=2.27e-07 val_AUC=0.858917 val_accuracy=0.582129 seconds=189.2 checkpoint=- ebops_trace_seconds=0.01 ebops_trace_over_epoch=0.000 loss=2.299073 host_rss_mb=2411
[epoch 163/7000] EBOPs=untraced in_training_ebops=5840588 target=5000000 beta=2.24e-07 val_AUC=0.873382 val_accuracy=0.615903 seconds=186.2 checkpoint=- ebops_trace_seconds=0.00 ebops_trace_over_epoch=0.000 loss=2.289142 host_rss_mb=2411
[epoch 164/7000] EBOPs=untraced in_training_ebops=5852748 target=5000000 beta=2.31e-07 val_AUC=0.859832 val_accuracy=0.590500 seconds=211.2 checkpoint=- ebops_trace_seconds=0.01 ebops_trace_over_epoch=0.000 loss=2.319530 host_rss_mb=2413
[epoch 165/7000] EBOPs=untraced in_training_ebops=5756519 target=5000000 beta=2.33e-07 val_AUC=0.852131 val_accuracy=0.579258 seconds=213.1 checkpoint=- ebops_trace_seconds=0.01 ebops_trace_over_epoch=0.000 loss=2.362169 host_rss_mb=2413
[epoch 166/7000] EBOPs=untraced in_training_ebops=5568167 target=5000000 beta=2.31e-07 val_AUC=0.860352 val_accuracy=0.542161 seconds=212.9 checkpoint=- ebops_trace_seconds=0.01 ebops_trace_over_epoch=0.000 loss=2.323326 host_rss_mb=2413
[epoch 167/7000] EBOPs=untraced in_training_ebops=6061698 target=5000000 beta=2.25e-07 val_AUC=0.864918 val_accuracy=0.596613 seconds=201.0 checkpoint=- ebops_trace_seconds=0.01 ebops_trace_over_epoch=0.000 loss=2.304530 host_rss_mb=2413
[epoch 168/7000] EBOPs=untraced in_training_ebops=5672541 target=5000000 beta=2.47e-07 val_AUC=0.869079 val_accuracy=0.601984 seconds=211.1 checkpoint=- ebops_trace_seconds=0.01 ebops_trace_over_epoch=0.000 loss=2.426352 host_rss_mb=2413
[epoch 169/7000] EBOPs=untraced in_training_ebops=5752408 target=5000000 beta=2.32e-07 val_AUC=0.861760 val_accuracy=0.611065 seconds=204.5 checkpoint=- ebops_trace_seconds=0.01 ebops_trace_over_epoch=0.000 loss=2.330022 host_rss_mb=2413
[epoch 170/7000] EBOPs=5373526 target=5000000 above_floor=793128 feasible=0 degenerate=0 beta=2.37e-07 val_AUC=0.866645 val_accuracy=0.612629 seconds=369.6 checkpoint=- ebops_trace_seconds=183.02 ebops_trace_over_epoch=0.495 loss=2.365437 host_rss_mb=2413
[epoch 171/7000] EBOPs=untraced in_training_ebops=5858808 target=5000000 beta=2.23e-07 val_AUC=0.866240 val_accuracy=0.607871 seconds=199.4 checkpoint=- ebops_trace_seconds=0.01 ebops_trace_over_epoch=0.000 loss=2.280317 host_rss_mb=2413
[epoch 172/7000] EBOPs=untraced in_training_ebops=5650114 target=5000000 beta=2.45e-07 val_AUC=0.857765 val_accuracy=0.563258 seconds=213.5 checkpoint=- ebops_trace_seconds=0.01 ebops_trace_over_epoch=0.000 loss=2.401372 host_rss_mb=2413
[epoch 173/7000] EBOPs=untraced in_training_ebops=5953144 target=5000000 beta=2.37e-07 val_AUC=0.868610 val_accuracy=0.601274 seconds=213.3 checkpoint=- ebops_trace_seconds=0.01 ebops_trace_over_epoch=0.000 loss=2.366208 host_rss_mb=2413
[epoch 174/7000] EBOPs=untraced in_training_ebops=5983810 target=5000000 beta=2.52e-07 val_AUC=0.869627 val_accuracy=0.607855 seconds=209.2 checkpoint=- ebops_trace_seconds=0.01 ebops_trace_over_epoch=0.000 loss=2.454747 host_rss_mb=2413
[epoch 175/7000] EBOPs=untraced in_training_ebops=5570301 target=5000000 beta=2.56e-07 val_AUC=0.860653 val_accuracy=0.572016 seconds=205.7 checkpoint=epoch-0175 ebops_trace_seconds=0.01 ebops_trace_over_epoch=0.000 loss=2.463681 host_rss_mb=2413
[epoch 176/7000] EBOPs=untraced in_training_ebops=5729964 target=5000000 beta=2.39e-07 val_AUC=0.869112 val_accuracy=0.604855 seconds=164.4 checkpoint=- ebops_trace_seconds=0.01 ebops_trace_over_epoch=0.000 loss=2.369565 host_rss_mb=2413
[epoch 177/7000] EBOPs=untraced in_training_ebops=5521142 target=5000000 beta=2.48e-07 val_AUC=0.852974 val_accuracy=0.506306 seconds=213.8 checkpoint=- ebops_trace_seconds=0.01 ebops_trace_over_epoch=0.000 loss=2.412139 host_rss_mb=2388
[epoch 178/7000] EBOPs=untraced in_training_ebops=5697206 target=5000000 beta=2.4e-07 val_AUC=0.848350 val_accuracy=0.577290 seconds=214.8 checkpoint=- ebops_trace_seconds=0.01 ebops_trace_over_epoch=0.000 loss=2.382510 host_rss_mb=2410
[epoch 179/7000] EBOPs=untraced in_training_ebops=5693349 target=5000000 beta=2.49e-07 val_AUC=0.860225 val_accuracy=0.572597 seconds=213.9 checkpoint=- ebops_trace_seconds=0.01 ebops_trace_over_epoch=0.000 loss=2.430249 host_rss_mb=2414
[epoch 180/7000] EBOPs=5916497 target=5000000 above_floor=1336099 feasible=0 degenerate=0 beta=2.51e-07 val_AUC=0.857046 val_accuracy=0.580484 seconds=377.1 checkpoint=- ebops_trace_seconds=166.30 ebops_trace_over_epoch=0.441 loss=2.439735 host_rss_mb=2416
[epoch 181/7000] EBOPs=untraced in_training_ebops=5588699 target=5000000 beta=2.63e-07 val_AUC=0.862294 val_accuracy=0.590177 seconds=210.1 checkpoint=- ebops_trace_seconds=0.01 ebops_trace_over_epoch=0.000 loss=2.504860 host_rss_mb=2416
[epoch 182/7000] EBOPs=untraced in_training_ebops=5783323 target=5000000 beta=2.5e-07 val_AUC=0.867633 val_accuracy=0.603452 seconds=184.5 checkpoint=- ebops_trace_seconds=0.01 ebops_trace_over_epoch=0.000 loss=2.426913 host_rss_mb=2417
[epoch 183/7000] EBOPs=untraced in_training_ebops=5810038 target=5000000 beta=2.6e-07 val_AUC=0.864886 val_accuracy=0.581000 seconds=213.5 checkpoint=- ebops_trace_seconds=0.01 ebops_trace_over_epoch=0.000 loss=2.494147 host_rss_mb=2418
[epoch 184/7000] EBOPs=untraced in_training_ebops=5652273 target=5000000 beta=2.64e-07 val_AUC=0.875621 val_accuracy=0.618355 seconds=207.1 checkpoint=- ebops_trace_seconds=0.01 ebops_trace_over_epoch=0.000 loss=2.505692 host_rss_mb=2418
[epoch 185/7000] EBOPs=untraced in_training_ebops=5799707 target=5000000 beta=2.58e-07 val_AUC=0.874307 val_accuracy=0.607194 seconds=209.4 checkpoint=- ebops_trace_seconds=0.01 ebops_trace_over_epoch=0.000 loss=2.464200 host_rss_mb=2418
[epoch 186/7000] EBOPs=untraced in_training_ebops=5789511 target=5000000 beta=2.67e-07 val_AUC=0.872399 val_accuracy=0.628790 seconds=213.3 checkpoint=- ebops_trace_seconds=0.01 ebops_trace_over_epoch=0.000 loss=2.515921 host_rss_mb=2418
[epoch 187/7000] EBOPs=untraced in_training_ebops=5554033 target=5000000 beta=2.68e-07 val_AUC=0.859136 val_accuracy=0.587710 seconds=200.8 checkpoint=- ebops_trace_seconds=0.01 ebops_trace_over_epoch=0.000 loss=2.514738 host_rss_mb=2418
[epoch 188/7000] EBOPs=untraced in_training_ebops=5773169 target=5000000 beta=2.59e-07 val_AUC=0.851930 val_accuracy=0.585452 seconds=211.6 checkpoint=- ebops_trace_seconds=0.01 ebops_trace_over_epoch=0.000 loss=2.466558 host_rss_mb=2418
[epoch 189/7000] EBOPs=untraced in_training_ebops=6000455 target=5000000 beta=2.71e-07 val_AUC=0.871155 val_accuracy=0.585661 seconds=173.7 checkpoint=- ebops_trace_seconds=0.01 ebops_trace_over_epoch=0.000 loss=2.527237 host_rss_mb=2418
[epoch 190/7000] EBOPs=5418855 target=5000000 above_floor=838457 feasible=0 degenerate=0 beta=2.84e-07 val_AUC=0.855303 val_accuracy=0.584629 seconds=396.2 checkpoint=- ebops_trace_seconds=182.21 ebops_trace_over_epoch=0.460 loss=2.619337 host_rss_mb=2418
[epoch 191/7000] EBOPs=untraced in_training_ebops=6006616 target=5000000 beta=2.57e-07 val_AUC=0.860395 val_accuracy=0.573258 seconds=213.7 checkpoint=- ebops_trace_seconds=0.01 ebops_trace_over_epoch=0.000 loss=2.486665 host_rss_mb=2418
[epoch 192/7000] EBOPs=untraced in_training_ebops=5623672 target=5000000 beta=2.88e-07 val_AUC=0.856382 val_accuracy=0.585984 seconds=212.8 checkpoint=- ebops_trace_seconds=0.01 ebops_trace_over_epoch=0.000 loss=2.600779 host_rss_mb=2418
[epoch 193/7000] EBOPs=untraced in_training_ebops=5638008 target=5000000 beta=2.71e-07 val_AUC=0.865050 val_accuracy=0.594258 seconds=183.5 checkpoint=- ebops_trace_seconds=0.01 ebops_trace_over_epoch=0.000 loss=2.550028 host_rss_mb=2418
[epoch 194/7000] EBOPs=untraced in_training_ebops=5603251 target=5000000 beta=2.74e-07 val_AUC=0.874496 val_accuracy=0.613726 seconds=210.0 checkpoint=- ebops_trace_seconds=0.01 ebops_trace_over_epoch=0.000 loss=2.552395 host_rss_mb=2418
[epoch 195/7000] EBOPs=untraced in_training_ebops=5783426 target=5000000 beta=2.73e-07 val_AUC=0.850423 val_accuracy=0.525145 seconds=189.3 checkpoint=- ebops_trace_seconds=0.01 ebops_trace_over_epoch=0.000 loss=2.556765 host_rss_mb=2408
[epoch 196/7000] EBOPs=untraced in_training_ebops=5728103 target=5000000 beta=2.84e-07 val_AUC=0.855627 val_accuracy=0.591774 seconds=212.6 checkpoint=- ebops_trace_seconds=0.01 ebops_trace_over_epoch=0.000 loss=2.603164 host_rss_mb=2415
[epoch 197/7000] EBOPs=untraced in_training_ebops=5687175 target=5000000 beta=2.83e-07 val_AUC=0.852476 val_accuracy=0.587806 seconds=212.8 checkpoint=- ebops_trace_seconds=0.01 ebops_trace_over_epoch=0.000 loss=2.599138 host_rss_mb=2415
[epoch 198/7000] EBOPs=untraced in_training_ebops=5652408 target=5000000 beta=2.83e-07 val_AUC=0.824653 val_accuracy=0.551952 seconds=201.3 checkpoint=- ebops_trace_seconds=0.01 ebops_trace_over_epoch=0.000 loss=2.608340 host_rss_mb=2416
[epoch 199/7000] EBOPs=untraced in_training_ebops=5662594 target=5000000 beta=2.83e-07 val_AUC=0.851132 val_accuracy=0.548323 seconds=212.7 checkpoint=- ebops_trace_seconds=0.01 ebops_trace_over_epoch=0.000 loss=2.613055 host_rss_mb=2416
[epoch 200/7000] EBOPs=5656339 target=5000000 above_floor=1075941 feasible=0 degenerate=0 beta=2.86e-07 val_AUC=0.863985 val_accuracy=0.600339 seconds=379.8 checkpoint=epoch-0200 ebops_trace_seconds=176.63 ebops_trace_over_epoch=0.465 loss=2.611881 host_rss_mb=2416
[epoch 201/7000] EBOPs=untraced in_training_ebops=5578515 target=5000000 beta=2.87e-07 val_AUC=0.862073 val_accuracy=0.607790 seconds=195.0 checkpoint=- ebops_trace_seconds=0.01 ebops_trace_over_epoch=0.000 loss=2.630866 host_rss_mb=2418
[epoch 202/7000] EBOPs=untraced in_training_ebops=5560216 target=5000000 beta=2.85e-07 val_AUC=0.859816 val_accuracy=0.579758 seconds=199.3 checkpoint=- ebops_trace_seconds=0.01 ebops_trace_over_epoch=0.000 loss=2.609637 host_rss_mb=2418
[epoch 203/7000] EBOPs=untraced in_training_ebops=5490589 target=5000000 beta=2.85e-07 val_AUC=0.858951 val_accuracy=0.604500 seconds=212.6 checkpoint=- ebops_trace_seconds=0.01 ebops_trace_over_epoch=0.000 loss=2.633153 host_rss_mb=2418
[epoch 204/7000] EBOPs=untraced in_training_ebops=5701533 target=5000000 beta=2.83e-07 val_AUC=0.814142 val_accuracy=0.501984 seconds=214.0 checkpoint=- ebops_trace_seconds=0.01 ebops_trace_over_epoch=0.000 loss=2.612543 host_rss_mb=2418
[epoch 205/7000] EBOPs=untraced in_training_ebops=5201831 target=5000000 beta=2.96e-07 val_AUC=0.840542 val_accuracy=0.569629 seconds=211.7 checkpoint=- ebops_trace_seconds=0.01 ebops_trace_over_epoch=0.000 loss=2.681621 host_rss_mb=2418
[epoch 206/7000] EBOPs=untraced in_training_ebops=5756930 target=5000000 beta=2.7e-07 val_AUC=0.857671 val_accuracy=0.570645 seconds=197.1 checkpoint=- ebops_trace_seconds=0.00 ebops_trace_over_epoch=0.000 loss=2.527416 host_rss_mb=2418
[epoch 207/7000] EBOPs=untraced in_training_ebops=5627886 target=5000000 beta=3.01e-07 val_AUC=0.854701 val_accuracy=0.588903 seconds=190.7 checkpoint=- ebops_trace_seconds=0.01 ebops_trace_over_epoch=0.000 loss=2.705811 host_rss_mb=2418
[epoch 208/7000] EBOPs=untraced in_training_ebops=5763086 target=5000000 beta=2.96e-07 val_AUC=0.858642 val_accuracy=0.574952 seconds=203.0 checkpoint=- ebops_trace_seconds=0.01 ebops_trace_over_epoch=0.000 loss=2.664393 host_rss_mb=2418
[epoch 209/7000] EBOPs=untraced in_training_ebops=5849181 target=5000000 beta=3.06e-07 val_AUC=0.794885 val_accuracy=0.459194 seconds=214.2 checkpoint=- ebops_trace_seconds=0.01 ebops_trace_over_epoch=0.000 loss=2.742575 host_rss_mb=2418
[epoch 210/7000] EBOPs=5832637 target=5000000 above_floor=1252239 feasible=0 degenerate=0 beta=3.13e-07 val_AUC=0.829439 val_accuracy=0.505935 seconds=387.4 checkpoint=- ebops_trace_seconds=176.41 ebops_trace_over_epoch=0.456 loss=2.787682 host_rss_mb=2418
[epoch 211/7000] EBOPs=untraced in_training_ebops=5734409 target=5000000 beta=3.14e-07 val_AUC=0.866961 val_accuracy=0.606387 seconds=205.3 checkpoint=- ebops_trace_seconds=0.01 ebops_trace_over_epoch=0.000 loss=2.786167 host_rss_mb=2418
[epoch 212/7000] EBOPs=untraced in_training_ebops=5888009 target=5000000 beta=3.11e-07 val_AUC=0.848645 val_accuracy=0.546645 seconds=202.2 checkpoint=- ebops_trace_seconds=0.01 ebops_trace_over_epoch=0.000 loss=2.740945 host_rss_mb=2411
[epoch 213/7000] EBOPs=untraced in_training_ebops=5394360 target=5000000 beta=3.22e-07 val_AUC=0.841595 val_accuracy=0.558919 seconds=195.7 checkpoint=- ebops_trace_seconds=0.01 ebops_trace_over_epoch=0.000 loss=2.793329 host_rss_mb=2415
[epoch 214/7000] EBOPs=untraced in_training_ebops=5398515 target=5000000 beta=2.96e-07 val_AUC=0.835751 val_accuracy=0.536548 seconds=202.4 checkpoint=- ebops_trace_seconds=0.01 ebops_trace_over_epoch=0.000 loss=2.661851 host_rss_mb=2415
[epoch 215/7000] EBOPs=untraced in_training_ebops=5568430 target=5000000 beta=2.97e-07 val_AUC=0.855979 val_accuracy=0.560790 seconds=203.1 checkpoint=- ebops_trace_seconds=0.01 ebops_trace_over_epoch=0.000 loss=2.664115 host_rss_mb=2415
[epoch 216/7000] EBOPs=untraced in_training_ebops=5312445 target=5000000 beta=3.08e-07 val_AUC=0.857130 val_accuracy=0.556194 seconds=211.1 checkpoint=- ebops_trace_seconds=0.01 ebops_trace_over_epoch=0.000 loss=2.729657 host_rss_mb=2416
[epoch 217/7000] EBOPs=untraced in_training_ebops=5777405 target=5000000 beta=2.95e-07 val_AUC=0.844959 val_accuracy=0.567306 seconds=213.2 checkpoint=- ebops_trace_seconds=0.01 ebops_trace_over_epoch=0.000 loss=2.653297 host_rss_mb=2416
[epoch 218/7000] EBOPs=untraced in_training_ebops=5568556 target=5000000 beta=3.23e-07 val_AUC=0.862817 val_accuracy=0.573839 seconds=207.8 checkpoint=- ebops_trace_seconds=0.01 ebops_trace_over_epoch=0.000 loss=2.801036 host_rss_mb=2416
[epoch 219/7000] EBOPs=untraced in_training_ebops=5470183 target=5000000 beta=3.13e-07 val_AUC=0.850506 val_accuracy=0.571645 seconds=207.5 checkpoint=- ebops_trace_seconds=0.01 ebops_trace_over_epoch=0.000 loss=2.734837 host_rss_mb=2416
[epoch 220/7000] EBOPs=5685346 target=5000000 above_floor=1104948 feasible=0 degenerate=0 beta=3.09e-07 val_AUC=0.849676 val_accuracy=0.589629 seconds=300.0 checkpoint=- ebops_trace_seconds=137.62 ebops_trace_over_epoch=0.459 loss=2.739198 host_rss_mb=2417
[epoch 221/7000] EBOPs=untraced in_training_ebops=5562306 target=5000000 beta=3.23e-07 val_AUC=0.870805 val_accuracy=0.607339 seconds=173.5 checkpoint=- ebops_trace_seconds=0.01 ebops_trace_over_epoch=0.000 loss=2.792238 host_rss_mb=2418
[epoch 222/7000] EBOPs=untraced in_training_ebops=5492674 target=5000000 beta=3.18e-07 val_AUC=0.868074 val_accuracy=0.617903 seconds=169.6 checkpoint=- ebops_trace_seconds=0.01 ebops_trace_over_epoch=0.000 loss=2.781245 host_rss_mb=2418
[epoch 223/7000] EBOPs=untraced in_training_ebops=5769255 target=5000000 beta=3.16e-07 val_AUC=0.860381 val_accuracy=0.569419 seconds=169.4 checkpoint=- ebops_trace_seconds=0.00 ebops_trace_over_epoch=0.000 loss=2.757350 host_rss_mb=2419
[epoch 224/7000] EBOPs=untraced in_training_ebops=5369693 target=5000000 beta=3.34e-07 val_AUC=0.870107 val_accuracy=0.602258 seconds=161.6 checkpoint=- ebops_trace_seconds=0.00 ebops_trace_over_epoch=0.000 loss=2.844051 host_rss_mb=2419
[epoch 225/7000] EBOPs=untraced in_training_ebops=5560263 target=5000000 beta=3.12e-07 val_AUC=0.841462 val_accuracy=0.515677 seconds=163.1 checkpoint=epoch-0225 ebops_trace_seconds=0.01 ebops_trace_over_epoch=0.000 loss=2.735960 host_rss_mb=2419
[epoch 226/7000] EBOPs=untraced in_training_ebops=5734530 target=5000000 beta=3.25e-07 val_AUC=0.843653 val_accuracy=0.556435 seconds=147.8 checkpoint=- ebops_trace_seconds=0.00 ebops_trace_over_epoch=0.000 loss=2.802713 host_rss_mb=2419
[epoch 227/7000] EBOPs=untraced in_training_ebops=5416930 target=5000000 beta=3.37e-07 val_AUC=0.856532 val_accuracy=0.586145 seconds=159.6 checkpoint=- ebops_trace_seconds=0.01 ebops_trace_over_epoch=0.000 loss=2.885779 host_rss_mb=2420
[epoch 228/7000] EBOPs=untraced in_training_ebops=5638252 target=5000000 beta=3.2e-07 val_AUC=0.865444 val_accuracy=0.611726 seconds=172.5 checkpoint=- ebops_trace_seconds=0.00 ebops_trace_over_epoch=0.000 loss=2.750673 host_rss_mb=2420
[epoch 229/7000] EBOPs=untraced in_training_ebops=5638131 target=5000000 beta=3.35e-07 val_AUC=0.840514 val_accuracy=0.552919 seconds=170.5 checkpoint=- ebops_trace_seconds=0.01 ebops_trace_over_epoch=0.000 loss=2.830315 host_rss_mb=2420
[epoch 230/7000] EBOPs=5484583 target=5000000 above_floor=904185 feasible=0 degenerate=0 beta=3.37e-07 val_AUC=0.863821 val_accuracy=0.607677 seconds=308.4 checkpoint=- ebops_trace_seconds=139.09 ebops_trace_over_epoch=0.451 loss=2.855630 host_rss_mb=2415
[epoch 231/7000] EBOPs=untraced in_training_ebops=5331079 target=5000000 beta=3.29e-07 val_AUC=0.847009 val_accuracy=0.558694 seconds=160.0 checkpoint=- ebops_trace_seconds=0.00 ebops_trace_over_epoch=0.000 loss=2.798108 host_rss_mb=2418
[epoch 232/7000] EBOPs=untraced in_training_ebops=5462013 target=5000000 beta=3.21e-07 val_AUC=0.828387 val_accuracy=0.535839 seconds=154.1 checkpoint=- ebops_trace_seconds=0.00 ebops_trace_over_epoch=0.000 loss=2.768420 host_rss_mb=2418
[epoch 233/7000] EBOPs=untraced in_training_ebops=5492770 target=5000000 beta=3.3e-07 val_AUC=0.849413 val_accuracy=0.574839 seconds=152.9 checkpoint=- ebops_trace_seconds=0.01 ebops_trace_over_epoch=0.000 loss=2.838293 host_rss_mb=2418
[epoch 234/7000] EBOPs=untraced in_training_ebops=5568578 target=5000000 beta=3.34e-07 val_AUC=0.863929 val_accuracy=0.613177 seconds=172.5 checkpoint=- ebops_trace_seconds=0.00 ebops_trace_over_epoch=0.000 loss=2.830553 host_rss_mb=2419
[epoch 235/7000] EBOPs=untraced in_training_ebops=5724184 target=5000000 beta=3.4e-07 val_AUC=0.848697 val_accuracy=0.590677 seconds=170.3 checkpoint=- ebops_trace_seconds=0.01 ebops_trace_over_epoch=0.000 loss=2.891757 host_rss_mb=2419
[epoch 236/7000] EBOPs=untraced in_training_ebops=5675074 target=5000000 beta=3.52e-07 val_AUC=0.832597 val_accuracy=0.539968 seconds=170.5 checkpoint=- ebops_trace_seconds=0.01 ebops_trace_over_epoch=0.000 loss=2.941398 host_rss_mb=2419
[epoch 237/7000] EBOPs=untraced in_training_ebops=5355581 target=5000000 beta=3.51e-07 val_AUC=0.847315 val_accuracy=0.559081 seconds=156.6 checkpoint=- ebops_trace_seconds=0.00 ebops_trace_over_epoch=0.000 loss=2.905737 host_rss_mb=2421
[epoch 238/7000] EBOPs=untraced in_training_ebops=5335111 target=5000000 beta=3.33e-07 val_AUC=0.849393 val_accuracy=0.548016 seconds=165.4 checkpoint=- ebops_trace_seconds=0.00 ebops_trace_over_epoch=0.000 loss=2.842262 host_rss_mb=2421
[epoch 239/7000] EBOPs=untraced in_training_ebops=5337127 target=5000000 beta=3.32e-07 val_AUC=0.857202 val_accuracy=0.596935 seconds=154.9 checkpoint=- ebops_trace_seconds=0.01 ebops_trace_over_epoch=0.000 loss=2.836323 host_rss_mb=2421
[epoch 240/7000] EBOPs=5459970 target=5000000 above_floor=879572 feasible=0 degenerate=0 beta=3.34e-07 val_AUC=0.841846 val_accuracy=0.571806 seconds=301.0 checkpoint=- ebops_trace_seconds=147.87 ebops_trace_over_epoch=0.491 loss=2.855281 host_rss_mb=2422
