==== ARM_ATTEMPT 0 2026-09-29T00:15:50Z
RUN_STAGE pilot-b
[train] chang0926-d-n64-s1 params=31735 resume_epoch=0 initial_ebops=11559681
wandb: [wandb.login()] Loaded credentials for https://api.wandb.ai from WANDB_API_KEY.
wandb: Syncing run chang0926-d-n64-s1
wandb: 🚀 View run at https://wandb.ai/kayamaguchi-uc-san-diego/BNJetTag-ChangRecipe/runs/794f7f038fcb
[epoch 1/7000] EBOPs=11948350 target=350000 above_floor=11776824 feasible=0 degenerate=0 beta=1e-07 val_AUC=0.827890 val_accuracy=0.538419 seconds=230.6 checkpoint=- ebops_trace_seconds=99.38 ebops_trace_over_epoch=0.431 loss=2.694671 host_rss_mb=2309
[epoch 2/7000] EBOPs=untraced in_training_ebops=12642623 target=350000 beta=1e-07 val_AUC=0.868431 val_accuracy=0.582129 seconds=125.7 checkpoint=- ebops_trace_seconds=0.01 ebops_trace_over_epoch=0.001 loss=2.301543 host_rss_mb=2302
[epoch 3/7000] EBOPs=untraced in_training_ebops=10149079 target=350000 beta=1.27e-07 val_AUC=0.859198 val_accuracy=0.572258 seconds=131.0 checkpoint=- ebops_trace_seconds=0.01 ebops_trace_over_epoch=0.001 loss=2.431085 host_rss_mb=2321
[epoch 4/7000] EBOPs=untraced in_training_ebops=9467182 target=350000 beta=1.2e-07 val_AUC=0.883130 val_accuracy=0.640194 seconds=131.5 checkpoint=- ebops_trace_seconds=0.01 ebops_trace_over_epoch=0.001 loss=2.220213 host_rss_mb=2336
[epoch 5/7000] EBOPs=untraced in_training_ebops=7948725 target=350000 beta=1.32e-07 val_AUC=0.885170 val_accuracy=0.641984 seconds=131.3 checkpoint=- ebops_trace_seconds=0.01 ebops_trace_over_epoch=0.001 loss=2.065768 host_rss_mb=2338
[epoch 6/7000] EBOPs=untraced in_training_ebops=6312881 target=350000 beta=1.3e-07 val_AUC=0.877768 val_accuracy=0.625339 seconds=131.4 checkpoint=- ebops_trace_seconds=0.01 ebops_trace_over_epoch=0.001 loss=1.941583 host_rss_mb=2344
[epoch 7/7000] EBOPs=untraced in_training_ebops=5899748 target=350000 beta=1.19e-07 val_AUC=0.878214 val_accuracy=0.612903 seconds=129.5 checkpoint=- ebops_trace_seconds=0.01 ebops_trace_over_epoch=0.001 loss=1.729585 host_rss_mb=2346
[epoch 8/7000] EBOPs=untraced in_training_ebops=4890224 target=350000 beta=1.28e-07 val_AUC=0.881710 val_accuracy=0.632726 seconds=120.3 checkpoint=- ebops_trace_seconds=0.01 ebops_trace_over_epoch=0.001 loss=1.684861 host_rss_mb=2350
[epoch 9/7000] EBOPs=untraced in_training_ebops=4512744 target=350000 beta=1.21e-07 val_AUC=0.738235 val_accuracy=0.499742 seconds=131.0 checkpoint=- ebops_trace_seconds=0.01 ebops_trace_over_epoch=0.001 loss=1.576926 host_rss_mb=2358
[epoch 10/7000] EBOPs=3324374 target=350000 above_floor=3152848 feasible=0 degenerate=0 beta=1.27e-07 val_AUC=0.882549 val_accuracy=0.627081 seconds=233.5 checkpoint=- ebops_trace_seconds=114.82 ebops_trace_over_epoch=0.492 loss=1.483652 host_rss_mb=2358
[epoch 11/7000] EBOPs=untraced in_training_ebops=3474426 target=350000 beta=1.05e-07 val_AUC=0.876845 val_accuracy=0.604516 seconds=130.4 checkpoint=- ebops_trace_seconds=0.01 ebops_trace_over_epoch=0.001 loss=1.331780 host_rss_mb=2360
[epoch 12/7000] EBOPs=untraced in_training_ebops=3201230 target=350000 beta=1.23e-07 val_AUC=0.878501 val_accuracy=0.618806 seconds=132.8 checkpoint=- ebops_trace_seconds=0.01 ebops_trace_over_epoch=0.001 loss=1.382394 host_rss_mb=2364
[epoch 13/7000] EBOPs=untraced in_training_ebops=2972316 target=350000 beta=1.27e-07 val_AUC=0.883013 val_accuracy=0.633516 seconds=129.8 checkpoint=- ebops_trace_seconds=0.01 ebops_trace_over_epoch=0.001 loss=1.383649 host_rss_mb=2370
[epoch 14/7000] EBOPs=untraced in_training_ebops=2584520 target=350000 beta=1.31e-07 val_AUC=0.888442 val_accuracy=0.641161 seconds=124.8 checkpoint=- ebops_trace_seconds=0.01 ebops_trace_over_epoch=0.001 loss=1.332467 host_rss_mb=2375
[epoch 15/7000] EBOPs=untraced in_training_ebops=2438069 target=350000 beta=1.26e-07 val_AUC=0.868964 val_accuracy=0.601048 seconds=126.2 checkpoint=- ebops_trace_seconds=0.01 ebops_trace_over_epoch=0.001 loss=1.295618 host_rss_mb=2378
[epoch 16/7000] EBOPs=untraced in_training_ebops=2318351 target=350000 beta=1.31e-07 val_AUC=0.878808 val_accuracy=0.625532 seconds=128.7 checkpoint=- ebops_trace_seconds=0.01 ebops_trace_over_epoch=0.001 loss=1.285388 host_rss_mb=2381
[epoch 17/7000] EBOPs=untraced in_training_ebops=2377482 target=350000 beta=1.36e-07 val_AUC=0.875783 val_accuracy=0.617452 seconds=126.8 checkpoint=- ebops_trace_seconds=0.01 ebops_trace_over_epoch=0.001 loss=1.304620 host_rss_mb=2381
[epoch 18/7000] EBOPs=untraced in_training_ebops=2239231 target=350000 beta=1.54e-07 val_AUC=0.881268 val_accuracy=0.623565 seconds=130.2 checkpoint=- ebops_trace_seconds=0.01 ebops_trace_over_epoch=0.001 loss=1.345172 host_rss_mb=2381
[epoch 19/7000] EBOPs=untraced in_training_ebops=2089111 target=350000 beta=1.59e-07 val_AUC=0.875083 val_accuracy=0.617032 seconds=130.3 checkpoint=- ebops_trace_seconds=0.01 ebops_trace_over_epoch=0.001 loss=1.337290 host_rss_mb=2382
[epoch 20/7000] EBOPs=1878470 target=350000 above_floor=1706944 feasible=0 degenerate=0 beta=1.62e-07 val_AUC=0.873366 val_accuracy=0.616887 seconds=232.0 checkpoint=- ebops_trace_seconds=112.87 ebops_trace_over_epoch=0.487 loss=1.339623 host_rss_mb=2383
[epoch 21/7000] EBOPs=untraced in_training_ebops=1869346 target=350000 beta=1.59e-07 val_AUC=0.869734 val_accuracy=0.604968 seconds=119.8 checkpoint=- ebops_trace_seconds=0.01 ebops_trace_over_epoch=0.001 loss=1.315024 host_rss_mb=2385
[epoch 22/7000] EBOPs=untraced in_training_ebops=1610376 target=350000 beta=1.72e-07 val_AUC=0.857416 val_accuracy=0.571677 seconds=130.8 checkpoint=- ebops_trace_seconds=0.01 ebops_trace_over_epoch=0.001 loss=1.322368 host_rss_mb=2378
[epoch 23/7000] EBOPs=untraced in_training_ebops=1365092 target=350000 beta=1.6e-07 val_AUC=0.874759 val_accuracy=0.623468 seconds=131.2 checkpoint=- ebops_trace_seconds=0.01 ebops_trace_over_epoch=0.001 loss=1.295821 host_rss_mb=2384
[epoch 24/7000] EBOPs=untraced in_training_ebops=1262766 target=350000 beta=1.45e-07 val_AUC=0.847819 val_accuracy=0.560387 seconds=129.7 checkpoint=- ebops_trace_seconds=0.01 ebops_trace_over_epoch=0.001 loss=1.240654 host_rss_mb=2385
[epoch 25/7000] EBOPs=untraced in_training_ebops=1226029 target=350000 beta=1.43e-07 val_AUC=0.867722 val_accuracy=0.605419 seconds=131.4 checkpoint=epoch-0025 ebops_trace_seconds=0.01 ebops_trace_over_epoch=0.001 loss=1.218328 host_rss_mb=2395
[epoch 26/7000] EBOPs=untraced in_training_ebops=1183295 target=350000 beta=1.48e-07 val_AUC=0.847102 val_accuracy=0.563597 seconds=129.8 checkpoint=- ebops_trace_seconds=0.01 ebops_trace_over_epoch=0.001 loss=1.214392 host_rss_mb=2396
[epoch 27/7000] EBOPs=untraced in_training_ebops=1154483 target=350000 beta=1.52e-07 val_AUC=0.856866 val_accuracy=0.584048 seconds=132.0 checkpoint=- ebops_trace_seconds=0.01 ebops_trace_over_epoch=0.001 loss=1.295908 host_rss_mb=2396
[epoch 28/7000] EBOPs=untraced in_training_ebops=1073276 target=350000 beta=1.57e-07 val_AUC=0.860788 val_accuracy=0.596306 seconds=129.3 checkpoint=- ebops_trace_seconds=0.01 ebops_trace_over_epoch=0.001 loss=1.248048 host_rss_mb=2396
[epoch 29/7000] EBOPs=untraced in_training_ebops=1015525 target=350000 beta=1.54e-07 val_AUC=0.871468 val_accuracy=0.602968 seconds=118.7 checkpoint=- ebops_trace_seconds=0.01 ebops_trace_over_epoch=0.001 loss=1.219613 host_rss_mb=2397
[epoch 30/7000] EBOPs=1032965 target=350000 above_floor=861439 feasible=0 degenerate=0 beta=1.54e-07 val_AUC=0.843809 val_accuracy=0.570774 seconds=232.9 checkpoint=- ebops_trace_seconds=112.21 ebops_trace_over_epoch=0.482 loss=1.218314 host_rss_mb=2397
[epoch 31/7000] EBOPs=untraced in_training_ebops=1042460 target=350000 beta=1.65e-07 val_AUC=0.859929 val_accuracy=0.581048 seconds=131.8 checkpoint=- ebops_trace_seconds=0.01 ebops_trace_over_epoch=0.001 loss=1.239785 host_rss_mb=2398
[epoch 32/7000] EBOPs=untraced in_training_ebops=1021992 target=350000 beta=1.76e-07 val_AUC=0.850413 val_accuracy=0.557355 seconds=125.8 checkpoint=- ebops_trace_seconds=0.01 ebops_trace_over_epoch=0.001 loss=1.257296 host_rss_mb=2404
[epoch 33/7000] EBOPs=untraced in_training_ebops=905134 target=350000 beta=1.82e-07 val_AUC=0.864679 val_accuracy=0.603871 seconds=129.5 checkpoint=- ebops_trace_seconds=0.01 ebops_trace_over_epoch=0.001 loss=1.263605 host_rss_mb=2404
[epoch 34/7000] EBOPs=untraced in_training_ebops=888643 target=350000 beta=1.69e-07 val_AUC=0.842588 val_accuracy=0.533435 seconds=130.4 checkpoint=- ebops_trace_seconds=0.01 ebops_trace_over_epoch=0.001 loss=1.253908 host_rss_mb=2406
[epoch 35/7000] EBOPs=untraced in_training_ebops=852331 target=350000 beta=1.74e-07 val_AUC=0.856714 val_accuracy=0.576677 seconds=125.8 checkpoint=- ebops_trace_seconds=0.01 ebops_trace_over_epoch=0.001 loss=1.252275 host_rss_mb=2406
[epoch 36/7000] EBOPs=untraced in_training_ebops=829413 target=350000 beta=1.75e-07 val_AUC=0.844825 val_accuracy=0.538290 seconds=125.0 checkpoint=- ebops_trace_seconds=0.01 ebops_trace_over_epoch=0.001 loss=1.244709 host_rss_mb=2408
[epoch 37/7000] EBOPs=untraced in_training_ebops=804526 target=350000 beta=1.78e-07 val_AUC=0.854355 val_accuracy=0.574565 seconds=130.5 checkpoint=- ebops_trace_seconds=0.01 ebops_trace_over_epoch=0.001 loss=1.240988 host_rss_mb=2411
[epoch 38/7000] EBOPs=untraced in_training_ebops=775913 target=350000 beta=1.8e-07 val_AUC=0.839335 val_accuracy=0.528758 seconds=130.9 checkpoint=- ebops_trace_seconds=0.01 ebops_trace_over_epoch=0.001 loss=1.244544 host_rss_mb=2413
[epoch 39/7000] EBOPs=untraced in_training_ebops=769747 target=350000 beta=1.8e-07 val_AUC=0.849392 val_accuracy=0.572371 seconds=129.5 checkpoint=- ebops_trace_seconds=0.01 ebops_trace_over_epoch=0.001 loss=1.231738 host_rss_mb=2413
[epoch 40/7000] EBOPs=775156 target=350000 above_floor=603630 feasible=0 degenerate=0 beta=1.86e-07 val_AUC=0.853842 val_accuracy=0.580403 seconds=231.4 checkpoint=- ebops_trace_seconds=112.62 ebops_trace_over_epoch=0.487 loss=1.260526 host_rss_mb=2413
[epoch 41/7000] EBOPs=untraced in_training_ebops=764208 target=350000 beta=1.95e-07 val_AUC=0.847724 val_accuracy=0.583306 seconds=132.2 checkpoint=- ebops_trace_seconds=0.01 ebops_trace_over_epoch=0.001 loss=1.264154 host_rss_mb=2404
[epoch 42/7000] EBOPs=untraced in_training_ebops=737885 target=350000 beta=2e-07 val_AUC=0.825693 val_accuracy=0.524048 seconds=120.0 checkpoint=- ebops_trace_seconds=0.01 ebops_trace_over_epoch=0.001 loss=1.267621 host_rss_mb=2406
[epoch 43/7000] EBOPs=untraced in_training_ebops=726467 target=350000 beta=2e-07 val_AUC=0.856667 val_accuracy=0.582323 seconds=129.5 checkpoint=- ebops_trace_seconds=0.01 ebops_trace_over_epoch=0.001 loss=1.283342 host_rss_mb=2408
[epoch 44/7000] EBOPs=untraced in_training_ebops=710457 target=350000 beta=2.04e-07 val_AUC=0.858612 val_accuracy=0.576935 seconds=132.2 checkpoint=- ebops_trace_seconds=0.01 ebops_trace_over_epoch=0.001 loss=1.278608 host_rss_mb=2408
[epoch 45/7000] EBOPs=untraced in_training_ebops=720487 target=350000 beta=2.07e-07 val_AUC=0.838112 val_accuracy=0.541226 seconds=129.7 checkpoint=- ebops_trace_seconds=0.01 ebops_trace_over_epoch=0.001 loss=1.304593 host_rss_mb=2408
[epoch 46/7000] EBOPs=untraced in_training_ebops=691773 target=350000 beta=2.18e-07 val_AUC=0.832338 val_accuracy=0.523032 seconds=131.1 checkpoint=- ebops_trace_seconds=0.01 ebops_trace_over_epoch=0.001 loss=1.327411 host_rss_mb=2413
[epoch 47/7000] EBOPs=untraced in_training_ebops=665233 target=350000 beta=2.16e-07 val_AUC=0.811130 val_accuracy=0.528306 seconds=131.3 checkpoint=- ebops_trace_seconds=0.01 ebops_trace_over_epoch=0.001 loss=1.303854 host_rss_mb=2414
[epoch 48/7000] EBOPs=untraced in_training_ebops=656684 target=350000 beta=2.15e-07 val_AUC=0.833457 val_accuracy=0.541226 seconds=129.6 checkpoint=- ebops_trace_seconds=0.01 ebops_trace_over_epoch=0.001 loss=1.309924 host_rss_mb=2414
[epoch 49/7000] EBOPs=untraced in_training_ebops=659700 target=350000 beta=2.19e-07 val_AUC=0.834802 val_accuracy=0.553161 seconds=125.0 checkpoint=- ebops_trace_seconds=0.01 ebops_trace_over_epoch=0.001 loss=1.319317 host_rss_mb=2416
[epoch 50/7000] EBOPs=618383 target=350000 above_floor=446857 feasible=0 degenerate=0 beta=2.27e-07 val_AUC=0.829204 val_accuracy=0.526419 seconds=216.9 checkpoint=epoch-0050 ebops_trace_seconds=113.06 ebops_trace_over_epoch=0.522 loss=1.302108 host_rss_mb=2417
[epoch 51/7000] EBOPs=untraced in_training_ebops=655029 target=350000 beta=2.19e-07 val_AUC=0.829339 val_accuracy=0.519323 seconds=130.2 checkpoint=- ebops_trace_seconds=0.01 ebops_trace_over_epoch=0.001 loss=1.304264 host_rss_mb=2417
[epoch 52/7000] EBOPs=untraced in_training_ebops=641895 target=350000 beta=2.39e-07 val_AUC=0.830980 val_accuracy=0.527500 seconds=131.8 checkpoint=- ebops_trace_seconds=0.01 ebops_trace_over_epoch=0.001 loss=1.319752 host_rss_mb=2417
[epoch 53/7000] EBOPs=untraced in_training_ebops=645628 target=350000 beta=2.42e-07 val_AUC=0.842354 val_accuracy=0.525968 seconds=129.3 checkpoint=- ebops_trace_seconds=0.01 ebops_trace_over_epoch=0.001 loss=1.329871 host_rss_mb=2418
[epoch 54/7000] EBOPs=untraced in_training_ebops=646526 target=350000 beta=2.51e-07 val_AUC=0.843414 val_accuracy=0.556468 seconds=132.0 checkpoint=- ebops_trace_seconds=0.01 ebops_trace_over_epoch=0.001 loss=1.335170 host_rss_mb=2418
[epoch 55/7000] EBOPs=untraced in_training_ebops=639957 target=350000 beta=2.59e-07 val_AUC=0.804273 val_accuracy=0.509790 seconds=129.9 checkpoint=- ebops_trace_seconds=0.01 ebops_trace_over_epoch=0.001 loss=1.355045 host_rss_mb=2418
[epoch 56/7000] EBOPs=untraced in_training_ebops=650188 target=350000 beta=2.64e-07 val_AUC=0.825571 val_accuracy=0.514855 seconds=126.1 checkpoint=- ebops_trace_seconds=0.01 ebops_trace_over_epoch=0.001 loss=1.338719 host_rss_mb=2418
[epoch 57/7000] EBOPs=untraced in_training_ebops=631094 target=350000 beta=2.77e-07 val_AUC=0.824216 val_accuracy=0.482919 seconds=125.1 checkpoint=- ebops_trace_seconds=0.01 ebops_trace_over_epoch=0.001 loss=1.342331 host_rss_mb=2421
[epoch 58/7000] EBOPs=untraced in_training_ebops=632078 target=350000 beta=2.76e-07 val_AUC=0.785332 val_accuracy=0.468758 seconds=129.9 checkpoint=- ebops_trace_seconds=0.01 ebops_trace_over_epoch=0.001 loss=1.355853 host_rss_mb=2421
[epoch 59/7000] EBOPs=untraced in_training_ebops=633726 target=350000 beta=2.85e-07 val_AUC=0.832376 val_accuracy=0.548935 seconds=132.1 checkpoint=- ebops_trace_seconds=0.01 ebops_trace_over_epoch=0.001 loss=1.373984 host_rss_mb=2421
[epoch 60/7000] EBOPs=579184 target=350000 above_floor=407658 feasible=0 degenerate=0 beta=2.95e-07 val_AUC=0.789249 val_accuracy=0.505661 seconds=228.7 checkpoint=- ebops_trace_seconds=113.27 ebops_trace_over_epoch=0.496 loss=1.377871 host_rss_mb=2422
[epoch 61/7000] EBOPs=untraced in_training_ebops=609564 target=350000 beta=2.76e-07 val_AUC=0.835174 val_accuracy=0.565952 seconds=130.7 checkpoint=- ebops_trace_seconds=0.01 ebops_trace_over_epoch=0.001 loss=1.372431 host_rss_mb=2415
[epoch 62/7000] EBOPs=untraced in_training_ebops=623963 target=350000 beta=2.99e-07 val_AUC=0.825294 val_accuracy=0.548177 seconds=131.4 checkpoint=- ebops_trace_seconds=0.01 ebops_trace_over_epoch=0.001 loss=1.367249 host_rss_mb=2417
[epoch 63/7000] EBOPs=untraced in_training_ebops=628137 target=350000 beta=3.15e-07 val_AUC=0.822239 val_accuracy=0.512097 seconds=122.1 checkpoint=- ebops_trace_seconds=0.01 ebops_trace_over_epoch=0.001 loss=1.417377 host_rss_mb=2418
[epoch 64/7000] EBOPs=untraced in_training_ebops=622472 target=350000 beta=3.26e-07 val_AUC=0.801508 val_accuracy=0.488258 seconds=125.1 checkpoint=- ebops_trace_seconds=0.01 ebops_trace_over_epoch=0.001 loss=1.386650 host_rss_mb=2418
[epoch 65/7000] EBOPs=untraced in_training_ebops=608580 target=350000 beta=3.33e-07 val_AUC=0.846502 val_accuracy=0.574048 seconds=129.8 checkpoint=- ebops_trace_seconds=0.01 ebops_trace_over_epoch=0.001 loss=1.380214 host_rss_mb=2418
[epoch 66/7000] EBOPs=untraced in_training_ebops=603461 target=350000 beta=3.34e-07 val_AUC=0.814202 val_accuracy=0.489355 seconds=131.3 checkpoint=- ebops_trace_seconds=0.01 ebops_trace_over_epoch=0.001 loss=1.376135 host_rss_mb=2418
[epoch 67/7000] EBOPs=untraced in_training_ebops=607547 target=350000 beta=3.41e-07 val_AUC=0.830979 val_accuracy=0.542581 seconds=131.6 checkpoint=- ebops_trace_seconds=0.01 ebops_trace_over_epoch=0.001 loss=1.404411 host_rss_mb=2418
[epoch 68/7000] EBOPs=untraced in_training_ebops=609585 target=350000 beta=3.53e-07 val_AUC=0.830935 val_accuracy=0.522565 seconds=130.2 checkpoint=- ebops_trace_seconds=0.01 ebops_trace_over_epoch=0.001 loss=1.404026 host_rss_mb=2418
[epoch 69/7000] EBOPs=untraced in_training_ebops=599224 target=350000 beta=3.64e-07 val_AUC=0.825355 val_accuracy=0.532500 seconds=132.2 checkpoint=- ebops_trace_seconds=0.01 ebops_trace_over_epoch=0.001 loss=1.402952 host_rss_mb=2418
[epoch 70/7000] EBOPs=552095 target=350000 above_floor=380569 feasible=0 degenerate=0 beta=3.67e-07 val_AUC=0.818798 val_accuracy=0.521839 seconds=216.6 checkpoint=- ebops_trace_seconds=100.16 ebops_trace_over_epoch=0.463 loss=1.412858 host_rss_mb=2418
[epoch 71/7000] EBOPs=untraced in_training_ebops=595619 target=350000 beta=3.46e-07 val_AUC=0.840555 val_accuracy=0.540097 seconds=131.6 checkpoint=- ebops_trace_seconds=0.01 ebops_trace_over_epoch=0.001 loss=1.393005 host_rss_mb=2419
[epoch 72/7000] EBOPs=untraced in_training_ebops=595692 target=350000 beta=3.84e-07 val_AUC=0.807435 val_accuracy=0.519177 seconds=130.1 checkpoint=- ebops_trace_seconds=0.01 ebops_trace_over_epoch=0.001 loss=1.449350 host_rss_mb=2419
[epoch 73/7000] EBOPs=untraced in_training_ebops=586405 target=350000 beta=3.94e-07 val_AUC=0.825911 val_accuracy=0.522081 seconds=131.6 checkpoint=- ebops_trace_seconds=0.01 ebops_trace_over_epoch=0.001 loss=1.419886 host_rss_mb=2420
[epoch 74/7000] EBOPs=untraced in_training_ebops=592559 target=350000 beta=3.98e-07 val_AUC=0.828854 val_accuracy=0.522597 seconds=131.5 checkpoint=- ebops_trace_seconds=0.01 ebops_trace_over_epoch=0.001 loss=1.441928 host_rss_mb=2420
[epoch 75/7000] EBOPs=untraced in_training_ebops=585893 target=350000 beta=4.13e-07 val_AUC=0.827822 val_accuracy=0.533968 seconds=129.7 checkpoint=epoch-0075 ebops_trace_seconds=0.01 ebops_trace_over_epoch=0.001 loss=1.447117 host_rss_mb=2422
[epoch 76/7000] EBOPs=untraced in_training_ebops=587955 target=350000 beta=4.19e-07 val_AUC=0.826172 val_accuracy=0.508242 seconds=132.3 checkpoint=- ebops_trace_seconds=0.01 ebops_trace_over_epoch=0.001 loss=1.456003 host_rss_mb=2422
[epoch 77/7000] EBOPs=untraced in_training_ebops=578657 target=350000 beta=4.32e-07 val_AUC=0.805979 val_accuracy=0.500645 seconds=126.3 checkpoint=- ebops_trace_seconds=0.01 ebops_trace_over_epoch=0.001 loss=1.461865 host_rss_mb=2422
[epoch 78/7000] EBOPs=untraced in_training_ebops=587950 target=350000 beta=4.36e-07 val_AUC=0.825084 val_accuracy=0.512855 seconds=122.4 checkpoint=- ebops_trace_seconds=0.01 ebops_trace_over_epoch=0.001 loss=1.446512 host_rss_mb=2422
[epoch 79/7000] EBOPs=untraced in_training_ebops=581168 target=350000 beta=4.54e-07 val_AUC=0.809652 val_accuracy=0.519355 seconds=130.2 checkpoint=- ebops_trace_seconds=0.01 ebops_trace_over_epoch=0.001 loss=1.466693 host_rss_mb=2423
[epoch 80/7000] EBOPs=528490 target=350000 above_floor=356964 feasible=0 degenerate=0 beta=4.6e-07 val_AUC=0.829002 val_accuracy=0.544435 seconds=227.2 checkpoint=- ebops_trace_seconds=111.71 ebops_trace_over_epoch=0.492 loss=1.465531 host_rss_mb=2416
[epoch 81/7000] EBOPs=untraced in_training_ebops=562213 target=350000 beta=4.27e-07 val_AUC=0.847100 val_accuracy=0.580065 seconds=132.0 checkpoint=- ebops_trace_seconds=0.01 ebops_trace_over_epoch=0.001 loss=1.426135 host_rss_mb=2419
[epoch 82/7000] EBOPs=untraced in_training_ebops=561698 target=350000 beta=4.66e-07 val_AUC=0.798213 val_accuracy=0.475468 seconds=130.6 checkpoint=- ebops_trace_seconds=0.01 ebops_trace_over_epoch=0.001 loss=1.451584 host_rss_mb=2422
[epoch 83/7000] EBOPs=untraced in_training_ebops=564881 target=350000 beta=4.76e-07 val_AUC=0.823854 val_accuracy=0.531468 seconds=131.9 checkpoint=- ebops_trace_seconds=0.01 ebops_trace_over_epoch=0.001 loss=1.462555 host_rss_mb=2422
[epoch 84/7000] EBOPs=untraced in_training_ebops=563445 target=350000 beta=4.91e-07 val_AUC=0.828240 val_accuracy=0.523032 seconds=121.9 checkpoint=- ebops_trace_seconds=0.01 ebops_trace_over_epoch=0.001 loss=1.471840 host_rss_mb=2423
[epoch 85/7000] EBOPs=untraced in_training_ebops=562855 target=350000 beta=5.01e-07 val_AUC=0.826417 val_accuracy=0.533177 seconds=126.3 checkpoint=- ebops_trace_seconds=0.01 ebops_trace_over_epoch=0.001 loss=1.475702 host_rss_mb=2423
[epoch 86/7000] EBOPs=untraced in_training_ebops=553615 target=350000 beta=5.13e-07 val_AUC=0.816266 val_accuracy=0.503048 seconds=131.9 checkpoint=- ebops_trace_seconds=0.01 ebops_trace_over_epoch=0.001 loss=1.484083 host_rss_mb=2424
[epoch 87/7000] EBOPs=untraced in_training_ebops=550954 target=350000 beta=5.16e-07 val_AUC=0.821432 val_accuracy=0.505323 seconds=130.1 checkpoint=- ebops_trace_seconds=0.01 ebops_trace_over_epoch=0.001 loss=1.483398 host_rss_mb=2425
[epoch 88/7000] EBOPs=untraced in_training_ebops=548893 target=350000 beta=5.25e-07 val_AUC=0.824415 val_accuracy=0.525984 seconds=130.2 checkpoint=- ebops_trace_seconds=0.01 ebops_trace_over_epoch=0.001 loss=1.494066 host_rss_mb=2425
[epoch 89/7000] EBOPs=untraced in_training_ebops=542213 target=350000 beta=5.35e-07 val_AUC=0.821323 val_accuracy=0.502500 seconds=130.0 checkpoint=- ebops_trace_seconds=0.01 ebops_trace_over_epoch=0.001 loss=1.504194 host_rss_mb=2425
[epoch 90/7000] EBOPs=481119 target=350000 above_floor=309593 feasible=0 degenerate=0 beta=5.4e-07 val_AUC=0.809842 val_accuracy=0.494323 seconds=231.9 checkpoint=- ebops_trace_seconds=115.36 ebops_trace_over_epoch=0.498 loss=1.496048 host_rss_mb=2425
[epoch 91/7000] EBOPs=untraced in_training_ebops=534430 target=350000 beta=4.87e-07 val_AUC=0.785818 val_accuracy=0.462952 seconds=116.3 checkpoint=- ebops_trace_seconds=0.01 ebops_trace_over_epoch=0.001 loss=1.455172 host_rss_mb=2425
[epoch 92/7000] EBOPs=untraced in_training_ebops=531943 target=350000 beta=5.53e-07 val_AUC=0.827086 val_accuracy=0.539726 seconds=130.4 checkpoint=- ebops_trace_seconds=0.01 ebops_trace_over_epoch=0.001 loss=1.503029 host_rss_mb=2425
[epoch 93/7000] EBOPs=untraced in_training_ebops=524857 target=350000 beta=5.62e-07 val_AUC=0.818091 val_accuracy=0.534742 seconds=130.9 checkpoint=- ebops_trace_seconds=0.01 ebops_trace_over_epoch=0.001 loss=1.499387 host_rss_mb=2425
[epoch 94/7000] EBOPs=untraced in_training_ebops=522794 target=350000 beta=5.66e-07 val_AUC=0.827217 val_accuracy=0.540790 seconds=130.7 checkpoint=- ebops_trace_seconds=0.01 ebops_trace_over_epoch=0.001 loss=1.486610 host_rss_mb=2425
[epoch 95/7000] EBOPs=untraced in_training_ebops=518650 target=350000 beta=5.75e-07 val_AUC=0.812275 val_accuracy=0.509823 seconds=131.7 checkpoint=- ebops_trace_seconds=0.01 ebops_trace_over_epoch=0.001 loss=1.499762 host_rss_mb=2426
[epoch 96/7000] EBOPs=untraced in_training_ebops=514047 target=350000 beta=5.82e-07 val_AUC=0.824179 val_accuracy=0.516468 seconds=125.1 checkpoint=- ebops_trace_seconds=0.01 ebops_trace_over_epoch=0.001 loss=1.513819 host_rss_mb=2427
[epoch 97/7000] EBOPs=untraced in_training_ebops=506865 target=350000 beta=5.88e-07 val_AUC=0.827728 val_accuracy=0.526532 seconds=128.6 checkpoint=- ebops_trace_seconds=0.01 ebops_trace_over_epoch=0.001 loss=1.497807 host_rss_mb=2427
[epoch 98/7000] EBOPs=untraced in_training_ebops=531460 target=350000 beta=5.9e-07 val_AUC=0.787700 val_accuracy=0.464694 seconds=128.9 checkpoint=- ebops_trace_seconds=0.01 ebops_trace_over_epoch=0.001 loss=1.512636 host_rss_mb=2427
[epoch 99/7000] EBOPs=untraced in_training_ebops=509444 target=350000 beta=6.32e-07 val_AUC=0.807998 val_accuracy=0.483532 seconds=118.8 checkpoint=- ebops_trace_seconds=0.01 ebops_trace_over_epoch=0.001 loss=1.550006 host_rss_mb=2427
[epoch 100/7000] EBOPs=461179 target=350000 above_floor=289653 feasible=0 degenerate=0 beta=6.17e-07 val_AUC=0.815553 val_accuracy=0.532613 seconds=233.7 checkpoint=epoch-0100 ebops_trace_seconds=114.79 ebops_trace_over_epoch=0.491 loss=1.536873 host_rss_mb=2424
[epoch 101/7000] EBOPs=untraced in_training_ebops=490489 target=350000 beta=5.67e-07 val_AUC=0.815594 val_accuracy=0.502258 seconds=130.7 checkpoint=- ebops_trace_seconds=0.01 ebops_trace_over_epoch=0.001 loss=1.489475 host_rss_mb=2425
[epoch 102/7000] EBOPs=untraced in_training_ebops=500252 target=350000 beta=6.13e-07 val_AUC=0.805858 val_accuracy=0.518758 seconds=129.6 checkpoint=- ebops_trace_seconds=0.01 ebops_trace_over_epoch=0.001 loss=1.524650 host_rss_mb=2425
[epoch 103/7000] EBOPs=untraced in_training_ebops=506875 target=350000 beta=6.36e-07 val_AUC=0.823946 val_accuracy=0.538806 seconds=131.6 checkpoint=- ebops_trace_seconds=0.01 ebops_trace_over_epoch=0.001 loss=1.541572 host_rss_mb=2425
[epoch 104/7000] EBOPs=untraced in_training_ebops=501755 target=350000 beta=6.57e-07 val_AUC=0.833257 val_accuracy=0.524435 seconds=129.5 checkpoint=- ebops_trace_seconds=0.01 ebops_trace_over_epoch=0.001 loss=1.541009 host_rss_mb=2425
RSS_GATE chang0926-d-n64-s1 PASS slope_mb_per_epoch 0.617 baseline_mb 2377 projection_mb 6697 at_epoch 7000 limit_mb 8192 fit_epochs 5-104 of this process
[epoch 105/7000] EBOPs=untraced in_training_ebops=500175 target=350000 beta=6.62e-07 val_AUC=0.770876 val_accuracy=0.452887 seconds=124.3 checkpoint=- ebops_trace_seconds=0.01 ebops_trace_over_epoch=0.001 loss=1.537265 host_rss_mb=2425
[epoch 106/7000] EBOPs=untraced in_training_ebops=504237 target=350000 beta=6.72e-07 val_AUC=0.804245 val_accuracy=0.500097 seconds=125.8 checkpoint=- ebops_trace_seconds=0.01 ebops_trace_over_epoch=0.001 loss=1.547413 host_rss_mb=2426
[epoch 107/7000] EBOPs=untraced in_training_ebops=493031 target=350000 beta=6.9e-07 val_AUC=0.791753 val_accuracy=0.437968 seconds=130.4 checkpoint=- ebops_trace_seconds=0.01 ebops_trace_over_epoch=0.001 loss=1.566064 host_rss_mb=2426
[epoch 108/7000] EBOPs=untraced in_training_ebops=489422 target=350000 beta=6.86e-07 val_AUC=0.815651 val_accuracy=0.510694 seconds=131.8 checkpoint=- ebops_trace_seconds=0.01 ebops_trace_over_epoch=0.001 loss=1.539318 host_rss_mb=2426
[epoch 109/7000] EBOPs=untraced in_training_ebops=495596 target=350000 beta=6.92e-07 val_AUC=0.810024 val_accuracy=0.479629 seconds=125.5 checkpoint=- ebops_trace_seconds=0.01 ebops_trace_over_epoch=0.001 loss=1.533723 host_rss_mb=2427
[epoch 110/7000] EBOPs=454337 target=350000 above_floor=282811 feasible=0 degenerate=0 beta=7.13e-07 val_AUC=0.785514 val_accuracy=0.469048 seconds=235.2 checkpoint=- ebops_trace_seconds=113.95 ebops_trace_over_epoch=0.485 loss=1.536634 host_rss_mb=2427
[epoch 111/7000] EBOPs=untraced in_training_ebops=481055 target=350000 beta=6.63e-07 val_AUC=0.840543 val_accuracy=0.554774 seconds=129.4 checkpoint=- ebops_trace_seconds=0.01 ebops_trace_over_epoch=0.001 loss=1.520894 host_rss_mb=2427
[epoch 112/7000] EBOPs=untraced in_training_ebops=483693 target=350000 beta=7.13e-07 val_AUC=0.796757 val_accuracy=0.457097 seconds=113.4 checkpoint=- ebops_trace_seconds=0.01 ebops_trace_over_epoch=0.001 loss=1.535538 host_rss_mb=2427
[epoch 113/7000] EBOPs=untraced in_training_ebops=496034 target=350000 beta=7.28e-07 val_AUC=0.816516 val_accuracy=0.509548 seconds=131.6 checkpoint=- ebops_trace_seconds=0.01 ebops_trace_over_epoch=0.001 loss=1.542947 host_rss_mb=2427
[epoch 114/7000] EBOPs=untraced in_training_ebops=492483 target=350000 beta=7.6e-07 val_AUC=0.770810 val_accuracy=0.459210 seconds=130.7 checkpoint=- ebops_trace_seconds=0.01 ebops_trace_over_epoch=0.001 loss=1.556672 host_rss_mb=2427
[epoch 115/7000] EBOPs=untraced in_training_ebops=501748 target=350000 beta=7.68e-07 val_AUC=0.826899 val_accuracy=0.530887 seconds=130.6 checkpoint=- ebops_trace_seconds=0.01 ebops_trace_over_epoch=0.001 loss=1.593544 host_rss_mb=2427
[epoch 116/7000] EBOPs=untraced in_training_ebops=554919 target=350000 beta=7.96e-07 val_AUC=0.818877 val_accuracy=0.523403 seconds=130.9 checkpoint=- ebops_trace_seconds=0.01 ebops_trace_over_epoch=0.001 loss=1.611069 host_rss_mb=2427
[epoch 117/7000] EBOPs=untraced in_training_ebops=531874 target=350000 beta=9.01e-07 val_AUC=0.797816 val_accuracy=0.373500 seconds=129.2 checkpoint=- ebops_trace_seconds=0.01 ebops_trace_over_epoch=0.001 loss=1.707189 host_rss_mb=2427
[epoch 118/7000] EBOPs=untraced in_training_ebops=591740 target=350000 beta=8.82e-07 val_AUC=0.799743 val_accuracy=0.385548 seconds=131.9 checkpoint=- ebops_trace_seconds=0.01 ebops_trace_over_epoch=0.001 loss=1.698055 host_rss_mb=2427
[epoch 119/7000] EBOPs=untraced in_training_ebops=602989 target=350000 beta=1.01e-06 val_AUC=0.806852 val_accuracy=0.492177 seconds=123.7 checkpoint=- ebops_trace_seconds=0.00 ebops_trace_over_epoch=0.001 loss=1.802585 host_rss_mb=2423
[epoch 120/7000] EBOPs=555690 target=350000 above_floor=384164 feasible=0 degenerate=0 beta=1.06e-06 val_AUC=0.826129 val_accuracy=0.544210 seconds=222.9 checkpoint=- ebops_trace_seconds=115.70 ebops_trace_over_epoch=0.519 loss=1.832862 host_rss_mb=2427
[epoch 121/7000] EBOPs=untraced in_training_ebops=595322 target=350000 beta=9.95e-07 val_AUC=0.824998 val_accuracy=0.532177 seconds=129.1 checkpoint=- ebops_trace_seconds=0.01 ebops_trace_over_epoch=0.001 loss=1.790599 host_rss_mb=2428
[epoch 122/7000] EBOPs=untraced in_training_ebops=558967 target=350000 beta=1.09e-06 val_AUC=0.826614 val_accuracy=0.525145 seconds=132.1 checkpoint=- ebops_trace_seconds=0.01 ebops_trace_over_epoch=0.001 loss=1.852057 host_rss_mb=2429
[epoch 123/7000] EBOPs=untraced in_training_ebops=509935 target=350000 beta=1.05e-06 val_AUC=0.810209 val_accuracy=0.525468 seconds=129.5 checkpoint=- ebops_trace_seconds=0.01 ebops_trace_over_epoch=0.001 loss=1.788196 host_rss_mb=2429
[epoch 124/7000] EBOPs=untraced in_training_ebops=506303 target=350000 beta=9.78e-07 val_AUC=0.836835 val_accuracy=0.532323 seconds=130.3 checkpoint=- ebops_trace_seconds=0.01 ebops_trace_over_epoch=0.001 loss=1.711540 host_rss_mb=2430
[epoch 125/7000] EBOPs=untraced in_training_ebops=511955 target=350000 beta=9.89e-07 val_AUC=0.809471 val_accuracy=0.470016 seconds=130.2 checkpoint=epoch-0125 ebops_trace_seconds=0.01 ebops_trace_over_epoch=0.001 loss=1.721796 host_rss_mb=2430
[epoch 126/7000] EBOPs=untraced in_training_ebops=488934 target=350000 beta=1.02e-06 val_AUC=0.816350 val_accuracy=0.494242 seconds=125.1 checkpoint=- ebops_trace_seconds=0.01 ebops_trace_over_epoch=0.001 loss=1.730671 host_rss_mb=2430
[epoch 127/7000] EBOPs=untraced in_training_ebops=487881 target=350000 beta=9.9e-07 val_AUC=0.811040 val_accuracy=0.495000 seconds=126.0 checkpoint=- ebops_trace_seconds=0.01 ebops_trace_over_epoch=0.001 loss=1.708571 host_rss_mb=2430
[epoch 128/7000] EBOPs=untraced in_training_ebops=498207 target=350000 beta=1e-06 val_AUC=0.819277 val_accuracy=0.499097 seconds=126.4 checkpoint=- ebops_trace_seconds=0.01 ebops_trace_over_epoch=0.001 loss=1.716739 host_rss_mb=2430
[epoch 129/7000] EBOPs=untraced in_training_ebops=495570 target=350000 beta=1.04e-06 val_AUC=0.799479 val_accuracy=0.454790 seconds=124.3 checkpoint=- ebops_trace_seconds=0.01 ebops_trace_over_epoch=0.001 loss=1.734544 host_rss_mb=2430
[epoch 130/7000] EBOPs=450588 target=350000 above_floor=279062 feasible=0 degenerate=0 beta=1.06e-06 val_AUC=0.827875 val_accuracy=0.533145 seconds=235.8 checkpoint=- ebops_trace_seconds=114.00 ebops_trace_over_epoch=0.484 loss=1.737588 host_rss_mb=2430
[epoch 131/7000] EBOPs=untraced in_training_ebops=492565 target=350000 beta=9.73e-07 val_AUC=0.822782 val_accuracy=0.516242 seconds=129.4 checkpoint=- ebops_trace_seconds=0.01 ebops_trace_over_epoch=0.001 loss=1.705453 host_rss_mb=2432
[epoch 132/7000] EBOPs=untraced in_training_ebops=477583 target=350000 beta=1.08e-06 val_AUC=0.787307 val_accuracy=0.432000 seconds=131.4 checkpoint=- ebops_trace_seconds=0.01 ebops_trace_over_epoch=0.001 loss=1.741388 host_rss_mb=2432
[epoch 133/7000] EBOPs=untraced in_training_ebops=478723 target=350000 beta=1.07e-06 val_AUC=0.822124 val_accuracy=0.533726 seconds=119.8 checkpoint=- ebops_trace_seconds=0.01 ebops_trace_over_epoch=0.001 loss=1.745359 host_rss_mb=2432
[epoch 134/7000] EBOPs=untraced in_training_ebops=482177 target=350000 beta=1.08e-06 val_AUC=0.808351 val_accuracy=0.490468 seconds=129.1 checkpoint=- ebops_trace_seconds=0.01 ebops_trace_over_epoch=0.001 loss=1.765920 host_rss_mb=2434
[epoch 135/7000] EBOPs=untraced in_training_ebops=481795 target=350000 beta=1.11e-06 val_AUC=0.767642 val_accuracy=0.425774 seconds=132.2 checkpoint=- ebops_trace_seconds=0.01 ebops_trace_over_epoch=0.001 loss=1.778012 host_rss_mb=2434
[epoch 136/7000] EBOPs=untraced in_training_ebops=482741 target=350000 beta=1.13e-06 val_AUC=0.820236 val_accuracy=0.522403 seconds=129.9 checkpoint=- ebops_trace_seconds=0.01 ebops_trace_over_epoch=0.001 loss=1.770393 host_rss_mb=2435
[epoch 137/7000] EBOPs=untraced in_training_ebops=485813 target=350000 beta=1.15e-06 val_AUC=0.780781 val_accuracy=0.415097 seconds=131.5 checkpoint=- ebops_trace_seconds=0.01 ebops_trace_over_epoch=0.001 loss=1.788426 host_rss_mb=2435
[epoch 138/7000] EBOPs=untraced in_training_ebops=485205 target=350000 beta=1.17e-06 val_AUC=0.819863 val_accuracy=0.519226 seconds=129.6 checkpoint=- ebops_trace_seconds=0.01 ebops_trace_over_epoch=0.001 loss=1.811052 host_rss_mb=2413
[epoch 139/7000] EBOPs=untraced in_training_ebops=472520 target=350000 beta=1.19e-06 val_AUC=0.794415 val_accuracy=0.439710 seconds=125.7 checkpoint=- ebops_trace_seconds=0.01 ebops_trace_over_epoch=0.001 loss=1.803335 host_rss_mb=2428
[epoch 140/7000] EBOPs=445064 target=350000 above_floor=273538 feasible=0 degenerate=0 beta=1.18e-06 val_AUC=0.818168 val_accuracy=0.523339 seconds=229.9 checkpoint=- ebops_trace_seconds=107.20 ebops_trace_over_epoch=0.467 loss=1.822000 host_rss_mb=2430
[epoch 141/7000] EBOPs=untraced in_training_ebops=479982 target=350000 beta=1.12e-06 val_AUC=0.801525 val_accuracy=0.488565 seconds=131.1 checkpoint=- ebops_trace_seconds=0.01 ebops_trace_over_epoch=0.001 loss=1.785755 host_rss_mb=2431
[epoch 142/7000] EBOPs=untraced in_training_ebops=484180 target=350000 beta=1.23e-06 val_AUC=0.796245 val_accuracy=0.477597 seconds=130.8 checkpoint=- ebops_trace_seconds=0.01 ebops_trace_over_epoch=0.001 loss=1.846427 host_rss_mb=2431
[epoch 143/7000] EBOPs=untraced in_training_ebops=470777 target=350000 beta=1.26e-06 val_AUC=0.805171 val_accuracy=0.515581 seconds=129.6 checkpoint=- ebops_trace_seconds=0.01 ebops_trace_over_epoch=0.001 loss=1.833311 host_rss_mb=2431
[epoch 144/7000] EBOPs=untraced in_training_ebops=465285 target=350000 beta=1.25e-06 val_AUC=0.787641 val_accuracy=0.470419 seconds=126.0 checkpoint=- ebops_trace_seconds=0.00 ebops_trace_over_epoch=0.001 loss=1.852029 host_rss_mb=2432
[epoch 145/7000] EBOPs=untraced in_training_ebops=467841 target=350000 beta=1.25e-06 val_AUC=0.795122 val_accuracy=0.465419 seconds=131.7 checkpoint=- ebops_trace_seconds=0.01 ebops_trace_over_epoch=0.001 loss=1.837283 host_rss_mb=2432
[epoch 146/7000] EBOPs=untraced in_training_ebops=474952 target=350000 beta=1.27e-06 val_AUC=0.797181 val_accuracy=0.486516 seconds=130.8 checkpoint=- ebops_trace_seconds=0.01 ebops_trace_over_epoch=0.001 loss=1.881571 host_rss_mb=2432
[epoch 147/7000] EBOPs=untraced in_training_ebops=461663 target=350000 beta=1.31e-06 val_AUC=0.792631 val_accuracy=0.475887 seconds=127.3 checkpoint=- ebops_trace_seconds=0.01 ebops_trace_over_epoch=0.001 loss=1.887440 host_rss_mb=2432
[epoch 148/7000] EBOPs=untraced in_training_ebops=461132 target=350000 beta=1.29e-06 val_AUC=0.788631 val_accuracy=0.458081 seconds=122.3 checkpoint=- ebops_trace_seconds=0.01 ebops_trace_over_epoch=0.001 loss=1.875781 host_rss_mb=2432
[epoch 149/7000] EBOPs=untraced in_training_ebops=461103 target=350000 beta=1.31e-06 val_AUC=0.791614 val_accuracy=0.490032 seconds=122.3 checkpoint=- ebops_trace_seconds=0.01 ebops_trace_over_epoch=0.001 loss=1.882437 host_rss_mb=2433
[epoch 150/7000] EBOPs=427157 target=350000 above_floor=255631 feasible=0 degenerate=0 beta=1.33e-06 val_AUC=0.797670 val_accuracy=0.481935 seconds=238.2 checkpoint=epoch-0150 ebops_trace_seconds=113.23 ebops_trace_over_epoch=0.476 loss=1.884080 host_rss_mb=2432
[epoch 151/7000] EBOPs=untraced in_training_ebops=461006 target=350000 beta=1.24e-06 val_AUC=0.820207 val_accuracy=0.512097 seconds=131.9 checkpoint=- ebops_trace_seconds=0.01 ebops_trace_over_epoch=0.001 loss=1.834842 host_rss_mb=2433
[epoch 152/7000] EBOPs=untraced in_training_ebops=446255 target=350000 beta=1.36e-06 val_AUC=0.806685 val_accuracy=0.505145 seconds=130.2 checkpoint=- ebops_trace_seconds=0.01 ebops_trace_over_epoch=0.001 loss=1.876607 host_rss_mb=2433
[epoch 153/7000] EBOPs=untraced in_training_ebops=441604 target=350000 beta=1.33e-06 val_AUC=0.801744 val_accuracy=0.499968 seconds=130.4 checkpoint=- ebops_trace_seconds=0.01 ebops_trace_over_epoch=0.001 loss=1.845996 host_rss_mb=2433
[epoch 154/7000] EBOPs=untraced in_training_ebops=442622 target=350000 beta=1.33e-06 val_AUC=0.793487 val_accuracy=0.498806 seconds=123.3 checkpoint=- ebops_trace_seconds=0.01 ebops_trace_over_epoch=0.001 loss=1.854457 host_rss_mb=2434
[epoch 155/7000] EBOPs=untraced in_training_ebops=426648 target=350000 beta=1.35e-06 val_AUC=0.772888 val_accuracy=0.430274 seconds=127.1 checkpoint=- ebops_trace_seconds=0.01 ebops_trace_over_epoch=0.001 loss=1.828403 host_rss_mb=2434
[epoch 156/7000] EBOPs=untraced in_training_ebops=437425 target=350000 beta=1.32e-06 val_AUC=0.791419 val_accuracy=0.492484 seconds=130.9 checkpoint=- ebops_trace_seconds=0.01 ebops_trace_over_epoch=0.001 loss=1.864791 host_rss_mb=2434
[epoch 157/7000] EBOPs=untraced in_training_ebops=457910 target=350000 beta=1.37e-06 val_AUC=0.804791 val_accuracy=0.505903 seconds=130.9 checkpoint=- ebops_trace_seconds=0.01 ebops_trace_over_epoch=0.001 loss=1.872401 host_rss_mb=2434
[epoch 158/7000] EBOPs=untraced in_training_ebops=437029 target=350000 beta=1.45e-06 val_AUC=0.789228 val_accuracy=0.482129 seconds=130.4 checkpoint=- ebops_trace_seconds=0.01 ebops_trace_over_epoch=0.001 loss=1.878145 host_rss_mb=2429
[epoch 159/7000] EBOPs=untraced in_training_ebops=441618 target=350000 beta=1.4e-06 val_AUC=0.819851 val_accuracy=0.522032 seconds=124.0 checkpoint=- ebops_trace_seconds=0.01 ebops_trace_over_epoch=0.001 loss=1.857972 host_rss_mb=2431
[epoch 160/7000] EBOPs=421240 target=350000 above_floor=249714 feasible=0 degenerate=0 beta=1.43e-06 val_AUC=0.813392 val_accuracy=0.531742 seconds=233.9 checkpoint=- ebops_trace_seconds=113.26 ebops_trace_over_epoch=0.484 loss=1.876570 host_rss_mb=2431
[epoch 161/7000] EBOPs=untraced in_training_ebops=429731 target=350000 beta=1.38e-06 val_AUC=0.809517 val_accuracy=0.497823 seconds=119.4 checkpoint=- ebops_trace_seconds=0.01 ebops_trace_over_epoch=0.001 loss=1.833886 host_rss_mb=2431
[epoch 162/7000] EBOPs=untraced in_training_ebops=435962 target=350000 beta=1.42e-06 val_AUC=0.768631 val_accuracy=0.403048 seconds=130.9 checkpoint=- ebops_trace_seconds=0.01 ebops_trace_over_epoch=0.001 loss=1.863665 host_rss_mb=2433
[epoch 163/7000] EBOPs=untraced in_training_ebops=436340 target=350000 beta=1.45e-06 val_AUC=0.809335 val_accuracy=0.497855 seconds=129.8 checkpoint=- ebops_trace_seconds=0.01 ebops_trace_over_epoch=0.001 loss=1.913370 host_rss_mb=2433
[epoch 164/7000] EBOPs=untraced in_training_ebops=434931 target=350000 beta=1.47e-06 val_AUC=0.802820 val_accuracy=0.503065 seconds=132.1 checkpoint=- ebops_trace_seconds=0.01 ebops_trace_over_epoch=0.001 loss=1.897260 host_rss_mb=2434
[epoch 165/7000] EBOPs=untraced in_training_ebops=436592 target=350000 beta=1.48e-06 val_AUC=0.805988 val_accuracy=0.495677 seconds=130.5 checkpoint=- ebops_trace_seconds=0.01 ebops_trace_over_epoch=0.001 loss=1.915782 host_rss_mb=2434
[epoch 166/7000] EBOPs=untraced in_training_ebops=433037 target=350000 beta=1.51e-06 val_AUC=0.814211 val_accuracy=0.503048 seconds=131.9 checkpoint=- ebops_trace_seconds=0.01 ebops_trace_over_epoch=0.001 loss=1.923859 host_rss_mb=2434
[epoch 167/7000] EBOPs=untraced in_training_ebops=426806 target=350000 beta=1.51e-06 val_AUC=0.787608 val_accuracy=0.498290 seconds=130.6 checkpoint=- ebops_trace_seconds=0.01 ebops_trace_over_epoch=0.001 loss=1.910728 host_rss_mb=2434
[epoch 168/7000] EBOPs=untraced in_training_ebops=430418 target=350000 beta=1.5e-06 val_AUC=0.801842 val_accuracy=0.487532 seconds=125.8 checkpoint=- ebops_trace_seconds=0.01 ebops_trace_over_epoch=0.001 loss=1.921929 host_rss_mb=2435
[epoch 169/7000] EBOPs=untraced in_training_ebops=431823 target=350000 beta=1.53e-06 val_AUC=0.781020 val_accuracy=0.476806 seconds=112.0 checkpoint=- ebops_trace_seconds=0.01 ebops_trace_over_epoch=0.001 loss=1.910964 host_rss_mb=2435
[epoch 170/7000] EBOPs=404109 target=350000 above_floor=232583 feasible=0 degenerate=0 beta=1.55e-06 val_AUC=0.800913 val_accuracy=0.500097 seconds=239.6 checkpoint=- ebops_trace_seconds=114.36 ebops_trace_over_epoch=0.478 loss=1.942202 host_rss_mb=2436
[epoch 171/7000] EBOPs=untraced in_training_ebops=430886 target=350000 beta=1.46e-06 val_AUC=0.800426 val_accuracy=0.498935 seconds=130.6 checkpoint=- ebops_trace_seconds=0.01 ebops_trace_over_epoch=0.001 loss=1.884721 host_rss_mb=2436
[epoch 172/7000] EBOPs=untraced in_training_ebops=427370 target=350000 beta=1.58e-06 val_AUC=0.797066 val_accuracy=0.487145 seconds=130.8 checkpoint=- ebops_trace_seconds=0.01 ebops_trace_over_epoch=0.001 loss=1.943732 host_rss_mb=2436
[epoch 173/7000] EBOPs=untraced in_training_ebops=427814 target=350000 beta=1.58e-06 val_AUC=0.798953 val_accuracy=0.494290 seconds=131.5 checkpoint=- ebops_trace_seconds=0.01 ebops_trace_over_epoch=0.001 loss=1.944581 host_rss_mb=2436
[epoch 174/7000] EBOPs=untraced in_training_ebops=427254 target=350000 beta=1.6e-06 val_AUC=0.787089 val_accuracy=0.477194 seconds=129.4 checkpoint=- ebops_trace_seconds=0.01 ebops_trace_over_epoch=0.001 loss=1.955987 host_rss_mb=2436
[epoch 175/7000] EBOPs=untraced in_training_ebops=418589 target=350000 beta=1.61e-06 val_AUC=0.795217 val_accuracy=0.510177 seconds=121.6 checkpoint=epoch-0175 ebops_trace_seconds=0.01 ebops_trace_over_epoch=0.001 loss=1.970834 host_rss_mb=2437
[epoch 176/7000] EBOPs=untraced in_training_ebops=418160 target=350000 beta=1.59e-06 val_AUC=0.787318 val_accuracy=0.463742 seconds=122.8 checkpoint=- ebops_trace_seconds=0.01 ebops_trace_over_epoch=0.001 loss=1.974397 host_rss_mb=2438
[epoch 177/7000] EBOPs=untraced in_training_ebops=419778 target=350000 beta=1.6e-06 val_AUC=0.807130 val_accuracy=0.516387 seconds=130.0 checkpoint=- ebops_trace_seconds=0.01 ebops_trace_over_epoch=0.001 loss=1.971686 host_rss_mb=2428
[epoch 178/7000] EBOPs=untraced in_training_ebops=423530 target=350000 beta=1.63e-06 val_AUC=0.789095 val_accuracy=0.479468 seconds=129.7 checkpoint=- ebops_trace_seconds=0.01 ebops_trace_over_epoch=0.001 loss=1.980900 host_rss_mb=2431
[epoch 179/7000] EBOPs=untraced in_training_ebops=423096 target=350000 beta=1.66e-06 val_AUC=0.783248 val_accuracy=0.492968 seconds=121.4 checkpoint=- ebops_trace_seconds=0.01 ebops_trace_over_epoch=0.001 loss=2.019374 host_rss_mb=2434
[epoch 180/7000] EBOPs=410725 target=350000 above_floor=239199 feasible=0 degenerate=0 beta=1.67e-06 val_AUC=0.792438 val_accuracy=0.481565 seconds=241.4 checkpoint=- ebops_trace_seconds=114.52 ebops_trace_over_epoch=0.475 loss=2.018504 host_rss_mb=2434
[epoch 181/7000] EBOPs=untraced in_training_ebops=413414 target=350000 beta=1.63e-06 val_AUC=0.770184 val_accuracy=0.440774 seconds=131.4 checkpoint=- ebops_trace_seconds=0.01 ebops_trace_over_epoch=0.001 loss=2.006930 host_rss_mb=2434
[epoch 182/7000] EBOPs=untraced in_training_ebops=422162 target=350000 beta=1.66e-06 val_AUC=0.807778 val_accuracy=0.509677 seconds=117.4 checkpoint=- ebops_trace_seconds=0.01 ebops_trace_over_epoch=0.001 loss=2.013326 host_rss_mb=2434
[epoch 183/7000] EBOPs=untraced in_training_ebops=422075 target=350000 beta=1.71e-06 val_AUC=0.802786 val_accuracy=0.501177 seconds=131.7 checkpoint=- ebops_trace_seconds=0.01 ebops_trace_over_epoch=0.001 loss=2.046123 host_rss_mb=2435
[epoch 184/7000] EBOPs=untraced in_training_ebops=426538 target=350000 beta=1.73e-06 val_AUC=0.799961 val_accuracy=0.493855 seconds=129.8 checkpoint=- ebops_trace_seconds=0.01 ebops_trace_over_epoch=0.001 loss=2.043236 host_rss_mb=2435
[epoch 185/7000] EBOPs=untraced in_training_ebops=412846 target=350000 beta=1.76e-06 val_AUC=0.774282 val_accuracy=0.439113 seconds=130.7 checkpoint=- ebops_trace_seconds=0.01 ebops_trace_over_epoch=0.001 loss=2.054480 host_rss_mb=2436
[epoch 186/7000] EBOPs=untraced in_training_ebops=418976 target=350000 beta=1.72e-06 val_AUC=0.804077 val_accuracy=0.515597 seconds=131.1 checkpoint=- ebops_trace_seconds=0.01 ebops_trace_over_epoch=0.001 loss=2.018803 host_rss_mb=2436
[epoch 187/7000] EBOPs=untraced in_training_ebops=415923 target=350000 beta=1.76e-06 val_AUC=0.756870 val_accuracy=0.444532 seconds=130.9 checkpoint=- ebops_trace_seconds=0.01 ebops_trace_over_epoch=0.001 loss=2.036040 host_rss_mb=2436
[epoch 188/7000] EBOPs=untraced in_training_ebops=419014 target=350000 beta=1.76e-06 val_AUC=0.762375 val_accuracy=0.388000 seconds=131.5 checkpoint=- ebops_trace_seconds=0.01 ebops_trace_over_epoch=0.001 loss=2.069155 host_rss_mb=2436
[epoch 189/7000] EBOPs=untraced in_training_ebops=416612 target=350000 beta=1.79e-06 val_AUC=0.749218 val_accuracy=0.430871 seconds=114.4 checkpoint=- ebops_trace_seconds=0.01 ebops_trace_over_epoch=0.001 loss=2.067884 host_rss_mb=2436
[epoch 190/7000] EBOPs=400910 target=350000 above_floor=229384 feasible=0 degenerate=0 beta=1.8e-06 val_AUC=0.709996 val_accuracy=0.326871 seconds=234.0 checkpoint=- ebops_trace_seconds=114.83 ebops_trace_over_epoch=0.491 loss=2.098376 host_rss_mb=2436
[epoch 191/7000] EBOPs=untraced in_training_ebops=411359 target=350000 beta=1.74e-06 val_AUC=0.722720 val_accuracy=0.404516 seconds=128.5 checkpoint=- ebops_trace_seconds=0.01 ebops_trace_over_epoch=0.001 loss=2.060741 host_rss_mb=2436
[epoch 192/7000] EBOPs=untraced in_training_ebops=404655 target=350000 beta=1.8e-06 val_AUC=0.505741 val_accuracy=0.171790 seconds=126.4 checkpoint=- ebops_trace_seconds=0.01 ebops_trace_over_epoch=0.001 loss=2.071584 host_rss_mb=2436
[epoch 193/7000] EBOPs=untraced in_training_ebops=406703 target=350000 beta=1.78e-06 val_AUC=0.552953 val_accuracy=0.227694 seconds=131.5 checkpoint=- ebops_trace_seconds=0.01 ebops_trace_over_epoch=0.001 loss=2.046036 host_rss_mb=2437
[epoch 194/7000] EBOPs=untraced in_training_ebops=418541 target=350000 beta=1.81e-06 val_AUC=0.480812 val_accuracy=0.171726 seconds=131.0 checkpoint=- ebops_trace_seconds=0.01 ebops_trace_over_epoch=0.001 loss=2.087310 host_rss_mb=2437
[epoch 195/7000] EBOPs=untraced in_training_ebops=401650 target=350000 beta=1.88e-06 val_AUC=0.542272 val_accuracy=0.230919 seconds=129.6 checkpoint=- ebops_trace_seconds=0.01 ebops_trace_over_epoch=0.001 loss=2.070603 host_rss_mb=2437
[epoch 196/7000] EBOPs=untraced in_training_ebops=400698 target=350000 beta=1.81e-06 val_AUC=0.503277 val_accuracy=0.196065 seconds=124.2 checkpoint=- ebops_trace_seconds=0.01 ebops_trace_over_epoch=0.001 loss=2.018933 host_rss_mb=2437
[epoch 197/7000] EBOPs=untraced in_training_ebops=406712 target=350000 beta=1.82e-06 val_AUC=0.458713 val_accuracy=0.160903 seconds=127.1 checkpoint=- ebops_trace_seconds=0.01 ebops_trace_over_epoch=0.001 loss=2.031008 host_rss_mb=2431
[epoch 198/7000] EBOPs=untraced in_training_ebops=414162 target=350000 beta=1.86e-06 val_AUC=0.490148 val_accuracy=0.182484 seconds=131.9 checkpoint=- ebops_trace_seconds=0.01 ebops_trace_over_epoch=0.001 loss=2.053400 host_rss_mb=2437
[epoch 199/7000] EBOPs=untraced in_training_ebops=414258 target=350000 beta=1.91e-06 val_AUC=0.498567 val_accuracy=0.191258 seconds=118.1 checkpoint=- ebops_trace_seconds=0.01 ebops_trace_over_epoch=0.001 loss=2.093805 host_rss_mb=2438
[epoch 200/7000] EBOPs=403406 target=350000 above_floor=231880 feasible=0 degenerate=0 beta=1.93e-06 val_AUC=0.763326 val_accuracy=0.388161 seconds=240.6 checkpoint=epoch-0200 ebops_trace_seconds=114.91 ebops_trace_over_epoch=0.478 loss=2.078453 host_rss_mb=2438
[epoch 201/7000] EBOPs=untraced in_training_ebops=416850 target=350000 beta=1.89e-06 val_AUC=0.528814 val_accuracy=0.220645 seconds=131.1 checkpoint=- ebops_trace_seconds=0.01 ebops_trace_over_epoch=0.001 loss=2.081953 host_rss_mb=2438
[epoch 202/7000] EBOPs=untraced in_training_ebops=418961 target=350000 beta=1.97e-06 val_AUC=0.468426 val_accuracy=0.155419 seconds=131.3 checkpoint=- ebops_trace_seconds=0.00 ebops_trace_over_epoch=0.001 loss=2.118425 host_rss_mb=2439
[epoch 203/7000] EBOPs=untraced in_training_ebops=416265 target=350000 beta=2e-06 val_AUC=0.510318 val_accuracy=0.208065 seconds=119.4 checkpoint=- ebops_trace_seconds=0.01 ebops_trace_over_epoch=0.001 loss=2.105451 host_rss_mb=2439
[epoch 204/7000] EBOPs=untraced in_training_ebops=425428 target=350000 beta=2e-06 val_AUC=0.484383 val_accuracy=0.193000 seconds=131.2 checkpoint=- ebops_trace_seconds=0.01 ebops_trace_over_epoch=0.001 loss=2.158123 host_rss_mb=2439
[epoch 205/7000] EBOPs=untraced in_training_ebops=418391 target=350000 beta=2.07e-06 val_AUC=0.470560 val_accuracy=0.185806 seconds=130.9 checkpoint=- ebops_trace_seconds=0.01 ebops_trace_over_epoch=0.001 loss=2.190479 host_rss_mb=2439
[epoch 206/7000] EBOPs=untraced in_training_ebops=421952 target=350000 beta=2.05e-06 val_AUC=0.519197 val_accuracy=0.255323 seconds=130.9 checkpoint=- ebops_trace_seconds=0.01 ebops_trace_over_epoch=0.001 loss=2.190625 host_rss_mb=2439
[epoch 207/7000] EBOPs=untraced in_training_ebops=418677 target=350000 beta=2.09e-06 val_AUC=0.494012 val_accuracy=0.179629 seconds=130.4 checkpoint=- ebops_trace_seconds=0.01 ebops_trace_over_epoch=0.001 loss=2.200863 host_rss_mb=2439
[epoch 208/7000] EBOPs=untraced in_training_ebops=421628 target=350000 beta=2.09e-06 val_AUC=0.518826 val_accuracy=0.207500 seconds=127.5 checkpoint=- ebops_trace_seconds=0.01 ebops_trace_over_epoch=0.001 loss=2.184681 host_rss_mb=2439
[epoch 209/7000] EBOPs=untraced in_training_ebops=424649 target=350000 beta=2.13e-06 val_AUC=0.512011 val_accuracy=0.187403 seconds=117.2 checkpoint=- ebops_trace_seconds=0.01 ebops_trace_over_epoch=0.001 loss=2.201788 host_rss_mb=2439
[epoch 210/7000] EBOPs=411716 target=350000 above_floor=240190 feasible=0 degenerate=0 beta=2.16e-06 val_AUC=0.784514 val_accuracy=0.473984 seconds=231.2 checkpoint=- ebops_trace_seconds=108.32 ebops_trace_over_epoch=0.469 loss=2.242683 host_rss_mb=2439
[epoch 211/7000] EBOPs=untraced in_training_ebops=420668 target=350000 beta=2.11e-06 val_AUC=0.762076 val_accuracy=0.422855 seconds=129.3 checkpoint=- ebops_trace_seconds=0.01 ebops_trace_over_epoch=0.001 loss=2.224077 host_rss_mb=2439
[epoch 212/7000] EBOPs=untraced in_training_ebops=428344 target=350000 beta=2.18e-06 val_AUC=0.761360 val_accuracy=0.457435 seconds=131.1 checkpoint=- ebops_trace_seconds=0.01 ebops_trace_over_epoch=0.001 loss=2.246580 host_rss_mb=2439
[epoch 213/7000] EBOPs=untraced in_training_ebops=418486 target=350000 beta=2.24e-06 val_AUC=0.777604 val_accuracy=0.425548 seconds=131.0 checkpoint=- ebops_trace_seconds=0.01 ebops_trace_over_epoch=0.001 loss=2.314718 host_rss_mb=2439
[epoch 214/7000] EBOPs=untraced in_training_ebops=424026 target=350000 beta=2.21e-06 val_AUC=0.800736 val_accuracy=0.499419 seconds=130.0 checkpoint=- ebops_trace_seconds=0.01 ebops_trace_over_epoch=0.001 loss=2.233833 host_rss_mb=2439
[epoch 215/7000] EBOPs=untraced in_training_ebops=420489 target=350000 beta=2.26e-06 val_AUC=0.787342 val_accuracy=0.477290 seconds=132.4 checkpoint=- ebops_trace_seconds=0.01 ebops_trace_over_epoch=0.001 loss=2.299248 host_rss_mb=2440
[epoch 216/7000] EBOPs=untraced in_training_ebops=426048 target=350000 beta=2.26e-06 val_AUC=0.747807 val_accuracy=0.419210 seconds=129.8 checkpoint=- ebops_trace_seconds=0.01 ebops_trace_over_epoch=0.001 loss=2.290939 host_rss_mb=2432
[epoch 217/7000] EBOPs=untraced in_training_ebops=417191 target=350000 beta=2.31e-06 val_AUC=0.724449 val_accuracy=0.379645 seconds=121.9 checkpoint=- ebops_trace_seconds=0.01 ebops_trace_over_epoch=0.001 loss=2.345159 host_rss_mb=2437
[epoch 218/7000] EBOPs=untraced in_training_ebops=422205 target=350000 beta=2.29e-06 val_AUC=0.766425 val_accuracy=0.444355 seconds=126.6 checkpoint=- ebops_trace_seconds=0.00 ebops_trace_over_epoch=0.001 loss=2.330910 host_rss_mb=2437
[epoch 219/7000] EBOPs=untraced in_training_ebops=421881 target=350000 beta=2.34e-06 val_AUC=0.769579 val_accuracy=0.411629 seconds=119.5 checkpoint=- ebops_trace_seconds=0.01 ebops_trace_over_epoch=0.001 loss=2.334504 host_rss_mb=2438
[epoch 220/7000] EBOPs=410964 target=350000 above_floor=239438 feasible=0 degenerate=0 beta=2.36e-06 val_AUC=0.732629 val_accuracy=0.359516 seconds=244.3 checkpoint=- ebops_trace_seconds=115.36 ebops_trace_over_epoch=0.472 loss=2.363742 host_rss_mb=2438
[epoch 221/7000] EBOPs=untraced in_training_ebops=425482 target=350000 beta=2.31e-06 val_AUC=0.763330 val_accuracy=0.458629 seconds=131.0 checkpoint=- ebops_trace_seconds=0.01 ebops_trace_over_epoch=0.001 loss=2.374750 host_rss_mb=2439
[epoch 222/7000] EBOPs=untraced in_training_ebops=424556 target=350000 beta=2.42e-06 val_AUC=0.781087 val_accuracy=0.442694 seconds=131.1 checkpoint=- ebops_trace_seconds=0.01 ebops_trace_over_epoch=0.001 loss=2.420269 host_rss_mb=2439
[epoch 223/7000] EBOPs=untraced in_training_ebops=420448 target=350000 beta=2.44e-06 val_AUC=0.759655 val_accuracy=0.462161 seconds=128.7 checkpoint=- ebops_trace_seconds=0.01 ebops_trace_over_epoch=0.001 loss=2.413965 host_rss_mb=2439
[epoch 224/7000] EBOPs=untraced in_training_ebops=409795 target=350000 beta=2.44e-06 val_AUC=0.741260 val_accuracy=0.418016 seconds=113.2 checkpoint=- ebops_trace_seconds=0.01 ebops_trace_over_epoch=0.001 loss=2.384307 host_rss_mb=2439
[epoch 225/7000] EBOPs=untraced in_training_ebops=419288 target=350000 beta=2.39e-06 val_AUC=0.743250 val_accuracy=0.443613 seconds=131.2 checkpoint=epoch-0225 ebops_trace_seconds=0.01 ebops_trace_over_epoch=0.001 loss=2.374818 host_rss_mb=2439
[epoch 226/7000] EBOPs=untraced in_training_ebops=414072 target=350000 beta=2.47e-06 val_AUC=0.675743 val_accuracy=0.408387 seconds=129.9 checkpoint=- ebops_trace_seconds=0.01 ebops_trace_over_epoch=0.001 loss=2.407735 host_rss_mb=2439
[epoch 227/7000] EBOPs=untraced in_training_ebops=408556 target=350000 beta=2.46e-06 val_AUC=0.755095 val_accuracy=0.419161 seconds=130.4 checkpoint=- ebops_trace_seconds=0.01 ebops_trace_over_epoch=0.001 loss=2.423683 host_rss_mb=2439
[epoch 228/7000] EBOPs=untraced in_training_ebops=411503 target=350000 beta=2.45e-06 val_AUC=0.753138 val_accuracy=0.395097 seconds=129.6 checkpoint=- ebops_trace_seconds=0.01 ebops_trace_over_epoch=0.001 loss=2.370587 host_rss_mb=2439
[epoch 229/7000] EBOPs=untraced in_training_ebops=411961 target=350000 beta=2.48e-06 val_AUC=0.741320 val_accuracy=0.370710 seconds=118.7 checkpoint=- ebops_trace_seconds=0.01 ebops_trace_over_epoch=0.001 loss=2.431136 host_rss_mb=2439
[epoch 230/7000] EBOPs=394910 target=350000 above_floor=223384 feasible=0 degenerate=0 beta=2.51e-06 val_AUC=0.768745 val_accuracy=0.388968 seconds=242.0 checkpoint=- ebops_trace_seconds=113.87 ebops_trace_over_epoch=0.471 loss=2.416876 host_rss_mb=2439
[epoch 231/7000] EBOPs=untraced in_training_ebops=409910 target=350000 beta=2.42e-06 val_AUC=0.753177 val_accuracy=0.364903 seconds=123.3 checkpoint=- ebops_trace_seconds=0.01 ebops_trace_over_epoch=0.001 loss=2.371136 host_rss_mb=2440
[epoch 232/7000] EBOPs=untraced in_training_ebops=396728 target=350000 beta=2.53e-06 val_AUC=0.723800 val_accuracy=0.406935 seconds=130.7 checkpoint=- ebops_trace_seconds=0.00 ebops_trace_over_epoch=0.001 loss=2.401586 host_rss_mb=2440
[epoch 233/7000] EBOPs=untraced in_training_ebops=400679 target=350000 beta=2.46e-06 val_AUC=0.767846 val_accuracy=0.449548 seconds=130.6 checkpoint=- ebops_trace_seconds=0.01 ebops_trace_over_epoch=0.001 loss=2.381362 host_rss_mb=2440
[epoch 234/7000] EBOPs=untraced in_training_ebops=397133 target=350000 beta=2.51e-06 val_AUC=0.764647 val_accuracy=0.384403 seconds=131.5 checkpoint=- ebops_trace_seconds=0.01 ebops_trace_over_epoch=0.001 loss=2.364564 host_rss_mb=2440
[epoch 235/7000] EBOPs=untraced in_training_ebops=391257 target=350000 beta=2.5e-06 val_AUC=0.758861 val_accuracy=0.445403 seconds=130.6 checkpoint=- ebops_trace_seconds=0.01 ebops_trace_over_epoch=0.001 loss=2.383715 host_rss_mb=2440
[epoch 236/7000] EBOPs=untraced in_training_ebops=393917 target=350000 beta=2.48e-06 val_AUC=0.748436 val_accuracy=0.422935 seconds=130.8 checkpoint=- ebops_trace_seconds=0.01 ebops_trace_over_epoch=0.001 loss=2.326452 host_rss_mb=2435
[epoch 237/7000] EBOPs=untraced in_training_ebops=390768 target=350000 beta=2.51e-06 val_AUC=0.763492 val_accuracy=0.465048 seconds=130.4 checkpoint=- ebops_trace_seconds=0.01 ebops_trace_over_epoch=0.001 loss=2.342194 host_rss_mb=2437
[epoch 238/7000] EBOPs=untraced in_training_ebops=381657 target=350000 beta=2.5e-06 val_AUC=0.772852 val_accuracy=0.472839 seconds=119.7 checkpoint=- ebops_trace_seconds=0.01 ebops_trace_over_epoch=0.001 loss=2.336920 host_rss_mb=2438
[epoch 239/7000] EBOPs=untraced in_training_ebops=382039 target=350000 beta=2.45e-06 val_AUC=0.769400 val_accuracy=0.459774 seconds=117.0 checkpoint=- ebops_trace_seconds=0.01 ebops_trace_over_epoch=0.001 loss=2.299450 host_rss_mb=2438
[epoch 240/7000] EBOPs=375937 target=350000 above_floor=204411 feasible=0 degenerate=0 beta=2.47e-06 val_AUC=0.754832 val_accuracy=0.487903 seconds=235.5 checkpoint=- ebops_trace_seconds=114.68 ebops_trace_over_epoch=0.487 loss=2.294415 host_rss_mb=2438
[epoch 241/7000] EBOPs=untraced in_training_ebops=387725 target=350000 beta=2.44e-06 val_AUC=0.746575 val_accuracy=0.388000 seconds=129.6 checkpoint=- ebops_trace_seconds=0.01 ebops_trace_over_epoch=0.001 loss=2.259351 host_rss_mb=2438
[epoch 242/7000] EBOPs=untraced in_training_ebops=391349 target=350000 beta=2.52e-06 val_AUC=0.762623 val_accuracy=0.471306 seconds=131.7 checkpoint=- ebops_trace_seconds=0.01 ebops_trace_over_epoch=0.001 loss=2.358964 host_rss_mb=2439
[epoch 243/7000] EBOPs=untraced in_training_ebops=485189 target=350000 beta=2.56e-06 val_AUC=0.759361 val_accuracy=0.443565 seconds=130.3 checkpoint=- ebops_trace_seconds=0.01 ebops_trace_over_epoch=0.001 loss=2.426135 host_rss_mb=2439
[epoch 244/7000] EBOPs=untraced in_training_ebops=449703 target=350000 beta=3.23e-06 val_AUC=0.771106 val_accuracy=0.442419 seconds=131.6 checkpoint=- ebops_trace_seconds=0.01 ebops_trace_over_epoch=0.001 loss=2.903653 host_rss_mb=2440
[epoch 245/7000] EBOPs=untraced in_training_ebops=487031 target=350000 beta=3.03e-06 val_AUC=0.751760 val_accuracy=0.418177 seconds=117.8 checkpoint=- ebops_trace_seconds=0.01 ebops_trace_over_epoch=0.001 loss=2.774878 host_rss_mb=2441
[epoch 246/7000] EBOPs=untraced in_training_ebops=491208 target=350000 beta=3.34e-06 val_AUC=0.767689 val_accuracy=0.454790 seconds=129.7 checkpoint=- ebops_trace_seconds=0.01 ebops_trace_over_epoch=0.001 loss=3.036135 host_rss_mb=2443
[epoch 247/7000] EBOPs=untraced in_training_ebops=545988 target=350000 beta=3.42e-06 val_AUC=0.738822 val_accuracy=0.411145 seconds=131.8 checkpoint=- ebops_trace_seconds=0.01 ebops_trace_over_epoch=0.001 loss=2.945696 host_rss_mb=2443
[epoch 248/7000] EBOPs=untraced in_training_ebops=438275 target=350000 beta=3.89e-06 val_AUC=0.655450 val_accuracy=0.283839 seconds=125.8 checkpoint=- ebops_trace_seconds=0.01 ebops_trace_over_epoch=0.001 loss=3.367126 host_rss_mb=2443
[epoch 249/7000] EBOPs=untraced in_training_ebops=393169 target=350000 beta=3.16e-06 val_AUC=0.693672 val_accuracy=0.339097 seconds=122.6 checkpoint=- ebops_trace_seconds=0.01 ebops_trace_over_epoch=0.001 loss=2.768197 host_rss_mb=2443
[epoch 250/7000] EBOPs=394589 target=350000 above_floor=223063 feasible=0 degenerate=0 beta=2.85e-06 val_AUC=0.708386 val_accuracy=0.352629 seconds=242.1 checkpoint=epoch-0250 ebops_trace_seconds=116.09 ebops_trace_over_epoch=0.480 loss=2.643131 host_rss_mb=2443
[epoch 251/7000] EBOPs=untraced in_training_ebops=353405 target=350000 beta=2.88e-06 val_AUC=0.713259 val_accuracy=0.381887 seconds=128.2 checkpoint=- ebops_trace_seconds=0.01 ebops_trace_over_epoch=0.001 loss=2.522346 host_rss_mb=2443
[epoch 252/7000] EBOPs=untraced in_training_ebops=347546 target=350000 beta=2.58e-06 val_AUC=0.720281 val_accuracy=0.367032 seconds=120.6 checkpoint=- ebops_trace_seconds=0.01 ebops_trace_over_epoch=0.001 loss=2.315297 host_rss_mb=2443
[epoch 253/7000] EBOPs=untraced in_training_ebops=353773 target=350000 beta=2.53e-06 val_AUC=0.743209 val_accuracy=0.430677 seconds=131.3 checkpoint=- ebops_trace_seconds=0.01 ebops_trace_over_epoch=0.001 loss=2.288706 host_rss_mb=2443
[epoch 254/7000] EBOPs=untraced in_training_ebops=354309 target=350000 beta=2.58e-06 val_AUC=0.701343 val_accuracy=0.303935 seconds=130.7 checkpoint=- ebops_trace_seconds=0.01 ebops_trace_over_epoch=0.001 loss=2.314672 host_rss_mb=2443
[epoch 255/7000] EBOPs=untraced in_training_ebops=356242 target=350000 beta=2.59e-06 val_AUC=0.739444 val_accuracy=0.436710 seconds=128.8 checkpoint=- ebops_trace_seconds=0.01 ebops_trace_over_epoch=0.001 loss=2.292427 host_rss_mb=2437
[epoch 256/7000] EBOPs=untraced in_training_ebops=345106 target=350000 beta=2.6e-06 val_AUC=0.728124 val_accuracy=0.377871 seconds=125.2 checkpoint=- ebops_trace_seconds=0.01 ebops_trace_over_epoch=0.001 loss=2.280653 host_rss_mb=2441
[epoch 257/7000] EBOPs=untraced in_training_ebops=334967 target=350000 beta=2.52e-06 val_AUC=0.740258 val_accuracy=0.411548 seconds=132.3 checkpoint=- ebops_trace_seconds=0.01 ebops_trace_over_epoch=0.001 loss=2.237195 host_rss_mb=2441
[epoch 258/7000] EBOPs=untraced in_training_ebops=323099 target=350000 beta=2.44e-06 val_AUC=0.724334 val_accuracy=0.388661 seconds=125.5 checkpoint=- ebops_trace_seconds=0.01 ebops_trace_over_epoch=0.001 loss=2.185169 host_rss_mb=2441
[epoch 259/7000] EBOPs=untraced in_training_ebops=330879 target=350000 beta=2.35e-06 val_AUC=0.717245 val_accuracy=0.382419 seconds=116.2 checkpoint=- ebops_trace_seconds=0.01 ebops_trace_over_epoch=0.001 loss=2.160018 host_rss_mb=2441
[epoch 260/7000] EBOPs=323222 target=350000 above_floor=151696 feasible=1 degenerate=0 beta=2.39e-06 val_AUC=0.730096 val_accuracy=0.405371 seconds=236.9 checkpoint=- ebops_trace_seconds=113.84 ebops_trace_over_epoch=0.481 loss=2.166550 host_rss_mb=2441
[epoch 261/7000] EBOPs=untraced in_training_ebops=321969 target=350000 beta=2.33e-06 val_AUC=0.718636 val_accuracy=0.403435 seconds=132.1 checkpoint=- ebops_trace_seconds=0.01 ebops_trace_over_epoch=0.001 loss=2.150426 host_rss_mb=2441
[epoch 262/7000] EBOPs=untraced in_training_ebops=320352 target=350000 beta=2.31e-06 val_AUC=0.670418 val_accuracy=0.317161 seconds=129.4 checkpoint=- ebops_trace_seconds=0.01 ebops_trace_over_epoch=0.001 loss=2.140259 host_rss_mb=2442
[epoch 263/7000] EBOPs=untraced in_training_ebops=316913 target=350000 beta=2.29e-06 val_AUC=0.717559 val_accuracy=0.380823 seconds=130.9 checkpoint=- ebops_trace_seconds=0.01 ebops_trace_over_epoch=0.001 loss=2.205928 host_rss_mb=2442
[epoch 264/7000] EBOPs=untraced in_training_ebops=306554 target=350000 beta=2.25e-06 val_AUC=0.650030 val_accuracy=0.346226 seconds=131.0 checkpoint=- ebops_trace_seconds=0.01 ebops_trace_over_epoch=0.001 loss=2.157655 host_rss_mb=2443
[epoch 265/7000] EBOPs=untraced in_training_ebops=309042 target=350000 beta=2.17e-06 val_AUC=0.708734 val_accuracy=0.378113 seconds=130.5 checkpoint=- ebops_trace_seconds=0.01 ebops_trace_over_epoch=0.001 loss=2.139958 host_rss_mb=2443
[epoch 266/7000] EBOPs=untraced in_training_ebops=308138 target=350000 beta=2.17e-06 val_AUC=0.713224 val_accuracy=0.382177 seconds=120.6 checkpoint=- ebops_trace_seconds=0.01 ebops_trace_over_epoch=0.001 loss=2.132574 host_rss_mb=2443
[epoch 267/7000] EBOPs=untraced in_training_ebops=312794 target=350000 beta=2.15e-06 val_AUC=0.698303 val_accuracy=0.333565 seconds=129.9 checkpoint=- ebops_trace_seconds=0.01 ebops_trace_over_epoch=0.001 loss=2.110989 host_rss_mb=2443
[epoch 268/7000] EBOPs=untraced in_training_ebops=319470 target=350000 beta=2.17e-06 val_AUC=0.690198 val_accuracy=0.225242 seconds=126.0 checkpoint=- ebops_trace_seconds=0.01 ebops_trace_over_epoch=0.001 loss=2.131839 host_rss_mb=2443
[epoch 269/7000] EBOPs=untraced in_training_ebops=311747 target=350000 beta=2.21e-06 val_AUC=0.655398 val_accuracy=0.312000 seconds=123.4 checkpoint=- ebops_trace_seconds=0.01 ebops_trace_over_epoch=0.001 loss=2.137635 host_rss_mb=2443
[epoch 270/7000] EBOPs=303516 target=350000 above_floor=131990 feasible=1 degenerate=0 beta=2.14e-06 val_AUC=0.734780 val_accuracy=0.401129 seconds=239.8 checkpoint=- ebops_trace_seconds=111.86 ebops_trace_over_epoch=0.467 loss=2.115907 host_rss_mb=2443
[epoch 271/7000] EBOPs=untraced in_training_ebops=309667 target=350000 beta=2.07e-06 val_AUC=0.726197 val_accuracy=0.394177 seconds=127.3 checkpoint=- ebops_trace_seconds=0.01 ebops_trace_over_epoch=0.001 loss=2.045022 host_rss_mb=2443
[epoch 272/7000] EBOPs=untraced in_training_ebops=308132 target=350000 beta=2.1e-06 val_AUC=0.729113 val_accuracy=0.380903 seconds=127.1 checkpoint=- ebops_trace_seconds=0.01 ebops_trace_over_epoch=0.001 loss=2.069885 host_rss_mb=2443
[epoch 273/7000] EBOPs=untraced in_training_ebops=308248 target=350000 beta=2.07e-06 val_AUC=0.726724 val_accuracy=0.398452 seconds=120.4 checkpoint=- ebops_trace_seconds=0.01 ebops_trace_over_epoch=0.001 loss=2.069565 host_rss_mb=2443
[epoch 274/7000] EBOPs=untraced in_training_ebops=307233 target=350000 beta=2.06e-06 val_AUC=0.712143 val_accuracy=0.379613 seconds=131.6 checkpoint=- ebops_trace_seconds=0.01 ebops_trace_over_epoch=0.001 loss=2.058550 host_rss_mb=2439
[epoch 275/7000] EBOPs=untraced in_training_ebops=298098 target=350000 beta=2.04e-06 val_AUC=0.653233 val_accuracy=0.313984 seconds=129.0 checkpoint=epoch-0275 ebops_trace_seconds=0.01 ebops_trace_over_epoch=0.001 loss=2.050395 host_rss_mb=2441
[epoch 276/7000] EBOPs=untraced in_training_ebops=304726 target=350000 beta=1.97e-06 val_AUC=0.719940 val_accuracy=0.397016 seconds=132.2 checkpoint=- ebops_trace_seconds=0.01 ebops_trace_over_epoch=0.001 loss=2.033766 host_rss_mb=2442
[epoch 277/7000] EBOPs=untraced in_training_ebops=296463 target=350000 beta=2e-06 val_AUC=0.714601 val_accuracy=0.384806 seconds=130.1 checkpoint=- ebops_trace_seconds=0.01 ebops_trace_over_epoch=0.001 loss=2.044941 host_rss_mb=2444
[epoch 278/7000] EBOPs=untraced in_training_ebops=312272 target=350000 beta=1.93e-06 val_AUC=0.711724 val_accuracy=0.385532 seconds=126.0 checkpoint=- ebops_trace_seconds=0.00 ebops_trace_over_epoch=0.001 loss=2.020059 host_rss_mb=2444
[epoch 279/7000] EBOPs=untraced in_training_ebops=298482 target=350000 beta=2.02e-06 val_AUC=0.684646 val_accuracy=0.321823 seconds=124.4 checkpoint=- ebops_trace_seconds=0.01 ebops_trace_over_epoch=0.001 loss=2.066494 host_rss_mb=2444
[epoch 280/7000] EBOPs=293377 target=350000 above_floor=121851 feasible=1 degenerate=0 beta=1.91e-06 val_AUC=0.680599 val_accuracy=0.315661 seconds=232.1 checkpoint=- ebops_trace_seconds=110.90 ebops_trace_over_epoch=0.478 loss=2.019672 host_rss_mb=2444
[epoch 281/7000] EBOPs=untraced in_training_ebops=300532 target=350000 beta=1.86e-06 val_AUC=0.708182 val_accuracy=0.358081 seconds=130.4 checkpoint=- ebops_trace_seconds=0.01 ebops_trace_over_epoch=0.001 loss=2.022439 host_rss_mb=2444
[epoch 282/7000] EBOPs=untraced in_training_ebops=311798 target=350000 beta=1.89e-06 val_AUC=0.686548 val_accuracy=0.290468 seconds=131.6 checkpoint=- ebops_trace_seconds=0.01 ebops_trace_over_epoch=0.001 loss=2.039704 host_rss_mb=2444
[epoch 283/7000] EBOPs=untraced in_training_ebops=305625 target=350000 beta=1.95e-06 val_AUC=0.719295 val_accuracy=0.391484 seconds=131.5 checkpoint=- ebops_trace_seconds=0.01 ebops_trace_over_epoch=0.001 loss=2.039895 host_rss_mb=2445
[epoch 284/7000] EBOPs=untraced in_training_ebops=307464 target=350000 beta=1.9e-06 val_AUC=0.711445 val_accuracy=0.342339 seconds=131.2 checkpoint=- ebops_trace_seconds=0.01 ebops_trace_over_epoch=0.001 loss=1.994014 host_rss_mb=2446
[epoch 285/7000] EBOPs=untraced in_training_ebops=301804 target=350000 beta=1.9e-06 val_AUC=0.696366 val_accuracy=0.276629 seconds=130.0 checkpoint=- ebops_trace_seconds=0.00 ebops_trace_over_epoch=0.001 loss=1.988921 host_rss_mb=2446
[epoch 286/7000] EBOPs=untraced in_training_ebops=294013 target=350000 beta=1.85e-06 val_AUC=0.702710 val_accuracy=0.355097 seconds=132.6 checkpoint=- ebops_trace_seconds=0.01 ebops_trace_over_epoch=0.001 loss=1.967326 host_rss_mb=2446
[epoch 287/7000] EBOPs=untraced in_training_ebops=289907 target=350000 beta=1.79e-06 val_AUC=0.719292 val_accuracy=0.399500 seconds=120.1 checkpoint=- ebops_trace_seconds=0.01 ebops_trace_over_epoch=0.001 loss=1.947025 host_rss_mb=2448
[epoch 288/7000] EBOPs=untraced in_training_ebops=292525 target=350000 beta=1.75e-06 val_AUC=0.723569 val_accuracy=0.388435 seconds=116.7 checkpoint=- ebops_trace_seconds=0.01 ebops_trace_over_epoch=0.001 loss=1.952298 host_rss_mb=2448
[epoch 289/7000] EBOPs=untraced in_training_ebops=291013 target=350000 beta=1.75e-06 val_AUC=0.727705 val_accuracy=0.401726 seconds=127.0 checkpoint=- ebops_trace_seconds=0.01 ebops_trace_over_epoch=0.001 loss=1.926492 host_rss_mb=2449
[epoch 290/7000] EBOPs=286713 target=350000 above_floor=115187 feasible=1 degenerate=0 beta=1.72e-06 val_AUC=0.720283 val_accuracy=0.395306 seconds=243.9 checkpoint=- ebops_trace_seconds=116.33 ebops_trace_over_epoch=0.477 loss=1.939130 host_rss_mb=2449
[epoch 291/7000] EBOPs=untraced in_training_ebops=290134 target=350000 beta=1.68e-06 val_AUC=0.697877 val_accuracy=0.274726 seconds=130.1 checkpoint=- ebops_trace_seconds=0.01 ebops_trace_over_epoch=0.001 loss=1.908590 host_rss_mb=2449
[epoch 292/7000] EBOPs=untraced in_training_ebops=294868 target=350000 beta=1.68e-06 val_AUC=0.719651 val_accuracy=0.386613 seconds=131.4 checkpoint=- ebops_trace_seconds=0.01 ebops_trace_over_epoch=0.001 loss=1.917245 host_rss_mb=2449
[epoch 293/7000] EBOPs=untraced in_training_ebops=286873 target=350000 beta=1.7e-06 val_AUC=0.690187 val_accuracy=0.339000 seconds=131.2 checkpoint=- ebops_trace_seconds=0.00 ebops_trace_over_epoch=0.001 loss=1.912091 host_rss_mb=2449
[epoch 294/7000] EBOPs=untraced in_training_ebops=288047 target=350000 beta=1.63e-06 val_AUC=0.727567 val_accuracy=0.393548 seconds=119.7 checkpoint=- ebops_trace_seconds=0.01 ebops_trace_over_epoch=0.001 loss=1.888944 host_rss_mb=2439
[epoch 295/7000] EBOPs=untraced in_training_ebops=289554 target=350000 beta=1.63e-06 val_AUC=0.720982 val_accuracy=0.406694 seconds=132.2 checkpoint=- ebops_trace_seconds=0.01 ebops_trace_over_epoch=0.001 loss=1.879713 host_rss_mb=2442
[epoch 296/7000] EBOPs=untraced in_training_ebops=289840 target=350000 beta=1.62e-06 val_AUC=0.725411 val_accuracy=0.395484 seconds=129.7 checkpoint=- ebops_trace_seconds=0.01 ebops_trace_over_epoch=0.001 loss=1.871337 host_rss_mb=2444
[epoch 297/7000] EBOPs=untraced in_training_ebops=291338 target=350000 beta=1.6e-06 val_AUC=0.727014 val_accuracy=0.373371 seconds=131.0 checkpoint=- ebops_trace_seconds=0.01 ebops_trace_over_epoch=0.001 loss=1.853261 host_rss_mb=2447
[epoch 298/7000] EBOPs=untraced in_training_ebops=281595 target=350000 beta=1.6e-06 val_AUC=0.679401 val_accuracy=0.329000 seconds=122.4 checkpoint=- ebops_trace_seconds=0.01 ebops_trace_over_epoch=0.001 loss=1.861982 host_rss_mb=2448
[epoch 299/7000] EBOPs=untraced in_training_ebops=288130 target=350000 beta=1.53e-06 val_AUC=0.727444 val_accuracy=0.388000 seconds=126.2 checkpoint=- ebops_trace_seconds=0.01 ebops_trace_over_epoch=0.001 loss=1.831867 host_rss_mb=2448
[epoch 300/7000] EBOPs=282586 target=350000 above_floor=111060 feasible=1 degenerate=0 beta=1.55e-06 val_AUC=0.732378 val_accuracy=0.402468 seconds=236.2 checkpoint=epoch-0300 ebops_trace_seconds=107.99 ebops_trace_over_epoch=0.458 loss=1.848262 host_rss_mb=2447
[epoch 301/7000] EBOPs=untraced in_training_ebops=284567 target=350000 beta=1.5e-06 val_AUC=0.707145 val_accuracy=0.369484 seconds=123.8 checkpoint=- ebops_trace_seconds=0.01 ebops_trace_over_epoch=0.001 loss=1.843501 host_rss_mb=2447
[epoch 302/7000] EBOPs=untraced in_training_ebops=296489 target=350000 beta=1.5e-06 val_AUC=0.720147 val_accuracy=0.352629 seconds=131.0 checkpoint=- ebops_trace_seconds=0.01 ebops_trace_over_epoch=0.001 loss=1.845792 host_rss_mb=2447
[epoch 303/7000] EBOPs=untraced in_training_ebops=292346 target=350000 beta=1.55e-06 val_AUC=0.684446 val_accuracy=0.218371 seconds=128.3 checkpoint=- ebops_trace_seconds=0.01 ebops_trace_over_epoch=0.001 loss=1.870734 host_rss_mb=2447
[epoch 304/7000] EBOPs=untraced in_training_ebops=270908 target=350000 beta=1.51e-06 val_AUC=0.630643 val_accuracy=0.221742 seconds=127.2 checkpoint=- ebops_trace_seconds=0.01 ebops_trace_over_epoch=0.001 loss=1.865276 host_rss_mb=2447
[epoch 305/7000] EBOPs=untraced in_training_ebops=281351 target=350000 beta=1.38e-06 val_AUC=0.698753 val_accuracy=0.345581 seconds=131.9 checkpoint=- ebops_trace_seconds=0.01 ebops_trace_over_epoch=0.001 loss=1.861002 host_rss_mb=2447
[epoch 306/7000] EBOPs=untraced in_training_ebops=287520 target=350000 beta=1.42e-06 val_AUC=0.701001 val_accuracy=0.377903 seconds=130.9 checkpoint=- ebops_trace_seconds=0.01 ebops_trace_over_epoch=0.001 loss=1.864786 host_rss_mb=2447
[epoch 307/7000] EBOPs=untraced in_training_ebops=293640 target=350000 beta=1.44e-06 val_AUC=0.721104 val_accuracy=0.359145 seconds=130.2 checkpoint=- ebops_trace_seconds=0.01 ebops_trace_over_epoch=0.001 loss=1.860358 host_rss_mb=2447
[epoch 308/7000] EBOPs=untraced in_training_ebops=287186 target=350000 beta=1.46e-06 val_AUC=0.684447 val_accuracy=0.350371 seconds=113.2 checkpoint=- ebops_trace_seconds=0.01 ebops_trace_over_epoch=0.001 loss=1.893507 host_rss_mb=2447
[epoch 309/7000] EBOPs=untraced in_training_ebops=277367 target=350000 beta=1.41e-06 val_AUC=0.686931 val_accuracy=0.318726 seconds=121.2 checkpoint=- ebops_trace_seconds=0.01 ebops_trace_over_epoch=0.001 loss=1.880645 host_rss_mb=2447
[epoch 310/7000] EBOPs=277454 target=350000 above_floor=105928 feasible=1 degenerate=0 beta=1.35e-06 val_AUC=0.709857 val_accuracy=0.328097 seconds=245.3 checkpoint=- ebops_trace_seconds=116.20 ebops_trace_over_epoch=0.474 loss=1.834192 host_rss_mb=2448
[epoch 311/7000] EBOPs=untraced in_training_ebops=279946 target=350000 beta=1.33e-06 val_AUC=0.667980 val_accuracy=0.329548 seconds=130.7 checkpoint=- ebops_trace_seconds=0.01 ebops_trace_over_epoch=0.001 loss=1.813092 host_rss_mb=2448
[epoch 312/7000] EBOPs=untraced in_training_ebops=276459 target=350000 beta=1.33e-06 val_AUC=0.699841 val_accuracy=0.337129 seconds=132.0 checkpoint=- ebops_trace_seconds=0.01 ebops_trace_over_epoch=0.001 loss=1.817004 host_rss_mb=2448
[epoch 313/7000] EBOPs=untraced in_training_ebops=285191 target=350000 beta=1.3e-06 val_AUC=0.651608 val_accuracy=0.306194 seconds=129.3 checkpoint=- ebops_trace_seconds=0.01 ebops_trace_over_epoch=0.001 loss=1.852212 host_rss_mb=2443
[epoch 314/7000] EBOPs=untraced in_training_ebops=302251 target=350000 beta=1.32e-06 val_AUC=0.710758 val_accuracy=0.357242 seconds=131.4 checkpoint=- ebops_trace_seconds=0.01 ebops_trace_over_epoch=0.001 loss=1.856186 host_rss_mb=2446
[epoch 315/7000] EBOPs=untraced in_training_ebops=317103 target=350000 beta=1.39e-06 val_AUC=0.677406 val_accuracy=0.329016 seconds=118.7 checkpoint=- ebops_trace_seconds=0.01 ebops_trace_over_epoch=0.001 loss=1.845405 host_rss_mb=2447
[epoch 316/7000] EBOPs=untraced in_training_ebops=297619 target=350000 beta=1.45e-06 val_AUC=0.702194 val_accuracy=0.319032 seconds=131.1 checkpoint=- ebops_trace_seconds=0.01 ebops_trace_over_epoch=0.001 loss=1.876828 host_rss_mb=2447
[epoch 317/7000] EBOPs=untraced in_training_ebops=294133 target=350000 beta=1.35e-06 val_AUC=0.696670 val_accuracy=0.326048 seconds=132.3 checkpoint=- ebops_trace_seconds=0.01 ebops_trace_over_epoch=0.001 loss=1.859982 host_rss_mb=2447
[epoch 318/7000] EBOPs=untraced in_training_ebops=309512 target=350000 beta=1.33e-06 val_AUC=0.704287 val_accuracy=0.304016 seconds=121.4 checkpoint=- ebops_trace_seconds=0.01 ebops_trace_over_epoch=0.001 loss=1.835447 host_rss_mb=2447
[epoch 319/7000] EBOPs=untraced in_training_ebops=297813 target=350000 beta=1.39e-06 val_AUC=0.688184 val_accuracy=0.350097 seconds=128.4 checkpoint=- ebops_trace_seconds=0.01 ebops_trace_over_epoch=0.001 loss=1.857946 host_rss_mb=2449
[epoch 320/7000] EBOPs=295961 target=350000 above_floor=124435 feasible=1 degenerate=0 beta=1.32e-06 val_AUC=0.694702 val_accuracy=0.312161 seconds=233.9 checkpoint=- ebops_trace_seconds=109.52 ebops_trace_over_epoch=0.469 loss=1.841360 host_rss_mb=2449
[epoch 321/7000] EBOPs=untraced in_training_ebops=305967 target=350000 beta=1.3e-06 val_AUC=0.687214 val_accuracy=0.368629 seconds=127.9 checkpoint=- ebops_trace_seconds=0.01 ebops_trace_over_epoch=0.001 loss=1.846182 host_rss_mb=2449
[epoch 322/7000] EBOPs=untraced in_training_ebops=316806 target=350000 beta=1.34e-06 val_AUC=0.713482 val_accuracy=0.379774 seconds=122.2 checkpoint=- ebops_trace_seconds=0.01 ebops_trace_over_epoch=0.001 loss=1.861895 host_rss_mb=2449
[epoch 323/7000] EBOPs=untraced in_training_ebops=304865 target=350000 beta=1.38e-06 val_AUC=0.680120 val_accuracy=0.306177 seconds=130.3 checkpoint=- ebops_trace_seconds=0.01 ebops_trace_over_epoch=0.001 loss=1.901704 host_rss_mb=2450
[epoch 324/7000] EBOPs=untraced in_training_ebops=300822 target=350000 beta=1.32e-06 val_AUC=0.680559 val_accuracy=0.296984 seconds=130.2 checkpoint=- ebops_trace_seconds=0.01 ebops_trace_over_epoch=0.001 loss=1.867113 host_rss_mb=2450
[epoch 325/7000] EBOPs=untraced in_training_ebops=305072 target=350000 beta=1.29e-06 val_AUC=0.669893 val_accuracy=0.318597 seconds=130.8 checkpoint=epoch-0325 ebops_trace_seconds=0.01 ebops_trace_over_epoch=0.001 loss=1.865118 host_rss_mb=2450
[epoch 326/7000] EBOPs=untraced in_training_ebops=297460 target=350000 beta=1.3e-06 val_AUC=0.681916 val_accuracy=0.285758 seconds=130.1 checkpoint=- ebops_trace_seconds=0.01 ebops_trace_over_epoch=0.001 loss=1.866131 host_rss_mb=2451
[epoch 327/7000] EBOPs=untraced in_training_ebops=303135 target=350000 beta=1.26e-06 val_AUC=0.694097 val_accuracy=0.308113 seconds=132.6 checkpoint=- ebops_trace_seconds=0.01 ebops_trace_over_epoch=0.001 loss=1.834062 host_rss_mb=2451
[epoch 328/7000] EBOPs=untraced in_training_ebops=295450 target=350000 beta=1.27e-06 val_AUC=0.697494 val_accuracy=0.356790 seconds=119.3 checkpoint=- ebops_trace_seconds=0.01 ebops_trace_over_epoch=0.001 loss=1.845373 host_rss_mb=2451
[epoch 329/7000] EBOPs=untraced in_training_ebops=297436 target=350000 beta=1.23e-06 val_AUC=0.649848 val_accuracy=0.251048 seconds=121.9 checkpoint=- ebops_trace_seconds=0.01 ebops_trace_over_epoch=0.001 loss=1.825739 host_rss_mb=2451
[epoch 330/7000] EBOPs=295909 target=350000 above_floor=124383 feasible=1 degenerate=0 beta=1.23e-06 val_AUC=0.693936 val_accuracy=0.320048 seconds=234.8 checkpoint=- ebops_trace_seconds=109.17 ebops_trace_over_epoch=0.465 loss=1.839154 host_rss_mb=2451
[epoch 331/7000] EBOPs=untraced in_training_ebops=302598 target=350000 beta=1.21e-06 val_AUC=0.649698 val_accuracy=0.248177 seconds=132.2 checkpoint=- ebops_trace_seconds=0.01 ebops_trace_over_epoch=0.001 loss=1.822700 host_rss_mb=2451
[epoch 332/7000] EBOPs=untraced in_training_ebops=304159 target=350000 beta=1.23e-06 val_AUC=0.689352 val_accuracy=0.345952 seconds=129.0 checkpoint=- ebops_trace_seconds=0.01 ebops_trace_over_epoch=0.001 loss=1.835799 host_rss_mb=2445
[epoch 333/7000] EBOPs=untraced in_training_ebops=299552 target=350000 beta=1.23e-06 val_AUC=0.695698 val_accuracy=0.295710 seconds=130.8 checkpoint=- ebops_trace_seconds=0.01 ebops_trace_over_epoch=0.001 loss=1.831480 host_rss_mb=2448
[epoch 334/7000] EBOPs=untraced in_training_ebops=301797 target=350000 beta=1.2e-06 val_AUC=0.690423 val_accuracy=0.326548 seconds=130.3 checkpoint=- ebops_trace_seconds=0.01 ebops_trace_over_epoch=0.001 loss=1.825557 host_rss_mb=2448
[epoch 335/7000] EBOPs=untraced in_training_ebops=295629 target=350000 beta=1.2e-06 val_AUC=0.668934 val_accuracy=0.319387 seconds=128.5 checkpoint=- ebops_trace_seconds=0.01 ebops_trace_over_epoch=0.001 loss=1.830718 host_rss_mb=2448
[epoch 336/7000] EBOPs=untraced in_training_ebops=293480 target=350000 beta=1.17e-06 val_AUC=0.663507 val_accuracy=0.304952 seconds=115.9 checkpoint=- ebops_trace_seconds=0.01 ebops_trace_over_epoch=0.001 loss=1.814757 host_rss_mb=2449
[epoch 337/7000] EBOPs=untraced in_training_ebops=288717 target=350000 beta=1.15e-06 val_AUC=0.684978 val_accuracy=0.330710 seconds=129.6 checkpoint=- ebops_trace_seconds=0.01 ebops_trace_over_epoch=0.001 loss=1.808921 host_rss_mb=2449
[epoch 338/7000] EBOPs=untraced in_training_ebops=292498 target=350000 beta=1.12e-06 val_AUC=0.682909 val_accuracy=0.341952 seconds=120.3 checkpoint=- ebops_trace_seconds=0.01 ebops_trace_over_epoch=0.001 loss=1.812237 host_rss_mb=2450
[epoch 339/7000] EBOPs=untraced in_training_ebops=293407 target=350000 beta=1.12e-06 val_AUC=0.696435 val_accuracy=0.349081 seconds=128.5 checkpoint=- ebops_trace_seconds=0.01 ebops_trace_over_epoch=0.001 loss=1.797378 host_rss_mb=2450
[epoch 340/7000] EBOPs=278545 target=350000 above_floor=107019 feasible=1 degenerate=0 beta=1.12e-06 val_AUC=0.667251 val_accuracy=0.310984 seconds=245.4 checkpoint=- ebops_trace_seconds=114.59 ebops_trace_over_epoch=0.467 loss=1.813291 host_rss_mb=2450
[epoch 341/7000] EBOPs=untraced in_training_ebops=278948 target=350000 beta=1.05e-06 val_AUC=0.662696 val_accuracy=0.326758 seconds=132.0 checkpoint=- ebops_trace_seconds=0.01 ebops_trace_over_epoch=0.001 loss=1.788316 host_rss_mb=2450
[epoch 342/7000] EBOPs=untraced in_training_ebops=295875 target=350000 beta=1.04e-06 val_AUC=0.692066 val_accuracy=0.369048 seconds=129.3 checkpoint=- ebops_trace_seconds=0.01 ebops_trace_over_epoch=0.001 loss=1.796139 host_rss_mb=2452
[epoch 343/7000] EBOPs=untraced in_training_ebops=298513 target=350000 beta=1.09e-06 val_AUC=0.693892 val_accuracy=0.317742 seconds=120.0 checkpoint=- ebops_trace_seconds=0.01 ebops_trace_over_epoch=0.001 loss=1.792555 host_rss_mb=2452
[epoch 344/7000] EBOPs=untraced in_training_ebops=308430 target=350000 beta=1.09e-06 val_AUC=0.693587 val_accuracy=0.348048 seconds=131.5 checkpoint=- ebops_trace_seconds=0.01 ebops_trace_over_epoch=0.001 loss=1.812926 host_rss_mb=2452
[epoch 345/7000] EBOPs=untraced in_training_ebops=298721 target=350000 beta=1.12e-06 val_AUC=0.675656 val_accuracy=0.325790 seconds=129.6 checkpoint=- ebops_trace_seconds=0.01 ebops_trace_over_epoch=0.001 loss=1.820371 host_rss_mb=2452
[epoch 346/7000] EBOPs=untraced in_training_ebops=327953 target=350000 beta=1.08e-06 val_AUC=0.669801 val_accuracy=0.301387 seconds=132.1 checkpoint=- ebops_trace_seconds=0.01 ebops_trace_over_epoch=0.001 loss=1.833728 host_rss_mb=2452
[epoch 347/7000] EBOPs=untraced in_training_ebops=316510 target=350000 beta=1.18e-06 val_AUC=0.668284 val_accuracy=0.300371 seconds=130.1 checkpoint=- ebops_trace_seconds=0.01 ebops_trace_over_epoch=0.001 loss=1.870705 host_rss_mb=2453
[epoch 348/7000] EBOPs=untraced in_training_ebops=292635 target=350000 beta=1.13e-06 val_AUC=0.623511 val_accuracy=0.307242 seconds=120.1 checkpoint=- ebops_trace_seconds=0.01 ebops_trace_over_epoch=0.001 loss=1.881447 host_rss_mb=2453
[epoch 349/7000] EBOPs=untraced in_training_ebops=287037 target=350000 beta=1.04e-06 val_AUC=0.579930 val_accuracy=0.206306 seconds=129.9 checkpoint=- ebops_trace_seconds=0.01 ebops_trace_over_epoch=0.001 loss=1.843754 host_rss_mb=2453
[epoch 350/7000] EBOPs=285870 target=350000 above_floor=114344 feasible=1 degenerate=0 beta=1.01e-06 val_AUC=0.630857 val_accuracy=0.300435 seconds=220.4 checkpoint=epoch-0350 ebops_trace_seconds=95.10 ebops_trace_over_epoch=0.432 loss=1.840741 host_rss_mb=2453
[epoch 351/7000] EBOPs=untraced in_training_ebops=307777 target=350000 beta=9.93e-07 val_AUC=0.687795 val_accuracy=0.315194 seconds=101.0 checkpoint=- ebops_trace_seconds=0.01 ebops_trace_over_epoch=0.001 loss=1.847530 host_rss_mb=2431
[epoch 352/7000] EBOPs=untraced in_training_ebops=325248 target=350000 beta=1.06e-06 val_AUC=0.690279 val_accuracy=0.324387 seconds=104.1 checkpoint=- ebops_trace_seconds=0.01 ebops_trace_over_epoch=0.001 loss=1.876045 host_rss_mb=2446
[epoch 353/7000] EBOPs=untraced in_training_ebops=352480 target=350000 beta=1.12e-06 val_AUC=0.692611 val_accuracy=0.296435 seconds=105.1 checkpoint=- ebops_trace_seconds=0.01 ebops_trace_over_epoch=0.001 loss=1.836050 host_rss_mb=2446
[epoch 354/7000] EBOPs=untraced in_training_ebops=343762 target=350000 beta=1.21e-06 val_AUC=0.705483 val_accuracy=0.334323 seconds=106.0 checkpoint=- ebops_trace_seconds=0.01 ebops_trace_over_epoch=0.001 loss=1.868283 host_rss_mb=2448
[epoch 355/7000] EBOPs=untraced in_training_ebops=340250 target=350000 beta=1.18e-06 val_AUC=0.688612 val_accuracy=0.375984 seconds=104.6 checkpoint=- ebops_trace_seconds=0.01 ebops_trace_over_epoch=0.001 loss=1.849221 host_rss_mb=2451
[epoch 356/7000] EBOPs=untraced in_training_ebops=318721 target=350000 beta=1.17e-06 val_AUC=0.707605 val_accuracy=0.378565 seconds=105.8 checkpoint=- ebops_trace_seconds=0.00 ebops_trace_over_epoch=0.001 loss=1.821588 host_rss_mb=2452
[epoch 357/7000] EBOPs=untraced in_training_ebops=311064 target=350000 beta=1.09e-06 val_AUC=0.704674 val_accuracy=0.361516 seconds=105.0 checkpoint=- ebops_trace_seconds=0.01 ebops_trace_over_epoch=0.001 loss=1.779891 host_rss_mb=2452
[epoch 358/7000] EBOPs=untraced in_training_ebops=334168 target=350000 beta=1.06e-06 val_AUC=0.717221 val_accuracy=0.387597 seconds=91.4 checkpoint=- ebops_trace_seconds=0.01 ebops_trace_over_epoch=0.001 loss=1.781495 host_rss_mb=2452
[epoch 359/7000] EBOPs=untraced in_training_ebops=323687 target=350000 beta=1.13e-06 val_AUC=0.710456 val_accuracy=0.386210 seconds=106.8 checkpoint=- ebops_trace_seconds=0.01 ebops_trace_over_epoch=0.001 loss=1.847395 host_rss_mb=2452
[epoch 360/7000] EBOPs=279519 target=350000 above_floor=107993 feasible=1 degenerate=0 beta=1.09e-06 val_AUC=0.709830 val_accuracy=0.373952 seconds=195.6 checkpoint=- ebops_trace_seconds=90.80 ebops_trace_over_epoch=0.465 loss=1.806674 host_rss_mb=2452
[epoch 361/7000] EBOPs=untraced in_training_ebops=305553 target=350000 beta=9.32e-07 val_AUC=0.713158 val_accuracy=0.386500 seconds=106.7 checkpoint=- ebops_trace_seconds=0.00 ebops_trace_over_epoch=0.001 loss=1.737938 host_rss_mb=2452
[epoch 362/7000] EBOPs=untraced in_training_ebops=315848 target=350000 beta=1.01e-06 val_AUC=0.694831 val_accuracy=0.377371 seconds=105.3 checkpoint=- ebops_trace_seconds=0.00 ebops_trace_over_epoch=0.001 loss=1.786996 host_rss_mb=2452
[epoch 363/7000] EBOPs=untraced in_training_ebops=323093 target=350000 beta=1.04e-06 val_AUC=0.707807 val_accuracy=0.387903 seconds=105.3 checkpoint=- ebops_trace_seconds=0.00 ebops_trace_over_epoch=0.001 loss=1.796109 host_rss_mb=2452
[epoch 364/7000] EBOPs=untraced in_training_ebops=314882 target=350000 beta=1.06e-06 val_AUC=0.619733 val_accuracy=0.292532 seconds=106.7 checkpoint=- ebops_trace_seconds=0.00 ebops_trace_over_epoch=0.001 loss=1.784297 host_rss_mb=2453
[epoch 365/7000] EBOPs=untraced in_training_ebops=315781 target=350000 beta=1.03e-06 val_AUC=0.703358 val_accuracy=0.372597 seconds=105.7 checkpoint=- ebops_trace_seconds=0.00 ebops_trace_over_epoch=0.001 loss=1.775803 host_rss_mb=2453
[epoch 366/7000] EBOPs=untraced in_training_ebops=297446 target=350000 beta=1.03e-06 val_AUC=0.703517 val_accuracy=0.387065 seconds=106.9 checkpoint=- ebops_trace_seconds=0.00 ebops_trace_over_epoch=0.001 loss=1.742648 host_rss_mb=2453
[epoch 367/7000] EBOPs=untraced in_training_ebops=292258 target=350000 beta=9.59e-07 val_AUC=0.706108 val_accuracy=0.386887 seconds=101.1 checkpoint=- ebops_trace_seconds=0.00 ebops_trace_over_epoch=0.001 loss=1.731063 host_rss_mb=2453
[epoch 368/7000] EBOPs=untraced in_training_ebops=290274 target=350000 beta=9.33e-07 val_AUC=0.696508 val_accuracy=0.370484 seconds=89.6 checkpoint=- ebops_trace_seconds=0.00 ebops_trace_over_epoch=0.001 loss=1.778805 host_rss_mb=2453
[epoch 369/7000] EBOPs=untraced in_training_ebops=295843 target=350000 beta=9.18e-07 val_AUC=0.687891 val_accuracy=0.310000 seconds=107.2 checkpoint=- ebops_trace_seconds=0.00 ebops_trace_over_epoch=0.001 loss=1.740923 host_rss_mb=2453
[epoch 370/7000] EBOPs=283222 target=350000 above_floor=111696 feasible=1 degenerate=0 beta=9.28e-07 val_AUC=0.690492 val_accuracy=0.340419 seconds=201.1 checkpoint=- ebops_trace_seconds=95.03 ebops_trace_over_epoch=0.473 loss=1.725415 host_rss_mb=2453
[epoch 371/7000] EBOPs=untraced in_training_ebops=286412 target=350000 beta=8.79e-07 val_AUC=0.697611 val_accuracy=0.337887 seconds=107.1 checkpoint=- ebops_trace_seconds=0.00 ebops_trace_over_epoch=0.001 loss=1.699226 host_rss_mb=2455
[epoch 372/7000] EBOPs=untraced in_training_ebops=279859 target=350000 beta=8.8e-07 val_AUC=0.665794 val_accuracy=0.308161 seconds=105.5 checkpoint=- ebops_trace_seconds=0.00 ebops_trace_over_epoch=0.001 loss=1.762208 host_rss_mb=2449
[epoch 373/7000] EBOPs=untraced in_training_ebops=293684 target=350000 beta=8.51e-07 val_AUC=0.673781 val_accuracy=0.347919 seconds=105.3 checkpoint=- ebops_trace_seconds=0.01 ebops_trace_over_epoch=0.001 loss=1.745055 host_rss_mb=2450
[epoch 374/7000] EBOPs=untraced in_training_ebops=296679 target=350000 beta=8.85e-07 val_AUC=0.684213 val_accuracy=0.302742 seconds=107.1 checkpoint=- ebops_trace_seconds=0.00 ebops_trace_over_epoch=0.001 loss=1.740933 host_rss_mb=2451
[epoch 375/7000] EBOPs=untraced in_training_ebops=299517 target=350000 beta=8.86e-07 val_AUC=0.647523 val_accuracy=0.337194 seconds=105.9 checkpoint=epoch-0375 ebops_trace_seconds=0.00 ebops_trace_over_epoch=0.001 loss=1.832646 host_rss_mb=2451
[epoch 376/7000] EBOPs=untraced in_training_ebops=296623 target=350000 beta=8.88e-07 val_AUC=0.649617 val_accuracy=0.312403 seconds=105.7 checkpoint=- ebops_trace_seconds=0.00 ebops_trace_over_epoch=0.001 loss=1.727534 host_rss_mb=2451
[epoch 377/7000] EBOPs=untraced in_training_ebops=296807 target=350000 beta=8.72e-07 val_AUC=0.645660 val_accuracy=0.338081 seconds=102.0 checkpoint=- ebops_trace_seconds=0.00 ebops_trace_over_epoch=0.001 loss=1.826526 host_rss_mb=2451
[epoch 378/7000] EBOPs=untraced in_training_ebops=306400 target=350000 beta=8.66e-07 val_AUC=0.665334 val_accuracy=0.291919 seconds=95.5 checkpoint=- ebops_trace_seconds=0.00 ebops_trace_over_epoch=0.001 loss=1.745929 host_rss_mb=2451
[epoch 379/7000] EBOPs=untraced in_training_ebops=309190 target=350000 beta=8.88e-07 val_AUC=0.629223 val_accuracy=0.269758 seconds=106.8 checkpoint=- ebops_trace_seconds=0.00 ebops_trace_over_epoch=0.001 loss=1.781245 host_rss_mb=2451
[epoch 380/7000] EBOPs=299195 target=350000 above_floor=127669 feasible=1 degenerate=0 beta=8.9e-07 val_AUC=0.647791 val_accuracy=0.309290 seconds=200.6 checkpoint=- ebops_trace_seconds=94.64 ebops_trace_over_epoch=0.472 loss=1.777106 host_rss_mb=2451
[epoch 381/7000] EBOPs=untraced in_training_ebops=304612 target=350000 beta=8.55e-07 val_AUC=0.644388 val_accuracy=0.237274 seconds=106.9 checkpoint=- ebops_trace_seconds=0.00 ebops_trace_over_epoch=0.001 loss=1.773817 host_rss_mb=2452
[epoch 382/7000] EBOPs=untraced in_training_ebops=306250 target=350000 beta=8.64e-07 val_AUC=0.671495 val_accuracy=0.291887 seconds=102.0 checkpoint=- ebops_trace_seconds=0.00 ebops_trace_over_epoch=0.001 loss=1.767869 host_rss_mb=2452
[epoch 383/7000] EBOPs=untraced in_training_ebops=305177 target=350000 beta=8.63e-07 val_AUC=0.660149 val_accuracy=0.263887 seconds=103.2 checkpoint=- ebops_trace_seconds=0.00 ebops_trace_over_epoch=0.001 loss=1.765893 host_rss_mb=2455
