==== ARM_ATTEMPT 0 2026-09-29T00:15:20Z
RUN_STAGE pilot-b
[train] chang0926-a-n64-s1 params=31735 resume_epoch=0 initial_ebops=11559681
wandb: [wandb.login()] Loaded credentials for https://api.wandb.ai from WANDB_API_KEY.
wandb: setting up run 7631b36dfeb3
wandb: Syncing run chang0926-a-n64-s1
wandb: 🚀 View run at https://wandb.ai/kayamaguchi-uc-san-diego/BNJetTag-ChangRecipe/runs/7631b36dfeb3
[epoch 1/7000] EBOPs=11652682 target=350000 above_floor=11481156 feasible=0 degenerate=0 beta=1e-07 val_AUC=0.833840 val_accuracy=0.546258 seconds=223.4 checkpoint=- ebops_trace_seconds=108.95 ebops_trace_over_epoch=0.488 loss=2.707479 host_rss_mb=2297
[epoch 2/7000] EBOPs=untraced in_training_ebops=12706391 target=350000 beta=1e-07 val_AUC=0.879731 val_accuracy=0.626968 seconds=93.4 checkpoint=- ebops_trace_seconds=0.01 ebops_trace_over_epoch=0.001 loss=2.267208 host_rss_mb=2319
[epoch 3/7000] EBOPs=untraced in_training_ebops=10092984 target=350000 beta=1.3e-07 val_AUC=0.880799 val_accuracy=0.642581 seconds=124.0 checkpoint=- ebops_trace_seconds=0.01 ebops_trace_over_epoch=0.001 loss=2.473265 host_rss_mb=2335
[epoch 4/7000] EBOPs=untraced in_training_ebops=9887146 target=350000 beta=1.23e-07 val_AUC=0.886161 val_accuracy=0.646387 seconds=131.8 checkpoint=- ebops_trace_seconds=0.01 ebops_trace_over_epoch=0.001 loss=2.223527 host_rss_mb=2346
[epoch 5/7000] EBOPs=untraced in_training_ebops=8115798 target=350000 beta=1.42e-07 val_AUC=0.886022 val_accuracy=0.652210 seconds=129.8 checkpoint=- ebops_trace_seconds=0.01 ebops_trace_over_epoch=0.001 loss=2.171611 host_rss_mb=2363
[epoch 6/7000] EBOPs=untraced in_training_ebops=6720446 target=350000 beta=1.36e-07 val_AUC=0.858242 val_accuracy=0.605661 seconds=132.1 checkpoint=- ebops_trace_seconds=0.01 ebops_trace_over_epoch=0.001 loss=2.038781 host_rss_mb=2373
[epoch 7/7000] EBOPs=untraced in_training_ebops=6429065 target=350000 beta=1.31e-07 val_AUC=0.882908 val_accuracy=0.637355 seconds=130.8 checkpoint=- ebops_trace_seconds=0.01 ebops_trace_over_epoch=0.001 loss=1.846851 host_rss_mb=2363
[epoch 8/7000] EBOPs=untraced in_training_ebops=5397200 target=350000 beta=1.45e-07 val_AUC=0.878706 val_accuracy=0.631419 seconds=126.9 checkpoint=- ebops_trace_seconds=0.01 ebops_trace_over_epoch=0.001 loss=1.892253 host_rss_mb=2366
[epoch 9/7000] EBOPs=untraced in_training_ebops=5022881 target=350000 beta=1.39e-07 val_AUC=0.871086 val_accuracy=0.618726 seconds=124.3 checkpoint=- ebops_trace_seconds=0.01 ebops_trace_over_epoch=0.001 loss=1.737944 host_rss_mb=2369
[epoch 10/7000] EBOPs=3489334 target=350000 above_floor=3317808 feasible=0 degenerate=0 beta=1.48e-07 val_AUC=0.867386 val_accuracy=0.606855 seconds=245.9 checkpoint=- ebops_trace_seconds=116.34 ebops_trace_over_epoch=0.473 loss=1.707441 host_rss_mb=2373
[epoch 11/7000] EBOPs=untraced in_training_ebops=4068192 target=350000 beta=1.16e-07 val_AUC=0.873499 val_accuracy=0.606371 seconds=113.0 checkpoint=- ebops_trace_seconds=0.01 ebops_trace_over_epoch=0.001 loss=1.451202 host_rss_mb=2374
[epoch 12/7000] EBOPs=untraced in_training_ebops=3732521 target=350000 beta=1.52e-07 val_AUC=0.877322 val_accuracy=0.625548 seconds=131.5 checkpoint=- ebops_trace_seconds=0.01 ebops_trace_over_epoch=0.001 loss=1.601920 host_rss_mb=2376
[epoch 13/7000] EBOPs=untraced in_training_ebops=3097840 target=350000 beta=1.57e-07 val_AUC=0.877749 val_accuracy=0.626629 seconds=131.8 checkpoint=- ebops_trace_seconds=0.01 ebops_trace_over_epoch=0.001 loss=1.550398 host_rss_mb=2382
[epoch 14/7000] EBOPs=untraced in_training_ebops=2787257 target=350000 beta=1.46e-07 val_AUC=0.865678 val_accuracy=0.583129 seconds=131.1 checkpoint=- ebops_trace_seconds=0.01 ebops_trace_over_epoch=0.001 loss=1.436483 host_rss_mb=2384
[epoch 15/7000] EBOPs=untraced in_training_ebops=2503487 target=350000 beta=1.45e-07 val_AUC=0.871032 val_accuracy=0.610935 seconds=121.6 checkpoint=- ebops_trace_seconds=0.01 ebops_trace_over_epoch=0.001 loss=1.387983 host_rss_mb=2384
[epoch 16/7000] EBOPs=untraced in_training_ebops=2438456 target=350000 beta=1.44e-07 val_AUC=0.868115 val_accuracy=0.606790 seconds=128.2 checkpoint=- ebops_trace_seconds=0.01 ebops_trace_over_epoch=0.001 loss=1.358907 host_rss_mb=2387
[epoch 17/7000] EBOPs=untraced in_training_ebops=2346451 target=350000 beta=1.55e-07 val_AUC=0.867516 val_accuracy=0.610129 seconds=128.7 checkpoint=- ebops_trace_seconds=0.01 ebops_trace_over_epoch=0.001 loss=1.382011 host_rss_mb=2387
[epoch 18/7000] EBOPs=untraced in_training_ebops=2053504 target=350000 beta=1.64e-07 val_AUC=0.867390 val_accuracy=0.597839 seconds=127.1 checkpoint=- ebops_trace_seconds=0.01 ebops_trace_over_epoch=0.001 loss=1.378801 host_rss_mb=2388
[epoch 19/7000] EBOPs=untraced in_training_ebops=2015858 target=350000 beta=1.56e-07 val_AUC=0.878228 val_accuracy=0.621323 seconds=131.6 checkpoint=- ebops_trace_seconds=0.01 ebops_trace_over_epoch=0.001 loss=1.321880 host_rss_mb=2391
[epoch 20/7000] EBOPs=2107236 target=350000 above_floor=1935710 feasible=0 degenerate=0 beta=1.68e-07 val_AUC=0.858655 val_accuracy=0.564952 seconds=245.3 checkpoint=- ebops_trace_seconds=115.51 ebops_trace_over_epoch=0.471 loss=1.366519 host_rss_mb=2392
[epoch 21/7000] EBOPs=untraced in_training_ebops=2143853 target=350000 beta=1.92e-07 val_AUC=0.862951 val_accuracy=0.603758 seconds=113.7 checkpoint=- ebops_trace_seconds=0.01 ebops_trace_over_epoch=0.001 loss=1.462147 host_rss_mb=2394
[epoch 22/7000] EBOPs=untraced in_training_ebops=1946167 target=350000 beta=2.13e-07 val_AUC=0.858933 val_accuracy=0.594597 seconds=118.4 checkpoint=- ebops_trace_seconds=0.01 ebops_trace_over_epoch=0.001 loss=1.495313 host_rss_mb=2400
[epoch 23/7000] EBOPs=untraced in_training_ebops=1661827 target=350000 beta=2.11e-07 val_AUC=0.855305 val_accuracy=0.561242 seconds=132.0 checkpoint=- ebops_trace_seconds=0.01 ebops_trace_over_epoch=0.001 loss=1.459451 host_rss_mb=2400
[epoch 24/7000] EBOPs=untraced in_training_ebops=1540204 target=350000 beta=1.95e-07 val_AUC=0.839319 val_accuracy=0.542823 seconds=129.9 checkpoint=- ebops_trace_seconds=0.01 ebops_trace_over_epoch=0.001 loss=1.375429 host_rss_mb=2400
[epoch 25/7000] EBOPs=untraced in_training_ebops=1421971 target=350000 beta=1.94e-07 val_AUC=0.861973 val_accuracy=0.598984 seconds=130.7 checkpoint=epoch-0025 ebops_trace_seconds=0.01 ebops_trace_over_epoch=0.001 loss=1.349652 host_rss_mb=2401
[epoch 26/7000] EBOPs=untraced in_training_ebops=1342558 target=350000 beta=1.93e-07 val_AUC=0.858291 val_accuracy=0.572694 seconds=130.3 checkpoint=- ebops_trace_seconds=0.01 ebops_trace_over_epoch=0.001 loss=1.348478 host_rss_mb=2394
[epoch 27/7000] EBOPs=untraced in_training_ebops=1284818 target=350000 beta=1.94e-07 val_AUC=0.836346 val_accuracy=0.530355 seconds=131.0 checkpoint=- ebops_trace_seconds=0.01 ebops_trace_over_epoch=0.001 loss=1.348003 host_rss_mb=2401
[epoch 28/7000] EBOPs=untraced in_training_ebops=1162631 target=350000 beta=1.99e-07 val_AUC=0.844211 val_accuracy=0.577677 seconds=131.3 checkpoint=- ebops_trace_seconds=0.01 ebops_trace_over_epoch=0.001 loss=1.347310 host_rss_mb=2402
[epoch 29/7000] EBOPs=untraced in_training_ebops=1074455 target=350000 beta=1.91e-07 val_AUC=0.837803 val_accuracy=0.564081 seconds=127.4 checkpoint=- ebops_trace_seconds=0.01 ebops_trace_over_epoch=0.001 loss=1.322386 host_rss_mb=2402
[epoch 30/7000] EBOPs=1045540 target=350000 above_floor=874014 feasible=0 degenerate=0 beta=1.87e-07 val_AUC=0.853930 val_accuracy=0.584839 seconds=234.3 checkpoint=- ebops_trace_seconds=113.22 ebops_trace_over_epoch=0.484 loss=1.304340 host_rss_mb=2402
[epoch 31/7000] EBOPs=untraced in_training_ebops=1111977 target=350000 beta=1.92e-07 val_AUC=0.846382 val_accuracy=0.577742 seconds=109.6 checkpoint=- ebops_trace_seconds=0.01 ebops_trace_over_epoch=0.001 loss=1.316272 host_rss_mb=2403
[epoch 32/7000] EBOPs=untraced in_training_ebops=1058644 target=350000 beta=2.16e-07 val_AUC=0.848341 val_accuracy=0.568323 seconds=130.8 checkpoint=- ebops_trace_seconds=0.01 ebops_trace_over_epoch=0.001 loss=1.359760 host_rss_mb=2406
[epoch 33/7000] EBOPs=untraced in_training_ebops=905331 target=350000 beta=2.17e-07 val_AUC=0.829069 val_accuracy=0.547758 seconds=127.0 checkpoint=- ebops_trace_seconds=0.01 ebops_trace_over_epoch=0.001 loss=1.330446 host_rss_mb=2406
[epoch 34/7000] EBOPs=untraced in_training_ebops=866487 target=350000 beta=1.95e-07 val_AUC=0.844929 val_accuracy=0.553468 seconds=130.1 checkpoint=- ebops_trace_seconds=0.01 ebops_trace_over_epoch=0.001 loss=1.290945 host_rss_mb=2406
[epoch 35/7000] EBOPs=untraced in_training_ebops=838496 target=350000 beta=1.95e-07 val_AUC=0.834068 val_accuracy=0.552887 seconds=129.6 checkpoint=- ebops_trace_seconds=0.01 ebops_trace_over_epoch=0.001 loss=1.285780 host_rss_mb=2406
[epoch 36/7000] EBOPs=untraced in_training_ebops=840817 target=350000 beta=1.97e-07 val_AUC=0.834666 val_accuracy=0.542016 seconds=124.2 checkpoint=- ebops_trace_seconds=0.01 ebops_trace_over_epoch=0.001 loss=1.317184 host_rss_mb=2406
[epoch 37/7000] EBOPs=untraced in_training_ebops=813384 target=350000 beta=2.07e-07 val_AUC=0.838575 val_accuracy=0.515323 seconds=126.3 checkpoint=- ebops_trace_seconds=0.01 ebops_trace_over_epoch=0.001 loss=1.324205 host_rss_mb=2407
[epoch 38/7000] EBOPs=untraced in_training_ebops=777154 target=350000 beta=2.09e-07 val_AUC=0.845786 val_accuracy=0.564484 seconds=131.6 checkpoint=- ebops_trace_seconds=0.01 ebops_trace_over_epoch=0.001 loss=1.269863 host_rss_mb=2409
[epoch 39/7000] EBOPs=untraced in_training_ebops=762954 target=350000 beta=2.07e-07 val_AUC=0.847243 val_accuracy=0.568177 seconds=131.1 checkpoint=- ebops_trace_seconds=0.01 ebops_trace_over_epoch=0.001 loss=1.289544 host_rss_mb=2410
[epoch 40/7000] EBOPs=739258 target=350000 above_floor=567732 feasible=0 degenerate=0 beta=2.12e-07 val_AUC=0.857237 val_accuracy=0.600129 seconds=247.0 checkpoint=- ebops_trace_seconds=118.01 ebops_trace_over_epoch=0.478 loss=1.282924 host_rss_mb=2411
[epoch 41/7000] EBOPs=untraced in_training_ebops=770889 target=350000 beta=2.13e-07 val_AUC=0.839120 val_accuracy=0.559548 seconds=105.9 checkpoint=- ebops_trace_seconds=0.01 ebops_trace_over_epoch=0.001 loss=1.272807 host_rss_mb=2411
[epoch 42/7000] EBOPs=untraced in_training_ebops=791876 target=350000 beta=2.31e-07 val_AUC=0.837451 val_accuracy=0.557516 seconds=131.4 checkpoint=- ebops_trace_seconds=0.00 ebops_trace_over_epoch=0.001 loss=1.334771 host_rss_mb=2411
[epoch 43/7000] EBOPs=untraced in_training_ebops=739390 target=350000 beta=2.47e-07 val_AUC=0.827305 val_accuracy=0.548984 seconds=120.1 checkpoint=- ebops_trace_seconds=0.00 ebops_trace_over_epoch=0.001 loss=1.321854 host_rss_mb=2411
[epoch 44/7000] EBOPs=untraced in_training_ebops=726596 target=350000 beta=2.4e-07 val_AUC=0.830969 val_accuracy=0.536790 seconds=130.6 checkpoint=- ebops_trace_seconds=0.01 ebops_trace_over_epoch=0.001 loss=1.320317 host_rss_mb=2412
[epoch 45/7000] EBOPs=untraced in_training_ebops=715568 target=350000 beta=2.44e-07 val_AUC=0.846464 val_accuracy=0.583548 seconds=132.3 checkpoint=- ebops_trace_seconds=0.01 ebops_trace_over_epoch=0.001 loss=1.338278 host_rss_mb=2412
[epoch 46/7000] EBOPs=untraced in_training_ebops=698365 target=350000 beta=2.49e-07 val_AUC=0.838149 val_accuracy=0.564984 seconds=129.9 checkpoint=- ebops_trace_seconds=0.01 ebops_trace_over_epoch=0.001 loss=1.321853 host_rss_mb=2407
[epoch 47/7000] EBOPs=untraced in_training_ebops=691943 target=350000 beta=2.52e-07 val_AUC=0.843255 val_accuracy=0.540661 seconds=131.1 checkpoint=- ebops_trace_seconds=0.01 ebops_trace_over_epoch=0.001 loss=1.319615 host_rss_mb=2409
[epoch 48/7000] EBOPs=untraced in_training_ebops=681713 target=350000 beta=2.58e-07 val_AUC=0.839009 val_accuracy=0.537952 seconds=131.6 checkpoint=- ebops_trace_seconds=0.01 ebops_trace_over_epoch=0.001 loss=1.334905 host_rss_mb=2409
[epoch 49/7000] EBOPs=untraced in_training_ebops=677305 target=350000 beta=2.63e-07 val_AUC=0.828286 val_accuracy=0.496645 seconds=129.4 checkpoint=- ebops_trace_seconds=0.00 ebops_trace_over_epoch=0.001 loss=1.342405 host_rss_mb=2410
[epoch 50/7000] EBOPs=607799 target=350000 above_floor=436273 feasible=0 degenerate=0 beta=2.7e-07 val_AUC=0.843836 val_accuracy=0.551048 seconds=237.6 checkpoint=epoch-0050 ebops_trace_seconds=113.42 ebops_trace_over_epoch=0.478 loss=1.339205 host_rss_mb=2411
[epoch 51/7000] EBOPs=untraced in_training_ebops=646246 target=350000 beta=2.49e-07 val_AUC=0.844160 val_accuracy=0.563548 seconds=106.3 checkpoint=- ebops_trace_seconds=0.01 ebops_trace_over_epoch=0.001 loss=1.329393 host_rss_mb=2412
[epoch 52/7000] EBOPs=untraced in_training_ebops=641703 target=350000 beta=2.73e-07 val_AUC=0.816882 val_accuracy=0.516113 seconds=130.1 checkpoint=- ebops_trace_seconds=0.01 ebops_trace_over_epoch=0.001 loss=1.340524 host_rss_mb=2412
[epoch 53/7000] EBOPs=untraced in_training_ebops=630371 target=350000 beta=2.8e-07 val_AUC=0.840746 val_accuracy=0.572097 seconds=131.9 checkpoint=- ebops_trace_seconds=0.01 ebops_trace_over_epoch=0.001 loss=1.346004 host_rss_mb=2413
[epoch 54/7000] EBOPs=untraced in_training_ebops=634501 target=350000 beta=2.83e-07 val_AUC=0.840960 val_accuracy=0.529403 seconds=129.2 checkpoint=- ebops_trace_seconds=0.01 ebops_trace_over_epoch=0.001 loss=1.350731 host_rss_mb=2413
[epoch 55/7000] EBOPs=untraced in_training_ebops=620702 target=350000 beta=2.93e-07 val_AUC=0.846114 val_accuracy=0.557919 seconds=131.8 checkpoint=- ebops_trace_seconds=0.01 ebops_trace_over_epoch=0.001 loss=1.372918 host_rss_mb=2414
[epoch 56/7000] EBOPs=untraced in_training_ebops=618209 target=350000 beta=2.95e-07 val_AUC=0.835571 val_accuracy=0.552177 seconds=129.8 checkpoint=- ebops_trace_seconds=0.01 ebops_trace_over_epoch=0.001 loss=1.359185 host_rss_mb=2414
[epoch 57/7000] EBOPs=untraced in_training_ebops=618190 target=350000 beta=3.03e-07 val_AUC=0.823150 val_accuracy=0.476274 seconds=124.5 checkpoint=- ebops_trace_seconds=0.00 ebops_trace_over_epoch=0.001 loss=1.385411 host_rss_mb=2414
[epoch 58/7000] EBOPs=untraced in_training_ebops=609528 target=350000 beta=3.11e-07 val_AUC=0.737856 val_accuracy=0.308258 seconds=126.2 checkpoint=- ebops_trace_seconds=0.01 ebops_trace_over_epoch=0.001 loss=1.385978 host_rss_mb=2415
[epoch 59/7000] EBOPs=untraced in_training_ebops=614088 target=350000 beta=3.16e-07 val_AUC=0.798339 val_accuracy=0.458871 seconds=129.9 checkpoint=- ebops_trace_seconds=0.01 ebops_trace_over_epoch=0.001 loss=1.368098 host_rss_mb=2418
[epoch 60/7000] EBOPs=556617 target=350000 above_floor=385091 feasible=0 degenerate=0 beta=3.27e-07 val_AUC=0.826347 val_accuracy=0.538274 seconds=249.1 checkpoint=- ebops_trace_seconds=117.84 ebops_trace_over_epoch=0.473 loss=1.411866 host_rss_mb=2418
[epoch 61/7000] EBOPs=untraced in_training_ebops=596084 target=350000 beta=3.03e-07 val_AUC=0.799482 val_accuracy=0.496677 seconds=106.6 checkpoint=- ebops_trace_seconds=0.01 ebops_trace_over_epoch=0.001 loss=1.385918 host_rss_mb=2419
[epoch 62/7000] EBOPs=untraced in_training_ebops=595617 target=350000 beta=3.34e-07 val_AUC=0.797671 val_accuracy=0.458500 seconds=130.6 checkpoint=- ebops_trace_seconds=0.01 ebops_trace_over_epoch=0.001 loss=1.441528 host_rss_mb=2419
[epoch 63/7000] EBOPs=untraced in_training_ebops=599800 target=350000 beta=3.42e-07 val_AUC=0.809374 val_accuracy=0.472242 seconds=131.4 checkpoint=- ebops_trace_seconds=0.01 ebops_trace_over_epoch=0.001 loss=1.403960 host_rss_mb=2419
[epoch 64/7000] EBOPs=untraced in_training_ebops=580827 target=350000 beta=3.54e-07 val_AUC=0.820629 val_accuracy=0.528532 seconds=122.0 checkpoint=- ebops_trace_seconds=0.01 ebops_trace_over_epoch=0.001 loss=1.437341 host_rss_mb=2419
[epoch 65/7000] EBOPs=untraced in_training_ebops=584353 target=350000 beta=3.52e-07 val_AUC=0.824149 val_accuracy=0.539935 seconds=125.2 checkpoint=- ebops_trace_seconds=0.01 ebops_trace_over_epoch=0.001 loss=1.438081 host_rss_mb=2413
[epoch 66/7000] EBOPs=untraced in_training_ebops=586903 target=350000 beta=3.63e-07 val_AUC=0.815176 val_accuracy=0.486500 seconds=129.8 checkpoint=- ebops_trace_seconds=0.01 ebops_trace_over_epoch=0.001 loss=1.424396 host_rss_mb=2416
[epoch 67/7000] EBOPs=untraced in_training_ebops=586831 target=350000 beta=3.74e-07 val_AUC=0.828975 val_accuracy=0.521516 seconds=131.0 checkpoint=- ebops_trace_seconds=0.01 ebops_trace_over_epoch=0.001 loss=1.431207 host_rss_mb=2418
[epoch 68/7000] EBOPs=untraced in_training_ebops=580223 target=350000 beta=3.84e-07 val_AUC=0.803264 val_accuracy=0.495645 seconds=131.7 checkpoint=- ebops_trace_seconds=0.01 ebops_trace_over_epoch=0.001 loss=1.471377 host_rss_mb=2418
[epoch 69/7000] EBOPs=untraced in_training_ebops=565777 target=350000 beta=3.89e-07 val_AUC=0.833827 val_accuracy=0.527984 seconds=130.4 checkpoint=- ebops_trace_seconds=0.01 ebops_trace_over_epoch=0.001 loss=1.450065 host_rss_mb=2419
[epoch 70/7000] EBOPs=522286 target=350000 above_floor=350760 feasible=0 degenerate=0 beta=3.89e-07 val_AUC=0.803230 val_accuracy=0.508387 seconds=250.5 checkpoint=- ebops_trace_seconds=118.99 ebops_trace_over_epoch=0.475 loss=1.470840 host_rss_mb=2419
[epoch 71/7000] EBOPs=untraced in_training_ebops=561162 target=350000 beta=3.66e-07 val_AUC=0.813649 val_accuracy=0.510855 seconds=86.7 checkpoint=- ebops_trace_seconds=0.00 ebops_trace_over_epoch=0.001 loss=1.455781 host_rss_mb=2419
[epoch 72/7000] EBOPs=untraced in_training_ebops=560216 target=350000 beta=4.03e-07 val_AUC=0.814745 val_accuracy=0.500387 seconds=130.9 checkpoint=- ebops_trace_seconds=0.01 ebops_trace_over_epoch=0.001 loss=1.469061 host_rss_mb=2420
