==== ARM_ATTEMPT 0 2026-09-29T00:15:35Z
RUN_STAGE pilot-b
[train] chang0926-a-n64-s2 params=31735 resume_epoch=0 initial_ebops=11295521
wandb: [wandb.login()] Loaded credentials for https://api.wandb.ai from WANDB_API_KEY.
wandb: Syncing run chang0926-a-n64-s2
wandb: 🚀 View run at https://wandb.ai/kayamaguchi-uc-san-diego/BNJetTag-ChangRecipe/runs/26e3eb1af30c
[epoch 1/7000] EBOPs=11602989 target=350000 above_floor=11431463 feasible=0 degenerate=0 beta=1e-07 val_AUC=0.840483 val_accuracy=0.565629 seconds=230.3 checkpoint=- ebops_trace_seconds=101.46 ebops_trace_over_epoch=0.441 loss=2.626737 host_rss_mb=2291
[epoch 2/7000] EBOPs=untraced in_training_ebops=12318394 target=350000 beta=1e-07 val_AUC=0.863376 val_accuracy=0.584984 seconds=123.1 checkpoint=- ebops_trace_seconds=0.01 ebops_trace_over_epoch=0.001 loss=2.259048 host_rss_mb=2306
[epoch 3/7000] EBOPs=untraced in_training_ebops=9673042 target=350000 beta=1.27e-07 val_AUC=0.874684 val_accuracy=0.619565 seconds=127.5 checkpoint=- ebops_trace_seconds=0.01 ebops_trace_over_epoch=0.001 loss=2.393496 host_rss_mb=2309
[epoch 4/7000] EBOPs=untraced in_training_ebops=9135383 target=350000 beta=1.18e-07 val_AUC=0.885664 val_accuracy=0.644177 seconds=130.0 checkpoint=- ebops_trace_seconds=0.01 ebops_trace_over_epoch=0.001 loss=2.120393 host_rss_mb=2327
[epoch 5/7000] EBOPs=untraced in_training_ebops=7423546 target=350000 beta=1.31e-07 val_AUC=0.881388 val_accuracy=0.633984 seconds=132.4 checkpoint=- ebops_trace_seconds=0.01 ebops_trace_over_epoch=0.001 loss=2.002903 host_rss_mb=2337
[epoch 6/7000] EBOPs=untraced in_training_ebops=6322793 target=350000 beta=1.24e-07 val_AUC=0.882945 val_accuracy=0.640774 seconds=129.9 checkpoint=- ebops_trace_seconds=0.01 ebops_trace_over_epoch=0.001 loss=1.859906 host_rss_mb=2348
[epoch 7/7000] EBOPs=untraced in_training_ebops=5415489 target=350000 beta=1.22e-07 val_AUC=0.856643 val_accuracy=0.584323 seconds=132.2 checkpoint=- ebops_trace_seconds=0.01 ebops_trace_over_epoch=0.001 loss=1.663598 host_rss_mb=2341
[epoch 8/7000] EBOPs=untraced in_training_ebops=4955547 target=350000 beta=1.2e-07 val_AUC=0.880764 val_accuracy=0.626065 seconds=118.9 checkpoint=- ebops_trace_seconds=0.01 ebops_trace_over_epoch=0.001 loss=1.641380 host_rss_mb=2360
[epoch 9/7000] EBOPs=untraced in_training_ebops=4286123 target=350000 beta=1.25e-07 val_AUC=0.873888 val_accuracy=0.611839 seconds=129.8 checkpoint=- ebops_trace_seconds=0.01 ebops_trace_over_epoch=0.001 loss=1.564058 host_rss_mb=2360
[epoch 10/7000] EBOPs=3701960 target=350000 above_floor=3530434 feasible=0 degenerate=0 beta=1.23e-07 val_AUC=0.873316 val_accuracy=0.607823 seconds=239.9 checkpoint=- ebops_trace_seconds=113.12 ebops_trace_over_epoch=0.472 loss=1.546817 host_rss_mb=2364
[epoch 11/7000] EBOPs=untraced in_training_ebops=3838632 target=350000 beta=1.19e-07 val_AUC=0.875264 val_accuracy=0.618371 seconds=128.6 checkpoint=- ebops_trace_seconds=0.01 ebops_trace_over_epoch=0.001 loss=1.466749 host_rss_mb=2364
[epoch 12/7000] EBOPs=untraced in_training_ebops=3548775 target=350000 beta=1.39e-07 val_AUC=0.874933 val_accuracy=0.611677 seconds=131.5 checkpoint=- ebops_trace_seconds=0.01 ebops_trace_over_epoch=0.001 loss=1.517084 host_rss_mb=2367
[epoch 13/7000] EBOPs=untraced in_training_ebops=2949883 target=350000 beta=1.44e-07 val_AUC=0.867881 val_accuracy=0.603694 seconds=131.1 checkpoint=- ebops_trace_seconds=0.01 ebops_trace_over_epoch=0.001 loss=1.484338 host_rss_mb=2370
[epoch 14/7000] EBOPs=untraced in_training_ebops=2677950 target=350000 beta=1.34e-07 val_AUC=0.876702 val_accuracy=0.630226 seconds=129.1 checkpoint=- ebops_trace_seconds=0.01 ebops_trace_over_epoch=0.001 loss=1.378908 host_rss_mb=2371
[epoch 15/7000] EBOPs=untraced in_training_ebops=2452122 target=350000 beta=1.34e-07 val_AUC=0.876039 val_accuracy=0.624355 seconds=121.0 checkpoint=- ebops_trace_seconds=0.01 ebops_trace_over_epoch=0.001 loss=1.352946 host_rss_mb=2371
[epoch 16/7000] EBOPs=untraced in_training_ebops=2267613 target=350000 beta=1.36e-07 val_AUC=0.862765 val_accuracy=0.589355 seconds=131.3 checkpoint=- ebops_trace_seconds=0.01 ebops_trace_over_epoch=0.001 loss=1.336134 host_rss_mb=2372
[epoch 17/7000] EBOPs=untraced in_training_ebops=2131404 target=350000 beta=1.38e-07 val_AUC=0.872864 val_accuracy=0.617323 seconds=126.3 checkpoint=- ebops_trace_seconds=0.01 ebops_trace_over_epoch=0.001 loss=1.319616 host_rss_mb=2372
[epoch 18/7000] EBOPs=untraced in_training_ebops=1857267 target=350000 beta=1.42e-07 val_AUC=0.867147 val_accuracy=0.614629 seconds=130.0 checkpoint=- ebops_trace_seconds=0.01 ebops_trace_over_epoch=0.001 loss=1.328148 host_rss_mb=2375
[epoch 19/7000] EBOPs=untraced in_training_ebops=1728918 target=350000 beta=1.34e-07 val_AUC=0.863276 val_accuracy=0.585645 seconds=128.7 checkpoint=- ebops_trace_seconds=0.01 ebops_trace_over_epoch=0.001 loss=1.279101 host_rss_mb=2378
[epoch 20/7000] EBOPs=1710413 target=350000 above_floor=1538887 feasible=0 degenerate=0 beta=1.35e-07 val_AUC=0.869533 val_accuracy=0.607968 seconds=237.2 checkpoint=- ebops_trace_seconds=111.81 ebops_trace_over_epoch=0.472 loss=1.277802 host_rss_mb=2383
[epoch 21/7000] EBOPs=untraced in_training_ebops=1584434 target=350000 beta=1.45e-07 val_AUC=0.864863 val_accuracy=0.570726 seconds=121.1 checkpoint=- ebops_trace_seconds=0.01 ebops_trace_over_epoch=0.001 loss=1.318260 host_rss_mb=2388
[epoch 22/7000] EBOPs=untraced in_training_ebops=1459040 target=350000 beta=1.45e-07 val_AUC=0.859289 val_accuracy=0.583387 seconds=127.3 checkpoint=- ebops_trace_seconds=0.01 ebops_trace_over_epoch=0.001 loss=1.286781 host_rss_mb=2395
[epoch 23/7000] EBOPs=untraced in_training_ebops=1243684 target=350000 beta=1.43e-07 val_AUC=0.853323 val_accuracy=0.579403 seconds=131.2 checkpoint=- ebops_trace_seconds=0.01 ebops_trace_over_epoch=0.001 loss=1.251054 host_rss_mb=2397
[epoch 24/7000] EBOPs=untraced in_training_ebops=1253731 target=350000 beta=1.3e-07 val_AUC=0.851490 val_accuracy=0.569355 seconds=131.8 checkpoint=- ebops_trace_seconds=0.01 ebops_trace_over_epoch=0.001 loss=1.251564 host_rss_mb=2398
[epoch 25/7000] EBOPs=untraced in_training_ebops=1190434 target=350000 beta=1.4e-07 val_AUC=0.850775 val_accuracy=0.571903 seconds=129.9 checkpoint=epoch-0025 ebops_trace_seconds=0.01 ebops_trace_over_epoch=0.001 loss=1.253804 host_rss_mb=2399
[epoch 26/7000] EBOPs=untraced in_training_ebops=1087910 target=350000 beta=1.41e-07 val_AUC=0.859356 val_accuracy=0.587887 seconds=130.5 checkpoint=- ebops_trace_seconds=0.01 ebops_trace_over_epoch=0.001 loss=1.236015 host_rss_mb=2394
[epoch 27/7000] EBOPs=untraced in_training_ebops=1028935 target=350000 beta=1.36e-07 val_AUC=0.856075 val_accuracy=0.586145 seconds=130.8 checkpoint=- ebops_trace_seconds=0.01 ebops_trace_over_epoch=0.001 loss=1.232425 host_rss_mb=2395
[epoch 28/7000] EBOPs=untraced in_training_ebops=908362 target=350000 beta=1.36e-07 val_AUC=0.863230 val_accuracy=0.590403 seconds=131.0 checkpoint=- ebops_trace_seconds=0.01 ebops_trace_over_epoch=0.001 loss=1.208273 host_rss_mb=2396
[epoch 29/7000] EBOPs=untraced in_training_ebops=854267 target=350000 beta=1.26e-07 val_AUC=0.856116 val_accuracy=0.590097 seconds=118.7 checkpoint=- ebops_trace_seconds=0.01 ebops_trace_over_epoch=0.001 loss=1.182488 host_rss_mb=2398
[epoch 30/7000] EBOPs=917146 target=350000 above_floor=745620 feasible=0 degenerate=0 beta=1.24e-07 val_AUC=0.844169 val_accuracy=0.545032 seconds=236.2 checkpoint=- ebops_trace_seconds=111.62 ebops_trace_over_epoch=0.473 loss=1.187238 host_rss_mb=2398
[epoch 31/7000] EBOPs=untraced in_training_ebops=876010 target=350000 beta=1.4e-07 val_AUC=0.832418 val_accuracy=0.514452 seconds=130.2 checkpoint=- ebops_trace_seconds=0.01 ebops_trace_over_epoch=0.001 loss=1.222077 host_rss_mb=2398
[epoch 32/7000] EBOPs=untraced in_training_ebops=864296 target=350000 beta=1.4e-07 val_AUC=0.851563 val_accuracy=0.582565 seconds=127.6 checkpoint=- ebops_trace_seconds=0.01 ebops_trace_over_epoch=0.001 loss=1.235143 host_rss_mb=2400
[epoch 33/7000] EBOPs=untraced in_training_ebops=804788 target=350000 beta=1.44e-07 val_AUC=0.845691 val_accuracy=0.576887 seconds=127.7 checkpoint=- ebops_trace_seconds=0.01 ebops_trace_over_epoch=0.001 loss=1.222706 host_rss_mb=2401
[epoch 34/7000] EBOPs=untraced in_training_ebops=812650 target=350000 beta=1.4e-07 val_AUC=0.849039 val_accuracy=0.565548 seconds=132.2 checkpoint=- ebops_trace_seconds=0.01 ebops_trace_over_epoch=0.001 loss=1.222972 host_rss_mb=2402
[epoch 35/7000] EBOPs=untraced in_training_ebops=796675 target=350000 beta=1.47e-07 val_AUC=0.852128 val_accuracy=0.576565 seconds=126.6 checkpoint=- ebops_trace_seconds=0.01 ebops_trace_over_epoch=0.001 loss=1.242357 host_rss_mb=2402
[epoch 36/7000] EBOPs=untraced in_training_ebops=770224 target=350000 beta=1.5e-07 val_AUC=0.850621 val_accuracy=0.583048 seconds=121.5 checkpoint=- ebops_trace_seconds=0.01 ebops_trace_over_epoch=0.001 loss=1.274126 host_rss_mb=2402
[epoch 37/7000] EBOPs=untraced in_training_ebops=749362 target=350000 beta=1.51e-07 val_AUC=0.872491 val_accuracy=0.622048 seconds=131.5 checkpoint=- ebops_trace_seconds=0.01 ebops_trace_over_epoch=0.001 loss=1.227493 host_rss_mb=2402
[epoch 38/7000] EBOPs=untraced in_training_ebops=730495 target=350000 beta=1.53e-07 val_AUC=0.856182 val_accuracy=0.584226 seconds=130.2 checkpoint=- ebops_trace_seconds=0.01 ebops_trace_over_epoch=0.001 loss=1.221931 host_rss_mb=2402
[epoch 39/7000] EBOPs=untraced in_training_ebops=724941 target=350000 beta=1.55e-07 val_AUC=0.847601 val_accuracy=0.574903 seconds=132.0 checkpoint=- ebops_trace_seconds=0.01 ebops_trace_over_epoch=0.001 loss=1.270556 host_rss_mb=2402
[epoch 40/7000] EBOPs=708758 target=350000 above_floor=537232 feasible=0 degenerate=0 beta=1.59e-07 val_AUC=0.826441 val_accuracy=0.516484 seconds=234.4 checkpoint=- ebops_trace_seconds=113.24 ebops_trace_over_epoch=0.483 loss=1.239947 host_rss_mb=2402
[epoch 41/7000] EBOPs=untraced in_training_ebops=710018 target=350000 beta=1.61e-07 val_AUC=0.842950 val_accuracy=0.553629 seconds=128.6 checkpoint=- ebops_trace_seconds=0.01 ebops_trace_over_epoch=0.001 loss=1.268906 host_rss_mb=2402
[epoch 42/7000] EBOPs=untraced in_training_ebops=748177 target=350000 beta=1.67e-07 val_AUC=0.852432 val_accuracy=0.568581 seconds=122.4 checkpoint=- ebops_trace_seconds=0.01 ebops_trace_over_epoch=0.001 loss=1.250880 host_rss_mb=2402
[epoch 43/7000] EBOPs=untraced in_training_ebops=703727 target=350000 beta=1.83e-07 val_AUC=0.829484 val_accuracy=0.489484 seconds=125.9 checkpoint=- ebops_trace_seconds=0.01 ebops_trace_over_epoch=0.001 loss=1.274470 host_rss_mb=2402
[epoch 44/7000] EBOPs=untraced in_training_ebops=706691 target=350000 beta=1.78e-07 val_AUC=0.846779 val_accuracy=0.558677 seconds=131.9 checkpoint=- ebops_trace_seconds=0.01 ebops_trace_over_epoch=0.001 loss=1.299450 host_rss_mb=2402
[epoch 45/7000] EBOPs=untraced in_training_ebops=687131 target=350000 beta=1.86e-07 val_AUC=0.847403 val_accuracy=0.574710 seconds=130.6 checkpoint=- ebops_trace_seconds=0.01 ebops_trace_over_epoch=0.001 loss=1.270361 host_rss_mb=2403
[epoch 46/7000] EBOPs=untraced in_training_ebops=690718 target=350000 beta=1.87e-07 val_AUC=0.836474 val_accuracy=0.548613 seconds=131.3 checkpoint=- ebops_trace_seconds=0.01 ebops_trace_over_epoch=0.001 loss=1.303274 host_rss_mb=2402
[epoch 47/7000] EBOPs=untraced in_training_ebops=692007 target=350000 beta=1.94e-07 val_AUC=0.841452 val_accuracy=0.560226 seconds=131.3 checkpoint=- ebops_trace_seconds=0.01 ebops_trace_over_epoch=0.001 loss=1.309307 host_rss_mb=2402
[epoch 48/7000] EBOPs=untraced in_training_ebops=682063 target=350000 beta=2.01e-07 val_AUC=0.844115 val_accuracy=0.565500 seconds=129.4 checkpoint=- ebops_trace_seconds=0.01 ebops_trace_over_epoch=0.001 loss=1.301027 host_rss_mb=2402
[epoch 49/7000] EBOPs=untraced in_training_ebops=668364 target=350000 beta=2.05e-07 val_AUC=0.826764 val_accuracy=0.548403 seconds=127.4 checkpoint=- ebops_trace_seconds=0.01 ebops_trace_over_epoch=0.001 loss=1.285298 host_rss_mb=2402
[epoch 50/7000] EBOPs=609352 target=350000 above_floor=437826 feasible=0 degenerate=0 beta=2.07e-07 val_AUC=0.844919 val_accuracy=0.577710 seconds=219.1 checkpoint=epoch-0050 ebops_trace_seconds=111.87 ebops_trace_over_epoch=0.511 loss=1.307984 host_rss_mb=2403
[epoch 51/7000] EBOPs=untraced in_training_ebops=655959 target=350000 beta=1.94e-07 val_AUC=0.843808 val_accuracy=0.551806 seconds=129.2 checkpoint=- ebops_trace_seconds=0.01 ebops_trace_over_epoch=0.001 loss=1.307877 host_rss_mb=2403
[epoch 52/7000] EBOPs=untraced in_training_ebops=643806 target=350000 beta=2.16e-07 val_AUC=0.848380 val_accuracy=0.536645 seconds=131.3 checkpoint=- ebops_trace_seconds=0.01 ebops_trace_over_epoch=0.001 loss=1.300648 host_rss_mb=2403
[epoch 53/7000] EBOPs=untraced in_training_ebops=641283 target=350000 beta=2.19e-07 val_AUC=0.826419 val_accuracy=0.535387 seconds=130.9 checkpoint=- ebops_trace_seconds=0.01 ebops_trace_over_epoch=0.001 loss=1.344017 host_rss_mb=2404
[epoch 54/7000] EBOPs=untraced in_training_ebops=636182 target=350000 beta=2.24e-07 val_AUC=0.856907 val_accuracy=0.584597 seconds=131.0 checkpoint=- ebops_trace_seconds=0.01 ebops_trace_over_epoch=0.001 loss=1.323175 host_rss_mb=2404
[epoch 55/7000] EBOPs=untraced in_training_ebops=640799 target=350000 beta=2.29e-07 val_AUC=0.828750 val_accuracy=0.544774 seconds=130.8 checkpoint=- ebops_trace_seconds=0.01 ebops_trace_over_epoch=0.001 loss=1.326218 host_rss_mb=2404
[epoch 56/7000] EBOPs=untraced in_training_ebops=639133 target=350000 beta=2.38e-07 val_AUC=0.831767 val_accuracy=0.535887 seconds=128.7 checkpoint=- ebops_trace_seconds=0.01 ebops_trace_over_epoch=0.001 loss=1.323751 host_rss_mb=2404
[epoch 57/7000] EBOPs=untraced in_training_ebops=637593 target=350000 beta=2.45e-07 val_AUC=0.851972 val_accuracy=0.586887 seconds=120.3 checkpoint=- ebops_trace_seconds=0.01 ebops_trace_over_epoch=0.001 loss=1.321444 host_rss_mb=2404
[epoch 58/7000] EBOPs=untraced in_training_ebops=643665 target=350000 beta=2.52e-07 val_AUC=0.791381 val_accuracy=0.492226 seconds=130.9 checkpoint=- ebops_trace_seconds=0.01 ebops_trace_over_epoch=0.001 loss=1.358599 host_rss_mb=2404
[epoch 59/7000] EBOPs=untraced in_training_ebops=637669 target=350000 beta=2.62e-07 val_AUC=0.810386 val_accuracy=0.524532 seconds=130.9 checkpoint=- ebops_trace_seconds=0.01 ebops_trace_over_epoch=0.001 loss=1.371082 host_rss_mb=2404
[epoch 60/7000] EBOPs=576609 target=350000 above_floor=405083 feasible=0 degenerate=0 beta=2.67e-07 val_AUC=0.791304 val_accuracy=0.465177 seconds=231.9 checkpoint=- ebops_trace_seconds=110.72 ebops_trace_over_epoch=0.478 loss=1.365818 host_rss_mb=2404
[epoch 61/7000] EBOPs=untraced in_training_ebops=616652 target=350000 beta=2.48e-07 val_AUC=0.826678 val_accuracy=0.549952 seconds=129.7 checkpoint=- ebops_trace_seconds=0.01 ebops_trace_over_epoch=0.001 loss=1.370218 host_rss_mb=2410
[epoch 62/7000] EBOPs=untraced in_training_ebops=642210 target=350000 beta=2.73e-07 val_AUC=0.792030 val_accuracy=0.507935 seconds=129.3 checkpoint=- ebops_trace_seconds=0.01 ebops_trace_over_epoch=0.001 loss=1.385484 host_rss_mb=2410
[epoch 63/7000] EBOPs=untraced in_training_ebops=620735 target=350000 beta=2.93e-07 val_AUC=0.801480 val_accuracy=0.458984 seconds=124.8 checkpoint=- ebops_trace_seconds=0.01 ebops_trace_over_epoch=0.001 loss=1.414487 host_rss_mb=2410
[epoch 64/7000] EBOPs=untraced in_training_ebops=622203 target=350000 beta=2.91e-07 val_AUC=0.822752 val_accuracy=0.473774 seconds=121.7 checkpoint=- ebops_trace_seconds=0.01 ebops_trace_over_epoch=0.001 loss=1.410940 host_rss_mb=2410
[epoch 65/7000] EBOPs=untraced in_training_ebops=615629 target=350000 beta=3e-07 val_AUC=0.797899 val_accuracy=0.482000 seconds=126.4 checkpoint=- ebops_trace_seconds=0.01 ebops_trace_over_epoch=0.001 loss=1.430885 host_rss_mb=2402
[epoch 66/7000] EBOPs=untraced in_training_ebops=617198 target=350000 beta=3.06e-07 val_AUC=0.813203 val_accuracy=0.498694 seconds=131.8 checkpoint=- ebops_trace_seconds=0.01 ebops_trace_over_epoch=0.001 loss=1.420835 host_rss_mb=2404
[epoch 67/7000] EBOPs=untraced in_training_ebops=605384 target=350000 beta=3.15e-07 val_AUC=0.838578 val_accuracy=0.558129 seconds=129.4 checkpoint=- ebops_trace_seconds=0.01 ebops_trace_over_epoch=0.001 loss=1.414046 host_rss_mb=2405
[epoch 68/7000] EBOPs=untraced in_training_ebops=602781 target=350000 beta=3.18e-07 val_AUC=0.836353 val_accuracy=0.542306 seconds=130.7 checkpoint=- ebops_trace_seconds=0.01 ebops_trace_over_epoch=0.001 loss=1.434264 host_rss_mb=2405
[epoch 69/7000] EBOPs=untraced in_training_ebops=601704 target=350000 beta=3.25e-07 val_AUC=0.802503 val_accuracy=0.503065 seconds=130.4 checkpoint=- ebops_trace_seconds=0.01 ebops_trace_over_epoch=0.001 loss=1.443276 host_rss_mb=2405
[epoch 70/7000] EBOPs=545752 target=350000 above_floor=374226 feasible=0 degenerate=0 beta=3.34e-07 val_AUC=0.821046 val_accuracy=0.511435 seconds=226.9 checkpoint=- ebops_trace_seconds=106.53 ebops_trace_over_epoch=0.470 loss=1.438032 host_rss_mb=2407
[epoch 71/7000] EBOPs=untraced in_training_ebops=592973 target=350000 beta=3.09e-07 val_AUC=0.822120 val_accuracy=0.511968 seconds=125.9 checkpoint=- ebops_trace_seconds=0.01 ebops_trace_over_epoch=0.001 loss=1.411309 host_rss_mb=2408
