==== ARM_ATTEMPT 0 2026-09-29T00:16:20Z
RUN_STAGE pilot-b
[train] chang0926-e1-n64-s1 params=19447 resume_epoch=0 initial_ebops=10847316
wandb: [wandb.login()] Loaded credentials for https://api.wandb.ai from WANDB_API_KEY.
wandb: setting up run a5b078877f2a
wandb: Syncing run chang0926-e1-n64-s1
wandb: 🚀 View run at https://wandb.ai/kayamaguchi-uc-san-diego/BNJetTag-ChangRecipe/runs/a5b078877f2a
[epoch 1/7000] EBOPs=10438573 target=350000 above_floor=10352810 feasible=0 degenerate=0 beta=1e-07 val_AUC=0.847379 val_accuracy=0.587177 seconds=177.3 checkpoint=- ebops_trace_seconds=82.02 ebops_trace_over_epoch=0.463 loss=2.606775 host_rss_mb=2298
[epoch 2/7000] EBOPs=untraced in_training_ebops=11928915 target=350000 beta=1e-07 val_AUC=0.862013 val_accuracy=0.604371 seconds=81.9 checkpoint=- ebops_trace_seconds=0.01 ebops_trace_over_epoch=0.001 loss=2.170861 host_rss_mb=2321
[epoch 3/7000] EBOPs=untraced in_training_ebops=9800794 target=350000 beta=1.36e-07 val_AUC=0.879846 val_accuracy=0.638113 seconds=84.5 checkpoint=- ebops_trace_seconds=0.01 ebops_trace_over_epoch=0.001 loss=2.466436 host_rss_mb=2334
[epoch 4/7000] EBOPs=untraced in_training_ebops=8982670 target=350000 beta=1.32e-07 val_AUC=0.756272 val_accuracy=0.541274 seconds=91.0 checkpoint=- ebops_trace_seconds=0.01 ebops_trace_over_epoch=0.001 loss=2.260319 host_rss_mb=2344
[epoch 5/7000] EBOPs=untraced in_training_ebops=7605897 target=350000 beta=1.43e-07 val_AUC=0.544350 val_accuracy=0.373097 seconds=90.7 checkpoint=- ebops_trace_seconds=0.01 ebops_trace_over_epoch=0.001 loss=2.106902 host_rss_mb=2359
[epoch 6/7000] EBOPs=untraced in_training_ebops=6302221 target=350000 beta=1.41e-07 val_AUC=0.632916 val_accuracy=0.440597 seconds=89.9 checkpoint=- ebops_trace_seconds=0.01 ebops_trace_over_epoch=0.001 loss=2.010662 host_rss_mb=2361
[epoch 7/7000] EBOPs=untraced in_training_ebops=6014597 target=350000 beta=1.35e-07 val_AUC=0.754276 val_accuracy=0.512323 seconds=90.9 checkpoint=- ebops_trace_seconds=0.01 ebops_trace_over_epoch=0.001 loss=1.811992 host_rss_mb=2343
[epoch 8/7000] EBOPs=untraced in_training_ebops=4872106 target=350000 beta=1.48e-07 val_AUC=0.731051 val_accuracy=0.539871 seconds=89.9 checkpoint=- ebops_trace_seconds=0.01 ebops_trace_over_epoch=0.001 loss=1.778683 host_rss_mb=2356
[epoch 9/7000] EBOPs=untraced in_training_ebops=4566160 target=350000 beta=1.37e-07 val_AUC=0.617773 val_accuracy=0.452484 seconds=90.7 checkpoint=- ebops_trace_seconds=0.01 ebops_trace_over_epoch=0.001 loss=1.577263 host_rss_mb=2356
[epoch 10/7000] EBOPs=3345907 target=350000 above_floor=3260144 feasible=0 degenerate=0 beta=1.46e-07 val_AUC=0.887993 val_accuracy=0.645839 seconds=193.3 checkpoint=- ebops_trace_seconds=101.61 ebops_trace_over_epoch=0.526 loss=1.572850 host_rss_mb=2366
[epoch 11/7000] EBOPs=untraced in_training_ebops=3456464 target=350000 beta=1.2e-07 val_AUC=0.885334 val_accuracy=0.648968 seconds=90.5 checkpoint=- ebops_trace_seconds=0.01 ebops_trace_over_epoch=0.001 loss=1.361912 host_rss_mb=2371
[epoch 12/7000] EBOPs=untraced in_training_ebops=3093852 target=350000 beta=1.39e-07 val_AUC=0.884151 val_accuracy=0.641097 seconds=90.4 checkpoint=- ebops_trace_seconds=0.01 ebops_trace_over_epoch=0.001 loss=1.401390 host_rss_mb=2372
[epoch 13/7000] EBOPs=untraced in_training_ebops=2672610 target=350000 beta=1.39e-07 val_AUC=0.879632 val_accuracy=0.642306 seconds=81.7 checkpoint=- ebops_trace_seconds=0.01 ebops_trace_over_epoch=0.001 loss=1.367508 host_rss_mb=2373
[epoch 14/7000] EBOPs=untraced in_training_ebops=2631324 target=350000 beta=1.33e-07 val_AUC=0.883779 val_accuracy=0.637323 seconds=64.4 checkpoint=- ebops_trace_seconds=0.01 ebops_trace_over_epoch=0.001 loss=1.324421 host_rss_mb=2373
[epoch 15/7000] EBOPs=untraced in_training_ebops=2446991 target=350000 beta=1.44e-07 val_AUC=0.881804 val_accuracy=0.638081 seconds=79.5 checkpoint=- ebops_trace_seconds=0.01 ebops_trace_over_epoch=0.001 loss=1.340580 host_rss_mb=2373
[epoch 16/7000] EBOPs=untraced in_training_ebops=2416226 target=350000 beta=1.48e-07 val_AUC=0.876944 val_accuracy=0.607581 seconds=89.9 checkpoint=- ebops_trace_seconds=0.01 ebops_trace_over_epoch=0.001 loss=1.356606 host_rss_mb=2382
[epoch 17/7000] EBOPs=untraced in_training_ebops=2282782 target=350000 beta=1.61e-07 val_AUC=0.876240 val_accuracy=0.622226 seconds=91.5 checkpoint=- ebops_trace_seconds=0.01 ebops_trace_over_epoch=0.001 loss=1.368149 host_rss_mb=2382
[epoch 18/7000] EBOPs=untraced in_training_ebops=2150372 target=350000 beta=1.67e-07 val_AUC=0.872837 val_accuracy=0.619968 seconds=90.5 checkpoint=- ebops_trace_seconds=0.01 ebops_trace_over_epoch=0.001 loss=1.371100 host_rss_mb=2382
[epoch 19/7000] EBOPs=untraced in_training_ebops=1894058 target=350000 beta=1.72e-07 val_AUC=0.871534 val_accuracy=0.616823 seconds=90.8 checkpoint=- ebops_trace_seconds=0.01 ebops_trace_over_epoch=0.001 loss=1.355039 host_rss_mb=2390
[epoch 20/7000] EBOPs=1927248 target=350000 above_floor=1841485 feasible=0 degenerate=0 beta=1.65e-07 val_AUC=0.868691 val_accuracy=0.614194 seconds=191.0 checkpoint=- ebops_trace_seconds=99.98 ebops_trace_over_epoch=0.524 loss=1.342637 host_rss_mb=2390
[epoch 21/7000] EBOPs=untraced in_training_ebops=1863820 target=350000 beta=1.83e-07 val_AUC=0.864410 val_accuracy=0.606629 seconds=90.8 checkpoint=- ebops_trace_seconds=0.01 ebops_trace_over_epoch=0.001 loss=1.385957 host_rss_mb=2393
[epoch 22/7000] EBOPs=untraced in_training_ebops=1766301 target=350000 beta=1.92e-07 val_AUC=0.865467 val_accuracy=0.601661 seconds=89.3 checkpoint=- ebops_trace_seconds=0.01 ebops_trace_over_epoch=0.001 loss=1.400552 host_rss_mb=2394
[epoch 23/7000] EBOPs=untraced in_training_ebops=1434473 target=350000 beta=1.98e-07 val_AUC=0.865820 val_accuracy=0.592306 seconds=87.3 checkpoint=- ebops_trace_seconds=0.01 ebops_trace_over_epoch=0.001 loss=1.367889 host_rss_mb=2395
[epoch 24/7000] EBOPs=untraced in_training_ebops=1352775 target=350000 beta=1.72e-07 val_AUC=0.867818 val_accuracy=0.592226 seconds=87.1 checkpoint=- ebops_trace_seconds=0.01 ebops_trace_over_epoch=0.001 loss=1.308094 host_rss_mb=2395
[epoch 25/7000] EBOPs=untraced in_training_ebops=1295133 target=350000 beta=1.74e-07 val_AUC=0.869898 val_accuracy=0.606871 seconds=91.4 checkpoint=epoch-0025 ebops_trace_seconds=0.01 ebops_trace_over_epoch=0.001 loss=1.288629 host_rss_mb=2395
[epoch 26/7000] EBOPs=untraced in_training_ebops=1222055 target=350000 beta=1.78e-07 val_AUC=0.857013 val_accuracy=0.588145 seconds=89.1 checkpoint=- ebops_trace_seconds=0.01 ebops_trace_over_epoch=0.001 loss=1.278925 host_rss_mb=2398
[epoch 27/7000] EBOPs=untraced in_training_ebops=1124155 target=350000 beta=1.78e-07 val_AUC=0.842149 val_accuracy=0.528290 seconds=89.2 checkpoint=- ebops_trace_seconds=0.01 ebops_trace_over_epoch=0.001 loss=1.278342 host_rss_mb=2399
[epoch 28/7000] EBOPs=untraced in_training_ebops=1062101 target=350000 beta=1.74e-07 val_AUC=0.856473 val_accuracy=0.567210 seconds=79.8 checkpoint=- ebops_trace_seconds=0.01 ebops_trace_over_epoch=0.001 loss=1.270214 host_rss_mb=2392
[epoch 29/7000] EBOPs=untraced in_training_ebops=986155 target=350000 beta=1.74e-07 val_AUC=0.870658 val_accuracy=0.614435 seconds=64.8 checkpoint=- ebops_trace_seconds=0.00 ebops_trace_over_epoch=0.001 loss=1.260235 host_rss_mb=2396
[epoch 30/7000] EBOPs=1042714 target=350000 above_floor=956951 feasible=0 degenerate=0 beta=1.7e-07 val_AUC=0.860485 val_accuracy=0.603226 seconds=177.8 checkpoint=- ebops_trace_seconds=96.41 ebops_trace_over_epoch=0.543 loss=1.266491 host_rss_mb=2396
[epoch 31/7000] EBOPs=untraced in_training_ebops=1062827 target=350000 beta=1.9e-07 val_AUC=0.861768 val_accuracy=0.597532 seconds=91.3 checkpoint=- ebops_trace_seconds=0.01 ebops_trace_over_epoch=0.001 loss=1.310327 host_rss_mb=2397
[epoch 32/7000] EBOPs=untraced in_training_ebops=949845 target=350000 beta=2.04e-07 val_AUC=0.861576 val_accuracy=0.593129 seconds=88.9 checkpoint=- ebops_trace_seconds=0.01 ebops_trace_over_epoch=0.001 loss=1.304634 host_rss_mb=2397
[epoch 33/7000] EBOPs=untraced in_training_ebops=770658 target=350000 beta=1.92e-07 val_AUC=0.844457 val_accuracy=0.568274 seconds=90.3 checkpoint=- ebops_trace_seconds=0.01 ebops_trace_over_epoch=0.001 loss=1.263528 host_rss_mb=2402
[epoch 34/7000] EBOPs=untraced in_training_ebops=735109 target=350000 beta=1.62e-07 val_AUC=0.847550 val_accuracy=0.549016 seconds=90.5 checkpoint=- ebops_trace_seconds=0.01 ebops_trace_over_epoch=0.001 loss=1.195147 host_rss_mb=2402
[epoch 35/7000] EBOPs=untraced in_training_ebops=714922 target=350000 beta=1.6e-07 val_AUC=0.855206 val_accuracy=0.573242 seconds=89.0 checkpoint=- ebops_trace_seconds=0.01 ebops_trace_over_epoch=0.001 loss=1.222237 host_rss_mb=2402
[epoch 36/7000] EBOPs=untraced in_training_ebops=687393 target=350000 beta=1.62e-07 val_AUC=0.850140 val_accuracy=0.553839 seconds=89.0 checkpoint=- ebops_trace_seconds=0.01 ebops_trace_over_epoch=0.001 loss=1.220627 host_rss_mb=2402
[epoch 37/7000] EBOPs=untraced in_training_ebops=663528 target=350000 beta=1.61e-07 val_AUC=0.841226 val_accuracy=0.556435 seconds=90.0 checkpoint=- ebops_trace_seconds=0.01 ebops_trace_over_epoch=0.001 loss=1.222137 host_rss_mb=2404
[epoch 38/7000] EBOPs=untraced in_training_ebops=632494 target=350000 beta=1.6e-07 val_AUC=0.848532 val_accuracy=0.574855 seconds=90.5 checkpoint=- ebops_trace_seconds=0.01 ebops_trace_over_epoch=0.001 loss=1.222236 host_rss_mb=2405
[epoch 39/7000] EBOPs=untraced in_training_ebops=622484 target=350000 beta=1.57e-07 val_AUC=0.837126 val_accuracy=0.553629 seconds=88.5 checkpoint=- ebops_trace_seconds=0.01 ebops_trace_over_epoch=0.001 loss=1.207386 host_rss_mb=2405
[epoch 40/7000] EBOPs=620152 target=350000 above_floor=534389 feasible=0 degenerate=0 beta=1.59e-07 val_AUC=0.845561 val_accuracy=0.570742 seconds=189.9 checkpoint=- ebops_trace_seconds=98.84 ebops_trace_over_epoch=0.521 loss=1.196915 host_rss_mb=2405
[epoch 41/7000] EBOPs=untraced in_training_ebops=647865 target=350000 beta=1.63e-07 val_AUC=0.848926 val_accuracy=0.578290 seconds=86.0 checkpoint=- ebops_trace_seconds=0.01 ebops_trace_over_epoch=0.001 loss=1.218027 host_rss_mb=2406
[epoch 42/7000] EBOPs=untraced in_training_ebops=613891 target=350000 beta=1.76e-07 val_AUC=0.832808 val_accuracy=0.521806 seconds=75.2 checkpoint=- ebops_trace_seconds=0.00 ebops_trace_over_epoch=0.001 loss=1.228249 host_rss_mb=2407
[epoch 43/7000] EBOPs=untraced in_training_ebops=585600 target=350000 beta=1.72e-07 val_AUC=0.850466 val_accuracy=0.579710 seconds=71.1 checkpoint=- ebops_trace_seconds=0.01 ebops_trace_over_epoch=0.001 loss=1.229452 host_rss_mb=2407
[epoch 44/7000] EBOPs=untraced in_training_ebops=578891 target=350000 beta=1.68e-07 val_AUC=0.828409 val_accuracy=0.534968 seconds=86.7 checkpoint=- ebops_trace_seconds=0.01 ebops_trace_over_epoch=0.001 loss=1.233670 host_rss_mb=2407
[epoch 45/7000] EBOPs=untraced in_training_ebops=572872 target=350000 beta=1.7e-07 val_AUC=0.817823 val_accuracy=0.536097 seconds=88.8 checkpoint=- ebops_trace_seconds=0.01 ebops_trace_over_epoch=0.001 loss=1.251660 host_rss_mb=2407
[epoch 46/7000] EBOPs=untraced in_training_ebops=576408 target=350000 beta=1.73e-07 val_AUC=0.825398 val_accuracy=0.555290 seconds=88.9 checkpoint=- ebops_trace_seconds=0.00 ebops_trace_over_epoch=0.001 loss=1.239964 host_rss_mb=2410
[epoch 47/7000] EBOPs=untraced in_training_ebops=580571 target=350000 beta=1.78e-07 val_AUC=0.839766 val_accuracy=0.564113 seconds=86.7 checkpoint=- ebops_trace_seconds=0.01 ebops_trace_over_epoch=0.001 loss=1.276515 host_rss_mb=2410
[epoch 48/7000] EBOPs=untraced in_training_ebops=571249 target=350000 beta=1.84e-07 val_AUC=0.832283 val_accuracy=0.548855 seconds=89.5 checkpoint=- ebops_trace_seconds=0.01 ebops_trace_over_epoch=0.001 loss=1.282425 host_rss_mb=2412
[epoch 49/7000] EBOPs=untraced in_training_ebops=577976 target=350000 beta=1.86e-07 val_AUC=0.826130 val_accuracy=0.550597 seconds=91.7 checkpoint=- ebops_trace_seconds=0.01 ebops_trace_over_epoch=0.001 loss=1.294323 host_rss_mb=2404
[epoch 50/7000] EBOPs=519416 target=350000 above_floor=433653 feasible=0 degenerate=0 beta=1.92e-07 val_AUC=0.854097 val_accuracy=0.570855 seconds=188.2 checkpoint=epoch-0050 ebops_trace_seconds=99.43 ebops_trace_over_epoch=0.529 loss=1.271836 host_rss_mb=2406
[epoch 51/7000] EBOPs=untraced in_training_ebops=565287 target=350000 beta=1.76e-07 val_AUC=0.832095 val_accuracy=0.533484 seconds=88.9 checkpoint=- ebops_trace_seconds=0.01 ebops_trace_over_epoch=0.001 loss=1.282461 host_rss_mb=2409
[epoch 52/7000] EBOPs=untraced in_training_ebops=561264 target=350000 beta=1.97e-07 val_AUC=0.847522 val_accuracy=0.560258 seconds=92.2 checkpoint=- ebops_trace_seconds=0.01 ebops_trace_over_epoch=0.001 loss=1.321988 host_rss_mb=2411
[epoch 53/7000] EBOPs=untraced in_training_ebops=565795 target=350000 beta=2e-07 val_AUC=0.825858 val_accuracy=0.556645 seconds=89.3 checkpoint=- ebops_trace_seconds=0.01 ebops_trace_over_epoch=0.001 loss=1.305620 host_rss_mb=2411
[epoch 54/7000] EBOPs=untraced in_training_ebops=568833 target=350000 beta=2.06e-07 val_AUC=0.829406 val_accuracy=0.545371 seconds=89.3 checkpoint=- ebops_trace_seconds=0.01 ebops_trace_over_epoch=0.001 loss=1.345669 host_rss_mb=2412
[epoch 55/7000] EBOPs=untraced in_training_ebops=563220 target=350000 beta=2.13e-07 val_AUC=0.829389 val_accuracy=0.518194 seconds=91.3 checkpoint=- ebops_trace_seconds=0.01 ebops_trace_over_epoch=0.001 loss=1.328827 host_rss_mb=2412
[epoch 56/7000] EBOPs=untraced in_training_ebops=575498 target=350000 beta=2.16e-07 val_AUC=0.824608 val_accuracy=0.526661 seconds=84.9 checkpoint=- ebops_trace_seconds=0.01 ebops_trace_over_epoch=0.001 loss=1.323407 host_rss_mb=2412
[epoch 57/7000] EBOPs=untraced in_training_ebops=569353 target=350000 beta=2.26e-07 val_AUC=0.817269 val_accuracy=0.470677 seconds=72.0 checkpoint=- ebops_trace_seconds=0.01 ebops_trace_over_epoch=0.001 loss=1.336572 host_rss_mb=2412
[epoch 58/7000] EBOPs=untraced in_training_ebops=570947 target=350000 beta=2.29e-07 val_AUC=0.820537 val_accuracy=0.512210 seconds=71.6 checkpoint=- ebops_trace_seconds=0.01 ebops_trace_over_epoch=0.001 loss=1.326123 host_rss_mb=2412
[epoch 59/7000] EBOPs=untraced in_training_ebops=567291 target=350000 beta=2.35e-07 val_AUC=0.774647 val_accuracy=0.438306 seconds=88.9 checkpoint=- ebops_trace_seconds=0.01 ebops_trace_over_epoch=0.001 loss=1.348003 host_rss_mb=2413
[epoch 60/7000] EBOPs=490268 target=350000 above_floor=404505 feasible=0 degenerate=0 beta=2.39e-07 val_AUC=0.828692 val_accuracy=0.556661 seconds=186.4 checkpoint=- ebops_trace_seconds=99.06 ebops_trace_over_epoch=0.532 loss=1.350053 host_rss_mb=2414
[epoch 61/7000] EBOPs=untraced in_training_ebops=547702 target=350000 beta=2.1e-07 val_AUC=0.834030 val_accuracy=0.514613 seconds=91.7 checkpoint=- ebops_trace_seconds=0.01 ebops_trace_over_epoch=0.001 loss=1.313893 host_rss_mb=2414
[epoch 62/7000] EBOPs=untraced in_training_ebops=558059 target=350000 beta=2.4e-07 val_AUC=0.790560 val_accuracy=0.489710 seconds=89.3 checkpoint=- ebops_trace_seconds=0.01 ebops_trace_over_epoch=0.001 loss=1.351660 host_rss_mb=2415
[epoch 63/7000] EBOPs=untraced in_training_ebops=561735 target=350000 beta=2.51e-07 val_AUC=0.796300 val_accuracy=0.461500 seconds=89.1 checkpoint=- ebops_trace_seconds=0.01 ebops_trace_over_epoch=0.001 loss=1.382101 host_rss_mb=2415
[epoch 64/7000] EBOPs=untraced in_training_ebops=551601 target=350000 beta=2.59e-07 val_AUC=0.826323 val_accuracy=0.519210 seconds=90.8 checkpoint=- ebops_trace_seconds=0.01 ebops_trace_over_epoch=0.001 loss=1.358105 host_rss_mb=2415
[epoch 65/7000] EBOPs=untraced in_training_ebops=554190 target=350000 beta=2.6e-07 val_AUC=0.820321 val_accuracy=0.507323 seconds=90.2 checkpoint=- ebops_trace_seconds=0.01 ebops_trace_over_epoch=0.001 loss=1.407311 host_rss_mb=2416
[epoch 66/7000] EBOPs=untraced in_training_ebops=546887 target=350000 beta=2.67e-07 val_AUC=0.811933 val_accuracy=0.512113 seconds=88.2 checkpoint=- ebops_trace_seconds=0.01 ebops_trace_over_epoch=0.001 loss=1.380869 host_rss_mb=2416
[epoch 67/7000] EBOPs=untraced in_training_ebops=540227 target=350000 beta=2.69e-07 val_AUC=0.819998 val_accuracy=0.520855 seconds=92.0 checkpoint=- ebops_trace_seconds=0.01 ebops_trace_over_epoch=0.001 loss=1.384241 host_rss_mb=2417
[epoch 68/7000] EBOPs=untraced in_training_ebops=534725 target=350000 beta=2.72e-07 val_AUC=0.783629 val_accuracy=0.431161 seconds=89.7 checkpoint=- ebops_trace_seconds=0.01 ebops_trace_over_epoch=0.001 loss=1.395343 host_rss_mb=2417
[epoch 69/7000] EBOPs=untraced in_training_ebops=529643 target=350000 beta=2.75e-07 val_AUC=0.824378 val_accuracy=0.525935 seconds=86.0 checkpoint=- ebops_trace_seconds=0.01 ebops_trace_over_epoch=0.001 loss=1.394184 host_rss_mb=2410
[epoch 70/7000] EBOPs=478660 target=350000 above_floor=392897 feasible=0 degenerate=0 beta=2.78e-07 val_AUC=0.811119 val_accuracy=0.524516 seconds=183.7 checkpoint=- ebops_trace_seconds=95.91 ebops_trace_over_epoch=0.523 loss=1.382238 host_rss_mb=2411
[epoch 71/7000] EBOPs=untraced in_training_ebops=521160 target=350000 beta=2.55e-07 val_AUC=0.805699 val_accuracy=0.491048 seconds=68.4 checkpoint=- ebops_trace_seconds=0.01 ebops_trace_over_epoch=0.001 loss=1.376526 host_rss_mb=2414
[epoch 72/7000] EBOPs=untraced in_training_ebops=519933 target=350000 beta=2.83e-07 val_AUC=0.818886 val_accuracy=0.502387 seconds=75.6 checkpoint=- ebops_trace_seconds=0.01 ebops_trace_over_epoch=0.001 loss=1.393230 host_rss_mb=2414
[epoch 73/7000] EBOPs=untraced in_training_ebops=523484 target=350000 beta=2.88e-07 val_AUC=0.817437 val_accuracy=0.489758 seconds=92.3 checkpoint=- ebops_trace_seconds=0.01 ebops_trace_over_epoch=0.001 loss=1.385500 host_rss_mb=2414
[epoch 74/7000] EBOPs=untraced in_training_ebops=525485 target=350000 beta=2.96e-07 val_AUC=0.818076 val_accuracy=0.518565 seconds=89.6 checkpoint=- ebops_trace_seconds=0.01 ebops_trace_over_epoch=0.001 loss=1.425123 host_rss_mb=2415
[epoch 75/7000] EBOPs=untraced in_training_ebops=515775 target=350000 beta=3.04e-07 val_AUC=0.814838 val_accuracy=0.505000 seconds=89.5 checkpoint=epoch-0075 ebops_trace_seconds=0.01 ebops_trace_over_epoch=0.001 loss=1.394857 host_rss_mb=2417
[epoch 76/7000] EBOPs=untraced in_training_ebops=519142 target=350000 beta=3.04e-07 val_AUC=0.820446 val_accuracy=0.509145 seconds=90.7 checkpoint=- ebops_trace_seconds=0.01 ebops_trace_over_epoch=0.001 loss=1.418014 host_rss_mb=2417
[epoch 77/7000] EBOPs=untraced in_training_ebops=522238 target=350000 beta=3.12e-07 val_AUC=0.804027 val_accuracy=0.466177 seconds=90.5 checkpoint=- ebops_trace_seconds=0.01 ebops_trace_over_epoch=0.001 loss=1.418469 host_rss_mb=2417
[epoch 78/7000] EBOPs=untraced in_training_ebops=518296 target=350000 beta=3.2e-07 val_AUC=0.820835 val_accuracy=0.511581 seconds=89.1 checkpoint=- ebops_trace_seconds=0.01 ebops_trace_over_epoch=0.001 loss=1.414851 host_rss_mb=2417
[epoch 79/7000] EBOPs=untraced in_training_ebops=511147 target=350000 beta=3.24e-07 val_AUC=0.803490 val_accuracy=0.520823 seconds=90.4 checkpoint=- ebops_trace_seconds=0.01 ebops_trace_over_epoch=0.001 loss=1.415512 host_rss_mb=2418
[epoch 80/7000] EBOPs=467403 target=350000 above_floor=381640 feasible=0 degenerate=0 beta=3.26e-07 val_AUC=0.805462 val_accuracy=0.488097 seconds=189.0 checkpoint=- ebops_trace_seconds=98.42 ebops_trace_over_epoch=0.521 loss=1.414596 host_rss_mb=2418
[epoch 81/7000] EBOPs=untraced in_training_ebops=501655 target=350000 beta=3.02e-07 val_AUC=0.810430 val_accuracy=0.504694 seconds=89.3 checkpoint=- ebops_trace_seconds=0.01 ebops_trace_over_epoch=0.001 loss=1.414971 host_rss_mb=2418
[epoch 82/7000] EBOPs=untraced in_training_ebops=501830 target=350000 beta=3.3e-07 val_AUC=0.782541 val_accuracy=0.411097 seconds=90.5 checkpoint=- ebops_trace_seconds=0.01 ebops_trace_over_epoch=0.001 loss=1.435573 host_rss_mb=2418
[epoch 83/7000] EBOPs=untraced in_training_ebops=502366 target=350000 beta=3.36e-07 val_AUC=0.798257 val_accuracy=0.500952 seconds=90.4 checkpoint=- ebops_trace_seconds=0.01 ebops_trace_over_epoch=0.001 loss=1.441594 host_rss_mb=2418
[epoch 84/7000] EBOPs=untraced in_training_ebops=504409 target=350000 beta=3.43e-07 val_AUC=0.789484 val_accuracy=0.445371 seconds=86.5 checkpoint=- ebops_trace_seconds=0.01 ebops_trace_over_epoch=0.001 loss=1.442208 host_rss_mb=2418
[epoch 85/7000] EBOPs=untraced in_training_ebops=501820 target=350000 beta=3.5e-07 val_AUC=0.769178 val_accuracy=0.413694 seconds=81.4 checkpoint=- ebops_trace_seconds=0.01 ebops_trace_over_epoch=0.001 loss=1.450316 host_rss_mb=2418
[epoch 86/7000] EBOPs=untraced in_training_ebops=502907 target=350000 beta=3.55e-07 val_AUC=0.814095 val_accuracy=0.403274 seconds=70.9 checkpoint=- ebops_trace_seconds=0.01 ebops_trace_over_epoch=0.001 loss=1.465985 host_rss_mb=2418
[epoch 87/7000] EBOPs=untraced in_training_ebops=496710 target=350000 beta=3.62e-07 val_AUC=0.794015 val_accuracy=0.449581 seconds=78.7 checkpoint=- ebops_trace_seconds=0.01 ebops_trace_over_epoch=0.001 loss=1.478010 host_rss_mb=2418
[epoch 88/7000] EBOPs=untraced in_training_ebops=503931 target=350000 beta=3.64e-07 val_AUC=0.806402 val_accuracy=0.463339 seconds=91.3 checkpoint=- ebops_trace_seconds=0.01 ebops_trace_over_epoch=0.001 loss=1.467675 host_rss_mb=2418
[epoch 89/7000] EBOPs=untraced in_training_ebops=498174 target=350000 beta=3.76e-07 val_AUC=0.803860 val_accuracy=0.501290 seconds=89.1 checkpoint=- ebops_trace_seconds=0.01 ebops_trace_over_epoch=0.001 loss=1.484765 host_rss_mb=2419
[epoch 90/7000] EBOPs=440074 target=350000 above_floor=354311 feasible=0 degenerate=0 beta=3.79e-07 val_AUC=0.793419 val_accuracy=0.474161 seconds=188.0 checkpoint=- ebops_trace_seconds=98.86 ebops_trace_over_epoch=0.526 loss=1.477731 host_rss_mb=2413
[epoch 91/7000] EBOPs=untraced in_training_ebops=486614 target=350000 beta=3.38e-07 val_AUC=0.815061 val_accuracy=0.520016 seconds=88.4 checkpoint=- ebops_trace_seconds=0.01 ebops_trace_over_epoch=0.001 loss=1.440773 host_rss_mb=2416
[epoch 92/7000] EBOPs=untraced in_training_ebops=479606 target=350000 beta=3.8e-07 val_AUC=0.789885 val_accuracy=0.474548 seconds=86.3 checkpoint=- ebops_trace_seconds=0.01 ebops_trace_over_epoch=0.001 loss=1.476164 host_rss_mb=2416
[epoch 93/7000] EBOPs=untraced in_training_ebops=481943 target=350000 beta=3.81e-07 val_AUC=0.758910 val_accuracy=0.406565 seconds=89.3 checkpoint=- ebops_trace_seconds=0.01 ebops_trace_over_epoch=0.001 loss=1.490587 host_rss_mb=2416
[epoch 94/7000] EBOPs=untraced in_training_ebops=477857 target=350000 beta=3.89e-07 val_AUC=0.797337 val_accuracy=0.480548 seconds=91.7 checkpoint=- ebops_trace_seconds=0.01 ebops_trace_over_epoch=0.001 loss=1.477970 host_rss_mb=2419
[epoch 95/7000] EBOPs=untraced in_training_ebops=472631 target=350000 beta=3.91e-07 val_AUC=0.765356 val_accuracy=0.422726 seconds=88.8 checkpoint=- ebops_trace_seconds=0.01 ebops_trace_over_epoch=0.001 loss=1.481479 host_rss_mb=2419
[epoch 96/7000] EBOPs=untraced in_training_ebops=477726 target=350000 beta=3.93e-07 val_AUC=0.801047 val_accuracy=0.500129 seconds=89.0 checkpoint=- ebops_trace_seconds=0.01 ebops_trace_over_epoch=0.001 loss=1.472976 host_rss_mb=2419
[epoch 97/7000] EBOPs=untraced in_training_ebops=470626 target=350000 beta=4.04e-07 val_AUC=0.795631 val_accuracy=0.472065 seconds=90.5 checkpoint=- ebops_trace_seconds=0.01 ebops_trace_over_epoch=0.001 loss=1.481045 host_rss_mb=2419
[epoch 98/7000] EBOPs=untraced in_training_ebops=473191 target=350000 beta=4.03e-07 val_AUC=0.820390 val_accuracy=0.541403 seconds=89.8 checkpoint=- ebops_trace_seconds=0.01 ebops_trace_over_epoch=0.001 loss=1.483358 host_rss_mb=2419
[epoch 99/7000] EBOPs=untraced in_training_ebops=462936 target=350000 beta=4.12e-07 val_AUC=0.769812 val_accuracy=0.450081 seconds=84.5 checkpoint=- ebops_trace_seconds=0.01 ebops_trace_over_epoch=0.001 loss=1.497443 host_rss_mb=2419
[epoch 100/7000] EBOPs=425316 target=350000 above_floor=339553 feasible=0 degenerate=0 beta=4.09e-07 val_AUC=0.777628 val_accuracy=0.448742 seconds=167.9 checkpoint=epoch-0100 ebops_trace_seconds=88.19 ebops_trace_over_epoch=0.526 loss=1.496330 host_rss_mb=2418
[epoch 101/7000] EBOPs=untraced in_training_ebops=465353 target=350000 beta=3.79e-07 val_AUC=0.816521 val_accuracy=0.521371 seconds=90.6 checkpoint=- ebops_trace_seconds=0.01 ebops_trace_over_epoch=0.001 loss=1.458656 host_rss_mb=2418
[epoch 102/7000] EBOPs=untraced in_training_ebops=457773 target=350000 beta=4.21e-07 val_AUC=0.800557 val_accuracy=0.473855 seconds=89.0 checkpoint=- ebops_trace_seconds=0.01 ebops_trace_over_epoch=0.001 loss=1.476359 host_rss_mb=2418
