# full-key diffs of the bundle configs (42abed4b extraction, campaigns/chang0926/configs); read only
=== chang0926-a-n64-s1.json vs chang0926-b-n64-s1.json
  campaign.arm: 'A' -> 'B'
  engram_study.question: 'chang0926 arm A: primary: Sun et al. recipe on E at 350k' -> 'chang0926 arm B: budget ladder, lower limit (E at 250k)'
  experiment.arm: 'chang0926-a-n64-s1' -> 'chang0926-b-n64-s1'
  name: 'chang0926-a-n64-s1' -> 'chang0926-b-n64-s1'
  train.ebops.pid.target_ebops: 350000 -> 250000
=== chang0926-c-n64-s1.json vs chang0926-a07-350-n64-s1.json
  campaign.arm: 'C' -> 'A07-350'
  engram_study.question: 'chang0926 arm C: budget ladder, A07 at 5M' -> 'chang0926 arm A07-350: descriptive: our A07 at the paper budget; attention data-independent by construction'
  experiment.arm: 'chang0926-c-n64-s1' -> 'chang0926-a07-350-n64-s1'
  name: 'chang0926-c-n64-s1' -> 'chang0926-a07-350-n64-s1'
  train.ebops.pid.target_ebops: 5000000 -> 350000
=== chang0926-a-n64-s2.json vs chang0926-b-n64-s2.json
  campaign.arm: 'A' -> 'B'
  engram_study.question: 'chang0926 arm A: primary: Sun et al. recipe on E at 350k' -> 'chang0926 arm B: budget ladder, lower limit (E at 250k)'
  experiment.arm: 'chang0926-a-n64-s2' -> 'chang0926-b-n64-s2'
  name: 'chang0926-a-n64-s2' -> 'chang0926-b-n64-s2'
  train.ebops.pid.target_ebops: 350000 -> 250000
=== chang0926-c-n64-s2.json vs chang0926-a07-350-n64-s2.json
  campaign.arm: 'C' -> 'A07-350'
  engram_study.question: 'chang0926 arm C: budget ladder, A07 at 5M' -> 'chang0926 arm A07-350: descriptive: our A07 at the paper budget; attention data-independent by construction'
  experiment.arm: 'chang0926-c-n64-s2' -> 'chang0926-a07-350-n64-s2'
  name: 'chang0926-c-n64-s2' -> 'chang0926-a07-350-n64-s2'
  train.ebops.pid.target_ebops: 5000000 -> 350000
=== chang0926-a-n64-s3.json vs chang0926-b-n64-s3.json
  campaign.arm: 'A' -> 'B'
  engram_study.question: 'chang0926 arm A: primary: Sun et al. recipe on E at 350k' -> 'chang0926 arm B: budget ladder, lower limit (E at 250k)'
  experiment.arm: 'chang0926-a-n64-s3' -> 'chang0926-b-n64-s3'
  name: 'chang0926-a-n64-s3' -> 'chang0926-b-n64-s3'
  train.ebops.pid.target_ebops: 350000 -> 250000
=== chang0926-c-n64-s3.json vs chang0926-a07-350-n64-s3.json
  campaign.arm: 'C' -> 'A07-350'
  engram_study.question: 'chang0926 arm C: budget ladder, A07 at 5M' -> 'chang0926 arm A07-350: descriptive: our A07 at the paper budget; attention data-independent by construction'
  experiment.arm: 'chang0926-c-n64-s3' -> 'chang0926-a07-350-n64-s3'
  name: 'chang0926-c-n64-s3' -> 'chang0926-a07-350-n64-s3'
  train.ebops.pid.target_ebops: 5000000 -> 350000
=== chang0926-a-n64-s4.json vs chang0926-b-n64-s4.json
  campaign.arm: 'A' -> 'B'
  engram_study.question: 'chang0926 arm A: primary: Sun et al. recipe on E at 350k' -> 'chang0926 arm B: budget ladder, lower limit (E at 250k)'
  experiment.arm: 'chang0926-a-n64-s4' -> 'chang0926-b-n64-s4'
  name: 'chang0926-a-n64-s4' -> 'chang0926-b-n64-s4'
  train.ebops.pid.target_ebops: 350000 -> 250000
=== chang0926-c-n64-s4.json vs chang0926-a07-350-n64-s4.json
  campaign.arm: 'C' -> 'A07-350'
  engram_study.question: 'chang0926 arm C: budget ladder, A07 at 5M' -> 'chang0926 arm A07-350: descriptive: our A07 at the paper budget; attention data-independent by construction'
  experiment.arm: 'chang0926-c-n64-s4' -> 'chang0926-a07-350-n64-s4'
  name: 'chang0926-c-n64-s4' -> 'chang0926-a07-350-n64-s4'
  train.ebops.pid.target_ebops: 5000000 -> 350000
=== chang0926-a-n64-s5.json vs chang0926-b-n64-s5.json
  campaign.arm: 'A' -> 'B'
  engram_study.question: 'chang0926 arm A: primary: Sun et al. recipe on E at 350k' -> 'chang0926 arm B: budget ladder, lower limit (E at 250k)'
  experiment.arm: 'chang0926-a-n64-s5' -> 'chang0926-b-n64-s5'
  name: 'chang0926-a-n64-s5' -> 'chang0926-b-n64-s5'
  train.ebops.pid.target_ebops: 350000 -> 250000
=== chang0926-c-n64-s5.json vs chang0926-a07-350-n64-s5.json
  campaign.arm: 'C' -> 'A07-350'
  engram_study.question: 'chang0926 arm C: budget ladder, A07 at 5M' -> 'chang0926 arm A07-350: descriptive: our A07 at the paper budget; attention data-independent by construction'
  experiment.arm: 'chang0926-c-n64-s5' -> 'chang0926-a07-350-n64-s5'
  name: 'chang0926-c-n64-s5' -> 'chang0926-a07-350-n64-s5'
  train.ebops.pid.target_ebops: 5000000 -> 350000
=== chang0926-a-n64-s6.json vs chang0926-b-n64-s6.json
  campaign.arm: 'A' -> 'B'
  engram_study.question: 'chang0926 arm A: primary: Sun et al. recipe on E at 350k' -> 'chang0926 arm B: budget ladder, lower limit (E at 250k)'
  experiment.arm: 'chang0926-a-n64-s6' -> 'chang0926-b-n64-s6'
  name: 'chang0926-a-n64-s6' -> 'chang0926-b-n64-s6'
  train.ebops.pid.target_ebops: 350000 -> 250000
=== chang0926-c-n64-s6.json vs chang0926-a07-350-n64-s6.json
  campaign.arm: 'C' -> 'A07-350'
  engram_study.question: 'chang0926 arm C: budget ladder, A07 at 5M' -> 'chang0926 arm A07-350: descriptive: our A07 at the paper budget; attention data-independent by construction'
  experiment.arm: 'chang0926-c-n64-s6' -> 'chang0926-a07-350-n64-s6'
  name: 'chang0926-c-n64-s6' -> 'chang0926-a07-350-n64-s6'
  train.ebops.pid.target_ebops: 5000000 -> 350000
=== chang0926-a-n64-s7.json vs chang0926-b-n64-s7.json
  campaign.arm: 'A' -> 'B'
  engram_study.question: 'chang0926 arm A: primary: Sun et al. recipe on E at 350k' -> 'chang0926 arm B: budget ladder, lower limit (E at 250k)'
  experiment.arm: 'chang0926-a-n64-s7' -> 'chang0926-b-n64-s7'
  name: 'chang0926-a-n64-s7' -> 'chang0926-b-n64-s7'
  train.ebops.pid.target_ebops: 350000 -> 250000
=== chang0926-c-n64-s7.json vs chang0926-a07-350-n64-s7.json
  campaign.arm: 'C' -> 'A07-350'
  engram_study.question: 'chang0926 arm C: budget ladder, A07 at 5M' -> 'chang0926 arm A07-350: descriptive: our A07 at the paper budget; attention data-independent by construction'
  experiment.arm: 'chang0926-c-n64-s7' -> 'chang0926-a07-350-n64-s7'
  name: 'chang0926-c-n64-s7' -> 'chang0926-a07-350-n64-s7'
  train.ebops.pid.target_ebops: 5000000 -> 350000
=== chang0926-a-n64-s8.json vs chang0926-b-n64-s8.json
  campaign.arm: 'A' -> 'B'
  engram_study.question: 'chang0926 arm A: primary: Sun et al. recipe on E at 350k' -> 'chang0926 arm B: budget ladder, lower limit (E at 250k)'
  experiment.arm: 'chang0926-a-n64-s8' -> 'chang0926-b-n64-s8'
  name: 'chang0926-a-n64-s8' -> 'chang0926-b-n64-s8'
  train.ebops.pid.target_ebops: 350000 -> 250000
=== chang0926-c-n64-s8.json vs chang0926-a07-350-n64-s8.json
  campaign.arm: 'C' -> 'A07-350'
  engram_study.question: 'chang0926 arm C: budget ladder, A07 at 5M' -> 'chang0926 arm A07-350: descriptive: our A07 at the paper budget; attention data-independent by construction'
  experiment.arm: 'chang0926-c-n64-s8' -> 'chang0926-a07-350-n64-s8'
  name: 'chang0926-c-n64-s8' -> 'chang0926-a07-350-n64-s8'
  train.ebops.pid.target_ebops: 5000000 -> 350000
=== chang0926-a-n64-s1.json vs chang0926-a-n64-s2.json
  campaign.seed: 1 -> 2
  experiment.arm: 'chang0926-a-n64-s1' -> 'chang0926-a-n64-s2'
  experiment.seed: 1 -> 2
  name: 'chang0926-a-n64-s1' -> 'chang0926-a-n64-s2'
  train.order_seed: 2026092601 -> 2026092602
=== chang0926-c-n64-s1.json vs chang0926-c-n64-s2.json
  campaign.seed: 1 -> 2
  experiment.arm: 'chang0926-c-n64-s1' -> 'chang0926-c-n64-s2'
  experiment.seed: 1 -> 2
  name: 'chang0926-c-n64-s1' -> 'chang0926-c-n64-s2'
  train.order_seed: 2026092601 -> 2026092602
