# python3 code/plan_check.py --tree <fresh extraction of chang0926-code.tar.gz 42abed4b> --survey code/evidence/node_survey_20260929T073945Z.json; 2026-09-29T09:53:09Z (fixer v2)
# driver 5ede0778f716cb9299ca82c64547fb993c93d775572d33463a0fef4cbf676c45 ConfigMap kai-gpubench-driver-5ede0778f7 payload sha256 equal
kai-gpubench-a10-klow.json PLAN_OK phases p3-E-k3 p4-A07-k1 pod 6 CPU 24Gi arms 4 job_deadline 32400 pod_deadline 10800
kai-gpubench-a10-krule.json PLAN_OK phases p1-E-k4 p2-A07-k2 pod 8 CPU 32Gi arms 6 job_deadline 36000 pod_deadline 14400
kai-gpubench-a100-sxm4-80gb-klow.json PLAN_OK phases p3-E-k4 p4-A07-k2 pod 8 CPU 32Gi arms 6 job_deadline 36000 pod_deadline 14400
kai-gpubench-a100-sxm4-80gb-krule.json PLAN_OK phases p1-E-k16 p2-A07-k8 pod 32 CPU 128Gi arms 24 job_deadline 67800 pod_deadline 46200
kai-gpubench-a40-klow.json PLAN_OK phases p3-E-k4 p4-A07-k2 pod 8 CPU 32Gi arms 6 job_deadline 36000 pod_deadline 14400
kai-gpubench-a40-krule.json PLAN_OK phases p1-E-k9 p2-A07-k4 pod 18 CPU 72Gi arms 13 job_deadline 48000 pod_deadline 26400
kai-gpubench-geforce-rtx-3090-klow.json PLAN_OK phases p3-E-k4 p4-A07-k1 pod 8 CPU 32Gi arms 5 job_deadline 33600 pod_deadline 12000
kai-gpubench-geforce-rtx-3090-krule.json PLAN_OK phases p1-E-k5 p2-A07-k2 pod 10 CPU 40Gi arms 7 job_deadline 37800 pod_deadline 16200
kai-gpubench-geforce-rtx-4090-klow.json PLAN_OK phases p3-E-k4 p4-A07-k1 pod 8 CPU 32Gi arms 5 job_deadline 33600 pod_deadline 12000
kai-gpubench-geforce-rtx-4090-krule.json PLAN_OK phases p1-E-k5 p2-A07-k2 pod 10 CPU 40Gi arms 7 job_deadline 37800 pod_deadline 16200
kai-gpubench-l40-klow.json PLAN_OK phases p3-E-k4 p4-A07-k2 pod 8 CPU 32Gi arms 6 job_deadline 36000 pod_deadline 14400
kai-gpubench-l40-krule.json PLAN_OK phases p1-E-k9 p2-A07-k4 pod 18 CPU 72Gi arms 13 job_deadline 48000 pod_deadline 26400
kai-gpubench-l40s-klow.json PLAN_OK phases p3-E-k4 p4-A07-k2 pod 8 CPU 32Gi arms 6 job_deadline 36000 pod_deadline 14400
kai-gpubench-l40s-krule.json PLAN_OK phases p1-E-k9 p2-A07-k4 pod 18 CPU 72Gi arms 13 job_deadline 48000 pod_deadline 26400
kai-gpubench-rtx-a6000-klow.json PLAN_OK phases p3-E-k4 p4-A07-k2 pod 8 CPU 32Gi arms 6 job_deadline 36000 pod_deadline 14400
kai-gpubench-rtx-a6000-krule.json PLAN_OK phases p1-E-k9 p2-A07-k5 pod 18 CPU 72Gi arms 14 job_deadline 50400 pod_deadline 28800
# NVIDIA-L40: 2 Jobs, phase ids p1 p2 p3 p4 OK
# NVIDIA-L40S: 2 Jobs, phase ids p1 p2 p3 p4 OK
# NVIDIA-GeForce-RTX-4090: 2 Jobs, phase ids p1 p2 p3 p4 OK
# NVIDIA-GeForce-RTX-3090: 2 Jobs, phase ids p1 p2 p3 p4 OK
# NVIDIA-RTX-A6000: 2 Jobs, phase ids p1 p2 p3 p4 OK
# NVIDIA-A40: 2 Jobs, phase ids p1 p2 p3 p4 OK
# NVIDIA-A100-SXM4-80GB: 2 Jobs, phase ids p1 p2 p3 p4 OK
# NVIDIA-A10: 2 Jobs, phase ids p1 p2 p3 p4 OK
GENERATOR_IDEMPOTENT
PLAN_CHECK_ALL_OK
rc=0
