
== campaigns/2026-10-05-pilot-program/handoffs/rh-d7e1d293c800ff4d9990458a/job.json :: kai-pilot1005-cpugate-1f7c4e ==
  note   no required GPU product list — widest possible pool (good)
  note   single (non-Indexed) Job — per-index limits N/A; backoffLimit/activeDeadlineSeconds is the legacy pattern and is fine here
  OK

== campaigns/2026-10-05-pilot-program/handoffs/rh-27666babd50fba3110293bd6/job.json :: kai-p1005r1-h1-e-350k-c-s1-1f7c4e ==
  note   required pool = 1 products / 48 nodes cluster-wide
  note   no activeDeadlineSeconds (NRP has no universal 6 h cap — fine if deliberate)
  OK

== campaigns/2026-10-05-pilot-program/handoffs/rh-d35c8eac78d59c33c91ab776/job.json :: kai-p1005r1-h1-e-350k-c-s2-1f7c4e ==
  note   required pool = 1 products / 48 nodes cluster-wide
  note   no activeDeadlineSeconds (NRP has no universal 6 h cap — fine if deliberate)
  OK

== campaigns/2026-10-05-pilot-program/handoffs/rh-34a07b56bf2a86b624170b95/job.json :: kai-p1005r1-h1-e-350k-noc-s1-1f7c4e ==
  note   required pool = 1 products / 48 nodes cluster-wide
  note   no activeDeadlineSeconds (NRP has no universal 6 h cap — fine if deliberate)
  OK

== campaigns/2026-10-05-pilot-program/handoffs/rh-ea3c6d62b38f21ce01139668/job.json :: kai-p1005r1-h1-e-350k-noc-s2-1f7c4e ==
  note   required pool = 1 products / 48 nodes cluster-wide
  note   no activeDeadlineSeconds (NRP has no universal 6 h cap — fine if deliberate)
  OK

== campaigns/2026-10-05-pilot-program/handoffs/rh-3d50686fc0c37054803a9cee/job.json :: kai-p1005r1-h2-a07-1m-c-s1-1f7c4e ==
  note   required pool = 1 products / 48 nodes cluster-wide
  note   no activeDeadlineSeconds (NRP has no universal 6 h cap — fine if deliberate)
  OK

== campaigns/2026-10-05-pilot-program/handoffs/rh-69ff9e6ae38e0929cf38a922/job.json :: kai-p1005r1-h2-a07-2m-c-s1-1f7c4e ==
  note   required pool = 1 products / 48 nodes cluster-wide
  note   no activeDeadlineSeconds (NRP has no universal 6 h cap — fine if deliberate)
  OK

== campaigns/2026-10-05-pilot-program/handoffs/rh-90d79fb73e4021c5877587ff/job.json :: kai-p1005r1-h2-a07-350k-c-s1-1f7c4e ==
  note   required pool = 1 products / 48 nodes cluster-wide
  note   no activeDeadlineSeconds (NRP has no universal 6 h cap — fine if deliberate)
  OK

== campaigns/2026-10-05-pilot-program/handoffs/rh-8feaf84b897b2c620159eb4e/job.json :: kai-p1005r1-h2-a07-500k-c-s1-1f7c4e ==
  note   required pool = 1 products / 48 nodes cluster-wide
  note   no activeDeadlineSeconds (NRP has no universal 6 h cap — fine if deliberate)
  OK

== campaigns/2026-10-05-pilot-program/handoffs/rh-43b44bbc6a3cc8ae4484fb2d/job.json :: kai-p1005r1-h2-a07-5m-c-s1-1f7c4e ==
  note   required pool = 1 products / 48 nodes cluster-wide
  note   no activeDeadlineSeconds (NRP has no universal 6 h cap — fine if deliberate)
  OK

== campaigns/2026-10-05-pilot-program/handoffs/rh-8e3cb6d203d90ef9034babdb/job.json :: kai-p1005r1-h2-e-1m-c-s1-1f7c4e ==
  note   required pool = 1 products / 48 nodes cluster-wide
  note   no activeDeadlineSeconds (NRP has no universal 6 h cap — fine if deliberate)
  OK

== campaigns/2026-10-05-pilot-program/handoffs/rh-6af95f07ddb2667d24c007f1/job.json :: kai-p1005r1-h2-e-250k-c-s1-1f7c4e ==
  note   required pool = 1 products / 48 nodes cluster-wide
  note   no activeDeadlineSeconds (NRP has no universal 6 h cap — fine if deliberate)
  OK

== campaigns/2026-10-05-pilot-program/handoffs/rh-8733365d531ec943a3d92ffa/job.json :: kai-p1005r1-h2-e-2m-c-s1-1f7c4e ==
  note   required pool = 1 products / 48 nodes cluster-wide
  note   no activeDeadlineSeconds (NRP has no universal 6 h cap — fine if deliberate)
  OK

== campaigns/2026-10-05-pilot-program/handoffs/rh-64e550184afd387da5a08eab/job.json :: kai-p1005r1-h2-e-500k-c-s1-1f7c4e ==
  note   required pool = 1 products / 48 nodes cluster-wide
  note   no activeDeadlineSeconds (NRP has no universal 6 h cap — fine if deliberate)
  OK

== campaigns/2026-10-05-pilot-program/handoffs/rh-4591301fe9b4356d83644a55/job.json :: kai-p1005r1-h2-e-5m-c-s1-1f7c4e ==
  note   required pool = 1 products / 48 nodes cluster-wide
  note   no activeDeadlineSeconds (NRP has no universal 6 h cap — fine if deliberate)
  OK

== campaigns/2026-10-05-pilot-program/handoffs/rh-32f261a628cf4082764f9a6d/job.json :: kai-p1005r1-h2-e-750k-c-s1-1f7c4e ==
  note   required pool = 1 products / 48 nodes cluster-wide
  note   no activeDeadlineSeconds (NRP has no universal 6 h cap — fine if deliberate)
  OK

== campaigns/2026-10-05-pilot-program/handoffs/rh-862ca23890426713ab5bc20d/job.json :: kai-p1005r1-h4-e-350k-c-w150-s1-1f7c4e ==
  note   required pool = 1 products / 48 nodes cluster-wide
  note   no activeDeadlineSeconds (NRP has no universal 6 h cap — fine if deliberate)
  OK

== campaigns/2026-10-05-pilot-program/handoffs/rh-2142c00567f8348e1cd7aa49/job.json :: kai-p1005r1-h4-e-350k-c-w150-s2-1f7c4e ==
  note   required pool = 1 products / 48 nodes cluster-wide
  note   no activeDeadlineSeconds (NRP has no universal 6 h cap — fine if deliberate)
  OK

== campaigns/2026-10-05-pilot-program/handoffs/rh-38ca58a4b29d5d1a58c7f257/job.json :: kai-p1005r1-h4-e-350k-c-w50-s1-1f7c4e ==
  note   required pool = 1 products / 48 nodes cluster-wide
  note   no activeDeadlineSeconds (NRP has no universal 6 h cap — fine if deliberate)
  OK

== campaigns/2026-10-05-pilot-program/handoffs/rh-ad9c70f8f8adb8ce7c1109c8/job.json :: kai-p1005r1-h4-e-350k-c-w50-s2-1f7c4e ==
  note   required pool = 1 products / 48 nodes cluster-wide
  note   no activeDeadlineSeconds (NRP has no universal 6 h cap — fine if deliberate)
  OK

== campaigns/2026-10-05-pilot-program/handoffs/rh-ad3e5e6c2733a9c93797f3d2/job.json :: kai-pilot1005-r1ro-1f7c4e ==
  note   no required GPU product list — widest possible pool (good)
  note   single (non-Indexed) Job — per-index limits N/A; backoffLimit/activeDeadlineSeconds is the legacy pattern and is fine here
  OK

(rules: docs/infrastructure/nrp-nautilus-setup.md -> 'Scheduling, GPU pools and job shape')
exit=0
