Defaulted container "train" out of: train, record-run-handoff (init)
POD_MEM 22:50:11Z current_mib 8848 max_mib 10240 free_mib 1392 pressure_full_avg10 0.0 rss_mib pilot1005-h3-e-350k-c-qkv1-s2=2664
POD_MEM 22:50:16Z current_mib 8848 max_mib 10240 free_mib 1392 pressure_full_avg10 0.0 rss_mib pilot1005-h3-e-350k-c-qkv1-s2=2664
POD_MEM 22:50:21Z current_mib 8848 max_mib 10240 free_mib 1392 pressure_full_avg10 0.0 rss_mib pilot1005-h3-e-350k-c-qkv1-s2=2664
POD_MEM 22:50:26Z current_mib 8859 max_mib 10240 free_mib 1381 pressure_full_avg10 0.0 rss_mib pilot1005-h3-e-350k-c-qkv1-s2=2674
2026/10/05 22:50:26.209, NVIDIA GeForce RTX 3090, 0 %, 4388 MiB, 24576 MiB
POD_MEM 22:50:31Z current_mib 8859 max_mib 10240 free_mib 1381 pressure_full_avg10 0.0 rss_mib pilot1005-h3-e-350k-c-qkv1-s2=2674
POD_MEM 22:50:36Z current_mib 8859 max_mib 10240 free_mib 1381 pressure_full_avg10 0.0 rss_mib pilot1005-h3-e-350k-c-qkv1-s2=2674
POD_MEM 22:50:41Z current_mib 8859 max_mib 10240 free_mib 1381 pressure_full_avg10 0.0 rss_mib pilot1005-h3-e-350k-c-qkv1-s2=2674
POD_MEM 22:50:46Z current_mib 8864 max_mib 10240 free_mib 1376 pressure_full_avg10 0.0 rss_mib pilot1005-h3-e-350k-c-qkv1-s2=2678
POD_MEM 22:50:51Z current_mib 8864 max_mib 10240 free_mib 1376 pressure_full_avg10 0.0 rss_mib pilot1005-h3-e-350k-c-qkv1-s2=2678
POD_MEM 22:50:56Z current_mib 8864 max_mib 10240 free_mib 1376 pressure_full_avg10 0.0 rss_mib pilot1005-h3-e-350k-c-qkv1-s2=2678
POD_MEM 22:51:01Z current_mib 8868 max_mib 10240 free_mib 1372 pressure_full_avg10 0.0 rss_mib pilot1005-h3-e-350k-c-qkv1-s2=2682
POD_MEM 22:51:06Z current_mib 8868 max_mib 10240 free_mib 1372 pressure_full_avg10 0.0 rss_mib pilot1005-h3-e-350k-c-qkv1-s2=2682
GPU_SAMPLE 2026-10-05T22:51:10Z 99,4388,24576
POD_MEM 22:51:11Z current_mib 8868 max_mib 10240 free_mib 1372 pressure_full_avg10 0.0 rss_mib pilot1005-h3-e-350k-c-qkv1-s2=2682
POD_MEM 22:51:16Z current_mib 8870 max_mib 10240 free_mib 1370 pressure_full_avg10 0.0 rss_mib pilot1005-h3-e-350k-c-qkv1-s2=2683
POD_MEM 22:51:21Z current_mib 8870 max_mib 10240 free_mib 1370 pressure_full_avg10 0.0 rss_mib pilot1005-h3-e-350k-c-qkv1-s2=2683
POD_MEM 22:51:26Z current_mib 8870 max_mib 10240 free_mib 1370 pressure_full_avg10 0.0 rss_mib pilot1005-h3-e-350k-c-qkv1-s2=2683
2026/10/05 22:51:26.255, NVIDIA GeForce RTX 3090, 99 %, 4388 MiB, 24576 MiB
POD_MEM 22:51:31Z current_mib 8870 max_mib 10240 free_mib 1370 pressure_full_avg10 0.0 rss_mib pilot1005-h3-e-350k-c-qkv1-s2=2683
POD_MEM 22:51:36Z current_mib 8871 max_mib 10240 free_mib 1369 pressure_full_avg10 0.0 rss_mib pilot1005-h3-e-350k-c-qkv1-s2=2684
POD_MEM 22:51:41Z current_mib 8871 max_mib 10240 free_mib 1369 pressure_full_avg10 0.0 rss_mib pilot1005-h3-e-350k-c-qkv1-s2=2684
POD_MEM 22:51:46Z current_mib 8871 max_mib 10240 free_mib 1369 pressure_full_avg10 0.0 rss_mib pilot1005-h3-e-350k-c-qkv1-s2=2684
POD_MEM 22:51:51Z current_mib 8870 max_mib 10240 free_mib 1370 pressure_full_avg10 0.0 rss_mib pilot1005-h3-e-350k-c-qkv1-s2=2684
POD_MEM 22:51:56Z current_mib 8870 max_mib 10240 free_mib 1370 pressure_full_avg10 0.0 rss_mib pilot1005-h3-e-350k-c-qkv1-s2=2684
POD_MEM 22:52:01Z current_mib 8870 max_mib 10240 free_mib 1370 pressure_full_avg10 0.0 rss_mib pilot1005-h3-e-350k-c-qkv1-s2=2684
POD_MEM 22:52:06Z current_mib 8873 max_mib 10240 free_mib 1367 pressure_full_avg10 0.0 rss_mib pilot1005-h3-e-350k-c-qkv1-s2=2686
GPU_SAMPLE 2026-10-05T22:52:10Z 100,4388,24576
POD_MEM 22:52:11Z current_mib 8869 max_mib 10240 free_mib 1371 pressure_full_avg10 0.0 rss_mib pilot1005-h3-e-350k-c-qkv1-s2=2686
POD_MEM 22:52:16Z current_mib 8869 max_mib 10240 free_mib 1371 pressure_full_avg10 0.0 rss_mib pilot1005-h3-e-350k-c-qkv1-s2=2686
POD_MEM 22:52:21Z current_mib 8870 max_mib 10240 free_mib 1370 pressure_full_avg10 0.0 rss_mib pilot1005-h3-e-350k-c-qkv1-s2=2686
POD_MEM 22:52:26Z current_mib 8870 max_mib 10240 free_mib 1370 pressure_full_avg10 0.0 rss_mib pilot1005-h3-e-350k-c-qkv1-s2=2686
2026/10/05 22:52:26.302, NVIDIA GeForce RTX 3090, 100 %, 4388 MiB, 24576 MiB
POD_MEM 22:52:31Z current_mib 8870 max_mib 10240 free_mib 1370 pressure_full_avg10 0.0 rss_mib pilot1005-h3-e-350k-c-qkv1-s2=2686
POD_MEM 22:52:36Z current_mib 8870 max_mib 10240 free_mib 1370 pressure_full_avg10 0.0 rss_mib pilot1005-h3-e-350k-c-qkv1-s2=2686
POD_MEM 22:52:41Z current_mib 8870 max_mib 10240 free_mib 1370 pressure_full_avg10 0.0 rss_mib pilot1005-h3-e-350k-c-qkv1-s2=2686
POD_MEM 22:52:46Z current_mib 8870 max_mib 10240 free_mib 1370 pressure_full_avg10 0.0 rss_mib pilot1005-h3-e-350k-c-qkv1-s2=2686
POD_MEM 22:52:51Z current_mib 8870 max_mib 10240 free_mib 1370 pressure_full_avg10 0.0 rss_mib pilot1005-h3-e-350k-c-qkv1-s2=2686
POD_MEM 22:52:56Z current_mib 8870 max_mib 10240 free_mib 1370 pressure_full_avg10 0.0 rss_mib pilot1005-h3-e-350k-c-qkv1-s2=2686
POD_MEM 22:53:01Z current_mib 8870 max_mib 10240 free_mib 1370 pressure_full_avg10 0.0 rss_mib pilot1005-h3-e-350k-c-qkv1-s2=2686
POD_MEM 22:53:06Z current_mib 8870 max_mib 10240 free_mib 1370 pressure_full_avg10 0.0 rss_mib pilot1005-h3-e-350k-c-qkv1-s2=2686
GPU_SAMPLE 2026-10-05T22:53:10Z 21,4388,24576
POD_MEM 22:53:11Z current_mib 8870 max_mib 10240 free_mib 1370 pressure_full_avg10 0.0 rss_mib pilot1005-h3-e-350k-c-qkv1-s2=2686
POD_MEM 22:53:16Z current_mib 8870 max_mib 10240 free_mib 1370 pressure_full_avg10 0.0 rss_mib pilot1005-h3-e-350k-c-qkv1-s2=2686
POD_MEM 22:53:21Z current_mib 8884 max_mib 10240 free_mib 1356 pressure_full_avg10 0.0 rss_mib pilot1005-h3-e-350k-c-qkv1-s2=2697
POD_MEM 22:53:26Z current_mib 8884 max_mib 10240 free_mib 1356 pressure_full_avg10 0.0 rss_mib pilot1005-h3-e-350k-c-qkv1-s2=2697
2026/10/05 22:53:26.349, NVIDIA GeForce RTX 3090, 99 %, 4388 MiB, 24576 MiB
POD_MEM 22:53:31Z current_mib 8884 max_mib 10240 free_mib 1356 pressure_full_avg10 0.0 rss_mib pilot1005-h3-e-350k-c-qkv1-s2=2697
POD_MEM 22:53:36Z current_mib 8884 max_mib 10240 free_mib 1356 pressure_full_avg10 0.0 rss_mib pilot1005-h3-e-350k-c-qkv1-s2=2697
POD_MEM 22:53:41Z current_mib 8888 max_mib 10240 free_mib 1352 pressure_full_avg10 0.0 rss_mib pilot1005-h3-e-350k-c-qkv1-s2=2701
POD_MEM 22:53:46Z current_mib 8888 max_mib 10240 free_mib 1352 pressure_full_avg10 0.0 rss_mib pilot1005-h3-e-350k-c-qkv1-s2=2701
POD_MEM 22:53:51Z current_mib 8888 max_mib 10240 free_mib 1352 pressure_full_avg10 0.0 rss_mib pilot1005-h3-e-350k-c-qkv1-s2=2701
POD_MEM 22:53:56Z current_mib 8889 max_mib 10240 free_mib 1351 pressure_full_avg10 0.0 rss_mib pilot1005-h3-e-350k-c-qkv1-s2=2701
POD_MEM 22:54:01Z current_mib 8889 max_mib 10240 free_mib 1351 pressure_full_avg10 0.0 rss_mib pilot1005-h3-e-350k-c-qkv1-s2=2701
POD_MEM 22:54:06Z current_mib 8889 max_mib 10240 free_mib 1351 pressure_full_avg10 0.0 rss_mib pilot1005-h3-e-350k-c-qkv1-s2=2701
GPU_SAMPLE 2026-10-05T22:54:10Z 16,4388,24576
POD_MEM 22:54:11Z current_mib 8889 max_mib 10240 free_mib 1351 pressure_full_avg10 0.0 rss_mib pilot1005-h3-e-350k-c-qkv1-s2=2701
POD_MEM 22:54:16Z current_mib 8889 max_mib 10240 free_mib 1351 pressure_full_avg10 0.0 rss_mib pilot1005-h3-e-350k-c-qkv1-s2=2701
POD_MEM 22:54:21Z current_mib 8889 max_mib 10240 free_mib 1351 pressure_full_avg10 0.0 rss_mib pilot1005-h3-e-350k-c-qkv1-s2=2701
POD_MEM 22:54:26Z current_mib 8890 max_mib 10240 free_mib 1350 pressure_full_avg10 0.0 rss_mib pilot1005-h3-e-350k-c-qkv1-s2=2701
2026/10/05 22:54:26.396, NVIDIA GeForce RTX 3090, 0 %, 4388 MiB, 24576 MiB
POD_MEM 22:54:31Z current_mib 8890 max_mib 10240 free_mib 1350 pressure_full_avg10 0.0 rss_mib pilot1005-h3-e-350k-c-qkv1-s2=2701
POD_MEM 22:54:36Z current_mib 8890 max_mib 10240 free_mib 1350 pressure_full_avg10 0.0 rss_mib pilot1005-h3-e-350k-c-qkv1-s2=2701
POD_MEM 22:54:41Z current_mib 8890 max_mib 10240 free_mib 1350 pressure_full_avg10 0.0 rss_mib pilot1005-h3-e-350k-c-qkv1-s2=2701
POD_MEM 22:54:46Z current_mib 8897 max_mib 10240 free_mib 1343 pressure_full_avg10 0.0 rss_mib pilot1005-h3-e-350k-c-qkv1-s2=2707
POD_MEM 22:54:51Z current_mib 8896 max_mib 10240 free_mib 1344 pressure_full_avg10 0.0 rss_mib pilot1005-h3-e-350k-c-qkv1-s2=2707
POD_MEM 22:54:56Z current_mib 8896 max_mib 10240 free_mib 1344 pressure_full_avg10 0.0 rss_mib pilot1005-h3-e-350k-c-qkv1-s2=2707
POD_MEM 22:55:01Z current_mib 8910 max_mib 10240 free_mib 1330 pressure_full_avg10 0.0 rss_mib pilot1005-h3-e-350k-c-qkv1-s2=2721
POD_MEM 22:55:06Z current_mib 8910 max_mib 10240 free_mib 1330 pressure_full_avg10 0.0 rss_mib pilot1005-h3-e-350k-c-qkv1-s2=2721
GPU_SAMPLE 2026-10-05T22:55:10Z 100,4388,24576
POD_MEM 22:55:11Z current_mib 8910 max_mib 10240 free_mib 1330 pressure_full_avg10 0.0 rss_mib pilot1005-h3-e-350k-c-qkv1-s2=2721
POD_MEM 22:55:16Z current_mib 8912 max_mib 10240 free_mib 1328 pressure_full_avg10 0.0 rss_mib pilot1005-h3-e-350k-c-qkv1-s2=2722
POD_MEM 22:55:21Z current_mib 8912 max_mib 10240 free_mib 1328 pressure_full_avg10 0.0 rss_mib pilot1005-h3-e-350k-c-qkv1-s2=2722
POD_MEM 22:55:26Z current_mib 8912 max_mib 10240 free_mib 1328 pressure_full_avg10 0.0 rss_mib pilot1005-h3-e-350k-c-qkv1-s2=2722
2026/10/05 22:55:26.442, NVIDIA GeForce RTX 3090, 99 %, 4388 MiB, 24576 MiB
POD_MEM 22:55:31Z current_mib 8913 max_mib 10240 free_mib 1327 pressure_full_avg10 0.0 rss_mib pilot1005-h3-e-350k-c-qkv1-s2=2722
POD_MEM 22:55:36Z current_mib 8913 max_mib 10240 free_mib 1327 pressure_full_avg10 0.0 rss_mib pilot1005-h3-e-350k-c-qkv1-s2=2722
POD_MEM 22:55:41Z current_mib 8913 max_mib 10240 free_mib 1327 pressure_full_avg10 0.0 rss_mib pilot1005-h3-e-350k-c-qkv1-s2=2722
POD_MEM 22:55:46Z current_mib 8912 max_mib 10240 free_mib 1328 pressure_full_avg10 0.0 rss_mib pilot1005-h3-e-350k-c-qkv1-s2=2722
POD_MEM 22:55:51Z current_mib 8913 max_mib 10240 free_mib 1327 pressure_full_avg10 0.0 rss_mib pilot1005-h3-e-350k-c-qkv1-s2=2722
POD_MEM 22:55:56Z current_mib 8913 max_mib 10240 free_mib 1327 pressure_full_avg10 0.0 rss_mib pilot1005-h3-e-350k-c-qkv1-s2=2722
POD_MEM 22:56:01Z current_mib 8913 max_mib 10240 free_mib 1327 pressure_full_avg10 0.0 rss_mib pilot1005-h3-e-350k-c-qkv1-s2=2722
POD_MEM 22:56:06Z current_mib 8913 max_mib 10240 free_mib 1327 pressure_full_avg10 0.0 rss_mib pilot1005-h3-e-350k-c-qkv1-s2=2722
GPU_SAMPLE 2026-10-05T22:56:10Z 25,4388,24576
POD_MEM 22:56:11Z current_mib 8913 max_mib 10240 free_mib 1327 pressure_full_avg10 0.0 rss_mib pilot1005-h3-e-350k-c-qkv1-s2=2722
POD_MEM 22:56:16Z current_mib 8913 max_mib 10240 free_mib 1327 pressure_full_avg10 0.0 rss_mib pilot1005-h3-e-350k-c-qkv1-s2=2722
POD_MEM 22:56:21Z current_mib 8913 max_mib 10240 free_mib 1327 pressure_full_avg10 0.0 rss_mib pilot1005-h3-e-350k-c-qkv1-s2=2722
POD_MEM 22:56:26Z current_mib 8913 max_mib 10240 free_mib 1327 pressure_full_avg10 0.0 rss_mib pilot1005-h3-e-350k-c-qkv1-s2=2722
2026/10/05 22:56:26.489, NVIDIA GeForce RTX 3090, 25 %, 4388 MiB, 24576 MiB
POD_MEM 22:56:31Z current_mib 8913 max_mib 10240 free_mib 1327 pressure_full_avg10 0.0 rss_mib pilot1005-h3-e-350k-c-qkv1-s2=2722
POD_MEM 22:56:36Z current_mib 8913 max_mib 10240 free_mib 1327 pressure_full_avg10 0.0 rss_mib pilot1005-h3-e-350k-c-qkv1-s2=2722
POD_MEM 22:56:41Z current_mib 8913 max_mib 10240 free_mib 1327 pressure_full_avg10 0.0 rss_mib pilot1005-h3-e-350k-c-qkv1-s2=2722
POD_MEM 22:56:46Z current_mib 8922 max_mib 10240 free_mib 1318 pressure_full_avg10 0.0 rss_mib pilot1005-h3-e-350k-c-qkv1-s2=2730
POD_MEM 22:56:51Z current_mib 8922 max_mib 10240 free_mib 1318 pressure_full_avg10 0.0 rss_mib pilot1005-h3-e-350k-c-qkv1-s2=2730
POD_MEM 22:56:56Z current_mib 8922 max_mib 10240 free_mib 1318 pressure_full_avg10 0.0 rss_mib pilot1005-h3-e-350k-c-qkv1-s2=2730
POD_MEM 22:57:01Z current_mib 8921 max_mib 10240 free_mib 1319 pressure_full_avg10 0.0 rss_mib pilot1005-h3-e-350k-c-qkv1-s2=2730
POD_MEM 22:57:06Z current_mib 8922 max_mib 10240 free_mib 1318 pressure_full_avg10 0.0 rss_mib pilot1005-h3-e-350k-c-qkv1-s2=2730
GPU_SAMPLE 2026-10-05T22:57:10Z 99,4388,24576
POD_MEM 22:57:11Z current_mib 8922 max_mib 10240 free_mib 1318 pressure_full_avg10 0.0 rss_mib pilot1005-h3-e-350k-c-qkv1-s2=2730
POD_MEM 22:57:16Z current_mib 8922 max_mib 10240 free_mib 1318 pressure_full_avg10 0.0 rss_mib pilot1005-h3-e-350k-c-qkv1-s2=2730
POD_MEM 22:57:21Z current_mib 8925 max_mib 10240 free_mib 1315 pressure_full_avg10 0.0 rss_mib pilot1005-h3-e-350k-c-qkv1-s2=2733
POD_MEM 22:57:26Z current_mib 8925 max_mib 10240 free_mib 1315 pressure_full_avg10 0.0 rss_mib pilot1005-h3-e-350k-c-qkv1-s2=2733
2026/10/05 22:57:26.535, NVIDIA GeForce RTX 3090, 99 %, 4388 MiB, 24576 MiB
POD_MEM 22:57:31Z current_mib 8925 max_mib 10240 free_mib 1315 pressure_full_avg10 0.0 rss_mib pilot1005-h3-e-350k-c-qkv1-s2=2733
POD_MEM 22:57:36Z current_mib 8925 max_mib 10240 free_mib 1315 pressure_full_avg10 0.0 rss_mib pilot1005-h3-e-350k-c-qkv1-s2=2725
POD_MEM 22:57:41Z current_mib 8922 max_mib 10240 free_mib 1318 pressure_full_avg10 0.0 rss_mib pilot1005-h3-e-350k-c-qkv1-s2=2725
POD_MEM 22:57:46Z current_mib 8922 max_mib 10240 free_mib 1318 pressure_full_avg10 0.0 rss_mib pilot1005-h3-e-350k-c-qkv1-s2=2725
POD_MEM 22:57:51Z current_mib 8926 max_mib 10240 free_mib 1314 pressure_full_avg10 0.0 rss_mib pilot1005-h3-e-350k-c-qkv1-s2=2731
POD_MEM 22:57:56Z current_mib 8925 max_mib 10240 free_mib 1315 pressure_full_avg10 0.0 rss_mib pilot1005-h3-e-350k-c-qkv1-s2=2731
POD_MEM 22:58:01Z current_mib 8925 max_mib 10240 free_mib 1315 pressure_full_avg10 0.0 rss_mib pilot1005-h3-e-350k-c-qkv1-s2=2731
POD_MEM 22:58:06Z current_mib 8925 max_mib 10240 free_mib 1315 pressure_full_avg10 0.0 rss_mib pilot1005-h3-e-350k-c-qkv1-s2=2731
GPU_SAMPLE 2026-10-05T22:58:10Z 99,4388,24576
POD_MEM 22:58:11Z current_mib 8927 max_mib 10240 free_mib 1313 pressure_full_avg10 0.0 rss_mib pilot1005-h3-e-350k-c-qkv1-s2=2731
POD_MEM 22:58:16Z current_mib 8927 max_mib 10240 free_mib 1313 pressure_full_avg10 0.0 rss_mib pilot1005-h3-e-350k-c-qkv1-s2=2731
POD_MEM 22:58:21Z current_mib 8927 max_mib 10240 free_mib 1313 pressure_full_avg10 0.0 rss_mib pilot1005-h3-e-350k-c-qkv1-s2=2731
POD_MEM 22:58:26Z current_mib 8927 max_mib 10240 free_mib 1313 pressure_full_avg10 0.0 rss_mib pilot1005-h3-e-350k-c-qkv1-s2=2731
2026/10/05 22:58:26.582, NVIDIA GeForce RTX 3090, 99 %, 4388 MiB, 24576 MiB
POD_MEM 22:58:31Z current_mib 8927 max_mib 10240 free_mib 1313 pressure_full_avg10 0.0 rss_mib pilot1005-h3-e-350k-c-qkv1-s2=2731
POD_MEM 22:58:36Z current_mib 8927 max_mib 10240 free_mib 1313 pressure_full_avg10 0.0 rss_mib pilot1005-h3-e-350k-c-qkv1-s2=2731
POD_MEM 22:58:41Z current_mib 8928 max_mib 10240 free_mib 1312 pressure_full_avg10 0.0 rss_mib pilot1005-h3-e-350k-c-qkv1-s2=2732
POD_MEM 22:58:46Z current_mib 8928 max_mib 10240 free_mib 1312 pressure_full_avg10 0.0 rss_mib pilot1005-h3-e-350k-c-qkv1-s2=2732
POD_MEM 22:58:51Z current_mib 8928 max_mib 10240 free_mib 1312 pressure_full_avg10 0.0 rss_mib pilot1005-h3-e-350k-c-qkv1-s2=2732
POD_MEM 22:58:56Z current_mib 8928 max_mib 10240 free_mib 1312 pressure_full_avg10 0.0 rss_mib pilot1005-h3-e-350k-c-qkv1-s2=2732
POD_MEM 22:59:01Z current_mib 8929 max_mib 10240 free_mib 1311 pressure_full_avg10 0.0 rss_mib pilot1005-h3-e-350k-c-qkv1-s2=2733
POD_MEM 22:59:06Z current_mib 8929 max_mib 10240 free_mib 1311 pressure_full_avg10 0.0 rss_mib pilot1005-h3-e-350k-c-qkv1-s2=2733
GPU_SAMPLE 2026-10-05T22:59:10Z 99,4388,24576
POD_MEM 22:59:11Z current_mib 8929 max_mib 10240 free_mib 1311 pressure_full_avg10 0.0 rss_mib pilot1005-h3-e-350k-c-qkv1-s2=2733
POD_MEM 22:59:16Z current_mib 8931 max_mib 10240 free_mib 1309 pressure_full_avg10 0.0 rss_mib pilot1005-h3-e-350k-c-qkv1-s2=2733
POD_MEM 22:59:21Z current_mib 8931 max_mib 10240 free_mib 1309 pressure_full_avg10 0.0 rss_mib pilot1005-h3-e-350k-c-qkv1-s2=2733
POD_MEM 22:59:26Z current_mib 8931 max_mib 10240 free_mib 1309 pressure_full_avg10 0.0 rss_mib pilot1005-h3-e-350k-c-qkv1-s2=2733
2026/10/05 22:59:26.630, NVIDIA GeForce RTX 3090, 99 %, 4388 MiB, 24576 MiB
POD_MEM 22:59:31Z current_mib 8931 max_mib 10240 free_mib 1309 pressure_full_avg10 0.0 rss_mib pilot1005-h3-e-350k-c-qkv1-s2=2733
POD_MEM 22:59:36Z current_mib 8931 max_mib 10240 free_mib 1309 pressure_full_avg10 0.0 rss_mib pilot1005-h3-e-350k-c-qkv1-s2=2733
POD_MEM 22:59:41Z current_mib 8931 max_mib 10240 free_mib 1309 pressure_full_avg10 0.0 rss_mib pilot1005-h3-e-350k-c-qkv1-s2=2733
POD_MEM 22:59:46Z current_mib 8931 max_mib 10240 free_mib 1309 pressure_full_avg10 0.0 rss_mib pilot1005-h3-e-350k-c-qkv1-s2=2733
POD_MEM 22:59:51Z current_mib 8931 max_mib 10240 free_mib 1309 pressure_full_avg10 0.0 rss_mib pilot1005-h3-e-350k-c-qkv1-s2=2733
POD_MEM 22:59:56Z current_mib 8931 max_mib 10240 free_mib 1309 pressure_full_avg10 0.0 rss_mib pilot1005-h3-e-350k-c-qkv1-s2=2733
POD_MEM 23:00:01Z current_mib 8929 max_mib 10240 free_mib 1311 pressure_full_avg10 0.0 rss_mib pilot1005-h3-e-350k-c-qkv1-s2=2733
POD_MEM 23:00:06Z current_mib 8929 max_mib 10240 free_mib 1311 pressure_full_avg10 0.0 rss_mib pilot1005-h3-e-350k-c-qkv1-s2=2733
GPU_SAMPLE 2026-10-05T23:00:10Z 0,4388,24576
POD_MEM 23:00:11Z current_mib 8929 max_mib 10240 free_mib 1311 pressure_full_avg10 0.0 rss_mib pilot1005-h3-e-350k-c-qkv1-s2=2733
POD_MEM 23:00:16Z current_mib 8930 max_mib 10240 free_mib 1310 pressure_full_avg10 0.0 rss_mib pilot1005-h3-e-350k-c-qkv1-s2=2734
POD_MEM 23:00:21Z current_mib 8930 max_mib 10240 free_mib 1310 pressure_full_avg10 0.0 rss_mib pilot1005-h3-e-350k-c-qkv1-s2=2734
POD_MEM 23:00:26Z current_mib 8930 max_mib 10240 free_mib 1310 pressure_full_avg10 0.0 rss_mib pilot1005-h3-e-350k-c-qkv1-s2=2734
2026/10/05 23:00:26.678, NVIDIA GeForce RTX 3090, 99 %, 4388 MiB, 24576 MiB
POD_MEM 23:00:31Z current_mib 8931 max_mib 10240 free_mib 1309 pressure_full_avg10 0.0 rss_mib pilot1005-h3-e-350k-c-qkv1-s2=2734
POD_MEM 23:00:36Z current_mib 8931 max_mib 10240 free_mib 1309 pressure_full_avg10 0.0 rss_mib pilot1005-h3-e-350k-c-qkv1-s2=2734
POD_MEM 23:00:41Z current_mib 8931 max_mib 10240 free_mib 1309 pressure_full_avg10 0.0 rss_mib pilot1005-h3-e-350k-c-qkv1-s2=2734
POD_MEM 23:00:46Z current_mib 8931 max_mib 10240 free_mib 1309 pressure_full_avg10 0.0 rss_mib pilot1005-h3-e-350k-c-qkv1-s2=2734
POD_MEM 23:00:51Z current_mib 8931 max_mib 10240 free_mib 1309 pressure_full_avg10 0.0 rss_mib pilot1005-h3-e-350k-c-qkv1-s2=2734
POD_MEM 23:00:56Z current_mib 8931 max_mib 10240 free_mib 1309 pressure_full_avg10 0.0 rss_mib pilot1005-h3-e-350k-c-qkv1-s2=2734
POD_MEM 23:01:01Z current_mib 8933 max_mib 10240 free_mib 1307 pressure_full_avg10 0.0 rss_mib pilot1005-h3-e-350k-c-qkv1-s2=2735
POD_MEM 23:01:06Z current_mib 8933 max_mib 10240 free_mib 1307 pressure_full_avg10 0.0 rss_mib pilot1005-h3-e-350k-c-qkv1-s2=2735
GPU_SAMPLE 2026-10-05T23:01:10Z 99,4388,24576
POD_MEM 23:01:11Z current_mib 8933 max_mib 10240 free_mib 1307 pressure_full_avg10 0.0 rss_mib pilot1005-h3-e-350k-c-qkv1-s2=2735
POD_MEM 23:01:16Z current_mib 8932 max_mib 10240 free_mib 1308 pressure_full_avg10 0.0 rss_mib pilot1005-h3-e-350k-c-qkv1-s2=2735
POD_MEM 23:01:21Z current_mib 8933 max_mib 10240 free_mib 1307 pressure_full_avg10 0.0 rss_mib pilot1005-h3-e-350k-c-qkv1-s2=2735
POD_MEM 23:01:26Z current_mib 8933 max_mib 10240 free_mib 1307 pressure_full_avg10 0.0 rss_mib pilot1005-h3-e-350k-c-qkv1-s2=2735
2026/10/05 23:01:26.727, NVIDIA GeForce RTX 3090, 99 %, 4388 MiB, 24576 MiB
POD_MEM 23:01:31Z current_mib 8933 max_mib 10240 free_mib 1307 pressure_full_avg10 0.0 rss_mib pilot1005-h3-e-350k-c-qkv1-s2=2735
POD_MEM 23:01:36Z current_mib 8934 max_mib 10240 free_mib 1306 pressure_full_avg10 0.0 rss_mib pilot1005-h3-e-350k-c-qkv1-s2=2735
POD_MEM 23:01:41Z current_mib 8934 max_mib 10240 free_mib 1306 pressure_full_avg10 0.0 rss_mib pilot1005-h3-e-350k-c-qkv1-s2=2735
POD_MEM 23:01:46Z current_mib 8934 max_mib 10240 free_mib 1306 pressure_full_avg10 0.0 rss_mib pilot1005-h3-e-350k-c-qkv1-s2=2735
POD_MEM 23:01:51Z current_mib 9006 max_mib 10240 free_mib 1234 pressure_full_avg10 0.0 rss_mib pilot1005-h3-e-350k-c-qkv1-s2=2809
POD_MEM 23:01:56Z current_mib 8941 max_mib 10240 free_mib 1299 pressure_full_avg10 0.0 rss_mib pilot1005-h3-e-350k-c-qkv1-s2=2742
POD_MEM 23:02:01Z current_mib 8941 max_mib 10240 free_mib 1299 pressure_full_avg10 0.0 rss_mib pilot1005-h3-e-350k-c-qkv1-s2=2742
POD_MEM 23:02:06Z current_mib 8941 max_mib 10240 free_mib 1299 pressure_full_avg10 0.0 rss_mib pilot1005-h3-e-350k-c-qkv1-s2=2742
GPU_SAMPLE 2026-10-05T23:02:10Z 100,4388,24576
POD_MEM 23:02:11Z current_mib 8942 max_mib 10240 free_mib 1298 pressure_full_avg10 0.0 rss_mib pilot1005-h3-e-350k-c-qkv1-s2=2742
POD_MEM 23:02:16Z current_mib 8942 max_mib 10240 free_mib 1298 pressure_full_avg10 0.0 rss_mib pilot1005-h3-e-350k-c-qkv1-s2=2742
POD_MEM 23:02:21Z current_mib 8942 max_mib 10240 free_mib 1298 pressure_full_avg10 0.0 rss_mib pilot1005-h3-e-350k-c-qkv1-s2=2742
POD_MEM 23:02:26Z current_mib 8942 max_mib 10240 free_mib 1298 pressure_full_avg10 0.0 rss_mib pilot1005-h3-e-350k-c-qkv1-s2=2742
2026/10/05 23:02:26.774, NVIDIA GeForce RTX 3090, 99 %, 4388 MiB, 24576 MiB
POD_MEM 23:02:31Z current_mib 8942 max_mib 10240 free_mib 1298 pressure_full_avg10 0.0 rss_mib pilot1005-h3-e-350k-c-qkv1-s2=2742
POD_MEM 23:02:36Z current_mib 8942 max_mib 10240 free_mib 1298 pressure_full_avg10 0.0 rss_mib pilot1005-h3-e-350k-c-qkv1-s2=2742
POD_MEM 23:02:41Z current_mib 8946 max_mib 10240 free_mib 1294 pressure_full_avg10 0.0 rss_mib pilot1005-h3-e-350k-c-qkv1-s2=2745
POD_MEM 23:02:46Z current_mib 8946 max_mib 10240 free_mib 1294 pressure_full_avg10 0.0 rss_mib pilot1005-h3-e-350k-c-qkv1-s2=2745
POD_MEM 23:02:51Z current_mib 8946 max_mib 10240 free_mib 1294 pressure_full_avg10 0.0 rss_mib pilot1005-h3-e-350k-c-qkv1-s2=2745
POD_MEM 23:02:56Z current_mib 8946 max_mib 10240 free_mib 1294 pressure_full_avg10 0.0 rss_mib pilot1005-h3-e-350k-c-qkv1-s2=2745
POD_MEM 23:03:01Z current_mib 8946 max_mib 10240 free_mib 1294 pressure_full_avg10 0.0 rss_mib pilot1005-h3-e-350k-c-qkv1-s2=2745
POD_MEM 23:03:06Z current_mib 8946 max_mib 10240 free_mib 1294 pressure_full_avg10 0.0 rss_mib pilot1005-h3-e-350k-c-qkv1-s2=2745
GPU_SAMPLE 2026-10-05T23:03:10Z 12,4388,24576
POD_MEM 23:03:11Z current_mib 8946 max_mib 10240 free_mib 1294 pressure_full_avg10 0.0 rss_mib pilot1005-h3-e-350k-c-qkv1-s2=2745
POD_MEM 23:03:16Z current_mib 8948 max_mib 10240 free_mib 1292 pressure_full_avg10 0.0 rss_mib pilot1005-h3-e-350k-c-qkv1-s2=2747
POD_MEM 23:03:21Z current_mib 8948 max_mib 10240 free_mib 1292 pressure_full_avg10 0.0 rss_mib pilot1005-h3-e-350k-c-qkv1-s2=2747
POD_MEM 23:03:26Z current_mib 8948 max_mib 10240 free_mib 1292 pressure_full_avg10 0.0 rss_mib pilot1005-h3-e-350k-c-qkv1-s2=2747
2026/10/05 23:03:26.819, NVIDIA GeForce RTX 3090, 12 %, 4388 MiB, 24576 MiB
POD_MEM 23:03:31Z current_mib 8948 max_mib 10240 free_mib 1292 pressure_full_avg10 0.0 rss_mib pilot1005-h3-e-350k-c-qkv1-s2=2747
POD_MEM 23:03:36Z current_mib 8948 max_mib 10240 free_mib 1292 pressure_full_avg10 0.0 rss_mib pilot1005-h3-e-350k-c-qkv1-s2=2747
POD_MEM 23:03:41Z current_mib 8951 max_mib 10240 free_mib 1289 pressure_full_avg10 0.0 rss_mib pilot1005-h3-e-350k-c-qkv1-s2=2750
POD_MEM 23:03:46Z current_mib 8951 max_mib 10240 free_mib 1289 pressure_full_avg10 0.0 rss_mib pilot1005-h3-e-350k-c-qkv1-s2=2750
POD_MEM 23:03:51Z current_mib 8951 max_mib 10240 free_mib 1289 pressure_full_avg10 0.0 rss_mib pilot1005-h3-e-350k-c-qkv1-s2=2750
POD_MEM 23:03:56Z current_mib 8951 max_mib 10240 free_mib 1289 pressure_full_avg10 0.0 rss_mib pilot1005-h3-e-350k-c-qkv1-s2=2750
POD_MEM 23:04:01Z current_mib 8951 max_mib 10240 free_mib 1289 pressure_full_avg10 0.0 rss_mib pilot1005-h3-e-350k-c-qkv1-s2=2750
POD_MEM 23:04:06Z current_mib 8951 max_mib 10240 free_mib 1289 pressure_full_avg10 0.0 rss_mib pilot1005-h3-e-350k-c-qkv1-s2=2750
MONITOR CANARY_LOSS pilot1005-h3-e-350k-c-qkv1-s2 PASS
MONITOR CANARY_TRACE pilot1005-h3-e-350k-c-qkv1-s2 PASS
MONITOR CANARY_PID_FIRST pilot1005-h3-e-350k-c-qkv1-s2 PASS
MONITOR CONTROLLER_AUDIT pilot1005-h3-e-350k-c-qkv1-s2 PASS 0
GPU_SAMPLE 2026-10-05T23:04:10Z 2,4388,24576
POD_MEM 23:04:11Z current_mib 8952 max_mib 10240 free_mib 1288 pressure_full_avg10 0.0 rss_mib pilot1005-h3-e-350k-c-qkv1-s2=2750
POD_MEM 23:04:16Z current_mib 8952 max_mib 10240 free_mib 1288 pressure_full_avg10 0.0 rss_mib pilot1005-h3-e-350k-c-qkv1-s2=2750
POD_MEM 23:04:21Z current_mib 8952 max_mib 10240 free_mib 1288 pressure_full_avg10 0.0 rss_mib pilot1005-h3-e-350k-c-qkv1-s2=2750
POD_MEM 23:04:26Z current_mib 8952 max_mib 10240 free_mib 1288 pressure_full_avg10 0.0 rss_mib pilot1005-h3-e-350k-c-qkv1-s2=2750
2026/10/05 23:04:26.864, NVIDIA GeForce RTX 3090, 0 %, 4388 MiB, 24576 MiB
POD_MEM 23:04:31Z current_mib 8953 max_mib 10240 free_mib 1287 pressure_full_avg10 0.0 rss_mib pilot1005-h3-e-350k-c-qkv1-s2=2750
POD_MEM 23:04:36Z current_mib 8953 max_mib 10240 free_mib 1287 pressure_full_avg10 0.0 rss_mib pilot1005-h3-e-350k-c-qkv1-s2=2750
POD_MEM 23:04:41Z current_mib 8952 max_mib 10240 free_mib 1288 pressure_full_avg10 0.0 rss_mib pilot1005-h3-e-350k-c-qkv1-s2=2750
POD_MEM 23:04:46Z current_mib 8953 max_mib 10240 free_mib 1287 pressure_full_avg10 0.0 rss_mib pilot1005-h3-e-350k-c-qkv1-s2=2750
POD_MEM 23:04:51Z current_mib 8953 max_mib 10240 free_mib 1287 pressure_full_avg10 0.0 rss_mib pilot1005-h3-e-350k-c-qkv1-s2=2750
POD_MEM 23:04:56Z current_mib 8953 max_mib 10240 free_mib 1287 pressure_full_avg10 0.0 rss_mib pilot1005-h3-e-350k-c-qkv1-s2=2750
POD_MEM 23:05:01Z current_mib 8954 max_mib 10240 free_mib 1286 pressure_full_avg10 0.0 rss_mib pilot1005-h3-e-350k-c-qkv1-s2=2751
POD_MEM 23:05:06Z current_mib 8954 max_mib 10240 free_mib 1286 pressure_full_avg10 0.0 rss_mib pilot1005-h3-e-350k-c-qkv1-s2=2751
GPU_SAMPLE 2026-10-05T23:05:10Z 99,4388,24576
POD_MEM 23:05:11Z current_mib 8955 max_mib 10240 free_mib 1285 pressure_full_avg10 0.0 rss_mib pilot1005-h3-e-350k-c-qkv1-s2=2751
POD_MEM 23:05:16Z current_mib 8957 max_mib 10240 free_mib 1283 pressure_full_avg10 0.0 rss_mib pilot1005-h3-e-350k-c-qkv1-s2=2753
POD_MEM 23:05:21Z current_mib 8950 max_mib 10240 free_mib 1290 pressure_full_avg10 0.0 rss_mib pilot1005-h3-e-350k-c-qkv1-s2=2736
POD_MEM 23:05:26Z current_mib 8950 max_mib 10240 free_mib 1290 pressure_full_avg10 0.0 rss_mib pilot1005-h3-e-350k-c-qkv1-s2=2736
2026/10/05 23:05:26.910, NVIDIA GeForce RTX 3090, 99 %, 4388 MiB, 24576 MiB
POD_MEM 23:05:31Z current_mib 8952 max_mib 10240 free_mib 1288 pressure_full_avg10 0.0 rss_mib pilot1005-h3-e-350k-c-qkv1-s2=2739
POD_MEM 23:05:36Z current_mib 8959 max_mib 10240 free_mib 1281 pressure_full_avg10 0.0 rss_mib pilot1005-h3-e-350k-c-qkv1-s2=2746
POD_MEM 23:05:41Z current_mib 8959 max_mib 10240 free_mib 1281 pressure_full_avg10 0.0 rss_mib pilot1005-h3-e-350k-c-qkv1-s2=2746
POD_MEM 23:05:46Z current_mib 8959 max_mib 10240 free_mib 1281 pressure_full_avg10 0.0 rss_mib pilot1005-h3-e-350k-c-qkv1-s2=2746
POD_MEM 23:05:51Z current_mib 8958 max_mib 10240 free_mib 1282 pressure_full_avg10 0.0 rss_mib pilot1005-h3-e-350k-c-qkv1-s2=2749
POD_MEM 23:05:56Z current_mib 8958 max_mib 10240 free_mib 1282 pressure_full_avg10 0.0 rss_mib pilot1005-h3-e-350k-c-qkv1-s2=2749
POD_MEM 23:06:01Z current_mib 8954 max_mib 10240 free_mib 1286 pressure_full_avg10 0.0 rss_mib pilot1005-h3-e-350k-c-qkv1-s2=2749
POD_MEM 23:06:06Z current_mib 8955 max_mib 10240 free_mib 1285 pressure_full_avg10 0.0 rss_mib pilot1005-h3-e-350k-c-qkv1-s2=2750
GPU_SAMPLE 2026-10-05T23:06:10Z 100,4388,24576
POD_MEM 23:06:11Z current_mib 8955 max_mib 10240 free_mib 1285 pressure_full_avg10 0.0 rss_mib pilot1005-h3-e-350k-c-qkv1-s2=2750
POD_MEM 23:06:16Z current_mib 8955 max_mib 10240 free_mib 1285 pressure_full_avg10 0.0 rss_mib pilot1005-h3-e-350k-c-qkv1-s2=2750
POD_MEM 23:06:21Z current_mib 8955 max_mib 10240 free_mib 1285 pressure_full_avg10 0.0 rss_mib pilot1005-h3-e-350k-c-qkv1-s2=2750
POD_MEM 23:06:26Z current_mib 8955 max_mib 10240 free_mib 1285 pressure_full_avg10 0.0 rss_mib pilot1005-h3-e-350k-c-qkv1-s2=2750
2026/10/05 23:06:26.957, NVIDIA GeForce RTX 3090, 10 %, 4388 MiB, 24576 MiB
POD_MEM 23:06:31Z current_mib 8955 max_mib 10240 free_mib 1285 pressure_full_avg10 0.0 rss_mib pilot1005-h3-e-350k-c-qkv1-s2=2750
POD_MEM 23:06:36Z current_mib 8955 max_mib 10240 free_mib 1285 pressure_full_avg10 0.0 rss_mib pilot1005-h3-e-350k-c-qkv1-s2=2750
POD_MEM 23:06:41Z current_mib 8955 max_mib 10240 free_mib 1285 pressure_full_avg10 0.0 rss_mib pilot1005-h3-e-350k-c-qkv1-s2=2750
POD_MEM 23:06:46Z current_mib 8955 max_mib 10240 free_mib 1285 pressure_full_avg10 0.0 rss_mib pilot1005-h3-e-350k-c-qkv1-s2=2750
POD_MEM 23:06:51Z current_mib 8955 max_mib 10240 free_mib 1285 pressure_full_avg10 0.0 rss_mib pilot1005-h3-e-350k-c-qkv1-s2=2750
POD_MEM 23:06:56Z current_mib 8955 max_mib 10240 free_mib 1285 pressure_full_avg10 0.0 rss_mib pilot1005-h3-e-350k-c-qkv1-s2=2750
POD_MEM 23:07:01Z current_mib 8955 max_mib 10240 free_mib 1285 pressure_full_avg10 0.0 rss_mib pilot1005-h3-e-350k-c-qkv1-s2=2750
POD_MEM 23:07:06Z current_mib 8959 max_mib 10240 free_mib 1281 pressure_full_avg10 0.0 rss_mib pilot1005-h3-e-350k-c-qkv1-s2=2752
GPU_SAMPLE 2026-10-05T23:07:10Z 99,4388,24576
POD_MEM 23:07:11Z current_mib 8959 max_mib 10240 free_mib 1281 pressure_full_avg10 0.0 rss_mib pilot1005-h3-e-350k-c-qkv1-s2=2752
POD_MEM 23:07:16Z current_mib 8959 max_mib 10240 free_mib 1281 pressure_full_avg10 0.0 rss_mib pilot1005-h3-e-350k-c-qkv1-s2=2752
POD_MEM 23:07:21Z current_mib 8959 max_mib 10240 free_mib 1281 pressure_full_avg10 0.0 rss_mib pilot1005-h3-e-350k-c-qkv1-s2=2752
POD_MEM 23:07:26Z current_mib 8959 max_mib 10240 free_mib 1281 pressure_full_avg10 0.0 rss_mib pilot1005-h3-e-350k-c-qkv1-s2=2752
2026/10/05 23:07:27.003, NVIDIA GeForce RTX 3090, 99 %, 4388 MiB, 24576 MiB
POD_MEM 23:07:32Z current_mib 8959 max_mib 10240 free_mib 1281 pressure_full_avg10 0.0 rss_mib pilot1005-h3-e-350k-c-qkv1-s2=2752
POD_MEM 23:07:37Z current_mib 8960 max_mib 10240 free_mib 1280 pressure_full_avg10 0.0 rss_mib pilot1005-h3-e-350k-c-qkv1-s2=2752
POD_MEM 23:07:42Z current_mib 8960 max_mib 10240 free_mib 1280 pressure_full_avg10 0.0 rss_mib pilot1005-h3-e-350k-c-qkv1-s2=2752
POD_MEM 23:07:47Z current_mib 8960 max_mib 10240 free_mib 1280 pressure_full_avg10 0.0 rss_mib pilot1005-h3-e-350k-c-qkv1-s2=2752
POD_MEM 23:07:52Z current_mib 8960 max_mib 10240 free_mib 1280 pressure_full_avg10 0.0 rss_mib pilot1005-h3-e-350k-c-qkv1-s2=2752
POD_MEM 23:07:57Z current_mib 8960 max_mib 10240 free_mib 1280 pressure_full_avg10 0.0 rss_mib pilot1005-h3-e-350k-c-qkv1-s2=2752
POD_MEM 23:08:02Z current_mib 8960 max_mib 10240 free_mib 1280 pressure_full_avg10 0.0 rss_mib pilot1005-h3-e-350k-c-qkv1-s2=2752
POD_MEM 23:08:07Z current_mib 8960 max_mib 10240 free_mib 1280 pressure_full_avg10 0.0 rss_mib pilot1005-h3-e-350k-c-qkv1-s2=2752
GPU_SAMPLE 2026-10-05T23:08:10Z 99,4388,24576
POD_MEM 23:08:12Z current_mib 8961 max_mib 10240 free_mib 1279 pressure_full_avg10 0.0 rss_mib pilot1005-h3-e-350k-c-qkv1-s2=2753
POD_MEM 23:08:17Z current_mib 8961 max_mib 10240 free_mib 1279 pressure_full_avg10 0.0 rss_mib pilot1005-h3-e-350k-c-qkv1-s2=2753
POD_MEM 23:08:22Z current_mib 8961 max_mib 10240 free_mib 1279 pressure_full_avg10 0.0 rss_mib pilot1005-h3-e-350k-c-qkv1-s2=2753
POD_MEM 23:08:27Z current_mib 8962 max_mib 10240 free_mib 1278 pressure_full_avg10 0.0 rss_mib pilot1005-h3-e-350k-c-qkv1-s2=2753
2026/10/05 23:08:27.052, NVIDIA GeForce RTX 3090, 99 %, 4388 MiB, 24576 MiB
POD_MEM 23:08:32Z current_mib 8962 max_mib 10240 free_mib 1278 pressure_full_avg10 0.0 rss_mib pilot1005-h3-e-350k-c-qkv1-s2=2753
POD_MEM 23:08:37Z current_mib 8962 max_mib 10240 free_mib 1278 pressure_full_avg10 0.0 rss_mib pilot1005-h3-e-350k-c-qkv1-s2=2753
POD_MEM 23:08:42Z current_mib 8962 max_mib 10240 free_mib 1278 pressure_full_avg10 0.0 rss_mib pilot1005-h3-e-350k-c-qkv1-s2=2753
POD_MEM 23:08:47Z current_mib 8962 max_mib 10240 free_mib 1278 pressure_full_avg10 0.0 rss_mib pilot1005-h3-e-350k-c-qkv1-s2=2753
POD_MEM 23:08:52Z current_mib 8962 max_mib 10240 free_mib 1278 pressure_full_avg10 0.0 rss_mib pilot1005-h3-e-350k-c-qkv1-s2=2753
POD_MEM 23:08:57Z current_mib 8964 max_mib 10240 free_mib 1276 pressure_full_avg10 0.0 rss_mib pilot1005-h3-e-350k-c-qkv1-s2=2753
POD_MEM 23:09:02Z current_mib 8964 max_mib 10240 free_mib 1276 pressure_full_avg10 0.0 rss_mib pilot1005-h3-e-350k-c-qkv1-s2=2753
POD_MEM 23:09:07Z current_mib 8964 max_mib 10240 free_mib 1276 pressure_full_avg10 0.0 rss_mib pilot1005-h3-e-350k-c-qkv1-s2=2753
GPU_SAMPLE 2026-10-05T23:09:11Z 3,4388,24576
POD_MEM 23:09:12Z current_mib 8965 max_mib 10240 free_mib 1275 pressure_full_avg10 0.0 rss_mib pilot1005-h3-e-350k-c-qkv1-s2=2754
POD_MEM 23:09:17Z current_mib 8965 max_mib 10240 free_mib 1275 pressure_full_avg10 0.0 rss_mib pilot1005-h3-e-350k-c-qkv1-s2=2754
POD_MEM 23:09:22Z current_mib 8965 max_mib 10240 free_mib 1275 pressure_full_avg10 0.0 rss_mib pilot1005-h3-e-350k-c-qkv1-s2=2754
POD_MEM 23:09:27Z current_mib 8965 max_mib 10240 free_mib 1275 pressure_full_avg10 0.0 rss_mib pilot1005-h3-e-350k-c-qkv1-s2=2754
2026/10/05 23:09:27.098, NVIDIA GeForce RTX 3090, 1 %, 4388 MiB, 24576 MiB
POD_MEM 23:09:32Z current_mib 8966 max_mib 10240 free_mib 1274 pressure_full_avg10 0.0 rss_mib pilot1005-h3-e-350k-c-qkv1-s2=2755
POD_MEM 23:09:37Z current_mib 8966 max_mib 10240 free_mib 1274 pressure_full_avg10 0.0 rss_mib pilot1005-h3-e-350k-c-qkv1-s2=2755
POD_MEM 23:09:42Z current_mib 8966 max_mib 10240 free_mib 1274 pressure_full_avg10 0.0 rss_mib pilot1005-h3-e-350k-c-qkv1-s2=2755
POD_MEM 23:09:47Z current_mib 8966 max_mib 10240 free_mib 1274 pressure_full_avg10 0.0 rss_mib pilot1005-h3-e-350k-c-qkv1-s2=2755
POD_MEM 23:09:52Z current_mib 8966 max_mib 10240 free_mib 1274 pressure_full_avg10 0.0 rss_mib pilot1005-h3-e-350k-c-qkv1-s2=2755
POD_MEM 23:09:57Z current_mib 8966 max_mib 10240 free_mib 1274 pressure_full_avg10 0.0 rss_mib pilot1005-h3-e-350k-c-qkv1-s2=2755
POD_MEM 23:10:02Z current_mib 8966 max_mib 10240 free_mib 1274 pressure_full_avg10 0.0 rss_mib pilot1005-h3-e-350k-c-qkv1-s2=2755
POD_MEM 23:10:07Z current_mib 8966 max_mib 10240 free_mib 1274 pressure_full_avg10 0.0 rss_mib pilot1005-h3-e-350k-c-qkv1-s2=2755
GPU_SAMPLE 2026-10-05T23:10:11Z 9,4388,24576
POD_MEM 23:10:12Z current_mib 8966 max_mib 10240 free_mib 1274 pressure_full_avg10 0.0 rss_mib pilot1005-h3-e-350k-c-qkv1-s2=2755
POD_MEM 23:10:17Z current_mib 8966 max_mib 10240 free_mib 1274 pressure_full_avg10 0.0 rss_mib pilot1005-h3-e-350k-c-qkv1-s2=2755
POD_MEM 23:10:22Z current_mib 8966 max_mib 10240 free_mib 1274 pressure_full_avg10 0.0 rss_mib pilot1005-h3-e-350k-c-qkv1-s2=2755
POD_MEM 23:10:27Z current_mib 8967 max_mib 10240 free_mib 1273 pressure_full_avg10 0.0 rss_mib pilot1005-h3-e-350k-c-qkv1-s2=2755
2026/10/05 23:10:27.143, NVIDIA GeForce RTX 3090, 0 %, 4388 MiB, 24576 MiB
POD_MEM 23:10:32Z current_mib 8967 max_mib 10240 free_mib 1273 pressure_full_avg10 0.0 rss_mib pilot1005-h3-e-350k-c-qkv1-s2=2755
POD_MEM 23:10:37Z current_mib 8967 max_mib 10240 free_mib 1273 pressure_full_avg10 0.0 rss_mib pilot1005-h3-e-350k-c-qkv1-s2=2755
POD_MEM 23:10:42Z current_mib 8967 max_mib 10240 free_mib 1273 pressure_full_avg10 0.0 rss_mib pilot1005-h3-e-350k-c-qkv1-s2=2755
POD_MEM 23:10:47Z current_mib 8967 max_mib 10240 free_mib 1273 pressure_full_avg10 0.0 rss_mib pilot1005-h3-e-350k-c-qkv1-s2=2755
POD_MEM 23:10:52Z current_mib 8967 max_mib 10240 free_mib 1273 pressure_full_avg10 0.0 rss_mib pilot1005-h3-e-350k-c-qkv1-s2=2755
POD_MEM 23:10:57Z current_mib 8967 max_mib 10240 free_mib 1273 pressure_full_avg10 0.0 rss_mib pilot1005-h3-e-350k-c-qkv1-s2=2755
POD_MEM 23:11:02Z current_mib 8969 max_mib 10240 free_mib 1271 pressure_full_avg10 0.0 rss_mib pilot1005-h3-e-350k-c-qkv1-s2=2755
POD_MEM 23:11:07Z current_mib 8969 max_mib 10240 free_mib 1271 pressure_full_avg10 0.0 rss_mib pilot1005-h3-e-350k-c-qkv1-s2=2755
GPU_SAMPLE 2026-10-05T23:11:11Z 99,4388,24576
POD_MEM 23:11:12Z current_mib 8969 max_mib 10240 free_mib 1271 pressure_full_avg10 0.0 rss_mib pilot1005-h3-e-350k-c-qkv1-s2=2755
POD_MEM 23:11:17Z current_mib 8969 max_mib 10240 free_mib 1271 pressure_full_avg10 0.0 rss_mib pilot1005-h3-e-350k-c-qkv1-s2=2755
POD_MEM 23:11:22Z current_mib 8969 max_mib 10240 free_mib 1271 pressure_full_avg10 0.0 rss_mib pilot1005-h3-e-350k-c-qkv1-s2=2755
POD_MEM 23:11:27Z current_mib 8969 max_mib 10240 free_mib 1271 pressure_full_avg10 0.0 rss_mib pilot1005-h3-e-350k-c-qkv1-s2=2755
2026/10/05 23:11:27.189, NVIDIA GeForce RTX 3090, 99 %, 4388 MiB, 24576 MiB
POD_MEM 23:11:32Z current_mib 8969 max_mib 10240 free_mib 1271 pressure_full_avg10 0.0 rss_mib pilot1005-h3-e-350k-c-qkv1-s2=2755
POD_MEM 23:11:37Z current_mib 8970 max_mib 10240 free_mib 1270 pressure_full_avg10 0.0 rss_mib pilot1005-h3-e-350k-c-qkv1-s2=2755
POD_MEM 23:11:42Z current_mib 8970 max_mib 10240 free_mib 1270 pressure_full_avg10 0.0 rss_mib pilot1005-h3-e-350k-c-qkv1-s2=2755
POD_MEM 23:11:47Z current_mib 8970 max_mib 10240 free_mib 1270 pressure_full_avg10 0.0 rss_mib pilot1005-h3-e-350k-c-qkv1-s2=2755
POD_MEM 23:11:52Z current_mib 8953 max_mib 10240 free_mib 1287 pressure_full_avg10 0.0 rss_mib pilot1005-h3-e-350k-c-qkv1-s2=2756
POD_MEM 23:11:57Z current_mib 7322 max_mib 10240 free_mib 2918 pressure_full_avg10 0.0 rss_mib pilot1005-h3-e-350k-c-qkv1-s2=na
ARM_EXIT pilot1005-h3-e-350k-c-qkv1-s2 5 attempt 0
ARM_LOG [epoch 32/7000] EBOPs=untraced in_training_ebops=1137508 target=350000 beta=1.5e-07 val_AUC=0.851947 val_accuracy=0.576887 seconds=15.9 checkpoint=- ebops_trace_seconds=0.00 ebops_trace_over_epoch=0.003 loss=1.300375 host_rss_mb=2612
ARM_LOG [epoch 33/7000] EBOPs=untraced in_training_ebops=959976 target=350000 beta=1.5e-07 val_AUC=0.839782 val_accuracy=0.543129 seconds=15.6 checkpoint=- ebops_trace_seconds=0.00 ebops_trace_over_epoch=0.003 loss=1.279425 host_rss_mb=2612
ARM_LOG [epoch 34/7000] EBOPs=untraced in_training_ebops=920885 target=350000 beta=1.5e-07 val_AUC=0.833250 val_accuracy=0.566435 seconds=15.6 checkpoint=- ebops_trace_seconds=0.00 ebops_trace_over_epoch=0.003 loss=1.266665 host_rss_mb=2628
ARM_LOG [epoch 35/7000] EBOPs=untraced in_training_ebops=911832 target=350000 beta=1.5e-07 val_AUC=0.846333 val_accuracy=0.589661 seconds=15.5 checkpoint=- ebops_trace_seconds=0.00 ebops_trace_over_epoch=0.003 loss=1.268022 host_rss_mb=2630
ARM_LOG [epoch 36/7000] EBOPs=untraced in_training_ebops=897100 target=350000 beta=1.5e-07 val_AUC=0.854241 val_accuracy=0.573468 seconds=16.1 checkpoint=- ebops_trace_seconds=0.00 ebops_trace_over_epoch=0.003 loss=1.269232 host_rss_mb=2633
ARM_LOG [epoch 37/7000] EBOPs=untraced in_training_ebops=897840 target=350000 beta=1.5e-07 val_AUC=0.853286 val_accuracy=0.567581 seconds=15.5 checkpoint=- ebops_trace_seconds=0.00 ebops_trace_over_epoch=0.003 loss=1.271370 host_rss_mb=2645
ARM_LOG [epoch 38/7000] EBOPs=untraced in_training_ebops=860889 target=350000 beta=1.5e-07 val_AUC=0.803848 val_accuracy=0.519000 seconds=15.6 checkpoint=- ebops_trace_seconds=0.00 ebops_trace_over_epoch=0.003 loss=1.264629 host_rss_mb=2657
ARM_LOG [epoch 39/7000] EBOPs=untraced in_training_ebops=850083 target=350000 beta=1.5e-07 val_AUC=0.834969 val_accuracy=0.525145 seconds=15.5 checkpoint=- ebops_trace_seconds=0.00 ebops_trace_over_epoch=0.003 loss=1.273040 host_rss_mb=2666
ARM_LOG [epoch 40/7000] EBOPs=911009 target=350000 above_floor=641179 feasible=0 degenerate=0 beta=1.5e-07 val_AUC=0.844414 val_accuracy=0.565468 seconds=57.7 checkpoint=- ebops_trace_seconds=42.01 ebops_trace_over_epoch=0.729 loss=1.274322 host_rss_mb=2662
ARM_LOG [epoch 41/7000] EBOPs=untraced in_training_ebops=919408 target=350000 beta=1.77e-07 val_AUC=0.846242 val_accuracy=0.568661 seconds=15.6 checkpoint=- ebops_trace_seconds=0.00 ebops_trace_over_epoch=0.003 loss=1.309416 host_rss_mb=2664
ARM_LOG [epoch 42/7000] EBOPs=untraced in_training_ebops=883326 target=350000 beta=1.77e-07 val_AUC=0.843880 val_accuracy=0.542129 seconds=15.7 checkpoint=- ebops_trace_seconds=0.00 ebops_trace_over_epoch=0.003 loss=1.318014 host_rss_mb=2674
ARM_LOG [epoch 43/7000] EBOPs=untraced in_training_ebops=856719 target=350000 beta=1.77e-07 val_AUC=0.819751 val_accuracy=0.537194 seconds=16.0 checkpoint=- ebops_trace_seconds=0.00 ebops_trace_over_epoch=0.003 loss=1.312239 host_rss_mb=2678
ARM_LOG [epoch 44/7000] EBOPs=untraced in_training_ebops=853701 target=350000 beta=1.77e-07 val_AUC=0.836931 val_accuracy=0.538226 seconds=15.5 checkpoint=- ebops_trace_seconds=0.00 ebops_trace_over_epoch=0.003 loss=1.335958 host_rss_mb=2682
ARM_LOG [epoch 45/7000] EBOPs=untraced in_training_ebops=843254 target=350000 beta=1.77e-07 val_AUC=0.844611 val_accuracy=0.580339 seconds=15.8 checkpoint=- ebops_trace_seconds=0.00 ebops_trace_over_epoch=0.003 loss=1.338561 host_rss_mb=2683
ARM_LOG [epoch 46/7000] EBOPs=untraced in_training_ebops=832046 target=350000 beta=1.77e-07 val_AUC=0.827762 val_accuracy=0.525016 seconds=15.5 checkpoint=- ebops_trace_seconds=0.00 ebops_trace_over_epoch=0.003 loss=1.343419 host_rss_mb=2684
ARM_LOG [epoch 47/7000] EBOPs=untraced in_training_ebops=831516 target=350000 beta=1.77e-07 val_AUC=0.819149 val_accuracy=0.507000 seconds=15.6 checkpoint=- ebops_trace_seconds=0.00 ebops_trace_over_epoch=0.003 loss=1.335266 host_rss_mb=2684
ARM_LOG [epoch 48/7000] EBOPs=untraced in_training_ebops=803032 target=350000 beta=1.77e-07 val_AUC=0.829182 val_accuracy=0.539226 seconds=15.7 checkpoint=- ebops_trace_seconds=0.00 ebops_trace_over_epoch=0.003 loss=1.345867 host_rss_mb=2686
ARM_LOG [epoch 49/7000] EBOPs=untraced in_training_ebops=800892 target=350000 beta=1.77e-07 val_AUC=0.810330 val_accuracy=0.511742 seconds=15.5 checkpoint=- ebops_trace_seconds=0.00 ebops_trace_over_epoch=0.003 loss=1.345382 host_rss_mb=2686
ARM_LOG [epoch 50/7000] EBOPs=780882 target=350000 above_floor=511052 feasible=0 degenerate=0 beta=1.77e-07 val_AUC=0.839615 val_accuracy=0.566323 seconds=58.3 checkpoint=epoch-0050 ebops_trace_seconds=41.98 ebops_trace_over_epoch=0.721 loss=1.329265 host_rss_mb=2697
ARM_LOG [epoch 51/7000] EBOPs=untraced in_training_ebops=809785 target=350000 beta=2.26e-07 val_AUC=0.821524 val_accuracy=0.550097 seconds=15.7 checkpoint=- ebops_trace_seconds=0.00 ebops_trace_over_epoch=0.003 loss=1.389237 host_rss_mb=2701
ARM_LOG [epoch 52/7000] EBOPs=untraced in_training_ebops=806587 target=350000 beta=2.26e-07 val_AUC=0.822322 val_accuracy=0.538274 seconds=15.6 checkpoint=- ebops_trace_seconds=0.00 ebops_trace_over_epoch=0.003 loss=1.382418 host_rss_mb=2701
ARM_LOG [epoch 53/7000] EBOPs=untraced in_training_ebops=774464 target=350000 beta=2.26e-07 val_AUC=0.810090 val_accuracy=0.427194 seconds=15.6 checkpoint=- ebops_trace_seconds=0.00 ebops_trace_over_epoch=0.003 loss=1.381973 host_rss_mb=2701
ARM_LOG [epoch 54/7000] EBOPs=untraced in_training_ebops=773711 target=350000 beta=2.26e-07 val_AUC=0.804104 val_accuracy=0.515032 seconds=15.8 checkpoint=- ebops_trace_seconds=0.00 ebops_trace_over_epoch=0.003 loss=1.375053 host_rss_mb=2701
ARM_LOG [epoch 55/7000] EBOPs=untraced in_training_ebops=764045 target=350000 beta=2.26e-07 val_AUC=0.817644 val_accuracy=0.492258 seconds=15.6 checkpoint=- ebops_trace_seconds=0.00 ebops_trace_over_epoch=0.003 loss=1.376646 host_rss_mb=2707
ARM_LOG [epoch 56/7000] EBOPs=untraced in_training_ebops=766129 target=350000 beta=2.26e-07 val_AUC=0.733738 val_accuracy=0.369258 seconds=15.6 checkpoint=- ebops_trace_seconds=0.00 ebops_trace_over_epoch=0.003 loss=1.393398 host_rss_mb=2721
ARM_LOG [epoch 57/7000] EBOPs=untraced in_training_ebops=757346 target=350000 beta=2.26e-07 val_AUC=0.795308 val_accuracy=0.503774 seconds=15.6 checkpoint=- ebops_trace_seconds=0.00 ebops_trace_over_epoch=0.003 loss=1.399961 host_rss_mb=2722
ARM_LOG [epoch 58/7000] EBOPs=untraced in_training_ebops=742189 target=350000 beta=2.26e-07 val_AUC=0.813019 val_accuracy=0.539210 seconds=15.6 checkpoint=- ebops_trace_seconds=0.00 ebops_trace_over_epoch=0.003 loss=1.396034 host_rss_mb=2722
ARM_LOG [epoch 59/7000] EBOPs=untraced in_training_ebops=740056 target=350000 beta=2.26e-07 val_AUC=0.818032 val_accuracy=0.521516 seconds=16.4 checkpoint=- ebops_trace_seconds=0.00 ebops_trace_over_epoch=0.003 loss=1.406577 host_rss_mb=2722
ARM_LOG [epoch 60/7000] EBOPs=842562 target=350000 above_floor=572732 feasible=0 degenerate=0 beta=2.26e-07 val_AUC=0.825193 val_accuracy=0.549048 seconds=57.9 checkpoint=- ebops_trace_seconds=42.36 ebops_trace_over_epoch=0.732 loss=1.411529 host_rss_mb=2730
ARM_LOG [epoch 61/7000] EBOPs=untraced in_training_ebops=727553 target=350000 beta=3.78e-07 val_AUC=0.825254 val_accuracy=0.558968 seconds=15.8 checkpoint=- ebops_trace_seconds=0.00 ebops_trace_over_epoch=0.003 loss=1.523854 host_rss_mb=2730
ARM_LOG [epoch 62/7000] EBOPs=untraced in_training_ebops=731680 target=350000 beta=3.78e-07 val_AUC=0.811497 val_accuracy=0.528565 seconds=15.6 checkpoint=- ebops_trace_seconds=0.00 ebops_trace_over_epoch=0.003 loss=1.535807 host_rss_mb=2733
ARM_LOG [epoch 63/7000] EBOPs=untraced in_training_ebops=715062 target=350000 beta=3.78e-07 val_AUC=0.782599 val_accuracy=0.491113 seconds=15.6 checkpoint=- ebops_trace_seconds=0.00 ebops_trace_over_epoch=0.003 loss=1.541316 host_rss_mb=2724
ARM_LOG [epoch 64/7000] EBOPs=untraced in_training_ebops=704308 target=350000 beta=3.78e-07 val_AUC=0.789339 val_accuracy=0.465516 seconds=15.6 checkpoint=- ebops_trace_seconds=0.00 ebops_trace_over_epoch=0.003 loss=1.515369 host_rss_mb=2731
ARM_LOG [epoch 65/7000] EBOPs=untraced in_training_ebops=702541 target=350000 beta=3.78e-07 val_AUC=0.800825 val_accuracy=0.439468 seconds=15.8 checkpoint=- ebops_trace_seconds=0.00 ebops_trace_over_epoch=0.003 loss=1.486819 host_rss_mb=2731
ARM_LOG [epoch 66/7000] EBOPs=untraced in_training_ebops=700985 target=350000 beta=3.78e-07 val_AUC=0.821539 val_accuracy=0.521403 seconds=15.8 checkpoint=- ebops_trace_seconds=0.00 ebops_trace_over_epoch=0.003 loss=1.486615 host_rss_mb=2731
ARM_LOG [epoch 67/7000] EBOPs=untraced in_training_ebops=692826 target=350000 beta=3.78e-07 val_AUC=0.794189 val_accuracy=0.465871 seconds=15.5 checkpoint=- ebops_trace_seconds=0.00 ebops_trace_over_epoch=0.003 loss=1.492447 host_rss_mb=2732
ARM_LOG [epoch 68/7000] EBOPs=untraced in_training_ebops=693183 target=350000 beta=3.78e-07 val_AUC=0.768408 val_accuracy=0.418113 seconds=15.5 checkpoint=- ebops_trace_seconds=0.00 ebops_trace_over_epoch=0.003 loss=1.501626 host_rss_mb=2733
ARM_LOG [epoch 69/7000] EBOPs=untraced in_training_ebops=686778 target=350000 beta=3.78e-07 val_AUC=0.811120 val_accuracy=0.490371 seconds=15.6 checkpoint=- ebops_trace_seconds=0.00 ebops_trace_over_epoch=0.003 loss=1.503333 host_rss_mb=2733
ARM_LOG [epoch 70/7000] EBOPs=1433480 target=350000 above_floor=1163650 feasible=0 degenerate=0 beta=3.78e-07 val_AUC=0.808471 val_accuracy=0.506145 seconds=58.1 checkpoint=- ebops_trace_seconds=42.49 ebops_trace_over_epoch=0.732 loss=1.497384 host_rss_mb=2734
ARM_LOG [epoch 71/7000] EBOPs=untraced in_training_ebops=642581 target=350000 beta=1.3e-06 val_AUC=0.807199 val_accuracy=0.492952 seconds=15.8 checkpoint=- ebops_trace_seconds=0.00 ebops_trace_over_epoch=0.003 loss=2.539231 host_rss_mb=2734
ARM_LOG [epoch 72/7000] EBOPs=untraced in_training_ebops=620610 target=350000 beta=1.3e-06 val_AUC=0.785221 val_accuracy=0.510823 seconds=15.5 checkpoint=- ebops_trace_seconds=0.00 ebops_trace_over_epoch=0.003 loss=2.077915 host_rss_mb=2734
ARM_LOG [epoch 73/7000] EBOPs=untraced in_training_ebops=613099 target=350000 beta=1.3e-06 val_AUC=0.785142 val_accuracy=0.454097 seconds=15.5 checkpoint=- ebops_trace_seconds=0.00 ebops_trace_over_epoch=0.003 loss=2.043725 host_rss_mb=2735
ARM_LOG [epoch 74/7000] EBOPs=untraced in_training_ebops=598664 target=350000 beta=1.3e-06 val_AUC=0.808985 val_accuracy=0.526113 seconds=15.5 checkpoint=- ebops_trace_seconds=0.00 ebops_trace_over_epoch=0.003 loss=2.033234 host_rss_mb=2735
ARM_LOG [epoch 75/7000] EBOPs=untraced in_training_ebops=586768 target=350000 beta=1.3e-06 val_AUC=0.787467 val_accuracy=0.486290 seconds=15.5 checkpoint=epoch-0075 ebops_trace_seconds=0.00 ebops_trace_over_epoch=0.003 loss=2.034226 host_rss_mb=2735
ARM_LOG [epoch 76/7000] EBOPs=untraced in_training_ebops=573944 target=350000 beta=1.3e-06 val_AUC=0.785239 val_accuracy=0.471000 seconds=15.9 checkpoint=- ebops_trace_seconds=0.00 ebops_trace_over_epoch=0.003 loss=2.002961 host_rss_mb=2742
ARM_LOG [epoch 77/7000] EBOPs=untraced in_training_ebops=569761 target=350000 beta=1.3e-06 val_AUC=0.821899 val_accuracy=0.528774 seconds=15.7 checkpoint=- ebops_trace_seconds=0.00 ebops_trace_over_epoch=0.003 loss=1.979276 host_rss_mb=2742
ARM_LOG [epoch 78/7000] EBOPs=untraced in_training_ebops=562602 target=350000 beta=1.3e-06 val_AUC=0.806790 val_accuracy=0.505161 seconds=15.8 checkpoint=- ebops_trace_seconds=0.00 ebops_trace_over_epoch=0.003 loss=1.989323 host_rss_mb=2742
ARM_LOG [epoch 79/7000] EBOPs=untraced in_training_ebops=565119 target=350000 beta=1.3e-06 val_AUC=0.776294 val_accuracy=0.396484 seconds=15.6 checkpoint=- ebops_trace_seconds=0.00 ebops_trace_over_epoch=0.003 loss=1.991125 host_rss_mb=2745
ARM_LOG [epoch 80/7000] EBOPs=3474555 target=350000 above_floor=3204725 feasible=0 degenerate=0 beta=1.3e-06 val_AUC=0.811943 val_accuracy=0.509161 seconds=57.7 checkpoint=- ebops_trace_seconds=42.05 ebops_trace_over_epoch=0.730 loss=2.814478 host_rss_mb=2750
ARM_LOG [epoch 81/7000] EBOPs=untraced in_training_ebops=1611617 target=350000 beta=9.95e-06 val_AUC=0.723984 val_accuracy=0.414371 seconds=15.6 checkpoint=- ebops_trace_seconds=0.00 ebops_trace_over_epoch=0.003 loss=22.514692 host_rss_mb=2750
ARM_LOG [epoch 82/7000] EBOPs=untraced in_training_ebops=4766689 target=350000 beta=9.95e-06 val_AUC=0.712401 val_accuracy=0.371081 seconds=15.6 checkpoint=- ebops_trace_seconds=0.00 ebops_trace_over_epoch=0.003 loss=41.105358 host_rss_mb=2750
ARM_LOG [epoch 83/7000] EBOPs=untraced in_training_ebops=3411096 target=350000 beta=9.95e-06 val_AUC=0.653698 val_accuracy=0.305532 seconds=15.6 checkpoint=- ebops_trace_seconds=0.00 ebops_trace_over_epoch=0.003 loss=40.775318 host_rss_mb=2750
ARM_LOG [epoch 84/7000] EBOPs=untraced in_training_ebops=2075793 target=350000 beta=9.95e-06 val_AUC=0.677224 val_accuracy=0.341710 seconds=15.5 checkpoint=- ebops_trace_seconds=0.00 ebops_trace_over_epoch=0.003 loss=30.508177 host_rss_mb=2750
ARM_LOG [epoch 85/7000] EBOPs=untraced in_training_ebops=1506917 target=350000 beta=9.95e-06 val_AUC=0.678352 val_accuracy=0.289774 seconds=15.5 checkpoint=- ebops_trace_seconds=0.00 ebops_trace_over_epoch=0.003 loss=18.198748 host_rss_mb=2751
ARM_LOG [epoch 86/7000] EBOPs=untraced in_training_ebops=1166046 target=350000 beta=9.95e-06 val_AUC=0.652307 val_accuracy=0.308839 seconds=15.7 checkpoint=- ebops_trace_seconds=0.00 ebops_trace_over_epoch=0.003 loss=14.711120 host_rss_mb=2753
ARM_LOG [epoch 87/7000] EBOPs=untraced in_training_ebops=921599 target=350000 beta=9.95e-06 val_AUC=0.655092 val_accuracy=0.322274 seconds=15.5 checkpoint=- ebops_trace_seconds=0.00 ebops_trace_over_epoch=0.003 loss=11.920539 host_rss_mb=2746
ARM_LOG [epoch 88/7000] EBOPs=untraced in_training_ebops=744223 target=350000 beta=9.95e-06 val_AUC=0.659671 val_accuracy=0.331581 seconds=15.6 checkpoint=- ebops_trace_seconds=0.00 ebops_trace_over_epoch=0.003 loss=9.691479 host_rss_mb=2749
ARM_LOG [epoch 89/7000] EBOPs=untraced in_training_ebops=416050 target=350000 beta=9.95e-06 val_AUC=0.650603 val_accuracy=0.312790 seconds=15.5 checkpoint=- ebops_trace_seconds=0.00 ebops_trace_over_epoch=0.003 loss=7.831621 host_rss_mb=2750
ARM_LOG [epoch 90/7000] EBOPs=322364 target=350000 above_floor=52534 feasible=1 degenerate=0 beta=9.95e-06 val_AUC=0.620904 val_accuracy=0.309887 seconds=57.9 checkpoint=- ebops_trace_seconds=42.00 ebops_trace_over_epoch=0.727 loss=5.370986 host_rss_mb=2752
ARM_LOG [epoch 91/7000] EBOPs=untraced in_training_ebops=340582 target=350000 beta=8.86e-07 val_AUC=0.613989 val_accuracy=0.291516 seconds=15.7 checkpoint=- ebops_trace_seconds=0.00 ebops_trace_over_epoch=0.003 loss=1.810511 host_rss_mb=2752
ARM_LOG [epoch 92/7000] EBOPs=untraced in_training_ebops=342275 target=350000 beta=8.86e-07 val_AUC=0.600826 val_accuracy=0.275774 seconds=15.6 checkpoint=- ebops_trace_seconds=0.00 ebops_trace_over_epoch=0.003 loss=1.817638 host_rss_mb=2752
ARM_LOG [epoch 93/7000] EBOPs=untraced in_training_ebops=330629 target=350000 beta=8.86e-07 val_AUC=0.634137 val_accuracy=0.311468 seconds=15.7 checkpoint=- ebops_trace_seconds=0.00 ebops_trace_over_epoch=0.003 loss=1.823244 host_rss_mb=2752
ARM_LOG [epoch 94/7000] EBOPs=untraced in_training_ebops=334266 target=350000 beta=8.86e-07 val_AUC=0.632195 val_accuracy=0.312258 seconds=15.5 checkpoint=- ebops_trace_seconds=0.00 ebops_trace_over_epoch=0.003 loss=1.809718 host_rss_mb=2753
ARM_LOG [epoch 95/7000] EBOPs=untraced in_training_ebops=335100 target=350000 beta=8.86e-07 val_AUC=0.603662 val_accuracy=0.304581 seconds=15.5 checkpoint=- ebops_trace_seconds=0.00 ebops_trace_over_epoch=0.003 loss=1.801185 host_rss_mb=2753
ARM_LOG [epoch 96/7000] EBOPs=untraced in_training_ebops=330559 target=350000 beta=8.86e-07 val_AUC=0.643016 val_accuracy=0.324871 seconds=15.5 checkpoint=- ebops_trace_seconds=0.00 ebops_trace_over_epoch=0.003 loss=1.782056 host_rss_mb=2753
ARM_LOG [epoch 97/7000] EBOPs=untraced in_training_ebops=328530 target=350000 beta=8.86e-07 val_AUC=0.484942 val_accuracy=0.170452 seconds=15.5 checkpoint=- ebops_trace_seconds=0.00 ebops_trace_over_epoch=0.003 loss=1.787128 host_rss_mb=2753
ARM_LOG [epoch 98/7000] EBOPs=untraced in_training_ebops=316764 target=350000 beta=8.86e-07 val_AUC=0.614992 val_accuracy=0.206435 seconds=15.6 checkpoint=- ebops_trace_seconds=0.00 ebops_trace_over_epoch=0.003 loss=1.784106 host_rss_mb=2754
ARM_LOG [epoch 99/7000] EBOPs=untraced in_training_ebops=315281 target=350000 beta=8.86e-07 val_AUC=0.547166 val_accuracy=0.167403 seconds=15.6 checkpoint=- ebops_trace_seconds=0.00 ebops_trace_over_epoch=0.003 loss=1.774041 host_rss_mb=2755
ARM_LOG [epoch 100/7000] EBOPs=326036 target=350000 above_floor=56206 feasible=1 degenerate=0 beta=8.86e-07 val_AUC=0.657369 val_accuracy=0.334355 seconds=58.4 checkpoint=epoch-0100 ebops_trace_seconds=42.37 ebops_trace_over_epoch=0.727 loss=2.114034 host_rss_mb=2755
ARM_LOG [epoch 101/7000] EBOPs=untraced in_training_ebops=4136628 target=350000 beta=8.65e-07 val_AUC=0.664797 val_accuracy=0.335452 seconds=15.6 checkpoint=- ebops_trace_seconds=0.00 ebops_trace_over_epoch=0.003 loss=3.884653 host_rss_mb=2755
ARM_LOG [epoch 102/7000] EBOPs=untraced in_training_ebops=3841296 target=350000 beta=8.65e-07 val_AUC=0.662545 val_accuracy=0.338226 seconds=15.6 checkpoint=- ebops_trace_seconds=0.00 ebops_trace_over_epoch=0.003 loss=5.009119 host_rss_mb=2755
ARM_LOG [epoch 103/7000] EBOPs=untraced in_training_ebops=3070335 target=350000 beta=8.65e-07 val_AUC=0.656777 val_accuracy=0.303387 seconds=15.5 checkpoint=- ebops_trace_seconds=0.00 ebops_trace_over_epoch=0.003 loss=4.407368 host_rss_mb=2755
ARM_LOG [epoch 104/7000] EBOPs=untraced in_training_ebops=2839988 target=350000 beta=8.65e-07 val_AUC=0.665554 val_accuracy=0.336774 seconds=15.5 checkpoint=- ebops_trace_seconds=0.00 ebops_trace_over_epoch=0.003 loss=4.049039 host_rss_mb=2755
ARM_LOG RSS_GATE pilot1005-h3-e-350k-c-qkv1-s2 FAIL slope_mb_per_epoch 2.889 baseline_mb 2528 projection_mb 22753 at_epoch 7000 limit_mb 8192 fit_epochs 5-104 of this process
ARM_LOG wandb: updating run metadata
ARM_LOG wandb: uploading output.log; uploading wandb-summary.json; uploading config.yaml
ARM_LOG wandb: uploading history steps 103-103, summary, console lines 104-104
ARM_LOG wandb: 🚀 View run pilot1005-h3-e-350k-c-qkv1-s2 at: https://wandb.ai/kayamaguchi-uc-san-diego/BNJetTag-ChangRecipe/runs/a50ac988e68c
ARM_LOG wandb: ⭐️ View project at: https://wandb.ai/kayamaguchi-uc-san-diego/BNJetTag-ChangRecipe
ARM_LOG wandb: Synced 5 W&B file(s), 0 media file(s), 0 artifact file(s) and 0 other file(s)
ARM_MEMORY_GATE_FAILED pilot1005-h3-e-350k-c-qkv1-s2
PACK_DONE diverged [] failed ['pilot1005-h3-e-350k-c-qkv1-s2']
ARM_RSS_GATE_FINAL pilot1005-h3-e-350k-c-qkv1-s2 run_pack_exit=1
PACK_EPOCH0_CHECK pilot1005-h3-e-350k-c-qkv1-s2=None
FINAL CANARY_LOSS pilot1005-h3-e-350k-c-qkv1-s2 PASS
FINAL CANARY_TRACE pilot1005-h3-e-350k-c-qkv1-s2 PASS
FINAL CANARY_PID_FIRST pilot1005-h3-e-350k-c-qkv1-s2 PASS
FINAL CONTROLLER_AUDIT pilot1005-h3-e-350k-c-qkv1-s2 PASS 0
PILOT_ARM_DONE pilot1005-h3-e-350k-c-qkv1-s2 run_pack_exit=1
POD_EXIT_FINAL rc=1 exit=5 elapsed_s=2766
