Defaulted container "train" out of: train, record-run-handoff (init)
POD_MEM 22:06:30Z current_mib 8402 max_mib 10240 free_mib 1838 pressure_full_avg10 0.0 rss_mib pilot1005-h1-e-350k-c-s1=2606
POD_MEM 22:06:35Z current_mib 8402 max_mib 10240 free_mib 1838 pressure_full_avg10 0.0 rss_mib pilot1005-h1-e-350k-c-s1=2606
GPU_SAMPLE 2026-10-05T22:06:40Z 23,4388,24576
POD_MEM 22:06:40Z current_mib 8402 max_mib 10240 free_mib 1838 pressure_full_avg10 0.0 rss_mib pilot1005-h1-e-350k-c-s1=2606
POD_MEM 22:06:45Z current_mib 8402 max_mib 10240 free_mib 1838 pressure_full_avg10 0.0 rss_mib pilot1005-h1-e-350k-c-s1=2606
POD_MEM 22:06:50Z current_mib 8456 max_mib 10240 free_mib 1784 pressure_full_avg10 0.0 rss_mib pilot1005-h1-e-350k-c-s1=2661
POD_MEM 22:06:55Z current_mib 8403 max_mib 10240 free_mib 1837 pressure_full_avg10 0.0 rss_mib pilot1005-h1-e-350k-c-s1=2606
2026/10/05 22:06:55.594, NVIDIA GeForce RTX 3090, 98 %, 4388 MiB, 24576 MiB
POD_MEM 22:07:00Z current_mib 8403 max_mib 10240 free_mib 1837 pressure_full_avg10 0.0 rss_mib pilot1005-h1-e-350k-c-s1=2606
POD_MEM 22:07:05Z current_mib 8403 max_mib 10240 free_mib 1837 pressure_full_avg10 0.0 rss_mib pilot1005-h1-e-350k-c-s1=2606
POD_MEM 22:07:10Z current_mib 8403 max_mib 10240 free_mib 1837 pressure_full_avg10 0.0 rss_mib pilot1005-h1-e-350k-c-s1=2606
POD_MEM 22:07:15Z current_mib 8403 max_mib 10240 free_mib 1837 pressure_full_avg10 0.0 rss_mib pilot1005-h1-e-350k-c-s1=2606
POD_MEM 22:07:20Z current_mib 8403 max_mib 10240 free_mib 1837 pressure_full_avg10 0.0 rss_mib pilot1005-h1-e-350k-c-s1=2606
POD_MEM 22:07:25Z current_mib 8405 max_mib 10240 free_mib 1835 pressure_full_avg10 0.0 rss_mib pilot1005-h1-e-350k-c-s1=2607
POD_MEM 22:07:30Z current_mib 8404 max_mib 10240 free_mib 1836 pressure_full_avg10 0.0 rss_mib pilot1005-h1-e-350k-c-s1=2607
POD_MEM 22:07:35Z current_mib 8404 max_mib 10240 free_mib 1836 pressure_full_avg10 0.0 rss_mib pilot1005-h1-e-350k-c-s1=2607
GPU_SAMPLE 2026-10-05T22:07:40Z 3,4388,24576
POD_MEM 22:07:40Z current_mib 8407 max_mib 10240 free_mib 1833 pressure_full_avg10 0.0 rss_mib pilot1005-h1-e-350k-c-s1=2610
POD_MEM 22:07:45Z current_mib 8407 max_mib 10240 free_mib 1833 pressure_full_avg10 0.0 rss_mib pilot1005-h1-e-350k-c-s1=2610
POD_MEM 22:07:50Z current_mib 8407 max_mib 10240 free_mib 1833 pressure_full_avg10 0.0 rss_mib pilot1005-h1-e-350k-c-s1=2610
POD_MEM 22:07:55Z current_mib 8407 max_mib 10240 free_mib 1833 pressure_full_avg10 0.0 rss_mib pilot1005-h1-e-350k-c-s1=2610
2026/10/05 22:07:55.650, NVIDIA GeForce RTX 3090, 99 %, 4388 MiB, 24576 MiB
POD_MEM 22:08:00Z current_mib 8408 max_mib 10240 free_mib 1832 pressure_full_avg10 0.0 rss_mib pilot1005-h1-e-350k-c-s1=2610
POD_MEM 22:08:05Z current_mib 8408 max_mib 10240 free_mib 1832 pressure_full_avg10 0.0 rss_mib pilot1005-h1-e-350k-c-s1=2610
POD_MEM 22:08:10Z current_mib 8408 max_mib 10240 free_mib 1832 pressure_full_avg10 0.0 rss_mib pilot1005-h1-e-350k-c-s1=2610
POD_MEM 22:08:15Z current_mib 8410 max_mib 10240 free_mib 1830 pressure_full_avg10 0.0 rss_mib pilot1005-h1-e-350k-c-s1=2611
POD_MEM 22:08:20Z current_mib 8410 max_mib 10240 free_mib 1830 pressure_full_avg10 0.0 rss_mib pilot1005-h1-e-350k-c-s1=2611
POD_MEM 22:08:25Z current_mib 8410 max_mib 10240 free_mib 1830 pressure_full_avg10 0.0 rss_mib pilot1005-h1-e-350k-c-s1=2611
POD_MEM 22:08:30Z current_mib 8414 max_mib 10240 free_mib 1826 pressure_full_avg10 0.0 rss_mib pilot1005-h1-e-350k-c-s1=2614
POD_MEM 22:08:35Z current_mib 8414 max_mib 10240 free_mib 1826 pressure_full_avg10 0.0 rss_mib pilot1005-h1-e-350k-c-s1=2614
GPU_SAMPLE 2026-10-05T22:08:40Z 99,4388,24576
POD_MEM 22:08:40Z current_mib 8414 max_mib 10240 free_mib 1826 pressure_full_avg10 0.0 rss_mib pilot1005-h1-e-350k-c-s1=2614
POD_MEM 22:08:45Z current_mib 8414 max_mib 10240 free_mib 1826 pressure_full_avg10 0.0 rss_mib pilot1005-h1-e-350k-c-s1=2614
POD_MEM 22:08:50Z current_mib 8414 max_mib 10240 free_mib 1826 pressure_full_avg10 0.0 rss_mib pilot1005-h1-e-350k-c-s1=2614
POD_MEM 22:08:55Z current_mib 8414 max_mib 10240 free_mib 1826 pressure_full_avg10 0.0 rss_mib pilot1005-h1-e-350k-c-s1=2614
2026/10/05 22:08:55.707, NVIDIA GeForce RTX 3090, 99 %, 4388 MiB, 24576 MiB
POD_MEM 22:09:00Z current_mib 8414 max_mib 10240 free_mib 1826 pressure_full_avg10 0.0 rss_mib pilot1005-h1-e-350k-c-s1=2614
POD_MEM 22:09:05Z current_mib 8415 max_mib 10240 free_mib 1825 pressure_full_avg10 0.0 rss_mib pilot1005-h1-e-350k-c-s1=2614
POD_MEM 22:09:10Z current_mib 8415 max_mib 10240 free_mib 1825 pressure_full_avg10 0.0 rss_mib pilot1005-h1-e-350k-c-s1=2614
POD_MEM 22:09:15Z current_mib 8414 max_mib 10240 free_mib 1826 pressure_full_avg10 0.0 rss_mib pilot1005-h1-e-350k-c-s1=2614
POD_MEM 22:09:20Z current_mib 8415 max_mib 10240 free_mib 1825 pressure_full_avg10 0.0 rss_mib pilot1005-h1-e-350k-c-s1=2615
POD_MEM 22:09:25Z current_mib 8415 max_mib 10240 free_mib 1825 pressure_full_avg10 0.0 rss_mib pilot1005-h1-e-350k-c-s1=2615
POD_MEM 22:09:30Z current_mib 8415 max_mib 10240 free_mib 1825 pressure_full_avg10 0.0 rss_mib pilot1005-h1-e-350k-c-s1=2615
POD_MEM 22:09:35Z current_mib 8415 max_mib 10240 free_mib 1825 pressure_full_avg10 0.0 rss_mib pilot1005-h1-e-350k-c-s1=2615
GPU_SAMPLE 2026-10-05T22:09:40Z 22,4388,24576
POD_MEM 22:09:40Z current_mib 8416 max_mib 10240 free_mib 1824 pressure_full_avg10 0.0 rss_mib pilot1005-h1-e-350k-c-s1=2615
POD_MEM 22:09:45Z current_mib 8415 max_mib 10240 free_mib 1825 pressure_full_avg10 0.0 rss_mib pilot1005-h1-e-350k-c-s1=2615
POD_MEM 22:09:50Z current_mib 8415 max_mib 10240 free_mib 1825 pressure_full_avg10 0.0 rss_mib pilot1005-h1-e-350k-c-s1=2615
POD_MEM 22:09:55Z current_mib 8415 max_mib 10240 free_mib 1825 pressure_full_avg10 0.0 rss_mib pilot1005-h1-e-350k-c-s1=2615
2026/10/05 22:09:55.766, NVIDIA GeForce RTX 3090, 11 %, 4388 MiB, 24576 MiB
POD_MEM 22:10:00Z current_mib 8415 max_mib 10240 free_mib 1825 pressure_full_avg10 0.0 rss_mib pilot1005-h1-e-350k-c-s1=2615
POD_MEM 22:10:05Z current_mib 8415 max_mib 10240 free_mib 1825 pressure_full_avg10 0.0 rss_mib pilot1005-h1-e-350k-c-s1=2615
POD_MEM 22:10:10Z current_mib 8415 max_mib 10240 free_mib 1825 pressure_full_avg10 0.0 rss_mib pilot1005-h1-e-350k-c-s1=2615
POD_MEM 22:10:15Z current_mib 8421 max_mib 10240 free_mib 1819 pressure_full_avg10 0.0 rss_mib pilot1005-h1-e-350k-c-s1=2617
POD_MEM 22:10:20Z current_mib 8421 max_mib 10240 free_mib 1819 pressure_full_avg10 0.0 rss_mib pilot1005-h1-e-350k-c-s1=2617
POD_MEM 22:10:25Z current_mib 8421 max_mib 10240 free_mib 1819 pressure_full_avg10 0.0 rss_mib pilot1005-h1-e-350k-c-s1=2617
POD_MEM 22:10:30Z current_mib 8422 max_mib 10240 free_mib 1818 pressure_full_avg10 0.0 rss_mib pilot1005-h1-e-350k-c-s1=2617
POD_MEM 22:10:35Z current_mib 8422 max_mib 10240 free_mib 1818 pressure_full_avg10 0.0 rss_mib pilot1005-h1-e-350k-c-s1=2617
GPU_SAMPLE 2026-10-05T22:10:40Z 99,4388,24576
POD_MEM 22:10:40Z current_mib 8422 max_mib 10240 free_mib 1818 pressure_full_avg10 0.0 rss_mib pilot1005-h1-e-350k-c-s1=2617
POD_MEM 22:10:45Z current_mib 8422 max_mib 10240 free_mib 1818 pressure_full_avg10 0.0 rss_mib pilot1005-h1-e-350k-c-s1=2617
POD_MEM 22:10:50Z current_mib 8422 max_mib 10240 free_mib 1818 pressure_full_avg10 0.0 rss_mib pilot1005-h1-e-350k-c-s1=2617
POD_MEM 22:10:55Z current_mib 8422 max_mib 10240 free_mib 1818 pressure_full_avg10 0.0 rss_mib pilot1005-h1-e-350k-c-s1=2617
2026/10/05 22:10:55.824, NVIDIA GeForce RTX 3090, 99 %, 4388 MiB, 24576 MiB
POD_MEM 22:11:00Z current_mib 8423 max_mib 10240 free_mib 1817 pressure_full_avg10 0.0 rss_mib pilot1005-h1-e-350k-c-s1=2617
POD_MEM 22:11:05Z current_mib 8423 max_mib 10240 free_mib 1817 pressure_full_avg10 0.0 rss_mib pilot1005-h1-e-350k-c-s1=2617
POD_MEM 22:11:10Z current_mib 8423 max_mib 10240 free_mib 1817 pressure_full_avg10 0.0 rss_mib pilot1005-h1-e-350k-c-s1=2617
POD_MEM 22:11:15Z current_mib 8423 max_mib 10240 free_mib 1817 pressure_full_avg10 0.0 rss_mib pilot1005-h1-e-350k-c-s1=2617
POD_MEM 22:11:20Z current_mib 8423 max_mib 10240 free_mib 1817 pressure_full_avg10 0.0 rss_mib pilot1005-h1-e-350k-c-s1=2617
POD_MEM 22:11:25Z current_mib 8423 max_mib 10240 free_mib 1817 pressure_full_avg10 0.0 rss_mib pilot1005-h1-e-350k-c-s1=2617
POD_MEM 22:11:30Z current_mib 8424 max_mib 10240 free_mib 1816 pressure_full_avg10 0.0 rss_mib pilot1005-h1-e-350k-c-s1=2617
POD_MEM 22:11:35Z current_mib 8416 max_mib 10240 free_mib 1824 pressure_full_avg10 0.0 rss_mib pilot1005-h1-e-350k-c-s1=2609
GPU_SAMPLE 2026-10-05T22:11:40Z 99,4388,24576
POD_MEM 22:11:40Z current_mib 8416 max_mib 10240 free_mib 1824 pressure_full_avg10 0.0 rss_mib pilot1005-h1-e-350k-c-s1=2609
POD_MEM 22:11:45Z current_mib 8416 max_mib 10240 free_mib 1824 pressure_full_avg10 0.0 rss_mib pilot1005-h1-e-350k-c-s1=2609
POD_MEM 22:11:50Z current_mib 8418 max_mib 10240 free_mib 1822 pressure_full_avg10 0.0 rss_mib pilot1005-h1-e-350k-c-s1=2611
POD_MEM 22:11:55Z current_mib 8418 max_mib 10240 free_mib 1822 pressure_full_avg10 0.0 rss_mib pilot1005-h1-e-350k-c-s1=2611
2026/10/05 22:11:55.885, NVIDIA GeForce RTX 3090, 99 %, 4388 MiB, 24576 MiB
POD_MEM 22:12:00Z current_mib 8418 max_mib 10240 free_mib 1822 pressure_full_avg10 0.0 rss_mib pilot1005-h1-e-350k-c-s1=2611
POD_MEM 22:12:05Z current_mib 8423 max_mib 10240 free_mib 1817 pressure_full_avg10 0.0 rss_mib pilot1005-h1-e-350k-c-s1=2615
POD_MEM 22:12:10Z current_mib 8423 max_mib 10240 free_mib 1817 pressure_full_avg10 0.0 rss_mib pilot1005-h1-e-350k-c-s1=2615
POD_MEM 22:12:15Z current_mib 8423 max_mib 10240 free_mib 1817 pressure_full_avg10 0.0 rss_mib pilot1005-h1-e-350k-c-s1=2615
POD_MEM 22:12:20Z current_mib 8424 max_mib 10240 free_mib 1816 pressure_full_avg10 0.0 rss_mib pilot1005-h1-e-350k-c-s1=2616
POD_MEM 22:12:25Z current_mib 8424 max_mib 10240 free_mib 1816 pressure_full_avg10 0.0 rss_mib pilot1005-h1-e-350k-c-s1=2616
POD_MEM 22:12:30Z current_mib 8424 max_mib 10240 free_mib 1816 pressure_full_avg10 0.0 rss_mib pilot1005-h1-e-350k-c-s1=2616
POD_MEM 22:12:35Z current_mib 8425 max_mib 10240 free_mib 1815 pressure_full_avg10 0.0 rss_mib pilot1005-h1-e-350k-c-s1=2616
GPU_SAMPLE 2026-10-05T22:12:40Z 99,4388,24576
POD_MEM 22:12:40Z current_mib 8425 max_mib 10240 free_mib 1815 pressure_full_avg10 0.0 rss_mib pilot1005-h1-e-350k-c-s1=2616
POD_MEM 22:12:45Z current_mib 8425 max_mib 10240 free_mib 1815 pressure_full_avg10 0.0 rss_mib pilot1005-h1-e-350k-c-s1=2616
POD_MEM 22:12:50Z current_mib 8425 max_mib 10240 free_mib 1815 pressure_full_avg10 0.0 rss_mib pilot1005-h1-e-350k-c-s1=2616
POD_MEM 22:12:55Z current_mib 8425 max_mib 10240 free_mib 1815 pressure_full_avg10 0.0 rss_mib pilot1005-h1-e-350k-c-s1=2616
2026/10/05 22:12:55.947, NVIDIA GeForce RTX 3090, 21 %, 4388 MiB, 24576 MiB
POD_MEM 22:13:00Z current_mib 8425 max_mib 10240 free_mib 1815 pressure_full_avg10 0.0 rss_mib pilot1005-h1-e-350k-c-s1=2616
POD_MEM 22:13:05Z current_mib 8425 max_mib 10240 free_mib 1815 pressure_full_avg10 0.0 rss_mib pilot1005-h1-e-350k-c-s1=2616
POD_MEM 22:13:10Z current_mib 8425 max_mib 10240 free_mib 1815 pressure_full_avg10 0.0 rss_mib pilot1005-h1-e-350k-c-s1=2616
POD_MEM 22:13:15Z current_mib 8425 max_mib 10240 free_mib 1815 pressure_full_avg10 0.0 rss_mib pilot1005-h1-e-350k-c-s1=2616
POD_MEM 22:13:20Z current_mib 8425 max_mib 10240 free_mib 1815 pressure_full_avg10 0.0 rss_mib pilot1005-h1-e-350k-c-s1=2616
POD_MEM 22:13:25Z current_mib 8425 max_mib 10240 free_mib 1815 pressure_full_avg10 0.0 rss_mib pilot1005-h1-e-350k-c-s1=2616
POD_MEM 22:13:30Z current_mib 8429 max_mib 10240 free_mib 1811 pressure_full_avg10 0.0 rss_mib pilot1005-h1-e-350k-c-s1=2620
POD_MEM 22:13:35Z current_mib 8429 max_mib 10240 free_mib 1811 pressure_full_avg10 0.0 rss_mib pilot1005-h1-e-350k-c-s1=2620
GPU_SAMPLE 2026-10-05T22:13:40Z 99,4388,24576
POD_MEM 22:13:40Z current_mib 8429 max_mib 10240 free_mib 1811 pressure_full_avg10 0.0 rss_mib pilot1005-h1-e-350k-c-s1=2620
POD_MEM 22:13:45Z current_mib 8430 max_mib 10240 free_mib 1810 pressure_full_avg10 0.0 rss_mib pilot1005-h1-e-350k-c-s1=2620
POD_MEM 22:13:50Z current_mib 8430 max_mib 10240 free_mib 1810 pressure_full_avg10 0.0 rss_mib pilot1005-h1-e-350k-c-s1=2620
POD_MEM 22:13:55Z current_mib 8430 max_mib 10240 free_mib 1810 pressure_full_avg10 0.0 rss_mib pilot1005-h1-e-350k-c-s1=2620
2026/10/05 22:13:56.006, NVIDIA GeForce RTX 3090, 99 %, 4388 MiB, 24576 MiB
POD_MEM 22:14:01Z current_mib 8430 max_mib 10240 free_mib 1810 pressure_full_avg10 0.0 rss_mib pilot1005-h1-e-350k-c-s1=2620
POD_MEM 22:14:06Z current_mib 8430 max_mib 10240 free_mib 1810 pressure_full_avg10 0.0 rss_mib pilot1005-h1-e-350k-c-s1=2620
POD_MEM 22:14:11Z current_mib 8430 max_mib 10240 free_mib 1810 pressure_full_avg10 0.0 rss_mib pilot1005-h1-e-350k-c-s1=2620
POD_MEM 22:14:16Z current_mib 8430 max_mib 10240 free_mib 1810 pressure_full_avg10 0.0 rss_mib pilot1005-h1-e-350k-c-s1=2620
POD_MEM 22:14:21Z current_mib 8431 max_mib 10240 free_mib 1809 pressure_full_avg10 0.0 rss_mib pilot1005-h1-e-350k-c-s1=2620
POD_MEM 22:14:26Z current_mib 8431 max_mib 10240 free_mib 1809 pressure_full_avg10 0.0 rss_mib pilot1005-h1-e-350k-c-s1=2620
POD_MEM 22:14:31Z current_mib 8430 max_mib 10240 free_mib 1810 pressure_full_avg10 0.0 rss_mib pilot1005-h1-e-350k-c-s1=2620
POD_MEM 22:14:36Z current_mib 8431 max_mib 10240 free_mib 1809 pressure_full_avg10 0.0 rss_mib pilot1005-h1-e-350k-c-s1=2620
GPU_SAMPLE 2026-10-05T22:14:40Z 99,4388,24576
POD_MEM 22:14:41Z current_mib 8431 max_mib 10240 free_mib 1809 pressure_full_avg10 0.0 rss_mib pilot1005-h1-e-350k-c-s1=2620
POD_MEM 22:14:46Z current_mib 8431 max_mib 10240 free_mib 1809 pressure_full_avg10 0.0 rss_mib pilot1005-h1-e-350k-c-s1=2620
POD_MEM 22:14:51Z current_mib 8432 max_mib 10240 free_mib 1808 pressure_full_avg10 0.0 rss_mib pilot1005-h1-e-350k-c-s1=2620
POD_MEM 22:14:56Z current_mib 8432 max_mib 10240 free_mib 1808 pressure_full_avg10 0.0 rss_mib pilot1005-h1-e-350k-c-s1=2620
2026/10/05 22:14:56.067, NVIDIA GeForce RTX 3090, 99 %, 4388 MiB, 24576 MiB
POD_MEM 22:15:01Z current_mib 8432 max_mib 10240 free_mib 1808 pressure_full_avg10 0.0 rss_mib pilot1005-h1-e-350k-c-s1=2620
POD_MEM 22:15:06Z current_mib 8433 max_mib 10240 free_mib 1807 pressure_full_avg10 0.0 rss_mib pilot1005-h1-e-350k-c-s1=2620
POD_MEM 22:15:11Z current_mib 8433 max_mib 10240 free_mib 1807 pressure_full_avg10 0.0 rss_mib pilot1005-h1-e-350k-c-s1=2620
POD_MEM 22:15:16Z current_mib 8433 max_mib 10240 free_mib 1807 pressure_full_avg10 0.0 rss_mib pilot1005-h1-e-350k-c-s1=2620
POD_MEM 22:15:21Z current_mib 8433 max_mib 10240 free_mib 1807 pressure_full_avg10 0.0 rss_mib pilot1005-h1-e-350k-c-s1=2620
POD_MEM 22:15:26Z current_mib 8433 max_mib 10240 free_mib 1807 pressure_full_avg10 0.0 rss_mib pilot1005-h1-e-350k-c-s1=2620
POD_MEM 22:15:31Z current_mib 8433 max_mib 10240 free_mib 1807 pressure_full_avg10 0.0 rss_mib pilot1005-h1-e-350k-c-s1=2620
POD_MEM 22:15:36Z current_mib 8434 max_mib 10240 free_mib 1806 pressure_full_avg10 0.0 rss_mib pilot1005-h1-e-350k-c-s1=2621
GPU_SAMPLE 2026-10-05T22:15:40Z 100,4388,24576
POD_MEM 22:15:41Z current_mib 8434 max_mib 10240 free_mib 1806 pressure_full_avg10 0.0 rss_mib pilot1005-h1-e-350k-c-s1=2621
POD_MEM 22:15:46Z current_mib 8434 max_mib 10240 free_mib 1806 pressure_full_avg10 0.0 rss_mib pilot1005-h1-e-350k-c-s1=2621
POD_MEM 22:15:51Z current_mib 8434 max_mib 10240 free_mib 1806 pressure_full_avg10 0.0 rss_mib pilot1005-h1-e-350k-c-s1=2621
POD_MEM 22:15:56Z current_mib 8434 max_mib 10240 free_mib 1806 pressure_full_avg10 0.0 rss_mib pilot1005-h1-e-350k-c-s1=2621
2026/10/05 22:15:56.129, NVIDIA GeForce RTX 3090, 99 %, 4388 MiB, 24576 MiB
POD_MEM 22:16:01Z current_mib 8435 max_mib 10240 free_mib 1805 pressure_full_avg10 0.0 rss_mib pilot1005-h1-e-350k-c-s1=2621
POD_MEM 22:16:06Z current_mib 8435 max_mib 10240 free_mib 1805 pressure_full_avg10 0.0 rss_mib pilot1005-h1-e-350k-c-s1=2621
POD_MEM 22:16:11Z current_mib 8435 max_mib 10240 free_mib 1805 pressure_full_avg10 0.0 rss_mib pilot1005-h1-e-350k-c-s1=2621
POD_MEM 22:16:16Z current_mib 8435 max_mib 10240 free_mib 1805 pressure_full_avg10 0.0 rss_mib pilot1005-h1-e-350k-c-s1=2621
POD_MEM 22:16:21Z current_mib 8435 max_mib 10240 free_mib 1805 pressure_full_avg10 0.0 rss_mib pilot1005-h1-e-350k-c-s1=2621
POD_MEM 22:16:26Z current_mib 8435 max_mib 10240 free_mib 1805 pressure_full_avg10 0.0 rss_mib pilot1005-h1-e-350k-c-s1=2621
POD_MEM 22:16:31Z current_mib 8435 max_mib 10240 free_mib 1805 pressure_full_avg10 0.0 rss_mib pilot1005-h1-e-350k-c-s1=2621
POD_MEM 22:16:36Z current_mib 8435 max_mib 10240 free_mib 1805 pressure_full_avg10 0.0 rss_mib pilot1005-h1-e-350k-c-s1=2621
GPU_SAMPLE 2026-10-05T22:16:40Z 13,4388,24576
POD_MEM 22:16:41Z current_mib 8435 max_mib 10240 free_mib 1805 pressure_full_avg10 0.0 rss_mib pilot1005-h1-e-350k-c-s1=2621
POD_MEM 22:16:46Z current_mib 8435 max_mib 10240 free_mib 1805 pressure_full_avg10 0.0 rss_mib pilot1005-h1-e-350k-c-s1=2621
POD_MEM 22:16:51Z current_mib 8436 max_mib 10240 free_mib 1804 pressure_full_avg10 0.0 rss_mib pilot1005-h1-e-350k-c-s1=2621
POD_MEM 22:16:56Z current_mib 8436 max_mib 10240 free_mib 1804 pressure_full_avg10 0.0 rss_mib pilot1005-h1-e-350k-c-s1=2621
2026/10/05 22:16:56.193, NVIDIA GeForce RTX 3090, 99 %, 4388 MiB, 24576 MiB
POD_MEM 22:17:01Z current_mib 8436 max_mib 10240 free_mib 1804 pressure_full_avg10 0.0 rss_mib pilot1005-h1-e-350k-c-s1=2621
POD_MEM 22:17:06Z current_mib 8436 max_mib 10240 free_mib 1804 pressure_full_avg10 0.0 rss_mib pilot1005-h1-e-350k-c-s1=2621
POD_MEM 22:17:11Z current_mib 8436 max_mib 10240 free_mib 1804 pressure_full_avg10 0.0 rss_mib pilot1005-h1-e-350k-c-s1=2621
POD_MEM 22:17:16Z current_mib 8436 max_mib 10240 free_mib 1804 pressure_full_avg10 0.0 rss_mib pilot1005-h1-e-350k-c-s1=2621
POD_MEM 22:17:21Z current_mib 8438 max_mib 10240 free_mib 1802 pressure_full_avg10 0.0 rss_mib pilot1005-h1-e-350k-c-s1=2622
POD_MEM 22:17:26Z current_mib 8438 max_mib 10240 free_mib 1802 pressure_full_avg10 0.0 rss_mib pilot1005-h1-e-350k-c-s1=2622
POD_MEM 22:17:31Z current_mib 8438 max_mib 10240 free_mib 1802 pressure_full_avg10 0.0 rss_mib pilot1005-h1-e-350k-c-s1=2622
POD_MEM 22:17:36Z current_mib 8438 max_mib 10240 free_mib 1802 pressure_full_avg10 0.0 rss_mib pilot1005-h1-e-350k-c-s1=2622
GPU_SAMPLE 2026-10-05T22:17:40Z 100,4388,24576
POD_MEM 22:17:41Z current_mib 8438 max_mib 10240 free_mib 1802 pressure_full_avg10 0.0 rss_mib pilot1005-h1-e-350k-c-s1=2622
POD_MEM 22:17:46Z current_mib 8438 max_mib 10240 free_mib 1802 pressure_full_avg10 0.0 rss_mib pilot1005-h1-e-350k-c-s1=2622
POD_MEM 22:17:51Z current_mib 8439 max_mib 10240 free_mib 1801 pressure_full_avg10 0.0 rss_mib pilot1005-h1-e-350k-c-s1=2622
POD_MEM 22:17:56Z current_mib 8439 max_mib 10240 free_mib 1801 pressure_full_avg10 0.0 rss_mib pilot1005-h1-e-350k-c-s1=2622
2026/10/05 22:17:56.253, NVIDIA GeForce RTX 3090, 99 %, 4388 MiB, 24576 MiB
POD_MEM 22:18:01Z current_mib 8439 max_mib 10240 free_mib 1801 pressure_full_avg10 0.0 rss_mib pilot1005-h1-e-350k-c-s1=2622
POD_MEM 22:18:06Z current_mib 8440 max_mib 10240 free_mib 1800 pressure_full_avg10 0.0 rss_mib pilot1005-h1-e-350k-c-s1=2621
POD_MEM 22:18:11Z current_mib 8439 max_mib 10240 free_mib 1801 pressure_full_avg10 0.0 rss_mib pilot1005-h1-e-350k-c-s1=2621
POD_MEM 22:18:16Z current_mib 8439 max_mib 10240 free_mib 1801 pressure_full_avg10 0.0 rss_mib pilot1005-h1-e-350k-c-s1=2621
POD_MEM 22:18:21Z current_mib 8444 max_mib 10240 free_mib 1796 pressure_full_avg10 0.0 rss_mib pilot1005-h1-e-350k-c-s1=2631
POD_MEM 22:18:26Z current_mib 8439 max_mib 10240 free_mib 1801 pressure_full_avg10 0.0 rss_mib pilot1005-h1-e-350k-c-s1=2621
POD_MEM 22:18:31Z current_mib 8439 max_mib 10240 free_mib 1801 pressure_full_avg10 0.0 rss_mib pilot1005-h1-e-350k-c-s1=2621
POD_MEM 22:18:36Z current_mib 8439 max_mib 10240 free_mib 1801 pressure_full_avg10 0.0 rss_mib pilot1005-h1-e-350k-c-s1=2621
GPU_SAMPLE 2026-10-05T22:18:40Z 99,4388,24576
POD_MEM 22:18:41Z current_mib 8441 max_mib 10240 free_mib 1799 pressure_full_avg10 0.0 rss_mib pilot1005-h1-e-350k-c-s1=2623
POD_MEM 22:18:46Z current_mib 8441 max_mib 10240 free_mib 1799 pressure_full_avg10 0.0 rss_mib pilot1005-h1-e-350k-c-s1=2623
POD_MEM 22:18:51Z current_mib 8441 max_mib 10240 free_mib 1799 pressure_full_avg10 0.0 rss_mib pilot1005-h1-e-350k-c-s1=2623
POD_MEM 22:18:56Z current_mib 8436 max_mib 10240 free_mib 1804 pressure_full_avg10 0.0 rss_mib pilot1005-h1-e-350k-c-s1=2618
2026/10/05 22:18:56.313, NVIDIA GeForce RTX 3090, 100 %, 4388 MiB, 24576 MiB
POD_MEM 22:19:01Z current_mib 8436 max_mib 10240 free_mib 1804 pressure_full_avg10 0.0 rss_mib pilot1005-h1-e-350k-c-s1=2618
POD_MEM 22:19:06Z current_mib 8436 max_mib 10240 free_mib 1804 pressure_full_avg10 0.0 rss_mib pilot1005-h1-e-350k-c-s1=2618
POD_MEM 22:19:11Z current_mib 8440 max_mib 10240 free_mib 1800 pressure_full_avg10 0.0 rss_mib pilot1005-h1-e-350k-c-s1=2621
POD_MEM 22:19:16Z current_mib 8440 max_mib 10240 free_mib 1800 pressure_full_avg10 0.0 rss_mib pilot1005-h1-e-350k-c-s1=2621
POD_MEM 22:19:21Z current_mib 8440 max_mib 10240 free_mib 1800 pressure_full_avg10 0.0 rss_mib pilot1005-h1-e-350k-c-s1=2621
POD_MEM 22:19:26Z current_mib 8440 max_mib 10240 free_mib 1800 pressure_full_avg10 0.0 rss_mib pilot1005-h1-e-350k-c-s1=2621
POD_MEM 22:19:31Z current_mib 8440 max_mib 10240 free_mib 1800 pressure_full_avg10 0.0 rss_mib pilot1005-h1-e-350k-c-s1=2621
POD_MEM 22:19:36Z current_mib 8440 max_mib 10240 free_mib 1800 pressure_full_avg10 0.0 rss_mib pilot1005-h1-e-350k-c-s1=2621
GPU_SAMPLE 2026-10-05T22:19:40Z 28,4388,24576
POD_MEM 22:19:41Z current_mib 8440 max_mib 10240 free_mib 1800 pressure_full_avg10 0.0 rss_mib pilot1005-h1-e-350k-c-s1=2621
POD_MEM 22:19:46Z current_mib 8440 max_mib 10240 free_mib 1800 pressure_full_avg10 0.0 rss_mib pilot1005-h1-e-350k-c-s1=2621
POD_MEM 22:19:51Z current_mib 8440 max_mib 10240 free_mib 1800 pressure_full_avg10 0.0 rss_mib pilot1005-h1-e-350k-c-s1=2621
POD_MEM 22:19:56Z current_mib 8440 max_mib 10240 free_mib 1800 pressure_full_avg10 0.0 rss_mib pilot1005-h1-e-350k-c-s1=2621
2026/10/05 22:19:56.374, NVIDIA GeForce RTX 3090, 12 %, 4388 MiB, 24576 MiB
POD_MEM 22:20:01Z current_mib 8440 max_mib 10240 free_mib 1800 pressure_full_avg10 0.0 rss_mib pilot1005-h1-e-350k-c-s1=2621
POD_MEM 22:20:06Z current_mib 8441 max_mib 10240 free_mib 1799 pressure_full_avg10 0.0 rss_mib pilot1005-h1-e-350k-c-s1=2621
POD_MEM 22:20:11Z current_mib 8441 max_mib 10240 free_mib 1799 pressure_full_avg10 0.0 rss_mib pilot1005-h1-e-350k-c-s1=2621
POD_MEM 22:20:16Z current_mib 8441 max_mib 10240 free_mib 1799 pressure_full_avg10 0.0 rss_mib pilot1005-h1-e-350k-c-s1=2621
POD_MEM 22:20:21Z current_mib 8442 max_mib 10240 free_mib 1798 pressure_full_avg10 0.0 rss_mib pilot1005-h1-e-350k-c-s1=2622
POD_MEM 22:20:26Z current_mib 8442 max_mib 10240 free_mib 1798 pressure_full_avg10 0.0 rss_mib pilot1005-h1-e-350k-c-s1=2622
POD_MEM 22:20:31Z current_mib 8442 max_mib 10240 free_mib 1798 pressure_full_avg10 0.0 rss_mib pilot1005-h1-e-350k-c-s1=2622
POD_MEM 22:20:36Z current_mib 8443 max_mib 10240 free_mib 1797 pressure_full_avg10 0.0 rss_mib pilot1005-h1-e-350k-c-s1=2622
GPU_SAMPLE 2026-10-05T22:20:40Z 99,4388,24576
POD_MEM 22:20:41Z current_mib 8443 max_mib 10240 free_mib 1797 pressure_full_avg10 0.0 rss_mib pilot1005-h1-e-350k-c-s1=2622
POD_MEM 22:20:46Z current_mib 8443 max_mib 10240 free_mib 1797 pressure_full_avg10 0.0 rss_mib pilot1005-h1-e-350k-c-s1=2622
POD_MEM 22:20:51Z current_mib 8443 max_mib 10240 free_mib 1797 pressure_full_avg10 0.0 rss_mib pilot1005-h1-e-350k-c-s1=2622
POD_MEM 22:20:56Z current_mib 8445 max_mib 10240 free_mib 1795 pressure_full_avg10 0.0 rss_mib pilot1005-h1-e-350k-c-s1=2623
2026/10/05 22:20:56.433, NVIDIA GeForce RTX 3090, 99 %, 4388 MiB, 24576 MiB
POD_MEM 22:21:01Z current_mib 8445 max_mib 10240 free_mib 1795 pressure_full_avg10 0.0 rss_mib pilot1005-h1-e-350k-c-s1=2623
POD_MEM 22:21:06Z current_mib 8444 max_mib 10240 free_mib 1796 pressure_full_avg10 0.0 rss_mib pilot1005-h1-e-350k-c-s1=2623
POD_MEM 22:21:11Z current_mib 8445 max_mib 10240 free_mib 1795 pressure_full_avg10 0.0 rss_mib pilot1005-h1-e-350k-c-s1=2623
POD_MEM 22:21:16Z current_mib 8445 max_mib 10240 free_mib 1795 pressure_full_avg10 0.0 rss_mib pilot1005-h1-e-350k-c-s1=2623
POD_MEM 22:21:21Z current_mib 8445 max_mib 10240 free_mib 1795 pressure_full_avg10 0.0 rss_mib pilot1005-h1-e-350k-c-s1=2623
POD_MEM 22:21:26Z current_mib 8446 max_mib 10240 free_mib 1794 pressure_full_avg10 0.0 rss_mib pilot1005-h1-e-350k-c-s1=2623
POD_MEM 22:21:31Z current_mib 8446 max_mib 10240 free_mib 1794 pressure_full_avg10 0.0 rss_mib pilot1005-h1-e-350k-c-s1=2623
POD_MEM 22:21:36Z current_mib 8446 max_mib 10240 free_mib 1794 pressure_full_avg10 0.0 rss_mib pilot1005-h1-e-350k-c-s1=2623
MONITOR CANARY_LOSS pilot1005-h1-e-350k-c-s1 PASS
MONITOR CANARY_TRACE pilot1005-h1-e-350k-c-s1 PASS
MONITOR CANARY_PID_FIRST pilot1005-h1-e-350k-c-s1 PASS
MONITOR CONTROLLER_AUDIT pilot1005-h1-e-350k-c-s1 PASS 0
MONITOR NOTIFY_ATTENTION_QK_ZERO_BIT pilot1005-h1-e-350k-c-s1 traced_epochs 4 first 49
GPU_SAMPLE 2026-10-05T22:21:40Z 56,4388,24576
POD_MEM 22:21:41Z current_mib 8450 max_mib 10240 free_mib 1790 pressure_full_avg10 0.0 rss_mib pilot1005-h1-e-350k-c-s1=2627
POD_MEM 22:21:46Z current_mib 8450 max_mib 10240 free_mib 1790 pressure_full_avg10 0.0 rss_mib pilot1005-h1-e-350k-c-s1=2627
POD_MEM 22:21:51Z current_mib 8450 max_mib 10240 free_mib 1790 pressure_full_avg10 0.0 rss_mib pilot1005-h1-e-350k-c-s1=2627
POD_MEM 22:21:56Z current_mib 8451 max_mib 10240 free_mib 1789 pressure_full_avg10 0.0 rss_mib pilot1005-h1-e-350k-c-s1=2628
2026/10/05 22:21:56.491, NVIDIA GeForce RTX 3090, 0 %, 4388 MiB, 24576 MiB
POD_MEM 22:22:01Z current_mib 8451 max_mib 10240 free_mib 1789 pressure_full_avg10 0.0 rss_mib pilot1005-h1-e-350k-c-s1=2628
POD_MEM 22:22:06Z current_mib 8451 max_mib 10240 free_mib 1789 pressure_full_avg10 0.0 rss_mib pilot1005-h1-e-350k-c-s1=2628
POD_MEM 22:22:11Z current_mib 8498 max_mib 10240 free_mib 1742 pressure_full_avg10 0.0 rss_mib pilot1005-h1-e-350k-c-s1=2673
POD_MEM 22:22:16Z current_mib 8452 max_mib 10240 free_mib 1788 pressure_full_avg10 0.0 rss_mib pilot1005-h1-e-350k-c-s1=2629
POD_MEM 22:22:21Z current_mib 8452 max_mib 10240 free_mib 1788 pressure_full_avg10 0.0 rss_mib pilot1005-h1-e-350k-c-s1=2629
POD_MEM 22:22:26Z current_mib 8452 max_mib 10240 free_mib 1788 pressure_full_avg10 0.0 rss_mib pilot1005-h1-e-350k-c-s1=2629
POD_MEM 22:22:31Z current_mib 8454 max_mib 10240 free_mib 1786 pressure_full_avg10 0.0 rss_mib pilot1005-h1-e-350k-c-s1=2630
POD_MEM 22:22:36Z current_mib 8454 max_mib 10240 free_mib 1786 pressure_full_avg10 0.0 rss_mib pilot1005-h1-e-350k-c-s1=2630
GPU_SAMPLE 2026-10-05T22:22:40Z 99,4388,24576
POD_MEM 22:22:41Z current_mib 8454 max_mib 10240 free_mib 1786 pressure_full_avg10 0.0 rss_mib pilot1005-h1-e-350k-c-s1=2630
POD_MEM 22:22:46Z current_mib 8454 max_mib 10240 free_mib 1786 pressure_full_avg10 0.0 rss_mib pilot1005-h1-e-350k-c-s1=2630
POD_MEM 22:22:51Z current_mib 8454 max_mib 10240 free_mib 1786 pressure_full_avg10 0.0 rss_mib pilot1005-h1-e-350k-c-s1=2630
POD_MEM 22:22:56Z current_mib 8454 max_mib 10240 free_mib 1786 pressure_full_avg10 0.0 rss_mib pilot1005-h1-e-350k-c-s1=2630
2026/10/05 22:22:56.547, NVIDIA GeForce RTX 3090, 23 %, 4388 MiB, 24576 MiB
POD_MEM 22:23:01Z current_mib 8454 max_mib 10240 free_mib 1786 pressure_full_avg10 0.0 rss_mib pilot1005-h1-e-350k-c-s1=2630
POD_MEM 22:23:06Z current_mib 8454 max_mib 10240 free_mib 1786 pressure_full_avg10 0.0 rss_mib pilot1005-h1-e-350k-c-s1=2630
POD_MEM 22:23:11Z current_mib 8454 max_mib 10240 free_mib 1786 pressure_full_avg10 0.0 rss_mib pilot1005-h1-e-350k-c-s1=2630
POD_MEM 22:23:16Z current_mib 8454 max_mib 10240 free_mib 1786 pressure_full_avg10 0.0 rss_mib pilot1005-h1-e-350k-c-s1=2630
POD_MEM 22:23:21Z current_mib 8454 max_mib 10240 free_mib 1786 pressure_full_avg10 0.0 rss_mib pilot1005-h1-e-350k-c-s1=2630
POD_MEM 22:23:26Z current_mib 8454 max_mib 10240 free_mib 1786 pressure_full_avg10 0.0 rss_mib pilot1005-h1-e-350k-c-s1=2630
POD_MEM 22:23:31Z current_mib 8454 max_mib 10240 free_mib 1786 pressure_full_avg10 0.0 rss_mib pilot1005-h1-e-350k-c-s1=2630
POD_MEM 22:23:36Z current_mib 8454 max_mib 10240 free_mib 1786 pressure_full_avg10 0.0 rss_mib pilot1005-h1-e-350k-c-s1=2630
GPU_SAMPLE 2026-10-05T22:23:40Z 99,4388,24576
POD_MEM 22:23:41Z current_mib 8456 max_mib 10240 free_mib 1784 pressure_full_avg10 0.0 rss_mib pilot1005-h1-e-350k-c-s1=2631
POD_MEM 22:23:46Z current_mib 8456 max_mib 10240 free_mib 1784 pressure_full_avg10 0.0 rss_mib pilot1005-h1-e-350k-c-s1=2631
POD_MEM 22:23:51Z current_mib 8456 max_mib 10240 free_mib 1784 pressure_full_avg10 0.0 rss_mib pilot1005-h1-e-350k-c-s1=2631
POD_MEM 22:23:56Z current_mib 8457 max_mib 10240 free_mib 1783 pressure_full_avg10 0.0 rss_mib pilot1005-h1-e-350k-c-s1=2631
2026/10/05 22:23:56.606, NVIDIA GeForce RTX 3090, 99 %, 4388 MiB, 24576 MiB
POD_MEM 22:24:01Z current_mib 8457 max_mib 10240 free_mib 1783 pressure_full_avg10 0.0 rss_mib pilot1005-h1-e-350k-c-s1=2631
POD_MEM 22:24:06Z current_mib 8457 max_mib 10240 free_mib 1783 pressure_full_avg10 0.0 rss_mib pilot1005-h1-e-350k-c-s1=2631
POD_MEM 22:24:11Z current_mib 8457 max_mib 10240 free_mib 1783 pressure_full_avg10 0.0 rss_mib pilot1005-h1-e-350k-c-s1=2631
POD_MEM 22:24:16Z current_mib 8457 max_mib 10240 free_mib 1783 pressure_full_avg10 0.0 rss_mib pilot1005-h1-e-350k-c-s1=2631
POD_MEM 22:24:21Z current_mib 8457 max_mib 10240 free_mib 1783 pressure_full_avg10 0.0 rss_mib pilot1005-h1-e-350k-c-s1=2631
POD_MEM 22:24:26Z current_mib 8459 max_mib 10240 free_mib 1781 pressure_full_avg10 0.0 rss_mib pilot1005-h1-e-350k-c-s1=2632
POD_MEM 22:24:31Z current_mib 8459 max_mib 10240 free_mib 1781 pressure_full_avg10 0.0 rss_mib pilot1005-h1-e-350k-c-s1=2632
POD_MEM 22:24:36Z current_mib 8459 max_mib 10240 free_mib 1781 pressure_full_avg10 0.0 rss_mib pilot1005-h1-e-350k-c-s1=2632
GPU_SAMPLE 2026-10-05T22:24:40Z 56,4388,24576
POD_MEM 22:24:41Z current_mib 8459 max_mib 10240 free_mib 1781 pressure_full_avg10 0.0 rss_mib pilot1005-h1-e-350k-c-s1=2632
POD_MEM 22:24:46Z current_mib 8459 max_mib 10240 free_mib 1781 pressure_full_avg10 0.0 rss_mib pilot1005-h1-e-350k-c-s1=2632
POD_MEM 22:24:51Z current_mib 8459 max_mib 10240 free_mib 1781 pressure_full_avg10 0.0 rss_mib pilot1005-h1-e-350k-c-s1=2632
POD_MEM 22:24:56Z current_mib 8460 max_mib 10240 free_mib 1780 pressure_full_avg10 0.0 rss_mib pilot1005-h1-e-350k-c-s1=2632
2026/10/05 22:24:56.666, NVIDIA GeForce RTX 3090, 22 %, 4388 MiB, 24576 MiB
POD_MEM 22:25:01Z current_mib 8460 max_mib 10240 free_mib 1780 pressure_full_avg10 0.0 rss_mib pilot1005-h1-e-350k-c-s1=2632
POD_MEM 22:25:06Z current_mib 8460 max_mib 10240 free_mib 1780 pressure_full_avg10 0.0 rss_mib pilot1005-h1-e-350k-c-s1=2632
POD_MEM 22:25:11Z current_mib 8552 max_mib 10240 free_mib 1688 pressure_full_avg10 0.0 rss_mib pilot1005-h1-e-350k-c-s1=2723
POD_MEM 22:25:16Z current_mib 8460 max_mib 10240 free_mib 1780 pressure_full_avg10 0.0 rss_mib pilot1005-h1-e-350k-c-s1=2632
POD_MEM 22:25:21Z current_mib 8460 max_mib 10240 free_mib 1780 pressure_full_avg10 0.0 rss_mib pilot1005-h1-e-350k-c-s1=2632
POD_MEM 22:25:26Z current_mib 8460 max_mib 10240 free_mib 1780 pressure_full_avg10 0.0 rss_mib pilot1005-h1-e-350k-c-s1=2632
POD_MEM 22:25:31Z current_mib 8461 max_mib 10240 free_mib 1779 pressure_full_avg10 0.0 rss_mib pilot1005-h1-e-350k-c-s1=2632
POD_MEM 22:25:36Z current_mib 8461 max_mib 10240 free_mib 1779 pressure_full_avg10 0.0 rss_mib pilot1005-h1-e-350k-c-s1=2632
GPU_SAMPLE 2026-10-05T22:25:40Z 100,4388,24576
POD_MEM 22:25:41Z current_mib 8461 max_mib 10240 free_mib 1779 pressure_full_avg10 0.0 rss_mib pilot1005-h1-e-350k-c-s1=2632
POD_MEM 22:25:46Z current_mib 8461 max_mib 10240 free_mib 1779 pressure_full_avg10 0.0 rss_mib pilot1005-h1-e-350k-c-s1=2632
POD_MEM 22:25:51Z current_mib 8461 max_mib 10240 free_mib 1779 pressure_full_avg10 0.0 rss_mib pilot1005-h1-e-350k-c-s1=2632
POD_MEM 22:25:56Z current_mib 8461 max_mib 10240 free_mib 1779 pressure_full_avg10 0.0 rss_mib pilot1005-h1-e-350k-c-s1=2632
2026/10/05 22:25:56.726, NVIDIA GeForce RTX 3090, 99 %, 4388 MiB, 24576 MiB
POD_MEM 22:26:01Z current_mib 8461 max_mib 10240 free_mib 1779 pressure_full_avg10 0.0 rss_mib pilot1005-h1-e-350k-c-s1=2632
POD_MEM 22:26:06Z current_mib 8461 max_mib 10240 free_mib 1779 pressure_full_avg10 0.0 rss_mib pilot1005-h1-e-350k-c-s1=2632
POD_MEM 22:26:11Z current_mib 8461 max_mib 10240 free_mib 1779 pressure_full_avg10 0.0 rss_mib pilot1005-h1-e-350k-c-s1=2632
POD_MEM 22:26:16Z current_mib 8461 max_mib 10240 free_mib 1779 pressure_full_avg10 0.0 rss_mib pilot1005-h1-e-350k-c-s1=2632
POD_MEM 22:26:21Z current_mib 8461 max_mib 10240 free_mib 1779 pressure_full_avg10 0.0 rss_mib pilot1005-h1-e-350k-c-s1=2632
POD_MEM 22:26:26Z current_mib 8461 max_mib 10240 free_mib 1779 pressure_full_avg10 0.0 rss_mib pilot1005-h1-e-350k-c-s1=2632
POD_MEM 22:26:31Z current_mib 8461 max_mib 10240 free_mib 1779 pressure_full_avg10 0.0 rss_mib pilot1005-h1-e-350k-c-s1=2632
POD_MEM 22:26:36Z current_mib 8461 max_mib 10240 free_mib 1779 pressure_full_avg10 0.0 rss_mib pilot1005-h1-e-350k-c-s1=2632
GPU_SAMPLE 2026-10-05T22:26:40Z 99,4388,24576
POD_MEM 22:26:41Z current_mib 8462 max_mib 10240 free_mib 1778 pressure_full_avg10 0.0 rss_mib pilot1005-h1-e-350k-c-s1=2632
POD_MEM 22:26:46Z current_mib 8462 max_mib 10240 free_mib 1778 pressure_full_avg10 0.0 rss_mib pilot1005-h1-e-350k-c-s1=2632
POD_MEM 22:26:51Z current_mib 8462 max_mib 10240 free_mib 1778 pressure_full_avg10 0.0 rss_mib pilot1005-h1-e-350k-c-s1=2632
POD_MEM 22:26:56Z current_mib 8462 max_mib 10240 free_mib 1778 pressure_full_avg10 0.0 rss_mib pilot1005-h1-e-350k-c-s1=2632
2026/10/05 22:26:56.798, NVIDIA GeForce RTX 3090, 100 %, 4388 MiB, 24576 MiB
POD_MEM 22:27:01Z current_mib 8443 max_mib 10240 free_mib 1797 pressure_full_avg10 0.0 rss_mib pilot1005-h1-e-350k-c-s1=2613
POD_MEM 22:27:06Z current_mib 8443 max_mib 10240 free_mib 1797 pressure_full_avg10 0.0 rss_mib pilot1005-h1-e-350k-c-s1=2613
POD_MEM 22:27:11Z current_mib 8457 max_mib 10240 free_mib 1783 pressure_full_avg10 0.0 rss_mib pilot1005-h1-e-350k-c-s1=2626
POD_MEM 22:27:16Z current_mib 8457 max_mib 10240 free_mib 1783 pressure_full_avg10 0.0 rss_mib pilot1005-h1-e-350k-c-s1=2626
POD_MEM 22:27:21Z current_mib 8457 max_mib 10240 free_mib 1783 pressure_full_avg10 0.0 rss_mib pilot1005-h1-e-350k-c-s1=2626
POD_MEM 22:27:26Z current_mib 8459 max_mib 10240 free_mib 1781 pressure_full_avg10 0.0 rss_mib pilot1005-h1-e-350k-c-s1=2627
POD_MEM 22:27:31Z current_mib 8459 max_mib 10240 free_mib 1781 pressure_full_avg10 0.0 rss_mib pilot1005-h1-e-350k-c-s1=2627
POD_MEM 22:27:36Z current_mib 8459 max_mib 10240 free_mib 1781 pressure_full_avg10 0.0 rss_mib pilot1005-h1-e-350k-c-s1=2627
GPU_SAMPLE 2026-10-05T22:27:40Z 3,4388,24576
POD_MEM 22:27:41Z current_mib 8461 max_mib 10240 free_mib 1779 pressure_full_avg10 0.0 rss_mib pilot1005-h1-e-350k-c-s1=2629
POD_MEM 22:27:46Z current_mib 8461 max_mib 10240 free_mib 1779 pressure_full_avg10 0.0 rss_mib pilot1005-h1-e-350k-c-s1=2629
POD_MEM 22:27:51Z current_mib 8461 max_mib 10240 free_mib 1779 pressure_full_avg10 0.0 rss_mib pilot1005-h1-e-350k-c-s1=2629
POD_MEM 22:27:56Z current_mib 8461 max_mib 10240 free_mib 1779 pressure_full_avg10 0.0 rss_mib pilot1005-h1-e-350k-c-s1=2629
2026/10/05 22:27:56.861, NVIDIA GeForce RTX 3090, 3 %, 4388 MiB, 24576 MiB
POD_MEM 22:28:01Z current_mib 6966 max_mib 10240 free_mib 3274 pressure_full_avg10 0.0 rss_mib pilot1005-h1-e-350k-c-s1=na
ARM_EXIT pilot1005-h1-e-350k-c-s1 5 attempt 0
ARM_LOG [epoch 30/7000] EBOPs=1622601 target=350000 above_floor=1451075 feasible=0 degenerate=0 beta=1.63e-07 val_AUC=0.855111 val_accuracy=0.573290 seconds=56.0 checkpoint=- ebops_trace_seconds=40.29 ebops_trace_over_epoch=0.721 loss=1.397258 host_rss_mb=2597
ARM_LOG [epoch 31/7000] EBOPs=untraced in_training_ebops=1684050 target=350000 beta=2.39e-07 val_AUC=0.849521 val_accuracy=0.578968 seconds=15.8 checkpoint=- ebops_trace_seconds=0.00 ebops_trace_over_epoch=0.003 loss=1.531075 host_rss_mb=2591
ARM_LOG [epoch 32/7000] EBOPs=untraced in_training_ebops=1528243 target=350000 beta=2.39e-07 val_AUC=0.832497 val_accuracy=0.554129 seconds=15.7 checkpoint=- ebops_trace_seconds=0.00 ebops_trace_over_epoch=0.003 loss=1.501136 host_rss_mb=2599
ARM_LOG [epoch 33/7000] EBOPs=untraced in_training_ebops=1368377 target=350000 beta=2.39e-07 val_AUC=0.838242 val_accuracy=0.560790 seconds=15.5 checkpoint=- ebops_trace_seconds=0.00 ebops_trace_over_epoch=0.003 loss=1.459252 host_rss_mb=2599
ARM_LOG [epoch 34/7000] EBOPs=untraced in_training_ebops=1307477 target=350000 beta=2.39e-07 val_AUC=0.835335 val_accuracy=0.544823 seconds=15.6 checkpoint=- ebops_trace_seconds=0.00 ebops_trace_over_epoch=0.003 loss=1.457614 host_rss_mb=2601
ARM_LOG [epoch 35/7000] EBOPs=untraced in_training_ebops=1190496 target=350000 beta=2.39e-07 val_AUC=0.831954 val_accuracy=0.535226 seconds=15.4 checkpoint=- ebops_trace_seconds=0.00 ebops_trace_over_epoch=0.003 loss=1.442651 host_rss_mb=2602
ARM_LOG [epoch 36/7000] EBOPs=untraced in_training_ebops=1173789 target=350000 beta=2.39e-07 val_AUC=0.838539 val_accuracy=0.557710 seconds=15.3 checkpoint=- ebops_trace_seconds=0.00 ebops_trace_over_epoch=0.003 loss=1.441425 host_rss_mb=2604
ARM_LOG [epoch 37/7000] EBOPs=untraced in_training_ebops=1080259 target=350000 beta=2.39e-07 val_AUC=0.838194 val_accuracy=0.529145 seconds=15.4 checkpoint=- ebops_trace_seconds=0.00 ebops_trace_over_epoch=0.003 loss=1.428203 host_rss_mb=2604
ARM_LOG [epoch 38/7000] EBOPs=untraced in_training_ebops=963554 target=350000 beta=2.39e-07 val_AUC=0.834404 val_accuracy=0.547597 seconds=15.4 checkpoint=- ebops_trace_seconds=0.00 ebops_trace_over_epoch=0.003 loss=1.402168 host_rss_mb=2606
ARM_LOG [epoch 39/7000] EBOPs=untraced in_training_ebops=931508 target=350000 beta=2.39e-07 val_AUC=0.843244 val_accuracy=0.575516 seconds=15.4 checkpoint=- ebops_trace_seconds=0.00 ebops_trace_over_epoch=0.003 loss=1.381417 host_rss_mb=2606
ARM_LOG [epoch 40/7000] EBOPs=897106 target=350000 above_floor=725580 feasible=0 degenerate=0 beta=2.39e-07 val_AUC=0.824484 val_accuracy=0.522048 seconds=55.8 checkpoint=- ebops_trace_seconds=40.16 ebops_trace_over_epoch=0.720 loss=1.396030 host_rss_mb=2606
ARM_LOG [epoch 41/7000] EBOPs=untraced in_training_ebops=944668 target=350000 beta=2.12e-07 val_AUC=0.829900 val_accuracy=0.550613 seconds=15.4 checkpoint=- ebops_trace_seconds=0.00 ebops_trace_over_epoch=0.003 loss=1.395601 host_rss_mb=2606
ARM_LOG [epoch 42/7000] EBOPs=untraced in_training_ebops=942672 target=350000 beta=2.12e-07 val_AUC=0.823921 val_accuracy=0.541871 seconds=15.3 checkpoint=- ebops_trace_seconds=0.00 ebops_trace_over_epoch=0.003 loss=1.369878 host_rss_mb=2607
ARM_LOG [epoch 43/7000] EBOPs=untraced in_training_ebops=836775 target=350000 beta=2.12e-07 val_AUC=0.829797 val_accuracy=0.540097 seconds=15.4 checkpoint=- ebops_trace_seconds=0.00 ebops_trace_over_epoch=0.003 loss=1.357136 host_rss_mb=2610
ARM_LOG [epoch 44/7000] EBOPs=untraced in_training_ebops=769894 target=350000 beta=2.12e-07 val_AUC=0.841560 val_accuracy=0.535984 seconds=15.5 checkpoint=- ebops_trace_seconds=0.00 ebops_trace_over_epoch=0.003 loss=1.336337 host_rss_mb=2610
ARM_LOG [epoch 45/7000] EBOPs=untraced in_training_ebops=748635 target=350000 beta=2.12e-07 val_AUC=0.824329 val_accuracy=0.508710 seconds=15.3 checkpoint=- ebops_trace_seconds=0.00 ebops_trace_over_epoch=0.003 loss=1.330965 host_rss_mb=2611
ARM_LOG [epoch 46/7000] EBOPs=untraced in_training_ebops=717047 target=350000 beta=2.12e-07 val_AUC=0.811371 val_accuracy=0.513726 seconds=15.5 checkpoint=- ebops_trace_seconds=0.00 ebops_trace_over_epoch=0.003 loss=1.367841 host_rss_mb=2614
ARM_LOG [epoch 47/7000] EBOPs=untraced in_training_ebops=707332 target=350000 beta=2.12e-07 val_AUC=0.803547 val_accuracy=0.467597 seconds=15.3 checkpoint=- ebops_trace_seconds=0.00 ebops_trace_over_epoch=0.003 loss=1.356377 host_rss_mb=2614
ARM_LOG [epoch 48/7000] EBOPs=untraced in_training_ebops=681966 target=350000 beta=2.12e-07 val_AUC=0.831460 val_accuracy=0.538806 seconds=15.3 checkpoint=- ebops_trace_seconds=0.00 ebops_trace_over_epoch=0.003 loss=1.352755 host_rss_mb=2614
ARM_LOG [epoch 49/7000] EBOPs=untraced in_training_ebops=675994 target=350000 beta=2.12e-07 val_AUC=0.833169 val_accuracy=0.533774 seconds=15.4 checkpoint=- ebops_trace_seconds=0.00 ebops_trace_over_epoch=0.003 loss=1.304302 host_rss_mb=2615
ARM_LOG [epoch 50/7000] EBOPs=622444 target=350000 above_floor=450918 feasible=0 degenerate=0 beta=2.12e-07 val_AUC=0.834055 val_accuracy=0.557371 seconds=55.0 checkpoint=epoch-0050 ebops_trace_seconds=39.58 ebops_trace_over_epoch=0.721 loss=1.375069 host_rss_mb=2617
ARM_LOG [epoch 51/7000] EBOPs=untraced in_training_ebops=685540 target=350000 beta=1.96e-07 val_AUC=0.819092 val_accuracy=0.528387 seconds=15.3 checkpoint=- ebops_trace_seconds=0.00 ebops_trace_over_epoch=0.003 loss=1.321768 host_rss_mb=2617
ARM_LOG [epoch 52/7000] EBOPs=untraced in_training_ebops=689099 target=350000 beta=1.96e-07 val_AUC=0.818567 val_accuracy=0.513032 seconds=15.5 checkpoint=- ebops_trace_seconds=0.00 ebops_trace_over_epoch=0.003 loss=1.315344 host_rss_mb=2617
ARM_LOG [epoch 53/7000] EBOPs=untraced in_training_ebops=660258 target=350000 beta=1.96e-07 val_AUC=0.837829 val_accuracy=0.558484 seconds=15.4 checkpoint=- ebops_trace_seconds=0.00 ebops_trace_over_epoch=0.003 loss=1.322681 host_rss_mb=2617
ARM_LOG [epoch 54/7000] EBOPs=untraced in_training_ebops=686810 target=350000 beta=1.96e-07 val_AUC=0.821954 val_accuracy=0.507194 seconds=15.4 checkpoint=- ebops_trace_seconds=0.00 ebops_trace_over_epoch=0.003 loss=1.326297 host_rss_mb=2617
ARM_LOG [epoch 55/7000] EBOPs=untraced in_training_ebops=689874 target=350000 beta=1.96e-07 val_AUC=0.838651 val_accuracy=0.532726 seconds=15.7 checkpoint=- ebops_trace_seconds=0.00 ebops_trace_over_epoch=0.003 loss=1.322771 host_rss_mb=2609
ARM_LOG [epoch 56/7000] EBOPs=untraced in_training_ebops=664313 target=350000 beta=1.96e-07 val_AUC=0.767007 val_accuracy=0.411613 seconds=15.3 checkpoint=- ebops_trace_seconds=0.00 ebops_trace_over_epoch=0.003 loss=1.339107 host_rss_mb=2611
ARM_LOG [epoch 57/7000] EBOPs=untraced in_training_ebops=646544 target=350000 beta=1.96e-07 val_AUC=0.806775 val_accuracy=0.396210 seconds=15.5 checkpoint=- ebops_trace_seconds=0.00 ebops_trace_over_epoch=0.003 loss=1.325034 host_rss_mb=2613
ARM_LOG [epoch 58/7000] EBOPs=untraced in_training_ebops=637485 target=350000 beta=1.96e-07 val_AUC=0.811362 val_accuracy=0.533548 seconds=15.4 checkpoint=- ebops_trace_seconds=0.00 ebops_trace_over_epoch=0.003 loss=1.331299 host_rss_mb=2616
ARM_LOG [epoch 59/7000] EBOPs=untraced in_training_ebops=633812 target=350000 beta=1.96e-07 val_AUC=0.796394 val_accuracy=0.471161 seconds=15.5 checkpoint=- ebops_trace_seconds=0.00 ebops_trace_over_epoch=0.003 loss=1.340432 host_rss_mb=2616
ARM_LOG [epoch 60/7000] EBOPs=580187 target=350000 above_floor=408661 feasible=0 degenerate=0 beta=1.96e-07 val_AUC=0.822532 val_accuracy=0.540887 seconds=55.7 checkpoint=- ebops_trace_seconds=40.15 ebops_trace_over_epoch=0.722 loss=1.353167 host_rss_mb=2620
ARM_LOG [epoch 61/7000] EBOPs=untraced in_training_ebops=618138 target=350000 beta=2.35e-07 val_AUC=0.797489 val_accuracy=0.492516 seconds=15.4 checkpoint=- ebops_trace_seconds=0.00 ebops_trace_over_epoch=0.003 loss=1.377514 host_rss_mb=2620
ARM_LOG [epoch 62/7000] EBOPs=untraced in_training_ebops=614645 target=350000 beta=2.35e-07 val_AUC=0.792220 val_accuracy=0.388516 seconds=15.3 checkpoint=- ebops_trace_seconds=0.00 ebops_trace_over_epoch=0.003 loss=1.389815 host_rss_mb=2620
ARM_LOG [epoch 63/7000] EBOPs=untraced in_training_ebops=617248 target=350000 beta=2.35e-07 val_AUC=0.799106 val_accuracy=0.480194 seconds=15.4 checkpoint=- ebops_trace_seconds=0.00 ebops_trace_over_epoch=0.003 loss=1.369685 host_rss_mb=2620
ARM_LOG [epoch 64/7000] EBOPs=untraced in_training_ebops=620726 target=350000 beta=2.35e-07 val_AUC=0.803218 val_accuracy=0.490629 seconds=15.3 checkpoint=- ebops_trace_seconds=0.00 ebops_trace_over_epoch=0.003 loss=1.362384 host_rss_mb=2620
ARM_LOG [epoch 65/7000] EBOPs=untraced in_training_ebops=611964 target=350000 beta=2.35e-07 val_AUC=0.806718 val_accuracy=0.433097 seconds=15.4 checkpoint=- ebops_trace_seconds=0.00 ebops_trace_over_epoch=0.003 loss=1.394558 host_rss_mb=2620
ARM_LOG [epoch 66/7000] EBOPs=untraced in_training_ebops=613017 target=350000 beta=2.35e-07 val_AUC=0.828856 val_accuracy=0.537371 seconds=15.9 checkpoint=- ebops_trace_seconds=0.00 ebops_trace_over_epoch=0.003 loss=1.379255 host_rss_mb=2620
ARM_LOG [epoch 67/7000] EBOPs=untraced in_training_ebops=614079 target=350000 beta=2.35e-07 val_AUC=0.814377 val_accuracy=0.475742 seconds=15.7 checkpoint=- ebops_trace_seconds=0.00 ebops_trace_over_epoch=0.003 loss=1.406572 host_rss_mb=2620
ARM_LOG [epoch 68/7000] EBOPs=untraced in_training_ebops=610060 target=350000 beta=2.35e-07 val_AUC=0.812451 val_accuracy=0.510774 seconds=15.6 checkpoint=- ebops_trace_seconds=0.00 ebops_trace_over_epoch=0.003 loss=1.371971 host_rss_mb=2621
ARM_LOG [epoch 69/7000] EBOPs=untraced in_training_ebops=614657 target=350000 beta=2.35e-07 val_AUC=0.813236 val_accuracy=0.522129 seconds=15.3 checkpoint=- ebops_trace_seconds=0.00 ebops_trace_over_epoch=0.003 loss=1.401011 host_rss_mb=2621
ARM_LOG [epoch 70/7000] EBOPs=565972 target=350000 above_floor=394446 feasible=0 degenerate=0 beta=2.35e-07 val_AUC=0.809010 val_accuracy=0.493661 seconds=55.2 checkpoint=- ebops_trace_seconds=39.78 ebops_trace_over_epoch=0.722 loss=1.404784 host_rss_mb=2621
ARM_LOG [epoch 71/7000] EBOPs=untraced in_training_ebops=595022 target=350000 beta=2.92e-07 val_AUC=0.802877 val_accuracy=0.513952 seconds=15.3 checkpoint=- ebops_trace_seconds=0.00 ebops_trace_over_epoch=0.003 loss=1.453540 host_rss_mb=2621
ARM_LOG [epoch 72/7000] EBOPs=untraced in_training_ebops=604355 target=350000 beta=2.92e-07 val_AUC=0.808902 val_accuracy=0.494016 seconds=15.4 checkpoint=- ebops_trace_seconds=0.00 ebops_trace_over_epoch=0.003 loss=1.399490 host_rss_mb=2622
ARM_LOG [epoch 73/7000] EBOPs=untraced in_training_ebops=602781 target=350000 beta=2.92e-07 val_AUC=0.760036 val_accuracy=0.426419 seconds=15.3 checkpoint=- ebops_trace_seconds=0.00 ebops_trace_over_epoch=0.003 loss=1.424048 host_rss_mb=2622
ARM_LOG [epoch 74/7000] EBOPs=untraced in_training_ebops=597704 target=350000 beta=2.92e-07 val_AUC=0.782853 val_accuracy=0.476613 seconds=15.4 checkpoint=- ebops_trace_seconds=0.00 ebops_trace_over_epoch=0.003 loss=1.423856 host_rss_mb=2622
ARM_LOG [epoch 75/7000] EBOPs=untraced in_training_ebops=600675 target=350000 beta=2.92e-07 val_AUC=0.795438 val_accuracy=0.475210 seconds=15.3 checkpoint=epoch-0075 ebops_trace_seconds=0.00 ebops_trace_over_epoch=0.003 loss=1.410963 host_rss_mb=2621
ARM_LOG [epoch 76/7000] EBOPs=untraced in_training_ebops=593593 target=350000 beta=2.92e-07 val_AUC=0.816667 val_accuracy=0.497484 seconds=15.3 checkpoint=- ebops_trace_seconds=0.00 ebops_trace_over_epoch=0.003 loss=1.436558 host_rss_mb=2621
ARM_LOG [epoch 77/7000] EBOPs=untraced in_training_ebops=591091 target=350000 beta=2.92e-07 val_AUC=0.791350 val_accuracy=0.411887 seconds=15.5 checkpoint=- ebops_trace_seconds=0.00 ebops_trace_over_epoch=0.003 loss=1.420737 host_rss_mb=2623
ARM_LOG [epoch 78/7000] EBOPs=untraced in_training_ebops=590570 target=350000 beta=2.92e-07 val_AUC=0.795801 val_accuracy=0.445887 seconds=15.4 checkpoint=- ebops_trace_seconds=0.00 ebops_trace_over_epoch=0.003 loss=1.410471 host_rss_mb=2617
ARM_LOG [epoch 79/7000] EBOPs=untraced in_training_ebops=592178 target=350000 beta=2.92e-07 val_AUC=0.814177 val_accuracy=0.525629 seconds=15.3 checkpoint=- ebops_trace_seconds=0.00 ebops_trace_over_epoch=0.003 loss=1.446346 host_rss_mb=2621
ARM_LOG [epoch 80/7000] EBOPs=556600 target=350000 above_floor=385074 feasible=0 degenerate=0 beta=2.92e-07 val_AUC=0.798368 val_accuracy=0.479903 seconds=55.8 checkpoint=- ebops_trace_seconds=40.20 ebops_trace_over_epoch=0.721 loss=1.441344 host_rss_mb=2621
ARM_LOG [epoch 81/7000] EBOPs=untraced in_training_ebops=572434 target=350000 beta=3.62e-07 val_AUC=0.826615 val_accuracy=0.512081 seconds=15.3 checkpoint=- ebops_trace_seconds=0.00 ebops_trace_over_epoch=0.003 loss=1.442425 host_rss_mb=2622
ARM_LOG [epoch 82/7000] EBOPs=untraced in_training_ebops=565852 target=350000 beta=3.62e-07 val_AUC=0.795970 val_accuracy=0.450323 seconds=15.3 checkpoint=- ebops_trace_seconds=0.00 ebops_trace_over_epoch=0.003 loss=1.470386 host_rss_mb=2622
ARM_LOG [epoch 83/7000] EBOPs=untraced in_training_ebops=565944 target=350000 beta=3.62e-07 val_AUC=0.815463 val_accuracy=0.519532 seconds=15.3 checkpoint=- ebops_trace_seconds=0.00 ebops_trace_over_epoch=0.003 loss=1.505097 host_rss_mb=2623
ARM_LOG [epoch 84/7000] EBOPs=untraced in_training_ebops=572160 target=350000 beta=3.62e-07 val_AUC=0.796847 val_accuracy=0.472194 seconds=15.3 checkpoint=- ebops_trace_seconds=0.00 ebops_trace_over_epoch=0.003 loss=1.491050 host_rss_mb=2623
ARM_LOG [epoch 85/7000] EBOPs=untraced in_training_ebops=575883 target=350000 beta=3.62e-07 val_AUC=0.801207 val_accuracy=0.475935 seconds=15.4 checkpoint=- ebops_trace_seconds=0.00 ebops_trace_over_epoch=0.003 loss=1.507079 host_rss_mb=2623
ARM_LOG [epoch 86/7000] EBOPs=untraced in_training_ebops=572227 target=350000 beta=3.62e-07 val_AUC=0.794126 val_accuracy=0.435145 seconds=15.3 checkpoint=- ebops_trace_seconds=0.00 ebops_trace_over_epoch=0.003 loss=1.496577 host_rss_mb=2627
ARM_LOG [epoch 87/7000] EBOPs=untraced in_training_ebops=565470 target=350000 beta=3.62e-07 val_AUC=0.806907 val_accuracy=0.473581 seconds=15.4 checkpoint=- ebops_trace_seconds=0.00 ebops_trace_over_epoch=0.003 loss=1.492054 host_rss_mb=2628
ARM_LOG [epoch 88/7000] EBOPs=untraced in_training_ebops=568924 target=350000 beta=3.62e-07 val_AUC=0.785310 val_accuracy=0.478984 seconds=15.3 checkpoint=- ebops_trace_seconds=0.00 ebops_trace_over_epoch=0.003 loss=1.481323 host_rss_mb=2629
ARM_LOG [epoch 89/7000] EBOPs=untraced in_training_ebops=571020 target=350000 beta=3.62e-07 val_AUC=0.808704 val_accuracy=0.506065 seconds=15.4 checkpoint=- ebops_trace_seconds=0.00 ebops_trace_over_epoch=0.003 loss=1.472567 host_rss_mb=2630
ARM_LOG [epoch 90/7000] EBOPs=506787 target=350000 above_floor=335261 feasible=0 degenerate=0 beta=3.62e-07 val_AUC=0.792355 val_accuracy=0.480145 seconds=55.1 checkpoint=- ebops_trace_seconds=39.54 ebops_trace_over_epoch=0.718 loss=1.486675 host_rss_mb=2630
ARM_LOG [epoch 91/7000] EBOPs=untraced in_training_ebops=549364 target=350000 beta=3.97e-07 val_AUC=0.816997 val_accuracy=0.520984 seconds=15.5 checkpoint=- ebops_trace_seconds=0.00 ebops_trace_over_epoch=0.003 loss=1.509383 host_rss_mb=2631
ARM_LOG [epoch 92/7000] EBOPs=untraced in_training_ebops=551070 target=350000 beta=3.97e-07 val_AUC=0.795244 val_accuracy=0.459532 seconds=15.3 checkpoint=- ebops_trace_seconds=0.00 ebops_trace_over_epoch=0.003 loss=1.511731 host_rss_mb=2631
ARM_LOG [epoch 93/7000] EBOPs=untraced in_training_ebops=558349 target=350000 beta=3.97e-07 val_AUC=0.810167 val_accuracy=0.502839 seconds=15.3 checkpoint=- ebops_trace_seconds=0.00 ebops_trace_over_epoch=0.003 loss=1.503362 host_rss_mb=2631
ARM_LOG [epoch 94/7000] EBOPs=untraced in_training_ebops=553736 target=350000 beta=3.97e-07 val_AUC=0.789431 val_accuracy=0.436274 seconds=15.3 checkpoint=- ebops_trace_seconds=0.00 ebops_trace_over_epoch=0.003 loss=1.520642 host_rss_mb=2632
ARM_LOG [epoch 95/7000] EBOPs=untraced in_training_ebops=552626 target=350000 beta=3.97e-07 val_AUC=0.795800 val_accuracy=0.473210 seconds=15.3 checkpoint=- ebops_trace_seconds=0.00 ebops_trace_over_epoch=0.003 loss=1.531492 host_rss_mb=2632
ARM_LOG [epoch 96/7000] EBOPs=untraced in_training_ebops=563929 target=350000 beta=3.97e-07 val_AUC=0.733654 val_accuracy=0.396645 seconds=15.2 checkpoint=- ebops_trace_seconds=0.00 ebops_trace_over_epoch=0.003 loss=1.526632 host_rss_mb=2632
ARM_LOG [epoch 97/7000] EBOPs=untraced in_training_ebops=560982 target=350000 beta=3.97e-07 val_AUC=0.782056 val_accuracy=0.446081 seconds=15.4 checkpoint=- ebops_trace_seconds=0.00 ebops_trace_over_epoch=0.003 loss=1.503759 host_rss_mb=2632
ARM_LOG [epoch 98/7000] EBOPs=untraced in_training_ebops=558920 target=350000 beta=3.97e-07 val_AUC=0.700363 val_accuracy=0.372097 seconds=15.4 checkpoint=- ebops_trace_seconds=0.00 ebops_trace_over_epoch=0.003 loss=1.523416 host_rss_mb=2632
ARM_LOG [epoch 99/7000] EBOPs=untraced in_training_ebops=554896 target=350000 beta=3.97e-07 val_AUC=0.757847 val_accuracy=0.424016 seconds=15.3 checkpoint=- ebops_trace_seconds=0.00 ebops_trace_over_epoch=0.003 loss=1.530661 host_rss_mb=2632
ARM_LOG [epoch 100/7000] EBOPs=490923 target=350000 above_floor=319397 feasible=0 degenerate=0 beta=3.97e-07 val_AUC=0.799890 val_accuracy=0.489629 seconds=55.2 checkpoint=epoch-0100 ebops_trace_seconds=39.77 ebops_trace_over_epoch=0.721 loss=1.548655 host_rss_mb=2632
ARM_LOG [epoch 101/7000] EBOPs=untraced in_training_ebops=534100 target=350000 beta=4.55e-07 val_AUC=0.799722 val_accuracy=0.516484 seconds=15.3 checkpoint=- ebops_trace_seconds=0.00 ebops_trace_over_epoch=0.003 loss=1.549483 host_rss_mb=2632
ARM_LOG [epoch 102/7000] EBOPs=untraced in_training_ebops=547722 target=350000 beta=4.55e-07 val_AUC=0.781385 val_accuracy=0.484968 seconds=15.3 checkpoint=- ebops_trace_seconds=0.00 ebops_trace_over_epoch=0.003 loss=1.557343 host_rss_mb=2626
ARM_LOG [epoch 103/7000] EBOPs=untraced in_training_ebops=576071 target=350000 beta=4.55e-07 val_AUC=0.772552 val_accuracy=0.436274 seconds=15.5 checkpoint=- ebops_trace_seconds=0.00 ebops_trace_over_epoch=0.003 loss=1.553219 host_rss_mb=2627
ARM_LOG [epoch 104/7000] EBOPs=untraced in_training_ebops=560026 target=350000 beta=4.55e-07 val_AUC=0.782762 val_accuracy=0.486645 seconds=15.4 checkpoint=- ebops_trace_seconds=0.00 ebops_trace_over_epoch=0.003 loss=1.558504 host_rss_mb=2629
ARM_LOG RSS_GATE pilot1005-h1-e-350k-c-s1 FAIL slope_mb_per_epoch 0.850 baseline_mb 2563 projection_mb 8514 at_epoch 7000 limit_mb 8192 fit_epochs 5-104 of this process
ARM_LOG wandb: updating run metadata
ARM_LOG wandb: 🚀 View run pilot1005-h1-e-350k-c-s1 at: https://wandb.ai/kayamaguchi-uc-san-diego/BNJetTag-ChangRecipe/runs/f3aa4ffeacb1
ARM_LOG wandb: ⭐️ View project at: https://wandb.ai/kayamaguchi-uc-san-diego/BNJetTag-ChangRecipe
ARM_LOG wandb: Synced 5 W&B file(s), 0 media file(s), 0 artifact file(s) and 0 other file(s)
ARM_MEMORY_GATE_FAILED pilot1005-h1-e-350k-c-s1
PACK_DONE diverged [] failed ['pilot1005-h1-e-350k-c-s1']
ARM_RSS_GATE_FINAL pilot1005-h1-e-350k-c-s1 run_pack_exit=1
PACK_EPOCH0_CHECK pilot1005-h1-e-350k-c-s1=None
FINAL CANARY_LOSS pilot1005-h1-e-350k-c-s1 PASS
FINAL CANARY_TRACE pilot1005-h1-e-350k-c-s1 PASS
FINAL CANARY_PID_FIRST pilot1005-h1-e-350k-c-s1 PASS
FINAL CONTROLLER_AUDIT pilot1005-h1-e-350k-c-s1 PASS 0
FINAL NOTIFY_ATTENTION_QK_ZERO_BIT pilot1005-h1-e-350k-c-s1 traced_epochs 6 first 49
PILOT_ARM_DONE pilot1005-h1-e-350k-c-s1 run_pack_exit=1
POD_EXIT_FINAL rc=1 exit=5 elapsed_s=2317
