Defaulted container "train" out of: train, record-run-handoff (init)
POD_MEM 22:45:18Z current_mib 8302 max_mib 10240 free_mib 1938 pressure_full_avg10 0.0 rss_mib pilot1005-h2-e-750k-c-s1=2596
POD_MEM 22:45:23Z current_mib 8302 max_mib 10240 free_mib 1938 pressure_full_avg10 0.0 rss_mib pilot1005-h2-e-750k-c-s1=2596
POD_MEM 22:45:28Z current_mib 8302 max_mib 10240 free_mib 1938 pressure_full_avg10 0.0 rss_mib pilot1005-h2-e-750k-c-s1=2596
GPU_SAMPLE 2026-10-05T22:45:32Z 16,4388,24576
POD_MEM 22:45:33Z current_mib 8302 max_mib 10240 free_mib 1938 pressure_full_avg10 0.0 rss_mib pilot1005-h2-e-750k-c-s1=2596
POD_MEM 22:45:38Z current_mib 8304 max_mib 10240 free_mib 1936 pressure_full_avg10 0.0 rss_mib pilot1005-h2-e-750k-c-s1=2598
POD_MEM 22:45:43Z current_mib 8304 max_mib 10240 free_mib 1936 pressure_full_avg10 0.0 rss_mib pilot1005-h2-e-750k-c-s1=2598
POD_MEM 22:45:48Z current_mib 8304 max_mib 10240 free_mib 1936 pressure_full_avg10 0.0 rss_mib pilot1005-h2-e-750k-c-s1=2598
2026/10/05 22:45:48.316, NVIDIA GeForce RTX 3090, 99 %, 4388 MiB, 24576 MiB
POD_MEM 22:45:53Z current_mib 8309 max_mib 10240 free_mib 1931 pressure_full_avg10 0.0 rss_mib pilot1005-h2-e-750k-c-s1=2602
POD_MEM 22:45:58Z current_mib 8309 max_mib 10240 free_mib 1931 pressure_full_avg10 0.0 rss_mib pilot1005-h2-e-750k-c-s1=2602
POD_MEM 22:46:03Z current_mib 8309 max_mib 10240 free_mib 1931 pressure_full_avg10 0.0 rss_mib pilot1005-h2-e-750k-c-s1=2602
POD_MEM 22:46:08Z current_mib 8312 max_mib 10240 free_mib 1928 pressure_full_avg10 0.0 rss_mib pilot1005-h2-e-750k-c-s1=2605
POD_MEM 22:46:13Z current_mib 8312 max_mib 10240 free_mib 1928 pressure_full_avg10 0.0 rss_mib pilot1005-h2-e-750k-c-s1=2605
POD_MEM 22:46:18Z current_mib 8312 max_mib 10240 free_mib 1928 pressure_full_avg10 0.0 rss_mib pilot1005-h2-e-750k-c-s1=2605
POD_MEM 22:46:23Z current_mib 8314 max_mib 10240 free_mib 1926 pressure_full_avg10 0.0 rss_mib pilot1005-h2-e-750k-c-s1=2606
POD_MEM 22:46:28Z current_mib 8313 max_mib 10240 free_mib 1927 pressure_full_avg10 0.0 rss_mib pilot1005-h2-e-750k-c-s1=2606
GPU_SAMPLE 2026-10-05T22:46:32Z 99,4388,24576
POD_MEM 22:46:33Z current_mib 8314 max_mib 10240 free_mib 1926 pressure_full_avg10 0.0 rss_mib pilot1005-h2-e-750k-c-s1=2606
POD_MEM 22:46:38Z current_mib 8313 max_mib 10240 free_mib 1927 pressure_full_avg10 0.0 rss_mib pilot1005-h2-e-750k-c-s1=2606
POD_MEM 22:46:43Z current_mib 8314 max_mib 10240 free_mib 1926 pressure_full_avg10 0.0 rss_mib pilot1005-h2-e-750k-c-s1=2606
POD_MEM 22:46:48Z current_mib 8314 max_mib 10240 free_mib 1926 pressure_full_avg10 0.0 rss_mib pilot1005-h2-e-750k-c-s1=2606
2026/10/05 22:46:48.375, NVIDIA GeForce RTX 3090, 99 %, 4388 MiB, 24576 MiB
POD_MEM 22:46:53Z current_mib 8400 max_mib 10240 free_mib 1840 pressure_full_avg10 0.0 rss_mib pilot1005-h2-e-750k-c-s1=2693
POD_MEM 22:46:58Z current_mib 8318 max_mib 10240 free_mib 1922 pressure_full_avg10 0.0 rss_mib pilot1005-h2-e-750k-c-s1=2609
POD_MEM 22:47:03Z current_mib 8318 max_mib 10240 free_mib 1922 pressure_full_avg10 0.0 rss_mib pilot1005-h2-e-750k-c-s1=2609
POD_MEM 22:47:08Z current_mib 8318 max_mib 10240 free_mib 1922 pressure_full_avg10 0.0 rss_mib pilot1005-h2-e-750k-c-s1=2609
POD_MEM 22:47:13Z current_mib 8320 max_mib 10240 free_mib 1920 pressure_full_avg10 0.0 rss_mib pilot1005-h2-e-750k-c-s1=2610
POD_MEM 22:47:18Z current_mib 8320 max_mib 10240 free_mib 1920 pressure_full_avg10 0.0 rss_mib pilot1005-h2-e-750k-c-s1=2610
POD_MEM 22:47:23Z current_mib 8320 max_mib 10240 free_mib 1920 pressure_full_avg10 0.0 rss_mib pilot1005-h2-e-750k-c-s1=2610
POD_MEM 22:47:28Z current_mib 8320 max_mib 10240 free_mib 1920 pressure_full_avg10 0.0 rss_mib pilot1005-h2-e-750k-c-s1=2610
GPU_SAMPLE 2026-10-05T22:47:32Z 99,4388,24576
POD_MEM 22:47:33Z current_mib 8320 max_mib 10240 free_mib 1920 pressure_full_avg10 0.0 rss_mib pilot1005-h2-e-750k-c-s1=2610
POD_MEM 22:47:38Z current_mib 8320 max_mib 10240 free_mib 1920 pressure_full_avg10 0.0 rss_mib pilot1005-h2-e-750k-c-s1=2610
POD_MEM 22:47:43Z current_mib 8321 max_mib 10240 free_mib 1919 pressure_full_avg10 0.0 rss_mib pilot1005-h2-e-750k-c-s1=2610
POD_MEM 22:47:48Z current_mib 8321 max_mib 10240 free_mib 1919 pressure_full_avg10 0.0 rss_mib pilot1005-h2-e-750k-c-s1=2610
2026/10/05 22:47:48.433, NVIDIA GeForce RTX 3090, 99 %, 4388 MiB, 24576 MiB
POD_MEM 22:47:53Z current_mib 8321 max_mib 10240 free_mib 1919 pressure_full_avg10 0.0 rss_mib pilot1005-h2-e-750k-c-s1=2610
POD_MEM 22:47:58Z current_mib 8321 max_mib 10240 free_mib 1919 pressure_full_avg10 0.0 rss_mib pilot1005-h2-e-750k-c-s1=2610
POD_MEM 22:48:03Z current_mib 8321 max_mib 10240 free_mib 1919 pressure_full_avg10 0.0 rss_mib pilot1005-h2-e-750k-c-s1=2610
POD_MEM 22:48:08Z current_mib 8321 max_mib 10240 free_mib 1919 pressure_full_avg10 0.0 rss_mib pilot1005-h2-e-750k-c-s1=2610
POD_MEM 22:48:13Z current_mib 8321 max_mib 10240 free_mib 1919 pressure_full_avg10 0.0 rss_mib pilot1005-h2-e-750k-c-s1=2610
POD_MEM 22:48:18Z current_mib 8321 max_mib 10240 free_mib 1919 pressure_full_avg10 0.0 rss_mib pilot1005-h2-e-750k-c-s1=2610
POD_MEM 22:48:23Z current_mib 8321 max_mib 10240 free_mib 1919 pressure_full_avg10 0.0 rss_mib pilot1005-h2-e-750k-c-s1=2610
POD_MEM 22:48:28Z current_mib 8321 max_mib 10240 free_mib 1919 pressure_full_avg10 0.0 rss_mib pilot1005-h2-e-750k-c-s1=2610
GPU_SAMPLE 2026-10-05T22:48:33Z 21,4388,24576
POD_MEM 22:48:33Z current_mib 8321 max_mib 10240 free_mib 1919 pressure_full_avg10 0.0 rss_mib pilot1005-h2-e-750k-c-s1=2610
POD_MEM 22:48:38Z current_mib 8321 max_mib 10240 free_mib 1919 pressure_full_avg10 0.0 rss_mib pilot1005-h2-e-750k-c-s1=2610
POD_MEM 22:48:43Z current_mib 8321 max_mib 10240 free_mib 1919 pressure_full_avg10 0.0 rss_mib pilot1005-h2-e-750k-c-s1=2610
POD_MEM 22:48:48Z current_mib 8321 max_mib 10240 free_mib 1919 pressure_full_avg10 0.0 rss_mib pilot1005-h2-e-750k-c-s1=2610
2026/10/05 22:48:48.493, NVIDIA GeForce RTX 3090, 26 %, 4388 MiB, 24576 MiB
POD_MEM 22:48:53Z current_mib 8326 max_mib 10240 free_mib 1914 pressure_full_avg10 0.0 rss_mib pilot1005-h2-e-750k-c-s1=2611
POD_MEM 22:48:58Z current_mib 8326 max_mib 10240 free_mib 1914 pressure_full_avg10 0.0 rss_mib pilot1005-h2-e-750k-c-s1=2611
POD_MEM 22:49:03Z current_mib 8326 max_mib 10240 free_mib 1914 pressure_full_avg10 0.0 rss_mib pilot1005-h2-e-750k-c-s1=2611
POD_MEM 22:49:08Z current_mib 8329 max_mib 10240 free_mib 1911 pressure_full_avg10 0.0 rss_mib pilot1005-h2-e-750k-c-s1=2614
POD_MEM 22:49:13Z current_mib 8329 max_mib 10240 free_mib 1911 pressure_full_avg10 0.0 rss_mib pilot1005-h2-e-750k-c-s1=2614
POD_MEM 22:49:18Z current_mib 8329 max_mib 10240 free_mib 1911 pressure_full_avg10 0.0 rss_mib pilot1005-h2-e-750k-c-s1=2614
POD_MEM 22:49:23Z current_mib 8412 max_mib 10240 free_mib 1828 pressure_full_avg10 0.0 rss_mib pilot1005-h2-e-750k-c-s1=2698
POD_MEM 22:49:28Z current_mib 8330 max_mib 10240 free_mib 1910 pressure_full_avg10 0.0 rss_mib pilot1005-h2-e-750k-c-s1=2614
GPU_SAMPLE 2026-10-05T22:49:33Z 99,4388,24576
POD_MEM 22:49:33Z current_mib 8330 max_mib 10240 free_mib 1910 pressure_full_avg10 0.0 rss_mib pilot1005-h2-e-750k-c-s1=2614
POD_MEM 22:49:38Z current_mib 8330 max_mib 10240 free_mib 1910 pressure_full_avg10 0.0 rss_mib pilot1005-h2-e-750k-c-s1=2614
POD_MEM 22:49:43Z current_mib 8333 max_mib 10240 free_mib 1907 pressure_full_avg10 0.0 rss_mib pilot1005-h2-e-750k-c-s1=2617
POD_MEM 22:49:48Z current_mib 8333 max_mib 10240 free_mib 1907 pressure_full_avg10 0.0 rss_mib pilot1005-h2-e-750k-c-s1=2617
2026/10/05 22:49:48.547, NVIDIA GeForce RTX 3090, 99 %, 4388 MiB, 24576 MiB
POD_MEM 22:49:53Z current_mib 8333 max_mib 10240 free_mib 1907 pressure_full_avg10 0.0 rss_mib pilot1005-h2-e-750k-c-s1=2617
POD_MEM 22:49:58Z current_mib 8333 max_mib 10240 free_mib 1907 pressure_full_avg10 0.0 rss_mib pilot1005-h2-e-750k-c-s1=2617
POD_MEM 22:50:03Z current_mib 8333 max_mib 10240 free_mib 1907 pressure_full_avg10 0.0 rss_mib pilot1005-h2-e-750k-c-s1=2617
POD_MEM 22:50:08Z current_mib 8333 max_mib 10240 free_mib 1907 pressure_full_avg10 0.0 rss_mib pilot1005-h2-e-750k-c-s1=2617
POD_MEM 22:50:13Z current_mib 8335 max_mib 10240 free_mib 1905 pressure_full_avg10 0.0 rss_mib pilot1005-h2-e-750k-c-s1=2617
POD_MEM 22:50:18Z current_mib 8335 max_mib 10240 free_mib 1905 pressure_full_avg10 0.0 rss_mib pilot1005-h2-e-750k-c-s1=2617
POD_MEM 22:50:23Z current_mib 8335 max_mib 10240 free_mib 1905 pressure_full_avg10 0.0 rss_mib pilot1005-h2-e-750k-c-s1=2617
POD_MEM 22:50:28Z current_mib 8337 max_mib 10240 free_mib 1903 pressure_full_avg10 0.0 rss_mib pilot1005-h2-e-750k-c-s1=2617
GPU_SAMPLE 2026-10-05T22:50:33Z 99,4388,24576
POD_MEM 22:50:33Z current_mib 8337 max_mib 10240 free_mib 1903 pressure_full_avg10 0.0 rss_mib pilot1005-h2-e-750k-c-s1=2617
POD_MEM 22:50:38Z current_mib 8337 max_mib 10240 free_mib 1903 pressure_full_avg10 0.0 rss_mib pilot1005-h2-e-750k-c-s1=2617
POD_MEM 22:50:43Z current_mib 8338 max_mib 10240 free_mib 1902 pressure_full_avg10 0.0 rss_mib pilot1005-h2-e-750k-c-s1=2618
POD_MEM 22:50:48Z current_mib 8338 max_mib 10240 free_mib 1902 pressure_full_avg10 0.0 rss_mib pilot1005-h2-e-750k-c-s1=2618
2026/10/05 22:50:48.607, NVIDIA GeForce RTX 3090, 99 %, 4388 MiB, 24576 MiB
POD_MEM 22:50:53Z current_mib 8338 max_mib 10240 free_mib 1902 pressure_full_avg10 0.0 rss_mib pilot1005-h2-e-750k-c-s1=2618
POD_MEM 22:50:58Z current_mib 8340 max_mib 10240 free_mib 1900 pressure_full_avg10 0.0 rss_mib pilot1005-h2-e-750k-c-s1=2619
POD_MEM 22:51:03Z current_mib 8340 max_mib 10240 free_mib 1900 pressure_full_avg10 0.0 rss_mib pilot1005-h2-e-750k-c-s1=2619
POD_MEM 22:51:08Z current_mib 8340 max_mib 10240 free_mib 1900 pressure_full_avg10 0.0 rss_mib pilot1005-h2-e-750k-c-s1=2619
POD_MEM 22:51:13Z current_mib 8387 max_mib 10240 free_mib 1853 pressure_full_avg10 0.0 rss_mib pilot1005-h2-e-750k-c-s1=2666
POD_MEM 22:51:18Z current_mib 8342 max_mib 10240 free_mib 1898 pressure_full_avg10 0.0 rss_mib pilot1005-h2-e-750k-c-s1=2621
POD_MEM 22:51:23Z current_mib 8342 max_mib 10240 free_mib 1898 pressure_full_avg10 0.0 rss_mib pilot1005-h2-e-750k-c-s1=2621
POD_MEM 22:51:28Z current_mib 8342 max_mib 10240 free_mib 1898 pressure_full_avg10 0.0 rss_mib pilot1005-h2-e-750k-c-s1=2621
GPU_SAMPLE 2026-10-05T22:51:33Z 27,4388,24576
POD_MEM 22:51:33Z current_mib 8342 max_mib 10240 free_mib 1898 pressure_full_avg10 0.0 rss_mib pilot1005-h2-e-750k-c-s1=2621
POD_MEM 22:51:38Z current_mib 8342 max_mib 10240 free_mib 1898 pressure_full_avg10 0.0 rss_mib pilot1005-h2-e-750k-c-s1=2621
POD_MEM 22:51:43Z current_mib 8342 max_mib 10240 free_mib 1898 pressure_full_avg10 0.0 rss_mib pilot1005-h2-e-750k-c-s1=2621
POD_MEM 22:51:48Z current_mib 8342 max_mib 10240 free_mib 1898 pressure_full_avg10 0.0 rss_mib pilot1005-h2-e-750k-c-s1=2621
2026/10/05 22:51:48.670, NVIDIA GeForce RTX 3090, 13 %, 4388 MiB, 24576 MiB
POD_MEM 22:51:53Z current_mib 8342 max_mib 10240 free_mib 1898 pressure_full_avg10 0.0 rss_mib pilot1005-h2-e-750k-c-s1=2621
POD_MEM 22:51:58Z current_mib 8342 max_mib 10240 free_mib 1898 pressure_full_avg10 0.0 rss_mib pilot1005-h2-e-750k-c-s1=2621
POD_MEM 22:52:03Z current_mib 8342 max_mib 10240 free_mib 1898 pressure_full_avg10 0.0 rss_mib pilot1005-h2-e-750k-c-s1=2621
POD_MEM 22:52:08Z current_mib 8342 max_mib 10240 free_mib 1898 pressure_full_avg10 0.0 rss_mib pilot1005-h2-e-750k-c-s1=2621
POD_MEM 22:52:13Z current_mib 8344 max_mib 10240 free_mib 1896 pressure_full_avg10 0.0 rss_mib pilot1005-h2-e-750k-c-s1=2622
POD_MEM 22:52:18Z current_mib 8344 max_mib 10240 free_mib 1896 pressure_full_avg10 0.0 rss_mib pilot1005-h2-e-750k-c-s1=2622
POD_MEM 22:52:23Z current_mib 8343 max_mib 10240 free_mib 1897 pressure_full_avg10 0.0 rss_mib pilot1005-h2-e-750k-c-s1=2622
POD_MEM 22:52:28Z current_mib 8344 max_mib 10240 free_mib 1896 pressure_full_avg10 0.0 rss_mib pilot1005-h2-e-750k-c-s1=2622
GPU_SAMPLE 2026-10-05T22:52:33Z 99,4388,24576
POD_MEM 22:52:33Z current_mib 8344 max_mib 10240 free_mib 1896 pressure_full_avg10 0.0 rss_mib pilot1005-h2-e-750k-c-s1=2622
POD_MEM 22:52:38Z current_mib 8344 max_mib 10240 free_mib 1896 pressure_full_avg10 0.0 rss_mib pilot1005-h2-e-750k-c-s1=2622
POD_MEM 22:52:43Z current_mib 8345 max_mib 10240 free_mib 1895 pressure_full_avg10 0.0 rss_mib pilot1005-h2-e-750k-c-s1=2622
POD_MEM 22:52:48Z current_mib 8345 max_mib 10240 free_mib 1895 pressure_full_avg10 0.0 rss_mib pilot1005-h2-e-750k-c-s1=2622
2026/10/05 22:52:48.724, NVIDIA GeForce RTX 3090, 99 %, 4388 MiB, 24576 MiB
POD_MEM 22:52:53Z current_mib 8345 max_mib 10240 free_mib 1895 pressure_full_avg10 0.0 rss_mib pilot1005-h2-e-750k-c-s1=2622
POD_MEM 22:52:58Z current_mib 8345 max_mib 10240 free_mib 1895 pressure_full_avg10 0.0 rss_mib pilot1005-h2-e-750k-c-s1=2622
POD_MEM 22:53:03Z current_mib 8345 max_mib 10240 free_mib 1895 pressure_full_avg10 0.0 rss_mib pilot1005-h2-e-750k-c-s1=2622
POD_MEM 22:53:08Z current_mib 8345 max_mib 10240 free_mib 1895 pressure_full_avg10 0.0 rss_mib pilot1005-h2-e-750k-c-s1=2622
POD_MEM 22:53:13Z current_mib 8346 max_mib 10240 free_mib 1894 pressure_full_avg10 0.0 rss_mib pilot1005-h2-e-750k-c-s1=2623
POD_MEM 22:53:18Z current_mib 8346 max_mib 10240 free_mib 1894 pressure_full_avg10 0.0 rss_mib pilot1005-h2-e-750k-c-s1=2623
POD_MEM 22:53:23Z current_mib 8346 max_mib 10240 free_mib 1894 pressure_full_avg10 0.0 rss_mib pilot1005-h2-e-750k-c-s1=2623
POD_MEM 22:53:28Z current_mib 8347 max_mib 10240 free_mib 1893 pressure_full_avg10 0.0 rss_mib pilot1005-h2-e-750k-c-s1=2623
GPU_SAMPLE 2026-10-05T22:53:33Z 99,4388,24576
POD_MEM 22:53:33Z current_mib 8347 max_mib 10240 free_mib 1893 pressure_full_avg10 0.0 rss_mib pilot1005-h2-e-750k-c-s1=2623
POD_MEM 22:53:38Z current_mib 8347 max_mib 10240 free_mib 1893 pressure_full_avg10 0.0 rss_mib pilot1005-h2-e-750k-c-s1=2623
POD_MEM 22:53:43Z current_mib 8348 max_mib 10240 free_mib 1892 pressure_full_avg10 0.0 rss_mib pilot1005-h2-e-750k-c-s1=2623
POD_MEM 22:53:48Z current_mib 8347 max_mib 10240 free_mib 1893 pressure_full_avg10 0.0 rss_mib pilot1005-h2-e-750k-c-s1=2623
2026/10/05 22:53:48.784, NVIDIA GeForce RTX 3090, 99 %, 4388 MiB, 24576 MiB
POD_MEM 22:53:53Z current_mib 8347 max_mib 10240 free_mib 1893 pressure_full_avg10 0.0 rss_mib pilot1005-h2-e-750k-c-s1=2623
POD_MEM 22:53:58Z current_mib 8347 max_mib 10240 free_mib 1893 pressure_full_avg10 0.0 rss_mib pilot1005-h2-e-750k-c-s1=2623
POD_MEM 22:54:03Z current_mib 8348 max_mib 10240 free_mib 1892 pressure_full_avg10 0.0 rss_mib pilot1005-h2-e-750k-c-s1=2623
POD_MEM 22:54:08Z current_mib 8348 max_mib 10240 free_mib 1892 pressure_full_avg10 0.0 rss_mib pilot1005-h2-e-750k-c-s1=2623
POD_MEM 22:54:13Z current_mib 8348 max_mib 10240 free_mib 1892 pressure_full_avg10 0.0 rss_mib pilot1005-h2-e-750k-c-s1=2623
POD_MEM 22:54:18Z current_mib 8349 max_mib 10240 free_mib 1891 pressure_full_avg10 0.0 rss_mib pilot1005-h2-e-750k-c-s1=2623
POD_MEM 22:54:23Z current_mib 8349 max_mib 10240 free_mib 1891 pressure_full_avg10 0.0 rss_mib pilot1005-h2-e-750k-c-s1=2623
POD_MEM 22:54:28Z current_mib 8349 max_mib 10240 free_mib 1891 pressure_full_avg10 0.0 rss_mib pilot1005-h2-e-750k-c-s1=2623
GPU_SAMPLE 2026-10-05T22:54:33Z 99,4388,24576
POD_MEM 22:54:33Z current_mib 8350 max_mib 10240 free_mib 1890 pressure_full_avg10 0.0 rss_mib pilot1005-h2-e-750k-c-s1=2624
POD_MEM 22:54:38Z current_mib 8350 max_mib 10240 free_mib 1890 pressure_full_avg10 0.0 rss_mib pilot1005-h2-e-750k-c-s1=2624
POD_MEM 22:54:43Z current_mib 8350 max_mib 10240 free_mib 1890 pressure_full_avg10 0.0 rss_mib pilot1005-h2-e-750k-c-s1=2624
POD_MEM 22:54:48Z current_mib 8350 max_mib 10240 free_mib 1890 pressure_full_avg10 0.0 rss_mib pilot1005-h2-e-750k-c-s1=2624
2026/10/05 22:54:48.842, NVIDIA GeForce RTX 3090, 27 %, 4388 MiB, 24576 MiB
POD_MEM 22:54:53Z current_mib 8350 max_mib 10240 free_mib 1890 pressure_full_avg10 0.0 rss_mib pilot1005-h2-e-750k-c-s1=2624
POD_MEM 22:54:58Z current_mib 8350 max_mib 10240 free_mib 1890 pressure_full_avg10 0.0 rss_mib pilot1005-h2-e-750k-c-s1=2624
POD_MEM 22:55:03Z current_mib 8350 max_mib 10240 free_mib 1890 pressure_full_avg10 0.0 rss_mib pilot1005-h2-e-750k-c-s1=2624
POD_MEM 22:55:08Z current_mib 8350 max_mib 10240 free_mib 1890 pressure_full_avg10 0.0 rss_mib pilot1005-h2-e-750k-c-s1=2624
POD_MEM 22:55:13Z current_mib 8350 max_mib 10240 free_mib 1890 pressure_full_avg10 0.0 rss_mib pilot1005-h2-e-750k-c-s1=2624
POD_MEM 22:55:18Z current_mib 8350 max_mib 10240 free_mib 1890 pressure_full_avg10 0.0 rss_mib pilot1005-h2-e-750k-c-s1=2624
POD_MEM 22:55:23Z current_mib 8350 max_mib 10240 free_mib 1890 pressure_full_avg10 0.0 rss_mib pilot1005-h2-e-750k-c-s1=2624
POD_MEM 22:55:28Z current_mib 8351 max_mib 10240 free_mib 1889 pressure_full_avg10 0.0 rss_mib pilot1005-h2-e-750k-c-s1=2624
GPU_SAMPLE 2026-10-05T22:55:33Z 99,4388,24576
POD_MEM 22:55:33Z current_mib 8350 max_mib 10240 free_mib 1890 pressure_full_avg10 0.0 rss_mib pilot1005-h2-e-750k-c-s1=2624
POD_MEM 22:55:38Z current_mib 8350 max_mib 10240 free_mib 1890 pressure_full_avg10 0.0 rss_mib pilot1005-h2-e-750k-c-s1=2624
POD_MEM 22:55:43Z current_mib 8351 max_mib 10240 free_mib 1889 pressure_full_avg10 0.0 rss_mib pilot1005-h2-e-750k-c-s1=2624
POD_MEM 22:55:48Z current_mib 8350 max_mib 10240 free_mib 1890 pressure_full_avg10 0.0 rss_mib pilot1005-h2-e-750k-c-s1=2624
2026/10/05 22:55:48.898, NVIDIA GeForce RTX 3090, 99 %, 4388 MiB, 24576 MiB
POD_MEM 22:55:53Z current_mib 8350 max_mib 10240 free_mib 1890 pressure_full_avg10 0.0 rss_mib pilot1005-h2-e-750k-c-s1=2624
POD_MEM 22:55:58Z current_mib 8350 max_mib 10240 free_mib 1890 pressure_full_avg10 0.0 rss_mib pilot1005-h2-e-750k-c-s1=2624
POD_MEM 22:56:03Z current_mib 8352 max_mib 10240 free_mib 1888 pressure_full_avg10 0.0 rss_mib pilot1005-h2-e-750k-c-s1=2625
POD_MEM 22:56:08Z current_mib 8352 max_mib 10240 free_mib 1888 pressure_full_avg10 0.0 rss_mib pilot1005-h2-e-750k-c-s1=2625
POD_MEM 22:56:13Z current_mib 8352 max_mib 10240 free_mib 1888 pressure_full_avg10 0.0 rss_mib pilot1005-h2-e-750k-c-s1=2625
POD_MEM 22:56:18Z current_mib 8353 max_mib 10240 free_mib 1887 pressure_full_avg10 0.0 rss_mib pilot1005-h2-e-750k-c-s1=2626
POD_MEM 22:56:23Z current_mib 8353 max_mib 10240 free_mib 1887 pressure_full_avg10 0.0 rss_mib pilot1005-h2-e-750k-c-s1=2626
POD_MEM 22:56:28Z current_mib 8353 max_mib 10240 free_mib 1887 pressure_full_avg10 0.0 rss_mib pilot1005-h2-e-750k-c-s1=2626
GPU_SAMPLE 2026-10-05T22:56:33Z 92,4388,24576
POD_MEM 22:56:33Z current_mib 8354 max_mib 10240 free_mib 1886 pressure_full_avg10 0.0 rss_mib pilot1005-h2-e-750k-c-s1=2626
POD_MEM 22:56:38Z current_mib 8354 max_mib 10240 free_mib 1886 pressure_full_avg10 0.0 rss_mib pilot1005-h2-e-750k-c-s1=2626
POD_MEM 22:56:43Z current_mib 8354 max_mib 10240 free_mib 1886 pressure_full_avg10 0.0 rss_mib pilot1005-h2-e-750k-c-s1=2626
POD_MEM 22:56:48Z current_mib 8354 max_mib 10240 free_mib 1886 pressure_full_avg10 0.0 rss_mib pilot1005-h2-e-750k-c-s1=2626
2026/10/05 22:56:48.955, NVIDIA GeForce RTX 3090, 0 %, 4388 MiB, 24576 MiB
POD_MEM 22:56:53Z current_mib 8353 max_mib 10240 free_mib 1887 pressure_full_avg10 0.0 rss_mib pilot1005-h2-e-750k-c-s1=2625
POD_MEM 22:56:58Z current_mib 8353 max_mib 10240 free_mib 1887 pressure_full_avg10 0.0 rss_mib pilot1005-h2-e-750k-c-s1=2625
POD_MEM 22:57:03Z current_mib 8353 max_mib 10240 free_mib 1887 pressure_full_avg10 0.0 rss_mib pilot1005-h2-e-750k-c-s1=2625
POD_MEM 22:57:08Z current_mib 8355 max_mib 10240 free_mib 1885 pressure_full_avg10 0.0 rss_mib pilot1005-h2-e-750k-c-s1=2626
POD_MEM 22:57:13Z current_mib 8355 max_mib 10240 free_mib 1885 pressure_full_avg10 0.0 rss_mib pilot1005-h2-e-750k-c-s1=2626
POD_MEM 22:57:18Z current_mib 8355 max_mib 10240 free_mib 1885 pressure_full_avg10 0.0 rss_mib pilot1005-h2-e-750k-c-s1=2626
POD_MEM 22:57:23Z current_mib 8356 max_mib 10240 free_mib 1884 pressure_full_avg10 0.0 rss_mib pilot1005-h2-e-750k-c-s1=2627
POD_MEM 22:57:28Z current_mib 8356 max_mib 10240 free_mib 1884 pressure_full_avg10 0.0 rss_mib pilot1005-h2-e-750k-c-s1=2627
GPU_SAMPLE 2026-10-05T22:57:33Z 100,4388,24576
POD_MEM 22:57:33Z current_mib 8356 max_mib 10240 free_mib 1884 pressure_full_avg10 0.0 rss_mib pilot1005-h2-e-750k-c-s1=2627
POD_MEM 22:57:38Z current_mib 8353 max_mib 10240 free_mib 1887 pressure_full_avg10 0.0 rss_mib pilot1005-h2-e-750k-c-s1=2621
POD_MEM 22:57:43Z current_mib 8353 max_mib 10240 free_mib 1887 pressure_full_avg10 0.0 rss_mib pilot1005-h2-e-750k-c-s1=2621
POD_MEM 22:57:48Z current_mib 8353 max_mib 10240 free_mib 1887 pressure_full_avg10 0.0 rss_mib pilot1005-h2-e-750k-c-s1=2621
2026/10/05 22:57:49.012, NVIDIA GeForce RTX 3090, 99 %, 4388 MiB, 24576 MiB
POD_MEM 22:57:54Z current_mib 8354 max_mib 10240 free_mib 1886 pressure_full_avg10 0.0 rss_mib pilot1005-h2-e-750k-c-s1=2621
POD_MEM 22:57:59Z current_mib 8354 max_mib 10240 free_mib 1886 pressure_full_avg10 0.0 rss_mib pilot1005-h2-e-750k-c-s1=2621
POD_MEM 22:58:04Z current_mib 8354 max_mib 10240 free_mib 1886 pressure_full_avg10 0.0 rss_mib pilot1005-h2-e-750k-c-s1=2621
POD_MEM 22:58:09Z current_mib 8354 max_mib 10240 free_mib 1886 pressure_full_avg10 0.0 rss_mib pilot1005-h2-e-750k-c-s1=2621
POD_MEM 22:58:14Z current_mib 8354 max_mib 10240 free_mib 1886 pressure_full_avg10 0.0 rss_mib pilot1005-h2-e-750k-c-s1=2621
POD_MEM 22:58:19Z current_mib 8354 max_mib 10240 free_mib 1886 pressure_full_avg10 0.0 rss_mib pilot1005-h2-e-750k-c-s1=2621
POD_MEM 22:58:24Z current_mib 8354 max_mib 10240 free_mib 1886 pressure_full_avg10 0.0 rss_mib pilot1005-h2-e-750k-c-s1=2621
POD_MEM 22:58:29Z current_mib 8354 max_mib 10240 free_mib 1886 pressure_full_avg10 0.0 rss_mib pilot1005-h2-e-750k-c-s1=2621
GPU_SAMPLE 2026-10-05T22:58:33Z 22,4388,24576
POD_MEM 22:58:34Z current_mib 8354 max_mib 10240 free_mib 1886 pressure_full_avg10 0.0 rss_mib pilot1005-h2-e-750k-c-s1=2621
POD_MEM 22:58:39Z current_mib 8354 max_mib 10240 free_mib 1886 pressure_full_avg10 0.0 rss_mib pilot1005-h2-e-750k-c-s1=2621
POD_MEM 22:58:44Z current_mib 8354 max_mib 10240 free_mib 1886 pressure_full_avg10 0.0 rss_mib pilot1005-h2-e-750k-c-s1=2621
POD_MEM 22:58:49Z current_mib 8357 max_mib 10240 free_mib 1883 pressure_full_avg10 0.0 rss_mib pilot1005-h2-e-750k-c-s1=2623
2026/10/05 22:58:49.073, NVIDIA GeForce RTX 3090, 100 %, 4388 MiB, 24576 MiB
POD_MEM 22:58:54Z current_mib 8357 max_mib 10240 free_mib 1883 pressure_full_avg10 0.0 rss_mib pilot1005-h2-e-750k-c-s1=2623
POD_MEM 22:58:59Z current_mib 8357 max_mib 10240 free_mib 1883 pressure_full_avg10 0.0 rss_mib pilot1005-h2-e-750k-c-s1=2623
POD_MEM 22:59:04Z current_mib 8358 max_mib 10240 free_mib 1882 pressure_full_avg10 0.0 rss_mib pilot1005-h2-e-750k-c-s1=2623
POD_MEM 22:59:09Z current_mib 8358 max_mib 10240 free_mib 1882 pressure_full_avg10 0.0 rss_mib pilot1005-h2-e-750k-c-s1=2623
POD_MEM 22:59:14Z current_mib 8358 max_mib 10240 free_mib 1882 pressure_full_avg10 0.0 rss_mib pilot1005-h2-e-750k-c-s1=2623
POD_MEM 22:59:19Z current_mib 8359 max_mib 10240 free_mib 1881 pressure_full_avg10 0.0 rss_mib pilot1005-h2-e-750k-c-s1=2623
POD_MEM 22:59:24Z current_mib 8358 max_mib 10240 free_mib 1882 pressure_full_avg10 0.0 rss_mib pilot1005-h2-e-750k-c-s1=2623
POD_MEM 22:59:29Z current_mib 8358 max_mib 10240 free_mib 1882 pressure_full_avg10 0.0 rss_mib pilot1005-h2-e-750k-c-s1=2623
GPU_SAMPLE 2026-10-05T22:59:33Z 99,4388,24576
POD_MEM 22:59:34Z current_mib 8450 max_mib 10240 free_mib 1790 pressure_full_avg10 0.0 rss_mib pilot1005-h2-e-750k-c-s1=2714
POD_MEM 22:59:39Z current_mib 8359 max_mib 10240 free_mib 1881 pressure_full_avg10 0.0 rss_mib pilot1005-h2-e-750k-c-s1=2623
POD_MEM 22:59:44Z current_mib 8359 max_mib 10240 free_mib 1881 pressure_full_avg10 0.0 rss_mib pilot1005-h2-e-750k-c-s1=2623
POD_MEM 22:59:49Z current_mib 8358 max_mib 10240 free_mib 1882 pressure_full_avg10 0.0 rss_mib pilot1005-h2-e-750k-c-s1=2623
2026/10/05 22:59:49.134, NVIDIA GeForce RTX 3090, 51 %, 4388 MiB, 24576 MiB
POD_MEM 22:59:54Z current_mib 8359 max_mib 10240 free_mib 1881 pressure_full_avg10 0.0 rss_mib pilot1005-h2-e-750k-c-s1=2623
POD_MEM 22:59:59Z current_mib 8359 max_mib 10240 free_mib 1881 pressure_full_avg10 0.0 rss_mib pilot1005-h2-e-750k-c-s1=2623
POD_MEM 23:00:04Z current_mib 8359 max_mib 10240 free_mib 1881 pressure_full_avg10 0.0 rss_mib pilot1005-h2-e-750k-c-s1=2623
POD_MEM 23:00:09Z current_mib 8360 max_mib 10240 free_mib 1880 pressure_full_avg10 0.0 rss_mib pilot1005-h2-e-750k-c-s1=2623
POD_MEM 23:00:14Z current_mib 8360 max_mib 10240 free_mib 1880 pressure_full_avg10 0.0 rss_mib pilot1005-h2-e-750k-c-s1=2623
POD_MEM 23:00:19Z current_mib 8360 max_mib 10240 free_mib 1880 pressure_full_avg10 0.0 rss_mib pilot1005-h2-e-750k-c-s1=2623
POD_MEM 23:00:24Z current_mib 8360 max_mib 10240 free_mib 1880 pressure_full_avg10 0.0 rss_mib pilot1005-h2-e-750k-c-s1=2623
POD_MEM 23:00:29Z current_mib 8360 max_mib 10240 free_mib 1880 pressure_full_avg10 0.0 rss_mib pilot1005-h2-e-750k-c-s1=2623
MONITOR CANARY_LOSS pilot1005-h2-e-750k-c-s1 PASS
MONITOR CANARY_TRACE pilot1005-h2-e-750k-c-s1 PASS
MONITOR CANARY_PID_FIRST pilot1005-h2-e-750k-c-s1 PASS
MONITOR CONTROLLER_AUDIT pilot1005-h2-e-750k-c-s1 PASS 0
MONITOR NOTIFY_ATTENTION_QK_ZERO_BIT pilot1005-h2-e-750k-c-s1 traced_epochs 2 first 69
GPU_SAMPLE 2026-10-05T23:00:33Z 99,4388,24576
POD_MEM 23:00:34Z current_mib 8360 max_mib 10240 free_mib 1880 pressure_full_avg10 0.0 rss_mib pilot1005-h2-e-750k-c-s1=2623
POD_MEM 23:00:39Z current_mib 8362 max_mib 10240 free_mib 1878 pressure_full_avg10 0.0 rss_mib pilot1005-h2-e-750k-c-s1=2624
POD_MEM 23:00:44Z current_mib 8362 max_mib 10240 free_mib 1878 pressure_full_avg10 0.0 rss_mib pilot1005-h2-e-750k-c-s1=2624
POD_MEM 23:00:49Z current_mib 8362 max_mib 10240 free_mib 1878 pressure_full_avg10 0.0 rss_mib pilot1005-h2-e-750k-c-s1=2624
2026/10/05 23:00:49.190, NVIDIA GeForce RTX 3090, 99 %, 4388 MiB, 24576 MiB
POD_MEM 23:00:54Z current_mib 8362 max_mib 10240 free_mib 1878 pressure_full_avg10 0.0 rss_mib pilot1005-h2-e-750k-c-s1=2624
POD_MEM 23:00:59Z current_mib 8362 max_mib 10240 free_mib 1878 pressure_full_avg10 0.0 rss_mib pilot1005-h2-e-750k-c-s1=2624
POD_MEM 23:01:04Z current_mib 8362 max_mib 10240 free_mib 1878 pressure_full_avg10 0.0 rss_mib pilot1005-h2-e-750k-c-s1=2624
POD_MEM 23:01:09Z current_mib 8363 max_mib 10240 free_mib 1877 pressure_full_avg10 0.0 rss_mib pilot1005-h2-e-750k-c-s1=2624
POD_MEM 23:01:14Z current_mib 8363 max_mib 10240 free_mib 1877 pressure_full_avg10 0.0 rss_mib pilot1005-h2-e-750k-c-s1=2624
POD_MEM 23:01:19Z current_mib 8363 max_mib 10240 free_mib 1877 pressure_full_avg10 0.0 rss_mib pilot1005-h2-e-750k-c-s1=2624
POD_MEM 23:01:24Z current_mib 8363 max_mib 10240 free_mib 1877 pressure_full_avg10 0.0 rss_mib pilot1005-h2-e-750k-c-s1=2624
POD_MEM 23:01:29Z current_mib 8363 max_mib 10240 free_mib 1877 pressure_full_avg10 0.0 rss_mib pilot1005-h2-e-750k-c-s1=2624
GPU_SAMPLE 2026-10-05T23:01:33Z 20,4388,24576
POD_MEM 23:01:34Z current_mib 8363 max_mib 10240 free_mib 1877 pressure_full_avg10 0.0 rss_mib pilot1005-h2-e-750k-c-s1=2624
POD_MEM 23:01:39Z current_mib 8363 max_mib 10240 free_mib 1877 pressure_full_avg10 0.0 rss_mib pilot1005-h2-e-750k-c-s1=2624
POD_MEM 23:01:44Z current_mib 8363 max_mib 10240 free_mib 1877 pressure_full_avg10 0.0 rss_mib pilot1005-h2-e-750k-c-s1=2624
POD_MEM 23:01:49Z current_mib 8363 max_mib 10240 free_mib 1877 pressure_full_avg10 0.0 rss_mib pilot1005-h2-e-750k-c-s1=2624
2026/10/05 23:01:49.247, NVIDIA GeForce RTX 3090, 27 %, 4388 MiB, 24576 MiB
POD_MEM 23:01:54Z current_mib 8363 max_mib 10240 free_mib 1877 pressure_full_avg10 0.0 rss_mib pilot1005-h2-e-750k-c-s1=2624
POD_MEM 23:01:59Z current_mib 8363 max_mib 10240 free_mib 1877 pressure_full_avg10 0.0 rss_mib pilot1005-h2-e-750k-c-s1=2624
POD_MEM 23:02:04Z current_mib 8363 max_mib 10240 free_mib 1877 pressure_full_avg10 0.0 rss_mib pilot1005-h2-e-750k-c-s1=2624
POD_MEM 23:02:09Z current_mib 8364 max_mib 10240 free_mib 1876 pressure_full_avg10 0.0 rss_mib pilot1005-h2-e-750k-c-s1=2624
POD_MEM 23:02:14Z current_mib 8364 max_mib 10240 free_mib 1876 pressure_full_avg10 0.0 rss_mib pilot1005-h2-e-750k-c-s1=2624
POD_MEM 23:02:19Z current_mib 8364 max_mib 10240 free_mib 1876 pressure_full_avg10 0.0 rss_mib pilot1005-h2-e-750k-c-s1=2624
POD_MEM 23:02:24Z current_mib 8365 max_mib 10240 free_mib 1875 pressure_full_avg10 0.0 rss_mib pilot1005-h2-e-750k-c-s1=2625
POD_MEM 23:02:29Z current_mib 8365 max_mib 10240 free_mib 1875 pressure_full_avg10 0.0 rss_mib pilot1005-h2-e-750k-c-s1=2625
GPU_SAMPLE 2026-10-05T23:02:33Z 100,4388,24576
POD_MEM 23:02:34Z current_mib 8365 max_mib 10240 free_mib 1875 pressure_full_avg10 0.0 rss_mib pilot1005-h2-e-750k-c-s1=2625
POD_MEM 23:02:39Z current_mib 8365 max_mib 10240 free_mib 1875 pressure_full_avg10 0.0 rss_mib pilot1005-h2-e-750k-c-s1=2625
POD_MEM 23:02:44Z current_mib 8365 max_mib 10240 free_mib 1875 pressure_full_avg10 0.0 rss_mib pilot1005-h2-e-750k-c-s1=2625
POD_MEM 23:02:49Z current_mib 8365 max_mib 10240 free_mib 1875 pressure_full_avg10 0.0 rss_mib pilot1005-h2-e-750k-c-s1=2625
2026/10/05 23:02:49.309, NVIDIA GeForce RTX 3090, 99 %, 4388 MiB, 24576 MiB
POD_MEM 23:02:54Z current_mib 8366 max_mib 10240 free_mib 1874 pressure_full_avg10 0.0 rss_mib pilot1005-h2-e-750k-c-s1=2625
POD_MEM 23:02:59Z current_mib 8366 max_mib 10240 free_mib 1874 pressure_full_avg10 0.0 rss_mib pilot1005-h2-e-750k-c-s1=2625
POD_MEM 23:03:04Z current_mib 8366 max_mib 10240 free_mib 1874 pressure_full_avg10 0.0 rss_mib pilot1005-h2-e-750k-c-s1=2625
POD_MEM 23:03:09Z current_mib 8366 max_mib 10240 free_mib 1874 pressure_full_avg10 0.0 rss_mib pilot1005-h2-e-750k-c-s1=2625
POD_MEM 23:03:14Z current_mib 8366 max_mib 10240 free_mib 1874 pressure_full_avg10 0.0 rss_mib pilot1005-h2-e-750k-c-s1=2625
POD_MEM 23:03:19Z current_mib 8366 max_mib 10240 free_mib 1874 pressure_full_avg10 0.0 rss_mib pilot1005-h2-e-750k-c-s1=2625
POD_MEM 23:03:24Z current_mib 8366 max_mib 10240 free_mib 1874 pressure_full_avg10 0.0 rss_mib pilot1005-h2-e-750k-c-s1=2625
POD_MEM 23:03:29Z current_mib 8367 max_mib 10240 free_mib 1873 pressure_full_avg10 0.0 rss_mib pilot1005-h2-e-750k-c-s1=2625
GPU_SAMPLE 2026-10-05T23:03:33Z 100,4388,24576
POD_MEM 23:03:34Z current_mib 8367 max_mib 10240 free_mib 1873 pressure_full_avg10 0.0 rss_mib pilot1005-h2-e-750k-c-s1=2625
POD_MEM 23:03:39Z current_mib 8367 max_mib 10240 free_mib 1873 pressure_full_avg10 0.0 rss_mib pilot1005-h2-e-750k-c-s1=2625
POD_MEM 23:03:44Z current_mib 8367 max_mib 10240 free_mib 1873 pressure_full_avg10 0.0 rss_mib pilot1005-h2-e-750k-c-s1=2625
POD_MEM 23:03:49Z current_mib 8367 max_mib 10240 free_mib 1873 pressure_full_avg10 0.0 rss_mib pilot1005-h2-e-750k-c-s1=2625
2026/10/05 23:03:49.365, NVIDIA GeForce RTX 3090, 100 %, 4388 MiB, 24576 MiB
POD_MEM 23:03:54Z current_mib 8367 max_mib 10240 free_mib 1873 pressure_full_avg10 0.0 rss_mib pilot1005-h2-e-750k-c-s1=2625
POD_MEM 23:03:59Z current_mib 8371 max_mib 10240 free_mib 1869 pressure_full_avg10 0.0 rss_mib pilot1005-h2-e-750k-c-s1=2628
POD_MEM 23:04:04Z current_mib 8371 max_mib 10240 free_mib 1869 pressure_full_avg10 0.0 rss_mib pilot1005-h2-e-750k-c-s1=2628
POD_MEM 23:04:09Z current_mib 8371 max_mib 10240 free_mib 1869 pressure_full_avg10 0.0 rss_mib pilot1005-h2-e-750k-c-s1=2628
POD_MEM 23:04:14Z current_mib 8371 max_mib 10240 free_mib 1869 pressure_full_avg10 0.0 rss_mib pilot1005-h2-e-750k-c-s1=2628
POD_MEM 23:04:19Z current_mib 8371 max_mib 10240 free_mib 1869 pressure_full_avg10 0.0 rss_mib pilot1005-h2-e-750k-c-s1=2628
POD_MEM 23:04:24Z current_mib 8371 max_mib 10240 free_mib 1869 pressure_full_avg10 0.0 rss_mib pilot1005-h2-e-750k-c-s1=2628
POD_MEM 23:04:29Z current_mib 8372 max_mib 10240 free_mib 1868 pressure_full_avg10 0.0 rss_mib pilot1005-h2-e-750k-c-s1=2628
GPU_SAMPLE 2026-10-05T23:04:33Z 100,4388,24576
POD_MEM 23:04:34Z current_mib 8372 max_mib 10240 free_mib 1868 pressure_full_avg10 0.0 rss_mib pilot1005-h2-e-750k-c-s1=2628
POD_MEM 23:04:39Z current_mib 8372 max_mib 10240 free_mib 1868 pressure_full_avg10 0.0 rss_mib pilot1005-h2-e-750k-c-s1=2628
POD_MEM 23:04:44Z current_mib 8372 max_mib 10240 free_mib 1868 pressure_full_avg10 0.0 rss_mib pilot1005-h2-e-750k-c-s1=2628
POD_MEM 23:04:49Z current_mib 8372 max_mib 10240 free_mib 1868 pressure_full_avg10 0.0 rss_mib pilot1005-h2-e-750k-c-s1=2628
2026/10/05 23:04:49.424, NVIDIA GeForce RTX 3090, 20 %, 4388 MiB, 24576 MiB
POD_MEM 23:04:54Z current_mib 8372 max_mib 10240 free_mib 1868 pressure_full_avg10 0.0 rss_mib pilot1005-h2-e-750k-c-s1=2628
POD_MEM 23:04:59Z current_mib 8372 max_mib 10240 free_mib 1868 pressure_full_avg10 0.0 rss_mib pilot1005-h2-e-750k-c-s1=2628
POD_MEM 23:05:04Z current_mib 8372 max_mib 10240 free_mib 1868 pressure_full_avg10 0.0 rss_mib pilot1005-h2-e-750k-c-s1=2628
POD_MEM 23:05:09Z current_mib 8372 max_mib 10240 free_mib 1868 pressure_full_avg10 0.0 rss_mib pilot1005-h2-e-750k-c-s1=2628
POD_MEM 23:05:14Z current_mib 8372 max_mib 10240 free_mib 1868 pressure_full_avg10 0.0 rss_mib pilot1005-h2-e-750k-c-s1=2628
POD_MEM 23:05:19Z current_mib 8372 max_mib 10240 free_mib 1868 pressure_full_avg10 0.0 rss_mib pilot1005-h2-e-750k-c-s1=2628
POD_MEM 23:05:24Z current_mib 8377 max_mib 10240 free_mib 1863 pressure_full_avg10 0.0 rss_mib pilot1005-h2-e-750k-c-s1=2629
POD_MEM 23:05:29Z current_mib 8374 max_mib 10240 free_mib 1866 pressure_full_avg10 0.0 rss_mib pilot1005-h2-e-750k-c-s1=2629
GPU_SAMPLE 2026-10-05T23:05:33Z 99,4388,24576
POD_MEM 23:05:34Z current_mib 8374 max_mib 10240 free_mib 1866 pressure_full_avg10 0.0 rss_mib pilot1005-h2-e-750k-c-s1=2629
POD_MEM 23:05:39Z current_mib 8374 max_mib 10240 free_mib 1866 pressure_full_avg10 0.0 rss_mib pilot1005-h2-e-750k-c-s1=2629
POD_MEM 23:05:44Z current_mib 8362 max_mib 10240 free_mib 1878 pressure_full_avg10 0.0 rss_mib pilot1005-h2-e-750k-c-s1=2618
POD_MEM 23:05:49Z current_mib 8362 max_mib 10240 free_mib 1878 pressure_full_avg10 0.0 rss_mib pilot1005-h2-e-750k-c-s1=2618
2026/10/05 23:05:49.482, NVIDIA GeForce RTX 3090, 99 %, 4388 MiB, 24576 MiB
POD_MEM 23:05:54Z current_mib 8362 max_mib 10240 free_mib 1878 pressure_full_avg10 0.0 rss_mib pilot1005-h2-e-750k-c-s1=2618
POD_MEM 23:05:59Z current_mib 8370 max_mib 10240 free_mib 1870 pressure_full_avg10 0.0 rss_mib pilot1005-h2-e-750k-c-s1=2625
POD_MEM 23:06:04Z current_mib 8370 max_mib 10240 free_mib 1870 pressure_full_avg10 0.0 rss_mib pilot1005-h2-e-750k-c-s1=2625
POD_MEM 23:06:09Z current_mib 8370 max_mib 10240 free_mib 1870 pressure_full_avg10 0.0 rss_mib pilot1005-h2-e-750k-c-s1=2625
POD_MEM 23:06:14Z current_mib 8374 max_mib 10240 free_mib 1866 pressure_full_avg10 0.0 rss_mib pilot1005-h2-e-750k-c-s1=2629
POD_MEM 23:06:19Z current_mib 8374 max_mib 10240 free_mib 1866 pressure_full_avg10 0.0 rss_mib pilot1005-h2-e-750k-c-s1=2629
POD_MEM 23:06:24Z current_mib 8374 max_mib 10240 free_mib 1866 pressure_full_avg10 0.0 rss_mib pilot1005-h2-e-750k-c-s1=2629
POD_MEM 23:06:29Z current_mib 8376 max_mib 10240 free_mib 1864 pressure_full_avg10 0.0 rss_mib pilot1005-h2-e-750k-c-s1=2631
GPU_SAMPLE 2026-10-05T23:06:33Z 99,4388,24576
POD_MEM 23:06:34Z current_mib 8376 max_mib 10240 free_mib 1864 pressure_full_avg10 0.0 rss_mib pilot1005-h2-e-750k-c-s1=2631
POD_MEM 23:06:39Z current_mib 8376 max_mib 10240 free_mib 1864 pressure_full_avg10 0.0 rss_mib pilot1005-h2-e-750k-c-s1=2631
POD_MEM 23:06:44Z current_mib 8356 max_mib 10240 free_mib 1884 pressure_full_avg10 0.0 rss_mib pilot1005-h2-e-750k-c-s1=2632
POD_MEM 23:06:49Z current_mib 6870 max_mib 10240 free_mib 3370 pressure_full_avg10 0.0 rss_mib pilot1005-h2-e-750k-c-s1=na
ARM_EXIT pilot1005-h2-e-750k-c-s1 5 attempt 0
ARM_LOG [epoch 32/7000] EBOPs=untraced in_training_ebops=2350690 target=750000 beta=1.32e-07 val_AUC=0.859451 val_accuracy=0.562000 seconds=15.3 checkpoint=- ebops_trace_seconds=0.00 ebops_trace_over_epoch=0.003 loss=1.339041 host_rss_mb=2588
ARM_LOG [epoch 33/7000] EBOPs=untraced in_training_ebops=2113330 target=750000 beta=1.32e-07 val_AUC=0.854244 val_accuracy=0.555210 seconds=15.4 checkpoint=- ebops_trace_seconds=0.00 ebops_trace_over_epoch=0.003 loss=1.343902 host_rss_mb=2590
ARM_LOG [epoch 34/7000] EBOPs=untraced in_training_ebops=2121846 target=750000 beta=1.32e-07 val_AUC=0.859599 val_accuracy=0.579919 seconds=15.4 checkpoint=- ebops_trace_seconds=0.00 ebops_trace_over_epoch=0.003 loss=1.327459 host_rss_mb=2590
ARM_LOG [epoch 35/7000] EBOPs=untraced in_training_ebops=2227427 target=750000 beta=1.32e-07 val_AUC=0.857007 val_accuracy=0.580935 seconds=15.4 checkpoint=- ebops_trace_seconds=0.00 ebops_trace_over_epoch=0.003 loss=1.356256 host_rss_mb=2590
ARM_LOG [epoch 36/7000] EBOPs=untraced in_training_ebops=2168594 target=750000 beta=1.32e-07 val_AUC=0.856743 val_accuracy=0.583661 seconds=15.3 checkpoint=- ebops_trace_seconds=0.00 ebops_trace_over_epoch=0.003 loss=1.381552 host_rss_mb=2593
ARM_LOG [epoch 37/7000] EBOPs=untraced in_training_ebops=2109023 target=750000 beta=1.32e-07 val_AUC=0.846304 val_accuracy=0.557210 seconds=15.6 checkpoint=- ebops_trace_seconds=0.00 ebops_trace_over_epoch=0.003 loss=1.374270 host_rss_mb=2596
ARM_LOG [epoch 38/7000] EBOPs=untraced in_training_ebops=1987088 target=750000 beta=1.32e-07 val_AUC=0.854330 val_accuracy=0.593597 seconds=15.3 checkpoint=- ebops_trace_seconds=0.00 ebops_trace_over_epoch=0.003 loss=1.371981 host_rss_mb=2596
ARM_LOG [epoch 39/7000] EBOPs=untraced in_training_ebops=1922101 target=750000 beta=1.32e-07 val_AUC=0.841985 val_accuracy=0.574484 seconds=15.3 checkpoint=- ebops_trace_seconds=0.00 ebops_trace_over_epoch=0.003 loss=1.381672 host_rss_mb=2596
ARM_LOG [epoch 40/7000] EBOPs=1683030 target=750000 above_floor=1511504 feasible=0 degenerate=0 beta=1.32e-07 val_AUC=0.854516 val_accuracy=0.576484 seconds=55.8 checkpoint=- ebops_trace_seconds=40.00 ebops_trace_over_epoch=0.718 loss=1.374569 host_rss_mb=2598
ARM_LOG [epoch 41/7000] EBOPs=untraced in_training_ebops=1802278 target=750000 beta=1.5e-07 val_AUC=0.840457 val_accuracy=0.559968 seconds=15.5 checkpoint=- ebops_trace_seconds=0.00 ebops_trace_over_epoch=0.003 loss=1.394608 host_rss_mb=2602
ARM_LOG [epoch 42/7000] EBOPs=untraced in_training_ebops=1742104 target=750000 beta=1.5e-07 val_AUC=0.831358 val_accuracy=0.536435 seconds=15.3 checkpoint=- ebops_trace_seconds=0.00 ebops_trace_over_epoch=0.003 loss=1.390115 host_rss_mb=2605
ARM_LOG [epoch 43/7000] EBOPs=untraced in_training_ebops=1520812 target=750000 beta=1.5e-07 val_AUC=0.818951 val_accuracy=0.483065 seconds=15.4 checkpoint=- ebops_trace_seconds=0.00 ebops_trace_over_epoch=0.003 loss=1.383705 host_rss_mb=2606
ARM_LOG [epoch 44/7000] EBOPs=untraced in_training_ebops=1430909 target=750000 beta=1.5e-07 val_AUC=0.846039 val_accuracy=0.555758 seconds=15.4 checkpoint=- ebops_trace_seconds=0.00 ebops_trace_over_epoch=0.003 loss=1.386546 host_rss_mb=2606
ARM_LOG [epoch 45/7000] EBOPs=untraced in_training_ebops=1455670 target=750000 beta=1.5e-07 val_AUC=0.831609 val_accuracy=0.557565 seconds=15.4 checkpoint=- ebops_trace_seconds=0.00 ebops_trace_over_epoch=0.003 loss=1.385422 host_rss_mb=2609
ARM_LOG [epoch 46/7000] EBOPs=untraced in_training_ebops=1371281 target=750000 beta=1.5e-07 val_AUC=0.840863 val_accuracy=0.551468 seconds=15.6 checkpoint=- ebops_trace_seconds=0.00 ebops_trace_over_epoch=0.003 loss=1.376694 host_rss_mb=2610
ARM_LOG [epoch 47/7000] EBOPs=untraced in_training_ebops=1316944 target=750000 beta=1.5e-07 val_AUC=0.851455 val_accuracy=0.559871 seconds=15.4 checkpoint=- ebops_trace_seconds=0.00 ebops_trace_over_epoch=0.003 loss=1.345025 host_rss_mb=2610
ARM_LOG [epoch 48/7000] EBOPs=untraced in_training_ebops=1208588 target=750000 beta=1.5e-07 val_AUC=0.840020 val_accuracy=0.533419 seconds=15.4 checkpoint=- ebops_trace_seconds=0.00 ebops_trace_over_epoch=0.003 loss=1.328994 host_rss_mb=2610
ARM_LOG [epoch 49/7000] EBOPs=untraced in_training_ebops=1132849 target=750000 beta=1.5e-07 val_AUC=0.831630 val_accuracy=0.537290 seconds=15.6 checkpoint=- ebops_trace_seconds=0.00 ebops_trace_over_epoch=0.003 loss=1.329545 host_rss_mb=2610
ARM_LOG [epoch 50/7000] EBOPs=1092773 target=750000 above_floor=921247 feasible=0 degenerate=0 beta=1.5e-07 val_AUC=0.849165 val_accuracy=0.548661 seconds=55.3 checkpoint=epoch-0050 ebops_trace_seconds=39.86 ebops_trace_over_epoch=0.722 loss=1.337568 host_rss_mb=2611
ARM_LOG [epoch 51/7000] EBOPs=untraced in_training_ebops=1181723 target=750000 beta=1.18e-07 val_AUC=0.818348 val_accuracy=0.521065 seconds=15.4 checkpoint=- ebops_trace_seconds=0.00 ebops_trace_over_epoch=0.003 loss=1.311518 host_rss_mb=2614
ARM_LOG [epoch 52/7000] EBOPs=untraced in_training_ebops=1147335 target=750000 beta=1.18e-07 val_AUC=0.851980 val_accuracy=0.576855 seconds=15.3 checkpoint=- ebops_trace_seconds=0.00 ebops_trace_over_epoch=0.003 loss=1.304690 host_rss_mb=2614
ARM_LOG [epoch 53/7000] EBOPs=untraced in_training_ebops=1092303 target=750000 beta=1.18e-07 val_AUC=0.843239 val_accuracy=0.577516 seconds=15.4 checkpoint=- ebops_trace_seconds=0.00 ebops_trace_over_epoch=0.003 loss=1.289986 host_rss_mb=2617
ARM_LOG [epoch 54/7000] EBOPs=untraced in_training_ebops=1071675 target=750000 beta=1.18e-07 val_AUC=0.818340 val_accuracy=0.502065 seconds=15.4 checkpoint=- ebops_trace_seconds=0.00 ebops_trace_over_epoch=0.003 loss=1.302111 host_rss_mb=2617
ARM_LOG [epoch 55/7000] EBOPs=untraced in_training_ebops=1036848 target=750000 beta=1.18e-07 val_AUC=0.818852 val_accuracy=0.532710 seconds=15.4 checkpoint=- ebops_trace_seconds=0.00 ebops_trace_over_epoch=0.003 loss=1.309918 host_rss_mb=2614
ARM_LOG [epoch 56/7000] EBOPs=untraced in_training_ebops=1009834 target=750000 beta=1.18e-07 val_AUC=0.820461 val_accuracy=0.504403 seconds=15.3 checkpoint=- ebops_trace_seconds=0.00 ebops_trace_over_epoch=0.003 loss=1.340254 host_rss_mb=2617
ARM_LOG [epoch 57/7000] EBOPs=untraced in_training_ebops=973445 target=750000 beta=1.18e-07 val_AUC=0.794100 val_accuracy=0.463210 seconds=15.9 checkpoint=- ebops_trace_seconds=0.00 ebops_trace_over_epoch=0.003 loss=1.342499 host_rss_mb=2618
ARM_LOG [epoch 58/7000] EBOPs=untraced in_training_ebops=884942 target=750000 beta=1.18e-07 val_AUC=0.828785 val_accuracy=0.536258 seconds=15.4 checkpoint=- ebops_trace_seconds=0.00 ebops_trace_over_epoch=0.003 loss=1.340294 host_rss_mb=2619
ARM_LOG [epoch 59/7000] EBOPs=untraced in_training_ebops=865721 target=750000 beta=1.18e-07 val_AUC=0.800475 val_accuracy=0.500194 seconds=15.3 checkpoint=- ebops_trace_seconds=0.00 ebops_trace_over_epoch=0.003 loss=1.329561 host_rss_mb=2621
ARM_LOG [epoch 60/7000] EBOPs=815557 target=750000 above_floor=644031 feasible=0 degenerate=0 beta=1.18e-07 val_AUC=0.827971 val_accuracy=0.542887 seconds=55.2 checkpoint=- ebops_trace_seconds=39.82 ebops_trace_over_epoch=0.722 loss=1.318447 host_rss_mb=2622
ARM_LOG [epoch 61/7000] EBOPs=untraced in_training_ebops=881106 target=750000 beta=9.17e-08 val_AUC=0.827120 val_accuracy=0.517935 seconds=15.5 checkpoint=- ebops_trace_seconds=0.00 ebops_trace_over_epoch=0.003 loss=1.295790 host_rss_mb=2622
ARM_LOG [epoch 62/7000] EBOPs=untraced in_training_ebops=892782 target=750000 beta=9.17e-08 val_AUC=0.798402 val_accuracy=0.490758 seconds=15.3 checkpoint=- ebops_trace_seconds=0.00 ebops_trace_over_epoch=0.003 loss=1.320941 host_rss_mb=2622
ARM_LOG [epoch 63/7000] EBOPs=untraced in_training_ebops=835315 target=750000 beta=9.17e-08 val_AUC=0.793719 val_accuracy=0.492097 seconds=15.5 checkpoint=- ebops_trace_seconds=0.00 ebops_trace_over_epoch=0.003 loss=1.295994 host_rss_mb=2622
ARM_LOG [epoch 64/7000] EBOPs=untraced in_training_ebops=841252 target=750000 beta=9.17e-08 val_AUC=0.801230 val_accuracy=0.499403 seconds=15.3 checkpoint=- ebops_trace_seconds=0.00 ebops_trace_over_epoch=0.003 loss=1.329673 host_rss_mb=2623
ARM_LOG [epoch 65/7000] EBOPs=untraced in_training_ebops=833972 target=750000 beta=9.17e-08 val_AUC=0.812023 val_accuracy=0.489145 seconds=15.6 checkpoint=- ebops_trace_seconds=0.00 ebops_trace_over_epoch=0.003 loss=1.320125 host_rss_mb=2623
ARM_LOG [epoch 66/7000] EBOPs=untraced in_training_ebops=824768 target=750000 beta=9.17e-08 val_AUC=0.816782 val_accuracy=0.484565 seconds=15.6 checkpoint=- ebops_trace_seconds=0.00 ebops_trace_over_epoch=0.003 loss=1.326021 host_rss_mb=2623
ARM_LOG [epoch 67/7000] EBOPs=untraced in_training_ebops=838298 target=750000 beta=9.17e-08 val_AUC=0.807177 val_accuracy=0.475581 seconds=15.7 checkpoint=- ebops_trace_seconds=0.00 ebops_trace_over_epoch=0.003 loss=1.339473 host_rss_mb=2623
ARM_LOG [epoch 68/7000] EBOPs=untraced in_training_ebops=808799 target=750000 beta=9.17e-08 val_AUC=0.829576 val_accuracy=0.540516 seconds=15.5 checkpoint=- ebops_trace_seconds=0.00 ebops_trace_over_epoch=0.003 loss=1.323444 host_rss_mb=2623
ARM_LOG [epoch 69/7000] EBOPs=untraced in_training_ebops=810527 target=750000 beta=9.17e-08 val_AUC=0.812302 val_accuracy=0.511290 seconds=15.4 checkpoint=- ebops_trace_seconds=0.00 ebops_trace_over_epoch=0.003 loss=1.288668 host_rss_mb=2624
ARM_LOG [epoch 70/7000] EBOPs=750723 target=750000 above_floor=579197 feasible=0 degenerate=0 beta=9.17e-08 val_AUC=0.756061 val_accuracy=0.392306 seconds=55.7 checkpoint=- ebops_trace_seconds=39.98 ebops_trace_over_epoch=0.719 loss=1.305221 host_rss_mb=2624
ARM_LOG [epoch 71/7000] EBOPs=untraced in_training_ebops=832757 target=750000 beta=8.44e-08 val_AUC=0.809985 val_accuracy=0.506081 seconds=15.3 checkpoint=- ebops_trace_seconds=0.00 ebops_trace_over_epoch=0.003 loss=1.307936 host_rss_mb=2624
ARM_LOG [epoch 72/7000] EBOPs=untraced in_training_ebops=856661 target=750000 beta=8.44e-08 val_AUC=0.804251 val_accuracy=0.484581 seconds=15.3 checkpoint=- ebops_trace_seconds=0.00 ebops_trace_over_epoch=0.003 loss=1.332995 host_rss_mb=2625
ARM_LOG [epoch 73/7000] EBOPs=untraced in_training_ebops=814088 target=750000 beta=8.44e-08 val_AUC=0.822530 val_accuracy=0.525419 seconds=15.4 checkpoint=- ebops_trace_seconds=0.00 ebops_trace_over_epoch=0.003 loss=1.313966 host_rss_mb=2626
ARM_LOG [epoch 74/7000] EBOPs=untraced in_training_ebops=810607 target=750000 beta=8.44e-08 val_AUC=0.823768 val_accuracy=0.517323 seconds=15.6 checkpoint=- ebops_trace_seconds=0.00 ebops_trace_over_epoch=0.003 loss=1.303887 host_rss_mb=2626
ARM_LOG [epoch 75/7000] EBOPs=untraced in_training_ebops=790864 target=750000 beta=8.44e-08 val_AUC=0.823233 val_accuracy=0.532226 seconds=15.3 checkpoint=epoch-0075 ebops_trace_seconds=0.00 ebops_trace_over_epoch=0.003 loss=1.306764 host_rss_mb=2625
ARM_LOG [epoch 76/7000] EBOPs=untraced in_training_ebops=789483 target=750000 beta=8.44e-08 val_AUC=0.816786 val_accuracy=0.507355 seconds=15.5 checkpoint=- ebops_trace_seconds=0.00 ebops_trace_over_epoch=0.003 loss=1.294874 host_rss_mb=2626
ARM_LOG [epoch 77/7000] EBOPs=untraced in_training_ebops=792809 target=750000 beta=8.44e-08 val_AUC=0.816322 val_accuracy=0.517306 seconds=15.5 checkpoint=- ebops_trace_seconds=0.00 ebops_trace_over_epoch=0.003 loss=1.313647 host_rss_mb=2627
ARM_LOG [epoch 78/7000] EBOPs=untraced in_training_ebops=779195 target=750000 beta=8.44e-08 val_AUC=0.803960 val_accuracy=0.520565 seconds=15.3 checkpoint=- ebops_trace_seconds=0.00 ebops_trace_over_epoch=0.003 loss=1.321234 host_rss_mb=2619
ARM_LOG [epoch 79/7000] EBOPs=untraced in_training_ebops=780864 target=750000 beta=8.44e-08 val_AUC=0.763654 val_accuracy=0.465903 seconds=15.4 checkpoint=- ebops_trace_seconds=0.00 ebops_trace_over_epoch=0.003 loss=1.334357 host_rss_mb=2621
ARM_LOG [epoch 80/7000] EBOPs=711679 target=750000 above_floor=540153 feasible=1 degenerate=0 beta=8.44e-08 val_AUC=0.811336 val_accuracy=0.470387 seconds=55.7 checkpoint=- ebops_trace_seconds=39.88 ebops_trace_over_epoch=0.716 loss=1.307383 host_rss_mb=2623
ARM_LOG [epoch 81/7000] EBOPs=untraced in_training_ebops=806124 target=750000 beta=7.8e-08 val_AUC=0.797668 val_accuracy=0.447855 seconds=15.4 checkpoint=- ebops_trace_seconds=0.00 ebops_trace_over_epoch=0.003 loss=1.329345 host_rss_mb=2623
ARM_LOG [epoch 82/7000] EBOPs=untraced in_training_ebops=832164 target=750000 beta=7.8e-08 val_AUC=0.831708 val_accuracy=0.521726 seconds=15.4 checkpoint=- ebops_trace_seconds=0.00 ebops_trace_over_epoch=0.003 loss=1.326699 host_rss_mb=2623
ARM_LOG [epoch 83/7000] EBOPs=untraced in_training_ebops=789293 target=750000 beta=7.8e-08 val_AUC=0.810224 val_accuracy=0.522468 seconds=15.5 checkpoint=- ebops_trace_seconds=0.00 ebops_trace_over_epoch=0.003 loss=1.310556 host_rss_mb=2623
ARM_LOG [epoch 84/7000] EBOPs=untraced in_training_ebops=772532 target=750000 beta=7.8e-08 val_AUC=0.796578 val_accuracy=0.520387 seconds=15.3 checkpoint=- ebops_trace_seconds=0.00 ebops_trace_over_epoch=0.003 loss=1.338838 host_rss_mb=2623
ARM_LOG [epoch 85/7000] EBOPs=untraced in_training_ebops=781183 target=750000 beta=7.8e-08 val_AUC=0.775882 val_accuracy=0.435516 seconds=15.4 checkpoint=- ebops_trace_seconds=0.00 ebops_trace_over_epoch=0.003 loss=1.344804 host_rss_mb=2623
ARM_LOG [epoch 86/7000] EBOPs=untraced in_training_ebops=780020 target=750000 beta=7.8e-08 val_AUC=0.818125 val_accuracy=0.502823 seconds=15.7 checkpoint=- ebops_trace_seconds=0.00 ebops_trace_over_epoch=0.003 loss=1.309207 host_rss_mb=2623
ARM_LOG [epoch 87/7000] EBOPs=untraced in_training_ebops=774256 target=750000 beta=7.8e-08 val_AUC=0.813486 val_accuracy=0.521645 seconds=15.3 checkpoint=- ebops_trace_seconds=0.00 ebops_trace_over_epoch=0.003 loss=1.306682 host_rss_mb=2624
ARM_LOG [epoch 88/7000] EBOPs=untraced in_training_ebops=759329 target=750000 beta=7.8e-08 val_AUC=0.803746 val_accuracy=0.515742 seconds=15.3 checkpoint=- ebops_trace_seconds=0.00 ebops_trace_over_epoch=0.003 loss=1.271164 host_rss_mb=2624
ARM_LOG [epoch 89/7000] EBOPs=untraced in_training_ebops=761617 target=750000 beta=7.8e-08 val_AUC=0.822899 val_accuracy=0.526419 seconds=15.4 checkpoint=- ebops_trace_seconds=0.00 ebops_trace_over_epoch=0.003 loss=1.305395 host_rss_mb=2624
ARM_LOG [epoch 90/7000] EBOPs=696026 target=750000 above_floor=524500 feasible=1 degenerate=0 beta=7.8e-08 val_AUC=0.780045 val_accuracy=0.447419 seconds=55.2 checkpoint=- ebops_trace_seconds=39.63 ebops_trace_over_epoch=0.719 loss=1.287211 host_rss_mb=2624
ARM_LOG [epoch 91/7000] EBOPs=untraced in_training_ebops=772387 target=750000 beta=7.34e-08 val_AUC=0.822193 val_accuracy=0.494677 seconds=15.5 checkpoint=- ebops_trace_seconds=0.00 ebops_trace_over_epoch=0.003 loss=1.297606 host_rss_mb=2625
ARM_LOG [epoch 92/7000] EBOPs=untraced in_training_ebops=782546 target=750000 beta=7.34e-08 val_AUC=0.826367 val_accuracy=0.553484 seconds=15.3 checkpoint=- ebops_trace_seconds=0.00 ebops_trace_over_epoch=0.003 loss=1.312625 host_rss_mb=2625
ARM_LOG [epoch 93/7000] EBOPs=untraced in_training_ebops=763001 target=750000 beta=7.34e-08 val_AUC=0.797048 val_accuracy=0.482274 seconds=15.3 checkpoint=- ebops_trace_seconds=0.00 ebops_trace_over_epoch=0.003 loss=1.303832 host_rss_mb=2625
ARM_LOG [epoch 94/7000] EBOPs=untraced in_training_ebops=778495 target=750000 beta=7.34e-08 val_AUC=0.763293 val_accuracy=0.456919 seconds=15.4 checkpoint=- ebops_trace_seconds=0.00 ebops_trace_over_epoch=0.003 loss=1.335998 host_rss_mb=2625
ARM_LOG [epoch 95/7000] EBOPs=untraced in_training_ebops=780204 target=750000 beta=7.34e-08 val_AUC=0.811364 val_accuracy=0.481435 seconds=15.5 checkpoint=- ebops_trace_seconds=0.00 ebops_trace_over_epoch=0.003 loss=1.307121 host_rss_mb=2625
ARM_LOG [epoch 96/7000] EBOPs=untraced in_training_ebops=779097 target=750000 beta=7.34e-08 val_AUC=0.788625 val_accuracy=0.452516 seconds=15.9 checkpoint=- ebops_trace_seconds=0.00 ebops_trace_over_epoch=0.003 loss=1.323915 host_rss_mb=2625
ARM_LOG [epoch 97/7000] EBOPs=untraced in_training_ebops=766998 target=750000 beta=7.34e-08 val_AUC=0.817452 val_accuracy=0.541935 seconds=15.3 checkpoint=- ebops_trace_seconds=0.00 ebops_trace_over_epoch=0.003 loss=1.307791 host_rss_mb=2628
ARM_LOG [epoch 98/7000] EBOPs=untraced in_training_ebops=762063 target=750000 beta=7.34e-08 val_AUC=0.816878 val_accuracy=0.500548 seconds=15.3 checkpoint=- ebops_trace_seconds=0.00 ebops_trace_over_epoch=0.003 loss=1.326064 host_rss_mb=2628
ARM_LOG [epoch 99/7000] EBOPs=untraced in_training_ebops=754851 target=750000 beta=7.34e-08 val_AUC=0.835280 val_accuracy=0.520903 seconds=15.5 checkpoint=- ebops_trace_seconds=0.00 ebops_trace_over_epoch=0.003 loss=1.333364 host_rss_mb=2628
ARM_LOG [epoch 100/7000] EBOPs=686350 target=750000 above_floor=514824 feasible=1 degenerate=0 beta=7.34e-08 val_AUC=0.786567 val_accuracy=0.458613 seconds=55.3 checkpoint=epoch-0100 ebops_trace_seconds=39.72 ebops_trace_over_epoch=0.719 loss=1.335220 host_rss_mb=2629
ARM_LOG [epoch 101/7000] EBOPs=untraced in_training_ebops=761681 target=750000 beta=6.93e-08 val_AUC=0.793660 val_accuracy=0.473048 seconds=15.7 checkpoint=- ebops_trace_seconds=0.00 ebops_trace_over_epoch=0.003 loss=1.325269 host_rss_mb=2611
ARM_LOG [epoch 102/7000] EBOPs=untraced in_training_ebops=780476 target=750000 beta=6.93e-08 val_AUC=0.815430 val_accuracy=0.503919 seconds=15.5 checkpoint=- ebops_trace_seconds=0.00 ebops_trace_over_epoch=0.003 loss=1.341555 host_rss_mb=2625
ARM_LOG [epoch 103/7000] EBOPs=untraced in_training_ebops=771913 target=750000 beta=6.93e-08 val_AUC=0.810712 val_accuracy=0.484403 seconds=15.3 checkpoint=- ebops_trace_seconds=0.00 ebops_trace_over_epoch=0.003 loss=1.331786 host_rss_mb=2629
ARM_LOG [epoch 104/7000] EBOPs=untraced in_training_ebops=770340 target=750000 beta=6.93e-08 val_AUC=0.790611 val_accuracy=0.510145 seconds=15.4 checkpoint=- ebops_trace_seconds=0.00 ebops_trace_over_epoch=0.003 loss=1.342620 host_rss_mb=2631
ARM_LOG RSS_GATE pilot1005-h2-e-750k-c-s1 FAIL slope_mb_per_epoch 0.946 baseline_mb 2554 projection_mb 9176 at_epoch 7000 limit_mb 8192 fit_epochs 5-104 of this process
ARM_LOG wandb: updating run metadata
ARM_LOG wandb: uploading output.log; uploading wandb-summary.json; uploading config.yaml
ARM_LOG wandb: uploading history steps 103-103, summary, console lines 104-104
ARM_LOG wandb: 🚀 View run pilot1005-h2-e-750k-c-s1 at: https://wandb.ai/kayamaguchi-uc-san-diego/BNJetTag-ChangRecipe/runs/b5bec63c6e30
ARM_LOG wandb: ⭐️ View project at: https://wandb.ai/kayamaguchi-uc-san-diego/BNJetTag-ChangRecipe
ARM_LOG wandb: Synced 5 W&B file(s), 0 media file(s), 0 artifact file(s) and 0 other file(s)
ARM_MEMORY_GATE_FAILED pilot1005-h2-e-750k-c-s1
2026/10/05 23:06:49.554, NVIDIA GeForce RTX 3090, 0 %, 1 MiB, 24576 MiB
PACK_DONE diverged [] failed ['pilot1005-h2-e-750k-c-s1']
ARM_RSS_GATE_FINAL pilot1005-h2-e-750k-c-s1 run_pack_exit=1
PACK_EPOCH0_CHECK pilot1005-h2-e-750k-c-s1=None
FINAL CANARY_LOSS pilot1005-h2-e-750k-c-s1 PASS
FINAL CANARY_TRACE pilot1005-h2-e-750k-c-s1 PASS
FINAL CANARY_PID_FIRST pilot1005-h2-e-750k-c-s1 PASS
FINAL CONTROLLER_AUDIT pilot1005-h2-e-750k-c-s1 PASS 0
FINAL NOTIFY_ATTENTION_QK_ZERO_BIT pilot1005-h2-e-750k-c-s1 traced_epochs 4 first 69
PILOT_ARM_DONE pilot1005-h2-e-750k-c-s1 run_pack_exit=1
POD_EXIT_FINAL rc=1 exit=5 elapsed_s=2318
