==== BENCH_ARM_ATTEMPT 0 2026-09-29T12:00:57Z phase p1-E-k5
ARM_CPUS n=10 requested 4-13 seen 4-13 OK
BENCH_ARM chang0926-a-n64-s3 tree /work/code devices ['/physical_device:GPU:0'] tf32_enabled False test_cpu False utc 2026-09-29T12:01:00Z
ARM_MANIFEST_SHA 041f981a9d5b8c3a7affb175d82de0ca2df9bc6261a172f67cb365c88b4bbd42 expected 041f981a9d5b8c3a7affb175d82de0ca2df9bc6261a172f67cb365c88b4bbd42 OK
BENCH_CACHE {"x_train": "420ac79dcece207aca849f6ca56e6426586023c9e02f38e5d3ac596fa74d79bc", "x_val": "7b56c1b25bc0d9231767f891ec52455ecb7c5656735fcf9d404104fd2c264d31", "y_train": "a5269398e2c6e5f1fc0db98e1a99a8befea619bf0c55531293d02a286c0dd378", "y_val": "63049d9bdcfdc83af97c58bc6579e1def1ec2d9e7a6c30007793badd75217709"}
[train] chang0926-a-n64-s3 params=31735 resume_epoch=0 initial_ebops=11488104
[epoch 1/7000] EBOPs=11815645 target=350000 above_floor=11644119 feasible=0 degenerate=0 beta=1e-07 val_AUC=0.850090 val_accuracy=0.580129 seconds=129.7 checkpoint=- ebops_trace_seconds=72.38 ebops_trace_over_epoch=0.559 loss=2.663930 host_rss_mb=2339
[epoch 2/7000] EBOPs=untraced in_training_ebops=12686486 target=350000 beta=1e-07 val_AUC=0.877599 val_accuracy=0.623016 seconds=63.8 checkpoint=- ebops_trace_seconds=0.01 ebops_trace_over_epoch=0.001 loss=2.278311 host_rss_mb=2357
[epoch 3/7000] EBOPs=untraced in_training_ebops=9928763 target=350000 beta=1.28e-07 val_AUC=0.871847 val_accuracy=0.588548 seconds=77.4 checkpoint=- ebops_trace_seconds=0.01 ebops_trace_over_epoch=0.001 loss=2.446609 host_rss_mb=2366
[epoch 4/7000] EBOPs=untraced in_training_ebops=9364772 target=350000 beta=1.19e-07 val_AUC=0.888179 val_accuracy=0.651242 seconds=77.3 checkpoint=- ebops_trace_seconds=0.01 ebops_trace_over_epoch=0.001 loss=2.142819 host_rss_mb=2379
[epoch 5/7000] EBOPs=untraced in_training_ebops=7279581 target=350000 beta=1.32e-07 val_AUC=0.885314 val_accuracy=0.641758 seconds=77.2 checkpoint=- ebops_trace_seconds=0.01 ebops_trace_over_epoch=0.001 loss=2.006175 host_rss_mb=2388
[epoch 6/7000] EBOPs=untraced in_training_ebops=6736740 target=350000 beta=1.2e-07 val_AUC=0.870869 val_accuracy=0.581968 seconds=77.3 checkpoint=- ebops_trace_seconds=0.01 ebops_trace_over_epoch=0.001 loss=1.844618 host_rss_mb=2393
[epoch 7/7000] EBOPs=untraced in_training_ebops=5897416 target=350000 beta=1.28e-07 val_AUC=0.885275 val_accuracy=0.635758 seconds=77.1 checkpoint=- ebops_trace_seconds=0.01 ebops_trace_over_epoch=0.001 loss=1.782043 host_rss_mb=2404
[epoch 8/7000] EBOPs=untraced in_training_ebops=5267391 target=350000 beta=1.29e-07 val_AUC=0.887902 val_accuracy=0.653516 seconds=77.3 checkpoint=- ebops_trace_seconds=0.01 ebops_trace_over_epoch=0.001 loss=1.708502 host_rss_mb=2410
[epoch 9/7000] EBOPs=untraced in_training_ebops=4454502 target=350000 beta=1.32e-07 val_AUC=0.880946 val_accuracy=0.621129 seconds=75.2 checkpoint=- ebops_trace_seconds=0.01 ebops_trace_over_epoch=0.001 loss=1.597061 host_rss_mb=2418
[epoch 10/7000] EBOPs=3459456 target=350000 above_floor=3287930 feasible=0 degenerate=0 beta=1.27e-07 val_AUC=0.889725 val_accuracy=0.640323 seconds=141.4 checkpoint=- ebops_trace_seconds=77.29 ebops_trace_over_epoch=0.547 loss=1.513659 host_rss_mb=2427
[epoch 11/7000] EBOPs=untraced in_training_ebops=3633896 target=350000 beta=1.11e-07 val_AUC=0.866043 val_accuracy=0.583226 seconds=65.8 checkpoint=- ebops_trace_seconds=0.01 ebops_trace_over_epoch=0.001 loss=1.391616 host_rss_mb=2412
[epoch 12/7000] EBOPs=untraced in_training_ebops=3354957 target=350000 beta=1.31e-07 val_AUC=0.880510 val_accuracy=0.624081 seconds=77.3 checkpoint=- ebops_trace_seconds=0.01 ebops_trace_over_epoch=0.001 loss=1.468575 host_rss_mb=2416
[epoch 13/7000] EBOPs=untraced in_training_ebops=3071050 target=350000 beta=1.35e-07 val_AUC=0.879520 val_accuracy=0.620419 seconds=76.8 checkpoint=- ebops_trace_seconds=0.01 ebops_trace_over_epoch=0.001 loss=1.419314 host_rss_mb=2418
[epoch 14/7000] EBOPs=untraced in_training_ebops=2809334 target=350000 beta=1.38e-07 val_AUC=0.880034 val_accuracy=0.622903 seconds=76.5 checkpoint=- ebops_trace_seconds=0.01 ebops_trace_over_epoch=0.001 loss=1.393071 host_rss_mb=2418
[epoch 15/7000] EBOPs=untraced in_training_ebops=2527337 target=350000 beta=1.4e-07 val_AUC=0.869536 val_accuracy=0.611355 seconds=76.9 checkpoint=- ebops_trace_seconds=0.01 ebops_trace_over_epoch=0.001 loss=1.382939 host_rss_mb=2419
[epoch 16/7000] EBOPs=untraced in_training_ebops=2369347 target=350000 beta=1.39e-07 val_AUC=0.874446 val_accuracy=0.615710 seconds=77.3 checkpoint=- ebops_trace_seconds=0.01 ebops_trace_over_epoch=0.001 loss=1.376343 host_rss_mb=2422
[epoch 17/7000] EBOPs=untraced in_training_ebops=2237125 target=350000 beta=1.43e-07 val_AUC=0.869404 val_accuracy=0.614903 seconds=76.8 checkpoint=- ebops_trace_seconds=0.01 ebops_trace_over_epoch=0.001 loss=1.333241 host_rss_mb=2422
[epoch 18/7000] EBOPs=untraced in_training_ebops=1961788 target=350000 beta=1.48e-07 val_AUC=0.863229 val_accuracy=0.606048 seconds=77.0 checkpoint=- ebops_trace_seconds=0.01 ebops_trace_over_epoch=0.001 loss=1.353814 host_rss_mb=2425
[epoch 19/7000] EBOPs=untraced in_training_ebops=1937879 target=350000 beta=1.42e-07 val_AUC=0.858030 val_accuracy=0.597806 seconds=73.2 checkpoint=- ebops_trace_seconds=0.01 ebops_trace_over_epoch=0.001 loss=1.335790 host_rss_mb=2425
[epoch 20/7000] EBOPs=1817779 target=350000 above_floor=1646253 feasible=0 degenerate=0 beta=1.53e-07 val_AUC=0.865075 val_accuracy=0.608323 seconds=135.8 checkpoint=- ebops_trace_seconds=73.05 ebops_trace_over_epoch=0.538 loss=1.359155 host_rss_mb=2425
[epoch 21/7000] EBOPs=untraced in_training_ebops=1739403 target=350000 beta=1.56e-07 val_AUC=0.858808 val_accuracy=0.588145 seconds=25.3 checkpoint=epoch-0021 ebops_trace_seconds=0.00 ebops_trace_over_epoch=0.002 loss=1.358472 host_rss_mb=2427
CHECKPOINT_VERIFICATION_PASS {"index": 2, "name": "chang0926-a-n64-s3", "arm": "A", "seed": 3, "n_part": 64, "file": "chang0926-a-n64-s3.json", "production": true, "target_ebops": 350000, "zero_floor_ebops": 171526, "arch": {"d_model": 24, "n_heads": 2, "pos_enc": "none"}, "quant_set": "chang", "config_sha256": "f7c05573a4dc9405450a8544459e67da1b76b981a59d354effd47566b9e4ff4d", "status": "verified_canary", "completed_epochs": 21, "selected": {"epoch": 19, "val_macro_auc": 0.8650746508984402, "val_categorical_accuracy": 0.6083225806451613, "ebops": 1817779, "ebops_above_floor": 1646253}, "checkpoint": "model_min_ebops.keras", "checkpoint_sha256": "e5d8ae3c411424ba5d29c722b14cb16a6eec462f241a106a6192adce758a601d", "budget_met": false, "validation_accuracy": 0.6083225806451613, "validation_macro_auc": 0.8650746508984402, "validation_per_class_auc": [0.8776900124460056, 0.8335299371819487, 0.848678604375015, 0.8379295602646176, 0.9275451402246139], "wall_seconds_this_invocation": 1812.8992385128513, "test_set_used": false, "hardware_validated": false, "validation_labels_sha256": "63049d9bdcfdc83af97c58bc6579e1def1ec2d9e7a6c30007793badd75217709", "reload_ebops_check": "stored", "source_sha256": "041f981a9d5b8c3a7affb175d82de0ca2df9bc6261a172f67cb365c88b4bbd42", "selection_cost": 1817779, "selection_cost_convention": "native_hgq2", "native_hgq2_backbone_ebops": 1817779, "custom_estimated_bitops": 0, "modules": {}, "warning": "Augmented total is not directly interchangeable with historical native HGQ2 totals."}
WANDB_IMPORTED False
ARM_DONE chang0926-a-n64-s3 exit 0 wall_seconds 1813.1 utc 2026-09-29T12:31:14Z
