==== BENCH_ARM_ATTEMPT 0 2026-09-29T12:01:12Z phase p1-E-k5
ARM_CPUS n=10 requested 4-13 seen 4-13 OK
BENCH_ARM chang0926-a-n64-s4 tree /work/code devices ['/physical_device:GPU:0'] tf32_enabled False test_cpu False utc 2026-09-29T12:01:15Z
ARM_MANIFEST_SHA 041f981a9d5b8c3a7affb175d82de0ca2df9bc6261a172f67cb365c88b4bbd42 expected 041f981a9d5b8c3a7affb175d82de0ca2df9bc6261a172f67cb365c88b4bbd42 OK
BENCH_CACHE {"x_train": "420ac79dcece207aca849f6ca56e6426586023c9e02f38e5d3ac596fa74d79bc", "x_val": "7b56c1b25bc0d9231767f891ec52455ecb7c5656735fcf9d404104fd2c264d31", "y_train": "a5269398e2c6e5f1fc0db98e1a99a8befea619bf0c55531293d02a286c0dd378", "y_val": "63049d9bdcfdc83af97c58bc6579e1def1ec2d9e7a6c30007793badd75217709"}
[train] chang0926-a-n64-s4 params=31735 resume_epoch=0 initial_ebops=11205067
[epoch 1/7000] EBOPs=11247408 target=350000 above_floor=11075882 feasible=0 degenerate=0 beta=1e-07 val_AUC=0.816986 val_accuracy=0.525016 seconds=131.5 checkpoint=- ebops_trace_seconds=72.88 ebops_trace_over_epoch=0.555 loss=2.615839 host_rss_mb=2339
[epoch 2/7000] EBOPs=untraced in_training_ebops=12837008 target=350000 beta=1e-07 val_AUC=0.825689 val_accuracy=0.511629 seconds=73.8 checkpoint=- ebops_trace_seconds=0.01 ebops_trace_over_epoch=0.001 loss=2.295220 host_rss_mb=2355
[epoch 3/7000] EBOPs=untraced in_training_ebops=10087021 target=350000 beta=1.37e-07 val_AUC=0.852517 val_accuracy=0.578194 seconds=77.6 checkpoint=- ebops_trace_seconds=0.01 ebops_trace_over_epoch=0.001 loss=2.568763 host_rss_mb=2365
[epoch 4/7000] EBOPs=untraced in_training_ebops=9177100 target=350000 beta=1.27e-07 val_AUC=0.854307 val_accuracy=0.605952 seconds=77.6 checkpoint=- ebops_trace_seconds=0.01 ebops_trace_over_epoch=0.001 loss=2.265349 host_rss_mb=2373
[epoch 5/7000] EBOPs=untraced in_training_ebops=7478648 target=350000 beta=1.36e-07 val_AUC=0.838200 val_accuracy=0.551032 seconds=77.6 checkpoint=- ebops_trace_seconds=0.01 ebops_trace_over_epoch=0.001 loss=2.068029 host_rss_mb=2384
[epoch 6/7000] EBOPs=untraced in_training_ebops=6166267 target=350000 beta=1.29e-07 val_AUC=0.794279 val_accuracy=0.527468 seconds=77.6 checkpoint=- ebops_trace_seconds=0.01 ebops_trace_over_epoch=0.001 loss=1.927237 host_rss_mb=2392
[epoch 7/7000] EBOPs=untraced in_training_ebops=5794910 target=350000 beta=1.23e-07 val_AUC=0.809008 val_accuracy=0.470855 seconds=77.7 checkpoint=- ebops_trace_seconds=0.01 ebops_trace_over_epoch=0.001 loss=1.715832 host_rss_mb=2404
[epoch 8/7000] EBOPs=untraced in_training_ebops=4808432 target=350000 beta=1.33e-07 val_AUC=0.873283 val_accuracy=0.617000 seconds=77.8 checkpoint=- ebops_trace_seconds=0.01 ebops_trace_over_epoch=0.001 loss=1.710562 host_rss_mb=2413
[epoch 9/7000] EBOPs=untraced in_training_ebops=4109314 target=350000 beta=1.26e-07 val_AUC=0.877997 val_accuracy=0.628919 seconds=70.8 checkpoint=- ebops_trace_seconds=0.00 ebops_trace_over_epoch=0.001 loss=1.553618 host_rss_mb=2422
[epoch 10/7000] EBOPs=3331251 target=350000 above_floor=3159725 feasible=0 degenerate=0 beta=1.22e-07 val_AUC=0.870580 val_accuracy=0.607161 seconds=137.5 checkpoint=- ebops_trace_seconds=75.91 ebops_trace_over_epoch=0.553 loss=1.488635 host_rss_mb=2423
[epoch 11/7000] EBOPs=untraced in_training_ebops=3567113 target=350000 beta=1.1e-07 val_AUC=0.876876 val_accuracy=0.621387 seconds=75.9 checkpoint=- ebops_trace_seconds=0.01 ebops_trace_over_epoch=0.001 loss=1.400448 host_rss_mb=2408
[epoch 12/7000] EBOPs=untraced in_training_ebops=3238975 target=350000 beta=1.33e-07 val_AUC=0.867492 val_accuracy=0.604790 seconds=77.5 checkpoint=- ebops_trace_seconds=0.01 ebops_trace_over_epoch=0.001 loss=1.467644 host_rss_mb=2414
[epoch 13/7000] EBOPs=untraced in_training_ebops=2789464 target=350000 beta=1.35e-07 val_AUC=0.868127 val_accuracy=0.609177 seconds=76.9 checkpoint=- ebops_trace_seconds=0.01 ebops_trace_over_epoch=0.001 loss=1.445873 host_rss_mb=2416
[epoch 14/7000] EBOPs=untraced in_training_ebops=2600549 target=350000 beta=1.29e-07 val_AUC=0.865111 val_accuracy=0.590984 seconds=77.2 checkpoint=- ebops_trace_seconds=0.01 ebops_trace_over_epoch=0.001 loss=1.386373 host_rss_mb=2416
[epoch 15/7000] EBOPs=untraced in_training_ebops=2498164 target=350000 beta=1.33e-07 val_AUC=0.862802 val_accuracy=0.567839 seconds=77.4 checkpoint=- ebops_trace_seconds=0.01 ebops_trace_over_epoch=0.001 loss=1.365049 host_rss_mb=2424
[epoch 16/7000] EBOPs=untraced in_training_ebops=2304347 target=350000 beta=1.41e-07 val_AUC=0.869869 val_accuracy=0.608323 seconds=77.2 checkpoint=- ebops_trace_seconds=0.01 ebops_trace_over_epoch=0.001 loss=1.344044 host_rss_mb=2427
[epoch 17/7000] EBOPs=untraced in_training_ebops=2052574 target=350000 beta=1.42e-07 val_AUC=0.856951 val_accuracy=0.594097 seconds=77.3 checkpoint=- ebops_trace_seconds=0.01 ebops_trace_over_epoch=0.001 loss=1.340068 host_rss_mb=2428
[epoch 18/7000] EBOPs=untraced in_training_ebops=1887487 target=350000 beta=1.39e-07 val_AUC=0.856589 val_accuracy=0.582210 seconds=77.4 checkpoint=- ebops_trace_seconds=0.01 ebops_trace_over_epoch=0.001 loss=1.310399 host_rss_mb=2431
[epoch 19/7000] EBOPs=untraced in_training_ebops=1723235 target=350000 beta=1.39e-07 val_AUC=0.859150 val_accuracy=0.593129 seconds=67.6 checkpoint=- ebops_trace_seconds=0.01 ebops_trace_over_epoch=0.001 loss=1.311010 host_rss_mb=2432
[epoch 20/7000] EBOPs=1662092 target=350000 above_floor=1490566 feasible=0 degenerate=0 beta=1.37e-07 val_AUC=0.868368 val_accuracy=0.597258 seconds=123.2 checkpoint=- ebops_trace_seconds=62.18 ebops_trace_over_epoch=0.505 loss=1.280020 host_rss_mb=2436
[epoch 21/7000] EBOPs=untraced in_training_ebops=1577003 target=350000 beta=1.43e-07 val_AUC=0.869782 val_accuracy=0.605742 seconds=26.9 checkpoint=epoch-0021 ebops_trace_seconds=0.00 ebops_trace_over_epoch=0.002 loss=1.266635 host_rss_mb=2438
CHECKPOINT_VERIFICATION_PASS {"index": 3, "name": "chang0926-a-n64-s4", "arm": "A", "seed": 4, "n_part": 64, "file": "chang0926-a-n64-s4.json", "production": true, "target_ebops": 350000, "zero_floor_ebops": 171526, "arch": {"d_model": 24, "n_heads": 2, "pos_enc": "none"}, "quant_set": "chang", "config_sha256": "fad33c2e84de31375defae7a80b81aa24b07d3c89311f2fb69d2cb1dc01e82c2", "status": "verified_canary", "completed_epochs": 21, "selected": {"epoch": 19, "val_macro_auc": 0.8683678275427067, "val_categorical_accuracy": 0.5972580645161291, "ebops": 1662092, "ebops_above_floor": 1490566}, "checkpoint": "model_min_ebops.keras", "checkpoint_sha256": "68841699d2a11d6a7870e5f0e706a4b972e65995e915d144fd5966c8a3ad885a", "budget_met": false, "validation_accuracy": 0.5972580645161291, "validation_macro_auc": 0.8683678275427067, "validation_per_class_auc": [0.8792437578122299, 0.8609215419427018, 0.836253204371418, 0.8376352385925143, 0.9277853949946695], "wall_seconds_this_invocation": 1822.659687999636, "test_set_used": false, "hardware_validated": false, "validation_labels_sha256": "63049d9bdcfdc83af97c58bc6579e1def1ec2d9e7a6c30007793badd75217709", "reload_ebops_check": "stored", "source_sha256": "041f981a9d5b8c3a7affb175d82de0ca2df9bc6261a172f67cb365c88b4bbd42", "selection_cost": 1662092, "selection_cost_convention": "native_hgq2", "native_hgq2_backbone_ebops": 1662092, "custom_estimated_bitops": 0, "modules": {}, "warning": "Augmented total is not directly interchangeable with historical native HGQ2 totals."}
WANDB_IMPORTED False
ARM_DONE chang0926-a-n64-s4 exit 0 wall_seconds 1822.9 utc 2026-09-29T12:31:39Z
