==== BENCH_ARM_ATTEMPT 0 2026-09-29T12:00:42Z phase p1-E-k5
ARM_CPUS n=10 requested 4-13 seen 4-13 OK
BENCH_ARM chang0926-a-n64-s2 tree /work/code devices ['/physical_device:GPU:0'] tf32_enabled False test_cpu False utc 2026-09-29T12:00:45Z
ARM_MANIFEST_SHA 041f981a9d5b8c3a7affb175d82de0ca2df9bc6261a172f67cb365c88b4bbd42 expected 041f981a9d5b8c3a7affb175d82de0ca2df9bc6261a172f67cb365c88b4bbd42 OK
BENCH_CACHE {"x_train": "420ac79dcece207aca849f6ca56e6426586023c9e02f38e5d3ac596fa74d79bc", "x_val": "7b56c1b25bc0d9231767f891ec52455ecb7c5656735fcf9d404104fd2c264d31", "y_train": "a5269398e2c6e5f1fc0db98e1a99a8befea619bf0c55531293d02a286c0dd378", "y_val": "63049d9bdcfdc83af97c58bc6579e1def1ec2d9e7a6c30007793badd75217709"}
[train] chang0926-a-n64-s2 params=31735 resume_epoch=0 initial_ebops=11295521
[epoch 1/7000] EBOPs=11708089 target=350000 above_floor=11536563 feasible=0 degenerate=0 beta=1e-07 val_AUC=0.842041 val_accuracy=0.565387 seconds=126.5 checkpoint=- ebops_trace_seconds=71.81 ebops_trace_over_epoch=0.568 loss=2.621828 host_rss_mb=2338
[epoch 2/7000] EBOPs=untraced in_training_ebops=12906400 target=350000 beta=1e-07 val_AUC=0.869537 val_accuracy=0.598210 seconds=50.0 checkpoint=- ebops_trace_seconds=0.01 ebops_trace_over_epoch=0.001 loss=2.278487 host_rss_mb=2358
[epoch 3/7000] EBOPs=untraced in_training_ebops=10149586 target=350000 beta=1.32e-07 val_AUC=0.876840 val_accuracy=0.618710 seconds=73.5 checkpoint=- ebops_trace_seconds=0.01 ebops_trace_over_epoch=0.001 loss=2.515052 host_rss_mb=2374
[epoch 4/7000] EBOPs=untraced in_training_ebops=9299977 target=350000 beta=1.23e-07 val_AUC=0.867021 val_accuracy=0.594726 seconds=77.8 checkpoint=- ebops_trace_seconds=0.01 ebops_trace_over_epoch=0.001 loss=2.214075 host_rss_mb=2389
[epoch 5/7000] EBOPs=untraced in_training_ebops=7506675 target=350000 beta=1.33e-07 val_AUC=0.882444 val_accuracy=0.625484 seconds=77.7 checkpoint=- ebops_trace_seconds=0.01 ebops_trace_over_epoch=0.001 loss=2.051309 host_rss_mb=2403
[epoch 6/7000] EBOPs=untraced in_training_ebops=6213265 target=350000 beta=1.25e-07 val_AUC=0.883421 val_accuracy=0.646355 seconds=77.7 checkpoint=- ebops_trace_seconds=0.01 ebops_trace_over_epoch=0.001 loss=1.866215 host_rss_mb=2409
[epoch 7/7000] EBOPs=untraced in_training_ebops=5680072 target=350000 beta=1.19e-07 val_AUC=0.887136 val_accuracy=0.649532 seconds=77.7 checkpoint=- ebops_trace_seconds=0.01 ebops_trace_over_epoch=0.001 loss=1.699801 host_rss_mb=2412
[epoch 8/7000] EBOPs=untraced in_training_ebops=5087100 target=350000 beta=1.25e-07 val_AUC=0.871047 val_accuracy=0.615210 seconds=77.8 checkpoint=- ebops_trace_seconds=0.01 ebops_trace_over_epoch=0.001 loss=1.706421 host_rss_mb=2421
[epoch 9/7000] EBOPs=untraced in_training_ebops=4603234 target=350000 beta=1.28e-07 val_AUC=0.882384 val_accuracy=0.640419 seconds=77.7 checkpoint=- ebops_trace_seconds=0.01 ebops_trace_over_epoch=0.001 loss=1.615024 host_rss_mb=2431
[epoch 10/7000] EBOPs=3623768 target=350000 above_floor=3452242 feasible=0 degenerate=0 beta=1.32e-07 val_AUC=0.868318 val_accuracy=0.613484 seconds=150.7 checkpoint=- ebops_trace_seconds=79.76 ebops_trace_over_epoch=0.530 loss=1.580685 host_rss_mb=2434
[epoch 11/7000] EBOPs=untraced in_training_ebops=3665842 target=350000 beta=1.17e-07 val_AUC=0.872559 val_accuracy=0.627419 seconds=53.2 checkpoint=- ebops_trace_seconds=0.00 ebops_trace_over_epoch=0.001 loss=1.445993 host_rss_mb=2415
[epoch 12/7000] EBOPs=untraced in_training_ebops=3495307 target=350000 beta=1.33e-07 val_AUC=0.881264 val_accuracy=0.634516 seconds=73.4 checkpoint=- ebops_trace_seconds=0.01 ebops_trace_over_epoch=0.001 loss=1.502054 host_rss_mb=2423
[epoch 13/7000] EBOPs=untraced in_training_ebops=2923881 target=350000 beta=1.42e-07 val_AUC=0.864830 val_accuracy=0.597984 seconds=77.3 checkpoint=- ebops_trace_seconds=0.01 ebops_trace_over_epoch=0.001 loss=1.490048 host_rss_mb=2425
[epoch 14/7000] EBOPs=untraced in_training_ebops=2662895 target=350000 beta=1.32e-07 val_AUC=0.864491 val_accuracy=0.607694 seconds=76.5 checkpoint=- ebops_trace_seconds=0.01 ebops_trace_over_epoch=0.001 loss=1.397581 host_rss_mb=2426
[epoch 15/7000] EBOPs=untraced in_training_ebops=2390704 target=350000 beta=1.33e-07 val_AUC=0.856305 val_accuracy=0.598161 seconds=76.6 checkpoint=- ebops_trace_seconds=0.01 ebops_trace_over_epoch=0.001 loss=1.372087 host_rss_mb=2427
[epoch 16/7000] EBOPs=untraced in_training_ebops=2248506 target=350000 beta=1.32e-07 val_AUC=0.864877 val_accuracy=0.615694 seconds=77.0 checkpoint=- ebops_trace_seconds=0.01 ebops_trace_over_epoch=0.001 loss=1.331910 host_rss_mb=2429
[epoch 17/7000] EBOPs=untraced in_training_ebops=2063280 target=350000 beta=1.36e-07 val_AUC=0.845956 val_accuracy=0.566694 seconds=76.7 checkpoint=- ebops_trace_seconds=0.01 ebops_trace_over_epoch=0.001 loss=1.341031 host_rss_mb=2430
[epoch 18/7000] EBOPs=untraced in_training_ebops=1898622 target=350000 beta=1.36e-07 val_AUC=0.861917 val_accuracy=0.593435 seconds=76.8 checkpoint=- ebops_trace_seconds=0.01 ebops_trace_over_epoch=0.001 loss=1.322582 host_rss_mb=2430
[epoch 19/7000] EBOPs=untraced in_training_ebops=1767689 target=350000 beta=1.37e-07 val_AUC=0.843787 val_accuracy=0.542468 seconds=76.7 checkpoint=- ebops_trace_seconds=0.01 ebops_trace_over_epoch=0.001 loss=1.317497 host_rss_mb=2430
[epoch 20/7000] EBOPs=1749743 target=350000 above_floor=1578217 feasible=0 degenerate=0 beta=1.38e-07 val_AUC=0.864831 val_accuracy=0.593903 seconds=150.2 checkpoint=- ebops_trace_seconds=80.86 ebops_trace_over_epoch=0.538 loss=1.295193 host_rss_mb=2431
[epoch 21/7000] EBOPs=untraced in_training_ebops=1655593 target=350000 beta=1.48e-07 val_AUC=0.860096 val_accuracy=0.592403 seconds=32.2 checkpoint=epoch-0021 ebops_trace_seconds=0.00 ebops_trace_over_epoch=0.002 loss=1.311672 host_rss_mb=2434
CHECKPOINT_VERIFICATION_PASS {"index": 1, "name": "chang0926-a-n64-s2", "arm": "A", "seed": 2, "n_part": 64, "file": "chang0926-a-n64-s2.json", "production": true, "target_ebops": 350000, "zero_floor_ebops": 171526, "arch": {"d_model": 24, "n_heads": 2, "pos_enc": "none"}, "quant_set": "chang", "config_sha256": "06af8973e0148fa86e42783d6a581acadd503423a6127b67c74a52bb100a1156", "status": "verified_canary", "completed_epochs": 21, "selected": {"epoch": 19, "val_macro_auc": 0.8648308681924839, "val_categorical_accuracy": 0.5939032258064516, "ebops": 1749743, "ebops_above_floor": 1578217}, "checkpoint": "model_min_ebops.keras", "checkpoint_sha256": "de53831fcd29bdc1b68069c317f6429a7e2c6a2ff3a6aabc7b4c2d900e9129df", "budget_met": false, "validation_accuracy": 0.5939032258064516, "validation_macro_auc": 0.8648308681924839, "validation_per_class_auc": [0.8645874630171079, 0.8581566288276047, 0.8411517728593899, 0.8399836559380843, 0.9202748203202321], "wall_seconds_this_invocation": 1804.4375963532366, "test_set_used": false, "hardware_validated": false, "validation_labels_sha256": "63049d9bdcfdc83af97c58bc6579e1def1ec2d9e7a6c30007793badd75217709", "reload_ebops_check": "stored", "source_sha256": "041f981a9d5b8c3a7affb175d82de0ca2df9bc6261a172f67cb365c88b4bbd42", "selection_cost": 1749743, "selection_cost_convention": "native_hgq2", "native_hgq2_backbone_ebops": 1749743, "custom_estimated_bitops": 0, "modules": {}, "warning": "Augmented total is not directly interchangeable with historical native HGQ2 totals."}
WANDB_IMPORTED False
ARM_DONE chang0926-a-n64-s2 exit 0 wall_seconds 1804.7 utc 2026-09-29T12:30:51Z
