[code] Fri Sep 11 00:54:47 UTC 2026 unpack code from ConfigMap kai-ebops-n8-code-9ab88f4911 (PVC-free)
[code] configmap tar md5: aeb054bf3e51beef920ae05f46314c10
[gate] configs/ebops-n8-20260910-b50-w1a8.json + feature_indices + wandb_util present (ConfigMap kai-ebops-n8-code-9ab88f4911 is fresh)
/cmcode/hgq2.tar.gz: OK
[setup] Fri Sep 11 00:54:47 UTC 2026 pinned deps (mirror .venv-hgq2)
WARNING: Running pip as the 'root' user can result in broken permissions and conflicting behaviour with the system package manager, possibly rendering your system unusable. It is recommended to use a virtual environment instead: https://pip.pypa.io/warnings/venv. Use the --root-user-action option if you know what you are doing and want to suppress this warning.

[notice] A new release of pip is available: 25.0.1 -> 26.2.1
[notice] To update, run: pip install --upgrade pip
[gpu] Fri Sep 11 00:57:09 UTC 2026 nvidia-smi + TF backend assertion
NVIDIA A10, 23028 MiB
WARNING: All log messages before absl::InitializeLog() is called are written to STDERR
I0000 00:00:1789088229.707323      69 cpu_feature_guard.cc:227] This TensorFlow binary is optimized to use available CPU instructions in performance-critical operations.
To enable the following instructions: AVX2 FMA, in other operations, rebuild TensorFlow with the appropriate compiler flags.
[gpu] TF sees [PhysicalDevice(name='/physical_device:GPU:0', device_type='GPU')]
wandb: [wandb.Api()] Loaded credentials for https://api.wandb.ai from WANDB_API_KEY.
[wandb] authentication OK
[data] Fri Sep 11 00:57:17 UTC 2026 fetch HLS4ML LHC Jet 150p TRAIN split from Zenodo (~3 GB, PVC-free)
[data] tarball bytes: 2725115104
[data] DATA=/work/data/train (62 files)
[train] Fri Sep 11 01:13:54 UTC 2026 ebops-n8-20260910-b50-w1a8-s1  config=ebops-n8-20260910-b50-w1a8.json seed=1
WARNING: All log messages before absl::InitializeLog() is called are written to STDERR
I0000 00:00:1789089235.180328      99 cpu_feature_guard.cc:227] This TensorFlow binary is optimized to use available CPU instructions in performance-critical operations.
To enable the following instructions: AVX2 FMA, in other operations, rebuild TensorFlow with the appropriate compiler flags.
=== ebops-n8-20260910-b50-w1a8 [ccaa1033] ===
[train] L1-realistic feature subset: ['pt', 'etarel', 'phirel']
[train] data: 62 files, 620000 jets (496000 train / 124000 val), class counts [124848, 120211, 124937, 124654, 125350]
[train] input_std ON: per-feature z-score from train split (|mu|max=89.5, sigma_max=84.39) -> input_std.json
W0000 00:00:1789089330.876631      99 gpu_bfc_allocator.cc:47] Overriding orig_value setting because the TF_FORCE_GPU_ALLOW_GROWTH environment variable is set. Original config value was false.
I0000 00:00:1789089330.878692      99 gpu_device.cc:2043] Created device /job:localhost/replica:0/task:0/device:GPU:0 with 20817 MB memory:  -> device: 0, name: NVIDIA A10, pci bus id: 0000:25:00.0, compute capability: 8.6
I0000 00:00:1789089337.065850     114 service.cc:153] XLA service 0x7f12a0042e90 initialized for platform CUDA (this does not guarantee that XLA will be used). Devices:
I0000 00:00:1789089337.065888     114 service.cc:161]   StreamExecutor [0]: NVIDIA A10, Compute Capability 8.6 (Driver: 13.2.0; Runtime: 12.9.0; Toolkit: 12.5.0; DNN: 9.26.0)
I0000 00:00:1789089337.210312     114 dump_mlir_util.cc:269] disabling MLIR crash reproducer, set env var `MLIR_CRASH_REPRODUCER_DIRECTORY` to enable.
I0000 00:00:1789089337.577445     114 cuda_dnn.cc:461] Loaded cuDNN version 92600
I0000 00:00:1789089337.948850     114 dot_search_space.cc:240] All configs were filtered out because none of them sufficiently match the hints. Maybe the hints set does not contain a good representative set of valid configs? Working around this by using the full hints set instead.
I0000 00:00:1789089341.103497     114 dot_search_space.cc:240] All configs were filtered out because none of them sufficiently match the hints. Maybe the hints set does not contain a good representative set of valid configs? Working around this by using the full hints set instead.
I0000 00:00:1789089344.284020     114 dot_search_space.cc:240] All configs were filtered out because none of them sufficiently match the hints. Maybe the hints set does not contain a good representative set of valid configs? Working around this by using the full hints set instead.
I0000 00:00:1789089346.858885     114 dot_search_space.cc:240] All configs were filtered out because none of them sufficiently match the hints. Maybe the hints set does not contain a good representative set of valid configs? Working around this by using the full hints set instead.
I0000 00:00:1789089352.739648     114 device_compiler.h:208] Compiled cluster using XLA!  This line is logged at most once for the lifetime of the process.
[budget] initial=1739182 target=869591.0
[train] ebops-n8-20260910-b50-w1a8 params=18,657 trainable=18,511 act_sites=19 act_calib=free
[train] binary gate OK (15 bit-layers exactly +/-beta)
wandb: [wandb.login()] Loaded credentials for https://api.wandb.ai from WANDB_API_KEY.
wandb: Currently logged in as: kayamaguchi (kayamaguchi-uc-san-diego) to https://api.wandb.ai. Use `wandb login --relogin` to force relogin
wandb: setting up run mkvzt7ur
wandb: Tracking run with wandb version 0.28.0
wandb: Run data is saved locally in /work/code/wandb/run-20260911_011601-mkvzt7ur
wandb: Run `wandb offline` to turn off syncing.
wandb: Syncing run ebops-n8-20260910-b50-w1a8-s1
wandb: ⭐️ View project at https://wandb.ai/kayamaguchi-uc-san-diego/BNJetTag-EBOPs-N8
wandb: 🚀 View run at https://wandb.ai/kayamaguchi-uc-san-diego/BNJetTag-EBOPs-N8/runs/mkvzt7ur
[train] EBOPs pressure ON: beta_schedule=None threshold=869591.0 front -> /work/outputs/ebops-n8-20260910-b50-w1a8-s1/front
Epoch 1/101
I0000 00:00:1789089391.882575     113 dot_merger.cc:481] Merging Dots in computation: a_inference_one_step_on_data_61330__.436
W0000 00:00:1789089393.244634     113 op_kernel.cc:1858] OP_REQUIRES failed at xla_ops.cc:602 : INTERNAL: Autotuning failed for HLO: %gemm_fusion_MatMul_1.76 = f32[256,32,32]{2,1,0} fusion(%divide.29, %AddN_78.1), kind=kCustom, calls=%gemm_fusion_MatMul_1.76_computation, frontend_attributes={grad_x="false",grad_y="true"}, metadata={op_type="BatchMatMulV2" op_name="gradient_tape/ebops-n8-20260910-b50-w1a8_1/bit_block_0_attn_Wo_1/MatMul/MatMul_1" source_file="/usr/local/lib/python3.12/site-packages/tensorflow/python/framework/ops.py" source_line=1221}, backend_config={"operation_queue_id":"0","wait_on_operation_queues":[],"fusion_backend_config":{"kind":"__triton_gemm"},"force_earliest_schedule":false,"reification_cost":[],"device_type":"DEVICE_TYPE_INVALID"} with error: NOT_FOUND: No valid config found!
W0000 00:00:1789089393.246631     113 local_rendezvous.cc:412] Local rendezvous is aborting with status: INTERNAL: Autotuning failed for HLO: %gemm_fusion_MatMul_1.76 = f32[256,32,32]{2,1,0} fusion(%divide.29, %AddN_78.1), kind=kCustom, calls=%gemm_fusion_MatMul_1.76_computation, frontend_attributes={grad_x="false",grad_y="true"}, metadata={op_type="BatchMatMulV2" op_name="gradient_tape/ebops-n8-20260910-b50-w1a8_1/bit_block_0_attn_Wo_1/MatMul/MatMul_1" source_file="/usr/local/lib/python3.12/site-packages/tensorflow/python/framework/ops.py" source_line=1221}, backend_config={"operation_queue_id":"0","wait_on_operation_queues":[],"fusion_backend_config":{"kind":"__triton_gemm"},"force_earliest_schedule":false,"reification_cost":[],"device_type":"DEVICE_TYPE_INVALID"} with error: NOT_FOUND: No valid config found!
	 [[{{node StatefulPartitionedCall}}]]
Traceback (most recent call last):
  File "/work/code/run_stage.py", line 285, in <module>
    main()
  File "/work/code/run_stage.py", line 266, in main
    stage_train(cfg, h, ctx, seed=a.seed, smoke=a.smoke)
  File "/work/code/run_stage.py", line 49, in stage_train
    meta = train(cfg, seed=seed, out_dir=out_dir, smoke=smoke, cfg_hash=h)
           ^^^^^^^^^^^^^^^^^^^^^^^^^^^^^^^^^^^^^^^^^^^^^^^^^^^^^^^^^^^^^^^
  File "/work/code/bnhgq2/train.py", line 419, in train
    model.fit(Xtr, Ytr, epochs=epochs, batch_size=int(tr.get("batch", 256)),
  File "/usr/local/lib/python3.12/site-packages/keras/src/utils/traceback_utils.py", line 122, in error_handler
    raise e.with_traceback(filtered_tb) from None
  File "/usr/local/lib/python3.12/site-packages/tensorflow/python/eager/execute.py", line 59, in quick_execute
    except TypeError as e:
tensorflow.python.framework.errors_impl.InternalError: Graph execution error:

Detected at node StatefulPartitionedCall defined at (most recent call last):
  File "/work/code/run_stage.py", line 285, in <module>

  File "/work/code/run_stage.py", line 266, in main

  File "/work/code/run_stage.py", line 49, in stage_train

  File "/work/code/bnhgq2/train.py", line 419, in train

  File "/usr/local/lib/python3.12/site-packages/keras/src/utils/traceback_utils.py", line 117, in error_handler

  File "/usr/local/lib/python3.12/site-packages/keras/src/backend/tensorflow/trainer.py", line 399, in fit

  File "/usr/local/lib/python3.12/site-packages/keras/src/backend/tensorflow/trainer.py", line 241, in function

  File "/usr/local/lib/python3.12/site-packages/keras/src/backend/tensorflow/trainer.py", line 154, in multi_step_on_iterator

  File "/usr/local/lib/python3.12/site-packages/keras/src/backend/tensorflow/trainer.py", line 125, in wrapper

Autotuning failed for HLO: %gemm_fusion_MatMul_1.76 = f32[256,32,32]{2,1,0} fusion(%divide.29, %AddN_78.1), kind=kCustom, calls=%gemm_fusion_MatMul_1.76_computation, frontend_attributes={grad_x="false",grad_y="true"}, metadata={op_type="BatchMatMulV2" op_name="gradient_tape/ebops-n8-20260910-b50-w1a8_1/bit_block_0_attn_Wo_1/MatMul/MatMul_1" source_file="/usr/local/lib/python3.12/site-packages/tensorflow/python/framework/ops.py" source_line=1221}, backend_config={"operation_queue_id":"0","wait_on_operation_queues":[],"fusion_backend_config":{"kind":"__triton_gemm"},"force_earliest_schedule":false,"reification_cost":[],"device_type":"DEVICE_TYPE_INVALID"} with error: NOT_FOUND: No valid config found!
	 [[{{node StatefulPartitionedCall}}]] [Op:__inference_multi_step_on_iterator_61981]
[1;34mwandb[0m: 
[1;34mwandb[0m: 🚀 View run [33mebops-n8-20260910-b50-w1a8-s1[0m at: [34mhttps://wandb.ai/kayamaguchi-uc-san-diego/BNJetTag-EBOPs-N8/runs/mkvzt7ur[0m
[1;34mwandb[0m: Find logs at: [1;35mwandb/run-20260911_011601-mkvzt7ur/logs[0m
