

================================================================
== Vitis HLS Report for 'dense_latency_ap_fixed_8_4_4_0_0_ap_fixed_14_7_4_0_0_config3_dense_15'
================================================================
* Date:           Tue Aug  4 11:43:39 2026

* Version:        2023.2 (Build 4023990 on Oct 11 2023)
* Project:        myproject_prj
* Solution:       solution1 (Vivado IP Flow Target)
* Product family: virtexuplus
* Target device:  xcvu13p-flga2577-2-e


================================================================
== Performance Estimates
================================================================
+ Timing: 
    * Summary: 
    +--------+---------+----------+------------+
    |  Clock |  Target | Estimated| Uncertainty|
    +--------+---------+----------+------------+
    |ap_clk  |  2.50 ns|  1.629 ns|     0.68 ns|
    +--------+---------+----------+------------+

+ Latency: 
    * Summary: 
    +---------+---------+----------+----------+-----+-----+---------+
    |  Latency (cycles) |  Latency (absolute) |  Interval | Pipeline|
    |   min   |   max   |    min   |    max   | min | max |   Type  |
    +---------+---------+----------+----------+-----+-----+---------+
    |        1|        1|  2.500 ns|  2.500 ns|    1|    1|      yes|
    +---------+---------+----------+----------+-----+-----+---------+

    + Detail: 
        * Instance: 
        N/A

        * Loop: 
        N/A



================================================================
== Utilization Estimates
================================================================
* Summary: 
+---------------------+---------+-------+---------+---------+------+
|         Name        | BRAM_18K|  DSP  |    FF   |   LUT   | URAM |
+---------------------+---------+-------+---------+---------+------+
|DSP                  |        -|      -|        -|        -|     -|
|Expression           |        -|      -|        0|     2135|     -|
|FIFO                 |        -|      -|        -|        -|     -|
|Instance             |        -|      -|        -|        -|     -|
|Memory               |        -|      -|        -|        -|     -|
|Multiplexer          |        -|      -|        -|      448|     -|
|Register             |        -|      -|      456|        -|     -|
+---------------------+---------+-------+---------+---------+------+
|Total                |        0|      0|      456|     2583|     0|
+---------------------+---------+-------+---------+---------+------+
|Available SLR        |     1344|   3072|   864000|   432000|   320|
+---------------------+---------+-------+---------+---------+------+
|Utilization SLR (%)  |        0|      0|       ~0|       ~0|     0|
+---------------------+---------+-------+---------+---------+------+
|Available            |     5376|  12288|  3456000|  1728000|  1280|
+---------------------+---------+-------+---------+---------+------+
|Utilization (%)      |        0|      0|       ~0|       ~0|     0|
+---------------------+---------+-------+---------+---------+------+

+ Detail: 
    * Instance: 
    N/A

    * DSP: 
    N/A

    * Memory: 
    N/A

    * FIFO: 
    N/A

    * Expression: 
    +--------------------------+----------+----+---+----+------------+------------+
    |       Variable Name      | Operation| DSP| FF| LUT| Bitwidth P0| Bitwidth P1|
    +--------------------------+----------+----+---+----+------------+------------+
    |add_ln111_65_fu_809_p2    |         +|   0|  0|  21|          14|           1|
    |add_ln111_66_fu_857_p2    |         +|   0|  0|  21|          14|           1|
    |add_ln111_67_fu_877_p2    |         +|   0|  0|  21|          14|           1|
    |add_ln111_68_fu_945_p2    |         +|   0|  0|  21|          14|           1|
    |add_ln111_69_fu_979_p2    |         +|   0|  0|  21|          14|           1|
    |add_ln111_70_fu_999_p2    |         +|   0|  0|  21|          14|           1|
    |add_ln111_71_fu_1061_p2   |         +|   0|  0|  21|          14|           1|
    |add_ln111_72_fu_1095_p2   |         +|   0|  0|  21|          14|           1|
    |add_ln111_73_fu_1178_p2   |         +|   0|  0|  21|          14|           1|
    |add_ln111_74_fu_1212_p2   |         +|   0|  0|  21|          14|           1|
    |add_ln111_fu_721_p2       |         +|   0|  0|  21|          14|           1|
    |add_ln58_36105_fu_317_p2  |         +|   0|  0|  22|          22|          16|
    |add_ln58_36106_fu_323_p2  |         +|   0|  0|  22|          22|          22|
    |add_ln58_36107_fu_238_p2  |         +|   0|  0|  29|          22|          22|
    |add_ln58_36108_fu_328_p2  |         +|   0|  0|  22|          22|          14|
    |add_ln58_36109_fu_334_p2  |         +|   0|  0|  22|          22|          22|
    |add_ln58_36110_fu_339_p2  |         +|   0|  0|  28|          21|          14|
    |add_ln58_36111_fu_348_p2  |         +|   0|  0|  29|          22|          22|
    |add_ln58_36112_fu_244_p2  |         +|   0|  0|  29|          22|          22|
    |add_ln58_36113_fu_353_p2  |         +|   0|  0|  22|          22|          15|
    |add_ln58_36114_fu_359_p2  |         +|   0|  0|  22|          22|          22|
    |add_ln58_36115_fu_364_p2  |         +|   0|  0|  28|          21|          16|
    |add_ln58_36116_fu_373_p2  |         +|   0|  0|  29|          22|          22|
    |add_ln58_36117_fu_378_p2  |         +|   0|  0|  28|          21|          17|
    |add_ln58_36118_fu_387_p2  |         +|   0|  0|  29|          22|          22|
    |add_ln58_36119_fu_250_p2  |         +|   0|  0|  28|          21|          21|
    |add_ln58_36120_fu_395_p2  |         +|   0|  0|  22|          22|          14|
    |add_ln58_36121_fu_401_p2  |         +|   0|  0|  22|          22|          22|
    |add_ln58_36122_fu_407_p2  |         +|   0|  0|  28|          21|          16|
    |add_ln58_36123_fu_416_p2  |         +|   0|  0|  29|          22|          22|
    |add_ln58_36124_fu_421_p2  |         +|   0|  0|  28|          21|          16|
    |add_ln58_36125_fu_430_p2  |         +|   0|  0|  29|          22|          22|
    |add_ln58_36126_fu_256_p2  |         +|   0|  0|  28|          21|          13|
    |add_ln58_36127_fu_439_p2  |         +|   0|  0|  29|          22|          22|
    |add_ln58_36128_fu_262_p2  |         +|   0|  0|  28|          21|          18|
    |add_ln58_36129_fu_447_p2  |         +|   0|  0|  29|          22|          22|
    |add_ln58_36130_fu_452_p2  |         +|   0|  0|  22|          22|          13|
    |add_ln58_36131_fu_458_p2  |         +|   0|  0|  22|          22|          22|
    |add_ln58_36132_fu_463_p2  |         +|   0|  0|  22|          22|          16|
    |add_ln58_36133_fu_469_p2  |         +|   0|  0|  22|          22|          22|
    |add_ln58_36134_fu_474_p2  |         +|   0|  0|  28|          21|          17|
    |add_ln58_36135_fu_483_p2  |         +|   0|  0|  29|          22|          22|
    |add_ln58_36136_fu_488_p2  |         +|   0|  0|  22|          22|          16|
    |add_ln58_36137_fu_494_p2  |         +|   0|  0|  22|          22|          22|
    |add_ln58_36138_fu_499_p2  |         +|   0|  0|  28|          21|          16|
    |add_ln58_36139_fu_508_p2  |         +|   0|  0|  29|          22|          22|
    |add_ln58_36140_fu_513_p2  |         +|   0|  0|  22|          22|          14|
    |add_ln58_36141_fu_519_p2  |         +|   0|  0|  22|          22|          22|
    |add_ln58_36142_fu_524_p2  |         +|   0|  0|  22|          22|          16|
    |add_ln58_36143_fu_530_p2  |         +|   0|  0|  22|          22|          22|
    |add_ln58_36144_fu_536_p2  |         +|   0|  0|  28|          21|          17|
    |add_ln58_36145_fu_545_p2  |         +|   0|  0|  29|          22|          22|
    |add_ln58_36146_fu_550_p2  |         +|   0|  0|  22|          22|          17|
    |add_ln58_36147_fu_556_p2  |         +|   0|  0|  22|          22|          22|
    |add_ln58_36148_fu_561_p2  |         +|   0|  0|  28|          21|          16|
    |add_ln58_36149_fu_570_p2  |         +|   0|  0|  29|          22|          22|
    |add_ln58_36150_fu_268_p2  |         +|   0|  0|  28|          21|          17|
    |add_ln58_36151_fu_578_p2  |         +|   0|  0|  29|          22|          22|
    |add_ln58_36152_fu_583_p2  |         +|   0|  0|  28|          21|          16|
    |add_ln58_36153_fu_592_p2  |         +|   0|  0|  29|          22|          22|
    |add_ln58_36154_fu_597_p2  |         +|   0|  0|  22|          22|          18|
    |add_ln58_36155_fu_603_p2  |         +|   0|  0|  22|          22|          22|
    |add_ln58_36156_fu_609_p2  |         +|   0|  0|  22|          22|          16|
    |add_ln58_36157_fu_615_p2  |         +|   0|  0|  22|          22|          22|
    |add_ln58_36158_fu_620_p2  |         +|   0|  0|  22|          22|          16|
    |add_ln58_36159_fu_626_p2  |         +|   0|  0|  22|          22|          22|
    |add_ln58_36160_fu_631_p2  |         +|   0|  0|  28|          21|          16|
    |add_ln58_36161_fu_640_p2  |         +|   0|  0|  29|          22|          22|
    |add_ln58_36162_fu_645_p2  |         +|   0|  0|  28|          21|          17|
    |add_ln58_36163_fu_654_p2  |         +|   0|  0|  29|          22|          22|
    |add_ln58_36164_fu_274_p2  |         +|   0|  0|  28|          21|          21|
    |add_ln58_36165_fu_284_p2  |         +|   0|  0|  29|          22|          22|
    |add_ln58_36166_fu_659_p2  |         +|   0|  0|  28|          21|          16|
    |add_ln58_36167_fu_668_p2  |         +|   0|  0|  29|          22|          22|
    |add_ln58_36168_fu_290_p2  |         +|   0|  0|  28|          21|          16|
    |add_ln58_36169_fu_676_p2  |         +|   0|  0|  29|          22|          22|
    |add_ln58_36170_fu_681_p2  |         +|   0|  0|  22|          22|          15|
    |add_ln58_36171_fu_687_p2  |         +|   0|  0|  22|          22|          22|
    |add_ln58_fu_232_p2        |         +|   0|  0|  29|          22|          22|
    |sub_ln73_1542_fu_182_p2   |         -|   0|  0|  16|           1|           9|
    |sub_ln73_1543_fu_204_p2   |         -|   0|  0|  16|           1|           9|
    |sub_ln73_fu_128_p2        |         -|   0|  0|  16|           1|           9|
    |or_ln111_47_fu_771_p2     |        or|   0|  0|  13|          13|           1|
    |or_ln111_48_fu_907_p2     |        or|   0|  0|  13|          13|           1|
    |or_ln111_49_fu_1111_p2    |        or|   0|  0|  13|          13|           1|
    |or_ln111_50_fu_1131_p2    |        or|   0|  0|  13|          13|           1|
    |or_ln111_51_fu_1151_p2    |        or|   0|  0|  13|          13|           1|
    |or_ln111_fu_737_p2        |        or|   0|  0|  13|          13|           1|
    |or_ln58_fu_222_p2         |        or|   0|  0|  21|          21|          11|
    +--------------------------+----------+----+---+----+------------+------------+
    |Total                     |          |   0|  0|2135|        1733|        1357|
    +--------------------------+----------+----+---+----+------------+------------+

    * Multiplexer: 
    +--------------+----+-----------+-----+-----------+
    |     Name     | LUT| Input Size| Bits| Total Bits|
    +--------------+----+-----------+-----+-----------+
    |ap_return_0   |  14|          3|   14|         42|
    |ap_return_1   |  14|          3|   14|         42|
    |ap_return_10  |  14|          3|   14|         42|
    |ap_return_11  |  14|          3|   14|         42|
    |ap_return_12  |  14|          3|   14|         42|
    |ap_return_13  |  14|          3|   14|         42|
    |ap_return_14  |  14|          3|   14|         42|
    |ap_return_15  |  14|          3|   14|         42|
    |ap_return_16  |  14|          3|   14|         42|
    |ap_return_17  |  14|          3|   14|         42|
    |ap_return_18  |  14|          3|   14|         42|
    |ap_return_19  |  14|          3|   14|         42|
    |ap_return_2   |  14|          3|   14|         42|
    |ap_return_20  |  14|          3|   14|         42|
    |ap_return_21  |  14|          3|   14|         42|
    |ap_return_22  |  14|          3|   14|         42|
    |ap_return_23  |  14|          3|   14|         42|
    |ap_return_24  |  14|          3|   14|         42|
    |ap_return_25  |  14|          3|   14|         42|
    |ap_return_26  |  14|          3|   14|         42|
    |ap_return_27  |  14|          3|   14|         42|
    |ap_return_28  |  14|          3|   14|         42|
    |ap_return_29  |  14|          3|   14|         42|
    |ap_return_3   |  14|          3|   14|         42|
    |ap_return_30  |  14|          3|   14|         42|
    |ap_return_31  |  14|          3|   14|         42|
    |ap_return_4   |  14|          3|   14|         42|
    |ap_return_5   |  14|          3|   14|         42|
    |ap_return_6   |  14|          3|   14|         42|
    |ap_return_7   |  14|          3|   14|         42|
    |ap_return_8   |  14|          3|   14|         42|
    |ap_return_9   |  14|          3|   14|         42|
    +--------------+----+-----------+-----+-----------+
    |Total         | 448|         96|  448|       1344|
    +--------------+----+-----------+-----+-----------+

    * Register: 
    +--------------------------+----+----+-----+-----------+
    |           Name           | FF | LUT| Bits| Const Bits|
    +--------------------------+----+----+-----+-----------+
    |add_ln58_36107_reg_1460   |  10|   0|   22|         12|
    |add_ln58_36112_reg_1473   |  10|   0|   22|         12|
    |add_ln58_36119_reg_1484   |   9|   0|   21|         12|
    |add_ln58_36126_reg_1489   |   9|   0|   21|         12|
    |add_ln58_36128_reg_1494   |   9|   0|   21|         12|
    |add_ln58_36150_reg_1499   |   9|   0|   21|         12|
    |add_ln58_36168_reg_1504   |   9|   0|   21|         12|
    |add_ln58_reg_1446         |  10|   0|   22|         12|
    |ap_ce_reg                 |   1|   0|    1|          0|
    |ap_return_0_int_reg       |  11|   0|   14|          3|
    |ap_return_10_int_reg      |  11|   0|   14|          3|
    |ap_return_11_int_reg      |  11|   0|   14|          3|
    |ap_return_12_int_reg      |  11|   0|   14|          3|
    |ap_return_13_int_reg      |  11|   0|   14|          3|
    |ap_return_14_int_reg      |  11|   0|   14|          3|
    |ap_return_15_int_reg      |  11|   0|   14|          3|
    |ap_return_16_int_reg      |  11|   0|   14|          3|
    |ap_return_17_int_reg      |  11|   0|   14|          3|
    |ap_return_18_int_reg      |  11|   0|   14|          3|
    |ap_return_19_int_reg      |  11|   0|   14|          3|
    |ap_return_1_int_reg       |  11|   0|   14|          3|
    |ap_return_20_int_reg      |  11|   0|   14|          3|
    |ap_return_21_int_reg      |  11|   0|   14|          3|
    |ap_return_22_int_reg      |  11|   0|   14|          3|
    |ap_return_23_int_reg      |  11|   0|   14|          3|
    |ap_return_24_int_reg      |  11|   0|   14|          3|
    |ap_return_25_int_reg      |  11|   0|   14|          3|
    |ap_return_26_int_reg      |  11|   0|   14|          3|
    |ap_return_27_int_reg      |  11|   0|   14|          3|
    |ap_return_28_int_reg      |  11|   0|   14|          3|
    |ap_return_29_int_reg      |  11|   0|   14|          3|
    |ap_return_2_int_reg       |  11|   0|   14|          3|
    |ap_return_30_int_reg      |  11|   0|   14|          3|
    |ap_return_31_int_reg      |  11|   0|   14|          3|
    |ap_return_3_int_reg       |  11|   0|   14|          3|
    |ap_return_4_int_reg       |  11|   0|   14|          3|
    |ap_return_5_int_reg       |  11|   0|   14|          3|
    |ap_return_6_int_reg       |  11|   0|   14|          3|
    |ap_return_7_int_reg       |  11|   0|   14|          3|
    |ap_return_8_int_reg       |  11|   0|   14|          3|
    |ap_return_9_int_reg       |  11|   0|   14|          3|
    |sext_ln58_reg_1429        |   9|   0|   21|         12|
    |sub_ln73_1543_reg_1424    |   9|   0|    9|          0|
    |trunc_ln111_265_reg_1509  |  10|   0|   13|          3|
    +--------------------------+----+----+-----+-----------+
    |Total                     | 456|   0|  663|        207|
    +--------------------------+----+----+-----+-----------+



================================================================
== Interface
================================================================
* Summary: 
+--------------+-----+-----+------------+------------------------------------------------------------------------------------+--------------+
|   RTL Ports  | Dir | Bits|  Protocol  |                                    Source Object                                   |    C Type    |
+--------------+-----+-----+------------+------------------------------------------------------------------------------------+--------------+
|ap_clk        |   in|    1|  ap_ctrl_hs|  dense_latency<ap_fixed<8, 4, 4, 0, 0>, ap_fixed<14, 7, 4, 0, 0>, config3_dense>.15|  return value|
|ap_rst        |   in|    1|  ap_ctrl_hs|  dense_latency<ap_fixed<8, 4, 4, 0, 0>, ap_fixed<14, 7, 4, 0, 0>, config3_dense>.15|  return value|
|ap_return_0   |  out|   14|  ap_ctrl_hs|  dense_latency<ap_fixed<8, 4, 4, 0, 0>, ap_fixed<14, 7, 4, 0, 0>, config3_dense>.15|  return value|
|ap_return_1   |  out|   14|  ap_ctrl_hs|  dense_latency<ap_fixed<8, 4, 4, 0, 0>, ap_fixed<14, 7, 4, 0, 0>, config3_dense>.15|  return value|
|ap_return_2   |  out|   14|  ap_ctrl_hs|  dense_latency<ap_fixed<8, 4, 4, 0, 0>, ap_fixed<14, 7, 4, 0, 0>, config3_dense>.15|  return value|
|ap_return_3   |  out|   14|  ap_ctrl_hs|  dense_latency<ap_fixed<8, 4, 4, 0, 0>, ap_fixed<14, 7, 4, 0, 0>, config3_dense>.15|  return value|
|ap_return_4   |  out|   14|  ap_ctrl_hs|  dense_latency<ap_fixed<8, 4, 4, 0, 0>, ap_fixed<14, 7, 4, 0, 0>, config3_dense>.15|  return value|
|ap_return_5   |  out|   14|  ap_ctrl_hs|  dense_latency<ap_fixed<8, 4, 4, 0, 0>, ap_fixed<14, 7, 4, 0, 0>, config3_dense>.15|  return value|
|ap_return_6   |  out|   14|  ap_ctrl_hs|  dense_latency<ap_fixed<8, 4, 4, 0, 0>, ap_fixed<14, 7, 4, 0, 0>, config3_dense>.15|  return value|
|ap_return_7   |  out|   14|  ap_ctrl_hs|  dense_latency<ap_fixed<8, 4, 4, 0, 0>, ap_fixed<14, 7, 4, 0, 0>, config3_dense>.15|  return value|
|ap_return_8   |  out|   14|  ap_ctrl_hs|  dense_latency<ap_fixed<8, 4, 4, 0, 0>, ap_fixed<14, 7, 4, 0, 0>, config3_dense>.15|  return value|
|ap_return_9   |  out|   14|  ap_ctrl_hs|  dense_latency<ap_fixed<8, 4, 4, 0, 0>, ap_fixed<14, 7, 4, 0, 0>, config3_dense>.15|  return value|
|ap_return_10  |  out|   14|  ap_ctrl_hs|  dense_latency<ap_fixed<8, 4, 4, 0, 0>, ap_fixed<14, 7, 4, 0, 0>, config3_dense>.15|  return value|
|ap_return_11  |  out|   14|  ap_ctrl_hs|  dense_latency<ap_fixed<8, 4, 4, 0, 0>, ap_fixed<14, 7, 4, 0, 0>, config3_dense>.15|  return value|
|ap_return_12  |  out|   14|  ap_ctrl_hs|  dense_latency<ap_fixed<8, 4, 4, 0, 0>, ap_fixed<14, 7, 4, 0, 0>, config3_dense>.15|  return value|
|ap_return_13  |  out|   14|  ap_ctrl_hs|  dense_latency<ap_fixed<8, 4, 4, 0, 0>, ap_fixed<14, 7, 4, 0, 0>, config3_dense>.15|  return value|
|ap_return_14  |  out|   14|  ap_ctrl_hs|  dense_latency<ap_fixed<8, 4, 4, 0, 0>, ap_fixed<14, 7, 4, 0, 0>, config3_dense>.15|  return value|
|ap_return_15  |  out|   14|  ap_ctrl_hs|  dense_latency<ap_fixed<8, 4, 4, 0, 0>, ap_fixed<14, 7, 4, 0, 0>, config3_dense>.15|  return value|
|ap_return_16  |  out|   14|  ap_ctrl_hs|  dense_latency<ap_fixed<8, 4, 4, 0, 0>, ap_fixed<14, 7, 4, 0, 0>, config3_dense>.15|  return value|
|ap_return_17  |  out|   14|  ap_ctrl_hs|  dense_latency<ap_fixed<8, 4, 4, 0, 0>, ap_fixed<14, 7, 4, 0, 0>, config3_dense>.15|  return value|
|ap_return_18  |  out|   14|  ap_ctrl_hs|  dense_latency<ap_fixed<8, 4, 4, 0, 0>, ap_fixed<14, 7, 4, 0, 0>, config3_dense>.15|  return value|
|ap_return_19  |  out|   14|  ap_ctrl_hs|  dense_latency<ap_fixed<8, 4, 4, 0, 0>, ap_fixed<14, 7, 4, 0, 0>, config3_dense>.15|  return value|
|ap_return_20  |  out|   14|  ap_ctrl_hs|  dense_latency<ap_fixed<8, 4, 4, 0, 0>, ap_fixed<14, 7, 4, 0, 0>, config3_dense>.15|  return value|
|ap_return_21  |  out|   14|  ap_ctrl_hs|  dense_latency<ap_fixed<8, 4, 4, 0, 0>, ap_fixed<14, 7, 4, 0, 0>, config3_dense>.15|  return value|
|ap_return_22  |  out|   14|  ap_ctrl_hs|  dense_latency<ap_fixed<8, 4, 4, 0, 0>, ap_fixed<14, 7, 4, 0, 0>, config3_dense>.15|  return value|
|ap_return_23  |  out|   14|  ap_ctrl_hs|  dense_latency<ap_fixed<8, 4, 4, 0, 0>, ap_fixed<14, 7, 4, 0, 0>, config3_dense>.15|  return value|
|ap_return_24  |  out|   14|  ap_ctrl_hs|  dense_latency<ap_fixed<8, 4, 4, 0, 0>, ap_fixed<14, 7, 4, 0, 0>, config3_dense>.15|  return value|
|ap_return_25  |  out|   14|  ap_ctrl_hs|  dense_latency<ap_fixed<8, 4, 4, 0, 0>, ap_fixed<14, 7, 4, 0, 0>, config3_dense>.15|  return value|
|ap_return_26  |  out|   14|  ap_ctrl_hs|  dense_latency<ap_fixed<8, 4, 4, 0, 0>, ap_fixed<14, 7, 4, 0, 0>, config3_dense>.15|  return value|
|ap_return_27  |  out|   14|  ap_ctrl_hs|  dense_latency<ap_fixed<8, 4, 4, 0, 0>, ap_fixed<14, 7, 4, 0, 0>, config3_dense>.15|  return value|
|ap_return_28  |  out|   14|  ap_ctrl_hs|  dense_latency<ap_fixed<8, 4, 4, 0, 0>, ap_fixed<14, 7, 4, 0, 0>, config3_dense>.15|  return value|
|ap_return_29  |  out|   14|  ap_ctrl_hs|  dense_latency<ap_fixed<8, 4, 4, 0, 0>, ap_fixed<14, 7, 4, 0, 0>, config3_dense>.15|  return value|
|ap_return_30  |  out|   14|  ap_ctrl_hs|  dense_latency<ap_fixed<8, 4, 4, 0, 0>, ap_fixed<14, 7, 4, 0, 0>, config3_dense>.15|  return value|
|ap_return_31  |  out|   14|  ap_ctrl_hs|  dense_latency<ap_fixed<8, 4, 4, 0, 0>, ap_fixed<14, 7, 4, 0, 0>, config3_dense>.15|  return value|
|ap_ce         |   in|    1|  ap_ctrl_hs|  dense_latency<ap_fixed<8, 4, 4, 0, 0>, ap_fixed<14, 7, 4, 0, 0>, config3_dense>.15|  return value|
|data_45_val   |   in|    8|     ap_none|                                                                         data_45_val|        scalar|
|data_46_val   |   in|    8|     ap_none|                                                                         data_46_val|        scalar|
|data_47_val   |   in|    8|     ap_none|                                                                         data_47_val|        scalar|
+--------------+-----+-----+------------+------------------------------------------------------------------------------------+--------------+

