

================================================================
== Vitis HLS Report for 'dense_latency_ap_fixed_8_4_4_0_0_ap_fixed_14_7_4_0_0_config3_dense_12'
================================================================
* Date:           Tue Aug  4 11:43:36 2026

* Version:        2023.2 (Build 4023990 on Oct 11 2023)
* Project:        myproject_prj
* Solution:       solution1 (Vivado IP Flow Target)
* Product family: virtexuplus
* Target device:  xcvu13p-flga2577-2-e


================================================================
== Performance Estimates
================================================================
+ Timing: 
    * Summary: 
    +--------+---------+----------+------------+
    |  Clock |  Target | Estimated| Uncertainty|
    +--------+---------+----------+------------+
    |ap_clk  |  2.50 ns|  1.629 ns|     0.68 ns|
    +--------+---------+----------+------------+

+ Latency: 
    * Summary: 
    +---------+---------+----------+----------+-----+-----+---------+
    |  Latency (cycles) |  Latency (absolute) |  Interval | Pipeline|
    |   min   |   max   |    min   |    max   | min | max |   Type  |
    +---------+---------+----------+----------+-----+-----+---------+
    |        1|        1|  2.500 ns|  2.500 ns|    1|    1|      yes|
    +---------+---------+----------+----------+-----+-----+---------+

    + Detail: 
        * Instance: 
        N/A

        * Loop: 
        N/A



================================================================
== Utilization Estimates
================================================================
* Summary: 
+---------------------+---------+-------+---------+---------+------+
|         Name        | BRAM_18K|  DSP  |    FF   |   LUT   | URAM |
+---------------------+---------+-------+---------+---------+------+
|DSP                  |        -|      -|        -|        -|     -|
|Expression           |        -|      -|        0|     2094|     -|
|FIFO                 |        -|      -|        -|        -|     -|
|Instance             |        -|      -|        -|        -|     -|
|Memory               |        -|      -|        -|        -|     -|
|Multiplexer          |        -|      -|        -|      448|     -|
|Register             |        -|      -|      448|        -|     -|
+---------------------+---------+-------+---------+---------+------+
|Total                |        0|      0|      448|     2542|     0|
+---------------------+---------+-------+---------+---------+------+
|Available SLR        |     1344|   3072|   864000|   432000|   320|
+---------------------+---------+-------+---------+---------+------+
|Utilization SLR (%)  |        0|      0|       ~0|       ~0|     0|
+---------------------+---------+-------+---------+---------+------+
|Available            |     5376|  12288|  3456000|  1728000|  1280|
+---------------------+---------+-------+---------+---------+------+
|Utilization (%)      |        0|      0|       ~0|       ~0|     0|
+---------------------+---------+-------+---------+---------+------+

+ Detail: 
    * Instance: 
    N/A

    * DSP: 
    N/A

    * Memory: 
    N/A

    * FIFO: 
    N/A

    * Expression: 
    +--------------------------+----------+----+---+----+------------+------------+
    |       Variable Name      | Operation| DSP| FF| LUT| Bitwidth P0| Bitwidth P1|
    +--------------------------+----------+----+---+----+------------+------------+
    |add_ln111_91_fu_904_p2    |         +|   0|  0|  21|          14|           1|
    |add_ln111_92_fu_933_p2    |         +|   0|  0|  21|          14|           1|
    |add_ln111_93_fu_1063_p2   |         +|   0|  0|  21|          14|           1|
    |add_ln111_94_fu_1097_p2   |         +|   0|  0|  21|          14|           1|
    |add_ln111_95_fu_1131_p2   |         +|   0|  0|  21|          14|           1|
    |add_ln111_fu_768_p2       |         +|   0|  0|  21|          14|           1|
    |add_ln58_36306_fu_308_p2  |         +|   0|  0|  22|          22|          17|
    |add_ln58_36307_fu_313_p2  |         +|   0|  0|  22|          22|          22|
    |add_ln58_36308_fu_250_p2  |         +|   0|  0|  29|          22|          22|
    |add_ln58_36309_fu_318_p2  |         +|   0|  0|  22|          22|          16|
    |add_ln58_36310_fu_323_p2  |         +|   0|  0|  22|          22|          22|
    |add_ln58_36311_fu_328_p2  |         +|   0|  0|  28|          21|          15|
    |add_ln58_36312_fu_337_p2  |         +|   0|  0|  29|          22|          22|
    |add_ln58_36313_fu_256_p2  |         +|   0|  0|  29|          22|          22|
    |add_ln58_36314_fu_342_p2  |         +|   0|  0|  22|          22|          16|
    |add_ln58_36315_fu_347_p2  |         +|   0|  0|  22|          22|          22|
    |add_ln58_36316_fu_262_p2  |         +|   0|  0|  28|          21|          15|
    |add_ln58_36317_fu_355_p2  |         +|   0|  0|  29|          22|          22|
    |add_ln58_36318_fu_360_p2  |         +|   0|  0|  28|          21|          14|
    |add_ln58_36319_fu_369_p2  |         +|   0|  0|  29|          22|          22|
    |add_ln58_36320_fu_268_p2  |         +|   0|  0|  28|          21|          21|
    |add_ln58_36321_fu_377_p2  |         +|   0|  0|  22|          22|          15|
    |add_ln58_36322_fu_382_p2  |         +|   0|  0|  22|          22|          22|
    |add_ln58_36323_fu_388_p2  |         +|   0|  0|  28|          21|          15|
    |add_ln58_36324_fu_397_p2  |         +|   0|  0|  29|          22|          22|
    |add_ln58_36325_fu_402_p2  |         +|   0|  0|  28|          21|          15|
    |add_ln58_36326_fu_411_p2  |         +|   0|  0|  29|          22|          22|
    |add_ln58_36327_fu_417_p2  |         +|   0|  0|  28|          21|          16|
    |add_ln58_36328_fu_426_p2  |         +|   0|  0|  29|          22|          22|
    |add_ln58_36329_fu_431_p2  |         +|   0|  0|  28|          21|          14|
    |add_ln58_36330_fu_440_p2  |         +|   0|  0|  29|          22|          22|
    |add_ln58_36331_fu_445_p2  |         +|   0|  0|  22|          22|          15|
    |add_ln58_36332_fu_450_p2  |         +|   0|  0|  22|          22|          22|
    |add_ln58_36333_fu_455_p2  |         +|   0|  0|  22|          22|          16|
    |add_ln58_36334_fu_460_p2  |         +|   0|  0|  22|          22|          22|
    |add_ln58_36335_fu_465_p2  |         +|   0|  0|  28|          21|          17|
    |add_ln58_36336_fu_474_p2  |         +|   0|  0|  29|          22|          22|
    |add_ln58_36337_fu_274_p2  |         +|   0|  0|  22|          22|          22|
    |add_ln58_36338_fu_280_p2  |         +|   0|  0|  22|          22|          22|
    |add_ln58_36339_fu_479_p2  |         +|   0|  0|  28|          21|          13|
    |add_ln58_36340_fu_488_p2  |         +|   0|  0|  29|          22|          22|
    |add_ln58_36341_fu_493_p2  |         +|   0|  0|  22|          22|          15|
    |add_ln58_36342_fu_498_p2  |         +|   0|  0|  22|          22|          22|
    |add_ln58_36343_fu_503_p2  |         +|   0|  0|  22|          22|          17|
    |add_ln58_36344_fu_508_p2  |         +|   0|  0|  22|          22|          22|
    |add_ln58_36345_fu_514_p2  |         +|   0|  0|  28|          21|          16|
    |add_ln58_36346_fu_523_p2  |         +|   0|  0|  29|          22|          22|
    |add_ln58_36347_fu_528_p2  |         +|   0|  0|  22|          22|          16|
    |add_ln58_36348_fu_533_p2  |         +|   0|  0|  22|          22|          22|
    |add_ln58_36349_fu_538_p2  |         +|   0|  0|  28|          21|          14|
    |add_ln58_36350_fu_547_p2  |         +|   0|  0|  29|          22|          22|
    |add_ln58_36351_fu_552_p2  |         +|   0|  0|  28|          21|          17|
    |add_ln58_36352_fu_561_p2  |         +|   0|  0|  29|          22|          22|
    |add_ln58_36353_fu_286_p2  |         +|   0|  0|  28|          21|          17|
    |add_ln58_36354_fu_569_p2  |         +|   0|  0|  29|          22|          22|
    |add_ln58_36355_fu_574_p2  |         +|   0|  0|  22|          22|          17|
    |add_ln58_36356_fu_579_p2  |         +|   0|  0|  22|          22|          22|
    |add_ln58_36357_fu_585_p2  |         +|   0|  0|  22|          22|          14|
    |add_ln58_36358_fu_590_p2  |         +|   0|  0|  22|          22|          22|
    |add_ln58_36359_fu_595_p2  |         +|   0|  0|  22|          22|          16|
    |add_ln58_36360_fu_600_p2  |         +|   0|  0|  22|          22|          22|
    |add_ln58_36361_fu_292_p2  |         +|   0|  0|  28|          21|          16|
    |add_ln58_36362_fu_608_p2  |         +|   0|  0|  29|          22|          22|
    |add_ln58_36363_fu_613_p2  |         +|   0|  0|  28|          21|          17|
    |add_ln58_36364_fu_622_p2  |         +|   0|  0|  29|          22|          22|
    |add_ln58_36365_fu_627_p2  |         +|   0|  0|  28|          21|          16|
    |add_ln58_36366_fu_636_p2  |         +|   0|  0|  29|          22|          22|
    |add_ln58_36367_fu_641_p2  |         +|   0|  0|  28|          21|          15|
    |add_ln58_36368_fu_650_p2  |         +|   0|  0|  29|          22|          22|
    |add_ln58_36369_fu_655_p2  |         +|   0|  0|  28|          21|          17|
    |add_ln58_36370_fu_664_p2  |         +|   0|  0|  29|          22|          22|
    |add_ln58_36371_fu_669_p2  |         +|   0|  0|  22|          22|          15|
    |add_ln58_36372_fu_674_p2  |         +|   0|  0|  22|          22|          22|
    |add_ln58_fu_244_p2        |         +|   0|  0|  29|          22|          22|
    |sub_ln73_1548_fu_182_p2   |         -|   0|  0|  16|           1|           9|
    |sub_ln73_1549_fu_204_p2   |         -|   0|  0|  16|           1|           9|
    |sub_ln73_fu_128_p2        |         -|   0|  0|  16|           1|           9|
    |or_ln111_67_fu_710_p2     |        or|   0|  0|  13|          13|           1|
    |or_ln111_68_fu_730_p2     |        or|   0|  0|  13|          13|           1|
    |or_ln111_69_fu_798_p2     |        or|   0|  0|  13|          13|           1|
    |or_ln111_70_fu_860_p2     |        or|   0|  0|  13|          13|           1|
    |or_ln111_71_fu_880_p2     |        or|   0|  0|  13|          13|           1|
    |or_ln111_72_fu_920_p2     |        or|   0|  0|  13|          13|           1|
    |or_ln111_73_fu_977_p2     |        or|   0|  0|  13|          13|           1|
    |or_ln111_74_fu_1039_p2    |        or|   0|  0|  13|          13|           1|
    |or_ln111_75_fu_1175_p2    |        or|   0|  0|  13|          13|           1|
    |or_ln111_76_fu_1209_p2    |        or|   0|  0|  13|          13|           1|
    |or_ln111_fu_690_p2        |        or|   0|  0|  13|          13|           1|
    |or_ln58_fu_234_p2         |        or|   0|  0|  20|          20|          11|
    +--------------------------+----------+----+---+----+------------+------------+
    |Total                     |          |   0|  0|2094|        1727|        1352|
    +--------------------------+----------+----+---+----+------------+------------+

    * Multiplexer: 
    +--------------+----+-----------+-----+-----------+
    |     Name     | LUT| Input Size| Bits| Total Bits|
    +--------------+----+-----------+-----+-----------+
    |ap_return_0   |  14|          3|   14|         42|
    |ap_return_1   |  14|          3|   14|         42|
    |ap_return_10  |  14|          3|   14|         42|
    |ap_return_11  |  14|          3|   14|         42|
    |ap_return_12  |  14|          3|   14|         42|
    |ap_return_13  |  14|          3|   14|         42|
    |ap_return_14  |  14|          3|   14|         42|
    |ap_return_15  |  14|          3|   14|         42|
    |ap_return_16  |  14|          3|   14|         42|
    |ap_return_17  |  14|          3|   14|         42|
    |ap_return_18  |  14|          3|   14|         42|
    |ap_return_19  |  14|          3|   14|         42|
    |ap_return_2   |  14|          3|   14|         42|
    |ap_return_20  |  14|          3|   14|         42|
    |ap_return_21  |  14|          3|   14|         42|
    |ap_return_22  |  14|          3|   14|         42|
    |ap_return_23  |  14|          3|   14|         42|
    |ap_return_24  |  14|          3|   14|         42|
    |ap_return_25  |  14|          3|   14|         42|
    |ap_return_26  |  14|          3|   14|         42|
    |ap_return_27  |  14|          3|   14|         42|
    |ap_return_28  |  14|          3|   14|         42|
    |ap_return_29  |  14|          3|   14|         42|
    |ap_return_3   |  14|          3|   14|         42|
    |ap_return_30  |  14|          3|   14|         42|
    |ap_return_31  |  14|          3|   14|         42|
    |ap_return_4   |  14|          3|   14|         42|
    |ap_return_5   |  14|          3|   14|         42|
    |ap_return_6   |  14|          3|   14|         42|
    |ap_return_7   |  14|          3|   14|         42|
    |ap_return_8   |  14|          3|   14|         42|
    |ap_return_9   |  14|          3|   14|         42|
    +--------------+----+-----------+-----+-----------+
    |Total         | 448|         96|  448|       1344|
    +--------------+----+-----------+-----+-----------+

    * Register: 
    +--------------------------+----+----+-----+-----------+
    |           Name           | FF | LUT| Bits| Const Bits|
    +--------------------------+----+----+-----+-----------+
    |add_ln58_36308_reg_1462   |  10|   0|   22|         12|
    |add_ln58_36313_reg_1474   |  10|   0|   22|         12|
    |add_ln58_36316_reg_1485   |   9|   0|   21|         12|
    |add_ln58_36320_reg_1490   |   9|   0|   21|         12|
    |add_ln58_36353_reg_1495   |   9|   0|   21|         12|
    |add_ln58_36361_reg_1500   |   9|   0|   21|         12|
    |add_ln58_reg_1447         |  10|   0|   22|         12|
    |ap_ce_reg                 |   1|   0|    1|          0|
    |ap_return_0_int_reg       |  11|   0|   14|          3|
    |ap_return_10_int_reg      |  11|   0|   14|          3|
    |ap_return_11_int_reg      |  11|   0|   14|          3|
    |ap_return_12_int_reg      |  11|   0|   14|          3|
    |ap_return_13_int_reg      |  11|   0|   14|          3|
    |ap_return_14_int_reg      |  11|   0|   14|          3|
    |ap_return_15_int_reg      |  11|   0|   14|          3|
    |ap_return_16_int_reg      |  11|   0|   14|          3|
    |ap_return_17_int_reg      |  11|   0|   14|          3|
    |ap_return_18_int_reg      |  11|   0|   14|          3|
    |ap_return_19_int_reg      |  11|   0|   14|          3|
    |ap_return_1_int_reg       |  11|   0|   14|          3|
    |ap_return_20_int_reg      |  11|   0|   14|          3|
    |ap_return_21_int_reg      |  11|   0|   14|          3|
    |ap_return_22_int_reg      |  11|   0|   14|          3|
    |ap_return_23_int_reg      |  11|   0|   14|          3|
    |ap_return_24_int_reg      |  11|   0|   14|          3|
    |ap_return_25_int_reg      |  11|   0|   14|          3|
    |ap_return_26_int_reg      |  11|   0|   14|          3|
    |ap_return_27_int_reg      |  11|   0|   14|          3|
    |ap_return_28_int_reg      |  11|   0|   14|          3|
    |ap_return_29_int_reg      |  11|   0|   14|          3|
    |ap_return_2_int_reg       |  11|   0|   14|          3|
    |ap_return_30_int_reg      |  11|   0|   14|          3|
    |ap_return_31_int_reg      |  11|   0|   14|          3|
    |ap_return_3_int_reg       |  11|   0|   14|          3|
    |ap_return_4_int_reg       |  11|   0|   14|          3|
    |ap_return_5_int_reg       |  11|   0|   14|          3|
    |ap_return_6_int_reg       |  11|   0|   14|          3|
    |ap_return_7_int_reg       |  11|   0|   14|          3|
    |ap_return_8_int_reg       |  11|   0|   14|          3|
    |ap_return_9_int_reg       |  11|   0|   14|          3|
    |sext_ln42_24_reg_1411     |  10|   0|   22|         12|
    |sext_ln58_reg_1428        |   9|   0|   21|         12|
    |trunc_ln111_341_reg_1505  |  10|   0|   13|          3|
    +--------------------------+----+----+-----+-----------+
    |Total                     | 448|   0|  655|        207|
    +--------------------------+----+----+-----+-----------+



================================================================
== Interface
================================================================
* Summary: 
+--------------+-----+-----+------------+------------------------------------------------------------------------------------+--------------+
|   RTL Ports  | Dir | Bits|  Protocol  |                                    Source Object                                   |    C Type    |
+--------------+-----+-----+------------+------------------------------------------------------------------------------------+--------------+
|ap_clk        |   in|    1|  ap_ctrl_hs|  dense_latency<ap_fixed<8, 4, 4, 0, 0>, ap_fixed<14, 7, 4, 0, 0>, config3_dense>.12|  return value|
|ap_rst        |   in|    1|  ap_ctrl_hs|  dense_latency<ap_fixed<8, 4, 4, 0, 0>, ap_fixed<14, 7, 4, 0, 0>, config3_dense>.12|  return value|
|ap_return_0   |  out|   14|  ap_ctrl_hs|  dense_latency<ap_fixed<8, 4, 4, 0, 0>, ap_fixed<14, 7, 4, 0, 0>, config3_dense>.12|  return value|
|ap_return_1   |  out|   14|  ap_ctrl_hs|  dense_latency<ap_fixed<8, 4, 4, 0, 0>, ap_fixed<14, 7, 4, 0, 0>, config3_dense>.12|  return value|
|ap_return_2   |  out|   14|  ap_ctrl_hs|  dense_latency<ap_fixed<8, 4, 4, 0, 0>, ap_fixed<14, 7, 4, 0, 0>, config3_dense>.12|  return value|
|ap_return_3   |  out|   14|  ap_ctrl_hs|  dense_latency<ap_fixed<8, 4, 4, 0, 0>, ap_fixed<14, 7, 4, 0, 0>, config3_dense>.12|  return value|
|ap_return_4   |  out|   14|  ap_ctrl_hs|  dense_latency<ap_fixed<8, 4, 4, 0, 0>, ap_fixed<14, 7, 4, 0, 0>, config3_dense>.12|  return value|
|ap_return_5   |  out|   14|  ap_ctrl_hs|  dense_latency<ap_fixed<8, 4, 4, 0, 0>, ap_fixed<14, 7, 4, 0, 0>, config3_dense>.12|  return value|
|ap_return_6   |  out|   14|  ap_ctrl_hs|  dense_latency<ap_fixed<8, 4, 4, 0, 0>, ap_fixed<14, 7, 4, 0, 0>, config3_dense>.12|  return value|
|ap_return_7   |  out|   14|  ap_ctrl_hs|  dense_latency<ap_fixed<8, 4, 4, 0, 0>, ap_fixed<14, 7, 4, 0, 0>, config3_dense>.12|  return value|
|ap_return_8   |  out|   14|  ap_ctrl_hs|  dense_latency<ap_fixed<8, 4, 4, 0, 0>, ap_fixed<14, 7, 4, 0, 0>, config3_dense>.12|  return value|
|ap_return_9   |  out|   14|  ap_ctrl_hs|  dense_latency<ap_fixed<8, 4, 4, 0, 0>, ap_fixed<14, 7, 4, 0, 0>, config3_dense>.12|  return value|
|ap_return_10  |  out|   14|  ap_ctrl_hs|  dense_latency<ap_fixed<8, 4, 4, 0, 0>, ap_fixed<14, 7, 4, 0, 0>, config3_dense>.12|  return value|
|ap_return_11  |  out|   14|  ap_ctrl_hs|  dense_latency<ap_fixed<8, 4, 4, 0, 0>, ap_fixed<14, 7, 4, 0, 0>, config3_dense>.12|  return value|
|ap_return_12  |  out|   14|  ap_ctrl_hs|  dense_latency<ap_fixed<8, 4, 4, 0, 0>, ap_fixed<14, 7, 4, 0, 0>, config3_dense>.12|  return value|
|ap_return_13  |  out|   14|  ap_ctrl_hs|  dense_latency<ap_fixed<8, 4, 4, 0, 0>, ap_fixed<14, 7, 4, 0, 0>, config3_dense>.12|  return value|
|ap_return_14  |  out|   14|  ap_ctrl_hs|  dense_latency<ap_fixed<8, 4, 4, 0, 0>, ap_fixed<14, 7, 4, 0, 0>, config3_dense>.12|  return value|
|ap_return_15  |  out|   14|  ap_ctrl_hs|  dense_latency<ap_fixed<8, 4, 4, 0, 0>, ap_fixed<14, 7, 4, 0, 0>, config3_dense>.12|  return value|
|ap_return_16  |  out|   14|  ap_ctrl_hs|  dense_latency<ap_fixed<8, 4, 4, 0, 0>, ap_fixed<14, 7, 4, 0, 0>, config3_dense>.12|  return value|
|ap_return_17  |  out|   14|  ap_ctrl_hs|  dense_latency<ap_fixed<8, 4, 4, 0, 0>, ap_fixed<14, 7, 4, 0, 0>, config3_dense>.12|  return value|
|ap_return_18  |  out|   14|  ap_ctrl_hs|  dense_latency<ap_fixed<8, 4, 4, 0, 0>, ap_fixed<14, 7, 4, 0, 0>, config3_dense>.12|  return value|
|ap_return_19  |  out|   14|  ap_ctrl_hs|  dense_latency<ap_fixed<8, 4, 4, 0, 0>, ap_fixed<14, 7, 4, 0, 0>, config3_dense>.12|  return value|
|ap_return_20  |  out|   14|  ap_ctrl_hs|  dense_latency<ap_fixed<8, 4, 4, 0, 0>, ap_fixed<14, 7, 4, 0, 0>, config3_dense>.12|  return value|
|ap_return_21  |  out|   14|  ap_ctrl_hs|  dense_latency<ap_fixed<8, 4, 4, 0, 0>, ap_fixed<14, 7, 4, 0, 0>, config3_dense>.12|  return value|
|ap_return_22  |  out|   14|  ap_ctrl_hs|  dense_latency<ap_fixed<8, 4, 4, 0, 0>, ap_fixed<14, 7, 4, 0, 0>, config3_dense>.12|  return value|
|ap_return_23  |  out|   14|  ap_ctrl_hs|  dense_latency<ap_fixed<8, 4, 4, 0, 0>, ap_fixed<14, 7, 4, 0, 0>, config3_dense>.12|  return value|
|ap_return_24  |  out|   14|  ap_ctrl_hs|  dense_latency<ap_fixed<8, 4, 4, 0, 0>, ap_fixed<14, 7, 4, 0, 0>, config3_dense>.12|  return value|
|ap_return_25  |  out|   14|  ap_ctrl_hs|  dense_latency<ap_fixed<8, 4, 4, 0, 0>, ap_fixed<14, 7, 4, 0, 0>, config3_dense>.12|  return value|
|ap_return_26  |  out|   14|  ap_ctrl_hs|  dense_latency<ap_fixed<8, 4, 4, 0, 0>, ap_fixed<14, 7, 4, 0, 0>, config3_dense>.12|  return value|
|ap_return_27  |  out|   14|  ap_ctrl_hs|  dense_latency<ap_fixed<8, 4, 4, 0, 0>, ap_fixed<14, 7, 4, 0, 0>, config3_dense>.12|  return value|
|ap_return_28  |  out|   14|  ap_ctrl_hs|  dense_latency<ap_fixed<8, 4, 4, 0, 0>, ap_fixed<14, 7, 4, 0, 0>, config3_dense>.12|  return value|
|ap_return_29  |  out|   14|  ap_ctrl_hs|  dense_latency<ap_fixed<8, 4, 4, 0, 0>, ap_fixed<14, 7, 4, 0, 0>, config3_dense>.12|  return value|
|ap_return_30  |  out|   14|  ap_ctrl_hs|  dense_latency<ap_fixed<8, 4, 4, 0, 0>, ap_fixed<14, 7, 4, 0, 0>, config3_dense>.12|  return value|
|ap_return_31  |  out|   14|  ap_ctrl_hs|  dense_latency<ap_fixed<8, 4, 4, 0, 0>, ap_fixed<14, 7, 4, 0, 0>, config3_dense>.12|  return value|
|ap_ce         |   in|    1|  ap_ctrl_hs|  dense_latency<ap_fixed<8, 4, 4, 0, 0>, ap_fixed<14, 7, 4, 0, 0>, config3_dense>.12|  return value|
|data_36_val   |   in|    8|     ap_none|                                                                         data_36_val|        scalar|
|data_37_val   |   in|    8|     ap_none|                                                                         data_37_val|        scalar|
|data_38_val   |   in|    8|     ap_none|                                                                         data_38_val|        scalar|
+--------------+-----+-----+------------+------------------------------------------------------------------------------------+--------------+

