

================================================================
== Vitis HLS Report for 'dense_latency_ap_fixed_8_4_4_0_0_ap_fixed_14_7_4_0_0_config3_dense_10'
================================================================
* Date:           Tue Aug  4 11:43:34 2026

* Version:        2023.2 (Build 4023990 on Oct 11 2023)
* Project:        myproject_prj
* Solution:       solution1 (Vivado IP Flow Target)
* Product family: virtexuplus
* Target device:  xcvu13p-flga2577-2-e


================================================================
== Performance Estimates
================================================================
+ Timing: 
    * Summary: 
    +--------+---------+----------+------------+
    |  Clock |  Target | Estimated| Uncertainty|
    +--------+---------+----------+------------+
    |ap_clk  |  2.50 ns|  1.629 ns|     0.68 ns|
    +--------+---------+----------+------------+

+ Latency: 
    * Summary: 
    +---------+---------+----------+----------+-----+-----+---------+
    |  Latency (cycles) |  Latency (absolute) |  Interval | Pipeline|
    |   min   |   max   |    min   |    max   | min | max |   Type  |
    +---------+---------+----------+----------+-----+-----+---------+
    |        1|        1|  2.500 ns|  2.500 ns|    1|    1|      yes|
    +---------+---------+----------+----------+-----+-----+---------+

    + Detail: 
        * Instance: 
        N/A

        * Loop: 
        N/A



================================================================
== Utilization Estimates
================================================================
* Summary: 
+---------------------+---------+-------+---------+---------+------+
|         Name        | BRAM_18K|  DSP  |    FF   |   LUT   | URAM |
+---------------------+---------+-------+---------+---------+------+
|DSP                  |        -|      -|        -|        -|     -|
|Expression           |        -|      -|        0|     2166|     -|
|FIFO                 |        -|      -|        -|        -|     -|
|Instance             |        -|      -|        -|        -|     -|
|Memory               |        -|      -|        -|        -|     -|
|Multiplexer          |        -|      -|        -|      448|     -|
|Register             |        -|      -|      456|        -|     -|
+---------------------+---------+-------+---------+---------+------+
|Total                |        0|      0|      456|     2614|     0|
+---------------------+---------+-------+---------+---------+------+
|Available SLR        |     1344|   3072|   864000|   432000|   320|
+---------------------+---------+-------+---------+---------+------+
|Utilization SLR (%)  |        0|      0|       ~0|       ~0|     0|
+---------------------+---------+-------+---------+---------+------+
|Available            |     5376|  12288|  3456000|  1728000|  1280|
+---------------------+---------+-------+---------+---------+------+
|Utilization (%)      |        0|      0|       ~0|       ~0|     0|
+---------------------+---------+-------+---------+---------+------+

+ Detail: 
    * Instance: 
    N/A

    * DSP: 
    N/A

    * Memory: 
    N/A

    * FIFO: 
    N/A

    * Expression: 
    +--------------------------+----------+----+---+----+------------+------------+
    |       Variable Name      | Operation| DSP| FF| LUT| Bitwidth P0| Bitwidth P1|
    +--------------------------+----------+----+---+----+------------+------------+
    |add_ln111_103_fu_727_p2   |         +|   0|  0|  21|          14|           1|
    |add_ln111_104_fu_965_p2   |         +|   0|  0|  21|          14|           1|
    |add_ln111_105_fu_999_p2   |         +|   0|  0|  21|          14|           1|
    |add_ln111_106_fu_1019_p2  |         +|   0|  0|  21|          14|           1|
    |add_ln111_107_fu_1039_p2  |         +|   0|  0|  21|          14|           1|
    |add_ln111_108_fu_1076_p2  |         +|   0|  0|  21|          14|           1|
    |add_ln111_109_fu_1116_p2  |         +|   0|  0|  21|          14|           1|
    |add_ln111_110_fu_1184_p2  |         +|   0|  0|  21|          14|           1|
    |add_ln111_111_fu_1244_p2  |         +|   0|  0|  21|          14|           1|
    |add_ln111_fu_707_p2       |         +|   0|  0|  21|          14|           1|
    |add_ln58_36440_fu_317_p2  |         +|   0|  0|  22|          22|          14|
    |add_ln58_36441_fu_323_p2  |         +|   0|  0|  22|          22|          22|
    |add_ln58_36442_fu_238_p2  |         +|   0|  0|  29|          22|          22|
    |add_ln58_36443_fu_328_p2  |         +|   0|  0|  22|          22|          17|
    |add_ln58_36444_fu_334_p2  |         +|   0|  0|  22|          22|          22|
    |add_ln58_36445_fu_339_p2  |         +|   0|  0|  28|          21|          18|
    |add_ln58_36446_fu_348_p2  |         +|   0|  0|  29|          22|          22|
    |add_ln58_36447_fu_244_p2  |         +|   0|  0|  29|          22|          22|
    |add_ln58_36448_fu_353_p2  |         +|   0|  0|  22|          22|          15|
    |add_ln58_36449_fu_359_p2  |         +|   0|  0|  22|          22|          22|
    |add_ln58_36450_fu_364_p2  |         +|   0|  0|  28|          21|          16|
    |add_ln58_36451_fu_373_p2  |         +|   0|  0|  29|          22|          22|
    |add_ln58_36452_fu_378_p2  |         +|   0|  0|  28|          21|          16|
    |add_ln58_36453_fu_387_p2  |         +|   0|  0|  29|          22|          22|
    |add_ln58_36454_fu_250_p2  |         +|   0|  0|  28|          21|          21|
    |add_ln58_36455_fu_395_p2  |         +|   0|  0|  22|          22|          15|
    |add_ln58_36456_fu_401_p2  |         +|   0|  0|  22|          22|          22|
    |add_ln58_36457_fu_407_p2  |         +|   0|  0|  28|          21|          17|
    |add_ln58_36458_fu_416_p2  |         +|   0|  0|  29|          22|          22|
    |add_ln58_36459_fu_421_p2  |         +|   0|  0|  28|          21|          12|
    |add_ln58_36460_fu_430_p2  |         +|   0|  0|  29|          22|          22|
    |add_ln58_36461_fu_436_p2  |         +|   0|  0|  28|          21|          15|
    |add_ln58_36462_fu_445_p2  |         +|   0|  0|  29|          22|          22|
    |add_ln58_36463_fu_450_p2  |         +|   0|  0|  28|          21|          17|
    |add_ln58_36464_fu_459_p2  |         +|   0|  0|  29|          22|          22|
    |add_ln58_36465_fu_464_p2  |         +|   0|  0|  22|          22|          14|
    |add_ln58_36466_fu_470_p2  |         +|   0|  0|  22|          22|          22|
    |add_ln58_36467_fu_475_p2  |         +|   0|  0|  22|          22|          17|
    |add_ln58_36468_fu_481_p2  |         +|   0|  0|  22|          22|          22|
    |add_ln58_36469_fu_486_p2  |         +|   0|  0|  28|          21|          17|
    |add_ln58_36470_fu_495_p2  |         +|   0|  0|  29|          22|          22|
    |add_ln58_36471_fu_500_p2  |         +|   0|  0|  22|          22|          16|
    |add_ln58_36472_fu_506_p2  |         +|   0|  0|  22|          22|          22|
    |add_ln58_36473_fu_256_p2  |         +|   0|  0|  28|          21|          14|
    |add_ln58_36474_fu_514_p2  |         +|   0|  0|  29|          22|          22|
    |add_ln58_36475_fu_519_p2  |         +|   0|  0|  22|          22|          12|
    |add_ln58_36476_fu_525_p2  |         +|   0|  0|  22|          22|          22|
    |add_ln58_36477_fu_530_p2  |         +|   0|  0|  22|          22|          15|
    |add_ln58_36478_fu_536_p2  |         +|   0|  0|  22|          22|          22|
    |add_ln58_36479_fu_262_p2  |         +|   0|  0|  28|          21|          16|
    |add_ln58_36480_fu_545_p2  |         +|   0|  0|  29|          22|          22|
    |add_ln58_36481_fu_550_p2  |         +|   0|  0|  22|          22|          15|
    |add_ln58_36482_fu_556_p2  |         +|   0|  0|  22|          22|          22|
    |add_ln58_36483_fu_268_p2  |         +|   0|  0|  28|          21|          21|
    |add_ln58_36484_fu_278_p2  |         +|   0|  0|  29|          22|          22|
    |add_ln58_36485_fu_561_p2  |         +|   0|  0|  28|          21|          16|
    |add_ln58_36486_fu_570_p2  |         +|   0|  0|  29|          22|          22|
    |add_ln58_36487_fu_284_p2  |         +|   0|  0|  28|          21|          16|
    |add_ln58_36488_fu_578_p2  |         +|   0|  0|  29|          22|          22|
    |add_ln58_36489_fu_583_p2  |         +|   0|  0|  22|          22|          16|
    |add_ln58_36490_fu_589_p2  |         +|   0|  0|  22|          22|          22|
    |add_ln58_36491_fu_595_p2  |         +|   0|  0|  22|          22|          15|
    |add_ln58_36492_fu_601_p2  |         +|   0|  0|  22|          22|          22|
    |add_ln58_36493_fu_606_p2  |         +|   0|  0|  22|          22|          18|
    |add_ln58_36494_fu_612_p2  |         +|   0|  0|  22|          22|          22|
    |add_ln58_36495_fu_617_p2  |         +|   0|  0|  28|          21|          17|
    |add_ln58_36496_fu_626_p2  |         +|   0|  0|  29|          22|          22|
    |add_ln58_36497_fu_631_p2  |         +|   0|  0|  28|          21|          17|
    |add_ln58_36498_fu_640_p2  |         +|   0|  0|  29|          22|          22|
    |add_ln58_36499_fu_290_p2  |         +|   0|  0|  28|          21|          15|
    |add_ln58_36500_fu_648_p2  |         +|   0|  0|  29|          22|          22|
    |add_ln58_36501_fu_653_p2  |         +|   0|  0|  28|          21|          16|
    |add_ln58_36502_fu_662_p2  |         +|   0|  0|  29|          22|          22|
    |add_ln58_36503_fu_667_p2  |         +|   0|  0|  28|          21|          17|
    |add_ln58_36504_fu_676_p2  |         +|   0|  0|  29|          22|          22|
    |add_ln58_36505_fu_681_p2  |         +|   0|  0|  22|          22|          15|
    |add_ln58_36506_fu_687_p2  |         +|   0|  0|  22|          22|          22|
    |add_ln58_fu_232_p2        |         +|   0|  0|  29|          22|          22|
    |sub_ln73_1552_fu_182_p2   |         -|   0|  0|  16|           1|           9|
    |sub_ln73_1553_fu_204_p2   |         -|   0|  0|  16|           1|           9|
    |sub_ln73_fu_128_p2        |         -|   0|  0|  16|           1|           9|
    |or_ln111_85_fu_791_p2     |        or|   0|  0|  13|          13|           1|
    |or_ln111_86_fu_839_p2     |        or|   0|  0|  13|          13|           1|
    |or_ln111_87_fu_859_p2     |        or|   0|  0|  13|          13|           1|
    |or_ln111_88_fu_893_p2     |        or|   0|  0|  13|          13|           1|
    |or_ln111_89_fu_927_p2     |        or|   0|  0|  13|          13|           1|
    |or_ln111_90_fu_1092_p2    |        or|   0|  0|  13|          13|           1|
    |or_ln111_91_fu_1132_p2    |        or|   0|  0|  13|          13|           1|
    |or_ln111_92_fu_1200_p2    |        or|   0|  0|  13|          13|           1|
    |or_ln111_93_fu_1220_p2    |        or|   0|  0|  13|          13|           1|
    |or_ln111_fu_743_p2        |        or|   0|  0|  13|          13|           1|
    |or_ln58_fu_222_p2         |        or|   0|  0|  21|          21|          12|
    +--------------------------+----------+----+---+----+------------+------------+
    |Total                     |          |   0|  0|2166|        1771|        1357|
    +--------------------------+----------+----+---+----+------------+------------+

    * Multiplexer: 
    +--------------+----+-----------+-----+-----------+
    |     Name     | LUT| Input Size| Bits| Total Bits|
    +--------------+----+-----------+-----+-----------+
    |ap_return_0   |  14|          3|   14|         42|
    |ap_return_1   |  14|          3|   14|         42|
    |ap_return_10  |  14|          3|   14|         42|
    |ap_return_11  |  14|          3|   14|         42|
    |ap_return_12  |  14|          3|   14|         42|
    |ap_return_13  |  14|          3|   14|         42|
    |ap_return_14  |  14|          3|   14|         42|
    |ap_return_15  |  14|          3|   14|         42|
    |ap_return_16  |  14|          3|   14|         42|
    |ap_return_17  |  14|          3|   14|         42|
    |ap_return_18  |  14|          3|   14|         42|
    |ap_return_19  |  14|          3|   14|         42|
    |ap_return_2   |  14|          3|   14|         42|
    |ap_return_20  |  14|          3|   14|         42|
    |ap_return_21  |  14|          3|   14|         42|
    |ap_return_22  |  14|          3|   14|         42|
    |ap_return_23  |  14|          3|   14|         42|
    |ap_return_24  |  14|          3|   14|         42|
    |ap_return_25  |  14|          3|   14|         42|
    |ap_return_26  |  14|          3|   14|         42|
    |ap_return_27  |  14|          3|   14|         42|
    |ap_return_28  |  14|          3|   14|         42|
    |ap_return_29  |  14|          3|   14|         42|
    |ap_return_3   |  14|          3|   14|         42|
    |ap_return_30  |  14|          3|   14|         42|
    |ap_return_31  |  14|          3|   14|         42|
    |ap_return_4   |  14|          3|   14|         42|
    |ap_return_5   |  14|          3|   14|         42|
    |ap_return_6   |  14|          3|   14|         42|
    |ap_return_7   |  14|          3|   14|         42|
    |ap_return_8   |  14|          3|   14|         42|
    |ap_return_9   |  14|          3|   14|         42|
    +--------------+----+-----------+-----+-----------+
    |Total         | 448|         96|  448|       1344|
    +--------------+----+-----------+-----+-----------+

    * Register: 
    +--------------------------+----+----+-----+-----------+
    |           Name           | FF | LUT| Bits| Const Bits|
    +--------------------------+----+----+-----+-----------+
    |add_ln58_36442_reg_1478   |  10|   0|   22|         12|
    |add_ln58_36447_reg_1491   |  10|   0|   22|         12|
    |add_ln58_36454_reg_1502   |   9|   0|   21|         12|
    |add_ln58_36473_reg_1507   |   9|   0|   21|         12|
    |add_ln58_36479_reg_1512   |   9|   0|   21|         12|
    |add_ln58_36487_reg_1517   |   9|   0|   21|         12|
    |add_ln58_36499_reg_1522   |   9|   0|   21|         12|
    |add_ln58_reg_1464         |  10|   0|   22|         12|
    |ap_ce_reg                 |   1|   0|    1|          0|
    |ap_return_0_int_reg       |  11|   0|   14|          3|
    |ap_return_10_int_reg      |  11|   0|   14|          3|
    |ap_return_11_int_reg      |  11|   0|   14|          3|
    |ap_return_12_int_reg      |  11|   0|   14|          3|
    |ap_return_13_int_reg      |  11|   0|   14|          3|
    |ap_return_14_int_reg      |  11|   0|   14|          3|
    |ap_return_15_int_reg      |  11|   0|   14|          3|
    |ap_return_16_int_reg      |  11|   0|   14|          3|
    |ap_return_17_int_reg      |  11|   0|   14|          3|
    |ap_return_18_int_reg      |  11|   0|   14|          3|
    |ap_return_19_int_reg      |  11|   0|   14|          3|
    |ap_return_1_int_reg       |  11|   0|   14|          3|
    |ap_return_20_int_reg      |  11|   0|   14|          3|
    |ap_return_21_int_reg      |  11|   0|   14|          3|
    |ap_return_22_int_reg      |  11|   0|   14|          3|
    |ap_return_23_int_reg      |  11|   0|   14|          3|
    |ap_return_24_int_reg      |  11|   0|   14|          3|
    |ap_return_25_int_reg      |  11|   0|   14|          3|
    |ap_return_26_int_reg      |  11|   0|   14|          3|
    |ap_return_27_int_reg      |  11|   0|   14|          3|
    |ap_return_28_int_reg      |  11|   0|   14|          3|
    |ap_return_29_int_reg      |  11|   0|   14|          3|
    |ap_return_2_int_reg       |  11|   0|   14|          3|
    |ap_return_30_int_reg      |  11|   0|   14|          3|
    |ap_return_31_int_reg      |  11|   0|   14|          3|
    |ap_return_3_int_reg       |  11|   0|   14|          3|
    |ap_return_4_int_reg       |  11|   0|   14|          3|
    |ap_return_5_int_reg       |  11|   0|   14|          3|
    |ap_return_6_int_reg       |  11|   0|   14|          3|
    |ap_return_7_int_reg       |  11|   0|   14|          3|
    |ap_return_8_int_reg       |  11|   0|   14|          3|
    |ap_return_9_int_reg       |  11|   0|   14|          3|
    |sext_ln58_reg_1447        |   9|   0|   21|         12|
    |sub_ln73_1553_reg_1442    |   9|   0|    9|          0|
    |trunc_ln111_407_reg_1527  |  10|   0|   13|          3|
    +--------------------------+----+----+-----+-----------+
    |Total                     | 456|   0|  663|        207|
    +--------------------------+----+----+-----+-----------+



================================================================
== Interface
================================================================
* Summary: 
+--------------+-----+-----+------------+------------------------------------------------------------------------------------+--------------+
|   RTL Ports  | Dir | Bits|  Protocol  |                                    Source Object                                   |    C Type    |
+--------------+-----+-----+------------+------------------------------------------------------------------------------------+--------------+
|ap_clk        |   in|    1|  ap_ctrl_hs|  dense_latency<ap_fixed<8, 4, 4, 0, 0>, ap_fixed<14, 7, 4, 0, 0>, config3_dense>.10|  return value|
|ap_rst        |   in|    1|  ap_ctrl_hs|  dense_latency<ap_fixed<8, 4, 4, 0, 0>, ap_fixed<14, 7, 4, 0, 0>, config3_dense>.10|  return value|
|ap_return_0   |  out|   14|  ap_ctrl_hs|  dense_latency<ap_fixed<8, 4, 4, 0, 0>, ap_fixed<14, 7, 4, 0, 0>, config3_dense>.10|  return value|
|ap_return_1   |  out|   14|  ap_ctrl_hs|  dense_latency<ap_fixed<8, 4, 4, 0, 0>, ap_fixed<14, 7, 4, 0, 0>, config3_dense>.10|  return value|
|ap_return_2   |  out|   14|  ap_ctrl_hs|  dense_latency<ap_fixed<8, 4, 4, 0, 0>, ap_fixed<14, 7, 4, 0, 0>, config3_dense>.10|  return value|
|ap_return_3   |  out|   14|  ap_ctrl_hs|  dense_latency<ap_fixed<8, 4, 4, 0, 0>, ap_fixed<14, 7, 4, 0, 0>, config3_dense>.10|  return value|
|ap_return_4   |  out|   14|  ap_ctrl_hs|  dense_latency<ap_fixed<8, 4, 4, 0, 0>, ap_fixed<14, 7, 4, 0, 0>, config3_dense>.10|  return value|
|ap_return_5   |  out|   14|  ap_ctrl_hs|  dense_latency<ap_fixed<8, 4, 4, 0, 0>, ap_fixed<14, 7, 4, 0, 0>, config3_dense>.10|  return value|
|ap_return_6   |  out|   14|  ap_ctrl_hs|  dense_latency<ap_fixed<8, 4, 4, 0, 0>, ap_fixed<14, 7, 4, 0, 0>, config3_dense>.10|  return value|
|ap_return_7   |  out|   14|  ap_ctrl_hs|  dense_latency<ap_fixed<8, 4, 4, 0, 0>, ap_fixed<14, 7, 4, 0, 0>, config3_dense>.10|  return value|
|ap_return_8   |  out|   14|  ap_ctrl_hs|  dense_latency<ap_fixed<8, 4, 4, 0, 0>, ap_fixed<14, 7, 4, 0, 0>, config3_dense>.10|  return value|
|ap_return_9   |  out|   14|  ap_ctrl_hs|  dense_latency<ap_fixed<8, 4, 4, 0, 0>, ap_fixed<14, 7, 4, 0, 0>, config3_dense>.10|  return value|
|ap_return_10  |  out|   14|  ap_ctrl_hs|  dense_latency<ap_fixed<8, 4, 4, 0, 0>, ap_fixed<14, 7, 4, 0, 0>, config3_dense>.10|  return value|
|ap_return_11  |  out|   14|  ap_ctrl_hs|  dense_latency<ap_fixed<8, 4, 4, 0, 0>, ap_fixed<14, 7, 4, 0, 0>, config3_dense>.10|  return value|
|ap_return_12  |  out|   14|  ap_ctrl_hs|  dense_latency<ap_fixed<8, 4, 4, 0, 0>, ap_fixed<14, 7, 4, 0, 0>, config3_dense>.10|  return value|
|ap_return_13  |  out|   14|  ap_ctrl_hs|  dense_latency<ap_fixed<8, 4, 4, 0, 0>, ap_fixed<14, 7, 4, 0, 0>, config3_dense>.10|  return value|
|ap_return_14  |  out|   14|  ap_ctrl_hs|  dense_latency<ap_fixed<8, 4, 4, 0, 0>, ap_fixed<14, 7, 4, 0, 0>, config3_dense>.10|  return value|
|ap_return_15  |  out|   14|  ap_ctrl_hs|  dense_latency<ap_fixed<8, 4, 4, 0, 0>, ap_fixed<14, 7, 4, 0, 0>, config3_dense>.10|  return value|
|ap_return_16  |  out|   14|  ap_ctrl_hs|  dense_latency<ap_fixed<8, 4, 4, 0, 0>, ap_fixed<14, 7, 4, 0, 0>, config3_dense>.10|  return value|
|ap_return_17  |  out|   14|  ap_ctrl_hs|  dense_latency<ap_fixed<8, 4, 4, 0, 0>, ap_fixed<14, 7, 4, 0, 0>, config3_dense>.10|  return value|
|ap_return_18  |  out|   14|  ap_ctrl_hs|  dense_latency<ap_fixed<8, 4, 4, 0, 0>, ap_fixed<14, 7, 4, 0, 0>, config3_dense>.10|  return value|
|ap_return_19  |  out|   14|  ap_ctrl_hs|  dense_latency<ap_fixed<8, 4, 4, 0, 0>, ap_fixed<14, 7, 4, 0, 0>, config3_dense>.10|  return value|
|ap_return_20  |  out|   14|  ap_ctrl_hs|  dense_latency<ap_fixed<8, 4, 4, 0, 0>, ap_fixed<14, 7, 4, 0, 0>, config3_dense>.10|  return value|
|ap_return_21  |  out|   14|  ap_ctrl_hs|  dense_latency<ap_fixed<8, 4, 4, 0, 0>, ap_fixed<14, 7, 4, 0, 0>, config3_dense>.10|  return value|
|ap_return_22  |  out|   14|  ap_ctrl_hs|  dense_latency<ap_fixed<8, 4, 4, 0, 0>, ap_fixed<14, 7, 4, 0, 0>, config3_dense>.10|  return value|
|ap_return_23  |  out|   14|  ap_ctrl_hs|  dense_latency<ap_fixed<8, 4, 4, 0, 0>, ap_fixed<14, 7, 4, 0, 0>, config3_dense>.10|  return value|
|ap_return_24  |  out|   14|  ap_ctrl_hs|  dense_latency<ap_fixed<8, 4, 4, 0, 0>, ap_fixed<14, 7, 4, 0, 0>, config3_dense>.10|  return value|
|ap_return_25  |  out|   14|  ap_ctrl_hs|  dense_latency<ap_fixed<8, 4, 4, 0, 0>, ap_fixed<14, 7, 4, 0, 0>, config3_dense>.10|  return value|
|ap_return_26  |  out|   14|  ap_ctrl_hs|  dense_latency<ap_fixed<8, 4, 4, 0, 0>, ap_fixed<14, 7, 4, 0, 0>, config3_dense>.10|  return value|
|ap_return_27  |  out|   14|  ap_ctrl_hs|  dense_latency<ap_fixed<8, 4, 4, 0, 0>, ap_fixed<14, 7, 4, 0, 0>, config3_dense>.10|  return value|
|ap_return_28  |  out|   14|  ap_ctrl_hs|  dense_latency<ap_fixed<8, 4, 4, 0, 0>, ap_fixed<14, 7, 4, 0, 0>, config3_dense>.10|  return value|
|ap_return_29  |  out|   14|  ap_ctrl_hs|  dense_latency<ap_fixed<8, 4, 4, 0, 0>, ap_fixed<14, 7, 4, 0, 0>, config3_dense>.10|  return value|
|ap_return_30  |  out|   14|  ap_ctrl_hs|  dense_latency<ap_fixed<8, 4, 4, 0, 0>, ap_fixed<14, 7, 4, 0, 0>, config3_dense>.10|  return value|
|ap_return_31  |  out|   14|  ap_ctrl_hs|  dense_latency<ap_fixed<8, 4, 4, 0, 0>, ap_fixed<14, 7, 4, 0, 0>, config3_dense>.10|  return value|
|ap_ce         |   in|    1|  ap_ctrl_hs|  dense_latency<ap_fixed<8, 4, 4, 0, 0>, ap_fixed<14, 7, 4, 0, 0>, config3_dense>.10|  return value|
|data_30_val   |   in|    8|     ap_none|                                                                         data_30_val|        scalar|
|data_31_val   |   in|    8|     ap_none|                                                                         data_31_val|        scalar|
|data_32_val   |   in|    8|     ap_none|                                                                         data_32_val|        scalar|
+--------------+-----+-----+------------+------------------------------------------------------------------------------------+--------------+

