

================================================================
== Vitis HLS Report for 'dense_latency_ap_ufixed_7_1_4_0_0_ap_fixed_13_7_4_0_0_config81_s'
================================================================
* Date:           Tue Aug  4 19:09:14 2026

* Version:        2023.2 (Build 4023990 on Oct 11 2023)
* Project:        myproject_prj
* Solution:       solution1 (Vivado IP Flow Target)
* Product family: virtexuplus
* Target device:  xcvu13p-flga2577-2-e


================================================================
== Performance Estimates
================================================================
+ Timing: 
    * Summary: 
    +--------+---------+----------+------------+
    |  Clock |  Target | Estimated| Uncertainty|
    +--------+---------+----------+------------+
    |ap_clk  |  2.50 ns|  1.523 ns|     0.68 ns|
    +--------+---------+----------+------------+

+ Latency: 
    * Summary: 
    +---------+---------+----------+----------+-----+-----+---------+
    |  Latency (cycles) |  Latency (absolute) |  Interval | Pipeline|
    |   min   |   max   |    min   |    max   | min | max |   Type  |
    +---------+---------+----------+----------+-----+-----+---------+
    |        2|        2|  5.000 ns|  5.000 ns|    1|    1|      yes|
    +---------+---------+----------+----------+-----+-----+---------+

    + Detail: 
        * Instance: 
        N/A

        * Loop: 
        N/A



================================================================
== Utilization Estimates
================================================================
* Summary: 
+---------------------+---------+-------+---------+---------+------+
|         Name        | BRAM_18K|  DSP  |    FF   |   LUT   | URAM |
+---------------------+---------+-------+---------+---------+------+
|DSP                  |        -|      -|        -|        -|     -|
|Expression           |        -|      -|        0|     2660|     -|
|FIFO                 |        -|      -|        -|        -|     -|
|Instance             |        -|      -|        -|        -|     -|
|Memory               |        -|      -|        -|        -|     -|
|Multiplexer          |        -|      -|        -|        -|     -|
|Register             |        -|      -|      874|        -|     -|
+---------------------+---------+-------+---------+---------+------+
|Total                |        0|      0|      874|     2660|     0|
+---------------------+---------+-------+---------+---------+------+
|Available SLR        |     1344|   3072|   864000|   432000|   320|
+---------------------+---------+-------+---------+---------+------+
|Utilization SLR (%)  |        0|      0|       ~0|       ~0|     0|
+---------------------+---------+-------+---------+---------+------+
|Available            |     5376|  12288|  3456000|  1728000|  1280|
+---------------------+---------+-------+---------+---------+------+
|Utilization (%)      |        0|      0|       ~0|       ~0|     0|
+---------------------+---------+-------+---------+---------+------+

+ Detail: 
    * Instance: 
    N/A

    * DSP: 
    N/A

    * Memory: 
    N/A

    * FIFO: 
    N/A

    * Expression: 
    +-------------------------+----------+----+---+----+------------+------------+
    |      Variable Name      | Operation| DSP| FF| LUT| Bitwidth P0| Bitwidth P1|
    +-------------------------+----------+----+---+----+------------+------------+
    |add_ln58_100_fu_1697_p2  |         +|   0|  0|  18|          11|          11|
    |add_ln58_101_fu_1152_p2  |         +|   0|  0|  15|           8|           8|
    |add_ln58_102_fu_1162_p2  |         +|   0|  0|  15|           8|           8|
    |add_ln58_103_fu_1172_p2  |         +|   0|  0|  16|           9|           9|
    |add_ln58_104_fu_1178_p2  |         +|   0|  0|  16|           9|           9|
    |add_ln58_105_fu_1713_p2  |         +|   0|  0|  17|          10|          10|
    |add_ln58_106_fu_1723_p2  |         +|   0|  0|  19|          12|          12|
    |add_ln58_107_fu_1915_p2  |         +|   0|  0|  20|          13|          13|
    |add_ln58_108_fu_1184_p2  |         +|   0|  0|  16|           9|           9|
    |add_ln58_109_fu_1732_p2  |         +|   0|  0|  17|          10|          10|
    |add_ln58_10_fu_1320_p2   |         +|   0|  0|  17|          10|          10|
    |add_ln58_110_fu_1190_p2  |         +|   0|  0|  16|           9|           9|
    |add_ln58_111_fu_1745_p2  |         +|   0|  0|  17|          10|          10|
    |add_ln58_112_fu_1755_p2  |         +|   0|  0|  18|          11|          11|
    |add_ln58_113_fu_1196_p2  |         +|   0|  0|  16|           9|           9|
    |add_ln58_114_fu_1764_p2  |         +|   0|  0|  17|          10|          10|
    |add_ln58_115_fu_1202_p2  |         +|   0|  0|  18|           9|           9|
    |add_ln58_116_fu_1208_p2  |         +|   0|  0|  15|           8|           8|
    |add_ln58_117_fu_1218_p2  |         +|   0|  0|  18|           9|           9|
    |add_ln58_118_fu_1777_p2  |         +|   0|  0|  18|          11|          11|
    |add_ln58_119_fu_1927_p2  |         +|   0|  0|  19|          12|          12|
    |add_ln58_11_fu_700_p2    |         +|   0|  0|  16|           9|           9|
    |add_ln58_120_fu_1224_p2  |         +|   0|  0|  16|           9|           9|
    |add_ln58_121_fu_1230_p2  |         +|   0|  0|  15|           8|           8|
    |add_ln58_122_fu_1240_p2  |         +|   0|  0|  15|           8|           8|
    |add_ln58_123_fu_1250_p2  |         +|   0|  0|  16|           9|           9|
    |add_ln58_124_fu_1789_p2  |         +|   0|  0|  17|          10|          10|
    |add_ln58_125_fu_1256_p2  |         +|   0|  0|  16|           9|           9|
    |add_ln58_126_fu_1262_p2  |         +|   0|  0|  15|           8|           8|
    |add_ln58_127_fu_1272_p2  |         +|   0|  0|  16|           9|           9|
    |add_ln58_128_fu_1805_p2  |         +|   0|  0|  17|          10|          10|
    |add_ln58_129_fu_1815_p2  |         +|   0|  0|  18|          11|          11|
    |add_ln58_12_fu_1336_p2   |         +|   0|  0|  17|          10|          10|
    |add_ln58_130_fu_1940_p2  |         +|   0|  0|  20|          13|          13|
    |add_ln58_13_fu_1346_p2   |         +|   0|  0|  18|          11|          11|
    |add_ln58_14_fu_1827_p2   |         +|   0|  0|  19|          12|          12|
    |add_ln58_15_fu_712_p2    |         +|   0|  0|  15|           8|           8|
    |add_ln58_16_fu_722_p2    |         +|   0|  0|  15|           8|           8|
    |add_ln58_17_fu_732_p2    |         +|   0|  0|  16|           9|           9|
    |add_ln58_18_fu_738_p2    |         +|   0|  0|  15|           8|           8|
    |add_ln58_19_fu_748_p2    |         +|   0|  0|  15|           8|           8|
    |add_ln58_1_fu_554_p2     |         +|   0|  0|  15|           8|           8|
    |add_ln58_20_fu_758_p2    |         +|   0|  0|  16|           9|           9|
    |add_ln58_21_fu_1358_p2   |         +|   0|  0|  17|          10|          10|
    |add_ln58_22_fu_764_p2    |         +|   0|  0|  15|           8|           8|
    |add_ln58_23_fu_774_p2    |         +|   0|  0|  15|           8|           8|
    |add_ln58_24_fu_784_p2    |         +|   0|  0|  16|           9|           9|
    |add_ln58_25_fu_790_p2    |         +|   0|  0|  15|           8|           8|
    |add_ln58_26_fu_800_p2    |         +|   0|  0|  15|           8|           8|
    |add_ln58_27_fu_810_p2    |         +|   0|  0|  16|           9|           9|
    |add_ln58_28_fu_1374_p2   |         +|   0|  0|  17|          10|          10|
    |add_ln58_29_fu_1384_p2   |         +|   0|  0|  18|          11|          11|
    |add_ln58_2_fu_670_p2     |         +|   0|  0|  16|           9|           9|
    |add_ln58_30_fu_1840_p2   |         +|   0|  0|  20|          13|          13|
    |add_ln58_31_fu_816_p2    |         +|   0|  0|  16|           9|           9|
    |add_ln58_32_fu_1393_p2   |         +|   0|  0|  17|          10|          10|
    |add_ln58_33_fu_822_p2    |         +|   0|  0|  16|           9|           9|
    |add_ln58_34_fu_828_p2    |         +|   0|  0|  16|           9|           9|
    |add_ln58_35_fu_1409_p2   |         +|   0|  0|  17|          10|          10|
    |add_ln58_36_fu_1419_p2   |         +|   0|  0|  18|          11|          11|
    |add_ln58_37_fu_1425_p2   |         +|   0|  0|  17|          10|          10|
    |add_ln58_38_fu_834_p2    |         +|   0|  0|  16|           9|           9|
    |add_ln58_39_fu_840_p2    |         +|   0|  0|  15|           8|           8|
    |add_ln58_3_fu_1284_p2    |         +|   0|  0|  16|           9|           9|
    |add_ln58_40_fu_1441_p2   |         +|   0|  0|  17|          10|          10|
    |add_ln58_41_fu_1451_p2   |         +|   0|  0|  18|          11|          11|
    |add_ln58_42_fu_1852_p2   |         +|   0|  0|  19|          12|          12|
    |add_ln58_43_fu_856_p2    |         +|   0|  0|  15|           8|           8|
    |add_ln58_44_fu_866_p2    |         +|   0|  0|  16|           9|           9|
    |add_ln58_45_fu_872_p2    |         +|   0|  0|  15|           8|           8|
    |add_ln58_46_fu_882_p2    |         +|   0|  0|  16|           9|           9|
    |add_ln58_47_fu_1463_p2   |         +|   0|  0|  17|          10|          10|
    |add_ln58_48_fu_888_p2    |         +|   0|  0|  15|           8|           8|
    |add_ln58_49_fu_898_p2    |         +|   0|  0|  16|           9|           9|
    |add_ln58_4_fu_676_p2     |         +|   0|  0|  16|           9|           9|
    |add_ln58_50_fu_904_p2    |         +|   0|  0|  15|           8|           8|
    |add_ln58_51_fu_914_p2    |         +|   0|  0|  15|           8|           8|
    |add_ln58_52_fu_924_p2    |         +|   0|  0|  16|           9|           9|
    |add_ln58_53_fu_1479_p2   |         +|   0|  0|  17|          10|          10|
    |add_ln58_54_fu_1489_p2   |         +|   0|  0|  18|          11|          11|
    |add_ln58_55_fu_1865_p2   |         +|   0|  0|  20|          13|          13|
    |add_ln58_56_fu_930_p2    |         +|   0|  0|  15|           8|           8|
    |add_ln58_57_fu_1501_p2   |         +|   0|  0|  17|          10|          10|
    |add_ln58_58_fu_946_p2    |         +|   0|  0|  16|           9|           9|
    |add_ln58_59_fu_952_p2    |         +|   0|  0|  16|           9|           9|
    |add_ln58_5_fu_682_p2     |         +|   0|  0|  16|           9|           9|
    |add_ln58_60_fu_1517_p2   |         +|   0|  0|  17|          10|          10|
    |add_ln58_61_fu_1527_p2   |         +|   0|  0|  18|          11|          11|
    |add_ln58_62_fu_958_p2    |         +|   0|  0|  16|           9|           9|
    |add_ln58_63_fu_964_p2    |         +|   0|  0|  16|           9|           9|
    |add_ln58_64_fu_1539_p2   |         +|   0|  0|  17|          10|          10|
    |add_ln58_65_fu_976_p2    |         +|   0|  0|  16|           9|           9|
    |add_ln58_66_fu_1555_p2   |         +|   0|  0|  17|          10|          10|
    |add_ln58_67_fu_1565_p2   |         +|   0|  0|  18|          11|          11|
    |add_ln58_68_fu_1877_p2   |         +|   0|  0|  19|          12|          12|
    |add_ln58_69_fu_982_p2    |         +|   0|  0|  16|           9|           9|
    |add_ln58_6_fu_1298_p2    |         +|   0|  0|  17|          10|          10|
    |add_ln58_70_fu_1577_p2   |         +|   0|  0|  18|          10|          10|
    |add_ln58_71_fu_994_p2    |         +|   0|  0|  15|           8|           8|
    |add_ln58_72_fu_1004_p2   |         +|   0|  0|  15|           8|           8|
    |add_ln58_73_fu_1014_p2   |         +|   0|  0|  16|           9|           9|
    |add_ln58_74_fu_1586_p2   |         +|   0|  0|  18|          10|          10|
    |add_ln58_75_fu_1020_p2   |         +|   0|  0|  15|           8|           8|
    |add_ln58_76_fu_1030_p2   |         +|   0|  0|  15|           8|           8|
    |add_ln58_77_fu_1040_p2   |         +|   0|  0|  16|           9|           9|
    |add_ln58_78_fu_1046_p2   |         +|   0|  0|  15|           8|           8|
    |add_ln58_79_fu_1056_p2   |         +|   0|  0|  15|           8|           8|
    |add_ln58_7_fu_1308_p2    |         +|   0|  0|  18|          11|          11|
    |add_ln58_80_fu_1066_p2   |         +|   0|  0|  16|           9|           9|
    |add_ln58_81_fu_1602_p2   |         +|   0|  0|  17|          10|          10|
    |add_ln58_82_fu_1612_p2   |         +|   0|  0|  19|          12|          12|
    |add_ln58_83_fu_1890_p2   |         +|   0|  0|  20|          13|          13|
    |add_ln58_84_fu_1072_p2   |         +|   0|  0|  15|           8|           8|
    |add_ln58_85_fu_1621_p2   |         +|   0|  0|  17|          10|          10|
    |add_ln58_86_fu_1094_p2   |         +|   0|  0|  16|           9|           9|
    |add_ln58_87_fu_1637_p2   |         +|   0|  0|  17|          10|          10|
    |add_ln58_88_fu_1647_p2   |         +|   0|  0|  18|          11|          11|
    |add_ln58_89_fu_1100_p2   |         +|   0|  0|  16|           9|           9|
    |add_ln58_8_fu_688_p2     |         +|   0|  0|  16|           9|           9|
    |add_ln58_90_fu_1659_p2   |         +|   0|  0|  17|          10|          10|
    |add_ln58_91_fu_1112_p2   |         +|   0|  0|  16|           9|           9|
    |add_ln58_92_fu_1118_p2   |         +|   0|  0|  16|           9|           9|
    |add_ln58_93_fu_1675_p2   |         +|   0|  0|  17|          10|          10|
    |add_ln58_94_fu_1685_p2   |         +|   0|  0|  18|          11|          11|
    |add_ln58_95_fu_1902_p2   |         +|   0|  0|  19|          12|          12|
    |add_ln58_96_fu_1124_p2   |         +|   0|  0|  18|           9|           9|
    |add_ln58_97_fu_1130_p2   |         +|   0|  0|  18|           9|           9|
    |add_ln58_98_fu_1136_p2   |         +|   0|  0|  15|           8|           8|
    |add_ln58_99_fu_1146_p2   |         +|   0|  0|  16|           9|           9|
    |add_ln58_9_fu_694_p2     |         +|   0|  0|  16|           9|           9|
    |add_ln58_fu_540_p2       |         +|   0|  0|  15|           8|           8|
    |sub_ln58_1_fu_706_p2     |         -|   0|  0|  15|           8|           8|
    |sub_ln58_2_fu_850_p2     |         -|   0|  0|  16|           1|           9|
    |sub_ln58_3_fu_940_p2     |         -|   0|  0|  16|           1|           9|
    |sub_ln58_4_fu_970_p2     |         -|   0|  0|  16|           1|           9|
    |sub_ln58_5_fu_988_p2     |         -|   0|  0|  16|           1|           9|
    |sub_ln58_6_fu_1082_p2    |         -|   0|  0|  16|           1|           9|
    |sub_ln58_7_fu_1088_p2    |         -|   0|  0|  16|           1|           9|
    |sub_ln58_8_fu_1106_p2    |         -|   0|  0|  16|           1|           9|
    |sub_ln58_fu_564_p2       |         -|   0|  0|  16|           9|           9|
    |sub_ln73_10_fu_398_p2    |         -|   0|  0|  15|           1|           8|
    |sub_ln73_11_fu_412_p2    |         -|   0|  0|  15|           1|           8|
    |sub_ln73_12_fu_422_p2    |         -|   0|  0|  15|           1|           8|
    |sub_ln73_13_fu_436_p2    |         -|   0|  0|  15|           1|           8|
    |sub_ln73_14_fu_446_p2    |         -|   0|  0|  15|           1|           8|
    |sub_ln73_15_fu_456_p2    |         -|   0|  0|  15|           1|           8|
    |sub_ln73_16_fu_466_p2    |         -|   0|  0|  15|           1|           8|
    |sub_ln73_17_fu_476_p2    |         -|   0|  0|  15|           1|           8|
    |sub_ln73_18_fu_486_p2    |         -|   0|  0|  15|           1|           8|
    |sub_ln73_19_fu_496_p2    |         -|   0|  0|  15|           1|           8|
    |sub_ln73_1_fu_304_p2     |         -|   0|  0|  15|           1|           8|
    |sub_ln73_20_fu_506_p2    |         -|   0|  0|  15|           1|           8|
    |sub_ln73_21_fu_516_p2    |         -|   0|  0|  15|           1|           8|
    |sub_ln73_22_fu_526_p2    |         -|   0|  0|  15|           1|           8|
    |sub_ln73_2_fu_314_p2     |         -|   0|  0|  15|           1|           8|
    |sub_ln73_3_fu_324_p2     |         -|   0|  0|  15|           1|           8|
    |sub_ln73_4_fu_334_p2     |         -|   0|  0|  15|           1|           8|
    |sub_ln73_5_fu_348_p2     |         -|   0|  0|  15|           1|           8|
    |sub_ln73_6_fu_358_p2     |         -|   0|  0|  15|           1|           8|
    |sub_ln73_7_fu_368_p2     |         -|   0|  0|  15|           1|           8|
    |sub_ln73_8_fu_378_p2     |         -|   0|  0|  15|           1|           8|
    |sub_ln73_9_fu_388_p2     |         -|   0|  0|  15|           1|           8|
    |sub_ln73_fu_294_p2       |         -|   0|  0|  15|           1|           8|
    +-------------------------+----------+----+---+----+------------+------------+
    |Total                    |          |   0|  0|2660|        1292|        1509|
    +-------------------------+----------+----+---+----+------------+------------+

    * Multiplexer: 
    N/A

    * Register: 
    +-----------------------+----+----+-----+-----------+
    |          Name         | FF | LUT| Bits| Const Bits|
    +-----------------------+----+----+-----+-----------+
    |add_ln58_103_reg_2197  |   9|   0|    9|          0|
    |add_ln58_104_reg_2202  |   9|   0|    9|          0|
    |add_ln58_106_reg_2302  |  12|   0|   12|          0|
    |add_ln58_108_reg_2207  |   9|   0|    9|          0|
    |add_ln58_110_reg_2212  |   9|   0|    9|          0|
    |add_ln58_112_reg_2307  |  11|   0|   11|          0|
    |add_ln58_113_reg_2217  |   9|   0|    9|          0|
    |add_ln58_117_reg_2222  |   9|   0|    9|          0|
    |add_ln58_118_reg_2312  |  11|   0|   11|          0|
    |add_ln58_11_reg_2017   |   9|   0|    9|          0|
    |add_ln58_120_reg_2227  |   9|   0|    9|          0|
    |add_ln58_123_reg_2232  |   9|   0|    9|          0|
    |add_ln58_125_reg_2237  |   9|   0|    9|          0|
    |add_ln58_127_reg_2242  |   9|   0|    9|          0|
    |add_ln58_129_reg_2317  |  11|   0|   11|          0|
    |add_ln58_13_reg_2252   |  11|   0|   11|          0|
    |add_ln58_17_reg_2027   |   9|   0|    9|          0|
    |add_ln58_20_reg_2032   |   9|   0|    9|          0|
    |add_ln58_24_reg_2037   |   9|   0|    9|          0|
    |add_ln58_27_reg_2042   |   9|   0|    9|          0|
    |add_ln58_29_reg_2257   |  11|   0|   11|          0|
    |add_ln58_2_reg_1991    |   9|   0|    9|          0|
    |add_ln58_31_reg_2047   |   9|   0|    9|          0|
    |add_ln58_33_reg_2052   |   9|   0|    9|          0|
    |add_ln58_34_reg_2057   |   9|   0|    9|          0|
    |add_ln58_36_reg_2262   |  11|   0|   11|          0|
    |add_ln58_38_reg_2062   |   9|   0|    9|          0|
    |add_ln58_41_reg_2267   |  11|   0|   11|          0|
    |add_ln58_44_reg_2072   |   9|   0|    9|          0|
    |add_ln58_46_reg_2077   |   9|   0|    9|          0|
    |add_ln58_49_reg_2082   |   9|   0|    9|          0|
    |add_ln58_4_reg_1997    |   9|   0|    9|          0|
    |add_ln58_52_reg_2087   |   9|   0|    9|          0|
    |add_ln58_54_reg_2272   |  11|   0|   11|          0|
    |add_ln58_58_reg_2097   |   9|   0|    9|          0|
    |add_ln58_59_reg_2102   |   9|   0|    9|          0|
    |add_ln58_5_reg_2002    |   9|   0|    9|          0|
    |add_ln58_61_reg_2277   |  11|   0|   11|          0|
    |add_ln58_62_reg_2107   |   9|   0|    9|          0|
    |add_ln58_63_reg_2112   |   9|   0|    9|          0|
    |add_ln58_65_reg_2122   |   9|   0|    9|          0|
    |add_ln58_67_reg_2282   |  11|   0|   11|          0|
    |add_ln58_69_reg_2127   |   9|   0|    9|          0|
    |add_ln58_73_reg_2137   |   9|   0|    9|          0|
    |add_ln58_77_reg_2142   |   9|   0|    9|          0|
    |add_ln58_7_reg_2247    |  11|   0|   11|          0|
    |add_ln58_80_reg_2147   |   9|   0|    9|          0|
    |add_ln58_82_reg_2287   |  12|   0|   12|          0|
    |add_ln58_86_reg_2162   |   9|   0|    9|          0|
    |add_ln58_88_reg_2292   |  11|   0|   11|          0|
    |add_ln58_89_reg_2167   |   9|   0|    9|          0|
    |add_ln58_8_reg_2007    |   9|   0|    9|          0|
    |add_ln58_91_reg_2177   |   9|   0|    9|          0|
    |add_ln58_92_reg_2182   |   9|   0|    9|          0|
    |add_ln58_94_reg_2297   |  11|   0|   11|          0|
    |add_ln58_97_reg_2187   |   9|   0|    9|          0|
    |add_ln58_99_reg_2192   |   9|   0|    9|          0|
    |add_ln58_9_reg_2012    |   9|   0|    9|          0|
    |data_0_val_int_reg     |   7|   0|    7|          0|
    |data_10_val_int_reg    |   7|   0|    7|          0|
    |data_11_val_int_reg    |   7|   0|    7|          0|
    |data_12_val_int_reg    |   7|   0|    7|          0|
    |data_13_val_int_reg    |   7|   0|    7|          0|
    |data_14_val_int_reg    |   7|   0|    7|          0|
    |data_15_val_int_reg    |   7|   0|    7|          0|
    |data_16_val_int_reg    |   7|   0|    7|          0|
    |data_17_val_int_reg    |   7|   0|    7|          0|
    |data_18_val_int_reg    |   7|   0|    7|          0|
    |data_19_val_int_reg    |   7|   0|    7|          0|
    |data_1_val_int_reg     |   7|   0|    7|          0|
    |data_20_val_int_reg    |   7|   0|    7|          0|
    |data_21_val_int_reg    |   7|   0|    7|          0|
    |data_22_val_int_reg    |   7|   0|    7|          0|
    |data_23_val_int_reg    |   7|   0|    7|          0|
    |data_24_val_int_reg    |   7|   0|    7|          0|
    |data_25_val_int_reg    |   7|   0|    7|          0|
    |data_26_val_int_reg    |   7|   0|    7|          0|
    |data_27_val_int_reg    |   7|   0|    7|          0|
    |data_28_val_int_reg    |   7|   0|    7|          0|
    |data_29_val_int_reg    |   7|   0|    7|          0|
    |data_2_val_int_reg     |   7|   0|    7|          0|
    |data_30_val_int_reg    |   7|   0|    7|          0|
    |data_31_val_int_reg    |   7|   0|    7|          0|
    |data_3_val_int_reg     |   7|   0|    7|          0|
    |data_4_val_int_reg     |   7|   0|    7|          0|
    |data_5_val_int_reg     |   7|   0|    7|          0|
    |data_6_val_int_reg     |   7|   0|    7|          0|
    |data_7_val_int_reg     |   7|   0|    7|          0|
    |data_8_val_int_reg     |   7|   0|    7|          0|
    |data_9_val_int_reg     |   7|   0|    7|          0|
    |sub_ln58_1_reg_2022    |   8|   0|    8|          0|
    |sub_ln58_2_reg_2067    |   9|   0|    9|          0|
    |sub_ln58_3_reg_2092    |   9|   0|    9|          0|
    |sub_ln58_4_reg_2117    |   9|   0|    9|          0|
    |sub_ln58_5_reg_2132    |   9|   0|    9|          0|
    |sub_ln58_6_reg_2152    |   9|   0|    9|          0|
    |sub_ln58_7_reg_2157    |   9|   0|    9|          0|
    |sub_ln58_8_reg_2172    |   9|   0|    9|          0|
    |sub_ln58_reg_1986      |   9|   0|    9|          0|
    |sub_ln73_14_reg_1976   |   8|   0|    8|          0|
    |zext_ln58_reg_1981     |   8|   0|    9|          1|
    +-----------------------+----+----+-----+-----------+
    |Total                  | 874|   0|  875|          1|
    +-----------------------+----+----+-----+-----------+



================================================================
== Interface
================================================================
* Summary: 
+-------------+-----+-----+------------+-----------------------------------------------------------------------------+--------------+
|  RTL Ports  | Dir | Bits|  Protocol  |                                Source Object                                |    C Type    |
+-------------+-----+-----+------------+-----------------------------------------------------------------------------+--------------+
|ap_clk       |   in|    1|  ap_ctrl_hs|  dense_latency<ap_ufixed<7, 1, 4, 0, 0>, ap_fixed<13, 7, 4, 0, 0>, config81>|  return value|
|ap_rst       |   in|    1|  ap_ctrl_hs|  dense_latency<ap_ufixed<7, 1, 4, 0, 0>, ap_fixed<13, 7, 4, 0, 0>, config81>|  return value|
|ap_return_0  |  out|   13|  ap_ctrl_hs|  dense_latency<ap_ufixed<7, 1, 4, 0, 0>, ap_fixed<13, 7, 4, 0, 0>, config81>|  return value|
|ap_return_1  |  out|   13|  ap_ctrl_hs|  dense_latency<ap_ufixed<7, 1, 4, 0, 0>, ap_fixed<13, 7, 4, 0, 0>, config81>|  return value|
|ap_return_2  |  out|   13|  ap_ctrl_hs|  dense_latency<ap_ufixed<7, 1, 4, 0, 0>, ap_fixed<13, 7, 4, 0, 0>, config81>|  return value|
|ap_return_3  |  out|   13|  ap_ctrl_hs|  dense_latency<ap_ufixed<7, 1, 4, 0, 0>, ap_fixed<13, 7, 4, 0, 0>, config81>|  return value|
|ap_return_4  |  out|   13|  ap_ctrl_hs|  dense_latency<ap_ufixed<7, 1, 4, 0, 0>, ap_fixed<13, 7, 4, 0, 0>, config81>|  return value|
|data_0_val   |   in|    7|     ap_none|                                                                   data_0_val|        scalar|
|data_1_val   |   in|    7|     ap_none|                                                                   data_1_val|        scalar|
|data_2_val   |   in|    7|     ap_none|                                                                   data_2_val|        scalar|
|data_3_val   |   in|    7|     ap_none|                                                                   data_3_val|        scalar|
|data_4_val   |   in|    7|     ap_none|                                                                   data_4_val|        scalar|
|data_5_val   |   in|    7|     ap_none|                                                                   data_5_val|        scalar|
|data_6_val   |   in|    7|     ap_none|                                                                   data_6_val|        scalar|
|data_7_val   |   in|    7|     ap_none|                                                                   data_7_val|        scalar|
|data_8_val   |   in|    7|     ap_none|                                                                   data_8_val|        scalar|
|data_9_val   |   in|    7|     ap_none|                                                                   data_9_val|        scalar|
|data_10_val  |   in|    7|     ap_none|                                                                  data_10_val|        scalar|
|data_11_val  |   in|    7|     ap_none|                                                                  data_11_val|        scalar|
|data_12_val  |   in|    7|     ap_none|                                                                  data_12_val|        scalar|
|data_13_val  |   in|    7|     ap_none|                                                                  data_13_val|        scalar|
|data_14_val  |   in|    7|     ap_none|                                                                  data_14_val|        scalar|
|data_15_val  |   in|    7|     ap_none|                                                                  data_15_val|        scalar|
|data_16_val  |   in|    7|     ap_none|                                                                  data_16_val|        scalar|
|data_17_val  |   in|    7|     ap_none|                                                                  data_17_val|        scalar|
|data_18_val  |   in|    7|     ap_none|                                                                  data_18_val|        scalar|
|data_19_val  |   in|    7|     ap_none|                                                                  data_19_val|        scalar|
|data_20_val  |   in|    7|     ap_none|                                                                  data_20_val|        scalar|
|data_21_val  |   in|    7|     ap_none|                                                                  data_21_val|        scalar|
|data_22_val  |   in|    7|     ap_none|                                                                  data_22_val|        scalar|
|data_23_val  |   in|    7|     ap_none|                                                                  data_23_val|        scalar|
|data_24_val  |   in|    7|     ap_none|                                                                  data_24_val|        scalar|
|data_25_val  |   in|    7|     ap_none|                                                                  data_25_val|        scalar|
|data_26_val  |   in|    7|     ap_none|                                                                  data_26_val|        scalar|
|data_27_val  |   in|    7|     ap_none|                                                                  data_27_val|        scalar|
|data_28_val  |   in|    7|     ap_none|                                                                  data_28_val|        scalar|
|data_29_val  |   in|    7|     ap_none|                                                                  data_29_val|        scalar|
|data_30_val  |   in|    7|     ap_none|                                                                  data_30_val|        scalar|
|data_31_val  |   in|    7|     ap_none|                                                                  data_31_val|        scalar|
+-------------+-----+-----+------------+-----------------------------------------------------------------------------+--------------+

