

================================================================
== Vitis HLS Report for 'dense_latency_ap_fixed_8_4_4_0_0_ap_fixed_14_7_4_0_0_config3_dense_5'
================================================================
* Date:           Tue Aug  4 11:43:28 2026

* Version:        2023.2 (Build 4023990 on Oct 11 2023)
* Project:        myproject_prj
* Solution:       solution1 (Vivado IP Flow Target)
* Product family: virtexuplus
* Target device:  xcvu13p-flga2577-2-e


================================================================
== Performance Estimates
================================================================
+ Timing: 
    * Summary: 
    +--------+---------+----------+------------+
    |  Clock |  Target | Estimated| Uncertainty|
    +--------+---------+----------+------------+
    |ap_clk  |  2.50 ns|  1.629 ns|     0.68 ns|
    +--------+---------+----------+------------+

+ Latency: 
    * Summary: 
    +---------+---------+----------+----------+-----+-----+---------+
    |  Latency (cycles) |  Latency (absolute) |  Interval | Pipeline|
    |   min   |   max   |    min   |    max   | min | max |   Type  |
    +---------+---------+----------+----------+-----+-----+---------+
    |        1|        1|  2.500 ns|  2.500 ns|    1|    1|      yes|
    +---------+---------+----------+----------+-----+-----+---------+

    + Detail: 
        * Instance: 
        N/A

        * Loop: 
        N/A



================================================================
== Utilization Estimates
================================================================
* Summary: 
+---------------------+---------+-------+---------+---------+------+
|         Name        | BRAM_18K|  DSP  |    FF   |   LUT   | URAM |
+---------------------+---------+-------+---------+---------+------+
|DSP                  |        -|      -|        -|        -|     -|
|Expression           |        -|      -|        0|     2038|     -|
|FIFO                 |        -|      -|        -|        -|     -|
|Instance             |        -|      -|        -|        -|     -|
|Memory               |        -|      -|        -|        -|     -|
|Multiplexer          |        -|      -|        -|      448|     -|
|Register             |        -|      -|      459|        -|     -|
+---------------------+---------+-------+---------+---------+------+
|Total                |        0|      0|      459|     2486|     0|
+---------------------+---------+-------+---------+---------+------+
|Available SLR        |     1344|   3072|   864000|   432000|   320|
+---------------------+---------+-------+---------+---------+------+
|Utilization SLR (%)  |        0|      0|       ~0|       ~0|     0|
+---------------------+---------+-------+---------+---------+------+
|Available            |     5376|  12288|  3456000|  1728000|  1280|
+---------------------+---------+-------+---------+---------+------+
|Utilization (%)      |        0|      0|       ~0|       ~0|     0|
+---------------------+---------+-------+---------+---------+------+

+ Detail: 
    * Instance: 
    N/A

    * DSP: 
    N/A

    * Memory: 
    N/A

    * FIFO: 
    N/A

    * Expression: 
    +--------------------------+----------+----+---+----+------------+------------+
    |       Variable Name      | Operation| DSP| FF| LUT| Bitwidth P0| Bitwidth P1|
    +--------------------------+----------+----+---+----+------------+------------+
    |add_ln111_37_fu_843_p2    |         +|   0|  0|  21|          14|           1|
    |add_ln111_38_fu_891_p2    |         +|   0|  0|  21|          14|           1|
    |add_ln111_39_fu_1007_p2   |         +|   0|  0|  21|          14|           1|
    |add_ln111_40_fu_1027_p2   |         +|   0|  0|  21|          14|           1|
    |add_ln111_41_fu_1148_p2   |         +|   0|  0|  21|          14|           1|
    |add_ln111_42_fu_1196_p2   |         +|   0|  0|  21|          14|           1|
    |add_ln111_fu_823_p2       |         +|   0|  0|  21|          14|           1|
    |add_ln58_35837_fu_346_p2  |         +|   0|  0|  22|          22|          16|
    |add_ln58_35838_fu_351_p2  |         +|   0|  0|  22|          22|          22|
    |add_ln58_35839_fu_258_p2  |         +|   0|  0|  29|          22|          22|
    |add_ln58_35840_fu_356_p2  |         +|   0|  0|  22|          22|          17|
    |add_ln58_35841_fu_361_p2  |         +|   0|  0|  22|          22|          22|
    |add_ln58_35842_fu_366_p2  |         +|   0|  0|  28|          21|          16|
    |add_ln58_35843_fu_375_p2  |         +|   0|  0|  29|          22|          22|
    |add_ln58_35844_fu_264_p2  |         +|   0|  0|  29|          22|          22|
    |add_ln58_35845_fu_380_p2  |         +|   0|  0|  22|          22|          15|
    |add_ln58_35846_fu_385_p2  |         +|   0|  0|  22|          22|          22|
    |add_ln58_35847_fu_390_p2  |         +|   0|  0|  28|          21|          18|
    |add_ln58_35848_fu_399_p2  |         +|   0|  0|  29|          22|          22|
    |add_ln58_35849_fu_404_p2  |         +|   0|  0|  28|          21|          17|
    |add_ln58_35850_fu_413_p2  |         +|   0|  0|  29|          22|          22|
    |add_ln58_35851_fu_270_p2  |         +|   0|  0|  28|          21|          21|
    |add_ln58_35852_fu_418_p2  |         +|   0|  0|  22|          22|          17|
    |add_ln58_35853_fu_423_p2  |         +|   0|  0|  22|          22|          22|
    |add_ln58_35854_fu_428_p2  |         +|   0|  0|  28|          21|          17|
    |add_ln58_35855_fu_437_p2  |         +|   0|  0|  29|          22|          22|
    |add_ln58_35856_fu_280_p2  |         +|   0|  0|  28|          21|          16|
    |add_ln58_35857_fu_290_p2  |         +|   0|  0|  29|          22|          22|
    |add_ln58_35858_fu_296_p2  |         +|   0|  0|  28|          21|          13|
    |add_ln58_35859_fu_445_p2  |         +|   0|  0|  29|          22|          22|
    |add_ln58_35860_fu_450_p2  |         +|   0|  0|  28|          21|          13|
    |add_ln58_35861_fu_459_p2  |         +|   0|  0|  29|          22|          22|
    |add_ln58_35862_fu_464_p2  |         +|   0|  0|  22|          22|          14|
    |add_ln58_35863_fu_469_p2  |         +|   0|  0|  22|          22|          22|
    |add_ln58_35864_fu_474_p2  |         +|   0|  0|  22|          22|          13|
    |add_ln58_35865_fu_479_p2  |         +|   0|  0|  22|          22|          22|
    |add_ln58_35866_fu_484_p2  |         +|   0|  0|  28|          21|          15|
    |add_ln58_35867_fu_493_p2  |         +|   0|  0|  29|          22|          22|
    |add_ln58_35868_fu_498_p2  |         +|   0|  0|  22|          22|          17|
    |add_ln58_35869_fu_503_p2  |         +|   0|  0|  22|          22|          22|
    |add_ln58_35870_fu_508_p2  |         +|   0|  0|  28|          21|          17|
    |add_ln58_35871_fu_517_p2  |         +|   0|  0|  29|          22|          22|
    |add_ln58_35872_fu_522_p2  |         +|   0|  0|  22|          22|          17|
    |add_ln58_35873_fu_527_p2  |         +|   0|  0|  22|          22|          22|
    |add_ln58_35874_fu_532_p2  |         +|   0|  0|  22|          22|          14|
    |add_ln58_35875_fu_537_p2  |         +|   0|  0|  22|          22|          22|
    |add_ln58_35876_fu_542_p2  |         +|   0|  0|  28|          21|          16|
    |add_ln58_35877_fu_551_p2  |         +|   0|  0|  29|          22|          22|
    |add_ln58_35878_fu_556_p2  |         +|   0|  0|  22|          22|          16|
    |add_ln58_35879_fu_561_p2  |         +|   0|  0|  22|          22|          22|
    |add_ln58_35880_fu_302_p2  |         +|   0|  0|  28|          21|          17|
    |add_ln58_35881_fu_569_p2  |         +|   0|  0|  29|          22|          22|
    |add_ln58_35882_fu_574_p2  |         +|   0|  0|  28|          21|          17|
    |add_ln58_35883_fu_583_p2  |         +|   0|  0|  29|          22|          22|
    |add_ln58_35884_fu_588_p2  |         +|   0|  0|  28|          21|          17|
    |add_ln58_35885_fu_597_p2  |         +|   0|  0|  29|          22|          22|
    |add_ln58_35886_fu_602_p2  |         +|   0|  0|  22|          22|          15|
    |add_ln58_35887_fu_607_p2  |         +|   0|  0|  22|          22|          22|
    |add_ln58_35888_fu_612_p2  |         +|   0|  0|  22|          22|          16|
    |add_ln58_35889_fu_617_p2  |         +|   0|  0|  22|          22|          22|
    |add_ln58_35890_fu_308_p2  |         +|   0|  0|  22|          22|          22|
    |add_ln58_35891_fu_314_p2  |         +|   0|  0|  22|          22|          22|
    |add_ln58_35892_fu_622_p2  |         +|   0|  0|  28|          21|          15|
    |add_ln58_35893_fu_631_p2  |         +|   0|  0|  29|          22|          22|
    |add_ln58_35894_fu_636_p2  |         +|   0|  0|  28|          21|          18|
    |add_ln58_35895_fu_645_p2  |         +|   0|  0|  29|          22|          22|
    |add_ln58_35896_fu_320_p2  |         +|   0|  0|  28|          21|          15|
    |add_ln58_35897_fu_653_p2  |         +|   0|  0|  29|          22|          22|
    |add_ln58_35898_fu_658_p2  |         +|   0|  0|  28|          21|          18|
    |add_ln58_35899_fu_667_p2  |         +|   0|  0|  29|          22|          22|
    |add_ln58_35900_fu_672_p2  |         +|   0|  0|  28|          21|          17|
    |add_ln58_35901_fu_681_p2  |         +|   0|  0|  29|          22|          22|
    |add_ln58_35902_fu_686_p2  |         +|   0|  0|  22|          22|          15|
    |add_ln58_35903_fu_691_p2  |         +|   0|  0|  22|          22|          22|
    |add_ln58_fu_252_p2        |         +|   0|  0|  29|          22|          22|
    |sub_ln73_1534_fu_190_p2   |         -|   0|  0|  16|           1|           9|
    |sub_ln73_1535_fu_212_p2   |         -|   0|  0|  16|           1|           9|
    |sub_ln73_fu_136_p2        |         -|   0|  0|  16|           1|           9|
    |or_ln111_23_fu_810_p2     |        or|   0|  0|  13|          13|           1|
    |or_ln111_24_fu_907_p2     |        or|   0|  0|  13|          13|           1|
    |or_ln111_25_fu_941_p2     |        or|   0|  0|  13|          13|           1|
    |or_ln111_26_fu_1071_p2    |        or|   0|  0|  13|          13|           1|
    |or_ln111_fu_776_p2        |        or|   0|  0|  13|          13|           1|
    |or_ln58_fu_242_p2         |        or|   0|  0|  21|          21|          12|
    +--------------------------+----------+----+---+----+------------+------------+
    |Total                     |          |   0|  0|2038|        1664|        1358|
    +--------------------------+----------+----+---+----+------------+------------+

    * Multiplexer: 
    +--------------+----+-----------+-----+-----------+
    |     Name     | LUT| Input Size| Bits| Total Bits|
    +--------------+----+-----------+-----+-----------+
    |ap_return_0   |  14|          3|   14|         42|
    |ap_return_1   |  14|          3|   14|         42|
    |ap_return_10  |  14|          3|   14|         42|
    |ap_return_11  |  14|          3|   14|         42|
    |ap_return_12  |  14|          3|   14|         42|
    |ap_return_13  |  14|          3|   14|         42|
    |ap_return_14  |  14|          3|   14|         42|
    |ap_return_15  |  14|          3|   14|         42|
    |ap_return_16  |  14|          3|   14|         42|
    |ap_return_17  |  14|          3|   14|         42|
    |ap_return_18  |  14|          3|   14|         42|
    |ap_return_19  |  14|          3|   14|         42|
    |ap_return_2   |  14|          3|   14|         42|
    |ap_return_20  |  14|          3|   14|         42|
    |ap_return_21  |  14|          3|   14|         42|
    |ap_return_22  |  14|          3|   14|         42|
    |ap_return_23  |  14|          3|   14|         42|
    |ap_return_24  |  14|          3|   14|         42|
    |ap_return_25  |  14|          3|   14|         42|
    |ap_return_26  |  14|          3|   14|         42|
    |ap_return_27  |  14|          3|   14|         42|
    |ap_return_28  |  14|          3|   14|         42|
    |ap_return_29  |  14|          3|   14|         42|
    |ap_return_3   |  14|          3|   14|         42|
    |ap_return_30  |  14|          3|   14|         42|
    |ap_return_31  |  14|          3|   14|         42|
    |ap_return_4   |  14|          3|   14|         42|
    |ap_return_5   |  14|          3|   14|         42|
    |ap_return_6   |  14|          3|   14|         42|
    |ap_return_7   |  14|          3|   14|         42|
    |ap_return_8   |  14|          3|   14|         42|
    |ap_return_9   |  14|          3|   14|         42|
    +--------------+----+-----------+-----+-----------+
    |Total         | 448|         96|  448|       1344|
    +--------------+----+-----------+-----+-----------+

    * Register: 
    +--------------------------+----+----+-----+-----------+
    |           Name           | FF | LUT| Bits| Const Bits|
    +--------------------------+----+----+-----+-----------+
    |add_ln58_35839_reg_1443   |  10|   0|   22|         12|
    |add_ln58_35844_reg_1456   |  10|   0|   22|         12|
    |add_ln58_35858_reg_1475   |   9|   0|   21|         12|
    |add_ln58_35880_reg_1480   |   9|   0|   21|         12|
    |add_ln58_35896_reg_1485   |   9|   0|   21|         12|
    |add_ln58_reg_1429         |  10|   0|   22|         12|
    |ap_ce_reg                 |   1|   0|    1|          0|
    |ap_return_0_int_reg       |  11|   0|   14|          3|
    |ap_return_10_int_reg      |  11|   0|   14|          3|
    |ap_return_11_int_reg      |  11|   0|   14|          3|
    |ap_return_12_int_reg      |  11|   0|   14|          3|
    |ap_return_13_int_reg      |  11|   0|   14|          3|
    |ap_return_14_int_reg      |  11|   0|   14|          3|
    |ap_return_15_int_reg      |  11|   0|   14|          3|
    |ap_return_16_int_reg      |  11|   0|   14|          3|
    |ap_return_17_int_reg      |  11|   0|   14|          3|
    |ap_return_18_int_reg      |  11|   0|   14|          3|
    |ap_return_19_int_reg      |  11|   0|   14|          3|
    |ap_return_1_int_reg       |  11|   0|   14|          3|
    |ap_return_20_int_reg      |  11|   0|   14|          3|
    |ap_return_21_int_reg      |  11|   0|   14|          3|
    |ap_return_22_int_reg      |  11|   0|   14|          3|
    |ap_return_23_int_reg      |  11|   0|   14|          3|
    |ap_return_24_int_reg      |  11|   0|   14|          3|
    |ap_return_25_int_reg      |  11|   0|   14|          3|
    |ap_return_26_int_reg      |  11|   0|   14|          3|
    |ap_return_27_int_reg      |  11|   0|   14|          3|
    |ap_return_28_int_reg      |  11|   0|   14|          3|
    |ap_return_29_int_reg      |  11|   0|   14|          3|
    |ap_return_2_int_reg       |  11|   0|   14|          3|
    |ap_return_30_int_reg      |  11|   0|   14|          3|
    |ap_return_31_int_reg      |  11|   0|   14|          3|
    |ap_return_3_int_reg       |  11|   0|   14|          3|
    |ap_return_4_int_reg       |  11|   0|   14|          3|
    |ap_return_5_int_reg       |  11|   0|   14|          3|
    |ap_return_6_int_reg       |  11|   0|   14|          3|
    |ap_return_7_int_reg       |  11|   0|   14|          3|
    |ap_return_8_int_reg       |  11|   0|   14|          3|
    |ap_return_9_int_reg       |  11|   0|   14|          3|
    |sext_ln42_10_reg_1394     |  10|   0|   22|         12|
    |sext_ln58_22254_reg_1467  |  10|   0|   22|         12|
    |sext_ln58_reg_1411        |   9|   0|   21|         12|
    |tmp_reg_1495              |  10|   0|   12|          2|
    |trunc_ln111_127_reg_1490  |  10|   0|   13|          3|
    +--------------------------+----+----+-----+-----------+
    |Total                     | 459|   0|  668|        209|
    +--------------------------+----+----+-----+-----------+



================================================================
== Interface
================================================================
* Summary: 
+--------------+-----+-----+------------+-----------------------------------------------------------------------------------+--------------+
|   RTL Ports  | Dir | Bits|  Protocol  |                                   Source Object                                   |    C Type    |
+--------------+-----+-----+------------+-----------------------------------------------------------------------------------+--------------+
|ap_clk        |   in|    1|  ap_ctrl_hs|  dense_latency<ap_fixed<8, 4, 4, 0, 0>, ap_fixed<14, 7, 4, 0, 0>, config3_dense>.5|  return value|
|ap_rst        |   in|    1|  ap_ctrl_hs|  dense_latency<ap_fixed<8, 4, 4, 0, 0>, ap_fixed<14, 7, 4, 0, 0>, config3_dense>.5|  return value|
|ap_return_0   |  out|   14|  ap_ctrl_hs|  dense_latency<ap_fixed<8, 4, 4, 0, 0>, ap_fixed<14, 7, 4, 0, 0>, config3_dense>.5|  return value|
|ap_return_1   |  out|   14|  ap_ctrl_hs|  dense_latency<ap_fixed<8, 4, 4, 0, 0>, ap_fixed<14, 7, 4, 0, 0>, config3_dense>.5|  return value|
|ap_return_2   |  out|   14|  ap_ctrl_hs|  dense_latency<ap_fixed<8, 4, 4, 0, 0>, ap_fixed<14, 7, 4, 0, 0>, config3_dense>.5|  return value|
|ap_return_3   |  out|   14|  ap_ctrl_hs|  dense_latency<ap_fixed<8, 4, 4, 0, 0>, ap_fixed<14, 7, 4, 0, 0>, config3_dense>.5|  return value|
|ap_return_4   |  out|   14|  ap_ctrl_hs|  dense_latency<ap_fixed<8, 4, 4, 0, 0>, ap_fixed<14, 7, 4, 0, 0>, config3_dense>.5|  return value|
|ap_return_5   |  out|   14|  ap_ctrl_hs|  dense_latency<ap_fixed<8, 4, 4, 0, 0>, ap_fixed<14, 7, 4, 0, 0>, config3_dense>.5|  return value|
|ap_return_6   |  out|   14|  ap_ctrl_hs|  dense_latency<ap_fixed<8, 4, 4, 0, 0>, ap_fixed<14, 7, 4, 0, 0>, config3_dense>.5|  return value|
|ap_return_7   |  out|   14|  ap_ctrl_hs|  dense_latency<ap_fixed<8, 4, 4, 0, 0>, ap_fixed<14, 7, 4, 0, 0>, config3_dense>.5|  return value|
|ap_return_8   |  out|   14|  ap_ctrl_hs|  dense_latency<ap_fixed<8, 4, 4, 0, 0>, ap_fixed<14, 7, 4, 0, 0>, config3_dense>.5|  return value|
|ap_return_9   |  out|   14|  ap_ctrl_hs|  dense_latency<ap_fixed<8, 4, 4, 0, 0>, ap_fixed<14, 7, 4, 0, 0>, config3_dense>.5|  return value|
|ap_return_10  |  out|   14|  ap_ctrl_hs|  dense_latency<ap_fixed<8, 4, 4, 0, 0>, ap_fixed<14, 7, 4, 0, 0>, config3_dense>.5|  return value|
|ap_return_11  |  out|   14|  ap_ctrl_hs|  dense_latency<ap_fixed<8, 4, 4, 0, 0>, ap_fixed<14, 7, 4, 0, 0>, config3_dense>.5|  return value|
|ap_return_12  |  out|   14|  ap_ctrl_hs|  dense_latency<ap_fixed<8, 4, 4, 0, 0>, ap_fixed<14, 7, 4, 0, 0>, config3_dense>.5|  return value|
|ap_return_13  |  out|   14|  ap_ctrl_hs|  dense_latency<ap_fixed<8, 4, 4, 0, 0>, ap_fixed<14, 7, 4, 0, 0>, config3_dense>.5|  return value|
|ap_return_14  |  out|   14|  ap_ctrl_hs|  dense_latency<ap_fixed<8, 4, 4, 0, 0>, ap_fixed<14, 7, 4, 0, 0>, config3_dense>.5|  return value|
|ap_return_15  |  out|   14|  ap_ctrl_hs|  dense_latency<ap_fixed<8, 4, 4, 0, 0>, ap_fixed<14, 7, 4, 0, 0>, config3_dense>.5|  return value|
|ap_return_16  |  out|   14|  ap_ctrl_hs|  dense_latency<ap_fixed<8, 4, 4, 0, 0>, ap_fixed<14, 7, 4, 0, 0>, config3_dense>.5|  return value|
|ap_return_17  |  out|   14|  ap_ctrl_hs|  dense_latency<ap_fixed<8, 4, 4, 0, 0>, ap_fixed<14, 7, 4, 0, 0>, config3_dense>.5|  return value|
|ap_return_18  |  out|   14|  ap_ctrl_hs|  dense_latency<ap_fixed<8, 4, 4, 0, 0>, ap_fixed<14, 7, 4, 0, 0>, config3_dense>.5|  return value|
|ap_return_19  |  out|   14|  ap_ctrl_hs|  dense_latency<ap_fixed<8, 4, 4, 0, 0>, ap_fixed<14, 7, 4, 0, 0>, config3_dense>.5|  return value|
|ap_return_20  |  out|   14|  ap_ctrl_hs|  dense_latency<ap_fixed<8, 4, 4, 0, 0>, ap_fixed<14, 7, 4, 0, 0>, config3_dense>.5|  return value|
|ap_return_21  |  out|   14|  ap_ctrl_hs|  dense_latency<ap_fixed<8, 4, 4, 0, 0>, ap_fixed<14, 7, 4, 0, 0>, config3_dense>.5|  return value|
|ap_return_22  |  out|   14|  ap_ctrl_hs|  dense_latency<ap_fixed<8, 4, 4, 0, 0>, ap_fixed<14, 7, 4, 0, 0>, config3_dense>.5|  return value|
|ap_return_23  |  out|   14|  ap_ctrl_hs|  dense_latency<ap_fixed<8, 4, 4, 0, 0>, ap_fixed<14, 7, 4, 0, 0>, config3_dense>.5|  return value|
|ap_return_24  |  out|   14|  ap_ctrl_hs|  dense_latency<ap_fixed<8, 4, 4, 0, 0>, ap_fixed<14, 7, 4, 0, 0>, config3_dense>.5|  return value|
|ap_return_25  |  out|   14|  ap_ctrl_hs|  dense_latency<ap_fixed<8, 4, 4, 0, 0>, ap_fixed<14, 7, 4, 0, 0>, config3_dense>.5|  return value|
|ap_return_26  |  out|   14|  ap_ctrl_hs|  dense_latency<ap_fixed<8, 4, 4, 0, 0>, ap_fixed<14, 7, 4, 0, 0>, config3_dense>.5|  return value|
|ap_return_27  |  out|   14|  ap_ctrl_hs|  dense_latency<ap_fixed<8, 4, 4, 0, 0>, ap_fixed<14, 7, 4, 0, 0>, config3_dense>.5|  return value|
|ap_return_28  |  out|   14|  ap_ctrl_hs|  dense_latency<ap_fixed<8, 4, 4, 0, 0>, ap_fixed<14, 7, 4, 0, 0>, config3_dense>.5|  return value|
|ap_return_29  |  out|   14|  ap_ctrl_hs|  dense_latency<ap_fixed<8, 4, 4, 0, 0>, ap_fixed<14, 7, 4, 0, 0>, config3_dense>.5|  return value|
|ap_return_30  |  out|   14|  ap_ctrl_hs|  dense_latency<ap_fixed<8, 4, 4, 0, 0>, ap_fixed<14, 7, 4, 0, 0>, config3_dense>.5|  return value|
|ap_return_31  |  out|   14|  ap_ctrl_hs|  dense_latency<ap_fixed<8, 4, 4, 0, 0>, ap_fixed<14, 7, 4, 0, 0>, config3_dense>.5|  return value|
|ap_ce         |   in|    1|  ap_ctrl_hs|  dense_latency<ap_fixed<8, 4, 4, 0, 0>, ap_fixed<14, 7, 4, 0, 0>, config3_dense>.5|  return value|
|data_15_val   |   in|    8|     ap_none|                                                                        data_15_val|        scalar|
|data_16_val   |   in|    8|     ap_none|                                                                        data_16_val|        scalar|
|data_17_val   |   in|    8|     ap_none|                                                                        data_17_val|        scalar|
+--------------+-----+-----+------------+-----------------------------------------------------------------------------------+--------------+

