

================================================================
== Vitis HLS Report for 'dense_latency_ap_fixed_8_4_4_0_0_ap_fixed_14_7_4_0_0_config3_dense_4'
================================================================
* Date:           Tue Aug  4 11:43:25 2026

* Version:        2023.2 (Build 4023990 on Oct 11 2023)
* Project:        myproject_prj
* Solution:       solution1 (Vivado IP Flow Target)
* Product family: virtexuplus
* Target device:  xcvu13p-flga2577-2-e


================================================================
== Performance Estimates
================================================================
+ Timing: 
    * Summary: 
    +--------+---------+----------+------------+
    |  Clock |  Target | Estimated| Uncertainty|
    +--------+---------+----------+------------+
    |ap_clk  |  2.50 ns|  1.629 ns|     0.68 ns|
    +--------+---------+----------+------------+

+ Latency: 
    * Summary: 
    +---------+---------+----------+----------+-----+-----+---------+
    |  Latency (cycles) |  Latency (absolute) |  Interval | Pipeline|
    |   min   |   max   |    min   |    max   | min | max |   Type  |
    +---------+---------+----------+----------+-----+-----+---------+
    |        1|        1|  2.500 ns|  2.500 ns|    1|    1|      yes|
    +---------+---------+----------+----------+-----+-----+---------+

    + Detail: 
        * Instance: 
        N/A

        * Loop: 
        N/A



================================================================
== Utilization Estimates
================================================================
* Summary: 
+---------------------+---------+-------+---------+---------+------+
|         Name        | BRAM_18K|  DSP  |    FF   |   LUT   | URAM |
+---------------------+---------+-------+---------+---------+------+
|DSP                  |        -|      -|        -|        -|     -|
|Expression           |        -|      -|        0|     2167|     -|
|FIFO                 |        -|      -|        -|        -|     -|
|Instance             |        -|      -|        -|        -|     -|
|Memory               |        -|      -|        -|        -|     -|
|Multiplexer          |        -|      -|        -|      448|     -|
|Register             |        -|      -|      496|        -|     -|
+---------------------+---------+-------+---------+---------+------+
|Total                |        0|      0|      496|     2615|     0|
+---------------------+---------+-------+---------+---------+------+
|Available SLR        |     1344|   3072|   864000|   432000|   320|
+---------------------+---------+-------+---------+---------+------+
|Utilization SLR (%)  |        0|      0|       ~0|       ~0|     0|
+---------------------+---------+-------+---------+---------+------+
|Available            |     5376|  12288|  3456000|  1728000|  1280|
+---------------------+---------+-------+---------+---------+------+
|Utilization (%)      |        0|      0|       ~0|       ~0|     0|
+---------------------+---------+-------+---------+---------+------+

+ Detail: 
    * Instance: 
    N/A

    * DSP: 
    N/A

    * Memory: 
    N/A

    * FIFO: 
    N/A

    * Expression: 
    +--------------------------+----------+----+---+----+------------+------------+
    |       Variable Name      | Operation| DSP| FF| LUT| Bitwidth P0| Bitwidth P1|
    +--------------------------+----------+----+---+----+------------+------------+
    |add_ln111_43_fu_800_p2    |         +|   0|  0|  21|          14|           1|
    |add_ln111_44_fu_854_p2    |         +|   0|  0|  21|          14|           1|
    |add_ln111_45_fu_863_p2    |         +|   0|  0|  21|          14|           1|
    |add_ln111_46_fu_886_p2    |         +|   0|  0|  21|          14|           1|
    |add_ln111_47_fu_906_p2    |         +|   0|  0|  21|          14|           1|
    |add_ln111_48_fu_926_p2    |         +|   0|  0|  21|          14|           1|
    |add_ln111_49_fu_1022_p2   |         +|   0|  0|  21|          14|           1|
    |add_ln111_50_fu_1056_p2   |         +|   0|  0|  21|          14|           1|
    |add_ln111_51_fu_1175_p2   |         +|   0|  0|  21|          14|           1|
    |add_ln111_52_fu_1229_p2   |         +|   0|  0|  21|          14|           1|
    |add_ln111_fu_746_p2       |         +|   0|  0|  21|          14|           1|
    |add_ln58_35904_fu_400_p2  |         +|   0|  0|  22|          22|          17|
    |add_ln58_35905_fu_405_p2  |         +|   0|  0|  22|          22|          22|
    |add_ln58_35906_fu_268_p2  |         +|   0|  0|  29|          22|          22|
    |add_ln58_35907_fu_410_p2  |         +|   0|  0|  22|          22|          15|
    |add_ln58_35908_fu_415_p2  |         +|   0|  0|  22|          22|          22|
    |add_ln58_35909_fu_420_p2  |         +|   0|  0|  28|          21|          15|
    |add_ln58_35910_fu_429_p2  |         +|   0|  0|  29|          22|          22|
    |add_ln58_35911_fu_274_p2  |         +|   0|  0|  29|          22|          22|
    |add_ln58_35912_fu_434_p2  |         +|   0|  0|  22|          22|          15|
    |add_ln58_35913_fu_439_p2  |         +|   0|  0|  22|          22|          22|
    |add_ln58_35914_fu_280_p2  |         +|   0|  0|  28|          21|          18|
    |add_ln58_35915_fu_447_p2  |         +|   0|  0|  29|          22|          22|
    |add_ln58_35916_fu_452_p2  |         +|   0|  0|  28|          21|          16|
    |add_ln58_35917_fu_461_p2  |         +|   0|  0|  29|          22|          22|
    |add_ln58_35918_fu_286_p2  |         +|   0|  0|  28|          21|          21|
    |add_ln58_35919_fu_466_p2  |         +|   0|  0|  22|          22|          16|
    |add_ln58_35920_fu_471_p2  |         +|   0|  0|  22|          22|          22|
    |add_ln58_35921_fu_296_p2  |         +|   0|  0|  28|          21|          14|
    |add_ln58_35922_fu_479_p2  |         +|   0|  0|  29|          22|          22|
    |add_ln58_35923_fu_302_p2  |         +|   0|  0|  28|          21|          13|
    |add_ln58_35924_fu_312_p2  |         +|   0|  0|  29|          22|          22|
    |add_ln58_35925_fu_484_p2  |         +|   0|  0|  28|          21|          18|
    |add_ln58_35926_fu_493_p2  |         +|   0|  0|  29|          22|          22|
    |add_ln58_35927_fu_318_p2  |         +|   0|  0|  28|          21|          21|
    |add_ln58_35928_fu_328_p2  |         +|   0|  0|  29|          22|          22|
    |add_ln58_35929_fu_498_p2  |         +|   0|  0|  22|          22|          17|
    |add_ln58_35930_fu_503_p2  |         +|   0|  0|  22|          22|          22|
    |add_ln58_35931_fu_508_p2  |         +|   0|  0|  22|          22|          17|
    |add_ln58_35932_fu_513_p2  |         +|   0|  0|  22|          22|          22|
    |add_ln58_35933_fu_518_p2  |         +|   0|  0|  28|          21|          16|
    |add_ln58_35934_fu_527_p2  |         +|   0|  0|  29|          22|          22|
    |add_ln58_35935_fu_532_p2  |         +|   0|  0|  22|          22|          16|
    |add_ln58_35936_fu_537_p2  |         +|   0|  0|  22|          22|          22|
    |add_ln58_35937_fu_542_p2  |         +|   0|  0|  28|          21|          15|
    |add_ln58_35938_fu_551_p2  |         +|   0|  0|  29|          22|          22|
    |add_ln58_35939_fu_556_p2  |         +|   0|  0|  22|          22|          13|
    |add_ln58_35940_fu_561_p2  |         +|   0|  0|  22|          22|          22|
    |add_ln58_35941_fu_566_p2  |         +|   0|  0|  22|          22|          17|
    |add_ln58_35942_fu_571_p2  |         +|   0|  0|  22|          22|          22|
    |add_ln58_35943_fu_334_p2  |         +|   0|  0|  28|          21|          16|
    |add_ln58_35944_fu_579_p2  |         +|   0|  0|  29|          22|          22|
    |add_ln58_35945_fu_584_p2  |         +|   0|  0|  22|          22|          15|
    |add_ln58_35946_fu_589_p2  |         +|   0|  0|  22|          22|          22|
    |add_ln58_35947_fu_340_p2  |         +|   0|  0|  28|          21|          15|
    |add_ln58_35948_fu_597_p2  |         +|   0|  0|  29|          22|          22|
    |add_ln58_35949_fu_602_p2  |         +|   0|  0|  28|          21|          17|
    |add_ln58_35950_fu_611_p2  |         +|   0|  0|  29|          22|          22|
    |add_ln58_35951_fu_616_p2  |         +|   0|  0|  28|          21|          16|
    |add_ln58_35952_fu_625_p2  |         +|   0|  0|  29|          22|          22|
    |add_ln58_35953_fu_346_p2  |         +|   0|  0|  22|          22|          22|
    |add_ln58_35954_fu_352_p2  |         +|   0|  0|  22|          22|          22|
    |add_ln58_35955_fu_630_p2  |         +|   0|  0|  22|          22|          15|
    |add_ln58_35956_fu_635_p2  |         +|   0|  0|  22|          22|          22|
    |add_ln58_35957_fu_640_p2  |         +|   0|  0|  22|          22|          18|
    |add_ln58_35958_fu_645_p2  |         +|   0|  0|  22|          22|          22|
    |add_ln58_35959_fu_650_p2  |         +|   0|  0|  28|          21|          16|
    |add_ln58_35960_fu_659_p2  |         +|   0|  0|  29|          22|          22|
    |add_ln58_35961_fu_358_p2  |         +|   0|  0|  28|          21|          15|
    |add_ln58_35962_fu_667_p2  |         +|   0|  0|  29|          22|          22|
    |add_ln58_35963_fu_672_p2  |         +|   0|  0|  28|          21|          17|
    |add_ln58_35964_fu_681_p2  |         +|   0|  0|  29|          22|          22|
    |add_ln58_35965_fu_686_p2  |         +|   0|  0|  28|          21|          15|
    |add_ln58_35966_fu_695_p2  |         +|   0|  0|  29|          22|          22|
    |add_ln58_35967_fu_364_p2  |         +|   0|  0|  28|          21|          18|
    |add_ln58_35968_fu_703_p2  |         +|   0|  0|  29|          22|          22|
    |add_ln58_35969_fu_708_p2  |         +|   0|  0|  22|          22|          17|
    |add_ln58_35970_fu_713_p2  |         +|   0|  0|  22|          22|          22|
    |add_ln58_fu_262_p2        |         +|   0|  0|  29|          22|          22|
    |sub_ln73_1536_fu_190_p2   |         -|   0|  0|  16|           1|           9|
    |sub_ln73_1537_fu_212_p2   |         -|   0|  0|  16|           1|           9|
    |sub_ln73_fu_136_p2        |         -|   0|  0|  16|           1|           9|
    |or_ln111_27_fu_816_p2     |        or|   0|  0|  13|          13|           1|
    |or_ln111_28_fu_998_p2     |        or|   0|  0|  13|          13|           1|
    |or_ln111_29_fu_1072_p2    |        or|   0|  0|  13|          13|           1|
    |or_ln111_30_fu_1092_p2    |        or|   0|  0|  13|          13|           1|
    |or_ln111_31_fu_1137_p2    |        or|   0|  0|  13|          13|           1|
    |or_ln111_32_fu_1191_p2    |        or|   0|  0|  13|          13|           1|
    |or_ln111_fu_762_p2        |        or|   0|  0|  13|          13|           1|
    |or_ln58_2_fu_252_p2       |        or|   0|  0|  20|          20|          12|
    |or_ln58_fu_242_p2         |        or|   0|  0|  20|          20|           9|
    +--------------------------+----------+----+---+----+------------+------------+
    |Total                     |          |   0|  0|2167|        1765|        1378|
    +--------------------------+----------+----+---+----+------------+------------+

    * Multiplexer: 
    +--------------+----+-----------+-----+-----------+
    |     Name     | LUT| Input Size| Bits| Total Bits|
    +--------------+----+-----------+-----+-----------+
    |ap_return_0   |  14|          3|   14|         42|
    |ap_return_1   |  14|          3|   14|         42|
    |ap_return_10  |  14|          3|   14|         42|
    |ap_return_11  |  14|          3|   14|         42|
    |ap_return_12  |  14|          3|   14|         42|
    |ap_return_13  |  14|          3|   14|         42|
    |ap_return_14  |  14|          3|   14|         42|
    |ap_return_15  |  14|          3|   14|         42|
    |ap_return_16  |  14|          3|   14|         42|
    |ap_return_17  |  14|          3|   14|         42|
    |ap_return_18  |  14|          3|   14|         42|
    |ap_return_19  |  14|          3|   14|         42|
    |ap_return_2   |  14|          3|   14|         42|
    |ap_return_20  |  14|          3|   14|         42|
    |ap_return_21  |  14|          3|   14|         42|
    |ap_return_22  |  14|          3|   14|         42|
    |ap_return_23  |  14|          3|   14|         42|
    |ap_return_24  |  14|          3|   14|         42|
    |ap_return_25  |  14|          3|   14|         42|
    |ap_return_26  |  14|          3|   14|         42|
    |ap_return_27  |  14|          3|   14|         42|
    |ap_return_28  |  14|          3|   14|         42|
    |ap_return_29  |  14|          3|   14|         42|
    |ap_return_3   |  14|          3|   14|         42|
    |ap_return_30  |  14|          3|   14|         42|
    |ap_return_31  |  14|          3|   14|         42|
    |ap_return_4   |  14|          3|   14|         42|
    |ap_return_5   |  14|          3|   14|         42|
    |ap_return_6   |  14|          3|   14|         42|
    |ap_return_7   |  14|          3|   14|         42|
    |ap_return_8   |  14|          3|   14|         42|
    |ap_return_9   |  14|          3|   14|         42|
    +--------------+----+-----------+-----+-----------+
    |Total         | 448|         96|  448|       1344|
    +--------------+----+-----------+-----+-----------+

    * Register: 
    +--------------------------+----+----+-----+-----------+
    |           Name           | FF | LUT| Bits| Const Bits|
    +--------------------------+----+----+-----+-----------+
    |add_ln58_35906_reg_1487   |  10|   0|   22|         12|
    |add_ln58_35911_reg_1499   |  10|   0|   22|         12|
    |add_ln58_35914_reg_1510   |   9|   0|   21|         12|
    |add_ln58_35921_reg_1522   |   9|   0|   21|         12|
    |add_ln58_35943_reg_1527   |   9|   0|   21|         12|
    |add_ln58_35947_reg_1532   |   9|   0|   21|         12|
    |add_ln58_35961_reg_1537   |   9|   0|   21|         12|
    |add_ln58_35967_reg_1542   |   9|   0|   21|         12|
    |add_ln58_reg_1472         |  10|   0|   22|         12|
    |ap_ce_reg                 |   1|   0|    1|          0|
    |ap_return_0_int_reg       |  11|   0|   14|          3|
    |ap_return_10_int_reg      |  11|   0|   14|          3|
    |ap_return_11_int_reg      |  11|   0|   14|          3|
    |ap_return_12_int_reg      |  11|   0|   14|          3|
    |ap_return_13_int_reg      |  11|   0|   14|          3|
    |ap_return_14_int_reg      |  11|   0|   14|          3|
    |ap_return_15_int_reg      |  11|   0|   14|          3|
    |ap_return_16_int_reg      |  11|   0|   14|          3|
    |ap_return_17_int_reg      |  11|   0|   14|          3|
    |ap_return_18_int_reg      |  11|   0|   14|          3|
    |ap_return_19_int_reg      |  11|   0|   14|          3|
    |ap_return_1_int_reg       |  11|   0|   14|          3|
    |ap_return_20_int_reg      |  11|   0|   14|          3|
    |ap_return_21_int_reg      |  11|   0|   14|          3|
    |ap_return_22_int_reg      |  11|   0|   14|          3|
    |ap_return_23_int_reg      |  11|   0|   14|          3|
    |ap_return_24_int_reg      |  11|   0|   14|          3|
    |ap_return_25_int_reg      |  11|   0|   14|          3|
    |ap_return_26_int_reg      |  11|   0|   14|          3|
    |ap_return_27_int_reg      |  11|   0|   14|          3|
    |ap_return_28_int_reg      |  11|   0|   14|          3|
    |ap_return_29_int_reg      |  11|   0|   14|          3|
    |ap_return_2_int_reg       |  11|   0|   14|          3|
    |ap_return_30_int_reg      |  11|   0|   14|          3|
    |ap_return_31_int_reg      |  11|   0|   14|          3|
    |ap_return_3_int_reg       |  11|   0|   14|          3|
    |ap_return_4_int_reg       |  11|   0|   14|          3|
    |ap_return_5_int_reg       |  11|   0|   14|          3|
    |ap_return_6_int_reg       |  11|   0|   14|          3|
    |ap_return_7_int_reg       |  11|   0|   14|          3|
    |ap_return_8_int_reg       |  11|   0|   14|          3|
    |ap_return_9_int_reg       |  11|   0|   14|          3|
    |sext_ln42_12_reg_1441     |  10|   0|   22|         12|
    |sext_ln58_22275_reg_1515  |  10|   0|   22|         12|
    |sext_ln58_reg_1458        |   9|   0|   21|         12|
    |tmp_reg_1557              |  10|   0|   12|          2|
    |trunc_ln111_156_reg_1547  |  10|   0|   13|          3|
    |trunc_ln111_158_reg_1552  |  10|   0|   13|          3|
    +--------------------------+----+----+-----+-----------+
    |Total                     | 496|   0|  744|        248|
    +--------------------------+----+----+-----+-----------+



================================================================
== Interface
================================================================
* Summary: 
+--------------+-----+-----+------------+-----------------------------------------------------------------------------------+--------------+
|   RTL Ports  | Dir | Bits|  Protocol  |                                   Source Object                                   |    C Type    |
+--------------+-----+-----+------------+-----------------------------------------------------------------------------------+--------------+
|ap_clk        |   in|    1|  ap_ctrl_hs|  dense_latency<ap_fixed<8, 4, 4, 0, 0>, ap_fixed<14, 7, 4, 0, 0>, config3_dense>.4|  return value|
|ap_rst        |   in|    1|  ap_ctrl_hs|  dense_latency<ap_fixed<8, 4, 4, 0, 0>, ap_fixed<14, 7, 4, 0, 0>, config3_dense>.4|  return value|
|ap_return_0   |  out|   14|  ap_ctrl_hs|  dense_latency<ap_fixed<8, 4, 4, 0, 0>, ap_fixed<14, 7, 4, 0, 0>, config3_dense>.4|  return value|
|ap_return_1   |  out|   14|  ap_ctrl_hs|  dense_latency<ap_fixed<8, 4, 4, 0, 0>, ap_fixed<14, 7, 4, 0, 0>, config3_dense>.4|  return value|
|ap_return_2   |  out|   14|  ap_ctrl_hs|  dense_latency<ap_fixed<8, 4, 4, 0, 0>, ap_fixed<14, 7, 4, 0, 0>, config3_dense>.4|  return value|
|ap_return_3   |  out|   14|  ap_ctrl_hs|  dense_latency<ap_fixed<8, 4, 4, 0, 0>, ap_fixed<14, 7, 4, 0, 0>, config3_dense>.4|  return value|
|ap_return_4   |  out|   14|  ap_ctrl_hs|  dense_latency<ap_fixed<8, 4, 4, 0, 0>, ap_fixed<14, 7, 4, 0, 0>, config3_dense>.4|  return value|
|ap_return_5   |  out|   14|  ap_ctrl_hs|  dense_latency<ap_fixed<8, 4, 4, 0, 0>, ap_fixed<14, 7, 4, 0, 0>, config3_dense>.4|  return value|
|ap_return_6   |  out|   14|  ap_ctrl_hs|  dense_latency<ap_fixed<8, 4, 4, 0, 0>, ap_fixed<14, 7, 4, 0, 0>, config3_dense>.4|  return value|
|ap_return_7   |  out|   14|  ap_ctrl_hs|  dense_latency<ap_fixed<8, 4, 4, 0, 0>, ap_fixed<14, 7, 4, 0, 0>, config3_dense>.4|  return value|
|ap_return_8   |  out|   14|  ap_ctrl_hs|  dense_latency<ap_fixed<8, 4, 4, 0, 0>, ap_fixed<14, 7, 4, 0, 0>, config3_dense>.4|  return value|
|ap_return_9   |  out|   14|  ap_ctrl_hs|  dense_latency<ap_fixed<8, 4, 4, 0, 0>, ap_fixed<14, 7, 4, 0, 0>, config3_dense>.4|  return value|
|ap_return_10  |  out|   14|  ap_ctrl_hs|  dense_latency<ap_fixed<8, 4, 4, 0, 0>, ap_fixed<14, 7, 4, 0, 0>, config3_dense>.4|  return value|
|ap_return_11  |  out|   14|  ap_ctrl_hs|  dense_latency<ap_fixed<8, 4, 4, 0, 0>, ap_fixed<14, 7, 4, 0, 0>, config3_dense>.4|  return value|
|ap_return_12  |  out|   14|  ap_ctrl_hs|  dense_latency<ap_fixed<8, 4, 4, 0, 0>, ap_fixed<14, 7, 4, 0, 0>, config3_dense>.4|  return value|
|ap_return_13  |  out|   14|  ap_ctrl_hs|  dense_latency<ap_fixed<8, 4, 4, 0, 0>, ap_fixed<14, 7, 4, 0, 0>, config3_dense>.4|  return value|
|ap_return_14  |  out|   14|  ap_ctrl_hs|  dense_latency<ap_fixed<8, 4, 4, 0, 0>, ap_fixed<14, 7, 4, 0, 0>, config3_dense>.4|  return value|
|ap_return_15  |  out|   14|  ap_ctrl_hs|  dense_latency<ap_fixed<8, 4, 4, 0, 0>, ap_fixed<14, 7, 4, 0, 0>, config3_dense>.4|  return value|
|ap_return_16  |  out|   14|  ap_ctrl_hs|  dense_latency<ap_fixed<8, 4, 4, 0, 0>, ap_fixed<14, 7, 4, 0, 0>, config3_dense>.4|  return value|
|ap_return_17  |  out|   14|  ap_ctrl_hs|  dense_latency<ap_fixed<8, 4, 4, 0, 0>, ap_fixed<14, 7, 4, 0, 0>, config3_dense>.4|  return value|
|ap_return_18  |  out|   14|  ap_ctrl_hs|  dense_latency<ap_fixed<8, 4, 4, 0, 0>, ap_fixed<14, 7, 4, 0, 0>, config3_dense>.4|  return value|
|ap_return_19  |  out|   14|  ap_ctrl_hs|  dense_latency<ap_fixed<8, 4, 4, 0, 0>, ap_fixed<14, 7, 4, 0, 0>, config3_dense>.4|  return value|
|ap_return_20  |  out|   14|  ap_ctrl_hs|  dense_latency<ap_fixed<8, 4, 4, 0, 0>, ap_fixed<14, 7, 4, 0, 0>, config3_dense>.4|  return value|
|ap_return_21  |  out|   14|  ap_ctrl_hs|  dense_latency<ap_fixed<8, 4, 4, 0, 0>, ap_fixed<14, 7, 4, 0, 0>, config3_dense>.4|  return value|
|ap_return_22  |  out|   14|  ap_ctrl_hs|  dense_latency<ap_fixed<8, 4, 4, 0, 0>, ap_fixed<14, 7, 4, 0, 0>, config3_dense>.4|  return value|
|ap_return_23  |  out|   14|  ap_ctrl_hs|  dense_latency<ap_fixed<8, 4, 4, 0, 0>, ap_fixed<14, 7, 4, 0, 0>, config3_dense>.4|  return value|
|ap_return_24  |  out|   14|  ap_ctrl_hs|  dense_latency<ap_fixed<8, 4, 4, 0, 0>, ap_fixed<14, 7, 4, 0, 0>, config3_dense>.4|  return value|
|ap_return_25  |  out|   14|  ap_ctrl_hs|  dense_latency<ap_fixed<8, 4, 4, 0, 0>, ap_fixed<14, 7, 4, 0, 0>, config3_dense>.4|  return value|
|ap_return_26  |  out|   14|  ap_ctrl_hs|  dense_latency<ap_fixed<8, 4, 4, 0, 0>, ap_fixed<14, 7, 4, 0, 0>, config3_dense>.4|  return value|
|ap_return_27  |  out|   14|  ap_ctrl_hs|  dense_latency<ap_fixed<8, 4, 4, 0, 0>, ap_fixed<14, 7, 4, 0, 0>, config3_dense>.4|  return value|
|ap_return_28  |  out|   14|  ap_ctrl_hs|  dense_latency<ap_fixed<8, 4, 4, 0, 0>, ap_fixed<14, 7, 4, 0, 0>, config3_dense>.4|  return value|
|ap_return_29  |  out|   14|  ap_ctrl_hs|  dense_latency<ap_fixed<8, 4, 4, 0, 0>, ap_fixed<14, 7, 4, 0, 0>, config3_dense>.4|  return value|
|ap_return_30  |  out|   14|  ap_ctrl_hs|  dense_latency<ap_fixed<8, 4, 4, 0, 0>, ap_fixed<14, 7, 4, 0, 0>, config3_dense>.4|  return value|
|ap_return_31  |  out|   14|  ap_ctrl_hs|  dense_latency<ap_fixed<8, 4, 4, 0, 0>, ap_fixed<14, 7, 4, 0, 0>, config3_dense>.4|  return value|
|ap_ce         |   in|    1|  ap_ctrl_hs|  dense_latency<ap_fixed<8, 4, 4, 0, 0>, ap_fixed<14, 7, 4, 0, 0>, config3_dense>.4|  return value|
|data_12_val   |   in|    8|     ap_none|                                                                        data_12_val|        scalar|
|data_13_val   |   in|    8|     ap_none|                                                                        data_13_val|        scalar|
|data_14_val   |   in|    8|     ap_none|                                                                        data_14_val|        scalar|
+--------------+-----+-----+------------+-----------------------------------------------------------------------------------+--------------+

