

================================================================
== Vitis HLS Report for 'softmax_stable_ap_fixed_ap_ufixed_10_1_4_0_0_softmax_config53_s'
================================================================
* Date:           Tue Aug  4 16:46:40 2026

* Version:        2023.2 (Build 4023990 on Oct 11 2023)
* Project:        myproject_prj
* Solution:       solution1 (Vivado IP Flow Target)
* Product family: virtexuplus
* Target device:  xcvu13p-flga2577-2-e


================================================================
== Performance Estimates
================================================================
+ Timing: 
    * Summary: 
    +--------+---------+----------+------------+
    |  Clock |  Target | Estimated| Uncertainty|
    +--------+---------+----------+------------+
    |ap_clk  |  2.50 ns|  1.769 ns|     0.68 ns|
    +--------+---------+----------+------------+

+ Latency: 
    * Summary: 
    +---------+---------+----------+----------+-----+-----+---------+
    |  Latency (cycles) |  Latency (absolute) |  Interval | Pipeline|
    |   min   |   max   |    min   |    max   | min | max |   Type  |
    +---------+---------+----------+----------+-----+-----+---------+
    |       40|       40|  0.100 us|  0.100 us|    8|    8|      yes|
    +---------+---------+----------+----------+-----+-----+---------+

    + Detail: 
        * Instance: 
        N/A

        * Loop: 
        N/A



================================================================
== Utilization Estimates
================================================================
* Summary: 
+---------------------+---------+-------+---------+---------+------+
|         Name        | BRAM_18K|  DSP  |    FF   |   LUT   | URAM |
+---------------------+---------+-------+---------+---------+------+
|DSP                  |        -|      -|        -|        -|     -|
|Expression           |        -|      -|        0|     4538|     -|
|FIFO                 |        -|      -|        -|        -|     -|
|Instance             |        -|     16|     2736|     1184|     -|
|Memory               |        5|      -|        0|        0|     -|
|Multiplexer          |        -|      -|        -|      263|     -|
|Register             |        -|      -|     2740|        -|     -|
+---------------------+---------+-------+---------+---------+------+
|Total                |        5|     16|     5476|     5985|     0|
+---------------------+---------+-------+---------+---------+------+
|Available SLR        |     1344|   3072|   864000|   432000|   320|
+---------------------+---------+-------+---------+---------+------+
|Utilization SLR (%)  |       ~0|     ~0|       ~0|        1|     0|
+---------------------+---------+-------+---------+---------+------+
|Available            |     5376|  12288|  3456000|  1728000|  1280|
+---------------------+---------+-------+---------+---------+------+
|Utilization (%)      |       ~0|     ~0|       ~0|       ~0|     0|
+---------------------+---------+-------+---------+---------+------+

+ Detail: 
    * Instance: 
    +-----------------------------+----------------------+---------+----+-----+----+-----+
    |           Instance          |        Module        | BRAM_18K| DSP|  FF | LUT| URAM|
    +-----------------------------+----------------------+---------+----+-----+----+-----+
    |mul_20ns_12ns_32_4_1_U62029  |mul_20ns_12ns_32_4_1  |        0|   1|  171|  74|    0|
    |mul_20ns_12ns_32_4_1_U62030  |mul_20ns_12ns_32_4_1  |        0|   1|  171|  74|    0|
    |mul_20ns_12ns_32_4_1_U62031  |mul_20ns_12ns_32_4_1  |        0|   1|  171|  74|    0|
    |mul_20ns_12ns_32_4_1_U62032  |mul_20ns_12ns_32_4_1  |        0|   1|  171|  74|    0|
    |mul_20ns_12ns_32_4_1_U62033  |mul_20ns_12ns_32_4_1  |        0|   1|  171|  74|    0|
    |mul_20ns_12ns_32_4_1_U62034  |mul_20ns_12ns_32_4_1  |        0|   1|  171|  74|    0|
    |mul_20ns_12ns_32_4_1_U62035  |mul_20ns_12ns_32_4_1  |        0|   1|  171|  74|    0|
    |mul_20ns_12ns_32_4_1_U62036  |mul_20ns_12ns_32_4_1  |        0|   1|  171|  74|    0|
    |mul_20ns_12ns_32_4_1_U62037  |mul_20ns_12ns_32_4_1  |        0|   1|  171|  74|    0|
    |mul_20ns_12ns_32_4_1_U62038  |mul_20ns_12ns_32_4_1  |        0|   1|  171|  74|    0|
    |mul_20ns_12ns_32_4_1_U62039  |mul_20ns_12ns_32_4_1  |        0|   1|  171|  74|    0|
    |mul_20ns_12ns_32_4_1_U62040  |mul_20ns_12ns_32_4_1  |        0|   1|  171|  74|    0|
    |mul_20ns_12ns_32_4_1_U62041  |mul_20ns_12ns_32_4_1  |        0|   1|  171|  74|    0|
    |mul_20ns_12ns_32_4_1_U62042  |mul_20ns_12ns_32_4_1  |        0|   1|  171|  74|    0|
    |mul_20ns_12ns_32_4_1_U62043  |mul_20ns_12ns_32_4_1  |        0|   1|  171|  74|    0|
    |mul_20ns_12ns_32_4_1_U62044  |mul_20ns_12ns_32_4_1  |        0|   1|  171|  74|    0|
    +-----------------------------+----------------------+---------+----+-----+----+-----+
    |Total                        |                      |        0|  16| 2736|1184|    0|
    +-----------------------------+----------------------+---------+----+-----+----+-----+

    * DSP: 
    N/A

    * Memory: 
    +----------------+----------------------------------------------------------------------------------+---------+---+----+-----+------+-----+------+-------------+
    |     Memory     |                                      Module                                      | BRAM_18K| FF| LUT| URAM| Words| Bits| Banks| W*Bits*Banks|
    +----------------+----------------------------------------------------------------------------------+---------+---+----+-----+------+-----+------+-------------+
    |exp_table_U     |softmax_stable_ap_fixed_ap_ufixed_10_1_4_0_0_softmax_config19_s_exp_table_1_Rbkb  |        1|  0|   0|    0|  1024|   12|     1|        12288|
    |invert_table_U  |softmax_stable_ap_fixed_ap_ufixed_10_1_4_0_0_softmax_config19_s_invert_table_cud  |        4|  0|   0|    0|  4096|   12|     1|        49152|
    +----------------+----------------------------------------------------------------------------------+---------+---+----+-----+------+-----+------+-------------+
    |Total           |                                                                                  |        5|  0|   0|    0|  5120|   24|     2|        61440|
    +----------------+----------------------------------------------------------------------------------+---------+---+----+-----+------+-----+------+-------------+

    * FIFO: 
    N/A

    * Expression: 
    +----------------------------+----------+----+---+----+------------+------------+
    |        Variable Name       | Operation| DSP| FF| LUT| Bitwidth P0| Bitwidth P1|
    +----------------------------+----------+----+---+----+------------+------------+
    |add_ln248_10_fu_3517_p2     |         +|   0|  0|  17|          10|          10|
    |add_ln248_11_fu_3692_p2     |         +|   0|  0|  17|          10|          10|
    |add_ln248_12_fu_3867_p2     |         +|   0|  0|  17|          10|          10|
    |add_ln248_13_fu_4042_p2     |         +|   0|  0|  17|          10|          10|
    |add_ln248_14_fu_4217_p2     |         +|   0|  0|  17|          10|          10|
    |add_ln248_15_fu_4392_p2     |         +|   0|  0|  17|          10|          10|
    |add_ln248_1_fu_1942_p2      |         +|   0|  0|  17|          10|          10|
    |add_ln248_2_fu_2117_p2      |         +|   0|  0|  17|          10|          10|
    |add_ln248_3_fu_2292_p2      |         +|   0|  0|  17|          10|          10|
    |add_ln248_4_fu_2467_p2      |         +|   0|  0|  17|          10|          10|
    |add_ln248_5_fu_2642_p2      |         +|   0|  0|  17|          10|          10|
    |add_ln248_6_fu_2817_p2      |         +|   0|  0|  17|          10|          10|
    |add_ln248_7_fu_2992_p2      |         +|   0|  0|  17|          10|          10|
    |add_ln248_8_fu_3167_p2      |         +|   0|  0|  17|          10|          10|
    |add_ln248_9_fu_3342_p2      |         +|   0|  0|  17|          10|          10|
    |add_ln248_fu_1767_p2        |         +|   0|  0|  17|          10|          10|
    |add_ln264_fu_4963_p2        |         +|   0|  0|  19|          12|          12|
    |add_ln270_10_fu_6229_p2     |         +|   0|  0|  17|          10|          10|
    |add_ln270_11_fu_6321_p2     |         +|   0|  0|  17|          10|          10|
    |add_ln270_12_fu_6431_p2     |         +|   0|  0|  17|          10|          10|
    |add_ln270_13_fu_6523_p2     |         +|   0|  0|  17|          10|          10|
    |add_ln270_14_fu_6625_p2     |         +|   0|  0|  17|          10|          10|
    |add_ln270_15_fu_6717_p2     |         +|   0|  0|  17|          10|          10|
    |add_ln270_1_fu_5263_p2      |         +|   0|  0|  17|          10|          10|
    |add_ln270_2_fu_5389_p2      |         +|   0|  0|  17|          10|          10|
    |add_ln270_3_fu_5481_p2      |         +|   0|  0|  17|          10|          10|
    |add_ln270_4_fu_5607_p2      |         +|   0|  0|  17|          10|          10|
    |add_ln270_5_fu_5699_p2      |         +|   0|  0|  17|          10|          10|
    |add_ln270_6_fu_5825_p2      |         +|   0|  0|  17|          10|          10|
    |add_ln270_7_fu_5917_p2      |         +|   0|  0|  17|          10|          10|
    |add_ln270_8_fu_6027_p2      |         +|   0|  0|  17|          10|          10|
    |add_ln270_9_fu_6119_p2      |         +|   0|  0|  17|          10|          10|
    |add_ln270_fu_5171_p2        |         +|   0|  0|  17|          10|          10|
    |add_ln51_10_fu_4834_p2      |         +|   0|  0|  29|          22|          22|
    |add_ln51_11_fu_4840_p2      |         +|   0|  0|  28|          21|          21|
    |add_ln51_12_fu_4850_p2      |         +|   0|  0|  28|          21|          21|
    |add_ln51_13_fu_4860_p2      |         +|   0|  0|  29|          22|          22|
    |add_ln51_14_fu_4884_p2      |         +|   0|  0|  30|          23|          23|
    |add_ln51_15_fu_4890_p2      |         +|   0|  0|  30|          23|          23|
    |add_ln51_1_fu_4772_p2       |         +|   0|  0|  28|          21|          21|
    |add_ln51_2_fu_4906_p2       |         +|   0|  0|  31|          24|          24|
    |add_ln51_3_fu_4782_p2       |         +|   0|  0|  29|          22|          22|
    |add_ln51_4_fu_4788_p2       |         +|   0|  0|  28|          21|          21|
    |add_ln51_5_fu_4798_p2       |         +|   0|  0|  28|          21|          21|
    |add_ln51_6_fu_4808_p2       |         +|   0|  0|  29|          22|          22|
    |add_ln51_7_fu_4872_p2       |         +|   0|  0|  30|          23|          23|
    |add_ln51_8_fu_4814_p2       |         +|   0|  0|  28|          21|          21|
    |add_ln51_9_fu_4824_p2       |         +|   0|  0|  28|          21|          21|
    |add_ln51_fu_4762_p2         |         +|   0|  0|  28|          21|          21|
    |sub_ln248_10_fu_1335_p2     |         -|   0|  0|  27|          20|          20|
    |sub_ln248_11_fu_1400_p2     |         -|   0|  0|  27|          20|          20|
    |sub_ln248_12_fu_1465_p2     |         -|   0|  0|  27|          20|          20|
    |sub_ln248_13_fu_1530_p2     |         -|   0|  0|  27|          20|          20|
    |sub_ln248_14_fu_1595_p2     |         -|   0|  0|  27|          20|          20|
    |sub_ln248_15_fu_1660_p2     |         -|   0|  0|  27|          20|          20|
    |sub_ln248_1_fu_750_p2       |         -|   0|  0|  27|          20|          20|
    |sub_ln248_2_fu_815_p2       |         -|   0|  0|  27|          20|          20|
    |sub_ln248_3_fu_880_p2       |         -|   0|  0|  27|          20|          20|
    |sub_ln248_4_fu_945_p2       |         -|   0|  0|  27|          20|          20|
    |sub_ln248_5_fu_1010_p2      |         -|   0|  0|  27|          20|          20|
    |sub_ln248_6_fu_1075_p2      |         -|   0|  0|  27|          20|          20|
    |sub_ln248_7_fu_1140_p2      |         -|   0|  0|  27|          20|          20|
    |sub_ln248_8_fu_1205_p2      |         -|   0|  0|  27|          20|          20|
    |sub_ln248_9_fu_1270_p2      |         -|   0|  0|  27|          20|          20|
    |sub_ln248_fu_685_p2         |         -|   0|  0|  27|          20|          20|
    |and_ln248_100_fu_4262_p2    |       and|   0|  0|   2|           1|           1|
    |and_ln248_101_fu_4274_p2    |       and|   0|  0|   2|           1|           1|
    |and_ln248_102_fu_4296_p2    |       and|   0|  0|   2|           1|           1|
    |and_ln248_103_fu_4302_p2    |       and|   0|  0|   2|           1|           1|
    |and_ln248_104_fu_4320_p2    |       and|   0|  0|   2|           1|           1|
    |and_ln248_105_fu_4382_p2    |       and|   0|  0|   2|           1|           1|
    |and_ln248_106_fu_4412_p2    |       and|   0|  0|   2|           1|           1|
    |and_ln248_107_fu_4437_p2    |       and|   0|  0|   2|           1|           1|
    |and_ln248_108_fu_4449_p2    |       and|   0|  0|   2|           1|           1|
    |and_ln248_109_fu_4471_p2    |       and|   0|  0|   2|           1|           1|
    |and_ln248_10_fu_1999_p2     |       and|   0|  0|   2|           1|           1|
    |and_ln248_110_fu_4477_p2    |       and|   0|  0|   2|           1|           1|
    |and_ln248_111_fu_4495_p2    |       and|   0|  0|   2|           1|           1|
    |and_ln248_11_fu_2021_p2     |       and|   0|  0|   2|           1|           1|
    |and_ln248_12_fu_2027_p2     |       and|   0|  0|   2|           1|           1|
    |and_ln248_13_fu_2045_p2     |       and|   0|  0|   2|           1|           1|
    |and_ln248_14_fu_2107_p2     |       and|   0|  0|   2|           1|           1|
    |and_ln248_15_fu_2137_p2     |       and|   0|  0|   2|           1|           1|
    |and_ln248_16_fu_2162_p2     |       and|   0|  0|   2|           1|           1|
    |and_ln248_17_fu_2174_p2     |       and|   0|  0|   2|           1|           1|
    |and_ln248_18_fu_2196_p2     |       and|   0|  0|   2|           1|           1|
    |and_ln248_19_fu_2202_p2     |       and|   0|  0|   2|           1|           1|
    |and_ln248_1_fu_1787_p2      |       and|   0|  0|   2|           1|           1|
    |and_ln248_20_fu_2220_p2     |       and|   0|  0|   2|           1|           1|
    |and_ln248_21_fu_2282_p2     |       and|   0|  0|   2|           1|           1|
    |and_ln248_22_fu_2312_p2     |       and|   0|  0|   2|           1|           1|
    |and_ln248_23_fu_2337_p2     |       and|   0|  0|   2|           1|           1|
    |and_ln248_24_fu_2349_p2     |       and|   0|  0|   2|           1|           1|
    |and_ln248_25_fu_2371_p2     |       and|   0|  0|   2|           1|           1|
    |and_ln248_26_fu_2377_p2     |       and|   0|  0|   2|           1|           1|
    |and_ln248_27_fu_2395_p2     |       and|   0|  0|   2|           1|           1|
    |and_ln248_28_fu_2457_p2     |       and|   0|  0|   2|           1|           1|
    |and_ln248_29_fu_2487_p2     |       and|   0|  0|   2|           1|           1|
    |and_ln248_2_fu_1812_p2      |       and|   0|  0|   2|           1|           1|
    |and_ln248_30_fu_2512_p2     |       and|   0|  0|   2|           1|           1|
    |and_ln248_31_fu_2524_p2     |       and|   0|  0|   2|           1|           1|
    |and_ln248_32_fu_2546_p2     |       and|   0|  0|   2|           1|           1|
    |and_ln248_33_fu_2552_p2     |       and|   0|  0|   2|           1|           1|
    |and_ln248_34_fu_2570_p2     |       and|   0|  0|   2|           1|           1|
    |and_ln248_35_fu_2632_p2     |       and|   0|  0|   2|           1|           1|
    |and_ln248_36_fu_2662_p2     |       and|   0|  0|   2|           1|           1|
    |and_ln248_37_fu_2687_p2     |       and|   0|  0|   2|           1|           1|
    |and_ln248_38_fu_2699_p2     |       and|   0|  0|   2|           1|           1|
    |and_ln248_39_fu_2721_p2     |       and|   0|  0|   2|           1|           1|
    |and_ln248_3_fu_1824_p2      |       and|   0|  0|   2|           1|           1|
    |and_ln248_40_fu_2727_p2     |       and|   0|  0|   2|           1|           1|
    |and_ln248_41_fu_2745_p2     |       and|   0|  0|   2|           1|           1|
    |and_ln248_42_fu_2807_p2     |       and|   0|  0|   2|           1|           1|
    |and_ln248_43_fu_2837_p2     |       and|   0|  0|   2|           1|           1|
    |and_ln248_44_fu_2862_p2     |       and|   0|  0|   2|           1|           1|
    |and_ln248_45_fu_2874_p2     |       and|   0|  0|   2|           1|           1|
    |and_ln248_46_fu_2896_p2     |       and|   0|  0|   2|           1|           1|
    |and_ln248_47_fu_2902_p2     |       and|   0|  0|   2|           1|           1|
    |and_ln248_48_fu_2920_p2     |       and|   0|  0|   2|           1|           1|
    |and_ln248_49_fu_2982_p2     |       and|   0|  0|   2|           1|           1|
    |and_ln248_4_fu_1846_p2      |       and|   0|  0|   2|           1|           1|
    |and_ln248_50_fu_3012_p2     |       and|   0|  0|   2|           1|           1|
    |and_ln248_51_fu_3037_p2     |       and|   0|  0|   2|           1|           1|
    |and_ln248_52_fu_3049_p2     |       and|   0|  0|   2|           1|           1|
    |and_ln248_53_fu_3071_p2     |       and|   0|  0|   2|           1|           1|
    |and_ln248_54_fu_3077_p2     |       and|   0|  0|   2|           1|           1|
    |and_ln248_55_fu_3095_p2     |       and|   0|  0|   2|           1|           1|
    |and_ln248_56_fu_3157_p2     |       and|   0|  0|   2|           1|           1|
    |and_ln248_57_fu_3187_p2     |       and|   0|  0|   2|           1|           1|
    |and_ln248_58_fu_3212_p2     |       and|   0|  0|   2|           1|           1|
    |and_ln248_59_fu_3224_p2     |       and|   0|  0|   2|           1|           1|
    |and_ln248_5_fu_1852_p2      |       and|   0|  0|   2|           1|           1|
    |and_ln248_60_fu_3246_p2     |       and|   0|  0|   2|           1|           1|
    |and_ln248_61_fu_3252_p2     |       and|   0|  0|   2|           1|           1|
    |and_ln248_62_fu_3270_p2     |       and|   0|  0|   2|           1|           1|
    |and_ln248_63_fu_3332_p2     |       and|   0|  0|   2|           1|           1|
    |and_ln248_64_fu_3362_p2     |       and|   0|  0|   2|           1|           1|
    |and_ln248_65_fu_3387_p2     |       and|   0|  0|   2|           1|           1|
    |and_ln248_66_fu_3399_p2     |       and|   0|  0|   2|           1|           1|
    |and_ln248_67_fu_3421_p2     |       and|   0|  0|   2|           1|           1|
    |and_ln248_68_fu_3427_p2     |       and|   0|  0|   2|           1|           1|
    |and_ln248_69_fu_3445_p2     |       and|   0|  0|   2|           1|           1|
    |and_ln248_6_fu_1870_p2      |       and|   0|  0|   2|           1|           1|
    |and_ln248_70_fu_3507_p2     |       and|   0|  0|   2|           1|           1|
    |and_ln248_71_fu_3537_p2     |       and|   0|  0|   2|           1|           1|
    |and_ln248_72_fu_3562_p2     |       and|   0|  0|   2|           1|           1|
    |and_ln248_73_fu_3574_p2     |       and|   0|  0|   2|           1|           1|
    |and_ln248_74_fu_3596_p2     |       and|   0|  0|   2|           1|           1|
    |and_ln248_75_fu_3602_p2     |       and|   0|  0|   2|           1|           1|
    |and_ln248_76_fu_3620_p2     |       and|   0|  0|   2|           1|           1|
    |and_ln248_77_fu_3682_p2     |       and|   0|  0|   2|           1|           1|
    |and_ln248_78_fu_3712_p2     |       and|   0|  0|   2|           1|           1|
    |and_ln248_79_fu_3737_p2     |       and|   0|  0|   2|           1|           1|
    |and_ln248_7_fu_1932_p2      |       and|   0|  0|   2|           1|           1|
    |and_ln248_80_fu_3749_p2     |       and|   0|  0|   2|           1|           1|
    |and_ln248_81_fu_3771_p2     |       and|   0|  0|   2|           1|           1|
    |and_ln248_82_fu_3777_p2     |       and|   0|  0|   2|           1|           1|
    |and_ln248_83_fu_3795_p2     |       and|   0|  0|   2|           1|           1|
    |and_ln248_84_fu_3857_p2     |       and|   0|  0|   2|           1|           1|
    |and_ln248_85_fu_3887_p2     |       and|   0|  0|   2|           1|           1|
    |and_ln248_86_fu_3912_p2     |       and|   0|  0|   2|           1|           1|
    |and_ln248_87_fu_3924_p2     |       and|   0|  0|   2|           1|           1|
    |and_ln248_88_fu_3946_p2     |       and|   0|  0|   2|           1|           1|
    |and_ln248_89_fu_3952_p2     |       and|   0|  0|   2|           1|           1|
    |and_ln248_8_fu_1962_p2      |       and|   0|  0|   2|           1|           1|
    |and_ln248_90_fu_3970_p2     |       and|   0|  0|   2|           1|           1|
    |and_ln248_91_fu_4032_p2     |       and|   0|  0|   2|           1|           1|
    |and_ln248_92_fu_4062_p2     |       and|   0|  0|   2|           1|           1|
    |and_ln248_93_fu_4087_p2     |       and|   0|  0|   2|           1|           1|
    |and_ln248_94_fu_4099_p2     |       and|   0|  0|   2|           1|           1|
    |and_ln248_95_fu_4121_p2     |       and|   0|  0|   2|           1|           1|
    |and_ln248_96_fu_4127_p2     |       and|   0|  0|   2|           1|           1|
    |and_ln248_97_fu_4145_p2     |       and|   0|  0|   2|           1|           1|
    |and_ln248_98_fu_4207_p2     |       and|   0|  0|   2|           1|           1|
    |and_ln248_99_fu_4237_p2     |       and|   0|  0|   2|           1|           1|
    |and_ln248_9_fu_1987_p2      |       and|   0|  0|   2|           1|           1|
    |and_ln248_fu_1757_p2        |       and|   0|  0|   2|           1|           1|
    |and_ln264_1_fu_4983_p2      |       and|   0|  0|   2|           1|           1|
    |and_ln264_fu_4953_p2        |       and|   0|  0|   2|           1|           1|
    |and_ln270_10_fu_5689_p2     |       and|   0|  0|   2|           1|           1|
    |and_ln270_11_fu_5719_p2     |       and|   0|  0|   2|           1|           1|
    |and_ln270_12_fu_5815_p2     |       and|   0|  0|   2|           1|           1|
    |and_ln270_13_fu_5845_p2     |       and|   0|  0|   2|           1|           1|
    |and_ln270_14_fu_5907_p2     |       and|   0|  0|   2|           1|           1|
    |and_ln270_15_fu_5937_p2     |       and|   0|  0|   2|           1|           1|
    |and_ln270_16_fu_6017_p2     |       and|   0|  0|   2|           1|           1|
    |and_ln270_17_fu_6047_p2     |       and|   0|  0|   2|           1|           1|
    |and_ln270_18_fu_6109_p2     |       and|   0|  0|   2|           1|           1|
    |and_ln270_19_fu_6139_p2     |       and|   0|  0|   2|           1|           1|
    |and_ln270_1_fu_5191_p2      |       and|   0|  0|   2|           1|           1|
    |and_ln270_20_fu_6219_p2     |       and|   0|  0|   2|           1|           1|
    |and_ln270_21_fu_6249_p2     |       and|   0|  0|   2|           1|           1|
    |and_ln270_22_fu_6311_p2     |       and|   0|  0|   2|           1|           1|
    |and_ln270_23_fu_6341_p2     |       and|   0|  0|   2|           1|           1|
    |and_ln270_24_fu_6421_p2     |       and|   0|  0|   2|           1|           1|
    |and_ln270_25_fu_6451_p2     |       and|   0|  0|   2|           1|           1|
    |and_ln270_26_fu_6513_p2     |       and|   0|  0|   2|           1|           1|
    |and_ln270_27_fu_6543_p2     |       and|   0|  0|   2|           1|           1|
    |and_ln270_28_fu_6615_p2     |       and|   0|  0|   2|           1|           1|
    |and_ln270_29_fu_6645_p2     |       and|   0|  0|   2|           1|           1|
    |and_ln270_2_fu_5253_p2      |       and|   0|  0|   2|           1|           1|
    |and_ln270_30_fu_6707_p2     |       and|   0|  0|   2|           1|           1|
    |and_ln270_31_fu_6737_p2     |       and|   0|  0|   2|           1|           1|
    |and_ln270_3_fu_5283_p2      |       and|   0|  0|   2|           1|           1|
    |and_ln270_4_fu_5379_p2      |       and|   0|  0|   2|           1|           1|
    |and_ln270_5_fu_5409_p2      |       and|   0|  0|   2|           1|           1|
    |and_ln270_6_fu_5471_p2      |       and|   0|  0|   2|           1|           1|
    |and_ln270_7_fu_5501_p2      |       and|   0|  0|   2|           1|           1|
    |and_ln270_8_fu_5597_p2      |       and|   0|  0|   2|           1|           1|
    |and_ln270_9_fu_5627_p2      |       and|   0|  0|   2|           1|           1|
    |and_ln270_fu_5161_p2        |       and|   0|  0|   2|           1|           1|
    |icmp_ln248_10_fu_865_p2     |      icmp|   0|  0|  10|           3|           2|
    |icmp_ln248_11_fu_871_p2     |      icmp|   0|  0|  10|           3|           1|
    |icmp_ln248_12_fu_898_p2     |      icmp|   0|  0|  13|           6|           1|
    |icmp_ln248_13_fu_914_p2     |      icmp|   0|  0|   9|           2|           2|
    |icmp_ln248_14_fu_930_p2     |      icmp|   0|  0|  10|           3|           2|
    |icmp_ln248_15_fu_936_p2     |      icmp|   0|  0|  10|           3|           1|
    |icmp_ln248_16_fu_963_p2     |      icmp|   0|  0|  13|           6|           1|
    |icmp_ln248_17_fu_979_p2     |      icmp|   0|  0|   9|           2|           2|
    |icmp_ln248_18_fu_995_p2     |      icmp|   0|  0|  10|           3|           2|
    |icmp_ln248_19_fu_1001_p2    |      icmp|   0|  0|  10|           3|           1|
    |icmp_ln248_1_fu_719_p2      |      icmp|   0|  0|   9|           2|           2|
    |icmp_ln248_20_fu_1028_p2    |      icmp|   0|  0|  13|           6|           1|
    |icmp_ln248_21_fu_1044_p2    |      icmp|   0|  0|   9|           2|           2|
    |icmp_ln248_22_fu_1060_p2    |      icmp|   0|  0|  10|           3|           2|
    |icmp_ln248_23_fu_1066_p2    |      icmp|   0|  0|  10|           3|           1|
    |icmp_ln248_24_fu_1093_p2    |      icmp|   0|  0|  13|           6|           1|
    |icmp_ln248_25_fu_1109_p2    |      icmp|   0|  0|   9|           2|           2|
    |icmp_ln248_26_fu_1125_p2    |      icmp|   0|  0|  10|           3|           2|
    |icmp_ln248_27_fu_1131_p2    |      icmp|   0|  0|  10|           3|           1|
    |icmp_ln248_28_fu_1158_p2    |      icmp|   0|  0|  13|           6|           1|
    |icmp_ln248_29_fu_1174_p2    |      icmp|   0|  0|   9|           2|           2|
    |icmp_ln248_2_fu_735_p2      |      icmp|   0|  0|  10|           3|           2|
    |icmp_ln248_30_fu_1190_p2    |      icmp|   0|  0|  10|           3|           2|
    |icmp_ln248_31_fu_1196_p2    |      icmp|   0|  0|  10|           3|           1|
    |icmp_ln248_32_fu_1223_p2    |      icmp|   0|  0|  13|           6|           1|
    |icmp_ln248_33_fu_1239_p2    |      icmp|   0|  0|   9|           2|           2|
    |icmp_ln248_34_fu_1255_p2    |      icmp|   0|  0|  10|           3|           2|
    |icmp_ln248_35_fu_1261_p2    |      icmp|   0|  0|  10|           3|           1|
    |icmp_ln248_36_fu_1288_p2    |      icmp|   0|  0|  13|           6|           1|
    |icmp_ln248_37_fu_1304_p2    |      icmp|   0|  0|   9|           2|           2|
    |icmp_ln248_38_fu_1320_p2    |      icmp|   0|  0|  10|           3|           2|
    |icmp_ln248_39_fu_1326_p2    |      icmp|   0|  0|  10|           3|           1|
    |icmp_ln248_3_fu_741_p2      |      icmp|   0|  0|  10|           3|           1|
    |icmp_ln248_40_fu_1353_p2    |      icmp|   0|  0|  13|           6|           1|
    |icmp_ln248_41_fu_1369_p2    |      icmp|   0|  0|   9|           2|           2|
    |icmp_ln248_42_fu_1385_p2    |      icmp|   0|  0|  10|           3|           2|
    |icmp_ln248_43_fu_1391_p2    |      icmp|   0|  0|  10|           3|           1|
    |icmp_ln248_44_fu_1418_p2    |      icmp|   0|  0|  13|           6|           1|
    |icmp_ln248_45_fu_1434_p2    |      icmp|   0|  0|   9|           2|           2|
    |icmp_ln248_46_fu_1450_p2    |      icmp|   0|  0|  10|           3|           2|
    |icmp_ln248_47_fu_1456_p2    |      icmp|   0|  0|  10|           3|           1|
    |icmp_ln248_48_fu_1483_p2    |      icmp|   0|  0|  13|           6|           1|
    |icmp_ln248_49_fu_1499_p2    |      icmp|   0|  0|   9|           2|           2|
    |icmp_ln248_4_fu_768_p2      |      icmp|   0|  0|  13|           6|           1|
    |icmp_ln248_50_fu_1515_p2    |      icmp|   0|  0|  10|           3|           2|
    |icmp_ln248_51_fu_1521_p2    |      icmp|   0|  0|  10|           3|           1|
    |icmp_ln248_52_fu_1548_p2    |      icmp|   0|  0|  13|           6|           1|
    |icmp_ln248_53_fu_1564_p2    |      icmp|   0|  0|   9|           2|           2|
    |icmp_ln248_54_fu_1580_p2    |      icmp|   0|  0|  10|           3|           2|
    |icmp_ln248_55_fu_1586_p2    |      icmp|   0|  0|  10|           3|           1|
    |icmp_ln248_56_fu_1613_p2    |      icmp|   0|  0|  13|           6|           1|
    |icmp_ln248_57_fu_1629_p2    |      icmp|   0|  0|   9|           2|           2|
    |icmp_ln248_58_fu_1645_p2    |      icmp|   0|  0|  10|           3|           2|
    |icmp_ln248_59_fu_1651_p2    |      icmp|   0|  0|  10|           3|           1|
    |icmp_ln248_5_fu_784_p2      |      icmp|   0|  0|   9|           2|           2|
    |icmp_ln248_60_fu_1678_p2    |      icmp|   0|  0|  13|           6|           1|
    |icmp_ln248_61_fu_1694_p2    |      icmp|   0|  0|   9|           2|           2|
    |icmp_ln248_62_fu_1710_p2    |      icmp|   0|  0|  10|           3|           2|
    |icmp_ln248_63_fu_1716_p2    |      icmp|   0|  0|  10|           3|           1|
    |icmp_ln248_6_fu_800_p2      |      icmp|   0|  0|  10|           3|           2|
    |icmp_ln248_7_fu_806_p2      |      icmp|   0|  0|  10|           3|           1|
    |icmp_ln248_8_fu_833_p2      |      icmp|   0|  0|  13|           6|           1|
    |icmp_ln248_9_fu_849_p2      |      icmp|   0|  0|   9|           2|           2|
    |icmp_ln248_fu_703_p2        |      icmp|   0|  0|  13|           6|           1|
    |icmp_ln264_fu_4935_p2       |      icmp|   0|  0|  17|          10|           1|
    |icmp_ln270_10_fu_6166_p2    |      icmp|   0|  0|  27|          20|           1|
    |icmp_ln270_11_fu_6171_p2    |      icmp|   0|  0|  27|          20|           1|
    |icmp_ln270_12_fu_6368_p2    |      icmp|   0|  0|  27|          20|           1|
    |icmp_ln270_13_fu_6373_p2    |      icmp|   0|  0|  27|          20|           1|
    |icmp_ln270_14_fu_6570_p2    |      icmp|   0|  0|  27|          20|           1|
    |icmp_ln270_15_fu_6575_p2    |      icmp|   0|  0|  27|          20|           1|
    |icmp_ln270_1_fu_5097_p2     |      icmp|   0|  0|  27|          20|           1|
    |icmp_ln270_2_fu_5310_p2     |      icmp|   0|  0|  27|          20|           1|
    |icmp_ln270_3_fu_5315_p2     |      icmp|   0|  0|  27|          20|           1|
    |icmp_ln270_4_fu_5528_p2     |      icmp|   0|  0|  27|          20|           1|
    |icmp_ln270_5_fu_5533_p2     |      icmp|   0|  0|  27|          20|           1|
    |icmp_ln270_6_fu_5746_p2     |      icmp|   0|  0|  27|          20|           1|
    |icmp_ln270_7_fu_5751_p2     |      icmp|   0|  0|  27|          20|           1|
    |icmp_ln270_8_fu_5964_p2     |      icmp|   0|  0|  27|          20|           1|
    |icmp_ln270_9_fu_5969_p2     |      icmp|   0|  0|  27|          20|           1|
    |icmp_ln270_fu_5092_p2       |      icmp|   0|  0|  27|          20|           1|
    |icmp_ln66_10_fu_453_p2      |      icmp|   0|  0|  26|          19|          19|
    |icmp_ln66_11_fu_457_p2      |      icmp|   0|  0|  26|          19|          19|
    |icmp_ln66_12_fu_611_p2      |      icmp|   0|  0|  26|          19|          19|
    |icmp_ln66_13_fu_647_p2      |      icmp|   0|  0|  26|          19|          19|
    |icmp_ln66_14_fu_663_p2      |      icmp|   0|  0|  26|          19|          19|
    |icmp_ln66_1_fu_433_p2       |      icmp|   0|  0|  26|          19|          19|
    |icmp_ln66_2_fu_485_p2       |      icmp|   0|  0|  26|          19|          19|
    |icmp_ln66_3_fu_437_p2       |      icmp|   0|  0|  26|          19|          19|
    |icmp_ln66_4_fu_441_p2       |      icmp|   0|  0|  26|          19|          19|
    |icmp_ln66_5_fu_527_p2       |      icmp|   0|  0|  26|          19|          19|
    |icmp_ln66_6_fu_631_p2       |      icmp|   0|  0|  26|          19|          19|
    |icmp_ln66_7_fu_445_p2       |      icmp|   0|  0|  26|          19|          19|
    |icmp_ln66_8_fu_449_p2       |      icmp|   0|  0|  26|          19|          19|
    |icmp_ln66_9_fu_569_p2       |      icmp|   0|  0|  26|          19|          19|
    |icmp_ln66_fu_429_p2         |      icmp|   0|  0|  26|          19|          19|
    |or_ln248_10_fu_2360_p2      |        or|   0|  0|   2|           1|           1|
    |or_ln248_11_fu_2408_p2      |        or|   0|  0|   2|           1|           1|
    |or_ln248_12_fu_2452_p2      |        or|   0|  0|   2|           1|           1|
    |or_ln248_13_fu_2535_p2      |        or|   0|  0|   2|           1|           1|
    |or_ln248_14_fu_2583_p2      |        or|   0|  0|   2|           1|           1|
    |or_ln248_15_fu_2627_p2      |        or|   0|  0|   2|           1|           1|
    |or_ln248_16_fu_2710_p2      |        or|   0|  0|   2|           1|           1|
    |or_ln248_17_fu_2758_p2      |        or|   0|  0|   2|           1|           1|
    |or_ln248_18_fu_2802_p2      |        or|   0|  0|   2|           1|           1|
    |or_ln248_19_fu_2885_p2      |        or|   0|  0|   2|           1|           1|
    |or_ln248_1_fu_1835_p2       |        or|   0|  0|   2|           1|           1|
    |or_ln248_20_fu_2933_p2      |        or|   0|  0|   2|           1|           1|
    |or_ln248_21_fu_2977_p2      |        or|   0|  0|   2|           1|           1|
    |or_ln248_22_fu_3060_p2      |        or|   0|  0|   2|           1|           1|
    |or_ln248_23_fu_3108_p2      |        or|   0|  0|   2|           1|           1|
    |or_ln248_24_fu_3152_p2      |        or|   0|  0|   2|           1|           1|
    |or_ln248_25_fu_3235_p2      |        or|   0|  0|   2|           1|           1|
    |or_ln248_26_fu_3283_p2      |        or|   0|  0|   2|           1|           1|
    |or_ln248_27_fu_3327_p2      |        or|   0|  0|   2|           1|           1|
    |or_ln248_28_fu_3410_p2      |        or|   0|  0|   2|           1|           1|
    |or_ln248_29_fu_3458_p2      |        or|   0|  0|   2|           1|           1|
    |or_ln248_2_fu_1883_p2       |        or|   0|  0|   2|           1|           1|
    |or_ln248_30_fu_3502_p2      |        or|   0|  0|   2|           1|           1|
    |or_ln248_31_fu_3585_p2      |        or|   0|  0|   2|           1|           1|
    |or_ln248_32_fu_3633_p2      |        or|   0|  0|   2|           1|           1|
    |or_ln248_33_fu_3677_p2      |        or|   0|  0|   2|           1|           1|
    |or_ln248_34_fu_3760_p2      |        or|   0|  0|   2|           1|           1|
    |or_ln248_35_fu_3808_p2      |        or|   0|  0|   2|           1|           1|
    |or_ln248_36_fu_3852_p2      |        or|   0|  0|   2|           1|           1|
    |or_ln248_37_fu_3935_p2      |        or|   0|  0|   2|           1|           1|
    |or_ln248_38_fu_3983_p2      |        or|   0|  0|   2|           1|           1|
    |or_ln248_39_fu_4027_p2      |        or|   0|  0|   2|           1|           1|
    |or_ln248_3_fu_1927_p2       |        or|   0|  0|   2|           1|           1|
    |or_ln248_40_fu_4110_p2      |        or|   0|  0|   2|           1|           1|
    |or_ln248_41_fu_4158_p2      |        or|   0|  0|   2|           1|           1|
    |or_ln248_42_fu_4202_p2      |        or|   0|  0|   2|           1|           1|
    |or_ln248_43_fu_4285_p2      |        or|   0|  0|   2|           1|           1|
    |or_ln248_44_fu_4333_p2      |        or|   0|  0|   2|           1|           1|
    |or_ln248_45_fu_4377_p2      |        or|   0|  0|   2|           1|           1|
    |or_ln248_46_fu_4460_p2      |        or|   0|  0|   2|           1|           1|
    |or_ln248_47_fu_4508_p2      |        or|   0|  0|   2|           1|           1|
    |or_ln248_48_fu_1858_p2      |        or|   0|  0|   2|           1|           1|
    |or_ln248_49_fu_2033_p2      |        or|   0|  0|   2|           1|           1|
    |or_ln248_4_fu_2010_p2       |        or|   0|  0|   2|           1|           1|
    |or_ln248_50_fu_2208_p2      |        or|   0|  0|   2|           1|           1|
    |or_ln248_51_fu_2383_p2      |        or|   0|  0|   2|           1|           1|
    |or_ln248_52_fu_2558_p2      |        or|   0|  0|   2|           1|           1|
    |or_ln248_53_fu_2733_p2      |        or|   0|  0|   2|           1|           1|
    |or_ln248_54_fu_2908_p2      |        or|   0|  0|   2|           1|           1|
    |or_ln248_55_fu_3083_p2      |        or|   0|  0|   2|           1|           1|
    |or_ln248_56_fu_3258_p2      |        or|   0|  0|   2|           1|           1|
    |or_ln248_57_fu_3433_p2      |        or|   0|  0|   2|           1|           1|
    |or_ln248_58_fu_3608_p2      |        or|   0|  0|   2|           1|           1|
    |or_ln248_59_fu_3783_p2      |        or|   0|  0|   2|           1|           1|
    |or_ln248_5_fu_2058_p2       |        or|   0|  0|   2|           1|           1|
    |or_ln248_60_fu_3958_p2      |        or|   0|  0|   2|           1|           1|
    |or_ln248_61_fu_4133_p2      |        or|   0|  0|   2|           1|           1|
    |or_ln248_62_fu_4308_p2      |        or|   0|  0|   2|           1|           1|
    |or_ln248_63_fu_4483_p2      |        or|   0|  0|   2|           1|           1|
    |or_ln248_6_fu_2102_p2       |        or|   0|  0|   2|           1|           1|
    |or_ln248_7_fu_2185_p2       |        or|   0|  0|   2|           1|           1|
    |or_ln248_8_fu_2233_p2       |        or|   0|  0|   2|           1|           1|
    |or_ln248_9_fu_2277_p2       |        or|   0|  0|   2|           1|           1|
    |or_ln248_fu_1752_p2         |        or|   0|  0|   2|           1|           1|
    |or_ln264_1_fu_4997_p2       |        or|   0|  0|   2|           1|           1|
    |or_ln264_fu_4947_p2         |        or|   0|  0|   2|           1|           1|
    |or_ln270_10_fu_5684_p2      |        or|   0|  0|   2|           1|           1|
    |or_ln270_11_fu_5732_p2      |        or|   0|  0|   2|           1|           1|
    |or_ln270_12_fu_5810_p2      |        or|   0|  0|   2|           1|           1|
    |or_ln270_13_fu_5858_p2      |        or|   0|  0|   2|           1|           1|
    |or_ln270_14_fu_5902_p2      |        or|   0|  0|   2|           1|           1|
    |or_ln270_15_fu_5950_p2      |        or|   0|  0|   2|           1|           1|
    |or_ln270_16_fu_6012_p2      |        or|   0|  0|   2|           1|           1|
    |or_ln270_17_fu_6060_p2      |        or|   0|  0|   2|           1|           1|
    |or_ln270_18_fu_6104_p2      |        or|   0|  0|   2|           1|           1|
    |or_ln270_19_fu_6152_p2      |        or|   0|  0|   2|           1|           1|
    |or_ln270_1_fu_5204_p2       |        or|   0|  0|   2|           1|           1|
    |or_ln270_20_fu_6214_p2      |        or|   0|  0|   2|           1|           1|
    |or_ln270_21_fu_6262_p2      |        or|   0|  0|   2|           1|           1|
    |or_ln270_22_fu_6306_p2      |        or|   0|  0|   2|           1|           1|
    |or_ln270_23_fu_6354_p2      |        or|   0|  0|   2|           1|           1|
    |or_ln270_24_fu_6416_p2      |        or|   0|  0|   2|           1|           1|
    |or_ln270_25_fu_6464_p2      |        or|   0|  0|   2|           1|           1|
    |or_ln270_26_fu_6508_p2      |        or|   0|  0|   2|           1|           1|
    |or_ln270_27_fu_6556_p2      |        or|   0|  0|   2|           1|           1|
    |or_ln270_28_fu_6610_p2      |        or|   0|  0|   2|           1|           1|
    |or_ln270_29_fu_6658_p2      |        or|   0|  0|   2|           1|           1|
    |or_ln270_2_fu_5248_p2       |        or|   0|  0|   2|           1|           1|
    |or_ln270_30_fu_6702_p2      |        or|   0|  0|   2|           1|           1|
    |or_ln270_31_fu_6750_p2      |        or|   0|  0|   2|           1|           1|
    |or_ln270_3_fu_5296_p2       |        or|   0|  0|   2|           1|           1|
    |or_ln270_4_fu_5374_p2       |        or|   0|  0|   2|           1|           1|
    |or_ln270_5_fu_5422_p2       |        or|   0|  0|   2|           1|           1|
    |or_ln270_6_fu_5466_p2       |        or|   0|  0|   2|           1|           1|
    |or_ln270_7_fu_5514_p2       |        or|   0|  0|   2|           1|           1|
    |or_ln270_8_fu_5592_p2       |        or|   0|  0|   2|           1|           1|
    |or_ln270_9_fu_5640_p2       |        or|   0|  0|   2|           1|           1|
    |or_ln270_fu_5156_p2         |        or|   0|  0|   2|           1|           1|
    |d_xi_xmax_16_fu_2064_p3     |    select|   0|  0|  10|           1|          10|
    |d_xi_xmax_17_fu_2239_p3     |    select|   0|  0|  10|           1|          10|
    |d_xi_xmax_18_fu_2414_p3     |    select|   0|  0|  10|           1|          10|
    |d_xi_xmax_19_fu_2589_p3     |    select|   0|  0|  10|           1|          10|
    |d_xi_xmax_20_fu_2764_p3     |    select|   0|  0|  10|           1|          10|
    |d_xi_xmax_21_fu_2939_p3     |    select|   0|  0|  10|           1|          10|
    |d_xi_xmax_22_fu_3114_p3     |    select|   0|  0|  10|           1|          10|
    |d_xi_xmax_23_fu_3289_p3     |    select|   0|  0|  10|           1|          10|
    |d_xi_xmax_24_fu_3464_p3     |    select|   0|  0|  10|           1|          10|
    |d_xi_xmax_25_fu_3639_p3     |    select|   0|  0|  10|           1|          10|
    |d_xi_xmax_26_fu_3814_p3     |    select|   0|  0|  10|           1|          10|
    |d_xi_xmax_27_fu_3989_p3     |    select|   0|  0|  10|           1|          10|
    |d_xi_xmax_28_fu_4164_p3     |    select|   0|  0|  10|           1|          10|
    |d_xi_xmax_29_fu_4339_p3     |    select|   0|  0|  10|           1|          10|
    |d_xi_xmax_30_fu_4514_p3     |    select|   0|  0|  10|           1|          10|
    |d_xi_xmax_fu_1889_p3        |    select|   0|  0|  10|           1|          10|
    |select_ln248_10_fu_2225_p3  |    select|   0|  0|  11|           1|           9|
    |select_ln248_12_fu_2318_p3  |    select|   0|  0|   2|           1|           1|
    |select_ln248_13_fu_2342_p3  |    select|   0|  0|   2|           1|           1|
    |select_ln248_14_fu_2400_p3  |    select|   0|  0|  11|           1|           9|
    |select_ln248_16_fu_2493_p3  |    select|   0|  0|   2|           1|           1|
    |select_ln248_17_fu_2517_p3  |    select|   0|  0|   2|           1|           1|
    |select_ln248_18_fu_2575_p3  |    select|   0|  0|  11|           1|           9|
    |select_ln248_1_fu_1817_p3   |    select|   0|  0|   2|           1|           1|
    |select_ln248_20_fu_2668_p3  |    select|   0|  0|   2|           1|           1|
    |select_ln248_21_fu_2692_p3  |    select|   0|  0|   2|           1|           1|
    |select_ln248_22_fu_2750_p3  |    select|   0|  0|  11|           1|           9|
    |select_ln248_24_fu_2843_p3  |    select|   0|  0|   2|           1|           1|
    |select_ln248_25_fu_2867_p3  |    select|   0|  0|   2|           1|           1|
    |select_ln248_26_fu_2925_p3  |    select|   0|  0|  11|           1|           9|
    |select_ln248_28_fu_3018_p3  |    select|   0|  0|   2|           1|           1|
    |select_ln248_29_fu_3042_p3  |    select|   0|  0|   2|           1|           1|
    |select_ln248_2_fu_1875_p3   |    select|   0|  0|  11|           1|           9|
    |select_ln248_30_fu_3100_p3  |    select|   0|  0|  11|           1|           9|
    |select_ln248_32_fu_3193_p3  |    select|   0|  0|   2|           1|           1|
    |select_ln248_33_fu_3217_p3  |    select|   0|  0|   2|           1|           1|
    |select_ln248_34_fu_3275_p3  |    select|   0|  0|  11|           1|           9|
    |select_ln248_36_fu_3368_p3  |    select|   0|  0|   2|           1|           1|
    |select_ln248_37_fu_3392_p3  |    select|   0|  0|   2|           1|           1|
    |select_ln248_38_fu_3450_p3  |    select|   0|  0|  11|           1|           9|
    |select_ln248_40_fu_3543_p3  |    select|   0|  0|   2|           1|           1|
    |select_ln248_41_fu_3567_p3  |    select|   0|  0|   2|           1|           1|
    |select_ln248_42_fu_3625_p3  |    select|   0|  0|  11|           1|           9|
    |select_ln248_44_fu_3718_p3  |    select|   0|  0|   2|           1|           1|
    |select_ln248_45_fu_3742_p3  |    select|   0|  0|   2|           1|           1|
    |select_ln248_46_fu_3800_p3  |    select|   0|  0|  11|           1|           9|
    |select_ln248_48_fu_3893_p3  |    select|   0|  0|   2|           1|           1|
    |select_ln248_49_fu_3917_p3  |    select|   0|  0|   2|           1|           1|
    |select_ln248_4_fu_1968_p3   |    select|   0|  0|   2|           1|           1|
    |select_ln248_50_fu_3975_p3  |    select|   0|  0|  11|           1|           9|
    |select_ln248_52_fu_4068_p3  |    select|   0|  0|   2|           1|           1|
    |select_ln248_53_fu_4092_p3  |    select|   0|  0|   2|           1|           1|
    |select_ln248_54_fu_4150_p3  |    select|   0|  0|  11|           1|           9|
    |select_ln248_56_fu_4243_p3  |    select|   0|  0|   2|           1|           1|
    |select_ln248_57_fu_4267_p3  |    select|   0|  0|   2|           1|           1|
    |select_ln248_58_fu_4325_p3  |    select|   0|  0|  11|           1|           9|
    |select_ln248_5_fu_1992_p3   |    select|   0|  0|   2|           1|           1|
    |select_ln248_60_fu_4418_p3  |    select|   0|  0|   2|           1|           1|
    |select_ln248_61_fu_4442_p3  |    select|   0|  0|   2|           1|           1|
    |select_ln248_62_fu_4500_p3  |    select|   0|  0|  11|           1|           9|
    |select_ln248_6_fu_2050_p3   |    select|   0|  0|  11|           1|           9|
    |select_ln248_8_fu_2143_p3   |    select|   0|  0|   2|           1|           1|
    |select_ln248_9_fu_2167_p3   |    select|   0|  0|   2|           1|           1|
    |select_ln248_fu_1793_p3     |    select|   0|  0|   2|           1|           1|
    |select_ln264_fu_5003_p3     |    select|   0|  0|  12|           1|           2|
    |select_ln270_10_fu_6268_p3  |    select|   0|  0|  10|           1|           2|
    |select_ln270_11_fu_6360_p3  |    select|   0|  0|  10|           1|           2|
    |select_ln270_12_fu_6470_p3  |    select|   0|  0|  10|           1|           2|
    |select_ln270_13_fu_6562_p3  |    select|   0|  0|  10|           1|           2|
    |select_ln270_14_fu_6664_p3  |    select|   0|  0|  10|           1|           2|
    |select_ln270_15_fu_6756_p3  |    select|   0|  0|  10|           1|           2|
    |select_ln270_1_fu_5302_p3   |    select|   0|  0|  10|           1|           2|
    |select_ln270_2_fu_5428_p3   |    select|   0|  0|  10|           1|           2|
    |select_ln270_3_fu_5520_p3   |    select|   0|  0|  10|           1|           2|
    |select_ln270_4_fu_5646_p3   |    select|   0|  0|  10|           1|           2|
    |select_ln270_5_fu_5738_p3   |    select|   0|  0|  10|           1|           2|
    |select_ln270_6_fu_5864_p3   |    select|   0|  0|  10|           1|           2|
    |select_ln270_7_fu_5956_p3   |    select|   0|  0|  10|           1|           2|
    |select_ln270_8_fu_6066_p3   |    select|   0|  0|  10|           1|           2|
    |select_ln270_9_fu_6158_p3   |    select|   0|  0|  10|           1|           2|
    |select_ln270_fu_5210_p3     |    select|   0|  0|  10|           1|           2|
    |select_ln66_10_fu_594_p3    |    select|   0|  0|  19|           1|          19|
    |select_ln66_11_fu_605_p3    |    select|   0|  0|  19|           1|          19|
    |select_ln66_12_fu_623_p3    |    select|   0|  0|  19|           1|          19|
    |select_ln66_13_fu_657_p3    |    select|   0|  0|  19|           1|          19|
    |select_ln66_1_fu_479_p3     |    select|   0|  0|  19|           1|          19|
    |select_ln66_2_fu_497_p3     |    select|   0|  0|  19|           1|          19|
    |select_ln66_3_fu_510_p3     |    select|   0|  0|  19|           1|          19|
    |select_ln66_4_fu_521_p3     |    select|   0|  0|  19|           1|          19|
    |select_ln66_5_fu_539_p3     |    select|   0|  0|  19|           1|          19|
    |select_ln66_6_fu_641_p3     |    select|   0|  0|  19|           1|          19|
    |select_ln66_7_fu_552_p3     |    select|   0|  0|  19|           1|          19|
    |select_ln66_8_fu_563_p3     |    select|   0|  0|  19|           1|          19|
    |select_ln66_9_fu_581_p3     |    select|   0|  0|  19|           1|          19|
    |select_ln66_fu_468_p3       |    select|   0|  0|  19|           1|          19|
    |x_max_fu_673_p3             |    select|   0|  0|  19|           1|          19|
    |ap_enable_pp0               |       xor|   0|  0|   2|           1|           2|
    |xor_ln248_10_fu_2191_p2     |       xor|   0|  0|   2|           1|           2|
    |xor_ln248_11_fu_2214_p2     |       xor|   0|  0|   2|           1|           2|
    |xor_ln248_12_fu_2306_p2     |       xor|   0|  0|   2|           1|           2|
    |xor_ln248_13_fu_2354_p2     |       xor|   0|  0|   2|           1|           2|
    |xor_ln248_14_fu_2366_p2     |       xor|   0|  0|   2|           1|           2|
    |xor_ln248_15_fu_2389_p2     |       xor|   0|  0|   2|           1|           2|
    |xor_ln248_16_fu_2481_p2     |       xor|   0|  0|   2|           1|           2|
    |xor_ln248_17_fu_2529_p2     |       xor|   0|  0|   2|           1|           2|
    |xor_ln248_18_fu_2541_p2     |       xor|   0|  0|   2|           1|           2|
    |xor_ln248_19_fu_2564_p2     |       xor|   0|  0|   2|           1|           2|
    |xor_ln248_1_fu_1829_p2      |       xor|   0|  0|   2|           1|           2|
    |xor_ln248_20_fu_2656_p2     |       xor|   0|  0|   2|           1|           2|
    |xor_ln248_21_fu_2704_p2     |       xor|   0|  0|   2|           1|           2|
    |xor_ln248_22_fu_2716_p2     |       xor|   0|  0|   2|           1|           2|
    |xor_ln248_23_fu_2739_p2     |       xor|   0|  0|   2|           1|           2|
    |xor_ln248_24_fu_2831_p2     |       xor|   0|  0|   2|           1|           2|
    |xor_ln248_25_fu_2879_p2     |       xor|   0|  0|   2|           1|           2|
    |xor_ln248_26_fu_2891_p2     |       xor|   0|  0|   2|           1|           2|
    |xor_ln248_27_fu_2914_p2     |       xor|   0|  0|   2|           1|           2|
    |xor_ln248_28_fu_3006_p2     |       xor|   0|  0|   2|           1|           2|
    |xor_ln248_29_fu_3054_p2     |       xor|   0|  0|   2|           1|           2|
    |xor_ln248_2_fu_1841_p2      |       xor|   0|  0|   2|           1|           2|
    |xor_ln248_30_fu_3066_p2     |       xor|   0|  0|   2|           1|           2|
    |xor_ln248_31_fu_3089_p2     |       xor|   0|  0|   2|           1|           2|
    |xor_ln248_32_fu_3181_p2     |       xor|   0|  0|   2|           1|           2|
    |xor_ln248_33_fu_3229_p2     |       xor|   0|  0|   2|           1|           2|
    |xor_ln248_34_fu_3241_p2     |       xor|   0|  0|   2|           1|           2|
    |xor_ln248_35_fu_3264_p2     |       xor|   0|  0|   2|           1|           2|
    |xor_ln248_36_fu_3356_p2     |       xor|   0|  0|   2|           1|           2|
    |xor_ln248_37_fu_3404_p2     |       xor|   0|  0|   2|           1|           2|
    |xor_ln248_38_fu_3416_p2     |       xor|   0|  0|   2|           1|           2|
    |xor_ln248_39_fu_3439_p2     |       xor|   0|  0|   2|           1|           2|
    |xor_ln248_3_fu_1864_p2      |       xor|   0|  0|   2|           1|           2|
    |xor_ln248_40_fu_3531_p2     |       xor|   0|  0|   2|           1|           2|
    |xor_ln248_41_fu_3579_p2     |       xor|   0|  0|   2|           1|           2|
    |xor_ln248_42_fu_3591_p2     |       xor|   0|  0|   2|           1|           2|
    |xor_ln248_43_fu_3614_p2     |       xor|   0|  0|   2|           1|           2|
    |xor_ln248_44_fu_3706_p2     |       xor|   0|  0|   2|           1|           2|
    |xor_ln248_45_fu_3754_p2     |       xor|   0|  0|   2|           1|           2|
    |xor_ln248_46_fu_3766_p2     |       xor|   0|  0|   2|           1|           2|
    |xor_ln248_47_fu_3789_p2     |       xor|   0|  0|   2|           1|           2|
    |xor_ln248_48_fu_3881_p2     |       xor|   0|  0|   2|           1|           2|
    |xor_ln248_49_fu_3929_p2     |       xor|   0|  0|   2|           1|           2|
    |xor_ln248_4_fu_1956_p2      |       xor|   0|  0|   2|           1|           2|
    |xor_ln248_50_fu_3941_p2     |       xor|   0|  0|   2|           1|           2|
    |xor_ln248_51_fu_3964_p2     |       xor|   0|  0|   2|           1|           2|
    |xor_ln248_52_fu_4056_p2     |       xor|   0|  0|   2|           1|           2|
    |xor_ln248_53_fu_4104_p2     |       xor|   0|  0|   2|           1|           2|
    |xor_ln248_54_fu_4116_p2     |       xor|   0|  0|   2|           1|           2|
    |xor_ln248_55_fu_4139_p2     |       xor|   0|  0|   2|           1|           2|
    |xor_ln248_56_fu_4231_p2     |       xor|   0|  0|   2|           1|           2|
    |xor_ln248_57_fu_4279_p2     |       xor|   0|  0|   2|           1|           2|
    |xor_ln248_58_fu_4291_p2     |       xor|   0|  0|   2|           1|           2|
    |xor_ln248_59_fu_4314_p2     |       xor|   0|  0|   2|           1|           2|
    |xor_ln248_5_fu_2004_p2      |       xor|   0|  0|   2|           1|           2|
    |xor_ln248_60_fu_4406_p2     |       xor|   0|  0|   2|           1|           2|
    |xor_ln248_61_fu_4454_p2     |       xor|   0|  0|   2|           1|           2|
    |xor_ln248_62_fu_4466_p2     |       xor|   0|  0|   2|           1|           2|
    |xor_ln248_63_fu_4489_p2     |       xor|   0|  0|   2|           1|           2|
    |xor_ln248_64_fu_1806_p2     |       xor|   0|  0|   2|           1|           2|
    |xor_ln248_65_fu_1981_p2     |       xor|   0|  0|   2|           1|           2|
    |xor_ln248_66_fu_2156_p2     |       xor|   0|  0|   2|           1|           2|
    |xor_ln248_67_fu_2331_p2     |       xor|   0|  0|   2|           1|           2|
    |xor_ln248_68_fu_2506_p2     |       xor|   0|  0|   2|           1|           2|
    |xor_ln248_69_fu_2681_p2     |       xor|   0|  0|   2|           1|           2|
    |xor_ln248_6_fu_2016_p2      |       xor|   0|  0|   2|           1|           2|
    |xor_ln248_70_fu_2856_p2     |       xor|   0|  0|   2|           1|           2|
    |xor_ln248_71_fu_3031_p2     |       xor|   0|  0|   2|           1|           2|
    |xor_ln248_72_fu_3206_p2     |       xor|   0|  0|   2|           1|           2|
    |xor_ln248_73_fu_3381_p2     |       xor|   0|  0|   2|           1|           2|
    |xor_ln248_74_fu_3556_p2     |       xor|   0|  0|   2|           1|           2|
    |xor_ln248_75_fu_3731_p2     |       xor|   0|  0|   2|           1|           2|
    |xor_ln248_76_fu_3906_p2     |       xor|   0|  0|   2|           1|           2|
    |xor_ln248_77_fu_4081_p2     |       xor|   0|  0|   2|           1|           2|
    |xor_ln248_78_fu_4256_p2     |       xor|   0|  0|   2|           1|           2|
    |xor_ln248_79_fu_4431_p2     |       xor|   0|  0|   2|           1|           2|
    |xor_ln248_7_fu_2039_p2      |       xor|   0|  0|   2|           1|           2|
    |xor_ln248_8_fu_2131_p2      |       xor|   0|  0|   2|           1|           2|
    |xor_ln248_9_fu_2179_p2      |       xor|   0|  0|   2|           1|           2|
    |xor_ln248_fu_1781_p2        |       xor|   0|  0|   2|           1|           2|
    |xor_ln264_fu_4977_p2        |       xor|   0|  0|   2|           1|           2|
    |xor_ln270_10_fu_6243_p2     |       xor|   0|  0|   2|           1|           2|
    |xor_ln270_11_fu_6335_p2     |       xor|   0|  0|   2|           1|           2|
    |xor_ln270_12_fu_6445_p2     |       xor|   0|  0|   2|           1|           2|
    |xor_ln270_13_fu_6537_p2     |       xor|   0|  0|   2|           1|           2|
    |xor_ln270_14_fu_6639_p2     |       xor|   0|  0|   2|           1|           2|
    |xor_ln270_15_fu_6731_p2     |       xor|   0|  0|   2|           1|           2|
    |xor_ln270_1_fu_5277_p2      |       xor|   0|  0|   2|           1|           2|
    |xor_ln270_2_fu_5403_p2      |       xor|   0|  0|   2|           1|           2|
    |xor_ln270_3_fu_5495_p2      |       xor|   0|  0|   2|           1|           2|
    |xor_ln270_4_fu_5621_p2      |       xor|   0|  0|   2|           1|           2|
    |xor_ln270_5_fu_5713_p2      |       xor|   0|  0|   2|           1|           2|
    |xor_ln270_6_fu_5839_p2      |       xor|   0|  0|   2|           1|           2|
    |xor_ln270_7_fu_5931_p2      |       xor|   0|  0|   2|           1|           2|
    |xor_ln270_8_fu_6041_p2      |       xor|   0|  0|   2|           1|           2|
    |xor_ln270_9_fu_6133_p2      |       xor|   0|  0|   2|           1|           2|
    |xor_ln270_fu_5185_p2        |       xor|   0|  0|   2|           1|           2|
    |xor_ln66_10_fu_589_p2       |       xor|   0|  0|   2|           1|           2|
    |xor_ln66_11_fu_600_p2       |       xor|   0|  0|   2|           1|           2|
    |xor_ln66_12_fu_617_p2       |       xor|   0|  0|   2|           1|           2|
    |xor_ln66_13_fu_651_p2       |       xor|   0|  0|   2|           1|           2|
    |xor_ln66_14_fu_667_p2       |       xor|   0|  0|   2|           1|           2|
    |xor_ln66_1_fu_474_p2        |       xor|   0|  0|   2|           1|           2|
    |xor_ln66_2_fu_491_p2        |       xor|   0|  0|   2|           1|           2|
    |xor_ln66_3_fu_505_p2        |       xor|   0|  0|   2|           1|           2|
    |xor_ln66_4_fu_516_p2        |       xor|   0|  0|   2|           1|           2|
    |xor_ln66_5_fu_533_p2        |       xor|   0|  0|   2|           1|           2|
    |xor_ln66_6_fu_635_p2        |       xor|   0|  0|   2|           1|           2|
    |xor_ln66_7_fu_547_p2        |       xor|   0|  0|   2|           1|           2|
    |xor_ln66_8_fu_558_p2        |       xor|   0|  0|   2|           1|           2|
    |xor_ln66_9_fu_575_p2        |       xor|   0|  0|   2|           1|           2|
    |xor_ln66_fu_463_p2          |       xor|   0|  0|   2|           1|           2|
    +----------------------------+----------+----+---+----+------------+------------+
    |Total                       |          |   0|  0|4538|        2293|        2524|
    +----------------------------+----------+----+---+----+------------+------------+

    * Multiplexer: 
    +-------------------------+----+-----------+-----+-----------+
    |           Name          | LUT| Input Size| Bits| Total Bits|
    +-------------------------+----+-----------+-----+-----------+
    |ap_NS_fsm                |  49|          9|    1|          9|
    |ap_enable_reg_pp0_iter0  |   9|          2|    1|          2|
    |ap_enable_reg_pp0_iter5  |   9|          2|    1|          2|
    |data_address0            |  49|          9|    4|         36|
    |data_address1            |  49|          9|    4|         36|
    |exp_table_address0       |  49|          9|   10|         90|
    |exp_table_address1       |  49|          9|   10|         90|
    +-------------------------+----+-----------+-----+-----------+
    |Total                    | 263|         49|   31|        265|
    +-------------------------+----+-----------+-----+-----------+

    * Register: 
    +------------------------------------+----+----+-----+-----------+
    |                Name                | FF | LUT| Bits| Const Bits|
    +------------------------------------+----+----+-----+-----------+
    |add_ln51_10_reg_8039                |  14|   0|   22|          8|
    |add_ln51_13_reg_8044                |  14|   0|   22|          8|
    |add_ln51_14_reg_8054                |  15|   0|   23|          8|
    |add_ln51_15_reg_8059                |  15|   0|   23|          8|
    |add_ln51_3_reg_8029                 |  14|   0|   22|          8|
    |add_ln51_6_reg_8034                 |  14|   0|   22|          8|
    |add_ln51_7_reg_8049                 |  15|   0|   23|          8|
    |ap_CS_fsm                           |   8|   0|    8|          0|
    |ap_enable_reg_pp0_iter0_reg         |   1|   0|    1|          0|
    |ap_enable_reg_pp0_iter1             |   1|   0|    1|          0|
    |ap_enable_reg_pp0_iter2             |   1|   0|    1|          0|
    |ap_enable_reg_pp0_iter3             |   1|   0|    1|          0|
    |ap_enable_reg_pp0_iter4             |   1|   0|    1|          0|
    |ap_enable_reg_pp0_iter5             |   1|   0|    1|          0|
    |d_xi_xmax_16_reg_7714               |  10|   0|   10|          0|
    |d_xi_xmax_17_reg_7719               |  10|   0|   10|          0|
    |d_xi_xmax_18_reg_7724               |  10|   0|   10|          0|
    |d_xi_xmax_19_reg_7729               |  10|   0|   10|          0|
    |d_xi_xmax_20_reg_7734               |  10|   0|   10|          0|
    |d_xi_xmax_21_reg_7739               |  10|   0|   10|          0|
    |d_xi_xmax_22_reg_7744               |  10|   0|   10|          0|
    |d_xi_xmax_23_reg_7749               |  10|   0|   10|          0|
    |d_xi_xmax_24_reg_7754               |  10|   0|   10|          0|
    |d_xi_xmax_25_reg_7759               |  10|   0|   10|          0|
    |d_xi_xmax_26_reg_7764               |  10|   0|   10|          0|
    |d_xi_xmax_27_reg_7769               |  10|   0|   10|          0|
    |d_xi_xmax_28_reg_7774               |  10|   0|   10|          0|
    |d_xi_xmax_29_reg_7779               |  10|   0|   10|          0|
    |d_xi_xmax_30_reg_7784               |  10|   0|   10|          0|
    |d_xi_xmax_reg_7709                  |  10|   0|   10|          0|
    |data_load_10_reg_6976               |  19|   0|   19|          0|
    |data_load_11_reg_6983               |  19|   0|   19|          0|
    |data_load_12_reg_7000               |  19|   0|   19|          0|
    |data_load_13_reg_7007               |  19|   0|   19|          0|
    |data_load_14_reg_7059               |  19|   0|   19|          0|
    |data_load_15_reg_7065               |  19|   0|   19|          0|
    |data_load_1_reg_6863                |  19|   0|   19|          0|
    |data_load_1_reg_6863_pp0_iter1_reg  |  19|   0|   19|          0|
    |data_load_2_reg_6880                |  19|   0|   19|          0|
    |data_load_2_reg_6880_pp0_iter1_reg  |  19|   0|   19|          0|
    |data_load_3_reg_6887                |  19|   0|   19|          0|
    |data_load_3_reg_6887_pp0_iter1_reg  |  19|   0|   19|          0|
    |data_load_4_reg_6904                |  19|   0|   19|          0|
    |data_load_4_reg_6904_pp0_iter1_reg  |  19|   0|   19|          0|
    |data_load_5_reg_6911                |  19|   0|   19|          0|
    |data_load_5_reg_6911_pp0_iter1_reg  |  19|   0|   19|          0|
    |data_load_6_reg_6928                |  19|   0|   19|          0|
    |data_load_7_reg_6935                |  19|   0|   19|          0|
    |data_load_8_reg_6952                |  19|   0|   19|          0|
    |data_load_9_reg_6959                |  19|   0|   19|          0|
    |data_load_reg_6856                  |  19|   0|   19|          0|
    |data_load_reg_6856_pp0_iter1_reg    |  19|   0|   19|          0|
    |exp_res_10_reg_8004                 |  12|   0|   20|          8|
    |exp_res_10_reg_8004_pp0_iter3_reg   |  12|   0|   20|          8|
    |exp_res_11_reg_8009                 |  12|   0|   20|          8|
    |exp_res_11_reg_8009_pp0_iter3_reg   |  12|   0|   20|          8|
    |exp_res_12_reg_8014                 |  12|   0|   20|          8|
    |exp_res_12_reg_8014_pp0_iter3_reg   |  12|   0|   20|          8|
    |exp_res_13_reg_8019                 |  12|   0|   20|          8|
    |exp_res_13_reg_8019_pp0_iter3_reg   |  12|   0|   20|          8|
    |exp_res_14_reg_8024                 |  12|   0|   20|          8|
    |exp_res_14_reg_8024_pp0_iter3_reg   |  12|   0|   20|          8|
    |exp_res_15_reg_7999                 |  12|   0|   20|          8|
    |exp_res_15_reg_7999_pp0_iter3_reg   |  12|   0|   20|          8|
    |exp_res_1_reg_7954                  |  12|   0|   20|          8|
    |exp_res_2_reg_7959                  |  12|   0|   20|          8|
    |exp_res_3_reg_7964                  |  12|   0|   20|          8|
    |exp_res_4_reg_7969                  |  12|   0|   20|          8|
    |exp_res_5_reg_7974                  |  12|   0|   20|          8|
    |exp_res_6_reg_7979                  |  12|   0|   20|          8|
    |exp_res_7_reg_7984                  |  12|   0|   20|          8|
    |exp_res_8_reg_7989                  |  12|   0|   20|          8|
    |exp_res_8_reg_7989_pp0_iter3_reg    |  12|   0|   20|          8|
    |exp_res_9_reg_7994                  |  12|   0|   20|          8|
    |exp_res_9_reg_7994_pp0_iter3_reg    |  12|   0|   20|          8|
    |exp_res_reg_7949                    |  12|   0|   20|          8|
    |exp_table_load_10_reg_7899          |  12|   0|   12|          0|
    |exp_table_load_11_reg_7904          |  12|   0|   12|          0|
    |exp_table_load_12_reg_7919          |  12|   0|   12|          0|
    |exp_table_load_13_reg_7924          |  12|   0|   12|          0|
    |exp_table_load_14_reg_7939          |  12|   0|   12|          0|
    |exp_table_load_15_reg_7944          |  12|   0|   12|          0|
    |exp_table_load_1_reg_7804           |  12|   0|   12|          0|
    |exp_table_load_2_reg_7819           |  12|   0|   12|          0|
    |exp_table_load_3_reg_7824           |  12|   0|   12|          0|
    |exp_table_load_4_reg_7839           |  12|   0|   12|          0|
    |exp_table_load_5_reg_7844           |  12|   0|   12|          0|
    |exp_table_load_6_reg_7859           |  12|   0|   12|          0|
    |exp_table_load_7_reg_7864           |  12|   0|   12|          0|
    |exp_table_load_8_reg_7879           |  12|   0|   12|          0|
    |exp_table_load_9_reg_7884           |  12|   0|   12|          0|
    |exp_table_load_reg_7799             |  12|   0|   12|          0|
    |icmp_ln248_10_reg_7216              |   1|   0|    1|          0|
    |icmp_ln248_11_reg_7223              |   1|   0|    1|          0|
    |icmp_ln248_12_reg_7243              |   1|   0|    1|          0|
    |icmp_ln248_13_reg_7248              |   1|   0|    1|          0|
    |icmp_ln248_14_reg_7253              |   1|   0|    1|          0|
    |icmp_ln248_15_reg_7260              |   1|   0|    1|          0|
    |icmp_ln248_16_reg_7280              |   1|   0|    1|          0|
    |icmp_ln248_17_reg_7285              |   1|   0|    1|          0|
    |icmp_ln248_18_reg_7290              |   1|   0|    1|          0|
    |icmp_ln248_19_reg_7297              |   1|   0|    1|          0|
    |icmp_ln248_1_reg_7137               |   1|   0|    1|          0|
    |icmp_ln248_20_reg_7317              |   1|   0|    1|          0|
    |icmp_ln248_21_reg_7322              |   1|   0|    1|          0|
    |icmp_ln248_22_reg_7327              |   1|   0|    1|          0|
    |icmp_ln248_23_reg_7334              |   1|   0|    1|          0|
    |icmp_ln248_24_reg_7354              |   1|   0|    1|          0|
    |icmp_ln248_25_reg_7359              |   1|   0|    1|          0|
    |icmp_ln248_26_reg_7364              |   1|   0|    1|          0|
    |icmp_ln248_27_reg_7371              |   1|   0|    1|          0|
    |icmp_ln248_28_reg_7391              |   1|   0|    1|          0|
    |icmp_ln248_29_reg_7396              |   1|   0|    1|          0|
    |icmp_ln248_2_reg_7142               |   1|   0|    1|          0|
    |icmp_ln248_30_reg_7401              |   1|   0|    1|          0|
    |icmp_ln248_31_reg_7408              |   1|   0|    1|          0|
    |icmp_ln248_32_reg_7428              |   1|   0|    1|          0|
    |icmp_ln248_33_reg_7433              |   1|   0|    1|          0|
    |icmp_ln248_34_reg_7438              |   1|   0|    1|          0|
    |icmp_ln248_35_reg_7445              |   1|   0|    1|          0|
    |icmp_ln248_36_reg_7465              |   1|   0|    1|          0|
    |icmp_ln248_37_reg_7470              |   1|   0|    1|          0|
    |icmp_ln248_38_reg_7475              |   1|   0|    1|          0|
    |icmp_ln248_39_reg_7482              |   1|   0|    1|          0|
    |icmp_ln248_3_reg_7149               |   1|   0|    1|          0|
    |icmp_ln248_40_reg_7502              |   1|   0|    1|          0|
    |icmp_ln248_41_reg_7507              |   1|   0|    1|          0|
    |icmp_ln248_42_reg_7512              |   1|   0|    1|          0|
    |icmp_ln248_43_reg_7519              |   1|   0|    1|          0|
    |icmp_ln248_44_reg_7539              |   1|   0|    1|          0|
    |icmp_ln248_45_reg_7544              |   1|   0|    1|          0|
    |icmp_ln248_46_reg_7549              |   1|   0|    1|          0|
    |icmp_ln248_47_reg_7556              |   1|   0|    1|          0|
    |icmp_ln248_48_reg_7576              |   1|   0|    1|          0|
    |icmp_ln248_49_reg_7581              |   1|   0|    1|          0|
    |icmp_ln248_4_reg_7169               |   1|   0|    1|          0|
    |icmp_ln248_50_reg_7586              |   1|   0|    1|          0|
    |icmp_ln248_51_reg_7593              |   1|   0|    1|          0|
    |icmp_ln248_52_reg_7613              |   1|   0|    1|          0|
    |icmp_ln248_53_reg_7618              |   1|   0|    1|          0|
    |icmp_ln248_54_reg_7623              |   1|   0|    1|          0|
    |icmp_ln248_55_reg_7630              |   1|   0|    1|          0|
    |icmp_ln248_56_reg_7650              |   1|   0|    1|          0|
    |icmp_ln248_57_reg_7655              |   1|   0|    1|          0|
    |icmp_ln248_58_reg_7660              |   1|   0|    1|          0|
    |icmp_ln248_59_reg_7667              |   1|   0|    1|          0|
    |icmp_ln248_5_reg_7174               |   1|   0|    1|          0|
    |icmp_ln248_60_reg_7687              |   1|   0|    1|          0|
    |icmp_ln248_61_reg_7692              |   1|   0|    1|          0|
    |icmp_ln248_62_reg_7697              |   1|   0|    1|          0|
    |icmp_ln248_63_reg_7704              |   1|   0|    1|          0|
    |icmp_ln248_6_reg_7179               |   1|   0|    1|          0|
    |icmp_ln248_7_reg_7186               |   1|   0|    1|          0|
    |icmp_ln248_8_reg_7206               |   1|   0|    1|          0|
    |icmp_ln248_9_reg_7211               |   1|   0|    1|          0|
    |icmp_ln248_reg_7132                 |   1|   0|    1|          0|
    |icmp_ln270_10_reg_8455              |   1|   0|    1|          0|
    |icmp_ln270_11_reg_8460              |   1|   0|    1|          0|
    |icmp_ln270_12_reg_8503              |   1|   0|    1|          0|
    |icmp_ln270_13_reg_8508              |   1|   0|    1|          0|
    |icmp_ln270_14_reg_8551              |   1|   0|    1|          0|
    |icmp_ln270_15_reg_8556              |   1|   0|    1|          0|
    |icmp_ln270_1_reg_8180               |   1|   0|    1|          0|
    |icmp_ln270_2_reg_8233               |   1|   0|    1|          0|
    |icmp_ln270_3_reg_8238               |   1|   0|    1|          0|
    |icmp_ln270_4_reg_8291               |   1|   0|    1|          0|
    |icmp_ln270_5_reg_8296               |   1|   0|    1|          0|
    |icmp_ln270_6_reg_8349               |   1|   0|    1|          0|
    |icmp_ln270_7_reg_8354               |   1|   0|    1|          0|
    |icmp_ln270_8_reg_8407               |   1|   0|    1|          0|
    |icmp_ln270_9_reg_8412               |   1|   0|    1|          0|
    |icmp_ln270_reg_8175                 |   1|   0|    1|          0|
    |icmp_ln66_10_reg_7054               |   1|   0|    1|          0|
    |icmp_ln66_11_reg_7071               |   1|   0|    1|          0|
    |icmp_ln66_1_reg_7029                |   1|   0|    1|          0|
    |icmp_ln66_3_reg_7034                |   1|   0|    1|          0|
    |icmp_ln66_4_reg_7039                |   1|   0|    1|          0|
    |icmp_ln66_7_reg_7044                |   1|   0|    1|          0|
    |icmp_ln66_8_reg_7049                |   1|   0|    1|          0|
    |icmp_ln66_reg_7024                  |   1|   0|    1|          0|
    |inv_exp_sum_reg_8082                |  12|   0|   12|          0|
    |mul_ln270_10_reg_8417               |  32|   0|   32|          0|
    |mul_ln270_11_reg_8431               |  32|   0|   32|          0|
    |mul_ln270_12_reg_8465               |  32|   0|   32|          0|
    |mul_ln270_13_reg_8479               |  32|   0|   32|          0|
    |mul_ln270_14_reg_8513               |  32|   0|   32|          0|
    |mul_ln270_15_reg_8527               |  32|   0|   32|          0|
    |mul_ln270_1_reg_8151                |  32|   0|   32|          0|
    |mul_ln270_2_reg_8185                |  32|   0|   32|          0|
    |mul_ln270_3_reg_8199                |  32|   0|   32|          0|
    |mul_ln270_4_reg_8243                |  32|   0|   32|          0|
    |mul_ln270_5_reg_8257                |  32|   0|   32|          0|
    |mul_ln270_6_reg_8301                |  32|   0|   32|          0|
    |mul_ln270_7_reg_8315                |  32|   0|   32|          0|
    |mul_ln270_8_reg_8359                |  32|   0|   32|          0|
    |mul_ln270_9_reg_8373                |  32|   0|   32|          0|
    |mul_ln270_reg_8137                  |  32|   0|   32|          0|
    |select_ln264_reg_8072               |  12|   0|   12|          0|
    |select_ln270_10_reg_8493            |  10|   0|   10|          0|
    |select_ln270_11_reg_8498            |  10|   0|   10|          0|
    |select_ln270_12_reg_8541            |  10|   0|   10|          0|
    |select_ln270_13_reg_8546            |  10|   0|   10|          0|
    |select_ln270_1_reg_8228             |  10|   0|   10|          0|
    |select_ln270_2_reg_8281             |  10|   0|   10|          0|
    |select_ln270_3_reg_8286             |  10|   0|   10|          0|
    |select_ln270_4_reg_8339             |  10|   0|   10|          0|
    |select_ln270_5_reg_8344             |  10|   0|   10|          0|
    |select_ln270_6_reg_8397             |  10|   0|   10|          0|
    |select_ln270_7_reg_8402             |  10|   0|   10|          0|
    |select_ln270_8_reg_8445             |  10|   0|   10|          0|
    |select_ln270_9_reg_8450             |  10|   0|   10|          0|
    |select_ln270_reg_8223               |  10|   0|   10|          0|
    |select_ln66_12_reg_7094             |  19|   0|   19|          0|
    |select_ln66_13_reg_7106             |  19|   0|   19|          0|
    |select_ln66_2_reg_7076              |  19|   0|   19|          0|
    |select_ln66_5_reg_7082              |  19|   0|   19|          0|
    |select_ln66_6_reg_7100              |  19|   0|   19|          0|
    |select_ln66_9_reg_7088              |  19|   0|   19|          0|
    |sub_ln248_10_reg_7487               |  20|   0|   20|          0|
    |sub_ln248_11_reg_7524               |  20|   0|   20|          0|
    |sub_ln248_12_reg_7561               |  20|   0|   20|          0|
    |sub_ln248_13_reg_7598               |  20|   0|   20|          0|
    |sub_ln248_14_reg_7635               |  20|   0|   20|          0|
    |sub_ln248_15_reg_7672               |  20|   0|   20|          0|
    |sub_ln248_1_reg_7154                |  20|   0|   20|          0|
    |sub_ln248_2_reg_7191                |  20|   0|   20|          0|
    |sub_ln248_3_reg_7228                |  20|   0|   20|          0|
    |sub_ln248_4_reg_7265                |  20|   0|   20|          0|
    |sub_ln248_5_reg_7302                |  20|   0|   20|          0|
    |sub_ln248_6_reg_7339                |  20|   0|   20|          0|
    |sub_ln248_7_reg_7376                |  20|   0|   20|          0|
    |sub_ln248_8_reg_7413                |  20|   0|   20|          0|
    |sub_ln248_9_reg_7450                |  20|   0|   20|          0|
    |sub_ln248_reg_7117                  |  20|   0|   20|          0|
    |tmp_12477_reg_7163                  |   1|   0|    1|          0|
    |tmp_12485_reg_7200                  |   1|   0|    1|          0|
    |tmp_12493_reg_7237                  |   1|   0|    1|          0|
    |tmp_12501_reg_7274                  |   1|   0|    1|          0|
    |tmp_12509_reg_7311                  |   1|   0|    1|          0|
    |tmp_12517_reg_7348                  |   1|   0|    1|          0|
    |tmp_12525_reg_7385                  |   1|   0|    1|          0|
    |tmp_12533_reg_7422                  |   1|   0|    1|          0|
    |tmp_12541_reg_7459                  |   1|   0|    1|          0|
    |tmp_12549_reg_7496                  |   1|   0|    1|          0|
    |tmp_12557_reg_7533                  |   1|   0|    1|          0|
    |tmp_12565_reg_7570                  |   1|   0|    1|          0|
    |tmp_12573_reg_7607                  |   1|   0|    1|          0|
    |tmp_12581_reg_7644                  |   1|   0|    1|          0|
    |tmp_12589_reg_7681                  |   1|   0|    1|          0|
    |tmp_reg_7126                        |   1|   0|    1|          0|
    |trunc_ln264_reg_8067                |   2|   0|   10|          8|
    |trunc_ln270_16_reg_8160             |  20|   0|   20|          0|
    |trunc_ln270_17_reg_8194             |  20|   0|   20|          0|
    |trunc_ln270_18_reg_8208             |  20|   0|   20|          0|
    |trunc_ln270_19_reg_8252             |  20|   0|   20|          0|
    |trunc_ln270_20_reg_8266             |  20|   0|   20|          0|
    |trunc_ln270_21_reg_8310             |  20|   0|   20|          0|
    |trunc_ln270_22_reg_8324             |  20|   0|   20|          0|
    |trunc_ln270_23_reg_8368             |  20|   0|   20|          0|
    |trunc_ln270_24_reg_8382             |  20|   0|   20|          0|
    |trunc_ln270_25_reg_8426             |  20|   0|   20|          0|
    |trunc_ln270_26_reg_8440             |  20|   0|   20|          0|
    |trunc_ln270_27_reg_8474             |  20|   0|   20|          0|
    |trunc_ln270_28_reg_8488             |  20|   0|   20|          0|
    |trunc_ln270_29_reg_8522             |  20|   0|   20|          0|
    |trunc_ln270_30_reg_8536             |  20|   0|   20|          0|
    |trunc_ln270_reg_8146                |  20|   0|   20|          0|
    |x_max_reg_7112                      |  19|   0|   19|          0|
    |zext_ln270_reg_8087                 |  12|   0|   32|         20|
    +------------------------------------+----+----+-----+-----------+
    |Total                               |2740|   0| 3016|        276|
    +------------------------------------+----+----+-----+-----------+



================================================================
== Interface
================================================================
* Summary: 
+---------------+-----+-----+------------+-----------------------------------------------------------------+--------------+
|   RTL Ports   | Dir | Bits|  Protocol  |                          Source Object                          |    C Type    |
+---------------+-----+-----+------------+-----------------------------------------------------------------+--------------+
|ap_clk         |   in|    1|  ap_ctrl_hs|  softmax_stable<ap_fixed,ap_ufixed<10,1,4,0,0>,softmax_config53>|  return value|
|ap_rst         |   in|    1|  ap_ctrl_hs|  softmax_stable<ap_fixed,ap_ufixed<10,1,4,0,0>,softmax_config53>|  return value|
|ap_start       |   in|    1|  ap_ctrl_hs|  softmax_stable<ap_fixed,ap_ufixed<10,1,4,0,0>,softmax_config53>|  return value|
|ap_done        |  out|    1|  ap_ctrl_hs|  softmax_stable<ap_fixed,ap_ufixed<10,1,4,0,0>,softmax_config53>|  return value|
|ap_idle        |  out|    1|  ap_ctrl_hs|  softmax_stable<ap_fixed,ap_ufixed<10,1,4,0,0>,softmax_config53>|  return value|
|ap_ready       |  out|    1|  ap_ctrl_hs|  softmax_stable<ap_fixed,ap_ufixed<10,1,4,0,0>,softmax_config53>|  return value|
|ap_ce          |   in|    1|  ap_ctrl_hs|  softmax_stable<ap_fixed,ap_ufixed<10,1,4,0,0>,softmax_config53>|  return value|
|ap_return_0    |  out|   10|  ap_ctrl_hs|  softmax_stable<ap_fixed,ap_ufixed<10,1,4,0,0>,softmax_config53>|  return value|
|ap_return_1    |  out|   10|  ap_ctrl_hs|  softmax_stable<ap_fixed,ap_ufixed<10,1,4,0,0>,softmax_config53>|  return value|
|ap_return_2    |  out|   10|  ap_ctrl_hs|  softmax_stable<ap_fixed,ap_ufixed<10,1,4,0,0>,softmax_config53>|  return value|
|ap_return_3    |  out|   10|  ap_ctrl_hs|  softmax_stable<ap_fixed,ap_ufixed<10,1,4,0,0>,softmax_config53>|  return value|
|ap_return_4    |  out|   10|  ap_ctrl_hs|  softmax_stable<ap_fixed,ap_ufixed<10,1,4,0,0>,softmax_config53>|  return value|
|ap_return_5    |  out|   10|  ap_ctrl_hs|  softmax_stable<ap_fixed,ap_ufixed<10,1,4,0,0>,softmax_config53>|  return value|
|ap_return_6    |  out|   10|  ap_ctrl_hs|  softmax_stable<ap_fixed,ap_ufixed<10,1,4,0,0>,softmax_config53>|  return value|
|ap_return_7    |  out|   10|  ap_ctrl_hs|  softmax_stable<ap_fixed,ap_ufixed<10,1,4,0,0>,softmax_config53>|  return value|
|ap_return_8    |  out|   10|  ap_ctrl_hs|  softmax_stable<ap_fixed,ap_ufixed<10,1,4,0,0>,softmax_config53>|  return value|
|ap_return_9    |  out|   10|  ap_ctrl_hs|  softmax_stable<ap_fixed,ap_ufixed<10,1,4,0,0>,softmax_config53>|  return value|
|ap_return_10   |  out|   10|  ap_ctrl_hs|  softmax_stable<ap_fixed,ap_ufixed<10,1,4,0,0>,softmax_config53>|  return value|
|ap_return_11   |  out|   10|  ap_ctrl_hs|  softmax_stable<ap_fixed,ap_ufixed<10,1,4,0,0>,softmax_config53>|  return value|
|ap_return_12   |  out|   10|  ap_ctrl_hs|  softmax_stable<ap_fixed,ap_ufixed<10,1,4,0,0>,softmax_config53>|  return value|
|ap_return_13   |  out|   10|  ap_ctrl_hs|  softmax_stable<ap_fixed,ap_ufixed<10,1,4,0,0>,softmax_config53>|  return value|
|ap_return_14   |  out|   10|  ap_ctrl_hs|  softmax_stable<ap_fixed,ap_ufixed<10,1,4,0,0>,softmax_config53>|  return value|
|ap_return_15   |  out|   10|  ap_ctrl_hs|  softmax_stable<ap_fixed,ap_ufixed<10,1,4,0,0>,softmax_config53>|  return value|
|data_address0  |  out|    4|   ap_memory|                                                             data|         array|
|data_ce0       |  out|    1|   ap_memory|                                                             data|         array|
|data_q0        |   in|   19|   ap_memory|                                                             data|         array|
|data_address1  |  out|    4|   ap_memory|                                                             data|         array|
|data_ce1       |  out|    1|   ap_memory|                                                             data|         array|
|data_q1        |   in|   19|   ap_memory|                                                             data|         array|
+---------------+-----+-----+------------+-----------------------------------------------------------------+--------------+

