

================================================================
== Vitis HLS Report for 'thresholded_relu_ap_fixed_ap_ufixed_ap_ufixed_thresholdedrelu_config79_s'
================================================================
* Date:           Tue Aug  4 19:09:03 2026

* Version:        2023.2 (Build 4023990 on Oct 11 2023)
* Project:        myproject_prj
* Solution:       solution1 (Vivado IP Flow Target)
* Product family: virtexuplus
* Target device:  xcvu13p-flga2577-2-e


================================================================
== Performance Estimates
================================================================
+ Timing: 
    * Summary: 
    +--------+---------+----------+------------+
    |  Clock |  Target | Estimated| Uncertainty|
    +--------+---------+----------+------------+
    |ap_clk  |  2.50 ns|  1.699 ns|     0.68 ns|
    +--------+---------+----------+------------+

+ Latency: 
    * Summary: 
    +---------+---------+----------+----------+-----+-----+---------+
    |  Latency (cycles) |  Latency (absolute) |  Interval | Pipeline|
    |   min   |   max   |    min   |    max   | min | max |   Type  |
    +---------+---------+----------+----------+-----+-----+---------+
    |        1|        1|  2.500 ns|  2.500 ns|    1|    1|      yes|
    +---------+---------+----------+----------+-----+-----+---------+

    + Detail: 
        * Instance: 
        N/A

        * Loop: 
        N/A



================================================================
== Utilization Estimates
================================================================
* Summary: 
+---------------------+---------+-------+---------+---------+------+
|         Name        | BRAM_18K|  DSP  |    FF   |   LUT   | URAM |
+---------------------+---------+-------+---------+---------+------+
|DSP                  |        -|      -|        -|        -|     -|
|Expression           |        -|      -|        0|     4480|     -|
|FIFO                 |        -|      -|        -|        -|     -|
|Instance             |        -|      -|        -|        -|     -|
|Memory               |        -|      -|        -|        -|     -|
|Multiplexer          |        -|      -|        -|        -|     -|
|Register             |        -|      -|      352|        -|     -|
+---------------------+---------+-------+---------+---------+------+
|Total                |        0|      0|      352|     4480|     0|
+---------------------+---------+-------+---------+---------+------+
|Available SLR        |     1344|   3072|   864000|   432000|   320|
+---------------------+---------+-------+---------+---------+------+
|Utilization SLR (%)  |        0|      0|       ~0|        1|     0|
+---------------------+---------+-------+---------+---------+------+
|Available            |     5376|  12288|  3456000|  1728000|  1280|
+---------------------+---------+-------+---------+---------+------+
|Utilization (%)      |        0|      0|       ~0|       ~0|     0|
+---------------------+---------+-------+---------+---------+------+

+ Detail: 
    * Instance: 
    N/A

    * DSP: 
    N/A

    * Memory: 
    N/A

    * FIFO: 
    N/A

    * Expression: 
    +-----------------------------+----------+----+---+----+------------+------------+
    |        Variable Name        | Operation| DSP| FF| LUT| Bitwidth P0| Bitwidth P1|
    +-----------------------------+----------+----+---+----+------------+------------+
    |add_ln552_10_fu_1878_p2      |         +|   0|  0|  14|           7|           7|
    |add_ln552_11_fu_2028_p2      |         +|   0|  0|  14|           7|           7|
    |add_ln552_12_fu_2178_p2      |         +|   0|  0|  14|           7|           7|
    |add_ln552_13_fu_2328_p2      |         +|   0|  0|  14|           7|           7|
    |add_ln552_14_fu_2478_p2      |         +|   0|  0|  14|           7|           7|
    |add_ln552_15_fu_2628_p2      |         +|   0|  0|  14|           7|           7|
    |add_ln552_16_fu_2778_p2      |         +|   0|  0|  14|           7|           7|
    |add_ln552_17_fu_2928_p2      |         +|   0|  0|  14|           7|           7|
    |add_ln552_18_fu_3078_p2      |         +|   0|  0|  14|           7|           7|
    |add_ln552_19_fu_3228_p2      |         +|   0|  0|  14|           7|           7|
    |add_ln552_1_fu_528_p2        |         +|   0|  0|  14|           7|           7|
    |add_ln552_20_fu_3378_p2      |         +|   0|  0|  14|           7|           7|
    |add_ln552_21_fu_3528_p2      |         +|   0|  0|  14|           7|           7|
    |add_ln552_22_fu_3678_p2      |         +|   0|  0|  14|           7|           7|
    |add_ln552_23_fu_3828_p2      |         +|   0|  0|  14|           7|           7|
    |add_ln552_24_fu_3978_p2      |         +|   0|  0|  14|           7|           7|
    |add_ln552_25_fu_4128_p2      |         +|   0|  0|  14|           7|           7|
    |add_ln552_26_fu_4278_p2      |         +|   0|  0|  14|           7|           7|
    |add_ln552_27_fu_4428_p2      |         +|   0|  0|  14|           7|           7|
    |add_ln552_28_fu_4578_p2      |         +|   0|  0|  14|           7|           7|
    |add_ln552_29_fu_4728_p2      |         +|   0|  0|  14|           7|           7|
    |add_ln552_2_fu_678_p2        |         +|   0|  0|  14|           7|           7|
    |add_ln552_30_fu_4878_p2      |         +|   0|  0|  14|           7|           7|
    |add_ln552_31_fu_5028_p2      |         +|   0|  0|  14|           7|           7|
    |add_ln552_3_fu_828_p2        |         +|   0|  0|  14|           7|           7|
    |add_ln552_4_fu_978_p2        |         +|   0|  0|  14|           7|           7|
    |add_ln552_5_fu_1128_p2       |         +|   0|  0|  14|           7|           7|
    |add_ln552_6_fu_1278_p2       |         +|   0|  0|  14|           7|           7|
    |add_ln552_7_fu_1428_p2       |         +|   0|  0|  14|           7|           7|
    |add_ln552_8_fu_1578_p2       |         +|   0|  0|  14|           7|           7|
    |add_ln552_9_fu_1728_p2       |         +|   0|  0|  14|           7|           7|
    |add_ln552_fu_378_p2          |         +|   0|  0|  14|           7|           7|
    |and_ln552_100_fu_4118_p2     |       and|   0|  0|   2|           1|           1|
    |and_ln552_101_fu_4192_p2     |       and|   0|  0|   2|           1|           1|
    |and_ln552_102_fu_4198_p2     |       and|   0|  0|   2|           1|           1|
    |and_ln552_103_fu_6678_p2     |       and|   0|  0|   2|           1|           1|
    |and_ln552_104_fu_4268_p2     |       and|   0|  0|   2|           1|           1|
    |and_ln552_105_fu_4342_p2     |       and|   0|  0|   2|           1|           1|
    |and_ln552_106_fu_4348_p2     |       and|   0|  0|   2|           1|           1|
    |and_ln552_107_fu_6740_p2     |       and|   0|  0|   2|           1|           1|
    |and_ln552_108_fu_4418_p2     |       and|   0|  0|   2|           1|           1|
    |and_ln552_109_fu_4492_p2     |       and|   0|  0|   2|           1|           1|
    |and_ln552_10_fu_748_p2       |       and|   0|  0|   2|           1|           1|
    |and_ln552_110_fu_4498_p2     |       and|   0|  0|   2|           1|           1|
    |and_ln552_111_fu_6802_p2     |       and|   0|  0|   2|           1|           1|
    |and_ln552_112_fu_4568_p2     |       and|   0|  0|   2|           1|           1|
    |and_ln552_113_fu_4642_p2     |       and|   0|  0|   2|           1|           1|
    |and_ln552_114_fu_4648_p2     |       and|   0|  0|   2|           1|           1|
    |and_ln552_115_fu_6864_p2     |       and|   0|  0|   2|           1|           1|
    |and_ln552_116_fu_4718_p2     |       and|   0|  0|   2|           1|           1|
    |and_ln552_117_fu_4792_p2     |       and|   0|  0|   2|           1|           1|
    |and_ln552_118_fu_4798_p2     |       and|   0|  0|   2|           1|           1|
    |and_ln552_119_fu_6926_p2     |       and|   0|  0|   2|           1|           1|
    |and_ln552_11_fu_5252_p2      |       and|   0|  0|   2|           1|           1|
    |and_ln552_120_fu_4868_p2     |       and|   0|  0|   2|           1|           1|
    |and_ln552_121_fu_4942_p2     |       and|   0|  0|   2|           1|           1|
    |and_ln552_122_fu_4948_p2     |       and|   0|  0|   2|           1|           1|
    |and_ln552_123_fu_6988_p2     |       and|   0|  0|   2|           1|           1|
    |and_ln552_124_fu_5018_p2     |       and|   0|  0|   2|           1|           1|
    |and_ln552_125_fu_5092_p2     |       and|   0|  0|   2|           1|           1|
    |and_ln552_126_fu_5098_p2     |       and|   0|  0|   2|           1|           1|
    |and_ln552_127_fu_7050_p2     |       and|   0|  0|   2|           1|           1|
    |and_ln552_12_fu_818_p2       |       and|   0|  0|   2|           1|           1|
    |and_ln552_13_fu_892_p2       |       and|   0|  0|   2|           1|           1|
    |and_ln552_14_fu_898_p2       |       and|   0|  0|   2|           1|           1|
    |and_ln552_15_fu_5314_p2      |       and|   0|  0|   2|           1|           1|
    |and_ln552_16_fu_968_p2       |       and|   0|  0|   2|           1|           1|
    |and_ln552_17_fu_1042_p2      |       and|   0|  0|   2|           1|           1|
    |and_ln552_18_fu_1048_p2      |       and|   0|  0|   2|           1|           1|
    |and_ln552_19_fu_5376_p2      |       and|   0|  0|   2|           1|           1|
    |and_ln552_1_fu_442_p2        |       and|   0|  0|   2|           1|           1|
    |and_ln552_20_fu_1118_p2      |       and|   0|  0|   2|           1|           1|
    |and_ln552_21_fu_1192_p2      |       and|   0|  0|   2|           1|           1|
    |and_ln552_22_fu_1198_p2      |       and|   0|  0|   2|           1|           1|
    |and_ln552_23_fu_5438_p2      |       and|   0|  0|   2|           1|           1|
    |and_ln552_24_fu_1268_p2      |       and|   0|  0|   2|           1|           1|
    |and_ln552_25_fu_1342_p2      |       and|   0|  0|   2|           1|           1|
    |and_ln552_26_fu_1348_p2      |       and|   0|  0|   2|           1|           1|
    |and_ln552_27_fu_5500_p2      |       and|   0|  0|   2|           1|           1|
    |and_ln552_28_fu_1418_p2      |       and|   0|  0|   2|           1|           1|
    |and_ln552_29_fu_1492_p2      |       and|   0|  0|   2|           1|           1|
    |and_ln552_2_fu_448_p2        |       and|   0|  0|   2|           1|           1|
    |and_ln552_30_fu_1498_p2      |       and|   0|  0|   2|           1|           1|
    |and_ln552_31_fu_5562_p2      |       and|   0|  0|   2|           1|           1|
    |and_ln552_32_fu_1568_p2      |       and|   0|  0|   2|           1|           1|
    |and_ln552_33_fu_1642_p2      |       and|   0|  0|   2|           1|           1|
    |and_ln552_34_fu_1648_p2      |       and|   0|  0|   2|           1|           1|
    |and_ln552_35_fu_5624_p2      |       and|   0|  0|   2|           1|           1|
    |and_ln552_36_fu_1718_p2      |       and|   0|  0|   2|           1|           1|
    |and_ln552_37_fu_1792_p2      |       and|   0|  0|   2|           1|           1|
    |and_ln552_38_fu_1798_p2      |       and|   0|  0|   2|           1|           1|
    |and_ln552_39_fu_5686_p2      |       and|   0|  0|   2|           1|           1|
    |and_ln552_3_fu_5128_p2       |       and|   0|  0|   2|           1|           1|
    |and_ln552_40_fu_1868_p2      |       and|   0|  0|   2|           1|           1|
    |and_ln552_41_fu_1942_p2      |       and|   0|  0|   2|           1|           1|
    |and_ln552_42_fu_1948_p2      |       and|   0|  0|   2|           1|           1|
    |and_ln552_43_fu_5748_p2      |       and|   0|  0|   2|           1|           1|
    |and_ln552_44_fu_2018_p2      |       and|   0|  0|   2|           1|           1|
    |and_ln552_45_fu_2092_p2      |       and|   0|  0|   2|           1|           1|
    |and_ln552_46_fu_2098_p2      |       and|   0|  0|   2|           1|           1|
    |and_ln552_47_fu_5810_p2      |       and|   0|  0|   2|           1|           1|
    |and_ln552_48_fu_2168_p2      |       and|   0|  0|   2|           1|           1|
    |and_ln552_49_fu_2242_p2      |       and|   0|  0|   2|           1|           1|
    |and_ln552_4_fu_518_p2        |       and|   0|  0|   2|           1|           1|
    |and_ln552_50_fu_2248_p2      |       and|   0|  0|   2|           1|           1|
    |and_ln552_51_fu_5872_p2      |       and|   0|  0|   2|           1|           1|
    |and_ln552_52_fu_2318_p2      |       and|   0|  0|   2|           1|           1|
    |and_ln552_53_fu_2392_p2      |       and|   0|  0|   2|           1|           1|
    |and_ln552_54_fu_2398_p2      |       and|   0|  0|   2|           1|           1|
    |and_ln552_55_fu_5934_p2      |       and|   0|  0|   2|           1|           1|
    |and_ln552_56_fu_2468_p2      |       and|   0|  0|   2|           1|           1|
    |and_ln552_57_fu_2542_p2      |       and|   0|  0|   2|           1|           1|
    |and_ln552_58_fu_2548_p2      |       and|   0|  0|   2|           1|           1|
    |and_ln552_59_fu_5996_p2      |       and|   0|  0|   2|           1|           1|
    |and_ln552_5_fu_592_p2        |       and|   0|  0|   2|           1|           1|
    |and_ln552_60_fu_2618_p2      |       and|   0|  0|   2|           1|           1|
    |and_ln552_61_fu_2692_p2      |       and|   0|  0|   2|           1|           1|
    |and_ln552_62_fu_2698_p2      |       and|   0|  0|   2|           1|           1|
    |and_ln552_63_fu_6058_p2      |       and|   0|  0|   2|           1|           1|
    |and_ln552_64_fu_2768_p2      |       and|   0|  0|   2|           1|           1|
    |and_ln552_65_fu_2842_p2      |       and|   0|  0|   2|           1|           1|
    |and_ln552_66_fu_2848_p2      |       and|   0|  0|   2|           1|           1|
    |and_ln552_67_fu_6120_p2      |       and|   0|  0|   2|           1|           1|
    |and_ln552_68_fu_2918_p2      |       and|   0|  0|   2|           1|           1|
    |and_ln552_69_fu_2992_p2      |       and|   0|  0|   2|           1|           1|
    |and_ln552_6_fu_598_p2        |       and|   0|  0|   2|           1|           1|
    |and_ln552_70_fu_2998_p2      |       and|   0|  0|   2|           1|           1|
    |and_ln552_71_fu_6182_p2      |       and|   0|  0|   2|           1|           1|
    |and_ln552_72_fu_3068_p2      |       and|   0|  0|   2|           1|           1|
    |and_ln552_73_fu_3142_p2      |       and|   0|  0|   2|           1|           1|
    |and_ln552_74_fu_3148_p2      |       and|   0|  0|   2|           1|           1|
    |and_ln552_75_fu_6244_p2      |       and|   0|  0|   2|           1|           1|
    |and_ln552_76_fu_3218_p2      |       and|   0|  0|   2|           1|           1|
    |and_ln552_77_fu_3292_p2      |       and|   0|  0|   2|           1|           1|
    |and_ln552_78_fu_3298_p2      |       and|   0|  0|   2|           1|           1|
    |and_ln552_79_fu_6306_p2      |       and|   0|  0|   2|           1|           1|
    |and_ln552_7_fu_5190_p2       |       and|   0|  0|   2|           1|           1|
    |and_ln552_80_fu_3368_p2      |       and|   0|  0|   2|           1|           1|
    |and_ln552_81_fu_3442_p2      |       and|   0|  0|   2|           1|           1|
    |and_ln552_82_fu_3448_p2      |       and|   0|  0|   2|           1|           1|
    |and_ln552_83_fu_6368_p2      |       and|   0|  0|   2|           1|           1|
    |and_ln552_84_fu_3518_p2      |       and|   0|  0|   2|           1|           1|
    |and_ln552_85_fu_3592_p2      |       and|   0|  0|   2|           1|           1|
    |and_ln552_86_fu_3598_p2      |       and|   0|  0|   2|           1|           1|
    |and_ln552_87_fu_6430_p2      |       and|   0|  0|   2|           1|           1|
    |and_ln552_88_fu_3668_p2      |       and|   0|  0|   2|           1|           1|
    |and_ln552_89_fu_3742_p2      |       and|   0|  0|   2|           1|           1|
    |and_ln552_8_fu_668_p2        |       and|   0|  0|   2|           1|           1|
    |and_ln552_90_fu_3748_p2      |       and|   0|  0|   2|           1|           1|
    |and_ln552_91_fu_6492_p2      |       and|   0|  0|   2|           1|           1|
    |and_ln552_92_fu_3818_p2      |       and|   0|  0|   2|           1|           1|
    |and_ln552_93_fu_3892_p2      |       and|   0|  0|   2|           1|           1|
    |and_ln552_94_fu_3898_p2      |       and|   0|  0|   2|           1|           1|
    |and_ln552_95_fu_6554_p2      |       and|   0|  0|   2|           1|           1|
    |and_ln552_96_fu_3968_p2      |       and|   0|  0|   2|           1|           1|
    |and_ln552_97_fu_4042_p2      |       and|   0|  0|   2|           1|           1|
    |and_ln552_98_fu_4048_p2      |       and|   0|  0|   2|           1|           1|
    |and_ln552_99_fu_6616_p2      |       and|   0|  0|   2|           1|           1|
    |and_ln552_9_fu_742_p2        |       and|   0|  0|   2|           1|           1|
    |and_ln552_fu_368_p2          |       and|   0|  0|   2|           1|           1|
    |icmp_ln551_10_fu_1804_p2     |      icmp|   0|  0|  28|          21|           1|
    |icmp_ln551_11_fu_1954_p2     |      icmp|   0|  0|  28|          21|           1|
    |icmp_ln551_12_fu_2104_p2     |      icmp|   0|  0|  28|          21|           1|
    |icmp_ln551_13_fu_2254_p2     |      icmp|   0|  0|  28|          21|           1|
    |icmp_ln551_14_fu_2404_p2     |      icmp|   0|  0|  28|          21|           1|
    |icmp_ln551_15_fu_2554_p2     |      icmp|   0|  0|  28|          21|           1|
    |icmp_ln551_16_fu_2704_p2     |      icmp|   0|  0|  28|          21|           1|
    |icmp_ln551_17_fu_2854_p2     |      icmp|   0|  0|  28|          21|           1|
    |icmp_ln551_18_fu_3004_p2     |      icmp|   0|  0|  28|          21|           1|
    |icmp_ln551_19_fu_3154_p2     |      icmp|   0|  0|  28|          21|           1|
    |icmp_ln551_1_fu_454_p2       |      icmp|   0|  0|  28|          21|           1|
    |icmp_ln551_20_fu_3304_p2     |      icmp|   0|  0|  28|          21|           1|
    |icmp_ln551_21_fu_3454_p2     |      icmp|   0|  0|  28|          21|           1|
    |icmp_ln551_22_fu_3604_p2     |      icmp|   0|  0|  28|          21|           1|
    |icmp_ln551_23_fu_3754_p2     |      icmp|   0|  0|  28|          21|           1|
    |icmp_ln551_24_fu_3904_p2     |      icmp|   0|  0|  28|          21|           1|
    |icmp_ln551_25_fu_4054_p2     |      icmp|   0|  0|  28|          21|           1|
    |icmp_ln551_26_fu_4204_p2     |      icmp|   0|  0|  28|          21|           1|
    |icmp_ln551_27_fu_4354_p2     |      icmp|   0|  0|  28|          21|           1|
    |icmp_ln551_28_fu_4504_p2     |      icmp|   0|  0|  28|          21|           1|
    |icmp_ln551_29_fu_4654_p2     |      icmp|   0|  0|  28|          21|           1|
    |icmp_ln551_2_fu_604_p2       |      icmp|   0|  0|  28|          21|           1|
    |icmp_ln551_30_fu_4804_p2     |      icmp|   0|  0|  28|          21|           1|
    |icmp_ln551_31_fu_4954_p2     |      icmp|   0|  0|  28|          21|           1|
    |icmp_ln551_3_fu_754_p2       |      icmp|   0|  0|  28|          21|           1|
    |icmp_ln551_4_fu_904_p2       |      icmp|   0|  0|  28|          21|           1|
    |icmp_ln551_5_fu_1054_p2      |      icmp|   0|  0|  28|          21|           1|
    |icmp_ln551_6_fu_1204_p2      |      icmp|   0|  0|  28|          21|           1|
    |icmp_ln551_7_fu_1354_p2      |      icmp|   0|  0|  28|          21|           1|
    |icmp_ln551_8_fu_1504_p2      |      icmp|   0|  0|  28|          21|           1|
    |icmp_ln551_9_fu_1654_p2      |      icmp|   0|  0|  28|          21|           1|
    |icmp_ln551_fu_304_p2         |      icmp|   0|  0|  28|          21|           1|
    |icmp_ln552_10_fu_844_p2      |      icmp|   0|  0|  12|           4|           2|
    |icmp_ln552_11_fu_850_p2      |      icmp|   0|  0|  12|           4|           1|
    |icmp_ln552_12_fu_948_p2      |      icmp|   0|  0|  16|           9|           1|
    |icmp_ln552_13_fu_994_p2      |      icmp|   0|  0|  12|           4|           2|
    |icmp_ln552_14_fu_1000_p2     |      icmp|   0|  0|  12|           4|           1|
    |icmp_ln552_15_fu_1098_p2     |      icmp|   0|  0|  16|           9|           1|
    |icmp_ln552_16_fu_1144_p2     |      icmp|   0|  0|  12|           4|           2|
    |icmp_ln552_17_fu_1150_p2     |      icmp|   0|  0|  12|           4|           1|
    |icmp_ln552_18_fu_1248_p2     |      icmp|   0|  0|  16|           9|           1|
    |icmp_ln552_19_fu_1294_p2     |      icmp|   0|  0|  12|           4|           2|
    |icmp_ln552_1_fu_394_p2       |      icmp|   0|  0|  12|           4|           2|
    |icmp_ln552_20_fu_1300_p2     |      icmp|   0|  0|  12|           4|           1|
    |icmp_ln552_21_fu_1398_p2     |      icmp|   0|  0|  16|           9|           1|
    |icmp_ln552_22_fu_1444_p2     |      icmp|   0|  0|  12|           4|           2|
    |icmp_ln552_23_fu_1450_p2     |      icmp|   0|  0|  12|           4|           1|
    |icmp_ln552_24_fu_1548_p2     |      icmp|   0|  0|  16|           9|           1|
    |icmp_ln552_25_fu_1594_p2     |      icmp|   0|  0|  12|           4|           2|
    |icmp_ln552_26_fu_1600_p2     |      icmp|   0|  0|  12|           4|           1|
    |icmp_ln552_27_fu_1698_p2     |      icmp|   0|  0|  16|           9|           1|
    |icmp_ln552_28_fu_1744_p2     |      icmp|   0|  0|  12|           4|           2|
    |icmp_ln552_29_fu_1750_p2     |      icmp|   0|  0|  12|           4|           1|
    |icmp_ln552_2_fu_400_p2       |      icmp|   0|  0|  12|           4|           1|
    |icmp_ln552_30_fu_1848_p2     |      icmp|   0|  0|  16|           9|           1|
    |icmp_ln552_31_fu_1894_p2     |      icmp|   0|  0|  12|           4|           2|
    |icmp_ln552_32_fu_1900_p2     |      icmp|   0|  0|  12|           4|           1|
    |icmp_ln552_33_fu_1998_p2     |      icmp|   0|  0|  16|           9|           1|
    |icmp_ln552_34_fu_2044_p2     |      icmp|   0|  0|  12|           4|           2|
    |icmp_ln552_35_fu_2050_p2     |      icmp|   0|  0|  12|           4|           1|
    |icmp_ln552_36_fu_2148_p2     |      icmp|   0|  0|  16|           9|           1|
    |icmp_ln552_37_fu_2194_p2     |      icmp|   0|  0|  12|           4|           2|
    |icmp_ln552_38_fu_2200_p2     |      icmp|   0|  0|  12|           4|           1|
    |icmp_ln552_39_fu_2298_p2     |      icmp|   0|  0|  16|           9|           1|
    |icmp_ln552_3_fu_498_p2       |      icmp|   0|  0|  16|           9|           1|
    |icmp_ln552_40_fu_2344_p2     |      icmp|   0|  0|  12|           4|           2|
    |icmp_ln552_41_fu_2350_p2     |      icmp|   0|  0|  12|           4|           1|
    |icmp_ln552_42_fu_2448_p2     |      icmp|   0|  0|  16|           9|           1|
    |icmp_ln552_43_fu_2494_p2     |      icmp|   0|  0|  12|           4|           2|
    |icmp_ln552_44_fu_2500_p2     |      icmp|   0|  0|  12|           4|           1|
    |icmp_ln552_45_fu_2598_p2     |      icmp|   0|  0|  16|           9|           1|
    |icmp_ln552_46_fu_2644_p2     |      icmp|   0|  0|  12|           4|           2|
    |icmp_ln552_47_fu_2650_p2     |      icmp|   0|  0|  12|           4|           1|
    |icmp_ln552_48_fu_2748_p2     |      icmp|   0|  0|  16|           9|           1|
    |icmp_ln552_49_fu_2794_p2     |      icmp|   0|  0|  12|           4|           2|
    |icmp_ln552_4_fu_544_p2       |      icmp|   0|  0|  12|           4|           2|
    |icmp_ln552_50_fu_2800_p2     |      icmp|   0|  0|  12|           4|           1|
    |icmp_ln552_51_fu_2898_p2     |      icmp|   0|  0|  16|           9|           1|
    |icmp_ln552_52_fu_2944_p2     |      icmp|   0|  0|  12|           4|           2|
    |icmp_ln552_53_fu_2950_p2     |      icmp|   0|  0|  12|           4|           1|
    |icmp_ln552_54_fu_3048_p2     |      icmp|   0|  0|  16|           9|           1|
    |icmp_ln552_55_fu_3094_p2     |      icmp|   0|  0|  12|           4|           2|
    |icmp_ln552_56_fu_3100_p2     |      icmp|   0|  0|  12|           4|           1|
    |icmp_ln552_57_fu_3198_p2     |      icmp|   0|  0|  16|           9|           1|
    |icmp_ln552_58_fu_3244_p2     |      icmp|   0|  0|  12|           4|           2|
    |icmp_ln552_59_fu_3250_p2     |      icmp|   0|  0|  12|           4|           1|
    |icmp_ln552_5_fu_550_p2       |      icmp|   0|  0|  12|           4|           1|
    |icmp_ln552_60_fu_3348_p2     |      icmp|   0|  0|  16|           9|           1|
    |icmp_ln552_61_fu_3394_p2     |      icmp|   0|  0|  12|           4|           2|
    |icmp_ln552_62_fu_3400_p2     |      icmp|   0|  0|  12|           4|           1|
    |icmp_ln552_63_fu_3498_p2     |      icmp|   0|  0|  16|           9|           1|
    |icmp_ln552_64_fu_3544_p2     |      icmp|   0|  0|  12|           4|           2|
    |icmp_ln552_65_fu_3550_p2     |      icmp|   0|  0|  12|           4|           1|
    |icmp_ln552_66_fu_3648_p2     |      icmp|   0|  0|  16|           9|           1|
    |icmp_ln552_67_fu_3694_p2     |      icmp|   0|  0|  12|           4|           2|
    |icmp_ln552_68_fu_3700_p2     |      icmp|   0|  0|  12|           4|           1|
    |icmp_ln552_69_fu_3798_p2     |      icmp|   0|  0|  16|           9|           1|
    |icmp_ln552_6_fu_648_p2       |      icmp|   0|  0|  16|           9|           1|
    |icmp_ln552_70_fu_3844_p2     |      icmp|   0|  0|  12|           4|           2|
    |icmp_ln552_71_fu_3850_p2     |      icmp|   0|  0|  12|           4|           1|
    |icmp_ln552_72_fu_3948_p2     |      icmp|   0|  0|  16|           9|           1|
    |icmp_ln552_73_fu_3994_p2     |      icmp|   0|  0|  12|           4|           2|
    |icmp_ln552_74_fu_4000_p2     |      icmp|   0|  0|  12|           4|           1|
    |icmp_ln552_75_fu_4098_p2     |      icmp|   0|  0|  16|           9|           1|
    |icmp_ln552_76_fu_4144_p2     |      icmp|   0|  0|  12|           4|           2|
    |icmp_ln552_77_fu_4150_p2     |      icmp|   0|  0|  12|           4|           1|
    |icmp_ln552_78_fu_4248_p2     |      icmp|   0|  0|  16|           9|           1|
    |icmp_ln552_79_fu_4294_p2     |      icmp|   0|  0|  12|           4|           2|
    |icmp_ln552_7_fu_694_p2       |      icmp|   0|  0|  12|           4|           2|
    |icmp_ln552_80_fu_4300_p2     |      icmp|   0|  0|  12|           4|           1|
    |icmp_ln552_81_fu_4398_p2     |      icmp|   0|  0|  16|           9|           1|
    |icmp_ln552_82_fu_4444_p2     |      icmp|   0|  0|  12|           4|           2|
    |icmp_ln552_83_fu_4450_p2     |      icmp|   0|  0|  12|           4|           1|
    |icmp_ln552_84_fu_4548_p2     |      icmp|   0|  0|  16|           9|           1|
    |icmp_ln552_85_fu_4594_p2     |      icmp|   0|  0|  12|           4|           2|
    |icmp_ln552_86_fu_4600_p2     |      icmp|   0|  0|  12|           4|           1|
    |icmp_ln552_87_fu_4698_p2     |      icmp|   0|  0|  16|           9|           1|
    |icmp_ln552_88_fu_4744_p2     |      icmp|   0|  0|  12|           4|           2|
    |icmp_ln552_89_fu_4750_p2     |      icmp|   0|  0|  12|           4|           1|
    |icmp_ln552_8_fu_700_p2       |      icmp|   0|  0|  12|           4|           1|
    |icmp_ln552_90_fu_4848_p2     |      icmp|   0|  0|  16|           9|           1|
    |icmp_ln552_91_fu_4894_p2     |      icmp|   0|  0|  12|           4|           2|
    |icmp_ln552_92_fu_4900_p2     |      icmp|   0|  0|  12|           4|           1|
    |icmp_ln552_93_fu_4998_p2     |      icmp|   0|  0|  16|           9|           1|
    |icmp_ln552_94_fu_5044_p2     |      icmp|   0|  0|  12|           4|           2|
    |icmp_ln552_95_fu_5050_p2     |      icmp|   0|  0|  12|           4|           1|
    |icmp_ln552_9_fu_798_p2       |      icmp|   0|  0|  16|           9|           1|
    |icmp_ln552_fu_348_p2         |      icmp|   0|  0|  16|           9|           1|
    |or_ln552_10_fu_886_p2        |        or|   0|  0|   2|           1|           1|
    |or_ln552_11_fu_5319_p2       |        or|   0|  0|   2|           1|           1|
    |or_ln552_12_fu_962_p2        |        or|   0|  0|   2|           1|           1|
    |or_ln552_13_fu_1036_p2       |        or|   0|  0|   2|           1|           1|
    |or_ln552_14_fu_5381_p2       |        or|   0|  0|   2|           1|           1|
    |or_ln552_15_fu_1112_p2       |        or|   0|  0|   2|           1|           1|
    |or_ln552_16_fu_1186_p2       |        or|   0|  0|   2|           1|           1|
    |or_ln552_17_fu_5443_p2       |        or|   0|  0|   2|           1|           1|
    |or_ln552_18_fu_1262_p2       |        or|   0|  0|   2|           1|           1|
    |or_ln552_19_fu_1336_p2       |        or|   0|  0|   2|           1|           1|
    |or_ln552_1_fu_436_p2         |        or|   0|  0|   2|           1|           1|
    |or_ln552_20_fu_5505_p2       |        or|   0|  0|   2|           1|           1|
    |or_ln552_21_fu_1412_p2       |        or|   0|  0|   2|           1|           1|
    |or_ln552_22_fu_1486_p2       |        or|   0|  0|   2|           1|           1|
    |or_ln552_23_fu_5567_p2       |        or|   0|  0|   2|           1|           1|
    |or_ln552_24_fu_1562_p2       |        or|   0|  0|   2|           1|           1|
    |or_ln552_25_fu_1636_p2       |        or|   0|  0|   2|           1|           1|
    |or_ln552_26_fu_5629_p2       |        or|   0|  0|   2|           1|           1|
    |or_ln552_27_fu_1712_p2       |        or|   0|  0|   2|           1|           1|
    |or_ln552_28_fu_1786_p2       |        or|   0|  0|   2|           1|           1|
    |or_ln552_29_fu_5691_p2       |        or|   0|  0|   2|           1|           1|
    |or_ln552_2_fu_5133_p2        |        or|   0|  0|   2|           1|           1|
    |or_ln552_30_fu_1862_p2       |        or|   0|  0|   2|           1|           1|
    |or_ln552_31_fu_1936_p2       |        or|   0|  0|   2|           1|           1|
    |or_ln552_32_fu_5753_p2       |        or|   0|  0|   2|           1|           1|
    |or_ln552_33_fu_2012_p2       |        or|   0|  0|   2|           1|           1|
    |or_ln552_34_fu_2086_p2       |        or|   0|  0|   2|           1|           1|
    |or_ln552_35_fu_5815_p2       |        or|   0|  0|   2|           1|           1|
    |or_ln552_36_fu_2162_p2       |        or|   0|  0|   2|           1|           1|
    |or_ln552_37_fu_2236_p2       |        or|   0|  0|   2|           1|           1|
    |or_ln552_38_fu_5877_p2       |        or|   0|  0|   2|           1|           1|
    |or_ln552_39_fu_2312_p2       |        or|   0|  0|   2|           1|           1|
    |or_ln552_3_fu_512_p2         |        or|   0|  0|   2|           1|           1|
    |or_ln552_40_fu_2386_p2       |        or|   0|  0|   2|           1|           1|
    |or_ln552_41_fu_5939_p2       |        or|   0|  0|   2|           1|           1|
    |or_ln552_42_fu_2462_p2       |        or|   0|  0|   2|           1|           1|
    |or_ln552_43_fu_2536_p2       |        or|   0|  0|   2|           1|           1|
    |or_ln552_44_fu_6001_p2       |        or|   0|  0|   2|           1|           1|
    |or_ln552_45_fu_2612_p2       |        or|   0|  0|   2|           1|           1|
    |or_ln552_46_fu_2686_p2       |        or|   0|  0|   2|           1|           1|
    |or_ln552_47_fu_6063_p2       |        or|   0|  0|   2|           1|           1|
    |or_ln552_48_fu_2762_p2       |        or|   0|  0|   2|           1|           1|
    |or_ln552_49_fu_2836_p2       |        or|   0|  0|   2|           1|           1|
    |or_ln552_4_fu_586_p2         |        or|   0|  0|   2|           1|           1|
    |or_ln552_50_fu_6125_p2       |        or|   0|  0|   2|           1|           1|
    |or_ln552_51_fu_2912_p2       |        or|   0|  0|   2|           1|           1|
    |or_ln552_52_fu_2986_p2       |        or|   0|  0|   2|           1|           1|
    |or_ln552_53_fu_6187_p2       |        or|   0|  0|   2|           1|           1|
    |or_ln552_54_fu_3062_p2       |        or|   0|  0|   2|           1|           1|
    |or_ln552_55_fu_3136_p2       |        or|   0|  0|   2|           1|           1|
    |or_ln552_56_fu_6249_p2       |        or|   0|  0|   2|           1|           1|
    |or_ln552_57_fu_3212_p2       |        or|   0|  0|   2|           1|           1|
    |or_ln552_58_fu_3286_p2       |        or|   0|  0|   2|           1|           1|
    |or_ln552_59_fu_6311_p2       |        or|   0|  0|   2|           1|           1|
    |or_ln552_5_fu_5195_p2        |        or|   0|  0|   2|           1|           1|
    |or_ln552_60_fu_3362_p2       |        or|   0|  0|   2|           1|           1|
    |or_ln552_61_fu_3436_p2       |        or|   0|  0|   2|           1|           1|
    |or_ln552_62_fu_6373_p2       |        or|   0|  0|   2|           1|           1|
    |or_ln552_63_fu_3512_p2       |        or|   0|  0|   2|           1|           1|
    |or_ln552_64_fu_3586_p2       |        or|   0|  0|   2|           1|           1|
    |or_ln552_65_fu_6435_p2       |        or|   0|  0|   2|           1|           1|
    |or_ln552_66_fu_3662_p2       |        or|   0|  0|   2|           1|           1|
    |or_ln552_67_fu_3736_p2       |        or|   0|  0|   2|           1|           1|
    |or_ln552_68_fu_6497_p2       |        or|   0|  0|   2|           1|           1|
    |or_ln552_69_fu_3812_p2       |        or|   0|  0|   2|           1|           1|
    |or_ln552_6_fu_662_p2         |        or|   0|  0|   2|           1|           1|
    |or_ln552_70_fu_3886_p2       |        or|   0|  0|   2|           1|           1|
    |or_ln552_71_fu_6559_p2       |        or|   0|  0|   2|           1|           1|
    |or_ln552_72_fu_3962_p2       |        or|   0|  0|   2|           1|           1|
    |or_ln552_73_fu_4036_p2       |        or|   0|  0|   2|           1|           1|
    |or_ln552_74_fu_6621_p2       |        or|   0|  0|   2|           1|           1|
    |or_ln552_75_fu_4112_p2       |        or|   0|  0|   2|           1|           1|
    |or_ln552_76_fu_4186_p2       |        or|   0|  0|   2|           1|           1|
    |or_ln552_77_fu_6683_p2       |        or|   0|  0|   2|           1|           1|
    |or_ln552_78_fu_4262_p2       |        or|   0|  0|   2|           1|           1|
    |or_ln552_79_fu_4336_p2       |        or|   0|  0|   2|           1|           1|
    |or_ln552_7_fu_736_p2         |        or|   0|  0|   2|           1|           1|
    |or_ln552_80_fu_6745_p2       |        or|   0|  0|   2|           1|           1|
    |or_ln552_81_fu_4412_p2       |        or|   0|  0|   2|           1|           1|
    |or_ln552_82_fu_4486_p2       |        or|   0|  0|   2|           1|           1|
    |or_ln552_83_fu_6807_p2       |        or|   0|  0|   2|           1|           1|
    |or_ln552_84_fu_4562_p2       |        or|   0|  0|   2|           1|           1|
    |or_ln552_85_fu_4636_p2       |        or|   0|  0|   2|           1|           1|
    |or_ln552_86_fu_6869_p2       |        or|   0|  0|   2|           1|           1|
    |or_ln552_87_fu_4712_p2       |        or|   0|  0|   2|           1|           1|
    |or_ln552_88_fu_4786_p2       |        or|   0|  0|   2|           1|           1|
    |or_ln552_89_fu_6931_p2       |        or|   0|  0|   2|           1|           1|
    |or_ln552_8_fu_5257_p2        |        or|   0|  0|   2|           1|           1|
    |or_ln552_90_fu_4862_p2       |        or|   0|  0|   2|           1|           1|
    |or_ln552_91_fu_4936_p2       |        or|   0|  0|   2|           1|           1|
    |or_ln552_92_fu_6993_p2       |        or|   0|  0|   2|           1|           1|
    |or_ln552_93_fu_5012_p2       |        or|   0|  0|   2|           1|           1|
    |or_ln552_94_fu_5086_p2       |        or|   0|  0|   2|           1|           1|
    |or_ln552_95_fu_7055_p2       |        or|   0|  0|   2|           1|           1|
    |or_ln552_9_fu_812_p2         |        or|   0|  0|   2|           1|           1|
    |or_ln552_fu_362_p2           |        or|   0|  0|   2|           1|           1|
    |select_ln551_10_fu_5779_p3   |    select|   0|  0|   7|           1|           1|
    |select_ln551_11_fu_5841_p3   |    select|   0|  0|   7|           1|           1|
    |select_ln551_12_fu_5903_p3   |    select|   0|  0|   7|           1|           1|
    |select_ln551_13_fu_5965_p3   |    select|   0|  0|   7|           1|           1|
    |select_ln551_14_fu_6027_p3   |    select|   0|  0|   7|           1|           1|
    |select_ln551_15_fu_6089_p3   |    select|   0|  0|   7|           1|           1|
    |select_ln551_16_fu_6151_p3   |    select|   0|  0|   7|           1|           1|
    |select_ln551_17_fu_6213_p3   |    select|   0|  0|   7|           1|           1|
    |select_ln551_18_fu_6275_p3   |    select|   0|  0|   7|           1|           1|
    |select_ln551_19_fu_6337_p3   |    select|   0|  0|   7|           1|           1|
    |select_ln551_1_fu_5221_p3    |    select|   0|  0|   7|           1|           1|
    |select_ln551_20_fu_6399_p3   |    select|   0|  0|   7|           1|           1|
    |select_ln551_21_fu_6461_p3   |    select|   0|  0|   7|           1|           1|
    |select_ln551_22_fu_6523_p3   |    select|   0|  0|   7|           1|           1|
    |select_ln551_23_fu_6585_p3   |    select|   0|  0|   7|           1|           1|
    |select_ln551_24_fu_6647_p3   |    select|   0|  0|   7|           1|           1|
    |select_ln551_25_fu_6709_p3   |    select|   0|  0|   7|           1|           1|
    |select_ln551_26_fu_6771_p3   |    select|   0|  0|   7|           1|           1|
    |select_ln551_27_fu_6833_p3   |    select|   0|  0|   7|           1|           1|
    |select_ln551_28_fu_6895_p3   |    select|   0|  0|   7|           1|           1|
    |select_ln551_29_fu_6957_p3   |    select|   0|  0|   7|           1|           1|
    |select_ln551_2_fu_5283_p3    |    select|   0|  0|   7|           1|           1|
    |select_ln551_30_fu_7019_p3   |    select|   0|  0|   7|           1|           1|
    |select_ln551_31_fu_7081_p3   |    select|   0|  0|   7|           1|           1|
    |select_ln551_3_fu_5345_p3    |    select|   0|  0|   7|           1|           1|
    |select_ln551_4_fu_5407_p3    |    select|   0|  0|   7|           1|           1|
    |select_ln551_5_fu_5469_p3    |    select|   0|  0|   7|           1|           1|
    |select_ln551_6_fu_5531_p3    |    select|   0|  0|   7|           1|           1|
    |select_ln551_7_fu_5593_p3    |    select|   0|  0|   7|           1|           1|
    |select_ln551_8_fu_5655_p3    |    select|   0|  0|   7|           1|           1|
    |select_ln551_9_fu_5717_p3    |    select|   0|  0|   7|           1|           1|
    |select_ln551_fu_5159_p3      |    select|   0|  0|   7|           1|           1|
    |select_ln552_100_fu_6137_p3  |    select|   0|  0|   7|           1|           7|
    |select_ln552_101_fu_6144_p3  |    select|   0|  0|   7|           1|           7|
    |select_ln552_102_fu_2970_p3  |    select|   0|  0|   2|           1|           1|
    |select_ln552_103_fu_2978_p3  |    select|   0|  0|   2|           1|           1|
    |select_ln552_104_fu_6171_p3  |    select|   0|  0|   6|           1|           6|
    |select_ln552_105_fu_6193_p3  |    select|   0|  0|   7|           1|           7|
    |select_ln552_106_fu_6199_p3  |    select|   0|  0|   7|           1|           7|
    |select_ln552_107_fu_6206_p3  |    select|   0|  0|   7|           1|           7|
    |select_ln552_108_fu_3120_p3  |    select|   0|  0|   2|           1|           1|
    |select_ln552_109_fu_3128_p3  |    select|   0|  0|   2|           1|           1|
    |select_ln552_10_fu_5207_p3   |    select|   0|  0|   7|           1|           7|
    |select_ln552_110_fu_6233_p3  |    select|   0|  0|   6|           1|           6|
    |select_ln552_111_fu_6255_p3  |    select|   0|  0|   7|           1|           7|
    |select_ln552_112_fu_6261_p3  |    select|   0|  0|   7|           1|           7|
    |select_ln552_113_fu_6268_p3  |    select|   0|  0|   7|           1|           7|
    |select_ln552_114_fu_3270_p3  |    select|   0|  0|   2|           1|           1|
    |select_ln552_115_fu_3278_p3  |    select|   0|  0|   2|           1|           1|
    |select_ln552_116_fu_6295_p3  |    select|   0|  0|   6|           1|           6|
    |select_ln552_117_fu_6317_p3  |    select|   0|  0|   7|           1|           7|
    |select_ln552_118_fu_6323_p3  |    select|   0|  0|   7|           1|           7|
    |select_ln552_119_fu_6330_p3  |    select|   0|  0|   7|           1|           7|
    |select_ln552_11_fu_5214_p3   |    select|   0|  0|   7|           1|           7|
    |select_ln552_120_fu_3420_p3  |    select|   0|  0|   2|           1|           1|
    |select_ln552_121_fu_3428_p3  |    select|   0|  0|   2|           1|           1|
    |select_ln552_122_fu_6357_p3  |    select|   0|  0|   6|           1|           6|
    |select_ln552_123_fu_6379_p3  |    select|   0|  0|   7|           1|           7|
    |select_ln552_124_fu_6385_p3  |    select|   0|  0|   7|           1|           7|
    |select_ln552_125_fu_6392_p3  |    select|   0|  0|   7|           1|           7|
    |select_ln552_126_fu_3570_p3  |    select|   0|  0|   2|           1|           1|
    |select_ln552_127_fu_3578_p3  |    select|   0|  0|   2|           1|           1|
    |select_ln552_128_fu_6419_p3  |    select|   0|  0|   6|           1|           6|
    |select_ln552_129_fu_6441_p3  |    select|   0|  0|   7|           1|           7|
    |select_ln552_12_fu_720_p3    |    select|   0|  0|   2|           1|           1|
    |select_ln552_130_fu_6447_p3  |    select|   0|  0|   7|           1|           7|
    |select_ln552_131_fu_6454_p3  |    select|   0|  0|   7|           1|           7|
    |select_ln552_132_fu_3720_p3  |    select|   0|  0|   2|           1|           1|
    |select_ln552_133_fu_3728_p3  |    select|   0|  0|   2|           1|           1|
    |select_ln552_134_fu_6481_p3  |    select|   0|  0|   6|           1|           6|
    |select_ln552_135_fu_6503_p3  |    select|   0|  0|   7|           1|           7|
    |select_ln552_136_fu_6509_p3  |    select|   0|  0|   7|           1|           7|
    |select_ln552_137_fu_6516_p3  |    select|   0|  0|   7|           1|           7|
    |select_ln552_138_fu_3870_p3  |    select|   0|  0|   2|           1|           1|
    |select_ln552_139_fu_3878_p3  |    select|   0|  0|   2|           1|           1|
    |select_ln552_13_fu_728_p3    |    select|   0|  0|   2|           1|           1|
    |select_ln552_140_fu_6543_p3  |    select|   0|  0|   6|           1|           6|
    |select_ln552_141_fu_6565_p3  |    select|   0|  0|   7|           1|           7|
    |select_ln552_142_fu_6571_p3  |    select|   0|  0|   7|           1|           7|
    |select_ln552_143_fu_6578_p3  |    select|   0|  0|   7|           1|           7|
    |select_ln552_144_fu_4020_p3  |    select|   0|  0|   2|           1|           1|
    |select_ln552_145_fu_4028_p3  |    select|   0|  0|   2|           1|           1|
    |select_ln552_146_fu_6605_p3  |    select|   0|  0|   6|           1|           6|
    |select_ln552_147_fu_6627_p3  |    select|   0|  0|   7|           1|           7|
    |select_ln552_148_fu_6633_p3  |    select|   0|  0|   7|           1|           7|
    |select_ln552_149_fu_6640_p3  |    select|   0|  0|   7|           1|           7|
    |select_ln552_14_fu_5241_p3   |    select|   0|  0|   6|           1|           6|
    |select_ln552_150_fu_4170_p3  |    select|   0|  0|   2|           1|           1|
    |select_ln552_151_fu_4178_p3  |    select|   0|  0|   2|           1|           1|
    |select_ln552_152_fu_6667_p3  |    select|   0|  0|   6|           1|           6|
    |select_ln552_153_fu_6689_p3  |    select|   0|  0|   7|           1|           7|
    |select_ln552_154_fu_6695_p3  |    select|   0|  0|   7|           1|           7|
    |select_ln552_155_fu_6702_p3  |    select|   0|  0|   7|           1|           7|
    |select_ln552_156_fu_4320_p3  |    select|   0|  0|   2|           1|           1|
    |select_ln552_157_fu_4328_p3  |    select|   0|  0|   2|           1|           1|
    |select_ln552_158_fu_6729_p3  |    select|   0|  0|   6|           1|           6|
    |select_ln552_159_fu_6751_p3  |    select|   0|  0|   7|           1|           7|
    |select_ln552_15_fu_5263_p3   |    select|   0|  0|   7|           1|           7|
    |select_ln552_160_fu_6757_p3  |    select|   0|  0|   7|           1|           7|
    |select_ln552_161_fu_6764_p3  |    select|   0|  0|   7|           1|           7|
    |select_ln552_162_fu_4470_p3  |    select|   0|  0|   2|           1|           1|
    |select_ln552_163_fu_4478_p3  |    select|   0|  0|   2|           1|           1|
    |select_ln552_164_fu_6791_p3  |    select|   0|  0|   6|           1|           6|
    |select_ln552_165_fu_6813_p3  |    select|   0|  0|   7|           1|           7|
    |select_ln552_166_fu_6819_p3  |    select|   0|  0|   7|           1|           7|
    |select_ln552_167_fu_6826_p3  |    select|   0|  0|   7|           1|           7|
    |select_ln552_168_fu_4620_p3  |    select|   0|  0|   2|           1|           1|
    |select_ln552_169_fu_4628_p3  |    select|   0|  0|   2|           1|           1|
    |select_ln552_16_fu_5269_p3   |    select|   0|  0|   7|           1|           7|
    |select_ln552_170_fu_6853_p3  |    select|   0|  0|   6|           1|           6|
    |select_ln552_171_fu_6875_p3  |    select|   0|  0|   7|           1|           7|
    |select_ln552_172_fu_6881_p3  |    select|   0|  0|   7|           1|           7|
    |select_ln552_173_fu_6888_p3  |    select|   0|  0|   7|           1|           7|
    |select_ln552_174_fu_4770_p3  |    select|   0|  0|   2|           1|           1|
    |select_ln552_175_fu_4778_p3  |    select|   0|  0|   2|           1|           1|
    |select_ln552_176_fu_6915_p3  |    select|   0|  0|   6|           1|           6|
    |select_ln552_177_fu_6937_p3  |    select|   0|  0|   7|           1|           7|
    |select_ln552_178_fu_6943_p3  |    select|   0|  0|   7|           1|           7|
    |select_ln552_179_fu_6950_p3  |    select|   0|  0|   7|           1|           7|
    |select_ln552_17_fu_5276_p3   |    select|   0|  0|   7|           1|           7|
    |select_ln552_180_fu_4920_p3  |    select|   0|  0|   2|           1|           1|
    |select_ln552_181_fu_4928_p3  |    select|   0|  0|   2|           1|           1|
    |select_ln552_182_fu_6977_p3  |    select|   0|  0|   6|           1|           6|
    |select_ln552_183_fu_6999_p3  |    select|   0|  0|   7|           1|           7|
    |select_ln552_184_fu_7005_p3  |    select|   0|  0|   7|           1|           7|
    |select_ln552_185_fu_7012_p3  |    select|   0|  0|   7|           1|           7|
    |select_ln552_186_fu_5070_p3  |    select|   0|  0|   2|           1|           1|
    |select_ln552_187_fu_5078_p3  |    select|   0|  0|   2|           1|           1|
    |select_ln552_188_fu_7039_p3  |    select|   0|  0|   6|           1|           6|
    |select_ln552_189_fu_7061_p3  |    select|   0|  0|   7|           1|           7|
    |select_ln552_18_fu_870_p3    |    select|   0|  0|   2|           1|           1|
    |select_ln552_190_fu_7067_p3  |    select|   0|  0|   7|           1|           7|
    |select_ln552_191_fu_7074_p3  |    select|   0|  0|   7|           1|           7|
    |select_ln552_19_fu_878_p3    |    select|   0|  0|   2|           1|           1|
    |select_ln552_1_fu_428_p3     |    select|   0|  0|   2|           1|           1|
    |select_ln552_20_fu_5303_p3   |    select|   0|  0|   6|           1|           6|
    |select_ln552_21_fu_5325_p3   |    select|   0|  0|   7|           1|           7|
    |select_ln552_22_fu_5331_p3   |    select|   0|  0|   7|           1|           7|
    |select_ln552_23_fu_5338_p3   |    select|   0|  0|   7|           1|           7|
    |select_ln552_24_fu_1020_p3   |    select|   0|  0|   2|           1|           1|
    |select_ln552_25_fu_1028_p3   |    select|   0|  0|   2|           1|           1|
    |select_ln552_26_fu_5365_p3   |    select|   0|  0|   6|           1|           6|
    |select_ln552_27_fu_5387_p3   |    select|   0|  0|   7|           1|           7|
    |select_ln552_28_fu_5393_p3   |    select|   0|  0|   7|           1|           7|
    |select_ln552_29_fu_5400_p3   |    select|   0|  0|   7|           1|           7|
    |select_ln552_2_fu_5117_p3    |    select|   0|  0|   6|           1|           6|
    |select_ln552_30_fu_1170_p3   |    select|   0|  0|   2|           1|           1|
    |select_ln552_31_fu_1178_p3   |    select|   0|  0|   2|           1|           1|
    |select_ln552_32_fu_5427_p3   |    select|   0|  0|   6|           1|           6|
    |select_ln552_33_fu_5449_p3   |    select|   0|  0|   7|           1|           7|
    |select_ln552_34_fu_5455_p3   |    select|   0|  0|   7|           1|           7|
    |select_ln552_35_fu_5462_p3   |    select|   0|  0|   7|           1|           7|
    |select_ln552_36_fu_1320_p3   |    select|   0|  0|   2|           1|           1|
    |select_ln552_37_fu_1328_p3   |    select|   0|  0|   2|           1|           1|
    |select_ln552_38_fu_5489_p3   |    select|   0|  0|   6|           1|           6|
    |select_ln552_39_fu_5511_p3   |    select|   0|  0|   7|           1|           7|
    |select_ln552_3_fu_5139_p3    |    select|   0|  0|   7|           1|           7|
    |select_ln552_40_fu_5517_p3   |    select|   0|  0|   7|           1|           7|
    |select_ln552_41_fu_5524_p3   |    select|   0|  0|   7|           1|           7|
    |select_ln552_42_fu_1470_p3   |    select|   0|  0|   2|           1|           1|
    |select_ln552_43_fu_1478_p3   |    select|   0|  0|   2|           1|           1|
    |select_ln552_44_fu_5551_p3   |    select|   0|  0|   6|           1|           6|
    |select_ln552_45_fu_5573_p3   |    select|   0|  0|   7|           1|           7|
    |select_ln552_46_fu_5579_p3   |    select|   0|  0|   7|           1|           7|
    |select_ln552_47_fu_5586_p3   |    select|   0|  0|   7|           1|           7|
    |select_ln552_48_fu_1620_p3   |    select|   0|  0|   2|           1|           1|
    |select_ln552_49_fu_1628_p3   |    select|   0|  0|   2|           1|           1|
    |select_ln552_4_fu_5145_p3    |    select|   0|  0|   7|           1|           7|
    |select_ln552_50_fu_5613_p3   |    select|   0|  0|   6|           1|           6|
    |select_ln552_51_fu_5635_p3   |    select|   0|  0|   7|           1|           7|
    |select_ln552_52_fu_5641_p3   |    select|   0|  0|   7|           1|           7|
    |select_ln552_53_fu_5648_p3   |    select|   0|  0|   7|           1|           7|
    |select_ln552_54_fu_1770_p3   |    select|   0|  0|   2|           1|           1|
    |select_ln552_55_fu_1778_p3   |    select|   0|  0|   2|           1|           1|
    |select_ln552_56_fu_5675_p3   |    select|   0|  0|   6|           1|           6|
    |select_ln552_57_fu_5697_p3   |    select|   0|  0|   7|           1|           7|
    |select_ln552_58_fu_5703_p3   |    select|   0|  0|   7|           1|           7|
    |select_ln552_59_fu_5710_p3   |    select|   0|  0|   7|           1|           7|
    |select_ln552_5_fu_5152_p3    |    select|   0|  0|   7|           1|           7|
    |select_ln552_60_fu_1920_p3   |    select|   0|  0|   2|           1|           1|
    |select_ln552_61_fu_1928_p3   |    select|   0|  0|   2|           1|           1|
    |select_ln552_62_fu_5737_p3   |    select|   0|  0|   6|           1|           6|
    |select_ln552_63_fu_5759_p3   |    select|   0|  0|   7|           1|           7|
    |select_ln552_64_fu_5765_p3   |    select|   0|  0|   7|           1|           7|
    |select_ln552_65_fu_5772_p3   |    select|   0|  0|   7|           1|           7|
    |select_ln552_66_fu_2070_p3   |    select|   0|  0|   2|           1|           1|
    |select_ln552_67_fu_2078_p3   |    select|   0|  0|   2|           1|           1|
    |select_ln552_68_fu_5799_p3   |    select|   0|  0|   6|           1|           6|
    |select_ln552_69_fu_5821_p3   |    select|   0|  0|   7|           1|           7|
    |select_ln552_6_fu_570_p3     |    select|   0|  0|   2|           1|           1|
    |select_ln552_70_fu_5827_p3   |    select|   0|  0|   7|           1|           7|
    |select_ln552_71_fu_5834_p3   |    select|   0|  0|   7|           1|           7|
    |select_ln552_72_fu_2220_p3   |    select|   0|  0|   2|           1|           1|
    |select_ln552_73_fu_2228_p3   |    select|   0|  0|   2|           1|           1|
    |select_ln552_74_fu_5861_p3   |    select|   0|  0|   6|           1|           6|
    |select_ln552_75_fu_5883_p3   |    select|   0|  0|   7|           1|           7|
    |select_ln552_76_fu_5889_p3   |    select|   0|  0|   7|           1|           7|
    |select_ln552_77_fu_5896_p3   |    select|   0|  0|   7|           1|           7|
    |select_ln552_78_fu_2370_p3   |    select|   0|  0|   2|           1|           1|
    |select_ln552_79_fu_2378_p3   |    select|   0|  0|   2|           1|           1|
    |select_ln552_7_fu_578_p3     |    select|   0|  0|   2|           1|           1|
    |select_ln552_80_fu_5923_p3   |    select|   0|  0|   6|           1|           6|
    |select_ln552_81_fu_5945_p3   |    select|   0|  0|   7|           1|           7|
    |select_ln552_82_fu_5951_p3   |    select|   0|  0|   7|           1|           7|
    |select_ln552_83_fu_5958_p3   |    select|   0|  0|   7|           1|           7|
    |select_ln552_84_fu_2520_p3   |    select|   0|  0|   2|           1|           1|
    |select_ln552_85_fu_2528_p3   |    select|   0|  0|   2|           1|           1|
    |select_ln552_86_fu_5985_p3   |    select|   0|  0|   6|           1|           6|
    |select_ln552_87_fu_6007_p3   |    select|   0|  0|   7|           1|           7|
    |select_ln552_88_fu_6013_p3   |    select|   0|  0|   7|           1|           7|
    |select_ln552_89_fu_6020_p3   |    select|   0|  0|   7|           1|           7|
    |select_ln552_8_fu_5179_p3    |    select|   0|  0|   6|           1|           6|
    |select_ln552_90_fu_2670_p3   |    select|   0|  0|   2|           1|           1|
    |select_ln552_91_fu_2678_p3   |    select|   0|  0|   2|           1|           1|
    |select_ln552_92_fu_6047_p3   |    select|   0|  0|   6|           1|           6|
    |select_ln552_93_fu_6069_p3   |    select|   0|  0|   7|           1|           7|
    |select_ln552_94_fu_6075_p3   |    select|   0|  0|   7|           1|           7|
    |select_ln552_95_fu_6082_p3   |    select|   0|  0|   7|           1|           7|
    |select_ln552_96_fu_2820_p3   |    select|   0|  0|   2|           1|           1|
    |select_ln552_97_fu_2828_p3   |    select|   0|  0|   2|           1|           1|
    |select_ln552_98_fu_6109_p3   |    select|   0|  0|   6|           1|           6|
    |select_ln552_99_fu_6131_p3   |    select|   0|  0|   7|           1|           7|
    |select_ln552_9_fu_5201_p3    |    select|   0|  0|   7|           1|           7|
    |select_ln552_fu_420_p3       |    select|   0|  0|   2|           1|           1|
    |xor_ln552_10_fu_5417_p2      |       xor|   0|  0|   2|           1|           2|
    |xor_ln552_11_fu_5422_p2      |       xor|   0|  0|   2|           2|           1|
    |xor_ln552_12_fu_5479_p2      |       xor|   0|  0|   2|           1|           2|
    |xor_ln552_13_fu_5484_p2      |       xor|   0|  0|   2|           2|           1|
    |xor_ln552_14_fu_5541_p2      |       xor|   0|  0|   2|           1|           2|
    |xor_ln552_15_fu_5546_p2      |       xor|   0|  0|   2|           2|           1|
    |xor_ln552_16_fu_5603_p2      |       xor|   0|  0|   2|           1|           2|
    |xor_ln552_17_fu_5608_p2      |       xor|   0|  0|   2|           2|           1|
    |xor_ln552_18_fu_5665_p2      |       xor|   0|  0|   2|           1|           2|
    |xor_ln552_19_fu_5670_p2      |       xor|   0|  0|   2|           2|           1|
    |xor_ln552_1_fu_5112_p2       |       xor|   0|  0|   2|           2|           1|
    |xor_ln552_20_fu_5727_p2      |       xor|   0|  0|   2|           1|           2|
    |xor_ln552_21_fu_5732_p2      |       xor|   0|  0|   2|           2|           1|
    |xor_ln552_22_fu_5789_p2      |       xor|   0|  0|   2|           1|           2|
    |xor_ln552_23_fu_5794_p2      |       xor|   0|  0|   2|           2|           1|
    |xor_ln552_24_fu_5851_p2      |       xor|   0|  0|   2|           1|           2|
    |xor_ln552_25_fu_5856_p2      |       xor|   0|  0|   2|           2|           1|
    |xor_ln552_26_fu_5913_p2      |       xor|   0|  0|   2|           1|           2|
    |xor_ln552_27_fu_5918_p2      |       xor|   0|  0|   2|           2|           1|
    |xor_ln552_28_fu_5975_p2      |       xor|   0|  0|   2|           1|           2|
    |xor_ln552_29_fu_5980_p2      |       xor|   0|  0|   2|           2|           1|
    |xor_ln552_2_fu_5169_p2       |       xor|   0|  0|   2|           1|           2|
    |xor_ln552_30_fu_6037_p2      |       xor|   0|  0|   2|           1|           2|
    |xor_ln552_31_fu_6042_p2      |       xor|   0|  0|   2|           2|           1|
    |xor_ln552_32_fu_6099_p2      |       xor|   0|  0|   2|           1|           2|
    |xor_ln552_33_fu_6104_p2      |       xor|   0|  0|   2|           2|           1|
    |xor_ln552_34_fu_6161_p2      |       xor|   0|  0|   2|           1|           2|
    |xor_ln552_35_fu_6166_p2      |       xor|   0|  0|   2|           2|           1|
    |xor_ln552_36_fu_6223_p2      |       xor|   0|  0|   2|           1|           2|
    |xor_ln552_37_fu_6228_p2      |       xor|   0|  0|   2|           2|           1|
    |xor_ln552_38_fu_6285_p2      |       xor|   0|  0|   2|           1|           2|
    |xor_ln552_39_fu_6290_p2      |       xor|   0|  0|   2|           2|           1|
    |xor_ln552_3_fu_5174_p2       |       xor|   0|  0|   2|           2|           1|
    |xor_ln552_40_fu_6347_p2      |       xor|   0|  0|   2|           1|           2|
    |xor_ln552_41_fu_6352_p2      |       xor|   0|  0|   2|           2|           1|
    |xor_ln552_42_fu_6409_p2      |       xor|   0|  0|   2|           1|           2|
    |xor_ln552_43_fu_6414_p2      |       xor|   0|  0|   2|           2|           1|
    |xor_ln552_44_fu_6471_p2      |       xor|   0|  0|   2|           1|           2|
    |xor_ln552_45_fu_6476_p2      |       xor|   0|  0|   2|           2|           1|
    |xor_ln552_46_fu_6533_p2      |       xor|   0|  0|   2|           1|           2|
    |xor_ln552_47_fu_6538_p2      |       xor|   0|  0|   2|           2|           1|
    |xor_ln552_48_fu_6595_p2      |       xor|   0|  0|   2|           1|           2|
    |xor_ln552_49_fu_6600_p2      |       xor|   0|  0|   2|           2|           1|
    |xor_ln552_4_fu_5231_p2       |       xor|   0|  0|   2|           1|           2|
    |xor_ln552_50_fu_6657_p2      |       xor|   0|  0|   2|           1|           2|
    |xor_ln552_51_fu_6662_p2      |       xor|   0|  0|   2|           2|           1|
    |xor_ln552_52_fu_6719_p2      |       xor|   0|  0|   2|           1|           2|
    |xor_ln552_53_fu_6724_p2      |       xor|   0|  0|   2|           2|           1|
    |xor_ln552_54_fu_6781_p2      |       xor|   0|  0|   2|           1|           2|
    |xor_ln552_55_fu_6786_p2      |       xor|   0|  0|   2|           2|           1|
    |xor_ln552_56_fu_6843_p2      |       xor|   0|  0|   2|           1|           2|
    |xor_ln552_57_fu_6848_p2      |       xor|   0|  0|   2|           2|           1|
    |xor_ln552_58_fu_6905_p2      |       xor|   0|  0|   2|           1|           2|
    |xor_ln552_59_fu_6910_p2      |       xor|   0|  0|   2|           2|           1|
    |xor_ln552_5_fu_5236_p2       |       xor|   0|  0|   2|           2|           1|
    |xor_ln552_60_fu_6967_p2      |       xor|   0|  0|   2|           1|           2|
    |xor_ln552_61_fu_6972_p2      |       xor|   0|  0|   2|           2|           1|
    |xor_ln552_62_fu_7029_p2      |       xor|   0|  0|   2|           1|           2|
    |xor_ln552_63_fu_7034_p2      |       xor|   0|  0|   2|           2|           1|
    |xor_ln552_64_fu_414_p2       |       xor|   0|  0|   2|           1|           2|
    |xor_ln552_65_fu_564_p2       |       xor|   0|  0|   2|           1|           2|
    |xor_ln552_66_fu_714_p2       |       xor|   0|  0|   2|           1|           2|
    |xor_ln552_67_fu_864_p2       |       xor|   0|  0|   2|           1|           2|
    |xor_ln552_68_fu_1014_p2      |       xor|   0|  0|   2|           1|           2|
    |xor_ln552_69_fu_1164_p2      |       xor|   0|  0|   2|           1|           2|
    |xor_ln552_6_fu_5293_p2       |       xor|   0|  0|   2|           1|           2|
    |xor_ln552_70_fu_1314_p2      |       xor|   0|  0|   2|           1|           2|
    |xor_ln552_71_fu_1464_p2      |       xor|   0|  0|   2|           1|           2|
    |xor_ln552_72_fu_1614_p2      |       xor|   0|  0|   2|           1|           2|
    |xor_ln552_73_fu_1764_p2      |       xor|   0|  0|   2|           1|           2|
    |xor_ln552_74_fu_1914_p2      |       xor|   0|  0|   2|           1|           2|
    |xor_ln552_75_fu_2064_p2      |       xor|   0|  0|   2|           1|           2|
    |xor_ln552_76_fu_2214_p2      |       xor|   0|  0|   2|           1|           2|
    |xor_ln552_77_fu_2364_p2      |       xor|   0|  0|   2|           1|           2|
    |xor_ln552_78_fu_2514_p2      |       xor|   0|  0|   2|           1|           2|
    |xor_ln552_79_fu_2664_p2      |       xor|   0|  0|   2|           1|           2|
    |xor_ln552_7_fu_5298_p2       |       xor|   0|  0|   2|           2|           1|
    |xor_ln552_80_fu_2814_p2      |       xor|   0|  0|   2|           1|           2|
    |xor_ln552_81_fu_2964_p2      |       xor|   0|  0|   2|           1|           2|
    |xor_ln552_82_fu_3114_p2      |       xor|   0|  0|   2|           1|           2|
    |xor_ln552_83_fu_3264_p2      |       xor|   0|  0|   2|           1|           2|
    |xor_ln552_84_fu_3414_p2      |       xor|   0|  0|   2|           1|           2|
    |xor_ln552_85_fu_3564_p2      |       xor|   0|  0|   2|           1|           2|
    |xor_ln552_86_fu_3714_p2      |       xor|   0|  0|   2|           1|           2|
    |xor_ln552_87_fu_3864_p2      |       xor|   0|  0|   2|           1|           2|
    |xor_ln552_88_fu_4014_p2      |       xor|   0|  0|   2|           1|           2|
    |xor_ln552_89_fu_4164_p2      |       xor|   0|  0|   2|           1|           2|
    |xor_ln552_8_fu_5355_p2       |       xor|   0|  0|   2|           1|           2|
    |xor_ln552_90_fu_4314_p2      |       xor|   0|  0|   2|           1|           2|
    |xor_ln552_91_fu_4464_p2      |       xor|   0|  0|   2|           1|           2|
    |xor_ln552_92_fu_4614_p2      |       xor|   0|  0|   2|           1|           2|
    |xor_ln552_93_fu_4764_p2      |       xor|   0|  0|   2|           1|           2|
    |xor_ln552_94_fu_4914_p2      |       xor|   0|  0|   2|           1|           2|
    |xor_ln552_95_fu_5064_p2      |       xor|   0|  0|   2|           1|           2|
    |xor_ln552_9_fu_5360_p2       |       xor|   0|  0|   2|           2|           1|
    |xor_ln552_fu_5107_p2         |       xor|   0|  0|   2|           1|           2|
    +-----------------------------+----------+----+---+----+------------+------------+
    |Total                        |          |   0|  0|4480|        2016|        1728|
    +-----------------------------+----------+----+---+----+------------+------------+

    * Multiplexer: 
    N/A

    * Register: 
    +------------------------+---+----+-----+-----------+
    |          Name          | FF| LUT| Bits| Const Bits|
    +------------------------+---+----+-----+-----------+
    |add_ln552_10_reg_7591   |  7|   0|    7|          0|
    |add_ln552_11_reg_7621   |  7|   0|    7|          0|
    |add_ln552_12_reg_7651   |  7|   0|    7|          0|
    |add_ln552_13_reg_7681   |  7|   0|    7|          0|
    |add_ln552_14_reg_7711   |  7|   0|    7|          0|
    |add_ln552_15_reg_7741   |  7|   0|    7|          0|
    |add_ln552_16_reg_7771   |  7|   0|    7|          0|
    |add_ln552_17_reg_7801   |  7|   0|    7|          0|
    |add_ln552_18_reg_7831   |  7|   0|    7|          0|
    |add_ln552_19_reg_7861   |  7|   0|    7|          0|
    |add_ln552_1_reg_7321    |  7|   0|    7|          0|
    |add_ln552_20_reg_7891   |  7|   0|    7|          0|
    |add_ln552_21_reg_7921   |  7|   0|    7|          0|
    |add_ln552_22_reg_7951   |  7|   0|    7|          0|
    |add_ln552_23_reg_7981   |  7|   0|    7|          0|
    |add_ln552_24_reg_8011   |  7|   0|    7|          0|
    |add_ln552_25_reg_8041   |  7|   0|    7|          0|
    |add_ln552_26_reg_8071   |  7|   0|    7|          0|
    |add_ln552_27_reg_8101   |  7|   0|    7|          0|
    |add_ln552_28_reg_8131   |  7|   0|    7|          0|
    |add_ln552_29_reg_8161   |  7|   0|    7|          0|
    |add_ln552_2_reg_7351    |  7|   0|    7|          0|
    |add_ln552_30_reg_8191   |  7|   0|    7|          0|
    |add_ln552_31_reg_8221   |  7|   0|    7|          0|
    |add_ln552_3_reg_7381    |  7|   0|    7|          0|
    |add_ln552_4_reg_7411    |  7|   0|    7|          0|
    |add_ln552_5_reg_7441    |  7|   0|    7|          0|
    |add_ln552_6_reg_7471    |  7|   0|    7|          0|
    |add_ln552_7_reg_7501    |  7|   0|    7|          0|
    |add_ln552_8_reg_7531    |  7|   0|    7|          0|
    |add_ln552_9_reg_7561    |  7|   0|    7|          0|
    |add_ln552_reg_7291      |  7|   0|    7|          0|
    |and_ln552_102_reg_8054  |  1|   0|    1|          0|
    |and_ln552_106_reg_8084  |  1|   0|    1|          0|
    |and_ln552_10_reg_7364   |  1|   0|    1|          0|
    |and_ln552_110_reg_8114  |  1|   0|    1|          0|
    |and_ln552_114_reg_8144  |  1|   0|    1|          0|
    |and_ln552_118_reg_8174  |  1|   0|    1|          0|
    |and_ln552_122_reg_8204  |  1|   0|    1|          0|
    |and_ln552_126_reg_8234  |  1|   0|    1|          0|
    |and_ln552_14_reg_7394   |  1|   0|    1|          0|
    |and_ln552_18_reg_7424   |  1|   0|    1|          0|
    |and_ln552_22_reg_7454   |  1|   0|    1|          0|
    |and_ln552_26_reg_7484   |  1|   0|    1|          0|
    |and_ln552_2_reg_7304    |  1|   0|    1|          0|
    |and_ln552_30_reg_7514   |  1|   0|    1|          0|
    |and_ln552_34_reg_7544   |  1|   0|    1|          0|
    |and_ln552_38_reg_7574   |  1|   0|    1|          0|
    |and_ln552_42_reg_7604   |  1|   0|    1|          0|
    |and_ln552_46_reg_7634   |  1|   0|    1|          0|
    |and_ln552_50_reg_7664   |  1|   0|    1|          0|
    |and_ln552_54_reg_7694   |  1|   0|    1|          0|
    |and_ln552_58_reg_7724   |  1|   0|    1|          0|
    |and_ln552_62_reg_7754   |  1|   0|    1|          0|
    |and_ln552_66_reg_7784   |  1|   0|    1|          0|
    |and_ln552_6_reg_7334    |  1|   0|    1|          0|
    |and_ln552_70_reg_7814   |  1|   0|    1|          0|
    |and_ln552_74_reg_7844   |  1|   0|    1|          0|
    |and_ln552_78_reg_7874   |  1|   0|    1|          0|
    |and_ln552_82_reg_7904   |  1|   0|    1|          0|
    |and_ln552_86_reg_7934   |  1|   0|    1|          0|
    |and_ln552_90_reg_7964   |  1|   0|    1|          0|
    |and_ln552_94_reg_7994   |  1|   0|    1|          0|
    |and_ln552_98_reg_8024   |  1|   0|    1|          0|
    |icmp_ln551_10_reg_7580  |  1|   0|    1|          0|
    |icmp_ln551_11_reg_7610  |  1|   0|    1|          0|
    |icmp_ln551_12_reg_7640  |  1|   0|    1|          0|
    |icmp_ln551_13_reg_7670  |  1|   0|    1|          0|
    |icmp_ln551_14_reg_7700  |  1|   0|    1|          0|
    |icmp_ln551_15_reg_7730  |  1|   0|    1|          0|
    |icmp_ln551_16_reg_7760  |  1|   0|    1|          0|
    |icmp_ln551_17_reg_7790  |  1|   0|    1|          0|
    |icmp_ln551_18_reg_7820  |  1|   0|    1|          0|
    |icmp_ln551_19_reg_7850  |  1|   0|    1|          0|
    |icmp_ln551_1_reg_7310   |  1|   0|    1|          0|
    |icmp_ln551_20_reg_7880  |  1|   0|    1|          0|
    |icmp_ln551_21_reg_7910  |  1|   0|    1|          0|
    |icmp_ln551_22_reg_7940  |  1|   0|    1|          0|
    |icmp_ln551_23_reg_7970  |  1|   0|    1|          0|
    |icmp_ln551_24_reg_8000  |  1|   0|    1|          0|
    |icmp_ln551_25_reg_8030  |  1|   0|    1|          0|
    |icmp_ln551_26_reg_8060  |  1|   0|    1|          0|
    |icmp_ln551_27_reg_8090  |  1|   0|    1|          0|
    |icmp_ln551_28_reg_8120  |  1|   0|    1|          0|
    |icmp_ln551_29_reg_8150  |  1|   0|    1|          0|
    |icmp_ln551_2_reg_7340   |  1|   0|    1|          0|
    |icmp_ln551_30_reg_8180  |  1|   0|    1|          0|
    |icmp_ln551_31_reg_8210  |  1|   0|    1|          0|
    |icmp_ln551_3_reg_7370   |  1|   0|    1|          0|
    |icmp_ln551_4_reg_7400   |  1|   0|    1|          0|
    |icmp_ln551_5_reg_7430   |  1|   0|    1|          0|
    |icmp_ln551_6_reg_7460   |  1|   0|    1|          0|
    |icmp_ln551_7_reg_7490   |  1|   0|    1|          0|
    |icmp_ln551_8_reg_7520   |  1|   0|    1|          0|
    |icmp_ln551_9_reg_7550   |  1|   0|    1|          0|
    |icmp_ln551_reg_7280     |  1|   0|    1|          0|
    |or_ln552_10_reg_7388    |  1|   0|    1|          0|
    |or_ln552_13_reg_7418    |  1|   0|    1|          0|
    |or_ln552_16_reg_7448    |  1|   0|    1|          0|
    |or_ln552_19_reg_7478    |  1|   0|    1|          0|
    |or_ln552_1_reg_7298     |  1|   0|    1|          0|
    |or_ln552_22_reg_7508    |  1|   0|    1|          0|
    |or_ln552_25_reg_7538    |  1|   0|    1|          0|
    |or_ln552_28_reg_7568    |  1|   0|    1|          0|
    |or_ln552_31_reg_7598    |  1|   0|    1|          0|
    |or_ln552_34_reg_7628    |  1|   0|    1|          0|
    |or_ln552_37_reg_7658    |  1|   0|    1|          0|
    |or_ln552_40_reg_7688    |  1|   0|    1|          0|
    |or_ln552_43_reg_7718    |  1|   0|    1|          0|
    |or_ln552_46_reg_7748    |  1|   0|    1|          0|
    |or_ln552_49_reg_7778    |  1|   0|    1|          0|
    |or_ln552_4_reg_7328     |  1|   0|    1|          0|
    |or_ln552_52_reg_7808    |  1|   0|    1|          0|
    |or_ln552_55_reg_7838    |  1|   0|    1|          0|
    |or_ln552_58_reg_7868    |  1|   0|    1|          0|
    |or_ln552_61_reg_7898    |  1|   0|    1|          0|
    |or_ln552_64_reg_7928    |  1|   0|    1|          0|
    |or_ln552_67_reg_7958    |  1|   0|    1|          0|
    |or_ln552_70_reg_7988    |  1|   0|    1|          0|
    |or_ln552_73_reg_8018    |  1|   0|    1|          0|
    |or_ln552_76_reg_8048    |  1|   0|    1|          0|
    |or_ln552_79_reg_8078    |  1|   0|    1|          0|
    |or_ln552_7_reg_7358     |  1|   0|    1|          0|
    |or_ln552_82_reg_8108    |  1|   0|    1|          0|
    |or_ln552_85_reg_8138    |  1|   0|    1|          0|
    |or_ln552_88_reg_8168    |  1|   0|    1|          0|
    |or_ln552_91_reg_8198    |  1|   0|    1|          0|
    |or_ln552_94_reg_8228    |  1|   0|    1|          0|
    |tmp_101_reg_7795        |  1|   0|    1|          0|
    |tmp_107_reg_7825        |  1|   0|    1|          0|
    |tmp_113_reg_7855        |  1|   0|    1|          0|
    |tmp_119_reg_7885        |  1|   0|    1|          0|
    |tmp_11_reg_7345         |  1|   0|    1|          0|
    |tmp_125_reg_7915        |  1|   0|    1|          0|
    |tmp_131_reg_7945        |  1|   0|    1|          0|
    |tmp_137_reg_7975        |  1|   0|    1|          0|
    |tmp_143_reg_8005        |  1|   0|    1|          0|
    |tmp_149_reg_8035        |  1|   0|    1|          0|
    |tmp_155_reg_8065        |  1|   0|    1|          0|
    |tmp_161_reg_8095        |  1|   0|    1|          0|
    |tmp_167_reg_8125        |  1|   0|    1|          0|
    |tmp_173_reg_8155        |  1|   0|    1|          0|
    |tmp_179_reg_8185        |  1|   0|    1|          0|
    |tmp_17_reg_7375         |  1|   0|    1|          0|
    |tmp_185_reg_8215        |  1|   0|    1|          0|
    |tmp_23_reg_7405         |  1|   0|    1|          0|
    |tmp_29_reg_7435         |  1|   0|    1|          0|
    |tmp_35_reg_7465         |  1|   0|    1|          0|
    |tmp_41_reg_7495         |  1|   0|    1|          0|
    |tmp_47_reg_7525         |  1|   0|    1|          0|
    |tmp_53_reg_7555         |  1|   0|    1|          0|
    |tmp_59_reg_7585         |  1|   0|    1|          0|
    |tmp_5_reg_7315          |  1|   0|    1|          0|
    |tmp_65_reg_7615         |  1|   0|    1|          0|
    |tmp_71_reg_7645         |  1|   0|    1|          0|
    |tmp_77_reg_7675         |  1|   0|    1|          0|
    |tmp_83_reg_7705         |  1|   0|    1|          0|
    |tmp_89_reg_7735         |  1|   0|    1|          0|
    |tmp_95_reg_7765         |  1|   0|    1|          0|
    |tmp_reg_7285            |  1|   0|    1|          0|
    +------------------------+---+----+-----+-----------+
    |Total                   |352|   0|  352|          0|
    +------------------------+---+----+-----+-----------+



================================================================
== Interface
================================================================
* Summary: 
+--------------+-----+-----+------------+-------------------------------------------------------------------------+--------------+
|   RTL Ports  | Dir | Bits|  Protocol  |                              Source Object                              |    C Type    |
+--------------+-----+-----+------------+-------------------------------------------------------------------------+--------------+
|ap_clk        |   in|    1|  ap_ctrl_hs|  thresholded_relu<ap_fixed,ap_ufixed,ap_ufixed,thresholdedrelu_config79>|  return value|
|ap_rst        |   in|    1|  ap_ctrl_hs|  thresholded_relu<ap_fixed,ap_ufixed,ap_ufixed,thresholdedrelu_config79>|  return value|
|ap_return_0   |  out|    7|  ap_ctrl_hs|  thresholded_relu<ap_fixed,ap_ufixed,ap_ufixed,thresholdedrelu_config79>|  return value|
|ap_return_1   |  out|    7|  ap_ctrl_hs|  thresholded_relu<ap_fixed,ap_ufixed,ap_ufixed,thresholdedrelu_config79>|  return value|
|ap_return_2   |  out|    7|  ap_ctrl_hs|  thresholded_relu<ap_fixed,ap_ufixed,ap_ufixed,thresholdedrelu_config79>|  return value|
|ap_return_3   |  out|    7|  ap_ctrl_hs|  thresholded_relu<ap_fixed,ap_ufixed,ap_ufixed,thresholdedrelu_config79>|  return value|
|ap_return_4   |  out|    7|  ap_ctrl_hs|  thresholded_relu<ap_fixed,ap_ufixed,ap_ufixed,thresholdedrelu_config79>|  return value|
|ap_return_5   |  out|    7|  ap_ctrl_hs|  thresholded_relu<ap_fixed,ap_ufixed,ap_ufixed,thresholdedrelu_config79>|  return value|
|ap_return_6   |  out|    7|  ap_ctrl_hs|  thresholded_relu<ap_fixed,ap_ufixed,ap_ufixed,thresholdedrelu_config79>|  return value|
|ap_return_7   |  out|    7|  ap_ctrl_hs|  thresholded_relu<ap_fixed,ap_ufixed,ap_ufixed,thresholdedrelu_config79>|  return value|
|ap_return_8   |  out|    7|  ap_ctrl_hs|  thresholded_relu<ap_fixed,ap_ufixed,ap_ufixed,thresholdedrelu_config79>|  return value|
|ap_return_9   |  out|    7|  ap_ctrl_hs|  thresholded_relu<ap_fixed,ap_ufixed,ap_ufixed,thresholdedrelu_config79>|  return value|
|ap_return_10  |  out|    7|  ap_ctrl_hs|  thresholded_relu<ap_fixed,ap_ufixed,ap_ufixed,thresholdedrelu_config79>|  return value|
|ap_return_11  |  out|    7|  ap_ctrl_hs|  thresholded_relu<ap_fixed,ap_ufixed,ap_ufixed,thresholdedrelu_config79>|  return value|
|ap_return_12  |  out|    7|  ap_ctrl_hs|  thresholded_relu<ap_fixed,ap_ufixed,ap_ufixed,thresholdedrelu_config79>|  return value|
|ap_return_13  |  out|    7|  ap_ctrl_hs|  thresholded_relu<ap_fixed,ap_ufixed,ap_ufixed,thresholdedrelu_config79>|  return value|
|ap_return_14  |  out|    7|  ap_ctrl_hs|  thresholded_relu<ap_fixed,ap_ufixed,ap_ufixed,thresholdedrelu_config79>|  return value|
|ap_return_15  |  out|    7|  ap_ctrl_hs|  thresholded_relu<ap_fixed,ap_ufixed,ap_ufixed,thresholdedrelu_config79>|  return value|
|ap_return_16  |  out|    7|  ap_ctrl_hs|  thresholded_relu<ap_fixed,ap_ufixed,ap_ufixed,thresholdedrelu_config79>|  return value|
|ap_return_17  |  out|    7|  ap_ctrl_hs|  thresholded_relu<ap_fixed,ap_ufixed,ap_ufixed,thresholdedrelu_config79>|  return value|
|ap_return_18  |  out|    7|  ap_ctrl_hs|  thresholded_relu<ap_fixed,ap_ufixed,ap_ufixed,thresholdedrelu_config79>|  return value|
|ap_return_19  |  out|    7|  ap_ctrl_hs|  thresholded_relu<ap_fixed,ap_ufixed,ap_ufixed,thresholdedrelu_config79>|  return value|
|ap_return_20  |  out|    7|  ap_ctrl_hs|  thresholded_relu<ap_fixed,ap_ufixed,ap_ufixed,thresholdedrelu_config79>|  return value|
|ap_return_21  |  out|    7|  ap_ctrl_hs|  thresholded_relu<ap_fixed,ap_ufixed,ap_ufixed,thresholdedrelu_config79>|  return value|
|ap_return_22  |  out|    7|  ap_ctrl_hs|  thresholded_relu<ap_fixed,ap_ufixed,ap_ufixed,thresholdedrelu_config79>|  return value|
|ap_return_23  |  out|    7|  ap_ctrl_hs|  thresholded_relu<ap_fixed,ap_ufixed,ap_ufixed,thresholdedrelu_config79>|  return value|
|ap_return_24  |  out|    7|  ap_ctrl_hs|  thresholded_relu<ap_fixed,ap_ufixed,ap_ufixed,thresholdedrelu_config79>|  return value|
|ap_return_25  |  out|    7|  ap_ctrl_hs|  thresholded_relu<ap_fixed,ap_ufixed,ap_ufixed,thresholdedrelu_config79>|  return value|
|ap_return_26  |  out|    7|  ap_ctrl_hs|  thresholded_relu<ap_fixed,ap_ufixed,ap_ufixed,thresholdedrelu_config79>|  return value|
|ap_return_27  |  out|    7|  ap_ctrl_hs|  thresholded_relu<ap_fixed,ap_ufixed,ap_ufixed,thresholdedrelu_config79>|  return value|
|ap_return_28  |  out|    7|  ap_ctrl_hs|  thresholded_relu<ap_fixed,ap_ufixed,ap_ufixed,thresholdedrelu_config79>|  return value|
|ap_return_29  |  out|    7|  ap_ctrl_hs|  thresholded_relu<ap_fixed,ap_ufixed,ap_ufixed,thresholdedrelu_config79>|  return value|
|ap_return_30  |  out|    7|  ap_ctrl_hs|  thresholded_relu<ap_fixed,ap_ufixed,ap_ufixed,thresholdedrelu_config79>|  return value|
|ap_return_31  |  out|    7|  ap_ctrl_hs|  thresholded_relu<ap_fixed,ap_ufixed,ap_ufixed,thresholdedrelu_config79>|  return value|
|data_0_val    |   in|   21|     ap_none|                                                               data_0_val|        scalar|
|data_1_val    |   in|   21|     ap_none|                                                               data_1_val|        scalar|
|data_2_val    |   in|   21|     ap_none|                                                               data_2_val|        scalar|
|data_3_val    |   in|   21|     ap_none|                                                               data_3_val|        scalar|
|data_4_val    |   in|   21|     ap_none|                                                               data_4_val|        scalar|
|data_5_val    |   in|   21|     ap_none|                                                               data_5_val|        scalar|
|data_6_val    |   in|   21|     ap_none|                                                               data_6_val|        scalar|
|data_7_val    |   in|   21|     ap_none|                                                               data_7_val|        scalar|
|data_8_val    |   in|   21|     ap_none|                                                               data_8_val|        scalar|
|data_9_val    |   in|   21|     ap_none|                                                               data_9_val|        scalar|
|data_10_val   |   in|   21|     ap_none|                                                              data_10_val|        scalar|
|data_11_val   |   in|   21|     ap_none|                                                              data_11_val|        scalar|
|data_12_val   |   in|   21|     ap_none|                                                              data_12_val|        scalar|
|data_13_val   |   in|   21|     ap_none|                                                              data_13_val|        scalar|
|data_14_val   |   in|   21|     ap_none|                                                              data_14_val|        scalar|
|data_15_val   |   in|   21|     ap_none|                                                              data_15_val|        scalar|
|data_16_val   |   in|   21|     ap_none|                                                              data_16_val|        scalar|
|data_17_val   |   in|   21|     ap_none|                                                              data_17_val|        scalar|
|data_18_val   |   in|   21|     ap_none|                                                              data_18_val|        scalar|
|data_19_val   |   in|   21|     ap_none|                                                              data_19_val|        scalar|
|data_20_val   |   in|   21|     ap_none|                                                              data_20_val|        scalar|
|data_21_val   |   in|   21|     ap_none|                                                              data_21_val|        scalar|
|data_22_val   |   in|   21|     ap_none|                                                              data_22_val|        scalar|
|data_23_val   |   in|   21|     ap_none|                                                              data_23_val|        scalar|
|data_24_val   |   in|   21|     ap_none|                                                              data_24_val|        scalar|
|data_25_val   |   in|   21|     ap_none|                                                              data_25_val|        scalar|
|data_26_val   |   in|   21|     ap_none|                                                              data_26_val|        scalar|
|data_27_val   |   in|   21|     ap_none|                                                              data_27_val|        scalar|
|data_28_val   |   in|   21|     ap_none|                                                              data_28_val|        scalar|
|data_29_val   |   in|   21|     ap_none|                                                              data_29_val|        scalar|
|data_30_val   |   in|   21|     ap_none|                                                              data_30_val|        scalar|
|data_31_val   |   in|   21|     ap_none|                                                              data_31_val|        scalar|
+--------------+-----+-----+------------+-------------------------------------------------------------------------+--------------+

