2026-09-19T00:41:12.855269952Z [epoch 286/1000] EBOPs=721715 target=350000 beta=0.001 val_AUC=0.705554 val_accuracy=0.406315 seconds=111.6 checkpoint=epoch-0286
2026-09-19T00:43:29.168616998Z [epoch 287/1000] EBOPs=721225 target=350000 beta=0.001 val_AUC=0.695133 val_accuracy=0.397105 seconds=111.2 checkpoint=epoch-0287
2026-09-19T00:45:57.141714996Z [epoch 288/1000] EBOPs=721720 target=350000 beta=0.001 val_AUC=0.701368 val_accuracy=0.406895 seconds=114.1 checkpoint=epoch-0288
2026-09-19T00:48:20.897044498Z [epoch 289/1000] EBOPs=721735 target=350000 beta=0.001 val_AUC=0.727561 val_accuracy=0.417266 seconds=112.3 checkpoint=epoch-0289
2026-09-19T00:50:36.849359599Z [epoch 290/1000] EBOPs=721193 target=350000 beta=0.001 val_AUC=0.679597 val_accuracy=0.397661 seconds=113.1 checkpoint=epoch-0290
2026-09-19T00:53:00.559334757Z [epoch 291/1000] EBOPs=722274 target=350000 beta=0.001 val_AUC=0.698749 val_accuracy=0.388766 seconds=111.0 checkpoint=epoch-0291
2026-09-19T00:55:16.839287644Z [epoch 292/1000] EBOPs=721250 target=350000 beta=0.001 val_AUC=0.700231 val_accuracy=0.397532 seconds=111.0 checkpoint=epoch-0292
2026-09-19T00:57:41.248295343Z [epoch 293/1000] EBOPs=721250 target=350000 beta=0.001 val_AUC=0.691425 val_accuracy=0.395000 seconds=108.7 checkpoint=epoch-0293
2026-09-19T01:00:00.045310615Z [epoch 294/1000] EBOPs=721277 target=350000 beta=0.001 val_AUC=0.714232 val_accuracy=0.400419 seconds=110.2 checkpoint=epoch-0294
2026-09-19T01:02:20.774465917Z [epoch 295/1000] EBOPs=721260 target=350000 beta=0.001 val_AUC=0.709345 val_accuracy=0.412516 seconds=113.2 checkpoint=epoch-0295
2026-09-19T01:04:37.517088629Z [epoch 296/1000] EBOPs=721804 target=350000 beta=0.001 val_AUC=0.717292 val_accuracy=0.409710 seconds=111.6 checkpoint=epoch-0296
2026-09-19T01:07:03.233381482Z [epoch 297/1000] EBOPs=721695 target=350000 beta=0.001 val_AUC=0.700919 val_accuracy=0.413452 seconds=110.4 checkpoint=epoch-0297
2026-09-19T01:09:19.875817219Z [epoch 298/1000] EBOPs=722242 target=350000 beta=0.001 val_AUC=0.709085 val_accuracy=0.407718 seconds=108.9 checkpoint=epoch-0298
2026-09-19T01:11:32.427868143Z [epoch 299/1000] EBOPs=721230 target=350000 beta=0.001 val_AUC=0.699362 val_accuracy=0.409968 seconds=107.8 checkpoint=epoch-0299
2026-09-19T01:13:55.357693458Z [epoch 300/1000] EBOPs=721208 target=350000 beta=0.001 val_AUC=0.710273 val_accuracy=0.401298 seconds=110.4 checkpoint=epoch-0300
2026-09-19T01:13:55.375791126Z wandb: Adding directory to artifact (/data/batch20260917/n16/runs/batch20260918-b04-s6/checkpoints/epoch-0300)... Done. 0.0s
2026-09-19T01:13:59.927058367Z [wandb] artifact resume-batch20260918-b04-s6:v11 committed (5 files)
2026-09-19T01:16:23.832625241Z [epoch 301/1000] EBOPs=723788 target=350000 beta=0.001 val_AUC=0.706924 val_accuracy=0.403621 seconds=111.2 checkpoint=epoch-0301
2026-09-19T01:18:36.942077770Z [epoch 302/1000] EBOPs=721213 target=350000 beta=0.001 val_AUC=0.714533 val_accuracy=0.403484 seconds=110.8 checkpoint=epoch-0302
2026-09-19T01:20:55.530248502Z [epoch 303/1000] EBOPs=721260 target=350000 beta=0.001 val_AUC=0.712440 val_accuracy=0.412919 seconds=110.1 checkpoint=epoch-0303
2026-09-19T01:23:25.007158105Z [epoch 304/1000] EBOPs=722028 target=350000 beta=0.001 val_AUC=0.730477 val_accuracy=0.432694 seconds=109.5 checkpoint=epoch-0304
2026-09-19T01:25:59.299771389Z [epoch 305/1000] EBOPs=721245 target=350000 beta=0.001 val_AUC=0.713378 val_accuracy=0.408250 seconds=112.8 checkpoint=epoch-0305
2026-09-19T01:28:27.612752783Z [epoch 306/1000] EBOPs=721218 target=350000 beta=0.001 val_AUC=0.708466 val_accuracy=0.394460 seconds=112.4 checkpoint=epoch-0306
2026-09-19T01:30:52.510897024Z [epoch 307/1000] EBOPs=721208 target=350000 beta=0.001 val_AUC=0.708409 val_accuracy=0.405258 seconds=111.3 checkpoint=epoch-0307
2026-09-19T01:33:09.577389923Z [epoch 308/1000] EBOPs=721213 target=350000 beta=0.001 val_AUC=0.708134 val_accuracy=0.404024 seconds=110.2 checkpoint=epoch-0308
2026-09-19T01:35:30.863019684Z [epoch 309/1000] EBOPs=721762 target=350000 beta=0.001 val_AUC=0.727874 val_accuracy=0.423137 seconds=111.1 checkpoint=epoch-0309
2026-09-19T01:37:52.524790745Z [epoch 310/1000] EBOPs=721220 target=350000 beta=0.001 val_AUC=0.702463 val_accuracy=0.408468 seconds=115.1 checkpoint=epoch-0310
2026-09-19T01:40:11.952098193Z [epoch 311/1000] EBOPs=721223 target=350000 beta=0.001 val_AUC=0.710259 val_accuracy=0.398516 seconds=109.9 checkpoint=epoch-0311
2026-09-19T01:42:38.768976733Z [epoch 312/1000] EBOPs=722294 target=350000 beta=0.001 val_AUC=0.707281 val_accuracy=0.401226 seconds=114.7 checkpoint=epoch-0312
2026-09-19T01:45:02.737619133Z [epoch 313/1000] EBOPs=721250 target=350000 beta=0.001 val_AUC=0.710472 val_accuracy=0.398952 seconds=116.1 checkpoint=epoch-0313
2026-09-19T01:47:21.374018935Z [epoch 314/1000] EBOPs=721459 target=350000 beta=0.001 val_AUC=0.701488 val_accuracy=0.398121 seconds=110.9 checkpoint=epoch-0314
2026-09-19T01:49:46.343138289Z [epoch 315/1000] EBOPs=721203 target=350000 beta=0.001 val_AUC=0.710873 val_accuracy=0.396016 seconds=113.9 checkpoint=epoch-0315
2026-09-19T01:52:02.865506427Z [epoch 316/1000] EBOPs=721725 target=350000 beta=0.001 val_AUC=0.707340 val_accuracy=0.409105 seconds=109.9 checkpoint=epoch-0316
2026-09-19T01:54:25.907168953Z [epoch 317/1000] EBOPs=721220 target=350000 beta=0.001 val_AUC=0.707032 val_accuracy=0.404645 seconds=109.3 checkpoint=epoch-0317
2026-09-19T01:56:41.946570560Z [epoch 318/1000] EBOPs=721218 target=350000 beta=0.001 val_AUC=0.705145 val_accuracy=0.408323 seconds=109.3 checkpoint=epoch-0318
2026-09-19T01:59:02.583348300Z [epoch 319/1000] EBOPs=721218 target=350000 beta=0.001 val_AUC=0.702422 val_accuracy=0.410419 seconds=109.5 checkpoint=epoch-0319
2026-09-19T02:01:22.832579195Z [epoch 320/1000] EBOPs=721213 target=350000 beta=0.001 val_AUC=0.704612 val_accuracy=0.411097 seconds=112.6 checkpoint=epoch-0320
2026-09-19T02:03:37.766567679Z [epoch 321/1000] EBOPs=721240 target=350000 beta=0.001 val_AUC=0.703263 val_accuracy=0.407532 seconds=109.3 checkpoint=epoch-0321
2026-09-19T02:05:59.098804765Z [epoch 322/1000] EBOPs=721735 target=350000 beta=0.001 val_AUC=0.709385 val_accuracy=0.394815 seconds=114.0 checkpoint=epoch-0322
2026-09-19T02:08:19.977753345Z [epoch 323/1000] EBOPs=721228 target=350000 beta=0.001 val_AUC=0.712542 val_accuracy=0.403927 seconds=112.1 checkpoint=epoch-0323
2026-09-19T02:10:39.635235815Z [epoch 324/1000] EBOPs=722237 target=350000 beta=0.001 val_AUC=0.707574 val_accuracy=0.408452 seconds=109.3 checkpoint=epoch-0324
2026-09-19T02:12:56.708636464Z [epoch 325/1000] EBOPs=721292 target=350000 beta=0.001 val_AUC=0.711006 val_accuracy=0.407694 seconds=110.9 checkpoint=epoch-0325
2026-09-19T02:12:56.728971957Z wandb: Adding directory to artifact (/data/batch20260917/n16/runs/batch20260918-b04-s6/checkpoints/epoch-0325)... Done. 0.0s
2026-09-19T02:13:02.862299107Z [wandb] artifact resume-batch20260918-b04-s6:v12 committed (5 files)
2026-09-19T02:15:20.012103144Z [epoch 326/1000] EBOPs=721809 target=350000 beta=0.001 val_AUC=0.704160 val_accuracy=0.412323 seconds=110.5 checkpoint=epoch-0326
2026-09-19T02:17:39.375737642Z [epoch 327/1000] EBOPs=721730 target=350000 beta=0.001 val_AUC=0.711108 val_accuracy=0.397871 seconds=108.4 checkpoint=epoch-0327
2026-09-19T02:19:53.034815029Z [epoch 328/1000] EBOPs=721762 target=350000 beta=0.001 val_AUC=0.713103 val_accuracy=0.409202 seconds=106.8 checkpoint=epoch-0328
2026-09-19T02:22:28.599929127Z [epoch 329/1000] EBOPs=721213 target=350000 beta=0.001 val_AUC=0.711921 val_accuracy=0.404161 seconds=107.1 checkpoint=epoch-0329
2026-09-19T02:24:45.663063881Z [epoch 330/1000] EBOPs=726370 target=350000 beta=0.001 val_AUC=0.706782 val_accuracy=0.391371 seconds=109.6 checkpoint=epoch-0330
2026-09-19T02:27:03.415711539Z [epoch 331/1000] EBOPs=721991 target=350000 beta=0.001 val_AUC=0.717004 val_accuracy=0.430726 seconds=110.5 checkpoint=epoch-0331
2026-09-19T02:29:19.037364627Z [epoch 332/1000] EBOPs=721474 target=350000 beta=0.001 val_AUC=0.712456 val_accuracy=0.407315 seconds=110.8 checkpoint=epoch-0332
2026-09-19T02:31:43.857389683Z [epoch 333/1000] EBOPs=721464 target=350000 beta=0.001 val_AUC=0.705942 val_accuracy=0.398444 seconds=109.1 checkpoint=epoch-0333
2026-09-19T02:33:58.821031693Z [epoch 334/1000] EBOPs=721228 target=350000 beta=0.001 val_AUC=0.706811 val_accuracy=0.414024 seconds=109.4 checkpoint=epoch-0334
2026-09-19T02:36:28.014562640Z [epoch 335/1000] EBOPs=721203 target=350000 beta=0.001 val_AUC=0.709595 val_accuracy=0.407734 seconds=109.9 checkpoint=epoch-0335
2026-09-19T02:39:01.353878061Z [epoch 336/1000] EBOPs=721725 target=350000 beta=0.001 val_AUC=0.701134 val_accuracy=0.398871 seconds=114.9 checkpoint=epoch-0336
2026-09-19T02:41:26.519844000Z [epoch 337/1000] EBOPs=721250 target=350000 beta=0.001 val_AUC=0.716587 val_accuracy=0.407274 seconds=113.4 checkpoint=epoch-0337
2026-09-19T02:43:47.273807730Z [epoch 338/1000] EBOPs=721193 target=350000 beta=0.001 val_AUC=0.703747 val_accuracy=0.407637 seconds=113.0 checkpoint=epoch-0338
2026-09-19T02:46:15.116943167Z [epoch 339/1000] EBOPs=723773 target=350000 beta=0.001 val_AUC=0.712786 val_accuracy=0.399960 seconds=108.7 checkpoint=epoch-0339
2026-09-19T02:48:32.080881124Z [epoch 340/1000] EBOPs=722045 target=350000 beta=0.001 val_AUC=0.714244 val_accuracy=0.412089 seconds=109.0 checkpoint=epoch-0340
2026-09-19T02:50:47.942640552Z [epoch 341/1000] EBOPs=721203 target=350000 beta=0.001 val_AUC=0.711505 val_accuracy=0.405040 seconds=109.0 checkpoint=epoch-0341
2026-09-19T02:53:03.240572304Z [epoch 342/1000] EBOPs=721270 target=350000 beta=0.001 val_AUC=0.710966 val_accuracy=0.412895 seconds=110.5 checkpoint=epoch-0342
2026-09-19T02:55:24.490188961Z [epoch 343/1000] EBOPs=721469 target=350000 beta=0.001 val_AUC=0.711279 val_accuracy=0.406992 seconds=112.4 checkpoint=epoch-0343
2026-09-19T02:57:50.304910389Z [epoch 344/1000] EBOPs=721218 target=350000 beta=0.001 val_AUC=0.716268 val_accuracy=0.409056 seconds=110.6 checkpoint=epoch-0344
2026-09-19T03:00:19.331619850Z [epoch 345/1000] EBOPs=721735 target=350000 beta=0.001 val_AUC=0.704713 val_accuracy=0.397548 seconds=110.2 checkpoint=epoch-0345
2026-09-19T03:02:35.575968414Z [epoch 346/1000] EBOPs=721245 target=350000 beta=0.001 val_AUC=0.709635 val_accuracy=0.410806 seconds=108.5 checkpoint=epoch-0346
2026-09-19T03:05:10.416764522Z [epoch 347/1000] EBOPs=721218 target=350000 beta=0.001 val_AUC=0.707334 val_accuracy=0.403605 seconds=112.4 checkpoint=epoch-0347
2026-09-19T03:07:28.945338352Z [epoch 348/1000] EBOPs=721277 target=350000 beta=0.001 val_AUC=0.711030 val_accuracy=0.411395 seconds=113.8 checkpoint=epoch-0348
2026-09-19T03:10:00.298416425Z [epoch 349/1000] EBOPs=721248 target=350000 beta=0.001 val_AUC=0.712569 val_accuracy=0.411855 seconds=113.7 checkpoint=epoch-0349
2026-09-19T03:12:25.791961169Z [epoch 350/1000] EBOPs=721223 target=350000 beta=0.001 val_AUC=0.713910 val_accuracy=0.410815 seconds=109.8 checkpoint=epoch-0350
2026-09-19T03:12:25.809966427Z wandb: Adding directory to artifact (/data/batch20260917/n16/runs/batch20260918-b04-s6/checkpoints/epoch-0350)... Done. 0.0s
2026-09-19T03:12:30.311036557Z [wandb] artifact resume-batch20260918-b04-s6:v13 committed (5 files)
2026-09-19T03:14:48.379685715Z [epoch 351/1000] EBOPs=721255 target=350000 beta=0.001 val_AUC=0.708001 val_accuracy=0.410484 seconds=110.3 checkpoint=epoch-0351
2026-09-19T03:17:08.292060142Z [epoch 352/1000] EBOPs=721705 target=350000 beta=0.001 val_AUC=0.713313 val_accuracy=0.397605 seconds=109.8 checkpoint=epoch-0352
2026-09-19T03:19:33.881951701Z [epoch 353/1000] EBOPs=722257 target=350000 beta=0.001 val_AUC=0.713800 val_accuracy=0.402363 seconds=111.6 checkpoint=epoch-0353
2026-09-19T03:21:58.224570794Z [epoch 354/1000] EBOPs=721730 target=350000 beta=0.001 val_AUC=0.730010 val_accuracy=0.432702 seconds=112.2 checkpoint=epoch-0354
2026-09-19T03:24:23.199316915Z [epoch 355/1000] EBOPs=721208 target=350000 beta=0.001 val_AUC=0.704634 val_accuracy=0.404758 seconds=115.6 checkpoint=epoch-0355
2026-09-19T03:26:42.965872923Z [epoch 356/1000] EBOPs=721752 target=350000 beta=0.001 val_AUC=0.728813 val_accuracy=0.420468 seconds=114.4 checkpoint=epoch-0356
2026-09-19T03:29:03.479720010Z [epoch 357/1000] EBOPs=722781 target=350000 beta=0.001 val_AUC=0.729816 val_accuracy=0.417210 seconds=111.9 checkpoint=epoch-0357
2026-09-19T03:31:20.072741923Z [epoch 358/1000] EBOPs=723800 target=350000 beta=0.001 val_AUC=0.707519 val_accuracy=0.404661 seconds=109.8 checkpoint=epoch-0358
2026-09-19T03:33:44.908895401Z [epoch 359/1000] EBOPs=721750 target=350000 beta=0.001 val_AUC=0.714940 val_accuracy=0.403347 seconds=110.6 checkpoint=epoch-0359
2026-09-19T03:36:05.445862463Z [epoch 360/1000] EBOPs=721735 target=350000 beta=0.001 val_AUC=0.714701 val_accuracy=0.416097 seconds=111.1 checkpoint=epoch-0360
2026-09-19T03:38:22.278369921Z [epoch 361/1000] EBOPs=721772 target=350000 beta=0.001 val_AUC=0.730091 val_accuracy=0.424298 seconds=110.2 checkpoint=epoch-0361
2026-09-19T03:40:49.600465548Z [epoch 362/1000] EBOPs=721235 target=350000 beta=0.001 val_AUC=0.700886 val_accuracy=0.405452 seconds=109.9 checkpoint=epoch-0362
2026-09-19T03:43:08.897923123Z [epoch 363/1000] EBOPs=721725 target=350000 beta=0.001 val_AUC=0.708736 val_accuracy=0.399605 seconds=111.0 checkpoint=epoch-0363
2026-09-19T03:45:25.454789075Z [epoch 364/1000] EBOPs=722289 target=350000 beta=0.001 val_AUC=0.713608 val_accuracy=0.401508 seconds=109.2 checkpoint=epoch-0364
2026-09-19T03:47:44.623262618Z [epoch 365/1000] EBOPs=721230 target=350000 beta=0.001 val_AUC=0.696302 val_accuracy=0.410629 seconds=109.9 checkpoint=epoch-0365
2026-09-19T03:50:04.948320693Z [epoch 366/1000] EBOPs=721250 target=350000 beta=0.001 val_AUC=0.705846 val_accuracy=0.412266 seconds=109.1 checkpoint=epoch-0366
2026-09-19T03:52:23.197459553Z [epoch 367/1000] EBOPs=721240 target=350000 beta=0.001 val_AUC=0.713489 val_accuracy=0.405669 seconds=110.5 checkpoint=epoch-0367
2026-09-19T03:54:33.514586727Z [epoch 368/1000] EBOPs=721265 target=350000 beta=0.001 val_AUC=0.709497 val_accuracy=0.396097 seconds=108.7 checkpoint=epoch-0368
2026-09-19T03:56:44.083187480Z [epoch 369/1000] EBOPs=721740 target=350000 beta=0.001 val_AUC=0.710016 val_accuracy=0.411097 seconds=108.7 checkpoint=epoch-0369
2026-09-19T03:59:09.036807067Z [epoch 370/1000] EBOPs=724317 target=350000 beta=0.001 val_AUC=0.712351 val_accuracy=0.410758 seconds=115.0 checkpoint=epoch-0370
2026-09-19T04:01:24.591752581Z [epoch 371/1000] EBOPs=721188 target=350000 beta=0.001 val_AUC=0.664258 val_accuracy=0.324460 seconds=111.4 checkpoint=epoch-0371
2026-09-19T04:03:40.945269685Z [epoch 372/1000] EBOPs=721735 target=350000 beta=0.001 val_AUC=0.714340 val_accuracy=0.402960 seconds=109.4 checkpoint=epoch-0372
2026-09-19T04:06:02.235431733Z [epoch 373/1000] EBOPs=723748 target=350000 beta=0.001 val_AUC=0.701511 val_accuracy=0.386645 seconds=111.5 checkpoint=epoch-0373
2026-09-19T04:08:21.163523023Z [epoch 374/1000] EBOPs=724300 target=350000 beta=0.001 val_AUC=0.727541 val_accuracy=0.406669 seconds=110.0 checkpoint=epoch-0374
2026-09-19T04:10:51.072311951Z [epoch 375/1000] EBOPs=726323 target=350000 beta=0.001 val_AUC=0.694272 val_accuracy=0.387863 seconds=111.8 checkpoint=epoch-0375
2026-09-19T04:10:51.110140341Z wandb: Adding directory to artifact (/data/batch20260917/n16/runs/batch20260918-b04-s6/checkpoints/epoch-0375)... Done. 0.0s
2026-09-19T04:10:56.590292138Z [wandb] artifact resume-batch20260918-b04-s6:v14 committed (5 files)
2026-09-19T04:13:32.543999132Z [epoch 376/1000] EBOPs=721213 target=350000 beta=0.001 val_AUC=0.699884 val_accuracy=0.377403 seconds=116.5 checkpoint=epoch-0376
2026-09-19T04:15:52.271537757Z [epoch 377/1000] EBOPs=721213 target=350000 beta=0.001 val_AUC=0.709571 val_accuracy=0.403774 seconds=110.2 checkpoint=epoch-0377
2026-09-19T04:18:08.692578867Z [epoch 378/1000] EBOPs=721228 target=350000 beta=0.001 val_AUC=0.707525 val_accuracy=0.402806 seconds=109.8 checkpoint=epoch-0378
2026-09-19T04:20:33.678756760Z [epoch 379/1000] EBOPs=721725 target=350000 beta=0.001 val_AUC=0.707404 val_accuracy=0.410339 seconds=118.5 checkpoint=epoch-0379
2026-09-19T04:22:49.875014976Z [epoch 380/1000] EBOPs=724312 target=350000 beta=0.001 val_AUC=0.699623 val_accuracy=0.395944 seconds=112.1 checkpoint=epoch-0380
2026-09-19T04:25:15.653683510Z [epoch 381/1000] EBOPs=721218 target=350000 beta=0.001 val_AUC=0.702911 val_accuracy=0.404411 seconds=113.6 checkpoint=epoch-0381
2026-09-19T04:27:49.002132704Z [epoch 382/1000] EBOPs=721203 target=350000 beta=0.001 val_AUC=0.703285 val_accuracy=0.402935 seconds=116.2 checkpoint=epoch-0382
2026-09-19T04:30:09.353270217Z [epoch 383/1000] EBOPs=721198 target=350000 beta=0.001 val_AUC=0.710923 val_accuracy=0.413129 seconds=109.9 checkpoint=epoch-0383
2026-09-19T04:32:30.185456376Z [epoch 384/1000] EBOPs=721203 target=350000 beta=0.001 val_AUC=0.700889 val_accuracy=0.387637 seconds=110.7 checkpoint=epoch-0384
2026-09-19T04:34:55.461954399Z [epoch 385/1000] EBOPs=721208 target=350000 beta=0.001 val_AUC=0.705774 val_accuracy=0.402798 seconds=113.0 checkpoint=epoch-0385
2026-09-19T04:37:18.034853100Z [epoch 386/1000] EBOPs=721228 target=350000 beta=0.001 val_AUC=0.713671 val_accuracy=0.411565 seconds=120.1 checkpoint=epoch-0386
2026-09-19T04:39:33.449335164Z [epoch 387/1000] EBOPs=722247 target=350000 beta=0.001 val_AUC=0.704371 val_accuracy=0.406218 seconds=110.7 checkpoint=epoch-0387
2026-09-19T04:41:47.527837873Z [epoch 388/1000] EBOPs=722062 target=350000 beta=0.001 val_AUC=0.711352 val_accuracy=0.413355 seconds=107.8 checkpoint=epoch-0388
2026-09-19T04:44:08.186095504Z [epoch 389/1000] EBOPs=721178 target=350000 beta=0.001 val_AUC=0.671295 val_accuracy=0.355524 seconds=109.2 checkpoint=epoch-0389
2026-09-19T04:46:28.419661672Z [epoch 390/1000] EBOPs=722217 target=350000 beta=0.001 val_AUC=0.662614 val_accuracy=0.331145 seconds=108.6 checkpoint=epoch-0390
2026-09-19T04:48:47.949094221Z [epoch 391/1000] EBOPs=721245 target=350000 beta=0.001 val_AUC=0.706081 val_accuracy=0.404339 seconds=112.2 checkpoint=epoch-0391
2026-09-19T04:51:06.637052444Z [epoch 392/1000] EBOPs=721705 target=350000 beta=0.001 val_AUC=0.667332 val_accuracy=0.332403 seconds=110.1 checkpoint=epoch-0392
2026-09-19T04:53:31.466215507Z [epoch 393/1000] EBOPs=724265 target=350000 beta=0.001 val_AUC=0.657847 val_accuracy=0.345065 seconds=111.6 checkpoint=epoch-0393
2026-09-19T04:55:56.348793213Z [epoch 394/1000] EBOPs=721297 target=350000 beta=0.001 val_AUC=0.703078 val_accuracy=0.408661 seconds=108.8 checkpoint=epoch-0394
2026-09-19T04:58:18.374767925Z [epoch 395/1000] EBOPs=723773 target=350000 beta=0.001 val_AUC=0.706879 val_accuracy=0.404347 seconds=109.2 checkpoint=epoch-0395
2026-09-19T05:00:33.571565562Z [epoch 396/1000] EBOPs=721245 target=350000 beta=0.001 val_AUC=0.655620 val_accuracy=0.343121 seconds=111.5 checkpoint=epoch-0396
2026-09-19T05:02:56.057237252Z [epoch 397/1000] EBOPs=721248 target=350000 beta=0.001 val_AUC=0.712351 val_accuracy=0.412460 seconds=108.0 checkpoint=epoch-0397
2026-09-19T05:05:08.717256659Z [epoch 398/1000] EBOPs=721730 target=350000 beta=0.001 val_AUC=0.706238 val_accuracy=0.403048 seconds=108.0 checkpoint=epoch-0398
2026-09-19T05:07:43.139759932Z [epoch 399/1000] EBOPs=721245 target=350000 beta=0.001 val_AUC=0.704834 val_accuracy=0.412573 seconds=110.3 checkpoint=epoch-0399
2026-09-19T05:10:03.967086081Z [epoch 400/1000] EBOPs=721233 target=350000 beta=0.001 val_AUC=0.708155 val_accuracy=0.413153 seconds=110.2 checkpoint=epoch-0400
2026-09-19T05:10:03.983994777Z wandb: Adding directory to artifact (/data/batch20260917/n16/runs/batch20260918-b04-s6/checkpoints/epoch-0400)... Done. 0.0s
2026-09-19T05:10:08.261162333Z [wandb] artifact resume-batch20260918-b04-s6:v15 committed (5 files)
2026-09-19T05:10:08.367110974Z wandb: updating run metadata
2026-09-19T05:10:08.769252092Z wandb: uploading history steps 398-399, summary, console lines 429-431; uploading output.log; uploading wandb-summary.json; uploading config.yaml
2026-09-19T05:10:09.271837603Z wandb: uploading data
2026-09-19T05:10:09.301452196Z wandb: 
2026-09-19T05:10:09.301490802Z wandb: Run history:
2026-09-19T05:10:09.301496063Z wandb:          activation_bits/bit_block_0_attn_Wk ██▇▇▅▄▄▄▄▃▃▂▁▁▁▁▁▁▁▁▁▁▁▁▁▁▁▁▁▁▁▁▁▁▁▁▁▁▁▁
2026-09-19T05:10:09.301499741Z wandb:          activation_bits/bit_block_0_attn_Wo ██▅▅▃▃▃▂▁▁▁▁▁▁▁▁▁▁▁▁▁▁▁▁▁▁▁▁▁▁▁▁▁▁▁▁▁▁▁▁
2026-09-19T05:10:09.301503542Z wandb:          activation_bits/bit_block_0_attn_Wq ██████▆▆▄▂▂▂▁▁▁▁▁▁▁▁▁▁▁▁▁▁▁▁▁▁▁▁▁▁▁▁▁▁▁▁
2026-09-19T05:10:09.301507878Z wandb:          activation_bits/bit_block_0_attn_Wv ██▇▇▇▄▄▃▂▁▁▁▁▁▁▁▁▁▁▁▁▁▁▁▁▁▁▁▁▁▁▁▁▁▁▁▁▁▁▁
2026-09-19T05:10:09.301510952Z wandb:    activation_bits/bit_block_0_attn_ctx__in0 ▁▁▁▁▁▁▁▁▁▁▁▁▁▁▁▁▁▁▁▁▁▁▁▁▁▁▁▁▁▁▁▁▁▁▁▁▁▁▁▁
2026-09-19T05:10:09.301514121Z wandb:    activation_bits/bit_block_0_attn_ctx__in1 ███▇▇▅▅▅▄▃▁▁▁▁▁▁▁▁▁▁▁▁▁▁▁▁▁▁▁▁▁▁▁▁▁▁▁▁▁▁
2026-09-19T05:10:09.301517918Z wandb: activation_bits/bit_block_0_attn_scores__in0 █▆▆▆▆▄▃▂▂▁▁▁▁▁▁▁▁▁▁▁▁▁▁▁▁▁▁▁▁▁▁▁▁▁▁▁▁▁▁▁
2026-09-19T05:10:09.301521680Z wandb: activation_bits/bit_block_0_attn_scores__in1 █▆▆▆▅▅▄▃▁▁▁▁▁▁▁▁▁▁▁▁▁▁▁▁▁▁▁▁▁▁▁▁▁▁▁▁▁▁▁▁
2026-09-19T05:10:09.301524867Z wandb:          activation_bits/bit_block_0_ffn_fc1 █▇▇▇▇▆▅▅▅▄▄▂▂▂▂▁▁▁▁▁▁▁▁▁▁▁▁▁▁▁▁▁▁▁▁▁▁▁▁▁
2026-09-19T05:10:09.301527962Z wandb:          activation_bits/bit_block_0_ffn_fc2 █▆▆▆▆▅▅▄▃▃▁▁▁▁▁▁▁▁▁▁▁▁▁▁▁▁▁▁▁▁▁▁▁▁▁▁▁▁▁▁
2026-09-19T05:10:09.301531612Z wandb:                                          +35 ...
2026-09-19T05:10:09.301534877Z wandb: 
2026-09-19T05:10:09.301537757Z wandb: Run summary:
2026-09-19T05:10:09.301540669Z wandb:          activation_bits/bit_block_0_attn_Wk 1
2026-09-19T05:10:09.301543898Z wandb:          activation_bits/bit_block_0_attn_Wo 1
2026-09-19T05:10:09.301546913Z wandb:          activation_bits/bit_block_0_attn_Wq 1
2026-09-19T05:10:09.301549850Z wandb:          activation_bits/bit_block_0_attn_Wv 1
2026-09-19T05:10:09.301552713Z wandb:    activation_bits/bit_block_0_attn_ctx__in0 10
2026-09-19T05:10:09.301555828Z wandb:    activation_bits/bit_block_0_attn_ctx__in1 1
2026-09-19T05:10:09.301558985Z wandb: activation_bits/bit_block_0_attn_scores__in0 1
2026-09-19T05:10:09.301561912Z wandb: activation_bits/bit_block_0_attn_scores__in1 1
2026-09-19T05:10:09.301565137Z wandb:          activation_bits/bit_block_0_ffn_fc1 1
2026-09-19T05:10:09.301568339Z wandb:          activation_bits/bit_block_0_ffn_fc2 1
2026-09-19T05:10:09.301571183Z wandb:                                          +39 ...
2026-09-19T05:10:09.301574107Z wandb: 
2026-09-19T05:10:09.301695691Z wandb: 🚀 View run batch20260918-b04-s6 at: https://wandb.ai/kayamaguchi-uc-san-diego/BNJetTag-Batch20260917/runs/24a674f320ef
2026-09-19T05:10:09.301705927Z wandb: ⭐️ View project at: https://wandb.ai/kayamaguchi-uc-san-diego/BNJetTag-Batch20260917
2026-09-19T05:10:09.301709133Z wandb: Synced 5 W&B file(s), 0 media file(s), 80 artifact file(s) and 0 other file(s)
2026-09-19T05:10:09.301931812Z wandb: Find logs at: 
2026-09-19T05:10:11.618165380Z SCREENING_RUNG_PASS batch20260918-b04-s6 epochs=400
