2026-09-17T23:52:43.509169125Z /cmcode/hgq2.tar.gz: OK
2026-09-17T23:54:06.068299278Z WARNING: Running pip as the 'root' user can result in broken permissions and conflicting behaviour with the system package manager, possibly rendering your system unusable. It is recommended to use a virtual environment instead: https://pip.pypa.io/warnings/venv. Use the --root-user-action option if you know what you are doing and want to suppress this warning.
2026-09-17T23:54:06.235440282Z 
2026-09-17T23:54:06.235510572Z [notice] A new release of pip is available: 25.0.1 -> 26.2.1
2026-09-17T23:54:06.235514362Z [notice] To update, run: pip install --upgrade pip
2026-09-17T23:54:06.562291260Z Quadro RTX 6000, 24576 MiB
2026-09-17T23:54:06.875884023Z WARNING: All log messages before absl::InitializeLog() is called are written to STDERR
2026-09-17T23:54:06.875918163Z I0000 00:00:1789689246.875695      68 cpu_feature_guard.cc:227] This TensorFlow binary is optimized to use available CPU instructions in performance-critical operations.
2026-09-17T23:54:06.875921513Z To enable the following instructions: AVX2 FMA, in other operations, rebuild TensorFlow with the appropriate compiler flags.
2026-09-17T23:54:09.570988669Z [gpu] GPU gate PASS
2026-09-17T23:54:10.822941576Z wandb: [wandb.Api()] Loaded credentials for https://api.wandb.ai from WANDB_API_KEY.
2026-09-17T23:54:11.736931698Z [wandb] authentication PASS
2026-09-17T23:54:15.156573502Z [screen] batch20260917-a01-s1: cumulative epoch target 100
2026-09-17T23:54:15.548440662Z WARNING: All log messages before absl::InitializeLog() is called are written to STDERR
2026-09-17T23:54:15.548475232Z I0000 00:00:1789689255.548304      85 cpu_feature_guard.cc:227] This TensorFlow binary is optimized to use available CPU instructions in performance-critical operations.
2026-09-17T23:54:15.548479562Z To enable the following instructions: AVX2 FMA, in other operations, rebuild TensorFlow with the appropriate compiler flags.
2026-09-17T23:54:19.039590694Z W0000 00:00:1789689259.039460      85 gpu_bfc_allocator.cc:47] Overriding orig_value setting because the TF_FORCE_GPU_ALLOW_GROWTH environment variable is set. Original config value was false.
2026-09-17T23:54:19.040550366Z I0000 00:00:1789689259.040514      85 gpu_device.cc:2043] Created device /job:localhost/replica:0/task:0/device:GPU:0 with 22804 MB memory:  -> device: 0, name: Quadro RTX 6000, pci bus id: 0000:81:00.0, compute capability: 7.5
2026-09-17T23:54:26.040999854Z [train] batch20260917-a01-s1 params=18657 resume_epoch=39 initial_ebops=1739182
2026-09-17T23:54:26.742604539Z wandb: [wandb.login()] Loaded credentials for https://api.wandb.ai from WANDB_API_KEY.
2026-09-17T23:54:27.332865134Z wandb: Currently logged in as: kayamaguchi (kayamaguchi-uc-san-diego) to https://api.wandb.ai. Use `wandb login --relogin` to force relogin
2026-09-17T23:54:27.829060362Z wandb: setting up run 8cdfda97a5a5
2026-09-17T23:54:28.202044090Z wandb: Tracking run with wandb version 0.28.0
2026-09-17T23:54:28.202071921Z wandb: Run data is saved locally in /work/wandb/run-20260917_235427-8cdfda97a5a5
2026-09-17T23:54:28.202074371Z wandb: Run `wandb offline` to turn off syncing.
2026-09-17T23:54:28.202076371Z wandb: Resuming run batch20260917-a01-s1
2026-09-17T23:54:28.202078901Z wandb: ⭐️ View project at https://wandb.ai/kayamaguchi-uc-san-diego/BNJetTag-Batch20260917
2026-09-17T23:54:28.202080881Z wandb: 🚀 View run at https://wandb.ai/kayamaguchi-uc-san-diego/BNJetTag-Batch20260917/runs/8cdfda97a5a5
2026-09-17T23:56:18.980198831Z [epoch 40/1000] EBOPs=1160622 target=350000 beta=5.14e-07 val_AUC=0.859609 val_accuracy=0.606992 seconds=94.0 checkpoint=epoch-0040
2026-09-17T23:57:50.104574564Z [epoch 41/1000] EBOPs=1144238 target=350000 beta=5.42e-07 val_AUC=0.857518 val_accuracy=0.605468 seconds=79.6 checkpoint=epoch-0041
2026-09-17T23:59:32.546965632Z [epoch 42/1000] EBOPs=1144238 target=350000 beta=5.67e-07 val_AUC=0.857444 val_accuracy=0.605032 seconds=78.6 checkpoint=epoch-0042
2026-09-18T00:01:14.545084014Z [epoch 43/1000] EBOPs=1152430 target=350000 beta=6.01e-07 val_AUC=0.862591 val_accuracy=0.608669 seconds=78.5 checkpoint=epoch-0043
2026-09-18T00:02:51.861789362Z [epoch 44/1000] EBOPs=1136046 target=350000 beta=6.43e-07 val_AUC=0.859596 val_accuracy=0.597806 seconds=79.8 checkpoint=epoch-0044
2026-09-18T00:04:24.825127029Z [epoch 45/1000] EBOPs=1115566 target=350000 beta=6.72e-07 val_AUC=0.860360 val_accuracy=0.600395 seconds=79.2 checkpoint=epoch-0045
2026-09-18T00:05:56.890308848Z [epoch 46/1000] EBOPs=1115566 target=350000 beta=7e-07 val_AUC=0.860891 val_accuracy=0.604492 seconds=78.6 checkpoint=epoch-0046
2026-09-18T00:07:36.177959226Z [epoch 47/1000] EBOPs=1115566 target=350000 beta=7.41e-07 val_AUC=0.859983 val_accuracy=0.607266 seconds=79.0 checkpoint=epoch-0047
2026-09-18T00:09:16.310704012Z [epoch 48/1000] EBOPs=1105326 target=350000 beta=7.85e-07 val_AUC=0.857066 val_accuracy=0.589637 seconds=79.7 checkpoint=epoch-0048
2026-09-18T00:10:55.819586397Z [epoch 49/1000] EBOPs=1105326 target=350000 beta=8.24e-07 val_AUC=0.859232 val_accuracy=0.603508 seconds=77.4 checkpoint=epoch-0049
2026-09-18T00:12:32.361734545Z [epoch 50/1000] EBOPs=1088942 target=350000 beta=8.73e-07 val_AUC=0.854148 val_accuracy=0.586258 seconds=78.4 checkpoint=epoch-0050
2026-09-18T00:12:32.390576247Z wandb: Adding directory to artifact (/data/batch20260917/n8/runs/batch20260917-a01-s1/checkpoints/epoch-0050)... Done. 0.0s
2026-09-18T00:12:37.160107632Z [wandb] artifact resume-batch20260917-a01-s1:v1 committed (5 files)
2026-09-18T00:14:13.028786700Z [epoch 51/1000] EBOPs=1088942 target=350000 beta=9.1e-07 val_AUC=0.855503 val_accuracy=0.587710 seconds=78.4 checkpoint=epoch-0051
2026-09-18T00:15:45.262886883Z [epoch 52/1000] EBOPs=1088942 target=350000 beta=9.64e-07 val_AUC=0.856143 val_accuracy=0.587685 seconds=78.6 checkpoint=epoch-0052
2026-09-18T00:17:20.783575058Z [epoch 53/1000] EBOPs=1072558 target=350000 beta=1.02e-06 val_AUC=0.854463 val_accuracy=0.591210 seconds=79.3 checkpoint=epoch-0053
2026-09-18T00:19:03.463593947Z [epoch 54/1000] EBOPs=1072558 target=350000 beta=1.06e-06 val_AUC=0.856100 val_accuracy=0.597306 seconds=78.4 checkpoint=epoch-0054
2026-09-18T00:20:43.872435196Z [epoch 55/1000] EBOPs=1062318 target=350000 beta=1.12e-06 val_AUC=0.857512 val_accuracy=0.599661 seconds=79.5 checkpoint=epoch-0055
2026-09-18T00:22:19.221841374Z [epoch 56/1000] EBOPs=1062318 target=350000 beta=1.18e-06 val_AUC=0.855995 val_accuracy=0.592250 seconds=78.1 checkpoint=epoch-0056
2026-09-18T00:23:52.324308266Z [epoch 57/1000] EBOPs=1062318 target=350000 beta=1.24e-06 val_AUC=0.847908 val_accuracy=0.581032 seconds=78.6 checkpoint=epoch-0057
2026-09-18T00:25:28.948107770Z [epoch 58/1000] EBOPs=1061294 target=350000 beta=1.31e-06 val_AUC=0.853248 val_accuracy=0.588532 seconds=79.7 checkpoint=epoch-0058
2026-09-18T00:27:03.606854008Z [epoch 59/1000] EBOPs=1061294 target=350000 beta=1.39e-06 val_AUC=0.860836 val_accuracy=0.605790 seconds=78.7 checkpoint=epoch-0059
2026-09-18T00:28:40.845967667Z [epoch 60/1000] EBOPs=1053102 target=350000 beta=1.47e-06 val_AUC=0.859653 val_accuracy=0.601524 seconds=79.4 checkpoint=epoch-0060
2026-09-18T00:30:12.126038773Z [epoch 61/1000] EBOPs=1044910 target=350000 beta=1.54e-06 val_AUC=0.857805 val_accuracy=0.594589 seconds=79.6 checkpoint=epoch-0061
2026-09-18T00:31:45.912035935Z [epoch 62/1000] EBOPs=1044910 target=350000 beta=1.61e-06 val_AUC=0.860135 val_accuracy=0.604177 seconds=78.6 checkpoint=epoch-0062
2026-09-18T00:33:21.280255629Z [epoch 63/1000] EBOPs=1028526 target=350000 beta=1.7e-06 val_AUC=0.859708 val_accuracy=0.602734 seconds=79.9 checkpoint=epoch-0063
2026-09-18T00:34:55.168758985Z [epoch 64/1000] EBOPs=938414 target=350000 beta=1.77e-06 val_AUC=0.857771 val_accuracy=0.598992 seconds=78.3 checkpoint=epoch-0064
2026-09-18T00:36:32.430765230Z [epoch 65/1000] EBOPs=850350 target=350000 beta=1.7e-06 val_AUC=0.851200 val_accuracy=0.584984 seconds=80.0 checkpoint=epoch-0065
2026-09-18T00:38:02.524240509Z [epoch 66/1000] EBOPs=833966 target=350000 beta=1.61e-06 val_AUC=0.851477 val_accuracy=0.586202 seconds=79.0 checkpoint=epoch-0066
2026-09-18T00:39:36.438300406Z [epoch 67/1000] EBOPs=805134 target=350000 beta=1.65e-06 val_AUC=0.853999 val_accuracy=0.594226 seconds=80.8 checkpoint=epoch-0067
2026-09-18T00:41:05.736002497Z [epoch 68/1000] EBOPs=805134 target=350000 beta=1.66e-06 val_AUC=0.856479 val_accuracy=0.595218 seconds=77.6 checkpoint=epoch-0068
2026-09-18T00:42:42.861661648Z [epoch 69/1000] EBOPs=788750 target=350000 beta=1.73e-06 val_AUC=0.854173 val_accuracy=0.591468 seconds=79.5 checkpoint=epoch-0069
2026-09-18T00:44:16.706865933Z [epoch 70/1000] EBOPs=788750 target=350000 beta=1.76e-06 val_AUC=0.854503 val_accuracy=0.595387 seconds=78.4 checkpoint=epoch-0070
2026-09-18T00:46:06.363466866Z [epoch 71/1000] EBOPs=788750 target=350000 beta=1.83e-06 val_AUC=0.849803 val_accuracy=0.579435 seconds=78.7 checkpoint=epoch-0071
2026-09-18T00:47:44.246881082Z [epoch 72/1000] EBOPs=780558 target=350000 beta=1.91e-06 val_AUC=0.850263 val_accuracy=0.581806 seconds=80.0 checkpoint=epoch-0072
2026-09-18T00:49:18.522591829Z [epoch 73/1000] EBOPs=764174 target=350000 beta=1.97e-06 val_AUC=0.852339 val_accuracy=0.592032 seconds=80.3 checkpoint=epoch-0073
2026-09-18T00:50:58.991437384Z [epoch 74/1000] EBOPs=764174 target=350000 beta=2e-06 val_AUC=0.849122 val_accuracy=0.584702 seconds=77.1 checkpoint=epoch-0074
2026-09-18T00:52:36.381807300Z [epoch 75/1000] EBOPs=764174 target=350000 beta=2.08e-06 val_AUC=0.853397 val_accuracy=0.588371 seconds=78.7 checkpoint=epoch-0075
2026-09-18T00:52:36.407876362Z wandb: Adding directory to artifact (/data/batch20260917/n8/runs/batch20260917-a01-s1/checkpoints/epoch-0075)... Done. 0.0s
2026-09-18T00:52:40.271212137Z [wandb] artifact resume-batch20260917-a01-s1:v2 committed (5 files)
2026-09-18T00:54:10.974667024Z [epoch 76/1000] EBOPs=735502 target=350000 beta=2.17e-06 val_AUC=0.843954 val_accuracy=0.576500 seconds=79.7 checkpoint=epoch-0076
2026-09-18T00:55:38.798155752Z [epoch 77/1000] EBOPs=735502 target=350000 beta=2.16e-06 val_AUC=0.848896 val_accuracy=0.582742 seconds=78.7 checkpoint=epoch-0077
2026-09-18T00:57:10.105457313Z [epoch 78/1000] EBOPs=735502 target=350000 beta=2.25e-06 val_AUC=0.849098 val_accuracy=0.584637 seconds=77.6 checkpoint=epoch-0078
2026-09-18T00:58:54.886844187Z [epoch 79/1000] EBOPs=735502 target=350000 beta=2.33e-06 val_AUC=0.844758 val_accuracy=0.578363 seconds=78.5 checkpoint=epoch-0079
2026-09-18T01:00:24.702288494Z [epoch 80/1000] EBOPs=735502 target=350000 beta=2.42e-06 val_AUC=0.850506 val_accuracy=0.585089 seconds=78.6 checkpoint=epoch-0080
2026-09-18T01:01:59.740650423Z [epoch 81/1000] EBOPs=735502 target=350000 beta=2.51e-06 val_AUC=0.847740 val_accuracy=0.577444 seconds=78.6 checkpoint=epoch-0081
2026-09-18T01:03:33.992397636Z [epoch 82/1000] EBOPs=735502 target=350000 beta=2.6e-06 val_AUC=0.854709 val_accuracy=0.590661 seconds=78.8 checkpoint=epoch-0082
2026-09-18T01:05:03.495077425Z [epoch 83/1000] EBOPs=735502 target=350000 beta=2.7e-06 val_AUC=0.854044 val_accuracy=0.589339 seconds=77.3 checkpoint=epoch-0083
2026-09-18T01:06:34.255894402Z [epoch 84/1000] EBOPs=735502 target=350000 beta=2.81e-06 val_AUC=0.852772 val_accuracy=0.586581 seconds=78.7 checkpoint=epoch-0084
2026-09-18T01:08:09.080606274Z [epoch 85/1000] EBOPs=735502 target=350000 beta=2.91e-06 val_AUC=0.854029 val_accuracy=0.590331 seconds=77.8 checkpoint=epoch-0085
2026-09-18T01:09:38.943090160Z [epoch 86/1000] EBOPs=735502 target=350000 beta=3.02e-06 val_AUC=0.852835 val_accuracy=0.588000 seconds=77.8 checkpoint=epoch-0086
2026-09-18T01:11:17.544927155Z [epoch 87/1000] EBOPs=726286 target=350000 beta=3.14e-06 val_AUC=0.849581 val_accuracy=0.576403 seconds=79.1 checkpoint=epoch-0087
2026-09-18T01:12:59.559915205Z [epoch 88/1000] EBOPs=702990 target=350000 beta=3.21e-06 val_AUC=0.839554 val_accuracy=0.564984 seconds=79.2 checkpoint=epoch-0088
2026-09-18T01:14:35.506158901Z [epoch 89/1000] EBOPs=703758 target=350000 beta=3.22e-06 val_AUC=0.840888 val_accuracy=0.567613 seconds=78.7 checkpoint=epoch-0089
2026-09-18T01:16:04.018901539Z [epoch 90/1000] EBOPs=689422 target=350000 beta=3.34e-06 val_AUC=0.838558 val_accuracy=0.563798 seconds=79.7 checkpoint=epoch-0090
2026-09-18T01:17:40.088388111Z [epoch 91/1000] EBOPs=638734 target=350000 beta=3.38e-06 val_AUC=0.840420 val_accuracy=0.567403 seconds=80.2 checkpoint=epoch-0091
2026-09-18T01:19:13.750758950Z [epoch 92/1000] EBOPs=542478 target=350000 beta=3.23e-06 val_AUC=0.830523 val_accuracy=0.548790 seconds=78.5 checkpoint=epoch-0092
2026-09-18T01:20:46.811126326Z [epoch 93/1000] EBOPs=518670 target=350000 beta=2.8e-06 val_AUC=0.833927 val_accuracy=0.551234 seconds=79.3 checkpoint=epoch-0093
2026-09-18T01:22:19.434932612Z [epoch 94/1000] EBOPs=477710 target=350000 beta=2.73e-06 val_AUC=0.819074 val_accuracy=0.531460 seconds=79.2 checkpoint=epoch-0094
2026-09-18T01:23:50.405510430Z [epoch 95/1000] EBOPs=477710 target=350000 beta=2.56e-06 val_AUC=0.828604 val_accuracy=0.541968 seconds=78.3 checkpoint=epoch-0095
2026-09-18T01:25:21.493538851Z [epoch 96/1000] EBOPs=485902 target=350000 beta=2.6e-06 val_AUC=0.832128 val_accuracy=0.549419 seconds=78.4 checkpoint=epoch-0096
2026-09-18T01:26:56.169702020Z [epoch 97/1000] EBOPs=449038 target=350000 beta=2.69e-06 val_AUC=0.813221 val_accuracy=0.525379 seconds=80.8 checkpoint=epoch-0097
2026-09-18T01:28:30.066134259Z [epoch 98/1000] EBOPs=449038 target=350000 beta=2.51e-06 val_AUC=0.819315 val_accuracy=0.533056 seconds=78.3 checkpoint=epoch-0098
2026-09-18T01:29:59.259336942Z [epoch 99/1000] EBOPs=436750 target=350000 beta=2.54e-06 val_AUC=0.801614 val_accuracy=0.503968 seconds=79.1 checkpoint=epoch-0099
2026-09-18T01:31:37.040751363Z [epoch 100/1000] EBOPs=456462 target=350000 beta=2.5e-06 val_AUC=0.822689 val_accuracy=0.538419 seconds=78.4 checkpoint=epoch-0100
2026-09-18T01:31:37.068424918Z wandb: Adding directory to artifact (/data/batch20260917/n8/runs/batch20260917-a01-s1/checkpoints/epoch-0100)... Done. 0.0s
2026-09-18T01:31:40.511550539Z [wandb] artifact resume-batch20260917-a01-s1:v3 committed (5 files)
2026-09-18T01:31:40.614379731Z wandb: updating run metadata
2026-09-18T01:31:41.015325579Z wandb: uploading wandb-summary.json; uploading config.yaml
2026-09-18T01:31:41.204820468Z wandb: 
2026-09-18T01:31:41.204850668Z wandb: Run history:
2026-09-18T01:31:41.204854018Z wandb:          activation_bits/bit_block_0_attn_Wk █▆▆▆▆▆▆▆▆▆▆▆▆▆▆▆▅▅▅▅▅▅▅▅▅▅▅▅▅▅▃▃▃▁▁▁▁▁▁▁
2026-09-18T01:31:41.204856808Z wandb:          activation_bits/bit_block_0_attn_Wo ███████████████▆▆▆▃▃▃▃▃▃▃▃▃▃▃▃▃▃▃▃▃▁▁▁▁▁
2026-09-18T01:31:41.204859228Z wandb:          activation_bits/bit_block_0_attn_Wq █████████████████▆▆▆▆▆▆▃▃▃▃▃▃▃▃▃▃▃▃▃▁▁▁▁
2026-09-18T01:31:41.204861218Z wandb:          activation_bits/bit_block_0_attn_Wv ▆▆█▆▆▆▆▆▆▆▆▆▆▆▆▆▆▅▅▅▅▅▅▅▅▅▅▅▅▅▅▅▅▅▅▁▁▁▁▁
2026-09-18T01:31:41.204863418Z wandb:    activation_bits/bit_block_0_attn_ctx__in0 ▁▁▁▁▁▁▁▁▁▁▁▁▁▁▁▁▁▁▁▁▁▁▁▁▁▁▁▁▁▁▁▁▁▁▁▁▁▁▁▁
2026-09-18T01:31:41.204865628Z wandb:    activation_bits/bit_block_0_attn_ctx__in1 ███████████████▆▆▅▅▅▅▅▅▅▅▅▅▅▅▅▅▅▃▃▃▃▃▁▁▁
2026-09-18T01:31:41.204880988Z wandb: activation_bits/bit_block_0_attn_scores__in0 █████▆▆▆▆▆▆▆▆▆▆▅▅▅▅▅▅▅▅▅▅▅▅▅▅▅▅▅▅▃▃▁▁▁▁▁
2026-09-18T01:31:41.204882648Z wandb: activation_bits/bit_block_0_attn_scores__in1 █████████████▆▆▃▃▃▃▃▃▃▃▃▃▃▃▃▃▃▃▃▃▃▁▁▁▁▁▁
2026-09-18T01:31:41.204884618Z wandb:          activation_bits/bit_block_0_ffn_fc1 ████████▆▆▆▆▆▆▆▆▅▅▅▅▅▅▅▅▅▅▅▅▅▅▅▅▅▃▃▁▁▁▁▁
2026-09-18T01:31:41.204887108Z wandb:          activation_bits/bit_block_0_ffn_fc2 ██████████▆▆▆▆▆▆▆▅▅▅▅▅▅▅▅▅▅▅▅▅▅▅▅▅▅▃▃▃▁▃
2026-09-18T01:31:41.204889768Z wandb:                                          +35 ...
2026-09-18T01:31:41.204891148Z wandb: 
2026-09-18T01:31:41.204892788Z wandb: Run summary:
2026-09-18T01:31:41.204894188Z wandb:          activation_bits/bit_block_0_attn_Wk 2
2026-09-18T01:31:41.204895578Z wandb:          activation_bits/bit_block_0_attn_Wo 2
2026-09-18T01:31:41.204896898Z wandb:          activation_bits/bit_block_0_attn_Wq 2
2026-09-18T01:31:41.204898508Z wandb:          activation_bits/bit_block_0_attn_Wv 2
2026-09-18T01:31:41.204899828Z wandb:    activation_bits/bit_block_0_attn_ctx__in0 10
2026-09-18T01:31:41.204901368Z wandb:    activation_bits/bit_block_0_attn_ctx__in1 2
2026-09-18T01:31:41.204902708Z wandb: activation_bits/bit_block_0_attn_scores__in0 1
2026-09-18T01:31:41.204904028Z wandb: activation_bits/bit_block_0_attn_scores__in1 2
2026-09-18T01:31:41.204905328Z wandb:          activation_bits/bit_block_0_ffn_fc1 2
2026-09-18T01:31:41.204906638Z wandb:          activation_bits/bit_block_0_ffn_fc2 3
2026-09-18T01:31:41.204907958Z wandb:                                          +39 ...
2026-09-18T01:31:41.204909398Z wandb: 
2026-09-18T01:31:41.205022459Z wandb: 🚀 View run batch20260917-a01-s1 at: https://wandb.ai/kayamaguchi-uc-san-diego/BNJetTag-Batch20260917/runs/8cdfda97a5a5
2026-09-18T01:31:41.205083859Z wandb: ⭐️ View project at: https://wandb.ai/kayamaguchi-uc-san-diego/BNJetTag-Batch20260917
2026-09-18T01:31:41.205118069Z wandb: Synced 5 W&B file(s), 0 media file(s), 16 artifact file(s) and 0 other file(s)
2026-09-18T01:31:41.205153499Z wandb: Find logs at: 
2026-09-18T01:31:42.759299027Z SCREENING_RUNG_PASS batch20260917-a01-s1 epochs=100
