2026-09-16T02:32:33.333680500Z [epoch 884/1000] EBOPs=391278 target=350000 beta=1.51e-06 AUC=0.851030 seconds=53.2 checkpoint=epoch-0884
2026-09-16T02:33:42.474883842Z [epoch 885/1000] EBOPs=378990 target=350000 beta=1.66e-06 AUC=0.849027 seconds=53.2 checkpoint=epoch-0885
2026-09-16T02:34:56.136379295Z [epoch 886/1000] EBOPs=428142 target=350000 beta=1.62e-06 AUC=0.850876 seconds=53.3 checkpoint=epoch-0886
2026-09-16T02:36:04.043242660Z [epoch 887/1000] EBOPs=395374 target=350000 beta=1.84e-06 AUC=0.856516 seconds=53.3 checkpoint=epoch-0887
2026-09-16T02:37:21.434717456Z [epoch 888/1000] EBOPs=366702 target=350000 beta=1.71e-06 AUC=0.852031 seconds=53.2 checkpoint=epoch-0888
2026-09-16T02:38:41.825043040Z [epoch 889/1000] EBOPs=378990 target=350000 beta=1.59e-06 AUC=0.849095 seconds=53.3 checkpoint=epoch-0889
2026-09-16T02:39:48.166335715Z [epoch 890/1000] EBOPs=383086 target=350000 beta=1.65e-06 AUC=0.846716 seconds=53.3 checkpoint=epoch-0890
2026-09-16T02:40:58.412827004Z [epoch 891/1000] EBOPs=358510 target=350000 beta=1.68e-06 AUC=0.848659 seconds=53.3 checkpoint=epoch-0891
2026-09-16T02:42:05.018651221Z [epoch 892/1000] EBOPs=401518 target=350000 beta=1.57e-06 AUC=0.848343 seconds=53.4 checkpoint=epoch-0892
2026-09-16T02:43:20.188590791Z [epoch 893/1000] EBOPs=387182 target=350000 beta=1.77e-06 AUC=0.853199 seconds=53.3 checkpoint=epoch-0893
2026-09-16T02:44:26.054547706Z [epoch 894/1000] EBOPs=407662 target=350000 beta=1.72e-06 AUC=0.851977 seconds=53.3 checkpoint=epoch-0894
2026-09-16T02:45:48.353047530Z [epoch 895/1000] EBOPs=415854 target=350000 beta=1.82e-06 AUC=0.854152 seconds=53.4 checkpoint=epoch-0895
2026-09-16T02:47:00.427402515Z [epoch 896/1000] EBOPs=403566 target=350000 beta=1.88e-06 AUC=0.846724 seconds=53.4 checkpoint=epoch-0896
2026-09-16T02:48:17.417548407Z [epoch 897/1000] EBOPs=399470 target=350000 beta=1.83e-06 AUC=0.853050 seconds=53.2 checkpoint=epoch-0897
2026-09-16T02:49:22.087572292Z [epoch 898/1000] EBOPs=366702 target=350000 beta=1.83e-06 AUC=0.839370 seconds=53.6 checkpoint=epoch-0898
2026-09-16T02:50:29.656559198Z [epoch 899/1000] EBOPs=362606 target=350000 beta=1.68e-06 AUC=0.848938 seconds=53.3 checkpoint=epoch-0899
2026-09-16T02:51:40.740803892Z [epoch 900/1000] EBOPs=383086 target=350000 beta=1.67e-06 AUC=0.851338 seconds=53.3 checkpoint=epoch-0900
2026-09-16T02:51:40.767325419Z wandb: Adding directory to artifact (/data/ebops-n8-20260912-ablation/runs/r4-gradual/checkpoints/epoch-0900)... Done. 0.0s
2026-09-16T02:51:45.159486214Z [wandb] artifact resume-ebops-n8-20260912-ablation-r4-gradual-w1a8:v35 committed (5 files)
2026-09-16T02:52:49.973472113Z [epoch 901/1000] EBOPs=378990 target=350000 beta=1.77e-06 AUC=0.853580 seconds=53.4 checkpoint=epoch-0901
2026-09-16T02:53:58.591961898Z [epoch 902/1000] EBOPs=378990 target=350000 beta=1.76e-06 AUC=0.847564 seconds=53.3 checkpoint=epoch-0902
2026-09-16T02:55:04.376655298Z [epoch 903/1000] EBOPs=393326 target=350000 beta=1.76e-06 AUC=0.843520 seconds=53.3 checkpoint=epoch-0903
2026-09-16T02:56:10.752668061Z [epoch 904/1000] EBOPs=368750 target=350000 beta=1.84e-06 AUC=0.849757 seconds=53.3 checkpoint=epoch-0904
2026-09-16T02:57:18.244859674Z [epoch 905/1000] EBOPs=397422 target=350000 beta=1.73e-06 AUC=0.845538 seconds=53.4 checkpoint=epoch-0905
2026-09-16T02:58:21.692956903Z [epoch 906/1000] EBOPs=383086 target=350000 beta=1.88e-06 AUC=0.849382 seconds=53.4 checkpoint=epoch-0906
2026-09-16T02:59:30.887916926Z [epoch 907/1000] EBOPs=387182 target=350000 beta=1.82e-06 AUC=0.852793 seconds=53.3 checkpoint=epoch-0907
2026-09-16T03:00:43.002714644Z [epoch 908/1000] EBOPs=407662 target=350000 beta=1.84e-06 AUC=0.843509 seconds=53.4 checkpoint=epoch-0908
2026-09-16T03:01:54.332926376Z [epoch 909/1000] EBOPs=376942 target=350000 beta=1.96e-06 AUC=0.846808 seconds=53.3 checkpoint=epoch-0909
2026-09-16T03:03:00.630616123Z [epoch 910/1000] EBOPs=407662 target=350000 beta=1.82e-06 AUC=0.854829 seconds=53.5 checkpoint=epoch-0910
2026-09-16T03:04:07.990626522Z [epoch 911/1000] EBOPs=389230 target=350000 beta=1.98e-06 AUC=0.842464 seconds=53.3 checkpoint=epoch-0911
2026-09-16T03:05:16.610135207Z [epoch 912/1000] EBOPs=370798 target=350000 beta=1.9e-06 AUC=0.851293 seconds=53.3 checkpoint=epoch-0912
2026-09-16T03:06:23.601289882Z [epoch 913/1000] EBOPs=387182 target=350000 beta=1.82e-06 AUC=0.851214 seconds=53.3 checkpoint=epoch-0913
2026-09-16T03:07:39.657285693Z [epoch 914/1000] EBOPs=402798 target=350000 beta=1.91e-06 AUC=0.854032 seconds=53.4 checkpoint=epoch-0914
2026-09-16T03:08:48.847475830Z [epoch 915/1000] EBOPs=383086 target=350000 beta=2e-06 AUC=0.851110 seconds=53.3 checkpoint=epoch-0915
2026-09-16T03:09:55.982539972Z [epoch 916/1000] EBOPs=354414 target=350000 beta=1.91e-06 AUC=0.845821 seconds=54.5 checkpoint=epoch-0916
2026-09-16T03:11:02.190623587Z [epoch 917/1000] EBOPs=411758 target=350000 beta=1.77e-06 AUC=0.854745 seconds=53.3 checkpoint=epoch-0917
2026-09-16T03:12:11.303474817Z [epoch 918/1000] EBOPs=389230 target=350000 beta=2.07e-06 AUC=0.841664 seconds=53.3 checkpoint=epoch-0918
2026-09-16T03:13:50.029644157Z [epoch 919/1000] EBOPs=370798 target=350000 beta=1.96e-06 AUC=0.847671 seconds=53.2 checkpoint=epoch-0919
2026-09-16T03:14:58.151163667Z [epoch 920/1000] EBOPs=393326 target=350000 beta=1.88e-06 AUC=0.849623 seconds=53.4 checkpoint=epoch-0920
2026-09-16T03:16:20.798482266Z [epoch 921/1000] EBOPs=395374 target=350000 beta=2e-06 AUC=0.851445 seconds=53.3 checkpoint=epoch-0921
2026-09-16T03:17:31.881683171Z [epoch 922/1000] EBOPs=374894 target=350000 beta=2.03e-06 AUC=0.848091 seconds=53.4 checkpoint=epoch-0922
2026-09-16T03:18:36.373658234Z [epoch 923/1000] EBOPs=403566 target=350000 beta=1.93e-06 AUC=0.854389 seconds=53.4 checkpoint=epoch-0923
2026-09-16T03:19:41.822253598Z [epoch 924/1000] EBOPs=391278 target=350000 beta=2.09e-06 AUC=0.849950 seconds=53.3 checkpoint=epoch-0924
2026-09-16T03:20:47.097181274Z [epoch 925/1000] EBOPs=399470 target=350000 beta=2.04e-06 AUC=0.852809 seconds=53.4 checkpoint=epoch-0925
2026-09-16T03:20:47.122873141Z wandb: Adding directory to artifact (/data/ebops-n8-20260912-ablation/runs/r4-gradual/checkpoints/epoch-0925)... Done. 0.0s
2026-09-16T03:20:51.048119683Z [wandb] artifact resume-ebops-n8-20260912-ablation-r4-gradual-w1a8:v36 committed (5 files)
2026-09-16T03:22:14.708537306Z [epoch 926/1000] EBOPs=382318 target=350000 beta=2.09e-06 AUC=0.848546 seconds=53.3 checkpoint=epoch-0926
2026-09-16T03:23:25.693657163Z [epoch 927/1000] EBOPs=362606 target=350000 beta=2.01e-06 AUC=0.848213 seconds=53.4 checkpoint=epoch-0927
2026-09-16T03:24:31.453135047Z [epoch 928/1000] EBOPs=391278 target=350000 beta=1.91e-06 AUC=0.851108 seconds=53.4 checkpoint=epoch-0928
2026-09-16T03:25:39.140822634Z [epoch 929/1000] EBOPs=368750 target=350000 beta=2.08e-06 AUC=0.848075 seconds=53.3 checkpoint=epoch-0929
2026-09-16T03:26:47.268401381Z [epoch 930/1000] EBOPs=374126 target=350000 beta=1.96e-06 AUC=0.847793 seconds=53.4 checkpoint=epoch-0930
2026-09-16T03:27:57.177244405Z [epoch 931/1000] EBOPs=355694 target=350000 beta=2e-06 AUC=0.843386 seconds=53.4 checkpoint=epoch-0931
2026-09-16T03:29:08.839043474Z [epoch 932/1000] EBOPs=370798 target=350000 beta=1.9e-06 AUC=0.848968 seconds=53.4 checkpoint=epoch-0932
2026-09-16T03:30:14.402538660Z [epoch 933/1000] EBOPs=362606 target=350000 beta=1.99e-06 AUC=0.849036 seconds=53.3 checkpoint=epoch-0933
2026-09-16T03:31:23.957195486Z [epoch 934/1000] EBOPs=415854 target=350000 beta=1.95e-06 AUC=0.855400 seconds=53.5 checkpoint=epoch-0934
2026-09-16T03:32:36.212610064Z [epoch 935/1000] EBOPs=382318 target=350000 beta=2.25e-06 AUC=0.849978 seconds=53.4 checkpoint=epoch-0935
2026-09-16T03:33:44.038579615Z [epoch 936/1000] EBOPs=365934 target=350000 beta=2.08e-06 AUC=0.846641 seconds=53.4 checkpoint=epoch-0936
2026-09-16T03:34:55.886373752Z [epoch 937/1000] EBOPs=419790 target=350000 beta=1.99e-06 AUC=0.849244 seconds=53.4 checkpoint=epoch-0937
2026-09-16T03:36:04.640478658Z [epoch 938/1000] EBOPs=381038 target=350000 beta=2.31e-06 AUC=0.845831 seconds=53.4 checkpoint=epoch-0938
2026-09-16T03:37:09.566334721Z [epoch 939/1000] EBOPs=378990 target=350000 beta=2.1e-06 AUC=0.852239 seconds=53.4 checkpoint=epoch-0939
2026-09-16T03:38:23.420352551Z [epoch 940/1000] EBOPs=354414 target=350000 beta=2.1e-06 AUC=0.842800 seconds=53.4 checkpoint=epoch-0940
2026-09-16T03:39:35.924598100Z [epoch 941/1000] EBOPs=391278 target=350000 beta=1.97e-06 AUC=0.850216 seconds=53.4 checkpoint=epoch-0941
2026-09-16T03:40:44.106425701Z [epoch 942/1000] EBOPs=383086 target=350000 beta=2.18e-06 AUC=0.852105 seconds=53.4 checkpoint=epoch-0942
2026-09-16T03:41:52.053350551Z [epoch 943/1000] EBOPs=364654 target=350000 beta=2.15e-06 AUC=0.839359 seconds=53.3 checkpoint=epoch-0943
2026-09-16T03:42:58.802531004Z [epoch 944/1000] EBOPs=374894 target=350000 beta=2.05e-06 AUC=0.851261 seconds=53.2 checkpoint=epoch-0944
2026-09-16T03:44:08.255635835Z [epoch 945/1000] EBOPs=378990 target=350000 beta=2.11e-06 AUC=0.850495 seconds=53.2 checkpoint=epoch-0945
2026-09-16T03:45:17.825284643Z [epoch 946/1000] EBOPs=374894 target=350000 beta=2.14e-06 AUC=0.849851 seconds=53.3 checkpoint=epoch-0946
2026-09-16T03:46:23.477214317Z [epoch 947/1000] EBOPs=399470 target=350000 beta=2.13e-06 AUC=0.853277 seconds=53.3 checkpoint=epoch-0947
2026-09-16T03:47:42.416989853Z [epoch 948/1000] EBOPs=378990 target=350000 beta=2.28e-06 AUC=0.847498 seconds=53.4 checkpoint=epoch-0948
2026-09-16T03:48:46.482778749Z [epoch 949/1000] EBOPs=381038 target=350000 beta=2.17e-06 AUC=0.849619 seconds=53.3 checkpoint=epoch-0949
2026-09-16T03:50:04.116633029Z [epoch 950/1000] EBOPs=354414 target=350000 beta=2.19e-06 AUC=0.845359 seconds=53.6 checkpoint=epoch-0950
2026-09-16T03:50:04.142413440Z wandb: Adding directory to artifact (/data/ebops-n8-20260912-ablation/runs/r4-gradual/checkpoints/epoch-0950)... Done. 0.0s
2026-09-16T03:50:08.260160292Z [wandb] artifact resume-ebops-n8-20260912-ablation-r4-gradual-w1a8:v37 committed (5 files)
2026-09-16T03:51:18.491119717Z [epoch 951/1000] EBOPs=374894 target=350000 beta=2.04e-06 AUC=0.848726 seconds=53.3 checkpoint=epoch-0951
2026-09-16T03:52:28.980922220Z [epoch 952/1000] EBOPs=370798 target=350000 beta=2.17e-06 AUC=0.849554 seconds=53.2 checkpoint=epoch-0952
2026-09-16T03:53:36.643566316Z [epoch 953/1000] EBOPs=352366 target=350000 beta=2.15e-06 AUC=0.844173 seconds=54.4 checkpoint=epoch-0953
2026-09-16T03:54:50.187377853Z [epoch 954/1000] EBOPs=362606 target=350000 beta=2.04e-06 AUC=0.847454 seconds=53.3 checkpoint=epoch-0954
2026-09-16T03:55:59.815531190Z [epoch 955/1000] EBOPs=357742 target=350000 beta=2.11e-06 AUC=0.839019 seconds=53.2 checkpoint=epoch-0955
2026-09-16T03:57:17.638987040Z [epoch 956/1000] EBOPs=354414 target=350000 beta=2.08e-06 AUC=0.841041 seconds=53.3 checkpoint=epoch-0956
2026-09-16T03:58:26.347965996Z [epoch 957/1000] EBOPs=387182 target=350000 beta=2.06e-06 AUC=0.849554 seconds=53.3 checkpoint=epoch-0957
2026-09-16T03:59:38.710198481Z [epoch 958/1000] EBOPs=378990 target=350000 beta=2.27e-06 AUC=0.851870 seconds=53.3 checkpoint=epoch-0958
2026-09-16T04:00:49.735445124Z [epoch 959/1000] EBOPs=398702 target=350000 beta=2.23e-06 AUC=0.850305 seconds=53.3 checkpoint=epoch-0959
2026-09-16T04:01:57.603262683Z [epoch 960/1000] EBOPs=349550 target=350000 beta=2.36e-06 AUC=0.847682 seconds=56.5 checkpoint=epoch-0960
2026-09-16T04:03:17.019155946Z [epoch 961/1000] EBOPs=385134 target=350000 beta=2.07e-06 AUC=0.851297 seconds=53.5 checkpoint=epoch-0961
2026-09-16T04:04:22.236867570Z [epoch 962/1000] EBOPs=381038 target=350000 beta=2.29e-06 AUC=0.843071 seconds=53.2 checkpoint=epoch-0962
2026-09-16T04:05:31.601030289Z [epoch 963/1000] EBOPs=378990 target=350000 beta=2.27e-06 AUC=0.841553 seconds=53.3 checkpoint=epoch-0963
2026-09-16T04:06:42.477931816Z [epoch 964/1000] EBOPs=387182 target=350000 beta=2.27e-06 AUC=0.848496 seconds=53.2 checkpoint=epoch-0964
2026-09-16T04:08:31.789597552Z [epoch 965/1000] EBOPs=402798 target=350000 beta=2.33e-06 AUC=0.853020 seconds=53.1 checkpoint=epoch-0965
2026-09-16T04:09:43.239700797Z [epoch 966/1000] EBOPs=374894 target=350000 beta=2.44e-06 AUC=0.853193 seconds=53.3 checkpoint=epoch-0966
2026-09-16T04:10:57.180613966Z [epoch 967/1000] EBOPs=362606 target=350000 beta=2.28e-06 AUC=0.844115 seconds=53.3 checkpoint=epoch-0967
2026-09-16T04:12:07.842471702Z [epoch 968/1000] EBOPs=376942 target=350000 beta=2.21e-06 AUC=0.850629 seconds=53.3 checkpoint=epoch-0968
2026-09-16T04:13:19.066319544Z [epoch 969/1000] EBOPs=362606 target=350000 beta=2.31e-06 AUC=0.845565 seconds=53.3 checkpoint=epoch-0969
2026-09-16T04:14:27.080011118Z [epoch 970/1000] EBOPs=395374 target=350000 beta=2.22e-06 AUC=0.849039 seconds=53.2 checkpoint=epoch-0970
2026-09-16T04:15:33.983522249Z [epoch 971/1000] EBOPs=370798 target=350000 beta=2.44e-06 AUC=0.849403 seconds=53.4 checkpoint=epoch-0971
2026-09-16T04:16:39.545972680Z [epoch 972/1000] EBOPs=350318 target=350000 beta=2.29e-06 AUC=0.840535 seconds=53.3 checkpoint=epoch-0972
2026-09-16T04:17:57.731252540Z [epoch 973/1000] EBOPs=410990 target=350000 beta=2.17e-06 AUC=0.852625 seconds=53.3 checkpoint=epoch-0973
2026-09-16T04:19:12.888268284Z [epoch 974/1000] EBOPs=403566 target=350000 beta=2.56e-06 AUC=0.850777 seconds=53.4 checkpoint=epoch-0974
2026-09-16T04:20:26.632692901Z [epoch 975/1000] EBOPs=354414 target=350000 beta=2.53e-06 AUC=0.841779 seconds=53.3 checkpoint=epoch-0975
2026-09-16T04:20:26.659483002Z wandb: Adding directory to artifact (/data/ebops-n8-20260912-ablation/runs/r4-gradual/checkpoints/epoch-0975)... Done. 0.0s
2026-09-16T04:20:30.817548970Z [wandb] artifact resume-ebops-n8-20260912-ablation-r4-gradual-w1a8:v38 committed (6 files)
2026-09-16T04:21:40.657771237Z [epoch 976/1000] EBOPs=391278 target=350000 beta=2.23e-06 AUC=0.853486 seconds=53.3 checkpoint=epoch-0976
2026-09-16T04:23:01.474535739Z [epoch 977/1000] EBOPs=354414 target=350000 beta=2.47e-06 AUC=0.834364 seconds=53.3 checkpoint=epoch-0977
2026-09-16T04:24:11.406932579Z [epoch 978/1000] EBOPs=366702 target=350000 beta=2.24e-06 AUC=0.840985 seconds=53.3 checkpoint=epoch-0978
2026-09-16T04:25:23.093290168Z [epoch 979/1000] EBOPs=378990 target=350000 beta=2.32e-06 AUC=0.834186 seconds=53.4 checkpoint=epoch-0979
2026-09-16T04:27:05.101970921Z [epoch 980/1000] EBOPs=385134 target=350000 beta=2.41e-06 AUC=0.849354 seconds=53.4 checkpoint=epoch-0980
2026-09-16T04:28:20.758207887Z [epoch 981/1000] EBOPs=356302 target=350000 beta=2.46e-06 AUC=0.822995 seconds=53.3 checkpoint=epoch-0981
2026-09-16T04:29:31.943310188Z [epoch 982/1000] EBOPs=362606 target=350000 beta=2.28e-06 AUC=0.844902 seconds=53.3 checkpoint=epoch-0982
2026-09-16T04:30:35.977705130Z [epoch 983/1000] EBOPs=368750 target=350000 beta=2.32e-06 AUC=0.849291 seconds=53.4 checkpoint=epoch-0983
2026-09-16T04:31:47.976206673Z [epoch 984/1000] EBOPs=362606 target=350000 beta=2.37e-06 AUC=0.839597 seconds=53.8 checkpoint=epoch-0984
2026-09-16T04:33:16.594533334Z [epoch 985/1000] EBOPs=352366 target=350000 beta=2.33e-06 AUC=0.846139 seconds=53.4 checkpoint=epoch-0985
2026-09-16T04:34:28.674003085Z [epoch 986/1000] EBOPs=335982 target=350000 beta=2.27e-06 AUC=0.828646 seconds=54.8 checkpoint=epoch-0986
2026-09-16T04:35:32.567210354Z [epoch 987/1000] EBOPs=387182 target=350000 beta=2.16e-06 AUC=0.847128 seconds=53.3 checkpoint=epoch-0987
2026-09-16T04:36:36.557341464Z [epoch 988/1000] EBOPs=368750 target=350000 beta=2.5e-06 AUC=0.845077 seconds=53.3 checkpoint=epoch-0988
2026-09-16T04:37:48.315737437Z [epoch 989/1000] EBOPs=378990 target=350000 beta=2.39e-06 AUC=0.840210 seconds=53.3 checkpoint=epoch-0989
2026-09-16T04:38:59.558836626Z [epoch 990/1000] EBOPs=386414 target=350000 beta=2.46e-06 AUC=0.848809 seconds=53.3 checkpoint=epoch-0990
2026-09-16T04:40:15.540254398Z [epoch 991/1000] EBOPs=370798 target=350000 beta=2.52e-06 AUC=0.846818 seconds=53.3 checkpoint=epoch-0991
2026-09-16T04:41:20.397084758Z [epoch 992/1000] EBOPs=370798 target=350000 beta=2.43e-06 AUC=0.840779 seconds=53.4 checkpoint=epoch-0992
2026-09-16T04:42:33.127850733Z [epoch 993/1000] EBOPs=335214 target=350000 beta=2.44e-06 AUC=0.837243 seconds=54.7 checkpoint=epoch-0993
2026-09-16T04:43:38.377330272Z [epoch 994/1000] EBOPs=378990 target=350000 beta=2.2e-06 AUC=0.848941 seconds=53.3 checkpoint=epoch-0994
2026-09-16T04:44:49.307293403Z [epoch 995/1000] EBOPs=357742 target=350000 beta=2.49e-06 AUC=0.833727 seconds=53.2 checkpoint=epoch-0995
2026-09-16T04:46:01.967119098Z [epoch 996/1000] EBOPs=353646 target=350000 beta=2.36e-06 AUC=0.844914 seconds=53.2 checkpoint=epoch-0996
2026-09-16T04:47:18.296238451Z [epoch 997/1000] EBOPs=402798 target=350000 beta=2.33e-06 AUC=0.847734 seconds=53.3 checkpoint=epoch-0997
2026-09-16T04:48:20.898309905Z [epoch 998/1000] EBOPs=374126 target=350000 beta=2.67e-06 AUC=0.843207 seconds=53.2 checkpoint=epoch-0998
2026-09-16T04:49:33.715079611Z [epoch 999/1000] EBOPs=361838 target=350000 beta=2.49e-06 AUC=0.848103 seconds=53.4 checkpoint=epoch-0999
2026-09-16T04:50:48.732096836Z [epoch 1000/1000] EBOPs=361838 target=350000 beta=2.41e-06 AUC=0.850852 seconds=53.2 checkpoint=epoch-1000
2026-09-16T04:50:48.762133036Z wandb: Adding directory to artifact (/data/ebops-n8-20260912-ablation/runs/r4-gradual/checkpoints/epoch-1000)... Done. 0.0s
2026-09-16T04:50:52.253986236Z [wandb] artifact resume-ebops-n8-20260912-ablation-r4-gradual-w1a8:v39 committed (6 files)
2026-09-16T04:50:56.903520200Z [wandb] artifact model-ebops-n8-20260912-ablation-r4-gradual-w1a8-s1:v0 committed (9 files)
2026-09-16T04:50:57.006452177Z wandb: updating run metadata
2026-09-16T04:50:57.848119099Z wandb: 
2026-09-16T04:50:57.848140757Z wandb: Run history:
2026-09-16T04:50:57.848145472Z wandb:          activation_bits/bit_block_0_attn_Wk █▇▇▆▅▅▅▅▅▅▅▅▅▅▅▅▅▅▅▅▃▃▂▂▂▂▂▂▂▂▂▂▂▂▂▁▂▁▁▁
2026-09-16T04:50:57.848147569Z wandb:          activation_bits/bit_block_0_attn_Wo ▆▆▆▆▅▆▆▅▅██▅▆█▅▆▅▅▆▅▅▃▃▃▃▃▅▅▃▁▁▁▁▁▁▁▁▁▁▁
2026-09-16T04:50:57.848149313Z wandb:          activation_bits/bit_block_0_attn_Wq █████▆███▆█▆▆▆█▆▅▆▆▆▆▆▆▅▅▃▃▃▃▃▃▃▃▃▃▁▁▃▃▁
2026-09-16T04:50:57.848151361Z wandb:          activation_bits/bit_block_0_attn_Wv ███▅▅▅▇▅▅▅▇▅▅▅▅▄▄▄▂▂▄▂▂▂▂▂▂▂▂▂▁▁▁▁▁▁▁▁▁▁
2026-09-16T04:50:57.848153067Z wandb:    activation_bits/bit_block_0_attn_ctx__in0 ▁▁▁▁▁▁▁▁▁▁▁▁▁▁▁▁▁▁▁▁▁▁▁▁▁▁▁▁▁▁▁▁▁▁▁▁▁▁▁▁
2026-09-16T04:50:57.848154980Z wandb:    activation_bits/bit_block_0_attn_ctx__in1 ██▇▇▇▅▅▅▅▅▅▃▃▃▃▃▃▃▃▃▃▃▃▁▁▁▁▁▁▁▁▁▁▁▁▁▁▁▁▁
2026-09-16T04:50:57.848156612Z wandb: activation_bits/bit_block_0_attn_scores__in0 █▆▆▆▆▆▆▆▆▆▆▆▆▃▆▆▆▆▆▃▆▆▆▆▃▁▁▁▁▁▁▁▁▁▁▁▁▁▁▁
2026-09-16T04:50:57.848158377Z wandb: activation_bits/bit_block_0_attn_scores__in1 ██▅▄▄▅▅▅▅▅▅▅▅▅▄▅▄▄▅▅▅▅▄▅▃▃▃▃▃▃▃▃▂▂▂▂▁▂▁▂
2026-09-16T04:50:57.848160072Z wandb:          activation_bits/bit_block_0_ffn_fc1 ███▅▅▅▅▅▅▅▅▄▅▄▅▅▄▅▄▄▄▅▄▂▄▄▄▂▂▂▁▁▁▁▁▁▁▁▁▁
2026-09-16T04:50:57.848161714Z wandb:          activation_bits/bit_block_0_ffn_fc2 ██▇▇▅▅▅▄▅▅▄▅▄▄▄▄▄▄▄▄▄▄▄▄▂▂▂▂▂▂▁▂▁▁▂▁▁▁▁▁
2026-09-16T04:50:57.848164742Z wandb:                                          +33 ...
2026-09-16T04:50:57.848166526Z wandb: 
2026-09-16T04:50:57.848168465Z wandb: Run summary:
2026-09-16T04:50:57.848170223Z wandb:          activation_bits/bit_block_0_attn_Wk 1
2026-09-16T04:50:57.848172160Z wandb:          activation_bits/bit_block_0_attn_Wo 2
2026-09-16T04:50:57.848187009Z wandb:          activation_bits/bit_block_0_attn_Wq 2
2026-09-16T04:50:57.848192798Z wandb:          activation_bits/bit_block_0_attn_Wv 2
2026-09-16T04:50:57.848193886Z wandb:    activation_bits/bit_block_0_attn_ctx__in0 10
2026-09-16T04:50:57.848195072Z wandb:    activation_bits/bit_block_0_attn_ctx__in1 2
2026-09-16T04:50:57.848196513Z wandb: activation_bits/bit_block_0_attn_scores__in0 2
2026-09-16T04:50:57.848197673Z wandb: activation_bits/bit_block_0_attn_scores__in1 1
2026-09-16T04:50:57.848198803Z wandb:          activation_bits/bit_block_0_ffn_fc1 2
2026-09-16T04:50:57.848200350Z wandb:          activation_bits/bit_block_0_ffn_fc2 2
2026-09-16T04:50:57.848201741Z wandb:                                          +36 ...
2026-09-16T04:50:57.848202966Z wandb: 
2026-09-16T04:50:57.848349803Z wandb: 🚀 View run ebops-n8-20260912-ablation-r4-gradual-w1a8-s1 at: https://wandb.ai/kayamaguchi-uc-san-diego/BNJetTag-EBOPs-N8/runs/cc0da02952b7
2026-09-16T04:50:57.848358906Z wandb: ⭐️ View project at: https://wandb.ai/kayamaguchi-uc-san-diego/BNJetTag-EBOPs-N8
2026-09-16T04:50:57.848360449Z wandb: Synced 5 W&B file(s), 0 media file(s), 208 artifact file(s) and 0 other file(s)
2026-09-16T04:50:57.848469029Z wandb: Find logs at: 
