2026-09-15T21:13:33.185583268Z [epoch 885/1000] EBOPs=347502 target=350000 beta=1.19e-06 AUC=0.843864 seconds=55.0 checkpoint=epoch-0885
2026-09-15T21:14:42.546769792Z [epoch 886/1000] EBOPs=378062 target=350000 beta=1.19e-06 AUC=0.840818 seconds=54.2 checkpoint=epoch-0886
2026-09-15T21:15:54.570025463Z [epoch 887/1000] EBOPs=354926 target=350000 beta=1.3e-06 AUC=0.838040 seconds=52.7 checkpoint=epoch-0887
2026-09-15T21:16:58.223362442Z [epoch 888/1000] EBOPs=357742 target=350000 beta=1.22e-06 AUC=0.829546 seconds=51.7 checkpoint=epoch-0888
2026-09-15T21:18:27.288843960Z [epoch 889/1000] EBOPs=377198 target=350000 beta=1.23e-06 AUC=0.836953 seconds=52.9 checkpoint=epoch-0889
2026-09-15T21:19:34.792475440Z [epoch 890/1000] EBOPs=348526 target=350000 beta=1.3e-06 AUC=0.835032 seconds=53.9 checkpoint=epoch-0890
2026-09-15T21:20:47.092602916Z [epoch 891/1000] EBOPs=333166 target=350000 beta=1.2e-06 AUC=0.841447 seconds=53.1 checkpoint=epoch-0891
2026-09-15T21:21:53.733723649Z [epoch 892/1000] EBOPs=337262 target=350000 beta=1.15e-06 AUC=0.823793 seconds=51.9 checkpoint=epoch-0892
2026-09-15T21:23:04.157779314Z [epoch 893/1000] EBOPs=345454 target=350000 beta=1.16e-06 AUC=0.821642 seconds=53.2 checkpoint=epoch-0893
2026-09-15T21:24:15.534984895Z [epoch 894/1000] EBOPs=345454 target=350000 beta=1.19e-06 AUC=0.835215 seconds=57.9 checkpoint=epoch-0894
2026-09-15T21:25:26.818748476Z [epoch 895/1000] EBOPs=407758 target=350000 beta=1.18e-06 AUC=0.832841 seconds=54.5 checkpoint=epoch-0895
2026-09-15T21:26:31.131990201Z [epoch 896/1000] EBOPs=329070 target=350000 beta=1.41e-06 AUC=0.830986 seconds=53.7 checkpoint=epoch-0896
2026-09-15T21:27:42.317668186Z [epoch 897/1000] EBOPs=322926 target=350000 beta=1.13e-06 AUC=0.824027 seconds=54.2 checkpoint=epoch-0897
2026-09-15T21:28:48.182971041Z [epoch 898/1000] EBOPs=357742 target=350000 beta=1.11e-06 AUC=0.842100 seconds=52.6 checkpoint=epoch-0898
2026-09-15T21:30:00.937218873Z [epoch 899/1000] EBOPs=365934 target=350000 beta=1.23e-06 AUC=0.846027 seconds=52.0 checkpoint=epoch-0899
2026-09-15T21:31:08.256979218Z [epoch 900/1000] EBOPs=353646 target=350000 beta=1.26e-06 AUC=0.835769 seconds=48.4 checkpoint=epoch-0900
2026-09-15T21:31:08.287209208Z wandb: Adding directory to artifact (/data/ebops-n8-20260912-ablation/runs/r3-prob8/checkpoints/epoch-0900)... Done. 0.0s
2026-09-15T21:31:12.282672903Z [wandb] artifact resume-ebops-n8-20260912-ablation-r3-prob8-w1a8:v35 committed (6 files)
2026-09-15T21:32:17.232705684Z [epoch 901/1000] EBOPs=353646 target=350000 beta=1.22e-06 AUC=0.837348 seconds=53.7 checkpoint=epoch-0901
2026-09-15T21:33:34.116555898Z [epoch 902/1000] EBOPs=339310 target=350000 beta=1.22e-06 AUC=0.843904 seconds=55.3 checkpoint=epoch-0902
2026-09-15T21:34:49.230069920Z [epoch 903/1000] EBOPs=327022 target=350000 beta=1.17e-06 AUC=0.833486 seconds=54.1 checkpoint=epoch-0903
2026-09-15T21:35:57.991110993Z [epoch 904/1000] EBOPs=333166 target=350000 beta=1.12e-06 AUC=0.844754 seconds=50.3 checkpoint=epoch-0904
2026-09-15T21:37:08.429479319Z [epoch 905/1000] EBOPs=356814 target=350000 beta=1.14e-06 AUC=0.812751 seconds=51.7 checkpoint=epoch-0905
2026-09-15T21:38:22.693196558Z [epoch 906/1000] EBOPs=374126 target=350000 beta=1.22e-06 AUC=0.844601 seconds=54.8 checkpoint=epoch-0906
2026-09-15T21:39:37.289540949Z [epoch 907/1000] EBOPs=349550 target=350000 beta=1.29e-06 AUC=0.842453 seconds=51.3 checkpoint=epoch-0907
2026-09-15T21:40:42.583116306Z [epoch 908/1000] EBOPs=338286 target=350000 beta=1.2e-06 AUC=0.831610 seconds=55.2 checkpoint=epoch-0908
2026-09-15T21:42:02.726941201Z [epoch 909/1000] EBOPs=355534 target=350000 beta=1.16e-06 AUC=0.840512 seconds=53.2 checkpoint=epoch-0909
2026-09-15T21:43:11.962458773Z [epoch 910/1000] EBOPs=357742 target=350000 beta=1.22e-06 AUC=0.842610 seconds=53.6 checkpoint=epoch-0910
2026-09-15T21:44:29.882648426Z [epoch 911/1000] EBOPs=321902 target=350000 beta=1.23e-06 AUC=0.814658 seconds=53.5 checkpoint=epoch-0911
2026-09-15T21:45:36.832671338Z [epoch 912/1000] EBOPs=335214 target=350000 beta=1.1e-06 AUC=0.840956 seconds=49.7 checkpoint=epoch-0912
2026-09-15T21:46:47.763860876Z [epoch 913/1000] EBOPs=304494 target=350000 beta=1.14e-06 AUC=0.831620 seconds=55.4 checkpoint=epoch-0913
2026-09-15T21:47:59.945397284Z [epoch 914/1000] EBOPs=319854 target=350000 beta=1.03e-06 AUC=0.838884 seconds=55.3 checkpoint=epoch-0914
2026-09-15T21:49:35.645652605Z [epoch 915/1000] EBOPs=370030 target=350000 beta=1.08e-06 AUC=0.846369 seconds=54.4 checkpoint=epoch-0915
2026-09-15T21:50:48.232089630Z [epoch 916/1000] EBOPs=335214 target=350000 beta=1.25e-06 AUC=0.837007 seconds=54.0 checkpoint=epoch-0916
2026-09-15T21:52:04.255681287Z [epoch 917/1000] EBOPs=316782 target=350000 beta=1.13e-06 AUC=0.827556 seconds=54.5 checkpoint=epoch-0917
2026-09-15T21:53:09.022401325Z [epoch 918/1000] EBOPs=340334 target=350000 beta=1.06e-06 AUC=0.827238 seconds=49.0 checkpoint=epoch-0918
2026-09-15T21:54:12.600910024Z [epoch 919/1000] EBOPs=349550 target=350000 beta=1.14e-06 AUC=0.840301 seconds=54.8 checkpoint=epoch-0919
2026-09-15T21:55:18.192940851Z [epoch 920/1000] EBOPs=352622 target=350000 beta=1.17e-06 AUC=0.823005 seconds=53.6 checkpoint=epoch-0920
2026-09-15T21:56:46.311777552Z [epoch 921/1000] EBOPs=346318 target=350000 beta=1.18e-06 AUC=0.840557 seconds=53.3 checkpoint=epoch-0921
2026-09-15T21:57:45.086939666Z [epoch 922/1000] EBOPs=338286 target=350000 beta=1.16e-06 AUC=0.837457 seconds=49.1 checkpoint=epoch-0922
2026-09-15T21:58:58.316908900Z [epoch 923/1000] EBOPs=337262 target=350000 beta=1.13e-06 AUC=0.822170 seconds=53.5 checkpoint=epoch-0923
2026-09-15T22:00:05.958860281Z [epoch 924/1000] EBOPs=343406 target=350000 beta=1.13e-06 AUC=0.835425 seconds=53.8 checkpoint=epoch-0924
2026-09-15T22:01:10.364747133Z [epoch 925/1000] EBOPs=337262 target=350000 beta=1.15e-06 AUC=0.841773 seconds=51.3 checkpoint=epoch-0925
2026-09-15T22:01:10.392729802Z wandb: Adding directory to artifact (/data/ebops-n8-20260912-ablation/runs/r3-prob8/checkpoints/epoch-0925)... Done. 0.0s
2026-09-15T22:01:14.026784392Z [wandb] artifact resume-ebops-n8-20260912-ablation-r3-prob8-w1a8:v36 committed (6 files)
2026-09-15T22:02:21.996603846Z [epoch 926/1000] EBOPs=360814 target=350000 beta=1.12e-06 AUC=0.829291 seconds=53.9 checkpoint=epoch-0926
2026-09-15T22:03:34.010726231Z [epoch 927/1000] EBOPs=353486 target=350000 beta=1.2e-06 AUC=0.827400 seconds=53.7 checkpoint=epoch-0927
2026-09-15T22:04:44.586897642Z [epoch 928/1000] EBOPs=349550 target=350000 beta=1.18e-06 AUC=0.838745 seconds=53.8 checkpoint=epoch-0928
2026-09-15T22:05:50.341785324Z [epoch 929/1000] EBOPs=320878 target=350000 beta=1.17e-06 AUC=0.826069 seconds=52.3 checkpoint=epoch-0929
2026-09-15T22:06:58.456195372Z [epoch 930/1000] EBOPs=365934 target=350000 beta=1.07e-06 AUC=0.844212 seconds=54.6 checkpoint=epoch-0930
2026-09-15T22:08:10.793614607Z [epoch 931/1000] EBOPs=333166 target=350000 beta=1.22e-06 AUC=0.843784 seconds=54.8 checkpoint=epoch-0931
2026-09-15T22:09:20.421098362Z [epoch 932/1000] EBOPs=320878 target=350000 beta=1.11e-06 AUC=0.823475 seconds=58.2 checkpoint=epoch-0932
2026-09-15T22:10:28.316488135Z [epoch 933/1000] EBOPs=348366 target=350000 beta=1.06e-06 AUC=0.838201 seconds=54.1 checkpoint=epoch-0933
2026-09-15T22:11:42.963802575Z [epoch 934/1000] EBOPs=346478 target=350000 beta=1.15e-06 AUC=0.837756 seconds=55.0 checkpoint=epoch-0934
2026-09-15T22:12:54.417060495Z [epoch 935/1000] EBOPs=335214 target=350000 beta=1.15e-06 AUC=0.839086 seconds=52.7 checkpoint=epoch-0935
2026-09-15T22:14:32.500975291Z [epoch 936/1000] EBOPs=339310 target=350000 beta=1.11e-06 AUC=0.838670 seconds=49.8 checkpoint=epoch-0936
2026-09-15T22:15:49.975632457Z [epoch 937/1000] EBOPs=368846 target=350000 beta=1.12e-06 AUC=0.829311 seconds=58.3 checkpoint=epoch-0937
2026-09-15T22:17:04.283688211Z [epoch 938/1000] EBOPs=347502 target=350000 beta=1.22e-06 AUC=0.828181 seconds=55.4 checkpoint=epoch-0938
2026-09-15T22:18:34.416341681Z [epoch 939/1000] EBOPs=361678 target=350000 beta=1.15e-06 AUC=0.841175 seconds=55.4 checkpoint=epoch-0939
2026-09-15T22:19:44.241041227Z [epoch 940/1000] EBOPs=359790 target=350000 beta=1.2e-06 AUC=0.832952 seconds=55.2 checkpoint=epoch-0940
2026-09-15T22:20:59.904973588Z [epoch 941/1000] EBOPs=364910 target=350000 beta=1.19e-06 AUC=0.843492 seconds=57.6 checkpoint=epoch-0941
2026-09-15T22:22:12.306499761Z [epoch 942/1000] EBOPs=324814 target=350000 beta=1.21e-06 AUC=0.827220 seconds=54.5 checkpoint=epoch-0942
2026-09-15T22:23:21.307318128Z [epoch 943/1000] EBOPs=378062 target=350000 beta=1.07e-06 AUC=0.833350 seconds=51.3 checkpoint=epoch-0943
2026-09-15T22:24:29.686210230Z [epoch 944/1000] EBOPs=357742 target=350000 beta=1.26e-06 AUC=0.840387 seconds=54.1 checkpoint=epoch-0944
2026-09-15T22:25:42.255305267Z [epoch 945/1000] EBOPs=323790 target=350000 beta=1.19e-06 AUC=0.816992 seconds=58.5 checkpoint=epoch-0945
2026-09-15T22:27:57.381337666Z [epoch 946/1000] EBOPs=389486 target=350000 beta=1.07e-06 AUC=0.847352 seconds=58.0 checkpoint=epoch-0946
2026-09-15T22:29:15.947043839Z [epoch 947/1000] EBOPs=324974 target=350000 beta=1.3e-06 AUC=0.844506 seconds=53.1 checkpoint=epoch-0947
2026-09-15T22:30:37.362892277Z [epoch 948/1000] EBOPs=369870 target=350000 beta=1.08e-06 AUC=0.835676 seconds=55.3 checkpoint=epoch-0948
2026-09-15T22:32:05.810627872Z [epoch 949/1000] EBOPs=369870 target=350000 beta=1.23e-06 AUC=0.825780 seconds=56.0 checkpoint=epoch-0949
2026-09-15T22:33:25.641210645Z [epoch 950/1000] EBOPs=349550 target=350000 beta=1.23e-06 AUC=0.842826 seconds=54.5 checkpoint=epoch-0950
2026-09-15T22:33:25.670756047Z wandb: Adding directory to artifact (/data/ebops-n8-20260912-ablation/runs/r3-prob8/checkpoints/epoch-0950)... Done. 0.0s
2026-09-15T22:33:29.915049250Z [wandb] artifact resume-ebops-n8-20260912-ablation-r3-prob8-w1a8:v37 committed (6 files)
2026-09-15T22:34:45.947325080Z [epoch 951/1000] EBOPs=331118 target=350000 beta=1.17e-06 AUC=0.840977 seconds=53.9 checkpoint=epoch-0951
2026-09-15T22:35:48.257455583Z [epoch 952/1000] EBOPs=339310 target=350000 beta=1.1e-06 AUC=0.835659 seconds=51.7 checkpoint=epoch-0952
2026-09-15T22:36:52.417749612Z [epoch 953/1000] EBOPs=352622 target=350000 beta=1.13e-06 AUC=0.839610 seconds=53.4 checkpoint=epoch-0953
2026-09-15T22:38:00.382316682Z [epoch 954/1000] EBOPs=330350 target=350000 beta=1.17e-06 AUC=0.840733 seconds=54.5 checkpoint=epoch-0954
2026-09-15T22:39:39.107015361Z [epoch 955/1000] EBOPs=332142 target=350000 beta=1.09e-06 AUC=0.843062 seconds=53.9 checkpoint=epoch-0955
2026-09-15T22:40:43.917986289Z [epoch 956/1000] EBOPs=351598 target=350000 beta=1.1e-06 AUC=0.833170 seconds=53.2 checkpoint=epoch-0956
2026-09-15T22:41:54.708822817Z [epoch 957/1000] EBOPs=348366 target=350000 beta=1.16e-06 AUC=0.834924 seconds=54.8 checkpoint=epoch-0957
2026-09-15T22:43:05.747732456Z [epoch 958/1000] EBOPs=353646 target=350000 beta=1.15e-06 AUC=0.828216 seconds=52.8 checkpoint=epoch-0958
2026-09-15T22:44:12.350479876Z [epoch 959/1000] EBOPs=339150 target=350000 beta=1.17e-06 AUC=0.834976 seconds=52.1 checkpoint=epoch-0959
2026-09-15T22:45:23.975967290Z [epoch 960/1000] EBOPs=357742 target=350000 beta=1.12e-06 AUC=0.825360 seconds=54.5 checkpoint=epoch-0960
2026-09-15T22:46:28.058917571Z [epoch 961/1000] EBOPs=341198 target=350000 beta=1.18e-06 AUC=0.822835 seconds=49.6 checkpoint=epoch-0961
2026-09-15T22:47:39.986219592Z [epoch 962/1000] EBOPs=386254 target=350000 beta=1.13e-06 AUC=0.839940 seconds=55.4 checkpoint=epoch-0962
2026-09-15T22:48:47.811449921Z [epoch 963/1000] EBOPs=324814 target=350000 beta=1.28e-06 AUC=0.829657 seconds=54.1 checkpoint=epoch-0963
2026-09-15T22:50:00.025965993Z [epoch 964/1000] EBOPs=308590 target=350000 beta=1.07e-06 AUC=0.827330 seconds=55.9 checkpoint=epoch-0964
2026-09-15T22:51:15.180589456Z [epoch 965/1000] EBOPs=373966 target=350000 beta=1.01e-06 AUC=0.843224 seconds=56.3 checkpoint=epoch-0965
2026-09-15T22:52:35.658556773Z [epoch 966/1000] EBOPs=353486 target=350000 beta=1.23e-06 AUC=0.835401 seconds=58.0 checkpoint=epoch-0966
2026-09-15T22:53:48.590844633Z [epoch 967/1000] EBOPs=356718 target=350000 beta=1.16e-06 AUC=0.830802 seconds=56.9 checkpoint=epoch-0967
2026-09-15T22:54:59.885412325Z [epoch 968/1000] EBOPs=306542 target=350000 beta=1.18e-06 AUC=0.830741 seconds=51.8 checkpoint=epoch-0968
2026-09-15T22:56:13.412276238Z [epoch 969/1000] EBOPs=341358 target=350000 beta=1e-06 AUC=0.837418 seconds=52.9 checkpoint=epoch-0969
2026-09-15T22:57:45.057654396Z [epoch 970/1000] EBOPs=354510 target=350000 beta=1.12e-06 AUC=0.844066 seconds=55.5 checkpoint=epoch-0970
2026-09-15T22:59:05.725671677Z [epoch 971/1000] EBOPs=351598 target=350000 beta=1.16e-06 AUC=0.837599 seconds=55.4 checkpoint=epoch-0971
2026-09-15T23:00:24.092965093Z [epoch 972/1000] EBOPs=382318 target=350000 beta=1.15e-06 AUC=0.846355 seconds=52.2 checkpoint=epoch-0972
2026-09-15T23:01:39.113294788Z [epoch 973/1000] EBOPs=348366 target=350000 beta=1.26e-06 AUC=0.842478 seconds=55.2 checkpoint=epoch-0973
2026-09-15T23:02:50.982644228Z [epoch 974/1000] EBOPs=381294 target=350000 beta=1.15e-06 AUC=0.841185 seconds=55.5 checkpoint=epoch-0974
2026-09-15T23:03:57.348932649Z [epoch 975/1000] EBOPs=329070 target=350000 beta=1.26e-06 AUC=0.836708 seconds=54.8 checkpoint=epoch-0975
2026-09-15T23:03:57.377475334Z wandb: Adding directory to artifact (/data/ebops-n8-20260912-ablation/runs/r3-prob8/checkpoints/epoch-0975)... Done. 0.0s
2026-09-15T23:04:01.277397481Z [wandb] artifact resume-ebops-n8-20260912-ablation-r3-prob8-w1a8:v38 committed (6 files)
2026-09-15T23:05:18.940987186Z [epoch 976/1000] EBOPs=327022 target=350000 beta=1.08e-06 AUC=0.842249 seconds=53.9 checkpoint=epoch-0976
2026-09-15T23:06:35.869577607Z [epoch 977/1000] EBOPs=414926 target=350000 beta=1.07e-06 AUC=0.834177 seconds=52.7 checkpoint=epoch-0977
2026-09-15T23:08:14.018116775Z [epoch 978/1000] EBOPs=313550 target=350000 beta=1.37e-06 AUC=0.832068 seconds=55.0 checkpoint=epoch-0978
2026-09-15T23:09:20.195167907Z [epoch 979/1000] EBOPs=365934 target=350000 beta=1.03e-06 AUC=0.844019 seconds=55.8 checkpoint=epoch-0979
2026-09-15T23:10:30.393818771Z [epoch 980/1000] EBOPs=365774 target=350000 beta=1.21e-06 AUC=0.833721 seconds=55.3 checkpoint=epoch-0980
2026-09-15T23:11:39.046428407Z [epoch 981/1000] EBOPs=362702 target=350000 beta=1.21e-06 AUC=0.833821 seconds=56.7 checkpoint=epoch-0981
2026-09-15T23:12:53.239909653Z [epoch 982/1000] EBOPs=377198 target=350000 beta=1.2e-06 AUC=0.833421 seconds=55.0 checkpoint=epoch-0982
2026-09-15T23:14:03.429607964Z [epoch 983/1000] EBOPs=353646 target=350000 beta=1.25e-06 AUC=0.842369 seconds=57.7 checkpoint=epoch-0983
2026-09-15T23:15:19.983372643Z [epoch 984/1000] EBOPs=324814 target=350000 beta=1.18e-06 AUC=0.821563 seconds=57.9 checkpoint=epoch-0984
2026-09-15T23:16:30.614205650Z [epoch 985/1000] EBOPs=349550 target=350000 beta=1.08e-06 AUC=0.837631 seconds=56.3 checkpoint=epoch-0985
2026-09-15T23:17:40.925807797Z [epoch 986/1000] EBOPs=329070 target=350000 beta=1.16e-06 AUC=0.817627 seconds=55.3 checkpoint=epoch-0986
2026-09-15T23:19:11.307645152Z [epoch 987/1000] EBOPs=312686 target=350000 beta=1.09e-06 AUC=0.834493 seconds=54.4 checkpoint=epoch-0987
2026-09-15T23:20:24.061941258Z [epoch 988/1000] EBOPs=355694 target=350000 beta=1.03e-06 AUC=0.834036 seconds=53.4 checkpoint=epoch-0988
2026-09-15T23:21:31.873495495Z [epoch 989/1000] EBOPs=357582 target=350000 beta=1.17e-06 AUC=0.843537 seconds=51.6 checkpoint=epoch-0989
2026-09-15T23:22:40.464376585Z [epoch 990/1000] EBOPs=316782 target=350000 beta=1.18e-06 AUC=0.836037 seconds=52.9 checkpoint=epoch-0990
2026-09-15T23:23:51.428355042Z [epoch 991/1000] EBOPs=390510 target=350000 beta=1.04e-06 AUC=0.843773 seconds=55.7 checkpoint=epoch-0991
2026-09-15T23:25:07.674263610Z [epoch 992/1000] EBOPs=316782 target=350000 beta=1.29e-06 AUC=0.834210 seconds=55.4 checkpoint=epoch-0992
2026-09-15T23:26:20.057431772Z [epoch 993/1000] EBOPs=353646 target=350000 beta=1.04e-06 AUC=0.827626 seconds=58.0 checkpoint=epoch-0993
2026-09-15T23:27:42.330323734Z [epoch 994/1000] EBOPs=321902 target=350000 beta=1.16e-06 AUC=0.827721 seconds=55.3 checkpoint=epoch-0994
2026-09-15T23:28:48.886604246Z [epoch 995/1000] EBOPs=328046 target=350000 beta=1.05e-06 AUC=0.839112 seconds=54.8 checkpoint=epoch-0995
2026-09-15T23:29:57.571374529Z [epoch 996/1000] EBOPs=332142 target=350000 beta=1.07e-06 AUC=0.820383 seconds=55.2 checkpoint=epoch-0996
2026-09-15T23:31:09.732638214Z [epoch 997/1000] EBOPs=344430 target=350000 beta=1.08e-06 AUC=0.844496 seconds=52.9 checkpoint=epoch-0997
2026-09-15T23:32:22.211060622Z [epoch 998/1000] EBOPs=338286 target=350000 beta=1.12e-06 AUC=0.845507 seconds=56.3 checkpoint=epoch-0998
2026-09-15T23:33:42.855253019Z [epoch 999/1000] EBOPs=360814 target=350000 beta=1.1e-06 AUC=0.850684 seconds=55.6 checkpoint=epoch-0999
2026-09-15T23:34:52.472148063Z [epoch 1000/1000] EBOPs=360814 target=350000 beta=1.17e-06 AUC=0.852508 seconds=55.9 checkpoint=epoch-1000
2026-09-15T23:34:52.501664187Z wandb: Adding directory to artifact (/data/ebops-n8-20260912-ablation/runs/r3-prob8/checkpoints/epoch-1000)... Done. 0.0s
2026-09-15T23:34:56.128407758Z [wandb] artifact resume-ebops-n8-20260912-ablation-r3-prob8-w1a8:v39 committed (6 files)
2026-09-15T23:35:02.072457293Z [wandb] artifact model-ebops-n8-20260912-ablation-r3-prob8-w1a8-s1:v0 committed (9 files)
2026-09-15T23:35:02.176813542Z wandb: updating run metadata
2026-09-15T23:35:02.577849308Z wandb: uploading history steps 998-998, summary, console lines 203-204
2026-09-15T23:35:02.711007488Z wandb: 
2026-09-15T23:35:02.711029500Z wandb: Run history:
2026-09-15T23:35:02.711032400Z wandb:          activation_bits/bit_block_0_attn_Wk ▁▁▁█▁▁▁▁▁▁▁▁▁▁▁▁▁▁▁▁▁█▁▁▁▁█▁▁▁▁▁▁█▁█▁▁▁▁
2026-09-15T23:35:02.711035206Z wandb:          activation_bits/bit_block_0_attn_Wo ▁▁▁█▁███▁█▁▁████▁██▁██▁▁▁▁▁▁██▁█▁██▁█▁█▁
2026-09-15T23:35:02.711038080Z wandb:          activation_bits/bit_block_0_attn_Wq ▁▁▁▁▁▁▁▁▁▁▁▁▁▁▁▁▁▁▁▁▁▁▁▁▁▁▁▁▁▁▁▁▁▁▁▁▁▁▁▁
2026-09-15T23:35:02.711040214Z wandb:          activation_bits/bit_block_0_attn_Wv █▁████▁▁█▁███▁▁███▁▁█▁███▁██▁▁█▁▁█▁███▁█
2026-09-15T23:35:02.711042102Z wandb:    activation_bits/bit_block_0_attn_ctx__in0 ▁▁▁▁▁▁▁▁▁▁▁▁▁▁▁▁▁▁▁▁▁▁▁▁▁▁▁▁▁▁▁▁▁▁▁▁▁▁▁▁
2026-09-15T23:35:02.711043639Z wandb:    activation_bits/bit_block_0_attn_ctx__in1 ▁▁▁███▁▁████▁████▁██▁██▁▁██▁█▁▁▁██▁██▁█▁
2026-09-15T23:35:02.711059312Z wandb: activation_bits/bit_block_0_attn_scores__in0 ▁▁▁▁▁██▁▁▁██▁▁██▁██▁▁██▁█▁█▁▁▁▁█▁█▁███▁▁
2026-09-15T23:35:02.711060596Z wandb: activation_bits/bit_block_0_attn_scores__in1 ▁█████▁▁▁▁██▁▁▁█▁▁███▁▁▁▁▁█▁▁▁█▁▁███▁███
2026-09-15T23:35:02.711061644Z wandb:          activation_bits/bit_block_0_ffn_fc1 ▁▁██▁██▁█▁██▁▁▁▁▁▁▁▁█▁█▁▁▁▁▁▁▁█▁▁▁█▁▁▁█▁
2026-09-15T23:35:02.711069978Z wandb:          activation_bits/bit_block_0_ffn_fc2 ▁███▁▁▁████▁████████▁█████▁████████████▁
2026-09-15T23:35:02.711072377Z wandb:                                          +33 ...
2026-09-15T23:35:02.711074139Z wandb: 
2026-09-15T23:35:02.711075437Z wandb: Run summary:
2026-09-15T23:35:02.711076845Z wandb:          activation_bits/bit_block_0_attn_Wk 1
2026-09-15T23:35:02.711078100Z wandb:          activation_bits/bit_block_0_attn_Wo 2
2026-09-15T23:35:02.711079262Z wandb:          activation_bits/bit_block_0_attn_Wq 1
2026-09-15T23:35:02.711080402Z wandb:          activation_bits/bit_block_0_attn_Wv 2
2026-09-15T23:35:02.711081688Z wandb:    activation_bits/bit_block_0_attn_ctx__in0 8
2026-09-15T23:35:02.711082804Z wandb:    activation_bits/bit_block_0_attn_ctx__in1 2
2026-09-15T23:35:02.711083997Z wandb: activation_bits/bit_block_0_attn_scores__in0 1
2026-09-15T23:35:02.711085120Z wandb: activation_bits/bit_block_0_attn_scores__in1 2
2026-09-15T23:35:02.711086452Z wandb:          activation_bits/bit_block_0_ffn_fc1 1
2026-09-15T23:35:02.711087725Z wandb:          activation_bits/bit_block_0_ffn_fc2 2
2026-09-15T23:35:02.711088914Z wandb:                                          +36 ...
2026-09-15T23:35:02.711090324Z wandb: 
2026-09-15T23:35:02.711251753Z wandb: 🚀 View run ebops-n8-20260912-ablation-r3-prob8-w1a8-s1 at: https://wandb.ai/kayamaguchi-uc-san-diego/BNJetTag-EBOPs-N8/runs/3b88abc82ce3
2026-09-15T23:35:02.711263289Z wandb: ⭐️ View project at: https://wandb.ai/kayamaguchi-uc-san-diego/BNJetTag-EBOPs-N8
2026-09-15T23:35:02.711265125Z wandb: Synced 5 W&B file(s), 0 media file(s), 42 artifact file(s) and 0 other file(s)
2026-09-15T23:35:02.711351467Z wandb: Find logs at: 
