2026-09-18T23:10:18.741418119Z [epoch 285/1000] EBOPs=688450 target=350000 beta=0.001 val_AUC=0.720959 val_accuracy=0.414105 seconds=86.6 checkpoint=epoch-0285
2026-09-18T23:12:54.014596768Z [epoch 286/1000] EBOPs=690473 target=350000 beta=0.001 val_AUC=0.712592 val_accuracy=0.406089 seconds=86.5 checkpoint=epoch-0286
2026-09-18T23:15:03.359720549Z [epoch 287/1000] EBOPs=688947 target=350000 beta=0.001 val_AUC=0.716228 val_accuracy=0.399565 seconds=86.5 checkpoint=epoch-0287
2026-09-18T23:17:20.431998396Z [epoch 288/1000] EBOPs=688487 target=350000 beta=0.001 val_AUC=0.725453 val_accuracy=0.418210 seconds=86.6 checkpoint=epoch-0288
2026-09-18T23:19:39.045959865Z [epoch 289/1000] EBOPs=689031 target=350000 beta=0.001 val_AUC=0.723638 val_accuracy=0.414532 seconds=86.7 checkpoint=epoch-0289
2026-09-18T23:21:57.515757344Z [epoch 290/1000] EBOPs=688489 target=350000 beta=0.001 val_AUC=0.699543 val_accuracy=0.407371 seconds=86.7 checkpoint=epoch-0290
2026-09-18T23:24:06.978390067Z [epoch 291/1000] EBOPs=688982 target=350000 beta=0.001 val_AUC=0.707870 val_accuracy=0.384565 seconds=86.9 checkpoint=epoch-0291
2026-09-18T23:26:23.047460449Z [epoch 292/1000] EBOPs=688514 target=350000 beta=0.001 val_AUC=0.718781 val_accuracy=0.411153 seconds=86.8 checkpoint=epoch-0292
2026-09-18T23:28:53.347629225Z [epoch 293/1000] EBOPs=690545 target=350000 beta=0.001 val_AUC=0.723815 val_accuracy=0.418565 seconds=86.6 checkpoint=epoch-0293
2026-09-18T23:31:06.123220305Z [epoch 294/1000] EBOPs=688957 target=350000 beta=0.001 val_AUC=0.717098 val_accuracy=0.409798 seconds=86.9 checkpoint=epoch-0294
2026-09-18T23:33:27.889161473Z [epoch 295/1000] EBOPs=688435 target=350000 beta=0.001 val_AUC=0.716645 val_accuracy=0.415895 seconds=86.8 checkpoint=epoch-0295
2026-09-18T23:35:42.480363707Z [epoch 296/1000] EBOPs=689228 target=350000 beta=0.001 val_AUC=0.723585 val_accuracy=0.416952 seconds=86.7 checkpoint=epoch-0296
2026-09-18T23:38:01.599713768Z [epoch 297/1000] EBOPs=688487 target=350000 beta=0.001 val_AUC=0.719961 val_accuracy=0.417823 seconds=86.4 checkpoint=epoch-0297
2026-09-18T23:40:12.451988964Z [epoch 298/1000] EBOPs=688994 target=350000 beta=0.001 val_AUC=0.710122 val_accuracy=0.387653 seconds=86.4 checkpoint=epoch-0298
2026-09-18T23:42:31.887163114Z [epoch 299/1000] EBOPs=689031 target=350000 beta=0.001 val_AUC=0.702592 val_accuracy=0.396839 seconds=86.3 checkpoint=epoch-0299
2026-09-18T23:44:43.190427635Z [epoch 300/1000] EBOPs=689496 target=350000 beta=0.001 val_AUC=0.709498 val_accuracy=0.405290 seconds=86.4 checkpoint=epoch-0300
2026-09-18T23:44:43.249279069Z wandb: Adding directory to artifact (/data/batch20260917/n16/runs/batch20260918-b03-s4/checkpoints/epoch-0300)... Done. 0.1s
2026-09-18T23:44:46.988565213Z [wandb] artifact resume-batch20260918-b03-s4:v11 committed (5 files)
2026-09-18T23:46:55.890480400Z [epoch 301/1000] EBOPs=688972 target=350000 beta=0.001 val_AUC=0.719393 val_accuracy=0.415218 seconds=86.4 checkpoint=epoch-0301
2026-09-18T23:49:23.122301851Z [epoch 302/1000] EBOPs=690577 target=350000 beta=0.001 val_AUC=0.710559 val_accuracy=0.400718 seconds=86.4 checkpoint=epoch-0302
2026-09-18T23:51:37.807655293Z [epoch 303/1000] EBOPs=688487 target=350000 beta=0.001 val_AUC=0.715479 val_accuracy=0.408379 seconds=86.5 checkpoint=epoch-0303
2026-09-18T23:53:50.204916506Z [epoch 304/1000] EBOPs=689267 target=350000 beta=0.001 val_AUC=0.717058 val_accuracy=0.411177 seconds=86.6 checkpoint=epoch-0304
2026-09-18T23:56:08.115226370Z [epoch 305/1000] EBOPs=688984 target=350000 beta=0.001 val_AUC=0.711475 val_accuracy=0.404000 seconds=86.5 checkpoint=epoch-0305
2026-09-18T23:58:15.563580988Z [epoch 306/1000] EBOPs=691089 target=350000 beta=0.001 val_AUC=0.715749 val_accuracy=0.409887 seconds=86.7 checkpoint=epoch-0306
2026-09-19T00:00:35.706509795Z [epoch 307/1000] EBOPs=688514 target=350000 beta=0.001 val_AUC=0.723499 val_accuracy=0.412435 seconds=86.8 checkpoint=epoch-0307
2026-09-19T00:02:44.727757895Z [epoch 308/1000] EBOPs=690493 target=350000 beta=0.001 val_AUC=0.716292 val_accuracy=0.410008 seconds=86.8 checkpoint=epoch-0308
2026-09-19T00:05:04.669747330Z [epoch 309/1000] EBOPs=688957 target=350000 beta=0.001 val_AUC=0.696778 val_accuracy=0.387637 seconds=86.8 checkpoint=epoch-0309
2026-09-19T00:07:13.291159356Z [epoch 310/1000] EBOPs=688947 target=350000 beta=0.001 val_AUC=0.703196 val_accuracy=0.379903 seconds=86.8 checkpoint=epoch-0310
2026-09-19T00:09:26.392037542Z [epoch 311/1000] EBOPs=688440 target=350000 beta=0.001 val_AUC=0.719034 val_accuracy=0.403065 seconds=86.7 checkpoint=epoch-0311
2026-09-19T00:11:30.993526886Z [epoch 312/1000] EBOPs=688440 target=350000 beta=0.001 val_AUC=0.721590 val_accuracy=0.415065 seconds=86.7 checkpoint=epoch-0312
2026-09-19T00:13:45.185890998Z [epoch 313/1000] EBOPs=688529 target=350000 beta=0.001 val_AUC=0.722996 val_accuracy=0.410782 seconds=86.5 checkpoint=epoch-0313
2026-09-19T00:15:56.661388258Z [epoch 314/1000] EBOPs=688472 target=350000 beta=0.001 val_AUC=0.722581 val_accuracy=0.411137 seconds=87.1 checkpoint=epoch-0314
2026-09-19T00:18:23.509944703Z [epoch 315/1000] EBOPs=691251 target=350000 beta=0.001 val_AUC=0.719621 val_accuracy=0.405153 seconds=86.6 checkpoint=epoch-0315
2026-09-19T00:20:37.993791091Z [epoch 316/1000] EBOPs=688455 target=350000 beta=0.001 val_AUC=0.721138 val_accuracy=0.412823 seconds=86.7 checkpoint=epoch-0316
2026-09-19T00:22:49.384180272Z [epoch 317/1000] EBOPs=691079 target=350000 beta=0.001 val_AUC=0.723425 val_accuracy=0.410871 seconds=86.4 checkpoint=epoch-0317
2026-09-19T00:25:00.977633238Z [epoch 318/1000] EBOPs=688492 target=350000 beta=0.001 val_AUC=0.727636 val_accuracy=0.417145 seconds=86.5 checkpoint=epoch-0318
2026-09-19T00:27:04.521984183Z [epoch 319/1000] EBOPs=688795 target=350000 beta=0.001 val_AUC=0.725512 val_accuracy=0.410315 seconds=86.4 checkpoint=epoch-0319
2026-09-19T00:29:19.424498855Z [epoch 320/1000] EBOPs=688733 target=350000 beta=0.001 val_AUC=0.723066 val_accuracy=0.415452 seconds=86.5 checkpoint=epoch-0320
2026-09-19T00:31:26.359916100Z [epoch 321/1000] EBOPs=688497 target=350000 beta=0.001 val_AUC=0.723628 val_accuracy=0.414540 seconds=86.6 checkpoint=epoch-0321
2026-09-19T00:33:33.509814121Z [epoch 322/1000] EBOPs=688445 target=350000 beta=0.001 val_AUC=0.726283 val_accuracy=0.413065 seconds=86.6 checkpoint=epoch-0322
2026-09-19T00:35:41.641932116Z [epoch 323/1000] EBOPs=688962 target=350000 beta=0.001 val_AUC=0.722139 val_accuracy=0.414653 seconds=86.6 checkpoint=epoch-0323
2026-09-19T00:38:03.349001976Z [epoch 324/1000] EBOPs=688487 target=350000 beta=0.001 val_AUC=0.720606 val_accuracy=0.413798 seconds=86.6 checkpoint=epoch-0324
2026-09-19T00:40:11.311482826Z [epoch 325/1000] EBOPs=688514 target=350000 beta=0.001 val_AUC=0.722761 val_accuracy=0.414145 seconds=86.6 checkpoint=epoch-0325
2026-09-19T00:40:11.370861841Z wandb: Adding directory to artifact (/data/batch20260917/n16/runs/batch20260918-b03-s4/checkpoints/epoch-0325)... Done. 0.1s
2026-09-19T00:40:14.135564409Z [wandb] artifact resume-batch20260918-b03-s4:v12 committed (5 files)
2026-09-19T00:42:22.458987322Z [epoch 326/1000] EBOPs=693905 target=350000 beta=0.001 val_AUC=0.725430 val_accuracy=0.410661 seconds=86.7 checkpoint=epoch-0326
2026-09-19T00:44:30.569641864Z [epoch 327/1000] EBOPs=688462 target=350000 beta=0.001 val_AUC=0.725599 val_accuracy=0.405234 seconds=86.7 checkpoint=epoch-0327
2026-09-19T00:46:52.145363202Z [epoch 328/1000] EBOPs=688440 target=350000 beta=0.001 val_AUC=0.720085 val_accuracy=0.414105 seconds=86.6 checkpoint=epoch-0328
2026-09-19T00:49:02.372477074Z [epoch 329/1000] EBOPs=689061 target=350000 beta=0.001 val_AUC=0.727112 val_accuracy=0.415105 seconds=86.6 checkpoint=epoch-0329
2026-09-19T00:51:11.154789764Z [epoch 330/1000] EBOPs=688472 target=350000 beta=0.001 val_AUC=0.726684 val_accuracy=0.419798 seconds=86.7 checkpoint=epoch-0330
2026-09-19T00:53:16.364006530Z [epoch 331/1000] EBOPs=688472 target=350000 beta=0.001 val_AUC=0.718845 val_accuracy=0.411718 seconds=86.7 checkpoint=epoch-0331
2026-09-19T00:55:45.252633173Z [epoch 332/1000] EBOPs=688460 target=350000 beta=0.001 val_AUC=0.721393 val_accuracy=0.417395 seconds=86.8 checkpoint=epoch-0332
2026-09-19T00:57:54.093450820Z [epoch 333/1000] EBOPs=688435 target=350000 beta=0.001 val_AUC=0.718532 val_accuracy=0.412782 seconds=86.8 checkpoint=epoch-0333
2026-09-19T01:00:19.350036012Z [epoch 334/1000] EBOPs=688445 target=350000 beta=0.001 val_AUC=0.719102 val_accuracy=0.411927 seconds=86.7 checkpoint=epoch-0334
2026-09-19T01:02:28.982006265Z [epoch 335/1000] EBOPs=688492 target=350000 beta=0.001 val_AUC=0.723622 val_accuracy=0.416766 seconds=86.6 checkpoint=epoch-0335
2026-09-19T01:04:41.456131370Z [epoch 336/1000] EBOPs=688999 target=350000 beta=0.001 val_AUC=0.723504 val_accuracy=0.410605 seconds=86.9 checkpoint=epoch-0336
2026-09-19T01:06:58.006197831Z [epoch 337/1000] EBOPs=688497 target=350000 beta=0.001 val_AUC=0.723525 val_accuracy=0.407032 seconds=86.4 checkpoint=epoch-0337
2026-09-19T01:09:09.752419517Z [epoch 338/1000] EBOPs=692551 target=350000 beta=0.001 val_AUC=0.723298 val_accuracy=0.418629 seconds=86.5 checkpoint=epoch-0338
2026-09-19T01:11:20.762966732Z [epoch 339/1000] EBOPs=688992 target=350000 beta=0.001 val_AUC=0.629969 val_accuracy=0.303016 seconds=86.4 checkpoint=epoch-0339
2026-09-19T01:13:29.161837222Z [epoch 340/1000] EBOPs=688460 target=350000 beta=0.001 val_AUC=0.722338 val_accuracy=0.401597 seconds=86.4 checkpoint=epoch-0340
2026-09-19T01:15:42.078975295Z [epoch 341/1000] EBOPs=688445 target=350000 beta=0.001 val_AUC=0.725830 val_accuracy=0.409081 seconds=86.5 checkpoint=epoch-0341
2026-09-19T01:18:07.065875586Z [epoch 342/1000] EBOPs=690237 target=350000 beta=0.001 val_AUC=0.717987 val_accuracy=0.413589 seconds=86.5 checkpoint=epoch-0342
2026-09-19T01:20:26.792005000Z [epoch 343/1000] EBOPs=688738 target=350000 beta=0.001 val_AUC=0.632846 val_accuracy=0.301258 seconds=86.5 checkpoint=epoch-0343
2026-09-19T01:22:45.746377638Z [epoch 344/1000] EBOPs=688979 target=350000 beta=0.001 val_AUC=0.722877 val_accuracy=0.414395 seconds=86.5 checkpoint=epoch-0344
2026-09-19T01:24:52.335014543Z [epoch 345/1000] EBOPs=688445 target=350000 beta=0.001 val_AUC=0.722143 val_accuracy=0.416944 seconds=86.6 checkpoint=epoch-0345
2026-09-19T01:27:05.380218581Z [epoch 346/1000] EBOPs=688430 target=350000 beta=0.001 val_AUC=0.715183 val_accuracy=0.412218 seconds=86.6 checkpoint=epoch-0346
2026-09-19T01:29:30.862966875Z [epoch 347/1000] EBOPs=689484 target=350000 beta=0.001 val_AUC=0.627405 val_accuracy=0.323742 seconds=86.6 checkpoint=epoch-0347
2026-09-19T01:31:45.973403190Z [epoch 348/1000] EBOPs=688701 target=350000 beta=0.001 val_AUC=0.727016 val_accuracy=0.424565 seconds=86.5 checkpoint=epoch-0348
2026-09-19T01:33:56.177287619Z [epoch 349/1000] EBOPs=688450 target=350000 beta=0.001 val_AUC=0.727034 val_accuracy=0.423129 seconds=86.4 checkpoint=epoch-0349
2026-09-19T01:36:16.503709018Z [epoch 350/1000] EBOPs=688492 target=350000 beta=0.001 val_AUC=0.635582 val_accuracy=0.305524 seconds=86.4 checkpoint=epoch-0350
2026-09-19T01:36:16.562944543Z wandb: Adding directory to artifact (/data/batch20260917/n16/runs/batch20260918-b03-s4/checkpoints/epoch-0350)... Done. 0.1s
2026-09-19T01:36:19.131821587Z [wandb] artifact resume-batch20260918-b03-s4:v13 committed (5 files)
2026-09-19T01:38:28.023268353Z [epoch 351/1000] EBOPs=688509 target=350000 beta=0.001 val_AUC=0.719139 val_accuracy=0.420113 seconds=86.7 checkpoint=epoch-0351
2026-09-19T01:40:39.335376918Z [epoch 352/1000] EBOPs=688445 target=350000 beta=0.001 val_AUC=0.641457 val_accuracy=0.290597 seconds=86.6 checkpoint=epoch-0352
2026-09-19T01:43:00.568116916Z [epoch 353/1000] EBOPs=688435 target=350000 beta=0.001 val_AUC=0.627313 val_accuracy=0.321113 seconds=86.7 checkpoint=epoch-0353
2026-09-19T01:45:10.840195747Z [epoch 354/1000] EBOPs=688467 target=350000 beta=0.001 val_AUC=0.687759 val_accuracy=0.313105 seconds=86.6 checkpoint=epoch-0354
2026-09-19T01:47:31.232342337Z [epoch 355/1000] EBOPs=691052 target=350000 beta=0.001 val_AUC=0.728064 val_accuracy=0.416540 seconds=86.4 checkpoint=epoch-0355
2026-09-19T01:49:39.375015453Z [epoch 356/1000] EBOPs=689506 target=350000 beta=0.001 val_AUC=0.723149 val_accuracy=0.411056 seconds=86.4 checkpoint=epoch-0356
2026-09-19T01:51:51.197453589Z [epoch 357/1000] EBOPs=688440 target=350000 beta=0.001 val_AUC=0.712618 val_accuracy=0.412468 seconds=86.6 checkpoint=epoch-0357
2026-09-19T01:54:05.933344597Z [epoch 358/1000] EBOPs=688972 target=350000 beta=0.001 val_AUC=0.715582 val_accuracy=0.391597 seconds=86.6 checkpoint=epoch-0358
2026-09-19T01:56:15.732285560Z [epoch 359/1000] EBOPs=689115 target=350000 beta=0.001 val_AUC=0.725490 val_accuracy=0.418016 seconds=86.6 checkpoint=epoch-0359
2026-09-19T01:58:40.261760450Z [epoch 360/1000] EBOPs=688987 target=350000 beta=0.001 val_AUC=0.729071 val_accuracy=0.418702 seconds=86.8 checkpoint=epoch-0360
2026-09-19T02:00:53.803149329Z [epoch 361/1000] EBOPs=688445 target=350000 beta=0.001 val_AUC=0.699867 val_accuracy=0.385315 seconds=86.7 checkpoint=epoch-0361
2026-09-19T02:03:04.464669505Z [epoch 362/1000] EBOPs=688467 target=350000 beta=0.001 val_AUC=0.636485 val_accuracy=0.333782 seconds=86.4 checkpoint=epoch-0362
2026-09-19T02:05:17.916451299Z [epoch 363/1000] EBOPs=688475 target=350000 beta=0.001 val_AUC=0.633023 val_accuracy=0.311839 seconds=86.3 checkpoint=epoch-0363
2026-09-19T02:07:27.044903396Z [epoch 364/1000] EBOPs=688982 target=350000 beta=0.001 val_AUC=0.717821 val_accuracy=0.408185 seconds=86.5 checkpoint=epoch-0364
2026-09-19T02:09:47.998176118Z [epoch 365/1000] EBOPs=688475 target=350000 beta=0.001 val_AUC=0.724703 val_accuracy=0.418185 seconds=86.4 checkpoint=epoch-0365
2026-09-19T02:11:57.164775400Z [epoch 366/1000] EBOPs=688716 target=350000 beta=0.001 val_AUC=0.626063 val_accuracy=0.286871 seconds=86.3 checkpoint=epoch-0366
2026-09-19T02:14:23.454862603Z [epoch 367/1000] EBOPs=689021 target=350000 beta=0.001 val_AUC=0.707721 val_accuracy=0.405766 seconds=86.4 checkpoint=epoch-0367
2026-09-19T02:16:35.765685336Z [epoch 368/1000] EBOPs=688967 target=350000 beta=0.001 val_AUC=0.643990 val_accuracy=0.324718 seconds=86.3 checkpoint=epoch-0368
2026-09-19T02:18:57.819691737Z [epoch 369/1000] EBOPs=689009 target=350000 beta=0.001 val_AUC=0.638484 val_accuracy=0.300556 seconds=86.4 checkpoint=epoch-0369
2026-09-19T02:21:12.771811123Z [epoch 370/1000] EBOPs=688455 target=350000 beta=0.001 val_AUC=0.719539 val_accuracy=0.417685 seconds=86.5 checkpoint=epoch-0370
2026-09-19T02:23:26.430619817Z [epoch 371/1000] EBOPs=688487 target=350000 beta=0.001 val_AUC=0.632300 val_accuracy=0.320952 seconds=86.5 checkpoint=epoch-0371
2026-09-19T02:25:39.082823756Z [epoch 372/1000] EBOPs=691037 target=350000 beta=0.001 val_AUC=0.637657 val_accuracy=0.300903 seconds=86.5 checkpoint=epoch-0372
2026-09-19T02:28:15.547790249Z [epoch 373/1000] EBOPs=688524 target=350000 beta=0.001 val_AUC=0.636880 val_accuracy=0.315508 seconds=86.5 checkpoint=epoch-0373
2026-09-19T02:30:27.762311362Z [epoch 374/1000] EBOPs=689469 target=350000 beta=0.001 val_AUC=0.713887 val_accuracy=0.405935 seconds=86.5 checkpoint=epoch-0374
2026-09-19T02:32:44.718053812Z [epoch 375/1000] EBOPs=691131 target=350000 beta=0.001 val_AUC=0.714395 val_accuracy=0.403629 seconds=86.6 checkpoint=epoch-0375
2026-09-19T02:32:44.777069345Z wandb: Adding directory to artifact (/data/batch20260917/n16/runs/batch20260918-b03-s4/checkpoints/epoch-0375)... Done. 0.1s
2026-09-19T02:32:47.487838479Z [wandb] artifact resume-batch20260918-b03-s4:v14 committed (5 files)
2026-09-19T02:34:59.747289899Z [epoch 376/1000] EBOPs=688450 target=350000 beta=0.001 val_AUC=0.625474 val_accuracy=0.291234 seconds=86.6 checkpoint=epoch-0376
2026-09-19T02:37:09.014981006Z [epoch 377/1000] EBOPs=688566 target=350000 beta=0.001 val_AUC=0.721185 val_accuracy=0.420395 seconds=86.6 checkpoint=epoch-0377
2026-09-19T02:39:37.996343870Z [epoch 378/1000] EBOPs=688445 target=350000 beta=0.001 val_AUC=0.712500 val_accuracy=0.358395 seconds=86.6 checkpoint=epoch-0378
2026-09-19T02:42:21.687113956Z [epoch 379/1000] EBOPs=688994 target=350000 beta=0.001 val_AUC=0.641700 val_accuracy=0.325403 seconds=86.4 checkpoint=epoch-0379
2026-09-19T02:44:32.053909221Z [epoch 380/1000] EBOPs=690990 target=350000 beta=0.001 val_AUC=0.634094 val_accuracy=0.265944 seconds=86.4 checkpoint=epoch-0380
2026-09-19T02:46:41.318019102Z [epoch 381/1000] EBOPs=689725 target=350000 beta=0.001 val_AUC=0.628283 val_accuracy=0.322242 seconds=86.4 checkpoint=epoch-0381
2026-09-19T02:48:56.404740410Z [epoch 382/1000] EBOPs=688967 target=350000 beta=0.001 val_AUC=0.638597 val_accuracy=0.313347 seconds=86.4 checkpoint=epoch-0382
2026-09-19T02:51:31.881788389Z [epoch 383/1000] EBOPs=690525 target=350000 beta=0.001 val_AUC=0.703426 val_accuracy=0.399145 seconds=86.4 checkpoint=epoch-0383
2026-09-19T02:53:43.703772312Z [epoch 384/1000] EBOPs=688467 target=350000 beta=0.001 val_AUC=0.712303 val_accuracy=0.401968 seconds=86.4 checkpoint=epoch-0384
2026-09-19T02:56:13.875892084Z [epoch 385/1000] EBOPs=688465 target=350000 beta=0.001 val_AUC=0.710821 val_accuracy=0.412823 seconds=86.6 checkpoint=epoch-0385
2026-09-19T02:58:23.095623349Z [epoch 386/1000] EBOPs=688514 target=350000 beta=0.001 val_AUC=0.711769 val_accuracy=0.408484 seconds=86.8 checkpoint=epoch-0386
2026-09-19T03:00:35.310512943Z [epoch 387/1000] EBOPs=689627 target=350000 beta=0.001 val_AUC=0.724294 val_accuracy=0.421831 seconds=86.5 checkpoint=epoch-0387
2026-09-19T03:02:59.128162019Z [epoch 388/1000] EBOPs=688425 target=350000 beta=0.001 val_AUC=0.683921 val_accuracy=0.330855 seconds=90.4 checkpoint=epoch-0388
2026-09-19T03:05:36.745438307Z [epoch 389/1000] EBOPs=690769 target=350000 beta=0.001 val_AUC=0.632089 val_accuracy=0.298790 seconds=86.5 checkpoint=epoch-0389
2026-09-19T03:07:50.446134817Z [epoch 390/1000] EBOPs=690510 target=350000 beta=0.001 val_AUC=0.714848 val_accuracy=0.401831 seconds=86.6 checkpoint=epoch-0390
2026-09-19T03:09:57.966062942Z [epoch 391/1000] EBOPs=688447 target=350000 beta=0.001 val_AUC=0.616290 val_accuracy=0.299032 seconds=86.2 checkpoint=epoch-0391
2026-09-19T03:12:42.739426453Z [epoch 392/1000] EBOPs=689489 target=350000 beta=0.001 val_AUC=0.718616 val_accuracy=0.421710 seconds=86.8 checkpoint=epoch-0392
2026-09-19T03:14:55.487477963Z [epoch 393/1000] EBOPs=688460 target=350000 beta=0.001 val_AUC=0.642768 val_accuracy=0.334161 seconds=86.5 checkpoint=epoch-0393
2026-09-19T03:17:16.159431085Z [epoch 394/1000] EBOPs=689026 target=350000 beta=0.001 val_AUC=0.716195 val_accuracy=0.414266 seconds=86.5 checkpoint=epoch-0394
2026-09-19T03:19:26.420136005Z [epoch 395/1000] EBOPs=688994 target=350000 beta=0.001 val_AUC=0.712936 val_accuracy=0.408613 seconds=86.5 checkpoint=epoch-0395
2026-09-19T03:21:41.573066327Z [epoch 396/1000] EBOPs=688445 target=350000 beta=0.001 val_AUC=0.630525 val_accuracy=0.311790 seconds=86.4 checkpoint=epoch-0396
2026-09-19T03:23:49.808048836Z [epoch 397/1000] EBOPs=688753 target=350000 beta=0.001 val_AUC=0.713863 val_accuracy=0.406452 seconds=86.4 checkpoint=epoch-0397
2026-09-19T03:25:59.421517896Z [epoch 398/1000] EBOPs=689068 target=350000 beta=0.001 val_AUC=0.712563 val_accuracy=0.409169 seconds=86.3 checkpoint=epoch-0398
2026-09-19T03:28:05.580450747Z [epoch 399/1000] EBOPs=688460 target=350000 beta=0.001 val_AUC=0.625012 val_accuracy=0.289710 seconds=86.4 checkpoint=epoch-0399
2026-09-19T03:30:45.279576685Z [epoch 400/1000] EBOPs=690488 target=350000 beta=0.001 val_AUC=0.639498 val_accuracy=0.323379 seconds=86.5 checkpoint=epoch-0400
2026-09-19T03:30:45.338660093Z wandb: Adding directory to artifact (/data/batch20260917/n16/runs/batch20260918-b03-s4/checkpoints/epoch-0400)... Done. 0.1s
2026-09-19T03:30:48.831283047Z [wandb] artifact resume-batch20260918-b03-s4:v15 committed (5 files)
2026-09-19T03:30:48.935507412Z wandb: updating run metadata
2026-09-19T03:30:49.337116729Z wandb: uploading output.log; uploading wandb-summary.json; uploading config.yaml
2026-09-19T03:30:49.670139000Z wandb: 
2026-09-19T03:30:49.670157734Z wandb: Run history:
2026-09-19T03:30:49.670162103Z wandb:          activation_bits/bit_block_0_attn_Wk █▇▇▅▃▃▂▁▁▁▁▁▁▁▁▁▁▁▁▁▁▁▁▁▁▁▁▁▁▁▁▁▁▁▁▁▁▁▁▁
2026-09-19T03:30:49.670165798Z wandb:          activation_bits/bit_block_0_attn_Wo █▇▇▇▆▃▃▂▂▂▁▁▁▁▁▁▁▁▁▁▁▁▁▁▁▁▁▁▁▁▁▁▁▁▁▁▁▁▁▁
2026-09-19T03:30:49.670169684Z wandb:          activation_bits/bit_block_0_attn_Wq ██▇▅▅▅▅▃▃▃▂▁▁▁▁▁▁▁▁▁▁▁▁▁▁▁▁▁▁▁▁▁▁▁▁▁▁▁▁▁
2026-09-19T03:30:49.670173708Z wandb:          activation_bits/bit_block_0_attn_Wv ██▆▅▄▃▃▃▁▁▁▁▁▁▁▁▁▁▁▁▁▁▁▁▁▁▁▁▁▁▁▁▁▁▁▁▁▁▁▁
2026-09-19T03:30:49.670176202Z wandb:    activation_bits/bit_block_0_attn_ctx__in0 ▁▁▁▁▁▁▁▁▁▁▁▁▁▁▁▁▁▁▁▁▁▁▁▁▁▁▁▁▁▁▁▁▁▁▁▁▁▁▁▁
2026-09-19T03:30:49.670178516Z wandb:    activation_bits/bit_block_0_attn_ctx__in1 ███▇▇▆▅▅▃▃▁▁▁▁▁▁▁▁▁▁▁▁▁▁▁▁▁▁▁▁▁▁▁▁▁▁▁▁▁▁
2026-09-19T03:30:49.670180745Z wandb: activation_bits/bit_block_0_attn_scores__in0 ██▆▆▅▄▄▄▂▁▁▁▁▁▁▁▁▁▁▁▁▁▁▁▁▁▁▁▁▁▁▁▁▁▁▁▁▁▁▁
2026-09-19T03:30:49.670182915Z wandb: activation_bits/bit_block_0_attn_scores__in1 ███▆▆▆▅▄▃▃▁▁▁▁▁▁▁▁▁▁▁▁▁▁▁▁▁▁▁▁▁▁▁▁▁▁▁▁▁▁
2026-09-19T03:30:49.670190157Z wandb:          activation_bits/bit_block_0_ffn_fc1 ██▇▇▇▆▅▅▄▄▄▃▂▂▁▁▁▁▁▁▁▁▁▁▁▁▁▁▁▁▁▁▁▁▁▁▁▁▁▁
2026-09-19T03:30:49.670192416Z wandb:          activation_bits/bit_block_0_ffn_fc2 █▆▆▆▆▆▆▅▅▅▃▃▁▁▁▁▁▁▁▁▁▁▁▁▁▁▁▁▁▁▁▁▁▁▁▁▁▁▁▁
2026-09-19T03:30:49.670195102Z wandb:                                          +35 ...
2026-09-19T03:30:49.670197298Z wandb: 
2026-09-19T03:30:49.670199508Z wandb: Run summary:
2026-09-19T03:30:49.670201721Z wandb:          activation_bits/bit_block_0_attn_Wk 1
2026-09-19T03:30:49.670203868Z wandb:          activation_bits/bit_block_0_attn_Wo 1
2026-09-19T03:30:49.670205926Z wandb:          activation_bits/bit_block_0_attn_Wq 1
2026-09-19T03:30:49.670208061Z wandb:          activation_bits/bit_block_0_attn_Wv 1
2026-09-19T03:30:49.670210289Z wandb:    activation_bits/bit_block_0_attn_ctx__in0 8
2026-09-19T03:30:49.670212960Z wandb:    activation_bits/bit_block_0_attn_ctx__in1 1
2026-09-19T03:30:49.670215530Z wandb: activation_bits/bit_block_0_attn_scores__in0 1
2026-09-19T03:30:49.670238381Z wandb: activation_bits/bit_block_0_attn_scores__in1 1
2026-09-19T03:30:49.670240155Z wandb:          activation_bits/bit_block_0_ffn_fc1 1
2026-09-19T03:30:49.670241750Z wandb:          activation_bits/bit_block_0_ffn_fc2 1
2026-09-19T03:30:49.670243176Z wandb:                                          +39 ...
2026-09-19T03:30:49.670244636Z wandb: 
2026-09-19T03:30:49.670389685Z wandb: 🚀 View run batch20260918-b03-s4 at: https://wandb.ai/kayamaguchi-uc-san-diego/BNJetTag-Batch20260917/runs/64aa21dac400
2026-09-19T03:30:49.670399267Z wandb: ⭐️ View project at: https://wandb.ai/kayamaguchi-uc-san-diego/BNJetTag-Batch20260917
2026-09-19T03:30:49.670401327Z wandb: Synced 5 W&B file(s), 0 media file(s), 77 artifact file(s) and 0 other file(s)
2026-09-19T03:30:49.670547468Z wandb: Find logs at: 
2026-09-19T03:30:52.540771013Z SCREENING_RUNG_PASS batch20260918-b03-s4 epochs=400
