2026-09-13T03:01:52.568795112Z [epoch 885/1000] EBOPs=334190 target=350000 beta=1.76e-06 AUC=0.834760 seconds=54.3 checkpoint=epoch-0885
2026-09-13T03:03:03.540714603Z [epoch 886/1000] EBOPs=364910 target=350000 beta=1.74e-06 AUC=0.826595 seconds=54.0 checkpoint=epoch-0886
2026-09-13T03:04:18.962223714Z [epoch 887/1000] EBOPs=366958 target=350000 beta=1.9e-06 AUC=0.829979 seconds=54.2 checkpoint=epoch-0887
2026-09-13T03:05:33.989577808Z [epoch 888/1000] EBOPs=356718 target=350000 beta=1.91e-06 AUC=0.822687 seconds=54.2 checkpoint=epoch-0888
2026-09-13T03:06:47.792554972Z [epoch 889/1000] EBOPs=332142 target=350000 beta=1.86e-06 AUC=0.828115 seconds=54.3 checkpoint=epoch-0889
2026-09-13T03:08:06.273972774Z [epoch 890/1000] EBOPs=332142 target=350000 beta=1.73e-06 AUC=0.838230 seconds=52.0 checkpoint=epoch-0890
2026-09-13T03:09:23.832737322Z [epoch 891/1000] EBOPs=338286 target=350000 beta=1.73e-06 AUC=0.804447 seconds=52.3 checkpoint=epoch-0891
2026-09-13T03:10:36.263892669Z [epoch 892/1000] EBOPs=355694 target=350000 beta=1.75e-06 AUC=0.835539 seconds=51.9 checkpoint=epoch-0892
2026-09-13T03:11:56.001120582Z [epoch 893/1000] EBOPs=317806 target=350000 beta=1.85e-06 AUC=0.827134 seconds=52.1 checkpoint=epoch-0893
2026-09-13T03:13:07.481724618Z [epoch 894/1000] EBOPs=348526 target=350000 beta=1.64e-06 AUC=0.845267 seconds=53.0 checkpoint=epoch-0894
2026-09-13T03:14:19.976894142Z [epoch 895/1000] EBOPs=341358 target=350000 beta=1.8e-06 AUC=0.810119 seconds=52.1 checkpoint=epoch-0895
2026-09-13T03:15:36.093136699Z [epoch 896/1000] EBOPs=365934 target=350000 beta=1.76e-06 AUC=0.842119 seconds=52.2 checkpoint=epoch-0896
2026-09-13T03:16:48.701144871Z [epoch 897/1000] EBOPs=351438 target=350000 beta=1.89e-06 AUC=0.842262 seconds=51.8 checkpoint=epoch-0897
2026-09-13T03:18:00.273671074Z [epoch 898/1000] EBOPs=373102 target=350000 beta=1.82e-06 AUC=0.845161 seconds=52.2 checkpoint=epoch-0898
2026-09-13T03:19:10.453454301Z [epoch 899/1000] EBOPs=365934 target=350000 beta=1.94e-06 AUC=0.843774 seconds=53.9 checkpoint=epoch-0899
2026-09-13T03:20:33.719024910Z [epoch 900/1000] EBOPs=345454 target=350000 beta=1.9e-06 AUC=0.823481 seconds=54.1 checkpoint=epoch-0900
2026-09-13T03:20:33.745200831Z wandb: Adding directory to artifact (/data/ebops-n8-20260912-ablation/runs/r0-baseline/checkpoints/epoch-0900)... Done. 0.0s
2026-09-13T03:20:37.336704892Z [wandb] artifact resume-ebops-n8-20260912-ablation-r0-baseline-w1a8:v35 committed (6 files)
2026-09-13T03:22:07.263164196Z [epoch 901/1000] EBOPs=344430 target=350000 beta=1.79e-06 AUC=0.838275 seconds=53.6 checkpoint=epoch-0901
2026-09-13T03:23:21.950673032Z [epoch 902/1000] EBOPs=311662 target=350000 beta=1.79e-06 AUC=0.749227 seconds=54.0 checkpoint=epoch-0902
2026-09-13T03:24:35.127558952Z [epoch 903/1000] EBOPs=410990 target=350000 beta=1.61e-06 AUC=0.843438 seconds=54.2 checkpoint=epoch-0903
2026-09-13T03:25:50.446263566Z [epoch 904/1000] EBOPs=324974 target=350000 beta=2.14e-06 AUC=0.815637 seconds=54.2 checkpoint=epoch-0904
2026-09-13T03:26:58.015245093Z [epoch 905/1000] EBOPs=387438 target=350000 beta=1.68e-06 AUC=0.831439 seconds=53.8 checkpoint=epoch-0905
2026-09-13T03:28:11.080734448Z [epoch 906/1000] EBOPs=346478 target=350000 beta=2.02e-06 AUC=0.817728 seconds=53.7 checkpoint=epoch-0906
2026-09-13T03:29:31.458539881Z [epoch 907/1000] EBOPs=319854 target=350000 beta=1.8e-06 AUC=0.816456 seconds=54.2 checkpoint=epoch-0907
2026-09-13T03:30:46.469917792Z [epoch 908/1000] EBOPs=358766 target=350000 beta=1.66e-06 AUC=0.840934 seconds=54.1 checkpoint=epoch-0908
2026-09-13T03:32:02.882573299Z [epoch 909/1000] EBOPs=390350 target=350000 beta=1.86e-06 AUC=0.831234 seconds=53.7 checkpoint=epoch-0909
2026-09-13T03:33:17.357681960Z [epoch 910/1000] EBOPs=380366 target=350000 beta=2.04e-06 AUC=0.815685 seconds=53.8 checkpoint=epoch-0910
2026-09-13T03:34:35.707718422Z [epoch 911/1000] EBOPs=325998 target=350000 beta=1.99e-06 AUC=0.834399 seconds=54.3 checkpoint=epoch-0911
2026-09-13T03:35:45.455461998Z [epoch 912/1000] EBOPs=371054 target=350000 beta=1.7e-06 AUC=0.843782 seconds=52.1 checkpoint=epoch-0912
2026-09-13T03:36:55.838251832Z [epoch 913/1000] EBOPs=372078 target=350000 beta=1.94e-06 AUC=0.838847 seconds=51.8 checkpoint=epoch-0913
2026-09-13T03:38:08.582724108Z [epoch 914/1000] EBOPs=332142 target=350000 beta=1.95e-06 AUC=0.833976 seconds=52.3 checkpoint=epoch-0914
2026-09-13T03:39:30.682535358Z [epoch 915/1000] EBOPs=345454 target=350000 beta=1.74e-06 AUC=0.843382 seconds=52.2 checkpoint=epoch-0915
2026-09-13T03:40:46.950783983Z [epoch 916/1000] EBOPs=366958 target=350000 beta=1.81e-06 AUC=0.832386 seconds=52.1 checkpoint=epoch-0916
2026-09-13T03:42:31.043251119Z [epoch 917/1000] EBOPs=328046 target=350000 beta=1.93e-06 AUC=0.780436 seconds=53.3 checkpoint=epoch-0917
2026-09-13T03:43:40.137700914Z [epoch 918/1000] EBOPs=348366 target=350000 beta=1.72e-06 AUC=0.807197 seconds=53.9 checkpoint=epoch-0918
2026-09-13T03:44:49.761119593Z [epoch 919/1000] EBOPs=348526 target=350000 beta=1.82e-06 AUC=0.842786 seconds=54.1 checkpoint=epoch-0919
2026-09-13T03:46:27.685807645Z [epoch 920/1000] EBOPs=398702 target=350000 beta=1.82e-06 AUC=0.843787 seconds=53.7 checkpoint=epoch-0920
2026-09-13T03:47:45.924211679Z [epoch 921/1000] EBOPs=357582 target=350000 beta=2.1e-06 AUC=0.844076 seconds=54.1 checkpoint=epoch-0921
2026-09-13T03:49:08.248605219Z [epoch 922/1000] EBOPs=372078 target=350000 beta=1.88e-06 AUC=0.818045 seconds=54.3 checkpoint=epoch-0922
2026-09-13T03:50:25.703435972Z [epoch 923/1000] EBOPs=373966 target=350000 beta=1.97e-06 AUC=0.833158 seconds=54.8 checkpoint=epoch-0923
2026-09-13T03:51:37.825358813Z [epoch 924/1000] EBOPs=349550 target=350000 beta=1.98e-06 AUC=0.838737 seconds=53.9 checkpoint=epoch-0924
2026-09-13T03:52:51.651891014Z [epoch 925/1000] EBOPs=345454 target=350000 beta=1.85e-06 AUC=0.840017 seconds=53.8 checkpoint=epoch-0925
2026-09-13T03:52:51.678207494Z wandb: Adding directory to artifact (/data/ebops-n8-20260912-ablation/runs/r0-baseline/checkpoints/epoch-0925)... Done. 0.0s
2026-09-13T03:52:55.521770020Z [wandb] artifact resume-ebops-n8-20260912-ablation-r0-baseline-w1a8:v36 committed (6 files)
2026-09-13T03:54:16.625970350Z [epoch 926/1000] EBOPs=353646 target=350000 beta=1.83e-06 AUC=0.826890 seconds=53.8 checkpoint=epoch-0926
2026-09-13T03:55:34.894231399Z [epoch 927/1000] EBOPs=388462 target=350000 beta=1.87e-06 AUC=0.842584 seconds=53.8 checkpoint=epoch-0927
2026-09-13T03:56:48.985937017Z [epoch 928/1000] EBOPs=314574 target=350000 beta=2.07e-06 AUC=0.842759 seconds=54.1 checkpoint=epoch-0928
2026-09-13T03:57:57.041135389Z [epoch 929/1000] EBOPs=365934 target=350000 beta=1.67e-06 AUC=0.786764 seconds=54.1 checkpoint=epoch-0929
2026-09-13T03:59:08.450327817Z [epoch 930/1000] EBOPs=336238 target=350000 beta=1.94e-06 AUC=0.834512 seconds=54.0 checkpoint=epoch-0930
2026-09-13T04:00:22.677875596Z [epoch 931/1000] EBOPs=360814 target=350000 beta=1.78e-06 AUC=0.838415 seconds=52.9 checkpoint=epoch-0931
2026-09-13T04:01:35.113706134Z [epoch 932/1000] EBOPs=360814 target=350000 beta=1.92e-06 AUC=0.805085 seconds=52.3 checkpoint=epoch-0932
2026-09-13T04:02:50.777914847Z [epoch 933/1000] EBOPs=385390 target=350000 beta=1.92e-06 AUC=0.841698 seconds=52.1 checkpoint=epoch-0933
2026-09-13T04:04:07.033569266Z [epoch 934/1000] EBOPs=328046 target=350000 beta=2.06e-06 AUC=0.830779 seconds=51.7 checkpoint=epoch-0934
2026-09-13T04:05:19.460469382Z [epoch 935/1000] EBOPs=345454 target=350000 beta=1.75e-06 AUC=0.829759 seconds=52.3 checkpoint=epoch-0935
2026-09-13T04:06:34.408229405Z [epoch 936/1000] EBOPs=376174 target=350000 beta=1.84e-06 AUC=0.828040 seconds=52.1 checkpoint=epoch-0936
2026-09-13T04:07:46.517165967Z [epoch 937/1000] EBOPs=330094 target=350000 beta=2.01e-06 AUC=0.839427 seconds=53.4 checkpoint=epoch-0937
2026-09-13T04:09:04.221499820Z [epoch 938/1000] EBOPs=381134 target=350000 beta=1.76e-06 AUC=0.842734 seconds=54.1 checkpoint=epoch-0938
2026-09-13T04:10:23.683154121Z [epoch 939/1000] EBOPs=355534 target=350000 beta=2.04e-06 AUC=0.831030 seconds=54.2 checkpoint=epoch-0939
2026-09-13T04:11:35.819577927Z [epoch 940/1000] EBOPs=336078 target=350000 beta=1.9e-06 AUC=0.837086 seconds=54.0 checkpoint=epoch-0940
2026-09-13T04:12:48.399264618Z [epoch 941/1000] EBOPs=339310 target=350000 beta=1.8e-06 AUC=0.833364 seconds=54.3 checkpoint=epoch-0941
2026-09-13T04:13:59.812647464Z [epoch 942/1000] EBOPs=347502 target=350000 beta=1.81e-06 AUC=0.830927 seconds=54.3 checkpoint=epoch-0942
2026-09-13T04:15:14.386084056Z [epoch 943/1000] EBOPs=373966 target=350000 beta=1.85e-06 AUC=0.840185 seconds=54.1 checkpoint=epoch-0943
2026-09-13T04:16:27.753253637Z [epoch 944/1000] EBOPs=333166 target=350000 beta=2e-06 AUC=0.837800 seconds=52.0 checkpoint=epoch-0944
2026-09-13T04:17:47.731556457Z [epoch 945/1000] EBOPs=317806 target=350000 beta=1.78e-06 AUC=0.825217 seconds=52.2 checkpoint=epoch-0945
2026-09-13T04:19:08.011708030Z [epoch 946/1000] EBOPs=381134 target=350000 beta=1.69e-06 AUC=0.835811 seconds=52.7 checkpoint=epoch-0946
2026-09-13T04:20:24.692749617Z [epoch 947/1000] EBOPs=374126 target=350000 beta=2.03e-06 AUC=0.845445 seconds=53.8 checkpoint=epoch-0947
2026-09-13T04:21:33.333720244Z [epoch 948/1000] EBOPs=346478 target=350000 beta=2e-06 AUC=0.816157 seconds=54.1 checkpoint=epoch-0948
2026-09-13T04:22:48.116516986Z [epoch 949/1000] EBOPs=367982 target=350000 beta=1.85e-06 AUC=0.840129 seconds=53.6 checkpoint=epoch-0949
2026-09-13T04:24:00.717574205Z [epoch 950/1000] EBOPs=341358 target=350000 beta=1.97e-06 AUC=0.762479 seconds=54.0 checkpoint=epoch-0950
2026-09-13T04:24:00.743407001Z wandb: Adding directory to artifact (/data/ebops-n8-20260912-ablation/runs/r0-baseline/checkpoints/epoch-0950)... Done. 0.0s
2026-09-13T04:24:04.316722842Z [wandb] artifact resume-ebops-n8-20260912-ablation-r0-baseline-w1a8:v37 committed (6 files)
2026-09-13T04:25:26.846131682Z [epoch 951/1000] EBOPs=342222 target=350000 beta=1.83e-06 AUC=0.825887 seconds=53.9 checkpoint=epoch-0951
2026-09-13T04:26:40.887316533Z [epoch 952/1000] EBOPs=324974 target=350000 beta=1.83e-06 AUC=0.831853 seconds=54.2 checkpoint=epoch-0952
2026-09-13T04:27:50.014050836Z [epoch 953/1000] EBOPs=351598 target=350000 beta=1.73e-06 AUC=0.844480 seconds=54.0 checkpoint=epoch-0953
2026-09-13T04:29:11.236687083Z [epoch 954/1000] EBOPs=365934 target=350000 beta=1.87e-06 AUC=0.837173 seconds=54.1 checkpoint=epoch-0954
2026-09-13T04:30:27.669690194Z [epoch 955/1000] EBOPs=344270 target=350000 beta=1.96e-06 AUC=0.824169 seconds=54.2 checkpoint=epoch-0955
2026-09-13T04:31:46.418187086Z [epoch 956/1000] EBOPs=360046 target=350000 beta=1.84e-06 AUC=0.827234 seconds=54.5 checkpoint=epoch-0956
2026-09-13T04:33:04.173436222Z [epoch 957/1000] EBOPs=364910 target=350000 beta=1.93e-06 AUC=0.834809 seconds=54.3 checkpoint=epoch-0957
2026-09-13T04:34:25.753806032Z [epoch 958/1000] EBOPs=336078 target=350000 beta=1.96e-06 AUC=0.841420 seconds=52.9 checkpoint=epoch-0958
2026-09-13T04:35:52.414447530Z [epoch 959/1000] EBOPs=356718 target=350000 beta=1.8e-06 AUC=0.823624 seconds=52.4 checkpoint=epoch-0959
2026-09-13T04:37:05.847391123Z [epoch 960/1000] EBOPs=342382 target=350000 beta=1.91e-06 AUC=0.828254 seconds=53.8 checkpoint=epoch-0960
2026-09-13T04:38:29.699259387Z [epoch 961/1000] EBOPs=356718 target=350000 beta=1.83e-06 AUC=0.838341 seconds=54.3 checkpoint=epoch-0961
2026-09-13T04:39:50.941440418Z [epoch 962/1000] EBOPs=328046 target=350000 beta=1.91e-06 AUC=0.800239 seconds=53.9 checkpoint=epoch-0962
2026-09-13T04:41:11.053886738Z [epoch 963/1000] EBOPs=340334 target=350000 beta=1.75e-06 AUC=0.836280 seconds=54.3 checkpoint=epoch-0963
2026-09-13T04:42:30.641214615Z [epoch 964/1000] EBOPs=357582 target=350000 beta=1.81e-06 AUC=0.822095 seconds=54.2 checkpoint=epoch-0964
2026-09-13T04:43:46.758375140Z [epoch 965/1000] EBOPs=328046 target=350000 beta=1.91e-06 AUC=0.822713 seconds=54.8 checkpoint=epoch-0965
2026-09-13T04:45:04.184256412Z [epoch 966/1000] EBOPs=324974 target=350000 beta=1.74e-06 AUC=0.828670 seconds=54.7 checkpoint=epoch-0966
2026-09-13T04:46:16.834567022Z [epoch 967/1000] EBOPs=373102 target=350000 beta=1.72e-06 AUC=0.840772 seconds=54.8 checkpoint=epoch-0967
2026-09-13T04:47:48.550366318Z [epoch 968/1000] EBOPs=360654 target=350000 beta=1.98e-06 AUC=0.836104 seconds=54.7 checkpoint=epoch-0968
2026-09-13T04:49:01.121282806Z [epoch 969/1000] EBOPs=386670 target=350000 beta=1.92e-06 AUC=0.810962 seconds=54.7 checkpoint=epoch-0969
2026-09-13T04:50:21.081930328Z [epoch 970/1000] EBOPs=364910 target=350000 beta=2.07e-06 AUC=0.806166 seconds=53.5 checkpoint=epoch-0970
2026-09-13T04:51:40.153266068Z [epoch 971/1000] EBOPs=301262 target=350000 beta=1.96e-06 AUC=0.839074 seconds=52.4 checkpoint=epoch-0971
2026-09-13T04:52:50.671935287Z [epoch 972/1000] EBOPs=381134 target=350000 beta=1.6e-06 AUC=0.840887 seconds=52.7 checkpoint=epoch-0972
2026-09-13T04:54:16.565195404Z [epoch 973/1000] EBOPs=364910 target=350000 beta=2.04e-06 AUC=0.796496 seconds=52.2 checkpoint=epoch-0973
2026-09-13T04:55:29.530472366Z [epoch 974/1000] EBOPs=344430 target=350000 beta=1.95e-06 AUC=0.819423 seconds=52.1 checkpoint=epoch-0974
2026-09-13T04:56:44.071303677Z [epoch 975/1000] EBOPs=353486 target=350000 beta=1.84e-06 AUC=0.837867 seconds=52.3 checkpoint=epoch-0975
2026-09-13T04:56:44.097339637Z wandb: Adding directory to artifact (/data/ebops-n8-20260912-ablation/runs/r0-baseline/checkpoints/epoch-0975)... Done. 0.0s
2026-09-13T04:56:48.444552389Z [wandb] artifact resume-ebops-n8-20260912-ablation-r0-baseline-w1a8:v38 committed (6 files)
2026-09-13T04:57:57.270275978Z [epoch 976/1000] EBOPs=336238 target=350000 beta=1.89e-06 AUC=0.836741 seconds=52.3 checkpoint=epoch-0976
2026-09-13T04:59:17.798355042Z [epoch 977/1000] EBOPs=380110 target=350000 beta=1.8e-06 AUC=0.798668 seconds=52.0 checkpoint=epoch-0977
2026-09-13T05:00:28.309330154Z [epoch 978/1000] EBOPs=335054 target=350000 beta=2.04e-06 AUC=0.834314 seconds=52.3 checkpoint=epoch-0978
2026-09-13T05:01:35.413024074Z [epoch 979/1000] EBOPs=354510 target=350000 beta=1.79e-06 AUC=0.796908 seconds=52.2 checkpoint=epoch-0979
2026-09-13T05:02:45.741959239Z [epoch 980/1000] EBOPs=312686 target=350000 beta=1.9e-06 AUC=0.832162 seconds=52.3 checkpoint=epoch-0980
2026-09-13T05:04:00.533943845Z [epoch 981/1000] EBOPs=394606 target=350000 beta=1.66e-06 AUC=0.807105 seconds=51.9 checkpoint=epoch-0981
2026-09-13T05:05:23.712533822Z [epoch 982/1000] EBOPs=381134 target=350000 beta=2.11e-06 AUC=0.844302 seconds=52.0 checkpoint=epoch-0982
2026-09-13T05:06:47.061348069Z [epoch 983/1000] EBOPs=332142 target=350000 beta=2.05e-06 AUC=0.830824 seconds=52.1 checkpoint=epoch-0983
2026-09-13T05:07:59.884891804Z [epoch 984/1000] EBOPs=343406 target=350000 beta=1.78e-06 AUC=0.832000 seconds=52.2 checkpoint=epoch-0984
2026-09-13T05:09:10.667745962Z [epoch 985/1000] EBOPs=320878 target=350000 beta=1.84e-06 AUC=0.828544 seconds=52.4 checkpoint=epoch-0985
2026-09-13T05:10:39.922822713Z [epoch 986/1000] EBOPs=383182 target=350000 beta=1.71e-06 AUC=0.830480 seconds=54.2 checkpoint=epoch-0986
2026-09-13T05:11:55.595167342Z [epoch 987/1000] EBOPs=356718 target=350000 beta=2.05e-06 AUC=0.839863 seconds=53.7 checkpoint=epoch-0987
2026-09-13T05:13:06.972821429Z [epoch 988/1000] EBOPs=317806 target=350000 beta=1.91e-06 AUC=0.834927 seconds=53.1 checkpoint=epoch-0988
2026-09-13T05:14:18.784912414Z [epoch 989/1000] EBOPs=357742 target=350000 beta=1.7e-06 AUC=0.828451 seconds=52.9 checkpoint=epoch-0989
2026-09-13T05:15:33.133486297Z [epoch 990/1000] EBOPs=342638 target=350000 beta=1.91e-06 AUC=0.836449 seconds=52.9 checkpoint=epoch-0990
2026-09-13T05:16:52.049682122Z [epoch 991/1000] EBOPs=336238 target=350000 beta=1.83e-06 AUC=0.796268 seconds=52.7 checkpoint=epoch-0991
2026-09-13T05:18:07.397592929Z [epoch 992/1000] EBOPs=385390 target=350000 beta=1.79e-06 AUC=0.838622 seconds=52.2 checkpoint=epoch-0992
2026-09-13T05:19:17.459009972Z [epoch 993/1000] EBOPs=344430 target=350000 beta=2.06e-06 AUC=0.840814 seconds=52.5 checkpoint=epoch-0993
2026-09-13T05:20:34.508228990Z [epoch 994/1000] EBOPs=352622 target=350000 beta=1.84e-06 AUC=0.832982 seconds=51.5 checkpoint=epoch-0994
2026-09-13T05:21:49.184212365Z [epoch 995/1000] EBOPs=356718 target=350000 beta=1.89e-06 AUC=0.793870 seconds=52.2 checkpoint=epoch-0995
2026-09-13T05:23:04.926539447Z [epoch 996/1000] EBOPs=328046 target=350000 beta=1.91e-06 AUC=0.837876 seconds=51.7 checkpoint=epoch-0996
2026-09-13T05:24:16.509491943Z [epoch 997/1000] EBOPs=344430 target=350000 beta=1.75e-06 AUC=0.828725 seconds=52.2 checkpoint=epoch-0997
2026-09-13T05:25:35.726679536Z [epoch 998/1000] EBOPs=360814 target=350000 beta=1.84e-06 AUC=0.844360 seconds=52.1 checkpoint=epoch-0998
2026-09-13T05:26:48.257183598Z [epoch 999/1000] EBOPs=393582 target=350000 beta=1.93e-06 AUC=0.847323 seconds=52.2 checkpoint=epoch-0999
2026-09-13T05:28:02.606327910Z [epoch 1000/1000] EBOPs=393582 target=350000 beta=2.12e-06 AUC=0.852633 seconds=52.0 checkpoint=epoch-1000
2026-09-13T05:28:02.632028778Z wandb: Adding directory to artifact (/data/ebops-n8-20260912-ablation/runs/r0-baseline/checkpoints/epoch-1000)... Done. 0.0s
2026-09-13T05:28:05.846570259Z [wandb] artifact resume-ebops-n8-20260912-ablation-r0-baseline-w1a8:v39 committed (6 files)
2026-09-13T05:28:10.231025307Z [wandb] artifact model-ebops-n8-20260912-ablation-r0-baseline-w1a8-s1:v0 committed (9 files)
2026-09-13T05:28:10.333269257Z wandb: updating run metadata
2026-09-13T05:28:10.734803771Z wandb: uploading output.log; uploading config.yaml
2026-09-13T05:28:10.894159750Z wandb: 
2026-09-13T05:28:10.894189274Z wandb: Run history:
2026-09-13T05:28:10.894194522Z wandb:          activation_bits/bit_block_0_attn_Wk ██▇▇▄▂▂▁▁▁▁▁▁▁▁▁▁▁▁▁▁▁▁▁▁▁▁▁▁▁▂▁▁▁▁▁▁▁▁▁
2026-09-13T05:28:10.894197957Z wandb:          activation_bits/bit_block_0_attn_Wo █▅▁▁▁▁▁▁▁▁▃▁▁▁▁▁▁▃▃▁▃▁▃▃▃▁▃▃▁▁▁▁▃▃▃▁▁▁▃▃
2026-09-13T05:28:10.894200831Z wandb:          activation_bits/bit_block_0_attn_Wq █▆▅▁▁▁▁▁▁▁▁▁▁▁▁▁▁▁▁▁▁▁▁▁▁▁▁▁▁▁▁▁▁▁▁▁▁▁▁▁
2026-09-13T05:28:10.894203425Z wandb:          activation_bits/bit_block_0_attn_Wv █▂▂▁▁▂▁▁▂▁▁▁▁▂▂▂▁▂▂▁▂▁▁▁▂▂▁▁▂▂▂▁▁▁▁▂▂▁▁▂
2026-09-13T05:28:10.894223796Z wandb:    activation_bits/bit_block_0_attn_ctx__in0 ▁▁▁▁▁▁▁▁▁▁▁▁▁▁▁▁▁▁▁▁▁▁▁▁▁▁▁▁▁▁▁▁▁▁▁▁▁▁▁▁
2026-09-13T05:28:10.894225478Z wandb:    activation_bits/bit_block_0_attn_ctx__in1 █▇▆▅▄▂▁▁▂▂▂▂▂▁▁▂▂▂▂▂▂▂▁▁▁▂▂▂▂▂▂▁▂▂▁▁▂▂▁▂
2026-09-13T05:28:10.894227061Z wandb: activation_bits/bit_block_0_attn_scores__in0 █▅▃▁▁▁▁▁▁▁▁▂▁▁▁▁▁▁▁▁▂▂▁▁▂▁▁▁▂▁▁▁▁▂▁▂▁▂▁▁
2026-09-13T05:28:10.894228583Z wandb: activation_bits/bit_block_0_attn_scores__in1 █▆▆▅▅▁▁▁▁▁▁▁▁▁▁▂▁▁▁▂▁▂▁▂▁▂▁▂▂▁▁▂▁▁▁▁▁▁▂▂
2026-09-13T05:28:10.894230095Z wandb:          activation_bits/bit_block_0_ffn_fc1 ██▅▅▅▁▂▁▁▂▁▁▁▁▂▂▁▁▂▂▁▁▁▁▁▂▁▁▁▂▁▁▁▁▁▁▁▁▁▁
2026-09-13T05:28:10.894231698Z wandb:          activation_bits/bit_block_0_ffn_fc2 █▇▅▄▄▂▁▂▂▂▂▂▂▁▂▂▃▃▂▃▃▂▁▁▂▁▂▂▂▂▂▃▁▃▃▁▃▃▃▂
2026-09-13T05:28:10.894233881Z wandb:                                          +33 ...
2026-09-13T05:28:10.894237136Z wandb: 
2026-09-13T05:28:10.894238959Z wandb: Run summary:
2026-09-13T05:28:10.894240541Z wandb:          activation_bits/bit_block_0_attn_Wk 1
2026-09-13T05:28:10.894242063Z wandb:          activation_bits/bit_block_0_attn_Wo 2
2026-09-13T05:28:10.894243565Z wandb:          activation_bits/bit_block_0_attn_Wq 1
2026-09-13T05:28:10.894245158Z wandb:          activation_bits/bit_block_0_attn_Wv 2
2026-09-13T05:28:10.894246720Z wandb:    activation_bits/bit_block_0_attn_ctx__in0 10
2026-09-13T05:28:10.894248303Z wandb:    activation_bits/bit_block_0_attn_ctx__in1 2
2026-09-13T05:28:10.894249835Z wandb: activation_bits/bit_block_0_attn_scores__in0 1
2026-09-13T05:28:10.894251317Z wandb: activation_bits/bit_block_0_attn_scores__in1 2
2026-09-13T05:28:10.894252829Z wandb:          activation_bits/bit_block_0_ffn_fc1 1
2026-09-13T05:28:10.894254312Z wandb:          activation_bits/bit_block_0_ffn_fc2 2
2026-09-13T05:28:10.894255864Z wandb:                                          +36 ...
2026-09-13T05:28:10.894257426Z wandb: 
2026-09-13T05:28:10.894344537Z wandb: 🚀 View run ebops-n8-20260912-ablation-r0-baseline-w1a8-s1 at: https://wandb.ai/kayamaguchi-uc-san-diego/BNJetTag-EBOPs-N8/runs/95964aa58017
2026-09-13T05:28:10.894348823Z wandb: ⭐️ View project at: https://wandb.ai/kayamaguchi-uc-san-diego/BNJetTag-EBOPs-N8
2026-09-13T05:28:10.894350947Z wandb: Synced 5 W&B file(s), 0 media file(s), 196 artifact file(s) and 0 other file(s)
2026-09-13T05:28:10.894475373Z wandb: Find logs at: 
