2026-09-18T22:54:02.162502481Z Expected: ['engram_input']
2026-09-18T22:54:02.162505830Z Received: inputs=Tensor(shape=(256, 16, 3))
2026-09-18T22:54:02.162508408Z   warnings.warn(msg)
2026-09-18T22:54:31.613757695Z [epoch 75/1000] EBOPs=951614 target=350000 beta=4.16e-06 val_AUC=0.871032 val_accuracy=0.621669 seconds=51.6 checkpoint=epoch-0075
2026-09-18T22:54:31.638912475Z wandb: Adding directory to artifact (/data/engram-study-20260918/runs/engram-e03-s1/checkpoints/epoch-0075)... Done. 0.0s
2026-09-18T22:54:35.810364117Z [wandb] artifact resume-engram-e03-s1:v2 committed (5 files)
2026-09-18T22:55:27.090675514Z /usr/local/lib/python3.12/site-packages/keras/src/models/functional.py:259: UserWarning: The structure of `inputs` doesn't match the expected structure.
2026-09-18T22:55:27.090709163Z Expected: ['engram_input']
2026-09-18T22:55:27.090714151Z Received: inputs=Tensor(shape=(256, 16, 3))
2026-09-18T22:55:27.090717674Z   warnings.warn(msg)
2026-09-18T22:55:48.718216696Z [epoch 76/1000] EBOPs=942435 target=350000 beta=4.34e-06 val_AUC=0.875345 val_accuracy=0.624476 seconds=51.3 checkpoint=epoch-0076
2026-09-18T22:56:38.759512001Z /usr/local/lib/python3.12/site-packages/keras/src/models/functional.py:259: UserWarning: The structure of `inputs` doesn't match the expected structure.
2026-09-18T22:56:38.759537853Z Expected: ['engram_input']
2026-09-18T22:56:38.759541018Z Received: inputs=Tensor(shape=(256, 16, 3))
2026-09-18T22:56:38.759543684Z   warnings.warn(msg)
2026-09-18T22:56:54.176672142Z [epoch 77/1000] EBOPs=938083 target=350000 beta=4.52e-06 val_AUC=0.873292 val_accuracy=0.621734 seconds=50.0 checkpoint=epoch-0077
2026-09-18T22:57:44.255785142Z /usr/local/lib/python3.12/site-packages/keras/src/models/functional.py:259: UserWarning: The structure of `inputs` doesn't match the expected structure.
2026-09-18T22:57:44.255810074Z Expected: ['engram_input']
2026-09-18T22:57:44.255813177Z Received: inputs=Tensor(shape=(256, 16, 3))
2026-09-18T22:57:44.255815635Z   warnings.warn(msg)
2026-09-18T22:58:09.724824800Z [epoch 78/1000] EBOPs=934878 target=350000 beta=4.73e-06 val_AUC=0.873602 val_accuracy=0.627355 seconds=50.1 checkpoint=epoch-0078
2026-09-18T22:59:00.049075378Z /usr/local/lib/python3.12/site-packages/keras/src/models/functional.py:259: UserWarning: The structure of `inputs` doesn't match the expected structure.
2026-09-18T22:59:00.049096970Z Expected: ['engram_input']
2026-09-18T22:59:00.049100366Z Received: inputs=Tensor(shape=(256, 16, 3))
2026-09-18T22:59:00.049102919Z   warnings.warn(msg)
2026-09-18T22:59:19.468578465Z [epoch 79/1000] EBOPs=932084 target=350000 beta=4.95e-06 val_AUC=0.869047 val_accuracy=0.615048 seconds=50.3 checkpoint=epoch-0079
2026-09-18T23:00:09.449939433Z /usr/local/lib/python3.12/site-packages/keras/src/models/functional.py:259: UserWarning: The structure of `inputs` doesn't match the expected structure.
2026-09-18T23:00:09.449965833Z Expected: ['engram_input']
2026-09-18T23:00:09.449968927Z Received: inputs=Tensor(shape=(256, 16, 3))
2026-09-18T23:00:09.449971399Z   warnings.warn(msg)
2026-09-18T23:00:28.319017577Z [epoch 80/1000] EBOPs=927988 target=350000 beta=5.18e-06 val_AUC=0.875177 val_accuracy=0.622153 seconds=50.0 checkpoint=epoch-0080
2026-09-18T23:01:19.488057537Z /usr/local/lib/python3.12/site-packages/keras/src/models/functional.py:259: UserWarning: The structure of `inputs` doesn't match the expected structure.
2026-09-18T23:01:19.488090026Z Expected: ['engram_input']
2026-09-18T23:01:19.488094955Z Received: inputs=Tensor(shape=(256, 16, 3))
2026-09-18T23:01:19.488111530Z   warnings.warn(msg)
2026-09-18T23:01:33.870264986Z [epoch 81/1000] EBOPs=923306 target=350000 beta=5.41e-06 val_AUC=0.873618 val_accuracy=0.624379 seconds=51.2 checkpoint=epoch-0081
2026-09-18T23:02:24.239365178Z /usr/local/lib/python3.12/site-packages/keras/src/models/functional.py:259: UserWarning: The structure of `inputs` doesn't match the expected structure.
2026-09-18T23:02:24.239389696Z Expected: ['engram_input']
2026-09-18T23:02:24.239393017Z Received: inputs=Tensor(shape=(256, 16, 3))
2026-09-18T23:02:24.239395518Z   warnings.warn(msg)
2026-09-18T23:02:38.710904113Z [epoch 82/1000] EBOPs=917642 target=350000 beta=5.66e-06 val_AUC=0.875831 val_accuracy=0.632177 seconds=50.4 checkpoint=epoch-0082
2026-09-18T23:03:28.909773431Z /usr/local/lib/python3.12/site-packages/keras/src/models/functional.py:259: UserWarning: The structure of `inputs` doesn't match the expected structure.
2026-09-18T23:03:28.909902425Z Expected: ['engram_input']
2026-09-18T23:03:28.909905910Z Received: inputs=Tensor(shape=(256, 16, 3))
2026-09-18T23:03:28.909908469Z   warnings.warn(msg)
2026-09-18T23:03:47.742941097Z [epoch 83/1000] EBOPs=911968 target=350000 beta=5.9e-06 val_AUC=0.875117 val_accuracy=0.623992 seconds=50.2 checkpoint=epoch-0083
2026-09-18T23:04:37.673720336Z /usr/local/lib/python3.12/site-packages/keras/src/models/functional.py:259: UserWarning: The structure of `inputs` doesn't match the expected structure.
2026-09-18T23:04:37.673746274Z Expected: ['engram_input']
2026-09-18T23:04:37.673749640Z Received: inputs=Tensor(shape=(256, 16, 3))
2026-09-18T23:04:37.673752311Z   warnings.warn(msg)
2026-09-18T23:04:54.238709904Z [epoch 84/1000] EBOPs=904955 target=350000 beta=6.15e-06 val_AUC=0.868496 val_accuracy=0.613831 seconds=49.9 checkpoint=epoch-0084
2026-09-18T23:05:44.107323038Z /usr/local/lib/python3.12/site-packages/keras/src/models/functional.py:259: UserWarning: The structure of `inputs` doesn't match the expected structure.
2026-09-18T23:05:44.107347234Z Expected: ['engram_input']
2026-09-18T23:05:44.107350208Z Received: inputs=Tensor(shape=(256, 16, 3))
2026-09-18T23:05:44.107352768Z   warnings.warn(msg)
2026-09-18T23:05:58.928077912Z [epoch 85/1000] EBOPs=899739 target=350000 beta=6.4e-06 val_AUC=0.873038 val_accuracy=0.624637 seconds=49.9 checkpoint=epoch-0085
2026-09-18T23:06:49.044345118Z /usr/local/lib/python3.12/site-packages/keras/src/models/functional.py:259: UserWarning: The structure of `inputs` doesn't match the expected structure.
2026-09-18T23:06:49.044371554Z Expected: ['engram_input']
2026-09-18T23:06:49.044387374Z Received: inputs=Tensor(shape=(256, 16, 3))
2026-09-18T23:06:49.044390523Z   warnings.warn(msg)
2026-09-18T23:07:07.511014248Z [epoch 86/1000] EBOPs=895244 target=350000 beta=6.67e-06 val_AUC=0.872787 val_accuracy=0.618565 seconds=50.1 checkpoint=epoch-0086
2026-09-18T23:07:57.265986410Z /usr/local/lib/python3.12/site-packages/keras/src/models/functional.py:259: UserWarning: The structure of `inputs` doesn't match the expected structure.
2026-09-18T23:07:57.266010390Z Expected: ['engram_input']
2026-09-18T23:07:57.266013588Z Received: inputs=Tensor(shape=(256, 16, 3))
2026-09-18T23:07:57.266016130Z   warnings.warn(msg)
2026-09-18T23:08:18.851077385Z [epoch 87/1000] EBOPs=886508 target=350000 beta=6.95e-06 val_AUC=0.872454 val_accuracy=0.623032 seconds=49.8 checkpoint=epoch-0087
2026-09-18T23:09:08.999349544Z /usr/local/lib/python3.12/site-packages/keras/src/models/functional.py:259: UserWarning: The structure of `inputs` doesn't match the expected structure.
2026-09-18T23:09:08.999373038Z Expected: ['engram_input']
2026-09-18T23:09:08.999376040Z Received: inputs=Tensor(shape=(256, 16, 3))
2026-09-18T23:09:08.999387893Z   warnings.warn(msg)
2026-09-18T23:09:19.279821534Z [epoch 88/1000] EBOPs=881767 target=350000 beta=7.21e-06 val_AUC=0.876293 val_accuracy=0.628460 seconds=50.1 checkpoint=epoch-0088
2026-09-18T23:10:09.710363233Z /usr/local/lib/python3.12/site-packages/keras/src/models/functional.py:259: UserWarning: The structure of `inputs` doesn't match the expected structure.
2026-09-18T23:10:09.710386996Z Expected: ['engram_input']
2026-09-18T23:10:09.710391967Z Received: inputs=Tensor(shape=(256, 16, 3))
2026-09-18T23:10:09.710394667Z   warnings.warn(msg)
2026-09-18T23:10:33.341760088Z [epoch 89/1000] EBOPs=866818 target=350000 beta=7.52e-06 val_AUC=0.875477 val_accuracy=0.629274 seconds=50.4 checkpoint=epoch-0089
2026-09-18T23:11:23.546359169Z /usr/local/lib/python3.12/site-packages/keras/src/models/functional.py:259: UserWarning: The structure of `inputs` doesn't match the expected structure.
2026-09-18T23:11:23.546378846Z Expected: ['engram_input']
2026-09-18T23:11:23.546381996Z Received: inputs=Tensor(shape=(256, 16, 3))
2026-09-18T23:11:23.546384420Z   warnings.warn(msg)
2026-09-18T23:11:51.257497863Z [epoch 90/1000] EBOPs=856381 target=350000 beta=7.73e-06 val_AUC=0.877684 val_accuracy=0.629911 seconds=50.2 checkpoint=epoch-0090
2026-09-18T23:12:41.454155482Z /usr/local/lib/python3.12/site-packages/keras/src/models/functional.py:259: UserWarning: The structure of `inputs` doesn't match the expected structure.
2026-09-18T23:12:41.454180839Z Expected: ['engram_input']
2026-09-18T23:12:41.454186380Z Received: inputs=Tensor(shape=(256, 16, 3))
2026-09-18T23:12:41.454189187Z   warnings.warn(msg)
2026-09-18T23:12:58.664489609Z [epoch 91/1000] EBOPs=761592 target=350000 beta=7.99e-06 val_AUC=0.874410 val_accuracy=0.622323 seconds=50.2 checkpoint=epoch-0091
2026-09-18T23:13:48.526965394Z /usr/local/lib/python3.12/site-packages/keras/src/models/functional.py:259: UserWarning: The structure of `inputs` doesn't match the expected structure.
2026-09-18T23:13:48.526990766Z Expected: ['engram_input']
2026-09-18T23:13:48.526993727Z Received: inputs=Tensor(shape=(256, 16, 3))
2026-09-18T23:13:48.526996285Z   warnings.warn(msg)
2026-09-18T23:14:08.828590367Z [epoch 92/1000] EBOPs=702360 target=350000 beta=7.38e-06 val_AUC=0.875140 val_accuracy=0.628427 seconds=49.9 checkpoint=epoch-0092
2026-09-18T23:14:58.850118715Z /usr/local/lib/python3.12/site-packages/keras/src/models/functional.py:259: UserWarning: The structure of `inputs` doesn't match the expected structure.
2026-09-18T23:14:58.850142922Z Expected: ['engram_input']
2026-09-18T23:14:58.850145975Z Received: inputs=Tensor(shape=(256, 16, 3))
2026-09-18T23:14:58.850148806Z   warnings.warn(msg)
2026-09-18T23:15:13.277752239Z [epoch 93/1000] EBOPs=690990 target=350000 beta=7.05e-06 val_AUC=0.874170 val_accuracy=0.624710 seconds=50.0 checkpoint=epoch-0093
2026-09-18T23:16:03.496415271Z /usr/local/lib/python3.12/site-packages/keras/src/models/functional.py:259: UserWarning: The structure of `inputs` doesn't match the expected structure.
2026-09-18T23:16:03.496440032Z Expected: ['engram_input']
2026-09-18T23:16:03.496443594Z Received: inputs=Tensor(shape=(256, 16, 3))
2026-09-18T23:16:03.496446812Z   warnings.warn(msg)
2026-09-18T23:16:19.799894669Z [epoch 94/1000] EBOPs=667918 target=350000 beta=7.18e-06 val_AUC=0.873165 val_accuracy=0.622210 seconds=50.2 checkpoint=epoch-0094
2026-09-18T23:17:10.049220606Z /usr/local/lib/python3.12/site-packages/keras/src/models/functional.py:259: UserWarning: The structure of `inputs` doesn't match the expected structure.
2026-09-18T23:17:10.049263153Z Expected: ['engram_input']
2026-09-18T23:17:10.049268674Z Received: inputs=Tensor(shape=(256, 16, 3))
2026-09-18T23:17:10.049272508Z   warnings.warn(msg)
2026-09-18T23:17:23.257914624Z [epoch 95/1000] EBOPs=640494 target=350000 beta=7.17e-06 val_AUC=0.871608 val_accuracy=0.620306 seconds=50.2 checkpoint=epoch-0095
2026-09-18T23:18:13.012108698Z /usr/local/lib/python3.12/site-packages/keras/src/models/functional.py:259: UserWarning: The structure of `inputs` doesn't match the expected structure.
2026-09-18T23:18:13.012127495Z Expected: ['engram_input']
2026-09-18T23:18:13.012131033Z Received: inputs=Tensor(shape=(256, 16, 3))
2026-09-18T23:18:13.012133552Z   warnings.warn(msg)
2026-09-18T23:18:31.390331630Z [epoch 96/1000] EBOPs=618446 target=350000 beta=7.08e-06 val_AUC=0.871339 val_accuracy=0.619919 seconds=49.8 checkpoint=epoch-0096
2026-09-18T23:19:21.420165406Z /usr/local/lib/python3.12/site-packages/keras/src/models/functional.py:259: UserWarning: The structure of `inputs` doesn't match the expected structure.
2026-09-18T23:19:21.420200146Z Expected: ['engram_input']
2026-09-18T23:19:21.420206125Z Received: inputs=Tensor(shape=(256, 16, 3))
2026-09-18T23:19:21.420210268Z   warnings.warn(msg)
2026-09-18T23:19:41.385851898Z [epoch 97/1000] EBOPs=608430 target=350000 beta=7.04e-06 val_AUC=0.869164 val_accuracy=0.615331 seconds=50.0 checkpoint=epoch-0097
2026-09-18T23:20:31.321984624Z /usr/local/lib/python3.12/site-packages/keras/src/models/functional.py:259: UserWarning: The structure of `inputs` doesn't match the expected structure.
2026-09-18T23:20:31.322003656Z Expected: ['engram_input']
2026-09-18T23:20:31.322007137Z Received: inputs=Tensor(shape=(256, 16, 3))
2026-09-18T23:20:31.322009696Z   warnings.warn(msg)
2026-09-18T23:20:50.891851750Z [epoch 98/1000] EBOPs=592014 target=350000 beta=7.12e-06 val_AUC=0.867290 val_accuracy=0.611387 seconds=49.9 checkpoint=epoch-0098
2026-09-18T23:21:40.912204492Z /usr/local/lib/python3.12/site-packages/keras/src/models/functional.py:259: UserWarning: The structure of `inputs` doesn't match the expected structure.
2026-09-18T23:21:40.912230722Z Expected: ['engram_input']
2026-09-18T23:21:40.912233785Z Received: inputs=Tensor(shape=(256, 16, 3))
2026-09-18T23:21:40.912236354Z   warnings.warn(msg)
2026-09-18T23:22:02.715907064Z [epoch 99/1000] EBOPs=591753 target=350000 beta=7.11e-06 val_AUC=0.869486 val_accuracy=0.617000 seconds=50.0 checkpoint=epoch-0099
2026-09-18T23:22:52.879999393Z /usr/local/lib/python3.12/site-packages/keras/src/models/functional.py:259: UserWarning: The structure of `inputs` doesn't match the expected structure.
2026-09-18T23:22:52.880025387Z Expected: ['engram_input']
2026-09-18T23:22:52.880028374Z Received: inputs=Tensor(shape=(256, 16, 3))
2026-09-18T23:22:52.880030851Z   warnings.warn(msg)
2026-09-18T23:23:19.083179555Z [epoch 100/1000] EBOPs=578158 target=350000 beta=7.29e-06 val_AUC=0.863988 val_accuracy=0.601847 seconds=50.2 checkpoint=epoch-0100
2026-09-18T23:23:19.109063312Z wandb: Adding directory to artifact (/data/engram-study-20260918/runs/engram-e03-s1/checkpoints/epoch-0100)... Done. 0.0s
2026-09-18T23:23:22.411338860Z [wandb] artifact resume-engram-e03-s1:v3 committed (5 files)
2026-09-18T23:23:22.514257694Z wandb: updating run metadata
2026-09-18T23:23:22.915667668Z wandb: uploading wandb-summary.json; uploading config.yaml; uploading output.log
2026-09-18T23:23:23.143763149Z wandb: 🚀 View run engram-e03-s1 at: https://wandb.ai/kayamaguchi-uc-san-diego/BNJetTag-Engram-Experimental/runs/02559056a181
2026-09-18T23:23:23.143788900Z wandb: ⭐️ View project at: https://wandb.ai/kayamaguchi-uc-san-diego/BNJetTag-Engram-Experimental
2026-09-18T23:23:23.143794617Z wandb: Synced 5 W&B file(s), 0 media file(s), 23 artifact file(s) and 0 other file(s)
2026-09-18T23:23:33.714671366Z Traceback (most recent call last):
2026-09-18T23:23:33.714852357Z   File "/work/code/run_engram.py", line 464, in <module>
2026-09-18T23:23:33.714870035Z     main()
2026-09-18T23:23:33.714879489Z   File "/work/code/run_engram.py", line 454, in main
2026-09-18T23:23:33.714881312Z     train(args)
2026-09-18T23:23:33.714909985Z   File "/work/code/run_engram.py", line 275, in train
2026-09-18T23:23:33.714913418Z     np.testing.assert_allclose([auc, accuracy],
2026-09-18T23:23:33.714940974Z   File "/usr/local/lib/python3.12/site-packages/numpy/testing/_private/utils.py", line 1780, in assert_allclose
2026-09-18T23:23:33.714943507Z     assert_array_compare(compare, actual, desired, err_msg=str(err_msg),
2026-09-18T23:23:33.714959114Z   File "/usr/local/lib/python3.12/site-packages/numpy/testing/_private/utils.py", line 988, in assert_array_compare
2026-09-18T23:23:33.714961259Z     raise AssertionError(msg)
2026-09-18T23:23:33.714995110Z AssertionError: 
2026-09-18T23:23:33.714997357Z Not equal to tolerance rtol=0, atol=1e-07
2026-09-18T23:23:33.714998812Z 
2026-09-18T23:23:33.715000459Z Mismatched elements: 2 / 2 (100%)
2026-09-18T23:23:33.715002236Z Mismatch at indices:
2026-09-18T23:23:33.715004870Z  [0]: 0.8639896954867063 (ACTUAL), 0.8639880799773201 (DESIRED)
2026-09-18T23:23:33.715007318Z  [1]: 0.6017177419354839 (ACTUAL), 0.6018467741935484 (DESIRED)
2026-09-18T23:23:33.715009966Z Max absolute difference among violations: 0.00012903
2026-09-18T23:23:33.715012278Z Max relative difference among violations: 0.00021439
2026-09-18T23:23:33.715014818Z  ACTUAL: array([0.86399 , 0.601718])
2026-09-18T23:23:33.715016440Z  DESIRED: array([0.863988, 0.601847])
