2026-09-19T00:43:42.027666588Z [epoch 285/1000] EBOPs=721720 target=350000 beta=0.001 val_AUC=0.711553 val_accuracy=0.412065 seconds=114.1 checkpoint=epoch-0285
2026-09-19T00:46:01.808258867Z [epoch 286/1000] EBOPs=721203 target=350000 beta=0.001 val_AUC=0.712334 val_accuracy=0.404919 seconds=118.2 checkpoint=epoch-0286
2026-09-19T00:48:21.072171248Z [epoch 287/1000] EBOPs=721720 target=350000 beta=0.001 val_AUC=0.713923 val_accuracy=0.405976 seconds=114.6 checkpoint=epoch-0287
2026-09-19T00:50:44.561902276Z [epoch 288/1000] EBOPs=721208 target=350000 beta=0.001 val_AUC=0.718268 val_accuracy=0.417653 seconds=116.5 checkpoint=epoch-0288
2026-09-19T00:53:05.384612457Z [epoch 289/1000] EBOPs=721245 target=350000 beta=0.001 val_AUC=0.714617 val_accuracy=0.393919 seconds=116.4 checkpoint=epoch-0289
2026-09-19T00:55:31.425608181Z [epoch 290/1000] EBOPs=721720 target=350000 beta=0.001 val_AUC=0.711845 val_accuracy=0.402153 seconds=116.6 checkpoint=epoch-0290
2026-09-19T00:57:51.561148511Z [epoch 291/1000] EBOPs=722395 target=350000 beta=0.001 val_AUC=0.722030 val_accuracy=0.396444 seconds=113.5 checkpoint=epoch-0291
2026-09-19T01:00:17.726338626Z [epoch 292/1000] EBOPs=721511 target=350000 beta=0.001 val_AUC=0.720168 val_accuracy=0.409290 seconds=112.4 checkpoint=epoch-0292
2026-09-19T01:02:36.298986254Z [epoch 293/1000] EBOPs=721267 target=350000 beta=0.001 val_AUC=0.722584 val_accuracy=0.412056 seconds=111.5 checkpoint=epoch-0293
2026-09-19T01:04:54.829726739Z [epoch 294/1000] EBOPs=721235 target=350000 beta=0.001 val_AUC=0.698697 val_accuracy=0.354032 seconds=111.6 checkpoint=epoch-0294
2026-09-19T01:07:11.572960706Z [epoch 295/1000] EBOPs=721774 target=350000 beta=0.001 val_AUC=0.708572 val_accuracy=0.398540 seconds=110.1 checkpoint=epoch-0295
2026-09-19T01:09:29.219800724Z [epoch 296/1000] EBOPs=721188 target=350000 beta=0.001 val_AUC=0.684188 val_accuracy=0.335782 seconds=113.4 checkpoint=epoch-0296
2026-09-19T01:11:45.752091154Z [epoch 297/1000] EBOPs=726353 target=350000 beta=0.001 val_AUC=0.701696 val_accuracy=0.380742 seconds=111.4 checkpoint=epoch-0297
2026-09-19T01:14:02.688736432Z [epoch 298/1000] EBOPs=721304 target=350000 beta=0.001 val_AUC=0.715288 val_accuracy=0.411984 seconds=113.1 checkpoint=epoch-0298
2026-09-19T01:16:30.494615772Z [epoch 299/1000] EBOPs=721730 target=350000 beta=0.001 val_AUC=0.723508 val_accuracy=0.410887 seconds=113.7 checkpoint=epoch-0299
2026-09-19T01:18:58.227485511Z [epoch 300/1000] EBOPs=724312 target=350000 beta=0.001 val_AUC=0.663505 val_accuracy=0.324919 seconds=112.3 checkpoint=epoch-0300
2026-09-19T01:18:58.245794493Z wandb: Adding directory to artifact (/data/batch20260917/n16/runs/batch20260918-b02-s6/checkpoints/epoch-0300)... Done. 0.0s
2026-09-19T01:19:02.591935497Z [wandb] artifact resume-batch20260918-b02-s6:v11 committed (5 files)
2026-09-19T01:21:27.752477533Z [epoch 301/1000] EBOPs=723768 target=350000 beta=0.001 val_AUC=0.720817 val_accuracy=0.414726 seconds=114.9 checkpoint=epoch-0301
2026-09-19T01:23:49.602870419Z [epoch 302/1000] EBOPs=721188 target=350000 beta=0.001 val_AUC=0.686282 val_accuracy=0.340460 seconds=111.1 checkpoint=epoch-0302
2026-09-19T01:26:09.044909793Z [epoch 303/1000] EBOPs=721720 target=350000 beta=0.001 val_AUC=0.710117 val_accuracy=0.412734 seconds=113.3 checkpoint=epoch-0303
2026-09-19T01:28:30.350275356Z [epoch 304/1000] EBOPs=721282 target=350000 beta=0.001 val_AUC=0.715694 val_accuracy=0.403742 seconds=117.2 checkpoint=epoch-0304
2026-09-19T01:30:52.639128413Z [epoch 305/1000] EBOPs=721255 target=350000 beta=0.001 val_AUC=0.720002 val_accuracy=0.404605 seconds=115.6 checkpoint=epoch-0305
2026-09-19T01:33:20.029220440Z [epoch 306/1000] EBOPs=721235 target=350000 beta=0.001 val_AUC=0.716271 val_accuracy=0.404323 seconds=114.9 checkpoint=epoch-0306
2026-09-19T01:35:52.362966752Z [epoch 307/1000] EBOPs=721449 target=350000 beta=0.001 val_AUC=0.715660 val_accuracy=0.406331 seconds=114.8 checkpoint=epoch-0307
2026-09-19T01:38:19.263291789Z [epoch 308/1000] EBOPs=722759 target=350000 beta=0.001 val_AUC=0.715985 val_accuracy=0.373339 seconds=110.8 checkpoint=epoch-0308
2026-09-19T01:40:39.943975170Z [epoch 309/1000] EBOPs=723778 target=350000 beta=0.001 val_AUC=0.718779 val_accuracy=0.413919 seconds=110.4 checkpoint=epoch-0309
2026-09-19T01:42:55.495141374Z [epoch 310/1000] EBOPs=721725 target=350000 beta=0.001 val_AUC=0.714425 val_accuracy=0.401532 seconds=109.8 checkpoint=epoch-0310
2026-09-19T01:45:14.495415144Z [epoch 311/1000] EBOPs=721213 target=350000 beta=0.001 val_AUC=0.722483 val_accuracy=0.413468 seconds=110.1 checkpoint=epoch-0311
2026-09-19T01:47:28.002392909Z [epoch 312/1000] EBOPs=721188 target=350000 beta=0.001 val_AUC=0.699971 val_accuracy=0.377315 seconds=109.9 checkpoint=epoch-0312
2026-09-19T01:49:43.672571337Z [epoch 313/1000] EBOPs=722259 target=350000 beta=0.001 val_AUC=0.721847 val_accuracy=0.417798 seconds=109.5 checkpoint=epoch-0313
2026-09-19T01:52:03.100851294Z [epoch 314/1000] EBOPs=721722 target=350000 beta=0.001 val_AUC=0.688689 val_accuracy=0.302129 seconds=112.8 checkpoint=epoch-0314
2026-09-19T01:54:34.172261108Z [epoch 315/1000] EBOPs=721695 target=350000 beta=0.001 val_AUC=0.677752 val_accuracy=0.334629 seconds=112.5 checkpoint=epoch-0315
2026-09-19T01:56:54.565736438Z [epoch 316/1000] EBOPs=721272 target=350000 beta=0.001 val_AUC=0.717295 val_accuracy=0.410895 seconds=111.1 checkpoint=epoch-0316
2026-09-19T01:59:11.422900293Z [epoch 317/1000] EBOPs=721183 target=350000 beta=0.001 val_AUC=0.687478 val_accuracy=0.324573 seconds=112.1 checkpoint=epoch-0317
2026-09-19T02:01:30.409024445Z [epoch 318/1000] EBOPs=721208 target=350000 beta=0.001 val_AUC=0.715898 val_accuracy=0.403710 seconds=113.8 checkpoint=epoch-0318
2026-09-19T02:03:50.447161455Z [epoch 319/1000] EBOPs=721730 target=350000 beta=0.001 val_AUC=0.721081 val_accuracy=0.412339 seconds=112.6 checkpoint=epoch-0319
2026-09-19T02:06:17.527204213Z [epoch 320/1000] EBOPs=721720 target=350000 beta=0.001 val_AUC=0.717154 val_accuracy=0.408597 seconds=111.6 checkpoint=epoch-0320
2026-09-19T02:08:48.588241261Z [epoch 321/1000] EBOPs=721168 target=350000 beta=0.001 val_AUC=0.679680 val_accuracy=0.340476 seconds=114.2 checkpoint=epoch-0321
2026-09-19T02:11:01.319801250Z [epoch 322/1000] EBOPs=721282 target=350000 beta=0.001 val_AUC=0.712321 val_accuracy=0.385927 seconds=110.3 checkpoint=epoch-0322
2026-09-19T02:13:24.415365525Z [epoch 323/1000] EBOPs=723522 target=350000 beta=0.001 val_AUC=0.713356 val_accuracy=0.399331 seconds=111.8 checkpoint=epoch-0323
2026-09-19T02:15:54.596453941Z [epoch 324/1000] EBOPs=721262 target=350000 beta=0.001 val_AUC=0.685243 val_accuracy=0.345460 seconds=115.0 checkpoint=epoch-0324
2026-09-19T02:18:23.552889196Z [epoch 325/1000] EBOPs=721747 target=350000 beta=0.001 val_AUC=0.666625 val_accuracy=0.348790 seconds=116.2 checkpoint=epoch-0325
2026-09-19T02:18:23.579826242Z wandb: Adding directory to artifact (/data/batch20260917/n16/runs/batch20260918-b02-s6/checkpoints/epoch-0325)... Done. 0.0s
2026-09-19T02:18:28.461586061Z [wandb] artifact resume-batch20260918-b02-s6:v12 committed (5 files)
2026-09-19T02:20:46.167689867Z [epoch 326/1000] EBOPs=721260 target=350000 beta=0.001 val_AUC=0.659071 val_accuracy=0.351718 seconds=113.7 checkpoint=epoch-0326
2026-09-19T02:23:09.809214937Z [epoch 327/1000] EBOPs=721215 target=350000 beta=0.001 val_AUC=0.652334 val_accuracy=0.296726 seconds=114.1 checkpoint=epoch-0327
2026-09-19T02:25:37.233941513Z [epoch 328/1000] EBOPs=721260 target=350000 beta=0.001 val_AUC=0.662830 val_accuracy=0.328903 seconds=113.9 checkpoint=epoch-0328
2026-09-19T02:28:13.797287396Z [epoch 329/1000] EBOPs=721203 target=350000 beta=0.001 val_AUC=0.632325 val_accuracy=0.274919 seconds=113.5 checkpoint=epoch-0329
2026-09-19T02:30:33.573773514Z [epoch 330/1000] EBOPs=721245 target=350000 beta=0.001 val_AUC=0.723735 val_accuracy=0.411653 seconds=111.1 checkpoint=epoch-0330
2026-09-19T02:32:49.456056447Z [epoch 331/1000] EBOPs=721228 target=350000 beta=0.001 val_AUC=0.721111 val_accuracy=0.422944 seconds=112.3 checkpoint=epoch-0331
2026-09-19T02:35:11.836121213Z [epoch 332/1000] EBOPs=721727 target=350000 beta=0.001 val_AUC=0.692961 val_accuracy=0.354242 seconds=114.6 checkpoint=epoch-0332
2026-09-19T02:37:40.205432960Z [epoch 333/1000] EBOPs=723805 target=350000 beta=0.001 val_AUC=0.714390 val_accuracy=0.409992 seconds=116.0 checkpoint=epoch-0333
2026-09-19T02:40:01.668714908Z [epoch 334/1000] EBOPs=721720 target=350000 beta=0.001 val_AUC=0.689888 val_accuracy=0.350766 seconds=115.3 checkpoint=epoch-0334
2026-09-19T02:42:22.381239001Z [epoch 335/1000] EBOPs=721806 target=350000 beta=0.001 val_AUC=0.717389 val_accuracy=0.411065 seconds=115.9 checkpoint=epoch-0335
2026-09-19T02:44:50.238896837Z [epoch 336/1000] EBOPs=721178 target=350000 beta=0.001 val_AUC=0.690557 val_accuracy=0.350145 seconds=114.9 checkpoint=epoch-0336
2026-09-19T02:47:07.866884036Z [epoch 337/1000] EBOPs=721193 target=350000 beta=0.001 val_AUC=0.683438 val_accuracy=0.345710 seconds=115.1 checkpoint=epoch-0337
2026-09-19T02:49:29.085045063Z [epoch 338/1000] EBOPs=721267 target=350000 beta=0.001 val_AUC=0.723488 val_accuracy=0.423234 seconds=113.0 checkpoint=epoch-0338
2026-09-19T02:51:57.191591943Z [epoch 339/1000] EBOPs=723748 target=350000 beta=0.001 val_AUC=0.691178 val_accuracy=0.336726 seconds=115.6 checkpoint=epoch-0339
2026-09-19T02:54:13.656701026Z [epoch 340/1000] EBOPs=721951 target=350000 beta=0.001 val_AUC=0.694982 val_accuracy=0.355468 seconds=110.8 checkpoint=epoch-0340
2026-09-19T02:56:33.845911149Z [epoch 341/1000] EBOPs=721260 target=350000 beta=0.001 val_AUC=0.719135 val_accuracy=0.416734 seconds=114.4 checkpoint=epoch-0341
2026-09-19T02:58:58.475297963Z [epoch 342/1000] EBOPs=721188 target=350000 beta=0.001 val_AUC=0.696402 val_accuracy=0.353258 seconds=115.4 checkpoint=epoch-0342
2026-09-19T03:01:37.854715573Z [epoch 343/1000] EBOPs=721732 target=350000 beta=0.001 val_AUC=0.705812 val_accuracy=0.411113 seconds=115.5 checkpoint=epoch-0343
2026-09-19T03:04:00.986202725Z [epoch 344/1000] EBOPs=723743 target=350000 beta=0.001 val_AUC=0.689810 val_accuracy=0.370258 seconds=115.3 checkpoint=epoch-0344
2026-09-19T03:06:23.694251610Z [epoch 345/1000] EBOPs=721720 target=350000 beta=0.001 val_AUC=0.721921 val_accuracy=0.427444 seconds=115.9 checkpoint=epoch-0345
2026-09-19T03:08:58.098331607Z [epoch 346/1000] EBOPs=721208 target=350000 beta=0.001 val_AUC=0.696233 val_accuracy=0.358137 seconds=117.4 checkpoint=epoch-0346
2026-09-19T03:11:18.261011714Z [epoch 347/1000] EBOPs=721961 target=350000 beta=0.001 val_AUC=0.699732 val_accuracy=0.374323 seconds=116.5 checkpoint=epoch-0347
2026-09-19T03:13:37.107014837Z [epoch 348/1000] EBOPs=721230 target=350000 beta=0.001 val_AUC=0.694735 val_accuracy=0.347806 seconds=114.9 checkpoint=epoch-0348
2026-09-19T03:16:05.891279834Z [epoch 349/1000] EBOPs=724275 target=350000 beta=0.001 val_AUC=0.687666 val_accuracy=0.353823 seconds=114.7 checkpoint=epoch-0349
2026-09-19T03:18:32.321874469Z [epoch 350/1000] EBOPs=721265 target=350000 beta=0.001 val_AUC=0.726911 val_accuracy=0.425089 seconds=114.0 checkpoint=epoch-0350
2026-09-19T03:18:32.340170632Z wandb: Adding directory to artifact (/data/batch20260917/n16/runs/batch20260918-b02-s6/checkpoints/epoch-0350)... Done. 0.0s
2026-09-19T03:18:36.798711932Z [wandb] artifact resume-batch20260918-b02-s6:v13 committed (5 files)
2026-09-19T03:21:02.494859315Z [epoch 351/1000] EBOPs=723748 target=350000 beta=0.001 val_AUC=0.696724 val_accuracy=0.363839 seconds=114.4 checkpoint=epoch-0351
2026-09-19T03:23:30.113425250Z [epoch 352/1000] EBOPs=721218 target=350000 beta=0.001 val_AUC=0.726956 val_accuracy=0.401685 seconds=113.8 checkpoint=epoch-0352
2026-09-19T03:25:48.730246402Z [epoch 353/1000] EBOPs=721302 target=350000 beta=0.001 val_AUC=0.722198 val_accuracy=0.423113 seconds=114.2 checkpoint=epoch-0353
2026-09-19T03:28:10.908589430Z [epoch 354/1000] EBOPs=721193 target=350000 beta=0.001 val_AUC=0.691368 val_accuracy=0.351863 seconds=114.5 checkpoint=epoch-0354
2026-09-19T03:30:30.573527688Z [epoch 355/1000] EBOPs=721287 target=350000 beta=0.001 val_AUC=0.722912 val_accuracy=0.405524 seconds=116.2 checkpoint=epoch-0355
2026-09-19T03:32:50.925831586Z [epoch 356/1000] EBOPs=721971 target=350000 beta=0.001 val_AUC=0.692501 val_accuracy=0.360452 seconds=115.6 checkpoint=epoch-0356
2026-09-19T03:35:13.687595886Z [epoch 357/1000] EBOPs=723778 target=350000 beta=0.001 val_AUC=0.723278 val_accuracy=0.425685 seconds=115.5 checkpoint=epoch-0357
2026-09-19T03:37:30.400549894Z [epoch 358/1000] EBOPs=721193 target=350000 beta=0.001 val_AUC=0.706317 val_accuracy=0.366871 seconds=113.6 checkpoint=epoch-0358
2026-09-19T03:40:04.306571302Z [epoch 359/1000] EBOPs=721203 target=350000 beta=0.001 val_AUC=0.724364 val_accuracy=0.414573 seconds=116.7 checkpoint=epoch-0359
2026-09-19T03:42:27.095767946Z [epoch 360/1000] EBOPs=721230 target=350000 beta=0.001 val_AUC=0.700239 val_accuracy=0.372500 seconds=114.3 checkpoint=epoch-0360
2026-09-19T03:44:43.296908422Z [epoch 361/1000] EBOPs=721203 target=350000 beta=0.001 val_AUC=0.696251 val_accuracy=0.370500 seconds=111.8 checkpoint=epoch-0361
2026-09-19T03:47:09.375729084Z [epoch 362/1000] EBOPs=721486 target=350000 beta=0.001 val_AUC=0.687784 val_accuracy=0.360613 seconds=111.5 checkpoint=epoch-0362
2026-09-19T03:49:24.946678125Z [epoch 363/1000] EBOPs=722247 target=350000 beta=0.001 val_AUC=0.721974 val_accuracy=0.396669 seconds=111.1 checkpoint=epoch-0363
2026-09-19T03:51:54.860850924Z [epoch 364/1000] EBOPs=723788 target=350000 beta=0.001 val_AUC=0.720608 val_accuracy=0.372581 seconds=114.0 checkpoint=epoch-0364
2026-09-19T03:54:13.315136957Z [epoch 365/1000] EBOPs=721233 target=350000 beta=0.001 val_AUC=0.725736 val_accuracy=0.416242 seconds=113.4 checkpoint=epoch-0365
2026-09-19T03:56:33.619058864Z [epoch 366/1000] EBOPs=721193 target=350000 beta=0.001 val_AUC=0.686856 val_accuracy=0.359911 seconds=114.4 checkpoint=epoch-0366
2026-09-19T03:58:57.130803466Z [epoch 367/1000] EBOPs=721690 target=350000 beta=0.001 val_AUC=0.715383 val_accuracy=0.423113 seconds=115.0 checkpoint=epoch-0367
2026-09-19T04:01:18.713263489Z [epoch 368/1000] EBOPs=721188 target=350000 beta=0.001 val_AUC=0.711656 val_accuracy=0.420782 seconds=115.4 checkpoint=epoch-0368
2026-09-19T04:03:44.851584458Z [epoch 369/1000] EBOPs=721811 target=350000 beta=0.001 val_AUC=0.716505 val_accuracy=0.419645 seconds=117.8 checkpoint=epoch-0369
2026-09-19T04:06:06.775499948Z [epoch 370/1000] EBOPs=721757 target=350000 beta=0.001 val_AUC=0.726033 val_accuracy=0.420968 seconds=116.9 checkpoint=epoch-0370
2026-09-19T04:08:36.133115117Z [epoch 371/1000] EBOPs=721218 target=350000 beta=0.001 val_AUC=0.717250 val_accuracy=0.421218 seconds=117.4 checkpoint=epoch-0371
2026-09-19T04:11:22.763373645Z [epoch 372/1000] EBOPs=724302 target=350000 beta=0.001 val_AUC=0.710691 val_accuracy=0.411121 seconds=115.4 checkpoint=epoch-0372
2026-09-19T04:13:39.396505679Z [epoch 373/1000] EBOPs=721267 target=350000 beta=0.001 val_AUC=0.717973 val_accuracy=0.408000 seconds=112.6 checkpoint=epoch-0373
2026-09-19T04:15:55.578766358Z [epoch 374/1000] EBOPs=721228 target=350000 beta=0.001 val_AUC=0.718087 val_accuracy=0.407177 seconds=112.6 checkpoint=epoch-0374
2026-09-19T04:18:15.942613671Z [epoch 375/1000] EBOPs=721218 target=350000 beta=0.001 val_AUC=0.695099 val_accuracy=0.361911 seconds=113.7 checkpoint=epoch-0375
2026-09-19T04:18:15.962439660Z wandb: Adding directory to artifact (/data/batch20260917/n16/runs/batch20260918-b02-s6/checkpoints/epoch-0375)... Done. 0.0s
2026-09-19T04:18:23.096787928Z [wandb] artifact resume-batch20260918-b02-s6:v14 committed (5 files)
2026-09-19T04:20:49.980902320Z [epoch 376/1000] EBOPs=721230 target=350000 beta=0.001 val_AUC=0.703258 val_accuracy=0.411742 seconds=116.9 checkpoint=epoch-0376
2026-09-19T04:23:13.098226218Z [epoch 377/1000] EBOPs=721203 target=350000 beta=0.001 val_AUC=0.698552 val_accuracy=0.366210 seconds=115.2 checkpoint=epoch-0377
2026-09-19T04:25:35.977003155Z [epoch 378/1000] EBOPs=721772 target=350000 beta=0.001 val_AUC=0.715925 val_accuracy=0.405734 seconds=116.3 checkpoint=epoch-0378
2026-09-19T04:28:06.385171506Z [epoch 379/1000] EBOPs=721735 target=350000 beta=0.001 val_AUC=0.716048 val_accuracy=0.420726 seconds=117.7 checkpoint=epoch-0379
2026-09-19T04:30:51.158187099Z [epoch 380/1000] EBOPs=721705 target=350000 beta=0.001 val_AUC=0.689349 val_accuracy=0.358556 seconds=116.6 checkpoint=epoch-0380
2026-09-19T04:33:11.500193757Z [epoch 381/1000] EBOPs=721240 target=350000 beta=0.001 val_AUC=0.709339 val_accuracy=0.378008 seconds=114.6 checkpoint=epoch-0381
2026-09-19T04:35:41.881947214Z [epoch 382/1000] EBOPs=721710 target=350000 beta=0.001 val_AUC=0.710248 val_accuracy=0.374500 seconds=113.6 checkpoint=epoch-0382
2026-09-19T04:37:57.251600989Z [epoch 383/1000] EBOPs=721250 target=350000 beta=0.001 val_AUC=0.720814 val_accuracy=0.415282 seconds=111.7 checkpoint=epoch-0383
2026-09-19T04:40:19.847485267Z [epoch 384/1000] EBOPs=722316 target=350000 beta=0.001 val_AUC=0.714956 val_accuracy=0.403645 seconds=114.4 checkpoint=epoch-0384
2026-09-19T04:42:43.463647901Z [epoch 385/1000] EBOPs=723743 target=350000 beta=0.001 val_AUC=0.691475 val_accuracy=0.361879 seconds=112.7 checkpoint=epoch-0385
2026-09-19T04:44:57.571936855Z [epoch 386/1000] EBOPs=721685 target=350000 beta=0.001 val_AUC=0.691656 val_accuracy=0.354153 seconds=112.2 checkpoint=epoch-0386
2026-09-19T04:47:15.350391944Z [epoch 387/1000] EBOPs=724061 target=350000 beta=0.001 val_AUC=0.697273 val_accuracy=0.363677 seconds=113.2 checkpoint=epoch-0387
2026-09-19T04:49:29.943214270Z [epoch 388/1000] EBOPs=721260 target=350000 beta=0.001 val_AUC=0.722540 val_accuracy=0.423863 seconds=112.0 checkpoint=epoch-0388
2026-09-19T04:51:56.332143659Z [epoch 389/1000] EBOPs=724275 target=350000 beta=0.001 val_AUC=0.696002 val_accuracy=0.358306 seconds=113.7 checkpoint=epoch-0389
2026-09-19T04:54:13.804766395Z [epoch 390/1000] EBOPs=721501 target=350000 beta=0.001 val_AUC=0.695105 val_accuracy=0.359105 seconds=116.1 checkpoint=epoch-0390
2026-09-19T04:56:43.205649202Z [epoch 391/1000] EBOPs=721188 target=350000 beta=0.001 val_AUC=0.680613 val_accuracy=0.354879 seconds=119.5 checkpoint=epoch-0391
2026-09-19T04:59:05.762701365Z [epoch 392/1000] EBOPs=721690 target=350000 beta=0.001 val_AUC=0.675297 val_accuracy=0.341694 seconds=116.6 checkpoint=epoch-0392
2026-09-19T05:01:26.732764290Z [epoch 393/1000] EBOPs=721203 target=350000 beta=0.001 val_AUC=0.699389 val_accuracy=0.357952 seconds=115.4 checkpoint=epoch-0393
2026-09-19T05:03:51.524200736Z [epoch 394/1000] EBOPs=721183 target=350000 beta=0.001 val_AUC=0.687434 val_accuracy=0.372492 seconds=116.1 checkpoint=epoch-0394
2026-09-19T05:06:15.515281830Z [epoch 395/1000] EBOPs=723748 target=350000 beta=0.001 val_AUC=0.686124 val_accuracy=0.355290 seconds=116.8 checkpoint=epoch-0395
2026-09-19T05:08:46.510695950Z [epoch 396/1000] EBOPs=721282 target=350000 beta=0.001 val_AUC=0.714067 val_accuracy=0.417847 seconds=114.1 checkpoint=epoch-0396
2026-09-19T05:11:26.191247779Z [epoch 397/1000] EBOPs=721208 target=350000 beta=0.001 val_AUC=0.711568 val_accuracy=0.414581 seconds=113.9 checkpoint=epoch-0397
2026-09-19T05:13:46.766190090Z [epoch 398/1000] EBOPs=721203 target=350000 beta=0.001 val_AUC=0.692742 val_accuracy=0.369573 seconds=113.3 checkpoint=epoch-0398
2026-09-19T05:16:09.033819325Z [epoch 399/1000] EBOPs=721228 target=350000 beta=0.001 val_AUC=0.721297 val_accuracy=0.416347 seconds=113.9 checkpoint=epoch-0399
2026-09-19T05:18:27.024117213Z [epoch 400/1000] EBOPs=723763 target=350000 beta=0.001 val_AUC=0.719726 val_accuracy=0.413782 seconds=112.6 checkpoint=epoch-0400
2026-09-19T05:18:27.040614807Z wandb: Adding directory to artifact (/data/batch20260917/n16/runs/batch20260918-b02-s6/checkpoints/epoch-0400)... Done. 0.0s
2026-09-19T05:18:31.468162794Z [wandb] artifact resume-batch20260918-b02-s6:v15 committed (5 files)
2026-09-19T05:18:31.575802584Z wandb: updating run metadata
2026-09-19T05:18:31.977980937Z wandb: uploading output.log; uploading wandb-summary.json; uploading config.yaml
2026-09-19T05:18:32.308636422Z wandb: 
2026-09-19T05:18:32.308669040Z wandb: Run history:
2026-09-19T05:18:32.308694803Z wandb:          activation_bits/bit_block_0_attn_Wk ██▇▇▇▂▁▁▁▁▁▁▁▁▁▁▁▁▁▁▁▁▁▁▁▁▁▁▁▁▁▁▁▁▁▁▁▁▁▁
2026-09-19T05:18:32.308697748Z wandb:          activation_bits/bit_block_0_attn_Wo ███▇▆▅▅▅▃▃▁▁▁▁▁▁▁▁▁▁▁▁▁▁▁▁▁▁▁▁▁▁▁▁▁▁▁▁▁▁
2026-09-19T05:18:32.308700064Z wandb:          activation_bits/bit_block_0_attn_Wq ███▆▆▃▃▃▁▁▁▁▁▁▁▁▁▁▁▁▁▁▁▁▁▁▁▁▁▁▁▁▁▁▁▁▁▁▁▁
2026-09-19T05:18:32.308702324Z wandb:          activation_bits/bit_block_0_attn_Wv ███▇▇▇▅▅▅▄▂▂▁▁▁▁▁▁▁▁▁▁▁▁▁▁▁▁▁▁▁▁▁▁▁▁▁▁▁▁
2026-09-19T05:18:32.308704896Z wandb:    activation_bits/bit_block_0_attn_ctx__in0 ▁▁▁▁▁▁▁▁▁▁▁▁▁▁▁▁▁▁▁▁▁▁▁▁▁▁▁▁▁▁▁▁▁▁▁▁▁▁▁▁
2026-09-19T05:18:32.308707921Z wandb:    activation_bits/bit_block_0_attn_ctx__in1 █▇▅▅▅▅▅▄▃▁▁▁▁▁▁▁▁▁▁▁▁▁▁▁▁▁▁▁▁▁▁▁▁▁▁▁▁▁▁▁
2026-09-19T05:18:32.308710856Z wandb: activation_bits/bit_block_0_attn_scores__in0 █▆▆▆▅▄▄▄▄▃▂▂▂▁▁▁▁▁▁▁▁▁▁▁▁▁▁▁▁▁▁▁▁▁▁▁▁▁▁▁
2026-09-19T05:18:32.308713994Z wandb: activation_bits/bit_block_0_attn_scores__in1 █▆▅▅▄▃▃▃▂▁▁▁▁▁▁▁▁▁▁▁▁▁▁▁▁▁▁▁▁▁▁▁▁▁▁▁▁▁▁▁
2026-09-19T05:18:32.308717079Z wandb:          activation_bits/bit_block_0_ffn_fc1 ██▇▇▇▅▅▄▄▄▃▃▂▂▂▁▁▁▁▁▁▁▁▁▁▁▁▁▁▁▁▁▁▁▁▁▁▁▁▁
2026-09-19T05:18:32.308720341Z wandb:          activation_bits/bit_block_0_ffn_fc2 █████▆▆▅▅▄▄▂▁▁▁▁▁▁▁▁▁▁▁▁▁▁▁▁▁▁▁▁▁▁▁▁▁▁▁▁
2026-09-19T05:18:32.308725352Z wandb:                                          +35 ...
2026-09-19T05:18:32.308729115Z wandb: 
2026-09-19T05:18:32.308731404Z wandb: Run summary:
2026-09-19T05:18:32.308733441Z wandb:          activation_bits/bit_block_0_attn_Wk 1
2026-09-19T05:18:32.308735570Z wandb:          activation_bits/bit_block_0_attn_Wo 1
2026-09-19T05:18:32.308737573Z wandb:          activation_bits/bit_block_0_attn_Wq 1
2026-09-19T05:18:32.308739666Z wandb:          activation_bits/bit_block_0_attn_Wv 1
2026-09-19T05:18:32.308741802Z wandb:    activation_bits/bit_block_0_attn_ctx__in0 10
2026-09-19T05:18:32.308743793Z wandb:    activation_bits/bit_block_0_attn_ctx__in1 1.03125
2026-09-19T05:18:32.308745769Z wandb: activation_bits/bit_block_0_attn_scores__in0 1
2026-09-19T05:18:32.308748124Z wandb: activation_bits/bit_block_0_attn_scores__in1 1
2026-09-19T05:18:32.308750079Z wandb:          activation_bits/bit_block_0_ffn_fc1 1
2026-09-19T05:18:32.308752138Z wandb:          activation_bits/bit_block_0_ffn_fc2 1
2026-09-19T05:18:32.308754173Z wandb:                                          +39 ...
2026-09-19T05:18:32.308756230Z wandb: 
2026-09-19T05:18:32.309069278Z wandb: 🚀 View run batch20260918-b02-s6 at: https://wandb.ai/kayamaguchi-uc-san-diego/BNJetTag-Batch20260917/runs/b83fc8bbb99e
2026-09-19T05:18:32.309081200Z wandb: ⭐️ View project at: https://wandb.ai/kayamaguchi-uc-san-diego/BNJetTag-Batch20260917
2026-09-19T05:18:32.309086101Z wandb: Synced 5 W&B file(s), 0 media file(s), 77 artifact file(s) and 0 other file(s)
2026-09-19T05:18:32.309301306Z wandb: Find logs at: 
2026-09-19T05:18:35.051537488Z SCREENING_RUNG_PASS batch20260918-b02-s6 epochs=400
