2026-09-18T23:23:53.028814163Z [epoch 285/1000] EBOPs=465049 target=350000 beta=0.00043 val_AUC=0.665362 val_accuracy=0.338573 seconds=109.5 checkpoint=epoch-0285
2026-09-18T23:26:04.568558305Z [epoch 286/1000] EBOPs=465049 target=350000 beta=0.000434 val_AUC=0.655953 val_accuracy=0.299645 seconds=108.0 checkpoint=epoch-0286
2026-09-18T23:28:42.434093168Z [epoch 287/1000] EBOPs=465059 target=350000 beta=0.00044 val_AUC=0.648042 val_accuracy=0.326718 seconds=108.3 checkpoint=epoch-0287
2026-09-18T23:30:57.268870090Z [epoch 288/1000] EBOPs=470196 target=350000 beta=0.000446 val_AUC=0.649872 val_accuracy=0.277282 seconds=108.4 checkpoint=epoch-0288
2026-09-18T23:33:08.726120096Z [epoch 289/1000] EBOPs=465069 target=350000 beta=0.000458 val_AUC=0.696078 val_accuracy=0.386218 seconds=108.5 checkpoint=epoch-0289
2026-09-18T23:35:27.837605160Z [epoch 290/1000] EBOPs=465652 target=350000 beta=0.000459 val_AUC=0.651547 val_accuracy=0.338331 seconds=107.9 checkpoint=epoch-0290
2026-09-18T23:37:52.108720445Z [epoch 291/1000] EBOPs=466063 target=350000 beta=0.000467 val_AUC=0.678242 val_accuracy=0.344766 seconds=109.2 checkpoint=epoch-0291
2026-09-18T23:40:12.247279508Z [epoch 292/1000] EBOPs=465167 target=350000 beta=0.000474 val_AUC=0.644318 val_accuracy=0.298355 seconds=109.7 checkpoint=epoch-0292
2026-09-18T23:42:31.630063896Z [epoch 293/1000] EBOPs=466073 target=350000 beta=0.00048 val_AUC=0.650670 val_accuracy=0.334540 seconds=109.4 checkpoint=epoch-0293
2026-09-18T23:44:53.865642822Z [epoch 294/1000] EBOPs=465066 target=350000 beta=0.000488 val_AUC=0.663742 val_accuracy=0.340419 seconds=108.6 checkpoint=epoch-0294
2026-09-18T23:47:08.818709474Z [epoch 295/1000] EBOPs=465598 target=350000 beta=0.000493 val_AUC=0.670135 val_accuracy=0.327242 seconds=107.9 checkpoint=epoch-0295
2026-09-18T23:49:29.843413865Z [epoch 296/1000] EBOPs=466115 target=350000 beta=0.000501 val_AUC=0.708587 val_accuracy=0.409331 seconds=108.3 checkpoint=epoch-0296
2026-09-18T23:51:43.856167531Z [epoch 297/1000] EBOPs=468200 target=350000 beta=0.000509 val_AUC=0.696837 val_accuracy=0.345992 seconds=108.0 checkpoint=epoch-0297
2026-09-18T23:54:04.206613110Z [epoch 298/1000] EBOPs=465561 target=350000 beta=0.000519 val_AUC=0.701663 val_accuracy=0.377702 seconds=108.0 checkpoint=epoch-0298
2026-09-18T23:56:20.022151698Z [epoch 299/1000] EBOPs=465573 target=350000 beta=0.000523 val_AUC=0.659291 val_accuracy=0.348363 seconds=108.1 checkpoint=epoch-0299
2026-09-18T23:58:45.022549641Z [epoch 300/1000] EBOPs=465029 target=350000 beta=0.000531 val_AUC=0.632763 val_accuracy=0.287250 seconds=111.1 checkpoint=epoch-0300
2026-09-18T23:58:45.036661617Z wandb: Adding directory to artifact (/data/batch20260917/n16/runs/batch20260918-b01-s4/checkpoints/epoch-0300)... Done. 0.0s
2026-09-18T23:58:49.386918586Z [wandb] artifact resume-batch20260918-b01-s4:v11 committed (5 files)
2026-09-19T00:01:07.903834322Z [epoch 301/1000] EBOPs=465071 target=350000 beta=0.000538 val_AUC=0.634327 val_accuracy=0.311742 seconds=108.8 checkpoint=epoch-0301
2026-09-19T00:03:23.897737137Z [epoch 302/1000] EBOPs=465081 target=350000 beta=0.000545 val_AUC=0.697288 val_accuracy=0.390008 seconds=109.0 checkpoint=epoch-0302
2026-09-19T00:05:48.889407597Z [epoch 303/1000] EBOPs=465603 target=350000 beta=0.000553 val_AUC=0.700426 val_accuracy=0.389895 seconds=110.2 checkpoint=epoch-0303
2026-09-19T00:08:12.015579347Z [epoch 304/1000] EBOPs=465123 target=350000 beta=0.000562 val_AUC=0.700573 val_accuracy=0.399718 seconds=110.6 checkpoint=epoch-0304
2026-09-19T00:10:27.364896488Z [epoch 305/1000] EBOPs=465056 target=350000 beta=0.000569 val_AUC=0.657961 val_accuracy=0.323282 seconds=110.3 checkpoint=epoch-0305
2026-09-19T00:12:44.883166340Z [epoch 306/1000] EBOPs=468192 target=350000 beta=0.000577 val_AUC=0.653857 val_accuracy=0.330613 seconds=109.2 checkpoint=epoch-0306
2026-09-19T00:14:58.415199455Z [epoch 307/1000] EBOPs=466139 target=350000 beta=0.00059 val_AUC=0.699071 val_accuracy=0.381766 seconds=109.7 checkpoint=epoch-0307
2026-09-19T00:17:11.248412312Z [epoch 308/1000] EBOPs=465091 target=350000 beta=0.000596 val_AUC=0.710691 val_accuracy=0.395484 seconds=108.7 checkpoint=epoch-0308
2026-09-19T00:19:27.640327153Z [epoch 309/1000] EBOPs=468190 target=350000 beta=0.000603 val_AUC=0.701291 val_accuracy=0.398960 seconds=108.5 checkpoint=epoch-0309
2026-09-19T00:21:48.490165459Z [epoch 310/1000] EBOPs=467616 target=350000 beta=0.000616 val_AUC=0.650229 val_accuracy=0.320500 seconds=108.1 checkpoint=epoch-0310
2026-09-19T00:24:10.219149411Z [epoch 311/1000] EBOPs=467584 target=350000 beta=0.000624 val_AUC=0.701993 val_accuracy=0.394984 seconds=108.1 checkpoint=epoch-0311
2026-09-19T00:26:37.461669984Z [epoch 312/1000] EBOPs=468138 target=350000 beta=0.000633 val_AUC=0.695824 val_accuracy=0.395226 seconds=108.3 checkpoint=epoch-0312
2026-09-19T00:28:52.501250899Z [epoch 313/1000] EBOPs=465076 target=350000 beta=0.000643 val_AUC=0.702304 val_accuracy=0.377855 seconds=108.8 checkpoint=epoch-0313
2026-09-19T00:31:27.589752058Z [epoch 314/1000] EBOPs=465041 target=350000 beta=0.000648 val_AUC=0.657982 val_accuracy=0.331677 seconds=108.2 checkpoint=epoch-0314
2026-09-19T00:33:45.244913827Z [epoch 315/1000] EBOPs=465066 target=350000 beta=0.000657 val_AUC=0.697142 val_accuracy=0.366210 seconds=109.1 checkpoint=epoch-0315
2026-09-19T00:36:02.240791895Z [epoch 316/1000] EBOPs=465573 target=350000 beta=0.000667 val_AUC=0.649959 val_accuracy=0.326702 seconds=109.4 checkpoint=epoch-0316
2026-09-19T00:38:19.098095256Z [epoch 317/1000] EBOPs=465044 target=350000 beta=0.000677 val_AUC=0.703517 val_accuracy=0.404694 seconds=109.3 checkpoint=epoch-0317
2026-09-19T00:40:33.106718829Z [epoch 318/1000] EBOPs=467631 target=350000 beta=0.000686 val_AUC=0.702119 val_accuracy=0.401137 seconds=108.4 checkpoint=epoch-0318
2026-09-19T00:42:48.040336520Z [epoch 319/1000] EBOPs=468116 target=350000 beta=0.0007 val_AUC=0.697453 val_accuracy=0.402516 seconds=108.1 checkpoint=epoch-0319
2026-09-19T00:45:12.005102920Z [epoch 320/1000] EBOPs=466341 target=350000 beta=0.000711 val_AUC=0.708548 val_accuracy=0.393935 seconds=107.8 checkpoint=epoch-0320
2026-09-19T00:47:32.389715591Z [epoch 321/1000] EBOPs=465029 target=350000 beta=0.000718 val_AUC=0.706126 val_accuracy=0.397919 seconds=108.9 checkpoint=epoch-0321
2026-09-19T00:49:48.810523379Z [epoch 322/1000] EBOPs=466100 target=350000 beta=0.000726 val_AUC=0.725673 val_accuracy=0.428653 seconds=108.1 checkpoint=epoch-0322
2026-09-19T00:52:05.726835631Z [epoch 323/1000] EBOPs=465086 target=350000 beta=0.000739 val_AUC=0.706848 val_accuracy=0.399468 seconds=110.6 checkpoint=epoch-0323
2026-09-19T00:54:22.220631165Z [epoch 324/1000] EBOPs=466060 target=350000 beta=0.000748 val_AUC=0.652805 val_accuracy=0.334315 seconds=110.5 checkpoint=epoch-0324
2026-09-19T00:56:36.383076143Z [epoch 325/1000] EBOPs=465280 target=350000 beta=0.00076 val_AUC=0.655413 val_accuracy=0.327774 seconds=109.1 checkpoint=epoch-0325
2026-09-19T00:56:36.398251154Z wandb: Adding directory to artifact (/data/batch20260917/n16/runs/batch20260918-b01-s4/checkpoints/epoch-0325)... Done. 0.0s
2026-09-19T00:56:41.234876173Z [wandb] artifact resume-batch20260918-b01-s4:v12 committed (5 files)
2026-09-19T00:59:08.439712600Z [epoch 326/1000] EBOPs=467643 target=350000 beta=0.00077 val_AUC=0.695473 val_accuracy=0.379927 seconds=107.8 checkpoint=epoch-0326
2026-09-19T01:01:27.610722816Z [epoch 327/1000] EBOPs=465056 target=350000 beta=0.000785 val_AUC=0.692216 val_accuracy=0.365798 seconds=109.2 checkpoint=epoch-0327
2026-09-19T01:03:44.083341949Z [epoch 328/1000] EBOPs=465059 target=350000 beta=0.000792 val_AUC=0.696752 val_accuracy=0.398371 seconds=109.0 checkpoint=epoch-0328
2026-09-19T01:05:59.533609179Z [epoch 329/1000] EBOPs=465130 target=350000 beta=0.000803 val_AUC=0.670310 val_accuracy=0.372242 seconds=107.5 checkpoint=epoch-0329
2026-09-19T01:08:18.817451875Z [epoch 330/1000] EBOPs=470762 target=350000 beta=0.000815 val_AUC=0.691464 val_accuracy=0.363371 seconds=107.7 checkpoint=epoch-0330
2026-09-19T01:10:32.168910529Z [epoch 331/1000] EBOPs=467626 target=350000 beta=0.000837 val_AUC=0.659210 val_accuracy=0.328919 seconds=107.8 checkpoint=epoch-0331
2026-09-19T01:12:43.324965907Z [epoch 332/1000] EBOPs=465526 target=350000 beta=0.000843 val_AUC=0.680029 val_accuracy=0.343726 seconds=107.5 checkpoint=epoch-0332
2026-09-19T01:15:01.901580967Z [epoch 333/1000] EBOPs=465004 target=350000 beta=0.000852 val_AUC=0.659305 val_accuracy=0.323226 seconds=110.2 checkpoint=epoch-0333
2026-09-19T01:17:17.251799327Z [epoch 334/1000] EBOPs=465039 target=350000 beta=0.000863 val_AUC=0.653844 val_accuracy=0.329581 seconds=108.1 checkpoint=epoch-0334
2026-09-19T01:19:29.126711441Z [epoch 335/1000] EBOPs=465036 target=350000 beta=0.000875 val_AUC=0.663606 val_accuracy=0.334960 seconds=110.4 checkpoint=epoch-0335
2026-09-19T01:21:46.636995728Z [epoch 336/1000] EBOPs=466831 target=350000 beta=0.000888 val_AUC=0.703458 val_accuracy=0.383984 seconds=110.0 checkpoint=epoch-0336
2026-09-19T01:24:03.785081221Z [epoch 337/1000] EBOPs=465312 target=350000 beta=0.000904 val_AUC=0.702944 val_accuracy=0.402161 seconds=109.6 checkpoint=epoch-0337
2026-09-19T01:26:13.348802537Z [epoch 338/1000] EBOPs=465061 target=350000 beta=0.000914 val_AUC=0.703508 val_accuracy=0.396702 seconds=108.9 checkpoint=epoch-0338
2026-09-19T01:28:35.382718921Z [epoch 339/1000] EBOPs=465595 target=350000 beta=0.000927 val_AUC=0.704042 val_accuracy=0.396363 seconds=110.4 checkpoint=epoch-0339
2026-09-19T01:30:59.340718736Z [epoch 340/1000] EBOPs=465541 target=350000 beta=0.000941 val_AUC=0.702499 val_accuracy=0.394694 seconds=109.5 checkpoint=epoch-0340
2026-09-19T01:33:18.238589990Z [epoch 341/1000] EBOPs=467835 target=350000 beta=0.000954 val_AUC=0.677405 val_accuracy=0.358032 seconds=109.0 checkpoint=epoch-0341
2026-09-19T01:35:44.335683500Z [epoch 342/1000] EBOPs=465526 target=350000 beta=0.000973 val_AUC=0.656403 val_accuracy=0.317145 seconds=108.1 checkpoint=epoch-0342
2026-09-19T01:38:05.135330485Z [epoch 343/1000] EBOPs=465051 target=350000 beta=0.000982 val_AUC=0.663094 val_accuracy=0.342758 seconds=108.3 checkpoint=epoch-0343
2026-09-19T01:40:34.668433071Z [epoch 344/1000] EBOPs=468148 target=350000 beta=0.000995 val_AUC=0.707148 val_accuracy=0.392879 seconds=107.7 checkpoint=epoch-0344
2026-09-19T01:42:50.664243629Z [epoch 345/1000] EBOPs=465536 target=350000 beta=0.001 val_AUC=0.705161 val_accuracy=0.384653 seconds=107.5 checkpoint=epoch-0345
2026-09-19T01:45:18.026810402Z [epoch 346/1000] EBOPs=465046 target=350000 beta=0.001 val_AUC=0.690944 val_accuracy=0.411371 seconds=108.6 checkpoint=epoch-0346
2026-09-19T01:47:41.233222985Z [epoch 347/1000] EBOPs=465029 target=350000 beta=0.001 val_AUC=0.700156 val_accuracy=0.388782 seconds=110.4 checkpoint=epoch-0347
2026-09-19T01:49:53.433182200Z [epoch 348/1000] EBOPs=465275 target=350000 beta=0.001 val_AUC=0.668095 val_accuracy=0.335024 seconds=109.6 checkpoint=epoch-0348
2026-09-19T01:52:15.215133885Z [epoch 349/1000] EBOPs=465255 target=350000 beta=0.001 val_AUC=0.664226 val_accuracy=0.337387 seconds=108.4 checkpoint=epoch-0349
2026-09-19T01:54:34.215255379Z [epoch 350/1000] EBOPs=470134 target=350000 beta=0.001 val_AUC=0.683836 val_accuracy=0.398524 seconds=108.4 checkpoint=epoch-0350
2026-09-19T01:54:34.227663122Z wandb: Adding directory to artifact (/data/batch20260917/n16/runs/batch20260918-b01-s4/checkpoints/epoch-0350)... Done. 0.0s
2026-09-19T01:54:39.562701872Z [wandb] artifact resume-batch20260918-b01-s4:v13 committed (5 files)
2026-09-19T01:56:56.619165595Z [epoch 351/1000] EBOPs=465056 target=350000 beta=0.001 val_AUC=0.658706 val_accuracy=0.334153 seconds=108.1 checkpoint=epoch-0351
2026-09-19T01:59:13.368641907Z [epoch 352/1000] EBOPs=465085 target=350000 beta=0.001 val_AUC=0.668162 val_accuracy=0.345976 seconds=107.8 checkpoint=epoch-0352
2026-09-19T02:01:32.239189896Z [epoch 353/1000] EBOPs=465014 target=350000 beta=0.001 val_AUC=0.663815 val_accuracy=0.339427 seconds=107.7 checkpoint=epoch-0353
2026-09-19T02:03:50.548702102Z [epoch 354/1000] EBOPs=465511 target=350000 beta=0.001 val_AUC=0.664595 val_accuracy=0.334831 seconds=107.5 checkpoint=epoch-0354
2026-09-19T02:06:13.153316386Z [epoch 355/1000] EBOPs=465553 target=350000 beta=0.001 val_AUC=0.662120 val_accuracy=0.331871 seconds=108.3 checkpoint=epoch-0355
2026-09-19T02:08:29.481896909Z [epoch 356/1000] EBOPs=465061 target=350000 beta=0.001 val_AUC=0.698290 val_accuracy=0.392702 seconds=107.0 checkpoint=epoch-0356
2026-09-19T02:10:42.536034819Z [epoch 357/1000] EBOPs=467579 target=350000 beta=0.001 val_AUC=0.688548 val_accuracy=0.375911 seconds=107.3 checkpoint=epoch-0357
2026-09-19T02:13:19.112475130Z [epoch 358/1000] EBOPs=465526 target=350000 beta=0.001 val_AUC=0.700297 val_accuracy=0.395266 seconds=108.8 checkpoint=epoch-0358
2026-09-19T02:15:35.613528655Z [epoch 359/1000] EBOPs=465280 target=350000 beta=0.001 val_AUC=0.703816 val_accuracy=0.405919 seconds=109.4 checkpoint=epoch-0359
2026-09-19T02:17:53.861663380Z [epoch 360/1000] EBOPs=465046 target=350000 beta=0.001 val_AUC=0.666975 val_accuracy=0.336363 seconds=108.8 checkpoint=epoch-0360
2026-09-19T02:20:15.790184629Z [epoch 361/1000] EBOPs=465046 target=350000 beta=0.001 val_AUC=0.663724 val_accuracy=0.333290 seconds=107.4 checkpoint=epoch-0361
2026-09-19T02:22:31.504151786Z [epoch 362/1000] EBOPs=465036 target=350000 beta=0.001 val_AUC=0.691300 val_accuracy=0.396540 seconds=106.8 checkpoint=epoch-0362
2026-09-19T02:24:45.411993371Z [epoch 363/1000] EBOPs=468145 target=350000 beta=0.001 val_AUC=0.663025 val_accuracy=0.334677 seconds=108.0 checkpoint=epoch-0363
2026-09-19T02:27:13.501315460Z [epoch 364/1000] EBOPs=465004 target=350000 beta=0.001 val_AUC=0.660821 val_accuracy=0.341589 seconds=107.6 checkpoint=epoch-0364
2026-09-19T02:29:26.515750802Z [epoch 365/1000] EBOPs=466378 target=350000 beta=0.001 val_AUC=0.693512 val_accuracy=0.379524 seconds=107.4 checkpoint=epoch-0365
2026-09-19T02:31:36.726824647Z [epoch 366/1000] EBOPs=465526 target=350000 beta=0.001 val_AUC=0.663380 val_accuracy=0.330968 seconds=107.5 checkpoint=epoch-0366
2026-09-19T02:33:58.195707764Z [epoch 367/1000] EBOPs=465558 target=350000 beta=0.001 val_AUC=0.710540 val_accuracy=0.401806 seconds=107.2 checkpoint=epoch-0367
2026-09-19T02:36:20.399788541Z [epoch 368/1000] EBOPs=466410 target=350000 beta=0.001 val_AUC=0.704145 val_accuracy=0.399968 seconds=107.6 checkpoint=epoch-0368
2026-09-19T02:38:35.834690572Z [epoch 369/1000] EBOPs=465034 target=350000 beta=0.001 val_AUC=0.692733 val_accuracy=0.399137 seconds=108.5 checkpoint=epoch-0369
2026-09-19T02:40:59.407310318Z [epoch 370/1000] EBOPs=468603 target=350000 beta=0.001 val_AUC=0.650630 val_accuracy=0.338944 seconds=109.5 checkpoint=epoch-0370
2026-09-19T02:43:22.228439526Z [epoch 371/1000] EBOPs=465066 target=350000 beta=0.001 val_AUC=0.701443 val_accuracy=0.400161 seconds=109.4 checkpoint=epoch-0371
2026-09-19T02:45:40.446966129Z [epoch 372/1000] EBOPs=465556 target=350000 beta=0.001 val_AUC=0.690858 val_accuracy=0.395355 seconds=109.0 checkpoint=epoch-0372
2026-09-19T02:47:56.615790046Z [epoch 373/1000] EBOPs=465014 target=350000 beta=0.001 val_AUC=0.703083 val_accuracy=0.397960 seconds=107.8 checkpoint=epoch-0373
2026-09-19T02:50:10.418018481Z [epoch 374/1000] EBOPs=465024 target=350000 beta=0.001 val_AUC=0.666222 val_accuracy=0.338218 seconds=108.1 checkpoint=epoch-0374
2026-09-19T02:52:32.362492528Z [epoch 375/1000] EBOPs=465270 target=350000 beta=0.001 val_AUC=0.666962 val_accuracy=0.348960 seconds=107.8 checkpoint=epoch-0375
2026-09-19T02:52:32.375175920Z wandb: Adding directory to artifact (/data/batch20260917/n16/runs/batch20260918-b01-s4/checkpoints/epoch-0375)... Done. 0.0s
2026-09-19T02:52:36.659750943Z [wandb] artifact resume-batch20260918-b01-s4:v14 committed (5 files)
2026-09-19T02:54:49.972173608Z [epoch 376/1000] EBOPs=465270 target=350000 beta=0.001 val_AUC=0.660914 val_accuracy=0.329597 seconds=107.7 checkpoint=epoch-0376
2026-09-19T02:57:21.753216368Z [epoch 377/1000] EBOPs=465546 target=350000 beta=0.001 val_AUC=0.706338 val_accuracy=0.399444 seconds=108.4 checkpoint=epoch-0377
2026-09-19T02:59:35.536106086Z [epoch 378/1000] EBOPs=465034 target=350000 beta=0.001 val_AUC=0.706054 val_accuracy=0.411323 seconds=107.5 checkpoint=epoch-0378
2026-09-19T03:01:54.728006159Z [epoch 379/1000] EBOPs=465031 target=350000 beta=0.001 val_AUC=0.650695 val_accuracy=0.342573 seconds=107.5 checkpoint=epoch-0379
2026-09-19T03:04:15.237718119Z [epoch 380/1000] EBOPs=467601 target=350000 beta=0.001 val_AUC=0.659523 val_accuracy=0.352097 seconds=107.9 checkpoint=epoch-0380
2026-09-19T03:06:30.196360040Z [epoch 381/1000] EBOPs=465009 target=350000 beta=0.001 val_AUC=0.669156 val_accuracy=0.344355 seconds=107.8 checkpoint=epoch-0381
2026-09-19T03:08:45.982805238Z [epoch 382/1000] EBOPs=465051 target=350000 beta=0.001 val_AUC=0.689142 val_accuracy=0.390032 seconds=109.5 checkpoint=epoch-0382
2026-09-19T03:11:28.513588890Z [epoch 383/1000] EBOPs=465014 target=350000 beta=0.001 val_AUC=0.667782 val_accuracy=0.328331 seconds=109.9 checkpoint=epoch-0383
2026-09-19T03:13:48.758063918Z [epoch 384/1000] EBOPs=465098 target=350000 beta=0.001 val_AUC=0.694395 val_accuracy=0.373540 seconds=109.6 checkpoint=epoch-0384
2026-09-19T03:16:03.515460544Z [epoch 385/1000] EBOPs=465051 target=350000 beta=0.001 val_AUC=0.669474 val_accuracy=0.330218 seconds=107.7 checkpoint=epoch-0385
2026-09-19T03:19:07.038463516Z [epoch 386/1000] EBOPs=465334 target=350000 beta=0.001 val_AUC=0.701822 val_accuracy=0.399000 seconds=107.6 checkpoint=epoch-0386
2026-09-19T03:21:52.623792572Z [epoch 387/1000] EBOPs=465511 target=350000 beta=0.001 val_AUC=0.662477 val_accuracy=0.339516 seconds=107.5 checkpoint=epoch-0387
2026-09-19T03:24:04.684053853Z [epoch 388/1000] EBOPs=465009 target=350000 beta=0.001 val_AUC=0.659557 val_accuracy=0.327121 seconds=107.4 checkpoint=epoch-0388
2026-09-19T03:26:21.259211852Z [epoch 389/1000] EBOPs=465029 target=350000 beta=0.001 val_AUC=0.657678 val_accuracy=0.345597 seconds=107.3 checkpoint=epoch-0389
2026-09-19T03:28:40.975038418Z [epoch 390/1000] EBOPs=465265 target=350000 beta=0.001 val_AUC=0.669246 val_accuracy=0.341202 seconds=107.4 checkpoint=epoch-0390
2026-09-19T03:30:54.650159404Z [epoch 391/1000] EBOPs=468108 target=350000 beta=0.001 val_AUC=0.697923 val_accuracy=0.351968 seconds=110.8 checkpoint=epoch-0391
2026-09-19T03:33:13.578862145Z [epoch 392/1000] EBOPs=465071 target=350000 beta=0.001 val_AUC=0.705022 val_accuracy=0.407476 seconds=109.8 checkpoint=epoch-0392
2026-09-19T03:35:47.266280511Z [epoch 393/1000] EBOPs=465044 target=350000 beta=0.001 val_AUC=0.661592 val_accuracy=0.326016 seconds=110.2 checkpoint=epoch-0393
2026-09-19T03:38:04.595632363Z [epoch 394/1000] EBOPs=465024 target=350000 beta=0.001 val_AUC=0.693869 val_accuracy=0.403556 seconds=109.9 checkpoint=epoch-0394
2026-09-19T03:40:25.592422622Z [epoch 395/1000] EBOPs=465036 target=350000 beta=0.001 val_AUC=0.662310 val_accuracy=0.289282 seconds=109.7 checkpoint=epoch-0395
2026-09-19T03:42:37.752484347Z [epoch 396/1000] EBOPs=464994 target=350000 beta=0.001 val_AUC=0.657209 val_accuracy=0.323879 seconds=109.7 checkpoint=epoch-0396
2026-09-19T03:44:58.638123608Z [epoch 397/1000] EBOPs=467611 target=350000 beta=0.001 val_AUC=0.700539 val_accuracy=0.389944 seconds=108.3 checkpoint=epoch-0397
2026-09-19T03:47:15.300638166Z [epoch 398/1000] EBOPs=465039 target=350000 beta=0.001 val_AUC=0.701760 val_accuracy=0.397734 seconds=107.5 checkpoint=epoch-0398
2026-09-19T03:49:32.702433873Z [epoch 399/1000] EBOPs=465531 target=350000 beta=0.001 val_AUC=0.690867 val_accuracy=0.403411 seconds=107.7 checkpoint=epoch-0399
2026-09-19T03:51:48.170025956Z [epoch 400/1000] EBOPs=465521 target=350000 beta=0.001 val_AUC=0.656619 val_accuracy=0.345379 seconds=107.7 checkpoint=epoch-0400
2026-09-19T03:51:48.181168730Z wandb: Adding directory to artifact (/data/batch20260917/n16/runs/batch20260918-b01-s4/checkpoints/epoch-0400)... Done. 0.0s
2026-09-19T03:51:52.089900843Z [wandb] artifact resume-batch20260918-b01-s4:v15 committed (5 files)
2026-09-19T03:51:52.194183416Z wandb: updating run metadata
2026-09-19T03:51:52.596148518Z wandb: uploading wandb-summary.json; uploading config.yaml; uploading output.log
2026-09-19T03:51:52.871373959Z wandb: 
2026-09-19T03:51:52.871402122Z wandb: Run history:
2026-09-19T03:51:52.871406967Z wandb:          activation_bits/bit_block_0_attn_Wk █▆▆▆▃▁▁▁▁▁▁▁▁▁▁▁▁▁▁▁▁▁▁▁▁▁▁▁▁▁▁▁▁▁▁▁▁▁▁▁
2026-09-19T03:51:52.871411400Z wandb:          activation_bits/bit_block_0_attn_Wo █████▇▆▅▃▃▃▃▁▁▁▁▁▁▁▁▁▁▁▁▁▁▁▁▁▁▁▁▁▁▁▁▁▁▁▁
2026-09-19T03:51:52.871414760Z wandb:          activation_bits/bit_block_0_attn_Wq █▇▇▇▆▅▅▅▃▃▃▃▁▁▁▁▁▁▁▁▁▁▁▁▁▁▁▁▁▁▁▁▁▁▁▁▁▁▁▁
2026-09-19T03:51:52.871417918Z wandb:          activation_bits/bit_block_0_attn_Wv ███▆▆▃▃▂▂▂▁▁▁▁▁▁▁▁▁▁▁▁▁▁▁▁▁▁▁▁▁▁▁▁▁▁▁▁▁▁
2026-09-19T03:51:52.871421096Z wandb:    activation_bits/bit_block_0_attn_ctx__in0 ▁▁▁▁▁▁▁▁▁▁▁▁▁▁▁▁▁▁▁▁▁▁▁▁▁▁▁▁▁▁▁▁▁▁▁▁▁▁▁▁
2026-09-19T03:51:52.871424172Z wandb:    activation_bits/bit_block_0_attn_ctx__in1 ███▇▅▄▃▁▁▁▁▁▁▁▁▁▁▁▁▁▁▁▁▁▁▁▁▁▁▁▁▁▁▁▁▁▁▁▁▁
2026-09-19T03:51:52.871427094Z wandb: activation_bits/bit_block_0_attn_scores__in0 ██▆▆▆▅▅▄▂▂▁▁▁▁▁▁▁▁▁▁▁▁▁▁▁▁▁▁▁▁▁▁▁▁▁▁▁▁▁▁
2026-09-19T03:51:52.871430208Z wandb: activation_bits/bit_block_0_attn_scores__in1 ██▆▆▆▅▄▄▄▄▃▂▁▁▁▁▁▁▁▁▁▁▁▁▁▁▁▁▁▁▁▁▁▁▁▁▁▁▁▁
2026-09-19T03:51:52.871433188Z wandb:          activation_bits/bit_block_0_ffn_fc1 ██▇▆▆▄▃▃▃▂▂▁▁▁▁▁▁▁▁▁▁▁▁▁▁▁▁▁▁▁▁▁▁▁▁▁▁▁▁▁
2026-09-19T03:51:52.871436869Z wandb:          activation_bits/bit_block_0_ffn_fc2 ███▇▇▆▆▄▂▂▁▁▁▁▁▁▁▁▁▁▁▁▁▁▁▁▁▁▁▁▁▁▁▁▁▁▁▁▁▁
2026-09-19T03:51:52.871440289Z wandb:                                          +35 ...
2026-09-19T03:51:52.871443211Z wandb: 
2026-09-19T03:51:52.871446359Z wandb: Run summary:
2026-09-19T03:51:52.871449430Z wandb:          activation_bits/bit_block_0_attn_Wk 1
2026-09-19T03:51:52.871452285Z wandb:          activation_bits/bit_block_0_attn_Wo 1.03125
2026-09-19T03:51:52.871455242Z wandb:          activation_bits/bit_block_0_attn_Wq 1
2026-09-19T03:51:52.871458191Z wandb:          activation_bits/bit_block_0_attn_Wv 1
2026-09-19T03:51:52.871461164Z wandb:    activation_bits/bit_block_0_attn_ctx__in0 10
2026-09-19T03:51:52.871463967Z wandb:    activation_bits/bit_block_0_attn_ctx__in1 1
2026-09-19T03:51:52.871466757Z wandb: activation_bits/bit_block_0_attn_scores__in0 1
2026-09-19T03:51:52.871470126Z wandb: activation_bits/bit_block_0_attn_scores__in1 1
2026-09-19T03:51:52.871473062Z wandb:          activation_bits/bit_block_0_ffn_fc1 1
2026-09-19T03:51:52.871476653Z wandb:          activation_bits/bit_block_0_ffn_fc2 1
2026-09-19T03:51:52.871479888Z wandb:                                          +39 ...
2026-09-19T03:51:52.871482834Z wandb: 
2026-09-19T03:51:52.871573460Z wandb: 🚀 View run batch20260918-b01-s4 at: https://wandb.ai/kayamaguchi-uc-san-diego/BNJetTag-Batch20260917/runs/46c390b6c0e4
2026-09-19T03:51:52.871580145Z wandb: ⭐️ View project at: https://wandb.ai/kayamaguchi-uc-san-diego/BNJetTag-Batch20260917
2026-09-19T03:51:52.871605251Z wandb: Synced 5 W&B file(s), 0 media file(s), 80 artifact file(s) and 0 other file(s)
2026-09-19T03:51:52.871816524Z wandb: Find logs at: 
2026-09-19T03:51:54.840011125Z SCREENING_RUNG_PASS batch20260918-b01-s4 epochs=400
