2026-09-18T18:29:43.442962375Z /cmcode/hgq2.tar.gz: OK
2026-09-18T18:31:08.259943563Z WARNING: Running pip as the 'root' user can result in broken permissions and conflicting behaviour with the system package manager, possibly rendering your system unusable. It is recommended to use a virtual environment instead: https://pip.pypa.io/warnings/venv. Use the --root-user-action option if you know what you are doing and want to suppress this warning.
2026-09-18T18:31:08.549577368Z 
2026-09-18T18:31:08.549605988Z [notice] A new release of pip is available: 25.0.1 -> 26.2.1
2026-09-18T18:31:08.549608455Z [notice] To update, run: pip install --upgrade pip
2026-09-18T18:31:09.710162227Z {"project": "BNJetTag-Engram-Experimental", "entity": "kayamaguchi-uc-san-diego", "access": "PRIVATE", "anonymous_read": "denied", "url": "https://wandb.ai/kayamaguchi-uc-san-diego/BNJetTag-Engram-Experimental"}
2026-09-18T18:31:09.737509653Z NVIDIA L40, 46068 MiB
2026-09-18T18:31:09.984531270Z WARNING: All log messages before absl::InitializeLog() is called are written to STDERR
2026-09-18T18:31:09.984556304Z I0000 00:00:1789756269.984403      69 port.cc:153] oneDNN custom operations are on. You may see slightly different numerical results due to floating-point round-off errors from different computation orders. To turn them off, set the environment variable `TF_ENABLE_ONEDNN_OPTS=0`.
2026-09-18T18:31:10.029982095Z I0000 00:00:1789756270.029906      69 cpu_feature_guard.cc:227] This TensorFlow binary is optimized to use available CPU instructions in performance-critical operations.
2026-09-18T18:31:10.029989968Z To enable the following instructions: AVX2 AVX512F AVX512_VNNI AVX512_BF16 AVX512_FP16 AVX_VNNI AMX_TILE AMX_INT8 AMX_BF16 FMA, in other operations, rebuild TensorFlow with the appropriate compiler flags.
2026-09-18T18:31:11.491648290Z WARNING: All log messages before absl::InitializeLog() is called are written to STDERR
2026-09-18T18:31:11.491674109Z I0000 00:00:1789756271.491516      69 port.cc:153] oneDNN custom operations are on. You may see slightly different numerical results due to floating-point round-off errors from different computation orders. To turn them off, set the environment variable `TF_ENABLE_ONEDNN_OPTS=0`.
2026-09-18T18:31:12.474600192Z GPU_GATE_PASS
2026-09-18T18:31:13.295584207Z WARNING: All log messages before absl::InitializeLog() is called are written to STDERR
2026-09-18T18:31:13.295609548Z I0000 00:00:1789756273.295449      74 port.cc:153] oneDNN custom operations are on. You may see slightly different numerical results due to floating-point round-off errors from different computation orders. To turn them off, set the environment variable `TF_ENABLE_ONEDNN_OPTS=0`.
2026-09-18T18:31:14.482708211Z WARNING: All log messages before absl::InitializeLog() is called are written to STDERR
2026-09-18T18:31:14.482738032Z I0000 00:00:1789756274.482576      74 port.cc:153] oneDNN custom operations are on. You may see slightly different numerical results due to floating-point round-off errors from different computation orders. To turn them off, set the environment variable `TF_ENABLE_ONEDNN_OPTS=0`.
2026-09-18T18:31:30.235247151Z [train] engram-e00-s1 params=16875 resume_epoch=40 initial_ebops=4295496
2026-09-18T18:31:30.245468428Z wandb: [wandb.login()] Loaded credentials for https://api.wandb.ai from WANDB_API_KEY.
2026-09-18T18:31:31.212124376Z wandb: Resuming run engram-e00-s1
2026-09-18T18:31:31.212157228Z wandb: 🚀 View run at https://wandb.ai/kayamaguchi-uc-san-diego/BNJetTag-Engram-Experimental/runs/10dd9f63e913
2026-09-18T18:32:59.630929215Z [epoch 41/1000] EBOPs=2694325 target=350000 beta=1.91e-06 val_AUC=0.874090 val_accuracy=0.633121 seconds=65.6 checkpoint=epoch-0041
2026-09-18T18:34:11.246381566Z [epoch 42/1000] EBOPs=2670741 target=350000 beta=2.08e-06 val_AUC=0.873917 val_accuracy=0.633524 seconds=52.0 checkpoint=epoch-0042
2026-09-18T18:35:20.887239224Z [epoch 43/1000] EBOPs=2646657 target=350000 beta=2.28e-06 val_AUC=0.877645 val_accuracy=0.638218 seconds=52.6 checkpoint=epoch-0043
2026-09-18T18:36:22.416971349Z [epoch 44/1000] EBOPs=2623622 target=350000 beta=2.51e-06 val_AUC=0.880370 val_accuracy=0.646355 seconds=52.0 checkpoint=epoch-0044
2026-09-18T18:37:31.231322552Z [epoch 45/1000] EBOPs=2597158 target=350000 beta=2.75e-06 val_AUC=0.879500 val_accuracy=0.643992 seconds=52.1 checkpoint=epoch-0045
2026-09-18T18:38:42.484999174Z [epoch 46/1000] EBOPs=2566406 target=350000 beta=3.01e-06 val_AUC=0.880958 val_accuracy=0.644081 seconds=53.3 checkpoint=epoch-0046
2026-09-18T18:39:51.426285545Z [epoch 47/1000] EBOPs=2547691 target=350000 beta=3.28e-06 val_AUC=0.874217 val_accuracy=0.612298 seconds=51.8 checkpoint=epoch-0047
2026-09-18T18:41:14.125001857Z [epoch 48/1000] EBOPs=2534369 target=350000 beta=3.6e-06 val_AUC=0.881110 val_accuracy=0.644710 seconds=54.2 checkpoint=epoch-0048
2026-09-18T18:42:19.315006963Z [epoch 49/1000] EBOPs=2512870 target=350000 beta=3.95e-06 val_AUC=0.880836 val_accuracy=0.639742 seconds=52.5 checkpoint=epoch-0049
2026-09-18T18:43:32.865808965Z [epoch 50/1000] EBOPs=2490337 target=350000 beta=4.32e-06 val_AUC=0.878534 val_accuracy=0.639653 seconds=52.3 checkpoint=epoch-0050
2026-09-18T18:43:32.906662631Z wandb: Adding directory to artifact (/data/engram-study-20260918/runs/engram-e00-s1/checkpoints/epoch-0050)... Done. 0.0s
2026-09-18T18:43:37.111802930Z [wandb] artifact resume-engram-e00-s1:v1 committed (5 files)
2026-09-18T18:44:50.914702697Z [epoch 51/1000] EBOPs=2464476 target=350000 beta=4.73e-06 val_AUC=0.877579 val_accuracy=0.637371 seconds=53.4 checkpoint=epoch-0051
2026-09-18T18:45:53.518956172Z [epoch 52/1000] EBOPs=2442684 target=350000 beta=5.16e-06 val_AUC=0.876602 val_accuracy=0.639056 seconds=52.4 checkpoint=epoch-0052
2026-09-18T18:47:09.558749937Z [epoch 53/1000] EBOPs=2426268 target=350000 beta=5.63e-06 val_AUC=0.875505 val_accuracy=0.631403 seconds=53.0 checkpoint=epoch-0053
2026-09-18T18:48:26.991412183Z [epoch 54/1000] EBOPs=2409884 target=350000 beta=6.16e-06 val_AUC=0.868450 val_accuracy=0.617403 seconds=51.9 checkpoint=epoch-0054
2026-09-18T18:49:30.342104872Z [epoch 55/1000] EBOPs=2388365 target=350000 beta=6.74e-06 val_AUC=0.877213 val_accuracy=0.638387 seconds=51.9 checkpoint=epoch-0055
2026-09-18T18:50:39.072129359Z [epoch 56/1000] EBOPs=2366866 target=350000 beta=7.35e-06 val_AUC=0.872732 val_accuracy=0.626129 seconds=52.1 checkpoint=epoch-0056
2026-09-18T18:51:58.131271793Z [epoch 57/1000] EBOPs=2355602 target=350000 beta=8.02e-06 val_AUC=0.871983 val_accuracy=0.621250 seconds=51.8 checkpoint=epoch-0057
2026-09-18T18:53:11.994073192Z [epoch 58/1000] EBOPs=2337170 target=350000 beta=8.78e-06 val_AUC=0.871503 val_accuracy=0.621387 seconds=51.8 checkpoint=epoch-0058
2026-09-18T18:54:23.097498328Z [epoch 59/1000] EBOPs=2317458 target=350000 beta=9.58e-06 val_AUC=0.870991 val_accuracy=0.618000 seconds=52.0 checkpoint=epoch-0059
2026-09-18T18:55:34.386331835Z [epoch 60/1000] EBOPs=2305426 target=350000 beta=1.04e-05 val_AUC=0.870389 val_accuracy=0.619556 seconds=54.3 checkpoint=epoch-0060
2026-09-18T18:56:39.706867636Z [epoch 61/1000] EBOPs=2276488 target=350000 beta=1.14e-05 val_AUC=0.874089 val_accuracy=0.630387 seconds=51.8 checkpoint=epoch-0061
2026-09-18T18:57:48.314690306Z [epoch 62/1000] EBOPs=2269268 target=350000 beta=1.24e-05 val_AUC=0.875293 val_accuracy=0.632863 seconds=51.8 checkpoint=epoch-0062
2026-09-18T18:59:02.970072903Z [epoch 63/1000] EBOPs=2260938 target=350000 beta=1.35e-05 val_AUC=0.875006 val_accuracy=0.632831 seconds=52.2 checkpoint=epoch-0063
2026-09-18T19:00:10.057249659Z [epoch 64/1000] EBOPs=2062213 target=350000 beta=1.48e-05 val_AUC=0.873705 val_accuracy=0.627202 seconds=52.1 checkpoint=epoch-0064
2026-09-18T19:01:28.886022626Z [epoch 65/1000] EBOPs=1896704 target=350000 beta=1.48e-05 val_AUC=0.870290 val_accuracy=0.623218 seconds=52.2 checkpoint=epoch-0065
2026-09-18T19:02:38.005353391Z [epoch 66/1000] EBOPs=1846651 target=350000 beta=1.48e-05 val_AUC=0.872730 val_accuracy=0.625823 seconds=52.8 checkpoint=epoch-0066
2026-09-18T19:03:41.815276200Z [epoch 67/1000] EBOPs=1800204 target=350000 beta=1.56e-05 val_AUC=0.870203 val_accuracy=0.619919 seconds=52.4 checkpoint=epoch-0067
2026-09-18T19:04:47.666575201Z [epoch 68/1000] EBOPs=1771495 target=350000 beta=1.65e-05 val_AUC=0.870404 val_accuracy=0.621815 seconds=51.9 checkpoint=epoch-0068
2026-09-18T19:05:50.982450065Z [epoch 69/1000] EBOPs=1738589 target=350000 beta=1.76e-05 val_AUC=0.865733 val_accuracy=0.615073 seconds=51.9 checkpoint=epoch-0069
2026-09-18T19:07:01.044614876Z [epoch 70/1000] EBOPs=1713400 target=350000 beta=1.88e-05 val_AUC=0.868061 val_accuracy=0.618113 seconds=51.6 checkpoint=epoch-0070
2026-09-18T19:08:19.329277130Z [epoch 71/1000] EBOPs=1694394 target=350000 beta=2e-05 val_AUC=0.865347 val_accuracy=0.612524 seconds=51.9 checkpoint=epoch-0071
2026-09-18T19:09:20.488065044Z [epoch 72/1000] EBOPs=1667194 target=350000 beta=2.14e-05 val_AUC=0.865848 val_accuracy=0.611403 seconds=51.8 checkpoint=epoch-0072
2026-09-18T19:10:24.305237111Z [epoch 73/1000] EBOPs=1650000 target=350000 beta=2.28e-05 val_AUC=0.866379 val_accuracy=0.614653 seconds=52.0 checkpoint=epoch-0073
2026-09-18T19:11:27.736509669Z [epoch 74/1000] EBOPs=1629936 target=350000 beta=2.44e-05 val_AUC=0.866513 val_accuracy=0.616153 seconds=51.8 checkpoint=epoch-0074
2026-09-18T19:12:58.811983628Z [epoch 75/1000] EBOPs=1609879 target=350000 beta=2.6e-05 val_AUC=0.861102 val_accuracy=0.604927 seconds=52.0 checkpoint=epoch-0075
2026-09-18T19:12:58.838175032Z wandb: Adding directory to artifact (/data/engram-study-20260918/runs/engram-e00-s1/checkpoints/epoch-0075)... Done. 0.0s
2026-09-18T19:13:02.468408113Z [wandb] artifact resume-engram-e00-s1:v2 committed (5 files)
2026-09-18T19:14:09.089947482Z [epoch 76/1000] EBOPs=1596540 target=350000 beta=2.77e-05 val_AUC=0.860291 val_accuracy=0.601637 seconds=52.1 checkpoint=epoch-0076
2026-09-18T19:15:13.862679246Z [epoch 77/1000] EBOPs=1572407 target=350000 beta=2.97e-05 val_AUC=0.862794 val_accuracy=0.609097 seconds=52.1 checkpoint=epoch-0077
2026-09-18T19:16:25.394632650Z [epoch 78/1000] EBOPs=1551122 target=350000 beta=3.15e-05 val_AUC=0.854483 val_accuracy=0.591202 seconds=52.0 checkpoint=epoch-0078
2026-09-18T19:17:28.673478880Z [epoch 79/1000] EBOPs=1524759 target=350000 beta=3.35e-05 val_AUC=0.857360 val_accuracy=0.598831 seconds=51.9 checkpoint=epoch-0079
2026-09-18T19:18:37.641921219Z [epoch 80/1000] EBOPs=1505298 target=350000 beta=3.54e-05 val_AUC=0.850633 val_accuracy=0.583589 seconds=51.8 checkpoint=epoch-0080
2026-09-18T19:19:44.664439207Z [epoch 81/1000] EBOPs=1486610 target=350000 beta=3.76e-05 val_AUC=0.852484 val_accuracy=0.588040 seconds=52.1 checkpoint=epoch-0081
2026-09-18T19:20:49.065938916Z [epoch 82/1000] EBOPs=1473992 target=350000 beta=3.99e-05 val_AUC=0.851923 val_accuracy=0.585637 seconds=51.9 checkpoint=epoch-0082
2026-09-18T19:21:53.364956124Z [epoch 83/1000] EBOPs=1455267 target=350000 beta=4.25e-05 val_AUC=0.851462 val_accuracy=0.587637 seconds=51.8 checkpoint=epoch-0083
2026-09-18T19:23:01.032702259Z [epoch 84/1000] EBOPs=1435267 target=350000 beta=4.51e-05 val_AUC=0.848043 val_accuracy=0.579798 seconds=51.9 checkpoint=epoch-0084
2026-09-18T19:24:12.189058458Z [epoch 85/1000] EBOPs=1422174 target=350000 beta=4.77e-05 val_AUC=0.846460 val_accuracy=0.578935 seconds=51.8 checkpoint=epoch-0085
2026-09-18T19:25:32.010072783Z [epoch 86/1000] EBOPs=1407779 target=350000 beta=5.07e-05 val_AUC=0.847875 val_accuracy=0.577855 seconds=51.8 checkpoint=epoch-0086
2026-09-18T19:26:41.481142006Z [epoch 87/1000] EBOPs=1393374 target=350000 beta=5.38e-05 val_AUC=0.844964 val_accuracy=0.573613 seconds=52.0 checkpoint=epoch-0087
2026-09-18T19:27:48.995729275Z [epoch 88/1000] EBOPs=1378228 target=350000 beta=5.71e-05 val_AUC=0.834946 val_accuracy=0.553645 seconds=51.9 checkpoint=epoch-0088
2026-09-18T19:28:55.191307002Z [epoch 89/1000] EBOPs=1359717 target=350000 beta=6.05e-05 val_AUC=0.841734 val_accuracy=0.567403 seconds=52.0 checkpoint=epoch-0089
2026-09-18T19:29:59.742920333Z [epoch 90/1000] EBOPs=1344219 target=350000 beta=6.38e-05 val_AUC=0.843608 val_accuracy=0.572016 seconds=52.0 checkpoint=epoch-0090
2026-09-18T19:31:09.207238009Z [epoch 91/1000] EBOPs=1162791 target=350000 beta=6.75e-05 val_AUC=0.823369 val_accuracy=0.534040 seconds=52.7 checkpoint=epoch-0091
2026-09-18T19:32:19.565963491Z [epoch 92/1000] EBOPs=1073068 target=350000 beta=6.2e-05 val_AUC=0.827132 val_accuracy=0.541129 seconds=51.9 checkpoint=epoch-0092
2026-09-18T19:33:23.262901484Z [epoch 93/1000] EBOPs=1023197 target=350000 beta=6.05e-05 val_AUC=0.830364 val_accuracy=0.550331 seconds=52.0 checkpoint=epoch-0093
2026-09-18T19:34:32.326315252Z [epoch 94/1000] EBOPs=991859 target=350000 beta=6.09e-05 val_AUC=0.826997 val_accuracy=0.547113 seconds=51.7 checkpoint=epoch-0094
2026-09-18T19:35:34.524949051Z [epoch 95/1000] EBOPs=947017 target=350000 beta=6.22e-05 val_AUC=0.823407 val_accuracy=0.544266 seconds=52.0 checkpoint=epoch-0095
2026-09-18T19:36:42.955074172Z [epoch 96/1000] EBOPs=927162 target=350000 beta=6.24e-05 val_AUC=0.814814 val_accuracy=0.526774 seconds=51.8 checkpoint=epoch-0096
2026-09-18T19:37:45.596756504Z [epoch 97/1000] EBOPs=901168 target=350000 beta=6.41e-05 val_AUC=0.810938 val_accuracy=0.510210 seconds=51.9 checkpoint=epoch-0097
2026-09-18T19:38:48.119303128Z [epoch 98/1000] EBOPs=883115 target=350000 beta=6.54e-05 val_AUC=0.796676 val_accuracy=0.487653 seconds=51.7 checkpoint=epoch-0098
2026-09-18T19:39:51.592054464Z [epoch 99/1000] EBOPs=865862 target=350000 beta=6.71e-05 val_AUC=0.806215 val_accuracy=0.504798 seconds=51.7 checkpoint=epoch-0099
2026-09-18T19:41:00.018121820Z [epoch 100/1000] EBOPs=849916 target=350000 beta=6.88e-05 val_AUC=0.799996 val_accuracy=0.497782 seconds=52.2 checkpoint=epoch-0100
2026-09-18T19:41:00.071775478Z wandb: Adding directory to artifact (/data/engram-study-20260918/runs/engram-e00-s1/checkpoints/epoch-0100)... Done. 0.1s
2026-09-18T19:41:04.020353248Z [wandb] artifact resume-engram-e00-s1:v3 committed (5 files)
2026-09-18T19:41:04.123052603Z wandb: updating run metadata
2026-09-18T19:41:04.524197260Z wandb: uploading output.log; uploading wandb-summary.json; uploading config.yaml
2026-09-18T19:41:04.874349086Z wandb: 🚀 View run engram-e00-s1 at: https://wandb.ai/kayamaguchi-uc-san-diego/BNJetTag-Engram-Experimental/runs/10dd9f63e913
2026-09-18T19:41:04.874370718Z wandb: ⭐️ View project at: https://wandb.ai/kayamaguchi-uc-san-diego/BNJetTag-Engram-Experimental
2026-09-18T19:41:04.874373318Z wandb: Synced 5 W&B file(s), 0 media file(s), 16 artifact file(s) and 0 other file(s)
2026-09-18T19:41:16.515052513Z Traceback (most recent call last):
2026-09-18T19:41:16.515223338Z   File "/work/code/run_engram.py", line 464, in <module>
2026-09-18T19:41:16.515225543Z     main()
2026-09-18T19:41:16.515258567Z   File "/work/code/run_engram.py", line 454, in main
2026-09-18T19:41:16.515280330Z     train(args)
2026-09-18T19:41:16.515287850Z   File "/work/code/run_engram.py", line 275, in train
2026-09-18T19:41:16.515289872Z     np.testing.assert_allclose([auc, accuracy],
2026-09-18T19:41:16.515292252Z   File "/usr/local/lib/python3.12/site-packages/numpy/testing/_private/utils.py", line 1780, in assert_allclose
2026-09-18T19:41:16.515295629Z     assert_array_compare(compare, actual, desired, err_msg=str(err_msg),
2026-09-18T19:41:16.515301790Z   File "/usr/local/lib/python3.12/site-packages/numpy/testing/_private/utils.py", line 988, in assert_array_compare
2026-09-18T19:41:16.515314825Z     raise AssertionError(msg)
2026-09-18T19:41:16.515342550Z AssertionError: 
2026-09-18T19:41:16.515344101Z Not equal to tolerance rtol=0, atol=1e-07
2026-09-18T19:41:16.515345325Z 
2026-09-18T19:41:16.515346593Z Mismatched elements: 2 / 2 (100%)
2026-09-18T19:41:16.515348205Z Mismatch at indices:
2026-09-18T19:41:16.515349523Z  [0]: 0.7999615043262687 (ACTUAL), 0.7999962423208755 (DESIRED)
2026-09-18T19:41:16.515350787Z  [1]: 0.4976048387096774 (ACTUAL), 0.49778225806451615 (DESIRED)
2026-09-18T19:41:16.515351921Z Max absolute difference among violations: 0.00017742
2026-09-18T19:41:16.515353232Z Max relative difference among violations: 0.00035642
2026-09-18T19:41:16.515354387Z  ACTUAL: array([0.799962, 0.497605])
2026-09-18T19:41:16.515355647Z  DESIRED: array([0.799996, 0.497782])
