2026-09-20T04:40:05.845598521Z I0000 00:00:1789879205.845485     156 dump_mlir_util.cc:269] disabling MLIR crash reproducer, set env var `MLIR_CRASH_REPRODUCER_DIRECTORY` to enable.
2026-09-20T04:40:06.036487281Z I0000 00:00:1789879206.036251     156 cuda_dnn.cc:461] Loaded cuDNN version 92600
2026-09-20T04:40:06.134393812Z I0000 00:00:1789879206.134311     156 dot_search_space.cc:240] All configs were filtered out because none of them sufficiently match the hints. Maybe the hints set does not contain a good representative set of valid configs? Working around this by using the full hints set instead.
2026-09-20T04:40:09.767834361Z I0000 00:00:1789879209.767670     156 device_compiler.h:208] Compiled cluster using XLA!  This line is logged at most once for the lifetime of the process.
2026-09-20T04:40:12.619271758Z I0000 00:00:1789879212.619128     155 dot_search_space.cc:240] All configs were filtered out because none of them sufficiently match the hints. Maybe the hints set does not contain a good representative set of valid configs? Working around this by using the full hints set instead.
2026-09-20T04:40:13.436489197Z I0000 00:00:1789879213.436337     155 dot_search_space.cc:240] All configs were filtered out because none of them sufficiently match the hints. Maybe the hints set does not contain a good representative set of valid configs? Working around this by using the full hints set instead.
2026-09-20T04:40:21.182878929Z [train] ebops-n8-20260912-ablation-r6-distill-w1a8 params=18657 resume_epoch=898 initial_ebops=1739182
2026-09-20T04:40:21.484385462Z wandb: Currently logged in as: kayamaguchi (kayamaguchi-uc-san-diego) to https://api.wandb.ai. Use `wandb login --relogin` to force relogin
2026-09-20T04:40:22.493454356Z wandb: Tracking run with wandb version 0.28.0
2026-09-20T04:40:22.493548987Z wandb: Run data is saved locally in /wandb/run-20260920_044021-b01b23c8027b
2026-09-20T04:40:22.493552678Z wandb: Run `wandb offline` to turn off syncing.
2026-09-20T04:40:22.493602759Z wandb: Resuming run ebops-n8-20260912-ablation-r6-distill-w1a8-s1
2026-09-20T04:40:22.493662094Z wandb: ⭐️ View project at https://wandb.ai/kayamaguchi-uc-san-diego/BNJetTag-EBOPs-N8
2026-09-20T04:40:22.493699149Z wandb: 🚀 View run at https://wandb.ai/kayamaguchi-uc-san-diego/BNJetTag-EBOPs-N8/runs/b01b23c8027b
2026-09-20T04:41:27.138722736Z [epoch 899/1000] EBOPs=332142 target=350000 beta=2.76e-06 AUC=0.809963 seconds=63.1 checkpoint=epoch-0899
2026-09-20T04:42:18.901550028Z [epoch 900/1000] EBOPs=348526 target=350000 beta=2.46e-06 AUC=0.834734 seconds=50.2 checkpoint=epoch-0900
2026-09-20T04:42:18.929190103Z wandb: Adding directory to artifact (/data/ebops-n8-20260912-ablation/runs/r6-distill/checkpoints/epoch-0900)... Done. 0.0s
2026-09-20T04:42:23.088701833Z [wandb] artifact resume-ebops-n8-20260912-ablation-r6-distill-w1a8:v35 committed (6 files)
2026-09-20T04:43:14.474895948Z [epoch 901/1000] EBOPs=381294 target=350000 beta=2.58e-06 AUC=0.809271 seconds=50.2 checkpoint=epoch-0901
2026-09-20T04:44:05.696094806Z [epoch 902/1000] EBOPs=358766 target=350000 beta=2.84e-06 AUC=0.838608 seconds=50.1 checkpoint=epoch-0902
2026-09-20T04:44:56.945944482Z [epoch 903/1000] EBOPs=348526 target=350000 beta=2.67e-06 AUC=0.841711 seconds=50.0 checkpoint=epoch-0903
2026-09-20T04:45:48.178717474Z [epoch 904/1000] EBOPs=338286 target=350000 beta=2.6e-06 AUC=0.834483 seconds=50.1 checkpoint=epoch-0904
2026-09-20T04:46:39.519107545Z [epoch 905/1000] EBOPs=352622 target=350000 beta=2.52e-06 AUC=0.820172 seconds=50.2 checkpoint=epoch-0905
2026-09-20T04:47:30.857216474Z [epoch 906/1000] EBOPs=323950 target=350000 beta=2.62e-06 AUC=0.833960 seconds=50.1 checkpoint=epoch-0906
2026-09-20T04:48:22.504786996Z [epoch 907/1000] EBOPs=323950 target=350000 beta=2.4e-06 AUC=0.828855 seconds=50.1 checkpoint=epoch-0907
2026-09-20T04:49:13.985532897Z [epoch 908/1000] EBOPs=348366 target=350000 beta=2.39e-06 AUC=0.830277 seconds=50.2 checkpoint=epoch-0908
2026-09-20T04:50:05.318713578Z [epoch 909/1000] EBOPs=340334 target=350000 beta=2.57e-06 AUC=0.837032 seconds=50.1 checkpoint=epoch-0909
2026-09-20T04:50:56.607675177Z [epoch 910/1000] EBOPs=332142 target=350000 beta=2.51e-06 AUC=0.840481 seconds=50.2 checkpoint=epoch-0910
2026-09-20T04:51:48.076336979Z [epoch 911/1000] EBOPs=348366 target=350000 beta=2.44e-06 AUC=0.780859 seconds=50.2 checkpoint=epoch-0911
2026-09-20T04:52:39.689688584Z [epoch 912/1000] EBOPs=393582 target=350000 beta=2.56e-06 AUC=0.843426 seconds=50.1 checkpoint=epoch-0912
2026-09-20T04:53:31.313263952Z [epoch 913/1000] EBOPs=319854 target=350000 beta=2.91e-06 AUC=0.827891 seconds=50.4 checkpoint=epoch-0913
2026-09-20T04:54:22.589480680Z [epoch 914/1000] EBOPs=330094 target=350000 beta=2.35e-06 AUC=0.828365 seconds=50.1 checkpoint=epoch-0914
2026-09-20T04:55:13.946094872Z [epoch 915/1000] EBOPs=385390 target=350000 beta=2.42e-06 AUC=0.821082 seconds=50.2 checkpoint=epoch-0915
2026-09-20T04:56:05.602548901Z [epoch 916/1000] EBOPs=348526 target=350000 beta=2.84e-06 AUC=0.824513 seconds=50.1 checkpoint=epoch-0916
2026-09-20T04:56:57.712872471Z [epoch 917/1000] EBOPs=348526 target=350000 beta=2.57e-06 AUC=0.842094 seconds=50.8 checkpoint=epoch-0917
2026-09-20T04:57:49.100391575Z [epoch 918/1000] EBOPs=328046 target=350000 beta=2.57e-06 AUC=0.808349 seconds=50.1 checkpoint=epoch-0918
2026-09-20T04:58:40.536140296Z [epoch 919/1000] EBOPs=332142 target=350000 beta=2.41e-06 AUC=0.802190 seconds=50.2 checkpoint=epoch-0919
2026-09-20T04:59:31.915022634Z [epoch 920/1000] EBOPs=352622 target=350000 beta=2.43e-06 AUC=0.842094 seconds=50.2 checkpoint=epoch-0920
2026-09-20T05:00:23.109864302Z [epoch 921/1000] EBOPs=334190 target=350000 beta=2.59e-06 AUC=0.826131 seconds=50.1 checkpoint=epoch-0921
2026-09-20T05:01:14.981691194Z [epoch 922/1000] EBOPs=332142 target=350000 beta=2.44e-06 AUC=0.829506 seconds=50.7 checkpoint=epoch-0922
2026-09-20T05:02:06.353738502Z [epoch 923/1000] EBOPs=340334 target=350000 beta=2.42e-06 AUC=0.830819 seconds=50.1 checkpoint=epoch-0923
2026-09-20T05:02:57.642592752Z [epoch 924/1000] EBOPs=336238 target=350000 beta=2.48e-06 AUC=0.804813 seconds=50.1 checkpoint=epoch-0924
2026-09-20T05:03:48.876126203Z [epoch 925/1000] EBOPs=319854 target=350000 beta=2.44e-06 AUC=0.830753 seconds=50.1 checkpoint=epoch-0925
2026-09-20T05:03:48.902623703Z wandb: Adding directory to artifact (/data/ebops-n8-20260912-ablation/runs/r6-distill/checkpoints/epoch-0925)... Done. 0.0s
2026-09-20T05:03:53.014504212Z [wandb] artifact resume-ebops-n8-20260912-ablation-r6-distill-w1a8:v36 committed (6 files)
2026-09-20T05:04:44.256170768Z [epoch 926/1000] EBOPs=401774 target=350000 beta=2.32e-06 AUC=0.828495 seconds=50.1 checkpoint=epoch-0926
2026-09-20T05:05:35.548376604Z [epoch 927/1000] EBOPs=315758 target=350000 beta=2.93e-06 AUC=0.790541 seconds=50.1 checkpoint=epoch-0927
2026-09-20T05:06:26.781682297Z [epoch 928/1000] EBOPs=348526 target=350000 beta=2.29e-06 AUC=0.835362 seconds=50.1 checkpoint=epoch-0928
2026-09-20T05:07:18.210979481Z [epoch 929/1000] EBOPs=348526 target=350000 beta=2.53e-06 AUC=0.818623 seconds=50.2 checkpoint=epoch-0929
2026-09-20T05:08:09.681898902Z [epoch 930/1000] EBOPs=344430 target=350000 beta=2.53e-06 AUC=0.839485 seconds=50.2 checkpoint=epoch-0930
2026-09-20T05:09:01.099346276Z [epoch 931/1000] EBOPs=331982 target=350000 beta=2.49e-06 AUC=0.830784 seconds=50.2 checkpoint=epoch-0931
2026-09-20T05:09:52.422035073Z [epoch 932/1000] EBOPs=340334 target=350000 beta=2.4e-06 AUC=0.834583 seconds=50.1 checkpoint=epoch-0932
2026-09-20T05:10:43.679644873Z [epoch 933/1000] EBOPs=311662 target=350000 beta=2.45e-06 AUC=0.820714 seconds=50.1 checkpoint=epoch-0933
2026-09-20T05:11:35.155717390Z [epoch 934/1000] EBOPs=354670 target=350000 beta=2.23e-06 AUC=0.818324 seconds=50.1 checkpoint=epoch-0934
2026-09-20T05:12:26.864405535Z [epoch 935/1000] EBOPs=340334 target=350000 beta=2.55e-06 AUC=0.762472 seconds=50.1 checkpoint=epoch-0935
2026-09-20T05:13:19.449135539Z [epoch 936/1000] EBOPs=344430 target=350000 beta=2.44e-06 AUC=0.834899 seconds=50.0 checkpoint=epoch-0936
2026-09-20T05:14:10.747778258Z [epoch 937/1000] EBOPs=344430 target=350000 beta=2.47e-06 AUC=0.840890 seconds=50.1 checkpoint=epoch-0937
2026-09-20T05:15:02.997676326Z [epoch 938/1000] EBOPs=340334 target=350000 beta=2.46e-06 AUC=0.767205 seconds=51.1 checkpoint=epoch-0938
2026-09-20T05:15:54.678394107Z [epoch 939/1000] EBOPs=344430 target=350000 beta=2.43e-06 AUC=0.840520 seconds=50.1 checkpoint=epoch-0939
2026-09-20T05:16:46.854500683Z [epoch 940/1000] EBOPs=348526 target=350000 beta=2.46e-06 AUC=0.839634 seconds=50.9 checkpoint=epoch-0940
2026-09-20T05:17:38.501571343Z [epoch 941/1000] EBOPs=328046 target=350000 beta=2.49e-06 AUC=0.836590 seconds=50.1 checkpoint=epoch-0941
2026-09-20T05:18:29.742560651Z [epoch 942/1000] EBOPs=369006 target=350000 beta=2.33e-06 AUC=0.832485 seconds=50.1 checkpoint=epoch-0942
2026-09-20T05:19:21.173227600Z [epoch 943/1000] EBOPs=387438 target=350000 beta=2.63e-06 AUC=0.811406 seconds=50.2 checkpoint=epoch-0943
2026-09-20T05:20:12.512127232Z [epoch 944/1000] EBOPs=323950 target=350000 beta=2.78e-06 AUC=0.779481 seconds=50.1 checkpoint=epoch-0944
2026-09-20T05:21:03.890041688Z [epoch 945/1000] EBOPs=348526 target=350000 beta=2.31e-06 AUC=0.811481 seconds=50.1 checkpoint=epoch-0945
2026-09-20T05:21:55.445172614Z [epoch 946/1000] EBOPs=344430 target=350000 beta=2.49e-06 AUC=0.821045 seconds=50.1 checkpoint=epoch-0946
2026-09-20T05:22:46.845430000Z [epoch 947/1000] EBOPs=348526 target=350000 beta=2.46e-06 AUC=0.810667 seconds=50.2 checkpoint=epoch-0947
2026-09-20T05:23:38.044721190Z [epoch 948/1000] EBOPs=321902 target=350000 beta=2.49e-06 AUC=0.818770 seconds=50.1 checkpoint=epoch-0948
2026-09-20T05:24:29.291627044Z [epoch 949/1000] EBOPs=383342 target=350000 beta=2.29e-06 AUC=0.834189 seconds=50.0 checkpoint=epoch-0949
2026-09-20T05:25:20.756862918Z [epoch 950/1000] EBOPs=373102 target=350000 beta=2.74e-06 AUC=0.808225 seconds=50.2 checkpoint=epoch-0950
2026-09-20T05:25:20.783622015Z wandb: Adding directory to artifact (/data/ebops-n8-20260912-ablation/runs/r6-distill/checkpoints/epoch-0950)... Done. 0.0s
2026-09-20T05:25:24.861894860Z [wandb] artifact resume-ebops-n8-20260912-ablation-r6-distill-w1a8:v37 committed (6 files)
2026-09-20T05:26:16.168210505Z [epoch 951/1000] EBOPs=369006 target=350000 beta=2.67e-06 AUC=0.839310 seconds=50.2 checkpoint=epoch-0951
2026-09-20T05:27:07.371772765Z [epoch 952/1000] EBOPs=332142 target=350000 beta=2.65e-06 AUC=0.834972 seconds=50.1 checkpoint=epoch-0952
2026-09-20T05:28:00.848330114Z [epoch 953/1000] EBOPs=356718 target=350000 beta=2.38e-06 AUC=0.811362 seconds=50.1 checkpoint=epoch-0953
2026-09-20T05:28:52.226080903Z [epoch 954/1000] EBOPs=323790 target=350000 beta=2.56e-06 AUC=0.823828 seconds=50.1 checkpoint=epoch-0954
2026-09-20T05:29:43.515052745Z [epoch 955/1000] EBOPs=348526 target=350000 beta=2.31e-06 AUC=0.823243 seconds=50.1 checkpoint=epoch-0955
2026-09-20T05:30:34.975585869Z [epoch 956/1000] EBOPs=340334 target=350000 beta=2.49e-06 AUC=0.829111 seconds=50.1 checkpoint=epoch-0956
2026-09-20T05:31:26.548953826Z [epoch 957/1000] EBOPs=364910 target=350000 beta=2.43e-06 AUC=0.792840 seconds=50.3 checkpoint=epoch-0957
2026-09-20T05:32:18.011263020Z [epoch 958/1000] EBOPs=323950 target=350000 beta=2.61e-06 AUC=0.834981 seconds=50.1 checkpoint=epoch-0958
2026-09-20T05:33:09.516120808Z [epoch 959/1000] EBOPs=325230 target=350000 beta=2.3e-06 AUC=0.816482 seconds=50.2 checkpoint=epoch-0959
2026-09-20T05:34:01.075579016Z [epoch 960/1000] EBOPs=352622 target=350000 beta=2.3e-06 AUC=0.834077 seconds=50.1 checkpoint=epoch-0960
2026-09-20T05:34:52.658692390Z [epoch 961/1000] EBOPs=325998 target=350000 beta=2.5e-06 AUC=0.825761 seconds=50.1 checkpoint=epoch-0961
2026-09-20T05:35:44.132112353Z [epoch 962/1000] EBOPs=364910 target=350000 beta=2.3e-06 AUC=0.837841 seconds=50.0 checkpoint=epoch-0962
2026-09-20T05:36:35.467554400Z [epoch 963/1000] EBOPs=319854 target=350000 beta=2.58e-06 AUC=0.829323 seconds=50.2 checkpoint=epoch-0963
2026-09-20T05:37:27.066053514Z [epoch 964/1000] EBOPs=336238 target=350000 beta=2.25e-06 AUC=0.774326 seconds=50.2 checkpoint=epoch-0964
2026-09-20T05:38:18.572305410Z [epoch 965/1000] EBOPs=348526 target=350000 beta=2.36e-06 AUC=0.839008 seconds=50.1 checkpoint=epoch-0965
2026-09-20T05:39:09.888806455Z [epoch 966/1000] EBOPs=340334 target=350000 beta=2.45e-06 AUC=0.825314 seconds=50.1 checkpoint=epoch-0966
2026-09-20T05:40:01.140423274Z [epoch 967/1000] EBOPs=315758 target=350000 beta=2.39e-06 AUC=0.828239 seconds=50.1 checkpoint=epoch-0967
2026-09-20T05:40:52.440942884Z [epoch 968/1000] EBOPs=352622 target=350000 beta=2.21e-06 AUC=0.836504 seconds=50.1 checkpoint=epoch-0968
2026-09-20T05:41:43.579603467Z [epoch 969/1000] EBOPs=371054 target=350000 beta=2.46e-06 AUC=0.832890 seconds=50.0 checkpoint=epoch-0969
2026-09-20T05:42:34.910835409Z [epoch 970/1000] EBOPs=344430 target=350000 beta=2.6e-06 AUC=0.831517 seconds=50.1 checkpoint=epoch-0970
2026-09-20T05:43:26.509005117Z [epoch 971/1000] EBOPs=360814 target=350000 beta=2.41e-06 AUC=0.833089 seconds=50.4 checkpoint=epoch-0971
2026-09-20T05:44:17.957887542Z [epoch 972/1000] EBOPs=323950 target=350000 beta=2.53e-06 AUC=0.770378 seconds=50.2 checkpoint=epoch-0972
2026-09-20T05:45:09.190199418Z [epoch 973/1000] EBOPs=356718 target=350000 beta=2.26e-06 AUC=0.843094 seconds=50.1 checkpoint=epoch-0973
2026-09-20T05:46:00.557506581Z [epoch 974/1000] EBOPs=352622 target=350000 beta=2.49e-06 AUC=0.832586 seconds=50.1 checkpoint=epoch-0974
2026-09-20T05:46:51.697792115Z [epoch 975/1000] EBOPs=393582 target=350000 beta=2.47e-06 AUC=0.826812 seconds=50.1 checkpoint=epoch-0975
2026-09-20T05:46:51.724448849Z wandb: Adding directory to artifact (/data/ebops-n8-20260912-ablation/runs/r6-distill/checkpoints/epoch-0975)... Done. 0.0s
2026-09-20T05:46:55.290718100Z [wandb] artifact resume-ebops-n8-20260912-ablation-r6-distill-w1a8:v38 committed (6 files)
2026-09-20T05:47:46.546711344Z [epoch 976/1000] EBOPs=323950 target=350000 beta=2.77e-06 AUC=0.834918 seconds=50.1 checkpoint=epoch-0976
2026-09-20T05:48:37.734235383Z [epoch 977/1000] EBOPs=360814 target=350000 beta=2.27e-06 AUC=0.841494 seconds=50.1 checkpoint=epoch-0977
2026-09-20T05:49:29.330014971Z [epoch 978/1000] EBOPs=360814 target=350000 beta=2.53e-06 AUC=0.819975 seconds=50.2 checkpoint=epoch-0978
2026-09-20T05:50:20.757051400Z [epoch 979/1000] EBOPs=332142 target=350000 beta=2.54e-06 AUC=0.802515 seconds=50.3 checkpoint=epoch-0979
2026-09-20T05:51:12.439925876Z [epoch 980/1000] EBOPs=332142 target=350000 beta=2.33e-06 AUC=0.834735 seconds=50.5 checkpoint=epoch-0980
2026-09-20T05:52:03.717124122Z [epoch 981/1000] EBOPs=348526 target=350000 beta=2.32e-06 AUC=0.759066 seconds=50.2 checkpoint=epoch-0981
2026-09-20T05:52:54.993939124Z [epoch 982/1000] EBOPs=340334 target=350000 beta=2.44e-06 AUC=0.833084 seconds=50.2 checkpoint=epoch-0982
2026-09-20T05:53:46.389623099Z [epoch 983/1000] EBOPs=358766 target=350000 beta=2.38e-06 AUC=0.841413 seconds=50.2 checkpoint=epoch-0983
2026-09-20T05:54:38.120931197Z [epoch 984/1000] EBOPs=355950 target=350000 beta=2.51e-06 AUC=0.814936 seconds=50.3 checkpoint=epoch-0984
2026-09-20T05:55:29.589270497Z [epoch 985/1000] EBOPs=381294 target=350000 beta=2.49e-06 AUC=0.836491 seconds=50.2 checkpoint=epoch-0985
2026-09-20T05:56:20.896782955Z [epoch 986/1000] EBOPs=323950 target=350000 beta=2.68e-06 AUC=0.839170 seconds=50.1 checkpoint=epoch-0986
2026-09-20T05:57:12.210813055Z [epoch 987/1000] EBOPs=338286 target=350000 beta=2.27e-06 AUC=0.832037 seconds=50.1 checkpoint=epoch-0987
2026-09-20T05:58:03.494715392Z [epoch 988/1000] EBOPs=325230 target=350000 beta=2.36e-06 AUC=0.824791 seconds=50.1 checkpoint=epoch-0988
2026-09-20T05:58:55.020978187Z [epoch 989/1000] EBOPs=352462 target=350000 beta=2.26e-06 AUC=0.799391 seconds=50.2 checkpoint=epoch-0989
2026-09-20T05:59:46.384638706Z [epoch 990/1000] EBOPs=319854 target=350000 beta=2.46e-06 AUC=0.832077 seconds=50.1 checkpoint=epoch-0990
2026-09-20T06:00:37.698004575Z [epoch 991/1000] EBOPs=414062 target=350000 beta=2.22e-06 AUC=0.817267 seconds=50.2 checkpoint=epoch-0991
2026-09-20T06:01:28.989851333Z [epoch 992/1000] EBOPs=360654 target=350000 beta=2.9e-06 AUC=0.835459 seconds=50.1 checkpoint=epoch-0992
2026-09-20T06:02:21.235997113Z [epoch 993/1000] EBOPs=356718 target=350000 beta=2.53e-06 AUC=0.835045 seconds=51.0 checkpoint=epoch-0993
2026-09-20T06:03:12.678775596Z [epoch 994/1000] EBOPs=364910 target=350000 beta=2.5e-06 AUC=0.832571 seconds=50.3 checkpoint=epoch-0994
2026-09-20T06:04:04.208661435Z [epoch 995/1000] EBOPs=317806 target=350000 beta=2.56e-06 AUC=0.832807 seconds=50.3 checkpoint=epoch-0995
2026-09-20T06:04:55.788317101Z [epoch 996/1000] EBOPs=299374 target=350000 beta=2.22e-06 AUC=0.802075 seconds=50.1 checkpoint=epoch-0996
2026-09-20T06:05:49.075350589Z [epoch 997/1000] EBOPs=348526 target=350000 beta=2.08e-06 AUC=0.834722 seconds=51.8 checkpoint=epoch-0997
2026-09-20T06:06:42.127577887Z [epoch 998/1000] EBOPs=328046 target=350000 beta=2.42e-06 AUC=0.786399 seconds=51.8 checkpoint=epoch-0998
2026-09-20T06:07:35.586561436Z [epoch 999/1000] EBOPs=344430 target=350000 beta=2.27e-06 AUC=0.839648 seconds=52.3 checkpoint=epoch-0999
2026-09-20T06:08:27.648930057Z [epoch 1000/1000] EBOPs=344430 target=350000 beta=2.38e-06 AUC=0.844425 seconds=50.9 checkpoint=epoch-1000
2026-09-20T06:08:27.675705840Z wandb: Adding directory to artifact (/data/ebops-n8-20260912-ablation/runs/r6-distill/checkpoints/epoch-1000)... Done. 0.0s
2026-09-20T06:08:31.332004968Z [wandb] artifact resume-ebops-n8-20260912-ablation-r6-distill-w1a8:v39 committed (6 files)
2026-09-20T06:08:36.397190508Z [wandb] artifact model-ebops-n8-20260912-ablation-r6-distill-w1a8-s1:v0 committed (9 files)
2026-09-20T06:08:36.499691362Z wandb: updating run metadata
2026-09-20T06:08:36.900882457Z wandb: uploading output.log; uploading wandb-summary.json; uploading config.yaml
2026-09-20T06:08:37.227362029Z wandb: 
2026-09-20T06:08:37.227384211Z wandb: Run history:
2026-09-20T06:08:37.227387452Z wandb:          activation_bits/bit_block_0_attn_Wk ▁▁▁▁▁▁▁█▁▁▁▁▁▁▁▁▁▁▁▁▁▁▁▁█▁▁▁▁▁▁▁█▁▁▁▁█▁▁
2026-09-20T06:08:37.227402379Z wandb:          activation_bits/bit_block_0_attn_Wo ▁███▁██▁▁▁▁█▁█▁▁█▁█▁█▁█▁█▁█▁▁█▁▁▁▁██▁▁▁▁
2026-09-20T06:08:37.227403620Z wandb:          activation_bits/bit_block_0_attn_Wq ▁▁▁▁▁▁▁▁▁▁▁▁▁▁▁▁▁▁▁▁▁▁▁▁▁▁▁▁▁▁▁▁▁▁▁▁▁▁▁▁
2026-09-20T06:08:37.227404902Z wandb:          activation_bits/bit_block_0_attn_Wv █▁██▁███████▁█▁█████▁████████▁▁▁███▁█▁▁▁
2026-09-20T06:08:37.227406693Z wandb:    activation_bits/bit_block_0_attn_ctx__in0 ▁▁▁▁▁▁▁▁▁▁▁▁▁▁▁▁▁▁▁▁▁▁▁▁▁▁▁▁▁▁▁▁▁▁▁▁▁▁▁▁
2026-09-20T06:08:37.227408342Z wandb:    activation_bits/bit_block_0_attn_ctx__in1 ▁▁▁▁▁▁███▁▁▁██▁▁██▁▁██▁▁▁█▁██▁██▁██▁▁█▁▁
2026-09-20T06:08:37.227409515Z wandb: activation_bits/bit_block_0_attn_scores__in0 ▁█▁█▁▁▁███▁▁██▁█▁▁█▁▁▁▁█▁▁███▁█▁▁▁█▁███▁
2026-09-20T06:08:37.227410560Z wandb: activation_bits/bit_block_0_attn_scores__in1 ███████████▁█▁██▁██▁▁███████▁███▁███▁██▁
2026-09-20T06:08:37.227412058Z wandb:          activation_bits/bit_block_0_ffn_fc1 ▁▁▁▁▁▁█▁▁▁█▁▁▁▁▁▁██▁▁▁▁▁▁█▁▁▁▁▁▁██▁▁▁▁▁█
2026-09-20T06:08:37.227413234Z wandb:          activation_bits/bit_block_0_ffn_fc2 ██████▁██▁▁█▁█▁▁█▁▁██▁█▁█████▁█▁███████▁
2026-09-20T06:08:37.227415156Z wandb:                                          +33 ...
2026-09-20T06:08:37.227416427Z wandb: 
2026-09-20T06:08:37.227417657Z wandb: Run summary:
2026-09-20T06:08:37.227418938Z wandb:          activation_bits/bit_block_0_attn_Wk 1
2026-09-20T06:08:37.227420012Z wandb:          activation_bits/bit_block_0_attn_Wo 1
2026-09-20T06:08:37.227421175Z wandb:          activation_bits/bit_block_0_attn_Wq 1
2026-09-20T06:08:37.227422482Z wandb:          activation_bits/bit_block_0_attn_Wv 1
2026-09-20T06:08:37.227423775Z wandb:    activation_bits/bit_block_0_attn_ctx__in0 10
2026-09-20T06:08:37.227424926Z wandb:    activation_bits/bit_block_0_attn_ctx__in1 1
2026-09-20T06:08:37.227426061Z wandb: activation_bits/bit_block_0_attn_scores__in0 1
2026-09-20T06:08:37.227427416Z wandb: activation_bits/bit_block_0_attn_scores__in1 2
2026-09-20T06:08:37.227428740Z wandb:          activation_bits/bit_block_0_ffn_fc1 2
2026-09-20T06:08:37.227430045Z wandb:          activation_bits/bit_block_0_ffn_fc2 2
2026-09-20T06:08:37.227432375Z wandb:                                          +36 ...
2026-09-20T06:08:37.227434106Z wandb: 
2026-09-20T06:08:37.227566335Z wandb: 🚀 View run ebops-n8-20260912-ablation-r6-distill-w1a8-s1 at: https://wandb.ai/kayamaguchi-uc-san-diego/BNJetTag-EBOPs-N8/runs/b01b23c8027b
2026-09-20T06:08:37.227568301Z wandb: ⭐️ View project at: https://wandb.ai/kayamaguchi-uc-san-diego/BNJetTag-EBOPs-N8
2026-09-20T06:08:37.227569727Z wandb: Synced 5 W&B file(s), 0 media file(s), 32 artifact file(s) and 0 other file(s)
2026-09-20T06:08:37.227703489Z wandb: Find logs at: 
