2026-09-18T18:35:43.268972608Z /cmcode/hgq2.tar.gz: OK
2026-09-18T18:37:04.161888374Z WARNING: Running pip as the 'root' user can result in broken permissions and conflicting behaviour with the system package manager, possibly rendering your system unusable. It is recommended to use a virtual environment instead: https://pip.pypa.io/warnings/venv. Use the --root-user-action option if you know what you are doing and want to suppress this warning.
2026-09-18T18:37:04.644477565Z 
2026-09-18T18:37:04.644491822Z [notice] A new release of pip is available: 25.0.1 -> 26.2.1
2026-09-18T18:37:04.644493835Z [notice] To update, run: pip install --upgrade pip
2026-09-18T18:37:05.814355478Z {"project": "BNJetTag-Engram-Experimental", "entity": "kayamaguchi-uc-san-diego", "access": "PRIVATE", "anonymous_read": "denied", "url": "https://wandb.ai/kayamaguchi-uc-san-diego/BNJetTag-Engram-Experimental"}
2026-09-18T18:37:05.841397160Z NVIDIA L40, 46068 MiB
2026-09-18T18:37:06.173149821Z WARNING: All log messages before absl::InitializeLog() is called are written to STDERR
2026-09-18T18:37:06.173175375Z I0000 00:00:1789756626.173051      70 port.cc:153] oneDNN custom operations are on. You may see slightly different numerical results due to floating-point round-off errors from different computation orders. To turn them off, set the environment variable `TF_ENABLE_ONEDNN_OPTS=0`.
2026-09-18T18:37:06.220040668Z I0000 00:00:1789756626.219948      70 cpu_feature_guard.cc:227] This TensorFlow binary is optimized to use available CPU instructions in performance-critical operations.
2026-09-18T18:37:06.220061647Z To enable the following instructions: AVX2 AVX512F AVX512_VNNI AVX512_BF16 AVX512_FP16 AVX_VNNI AMX_TILE AMX_INT8 AMX_BF16 FMA, in other operations, rebuild TensorFlow with the appropriate compiler flags.
2026-09-18T18:37:07.970426954Z WARNING: All log messages before absl::InitializeLog() is called are written to STDERR
2026-09-18T18:37:07.970457277Z I0000 00:00:1789756627.970324      70 port.cc:153] oneDNN custom operations are on. You may see slightly different numerical results due to floating-point round-off errors from different computation orders. To turn them off, set the environment variable `TF_ENABLE_ONEDNN_OPTS=0`.
2026-09-18T18:37:08.967875795Z GPU_GATE_PASS
2026-09-18T18:37:09.801923265Z WARNING: All log messages before absl::InitializeLog() is called are written to STDERR
2026-09-18T18:37:09.801947333Z I0000 00:00:1789756629.801818      75 port.cc:153] oneDNN custom operations are on. You may see slightly different numerical results due to floating-point round-off errors from different computation orders. To turn them off, set the environment variable `TF_ENABLE_ONEDNN_OPTS=0`.
2026-09-18T18:37:11.002874786Z WARNING: All log messages before absl::InitializeLog() is called are written to STDERR
2026-09-18T18:37:11.002903103Z I0000 00:00:1789756631.002779      75 port.cc:153] oneDNN custom operations are on. You may see slightly different numerical results due to floating-point round-off errors from different computation orders. To turn them off, set the environment variable `TF_ENABLE_ONEDNN_OPTS=0`.
2026-09-18T18:37:36.693837994Z [train] engram-e01-s1 params=9716 resume_epoch=0 initial_ebops=2158628
2026-09-18T18:37:36.703441556Z wandb: [wandb.login()] Loaded credentials for https://api.wandb.ai from WANDB_API_KEY.
2026-09-18T18:37:37.472532242Z wandb: setting up run a768d794fb1a
2026-09-18T18:37:37.910898601Z wandb: Syncing run engram-e01-s1
2026-09-18T18:37:37.910928145Z wandb: 🚀 View run at https://wandb.ai/kayamaguchi-uc-san-diego/BNJetTag-Engram-Experimental/runs/a768d794fb1a
2026-09-18T18:38:35.507636887Z [epoch 1/1000] EBOPs=2158628 target=350000 beta=1e-07 val_AUC=0.666865 val_accuracy=0.384855 seconds=42.4 checkpoint=epoch-0001
2026-09-18T18:39:19.691426207Z [epoch 2/1000] EBOPs=2158628 target=350000 beta=1e-07 val_AUC=0.709596 val_accuracy=0.398371 seconds=34.2 checkpoint=epoch-0002
2026-09-18T18:40:07.636068462Z [epoch 3/1000] EBOPs=2158628 target=350000 beta=1e-07 val_AUC=0.740139 val_accuracy=0.445169 seconds=33.8 checkpoint=epoch-0003
2026-09-18T18:40:57.305284531Z [epoch 4/1000] EBOPs=2158628 target=350000 beta=1e-07 val_AUC=0.754110 val_accuracy=0.461363 seconds=33.9 checkpoint=epoch-0004
2026-09-18T18:41:45.553054371Z [epoch 5/1000] EBOPs=2158628 target=350000 beta=1e-07 val_AUC=0.780251 val_accuracy=0.484589 seconds=33.4 checkpoint=epoch-0005
2026-09-18T18:42:32.580599246Z [epoch 6/1000] EBOPs=2158628 target=350000 beta=1e-07 val_AUC=0.795226 val_accuracy=0.508161 seconds=33.4 checkpoint=epoch-0006
2026-09-18T18:43:23.049029521Z [epoch 7/1000] EBOPs=2158628 target=350000 beta=1e-07 val_AUC=0.805695 val_accuracy=0.521516 seconds=33.8 checkpoint=epoch-0007
2026-09-18T18:44:17.747066800Z [epoch 8/1000] EBOPs=2158628 target=350000 beta=1e-07 val_AUC=0.814532 val_accuracy=0.528944 seconds=33.7 checkpoint=epoch-0008
2026-09-18T18:45:13.924604434Z [epoch 9/1000] EBOPs=2158628 target=350000 beta=1e-07 val_AUC=0.815700 val_accuracy=0.524806 seconds=33.2 checkpoint=epoch-0009
2026-09-18T18:46:18.560642702Z [epoch 10/1000] EBOPs=2158628 target=350000 beta=1e-07 val_AUC=0.826262 val_accuracy=0.553460 seconds=33.3 checkpoint=epoch-0010
2026-09-18T18:47:04.188138149Z [epoch 11/1000] EBOPs=2158628 target=350000 beta=1e-07 val_AUC=0.832961 val_accuracy=0.558556 seconds=34.4 checkpoint=epoch-0011
2026-09-18T18:47:56.984139520Z [epoch 12/1000] EBOPs=2158628 target=350000 beta=1.1e-07 val_AUC=0.837296 val_accuracy=0.562306 seconds=33.3 checkpoint=epoch-0012
2026-09-18T18:48:43.516120296Z [epoch 13/1000] EBOPs=1815332 target=350000 beta=1.2e-07 val_AUC=0.841590 val_accuracy=0.581194 seconds=34.6 checkpoint=epoch-0013
2026-09-18T18:49:28.407829065Z [epoch 14/1000] EBOPs=1773092 target=350000 beta=1.1e-07 val_AUC=0.844252 val_accuracy=0.586008 seconds=34.4 checkpoint=epoch-0014
2026-09-18T18:50:16.888545139Z [epoch 15/1000] EBOPs=1767460 target=350000 beta=1.16e-07 val_AUC=0.848274 val_accuracy=0.592298 seconds=35.2 checkpoint=epoch-0015
2026-09-18T18:51:14.850731275Z [epoch 16/1000] EBOPs=1762596 target=350000 beta=1.25e-07 val_AUC=0.848232 val_accuracy=0.597597 seconds=33.4 checkpoint=epoch-0016
2026-09-18T18:52:12.782837667Z [epoch 17/1000] EBOPs=1763108 target=350000 beta=1.36e-07 val_AUC=0.850851 val_accuracy=0.592056 seconds=33.4 checkpoint=epoch-0017
2026-09-18T18:53:00.882288205Z [epoch 18/1000] EBOPs=1763876 target=350000 beta=1.47e-07 val_AUC=0.853172 val_accuracy=0.592573 seconds=33.3 checkpoint=epoch-0018
2026-09-18T18:53:44.182161008Z [epoch 19/1000] EBOPs=1761572 target=350000 beta=1.6e-07 val_AUC=0.851919 val_accuracy=0.597919 seconds=33.4 checkpoint=epoch-0019
2026-09-18T18:54:35.631998757Z [epoch 20/1000] EBOPs=1752617 target=350000 beta=1.73e-07 val_AUC=0.857500 val_accuracy=0.607782 seconds=37.1 checkpoint=epoch-0020
2026-09-18T18:55:27.837710349Z [epoch 21/1000] EBOPs=1753897 target=350000 beta=1.86e-07 val_AUC=0.855723 val_accuracy=0.602613 seconds=32.3 checkpoint=epoch-0021
2026-09-18T18:56:17.696499603Z [epoch 22/1000] EBOPs=1751849 target=350000 beta=2.02e-07 val_AUC=0.858544 val_accuracy=0.607895 seconds=34.8 checkpoint=epoch-0022
2026-09-18T18:57:04.357236477Z [epoch 23/1000] EBOPs=1750318 target=350000 beta=2.19e-07 val_AUC=0.859154 val_accuracy=0.605202 seconds=36.8 checkpoint=epoch-0023
2026-09-18T18:58:03.830152624Z [epoch 24/1000] EBOPs=1737006 target=350000 beta=2.37e-07 val_AUC=0.861389 val_accuracy=0.608581 seconds=34.3 checkpoint=epoch-0024
2026-09-18T18:58:57.180612319Z [epoch 25/1000] EBOPs=1733166 target=350000 beta=2.55e-07 val_AUC=0.862380 val_accuracy=0.614258 seconds=34.9 checkpoint=epoch-0025
2026-09-18T18:58:57.234467262Z wandb: Adding directory to artifact (/data/engram-study-20260918/runs/engram-e01-s1/checkpoints/epoch-0025)... Done. 0.1s
2026-09-18T18:59:01.856297097Z [wandb] artifact resume-engram-e01-s1:v0 committed (5 files)
2026-09-18T18:59:46.770995374Z [epoch 26/1000] EBOPs=1721390 target=350000 beta=2.75e-07 val_AUC=0.861538 val_accuracy=0.607476 seconds=33.5 checkpoint=epoch-0026
2026-09-18T19:00:31.585393196Z [epoch 27/1000] EBOPs=1709614 target=350000 beta=2.96e-07 val_AUC=0.864440 val_accuracy=0.609637 seconds=34.2 checkpoint=epoch-0027
2026-09-18T19:01:20.445032085Z [epoch 28/1000] EBOPs=1705518 target=350000 beta=3.18e-07 val_AUC=0.863651 val_accuracy=0.614339 seconds=33.1 checkpoint=epoch-0028
2026-09-18T19:02:13.185999941Z [epoch 29/1000] EBOPs=1699374 target=350000 beta=3.44e-07 val_AUC=0.863569 val_accuracy=0.615952 seconds=33.2 checkpoint=epoch-0029
2026-09-18T19:02:56.666515132Z [epoch 30/1000] EBOPs=1690158 target=350000 beta=3.71e-07 val_AUC=0.863587 val_accuracy=0.612702 seconds=33.5 checkpoint=epoch-0030
2026-09-18T19:03:42.964028779Z [epoch 31/1000] EBOPs=1680430 target=350000 beta=3.99e-07 val_AUC=0.862599 val_accuracy=0.610556 seconds=33.4 checkpoint=epoch-0031
2026-09-18T19:04:25.694568864Z [epoch 32/1000] EBOPs=1678382 target=350000 beta=4.29e-07 val_AUC=0.867173 val_accuracy=0.624371 seconds=34.8 checkpoint=epoch-0032
2026-09-18T19:05:17.954945951Z [epoch 33/1000] EBOPs=1668632 target=350000 beta=4.63e-07 val_AUC=0.864320 val_accuracy=0.617798 seconds=33.3 checkpoint=epoch-0033
2026-09-18T19:06:02.768880316Z [epoch 34/1000] EBOPs=1661976 target=350000 beta=4.98e-07 val_AUC=0.863469 val_accuracy=0.619161 seconds=33.2 checkpoint=epoch-0034
2026-09-18T19:06:54.197611828Z [epoch 35/1000] EBOPs=1651736 target=350000 beta=5.36e-07 val_AUC=0.864775 val_accuracy=0.619831 seconds=33.1 checkpoint=epoch-0035
2026-09-18T19:07:42.758761573Z [epoch 36/1000] EBOPs=1650717 target=350000 beta=5.76e-07 val_AUC=0.863668 val_accuracy=0.612782 seconds=33.1 checkpoint=epoch-0036
2026-09-18T19:08:28.863389397Z [epoch 37/1000] EBOPs=1644051 target=350000 beta=6.22e-07 val_AUC=0.864759 val_accuracy=0.617750 seconds=33.2 checkpoint=epoch-0037
2026-09-18T19:09:16.431011953Z [epoch 38/1000] EBOPs=1475091 target=350000 beta=6.69e-07 val_AUC=0.866602 val_accuracy=0.624202 seconds=33.0 checkpoint=epoch-0038
2026-09-18T19:10:10.698071987Z [epoch 39/1000] EBOPs=1432861 target=350000 beta=6.45e-07 val_AUC=0.868070 val_accuracy=0.625395 seconds=34.5 checkpoint=epoch-0039
2026-09-18T19:10:58.719851491Z [epoch 40/1000] EBOPs=1407517 target=350000 beta=6.72e-07 val_AUC=0.861006 val_accuracy=0.607960 seconds=33.2 checkpoint=epoch-0040
2026-09-18T19:11:53.174436490Z [epoch 41/1000] EBOPs=1393432 target=350000 beta=7.08e-07 val_AUC=0.868632 val_accuracy=0.626379 seconds=34.1 checkpoint=epoch-0041
2026-09-18T19:12:39.692354361Z [epoch 42/1000] EBOPs=1365277 target=350000 beta=7.51e-07 val_AUC=0.865506 val_accuracy=0.615427 seconds=33.4 checkpoint=epoch-0042
2026-09-18T19:13:35.027754810Z [epoch 43/1000] EBOPs=1353747 target=350000 beta=7.88e-07 val_AUC=0.868547 val_accuracy=0.624419 seconds=33.2 checkpoint=epoch-0043
2026-09-18T19:14:19.647065778Z [epoch 44/1000] EBOPs=1352147 target=350000 beta=8.36e-07 val_AUC=0.863461 val_accuracy=0.605815 seconds=33.5 checkpoint=epoch-0044
2026-09-18T19:15:09.283033210Z [epoch 45/1000] EBOPs=1346702 target=350000 beta=8.93e-07 val_AUC=0.867266 val_accuracy=0.621565 seconds=33.2 checkpoint=epoch-0045
2026-09-18T19:15:59.656528097Z [epoch 46/1000] EBOPs=1340718 target=350000 beta=9.52e-07 val_AUC=0.868764 val_accuracy=0.623032 seconds=36.8 checkpoint=epoch-0046
2026-09-18T19:16:45.419306400Z [epoch 47/1000] EBOPs=1333198 target=350000 beta=1.01e-06 val_AUC=0.868597 val_accuracy=0.619871 seconds=33.1 checkpoint=epoch-0047
2026-09-18T19:17:28.656109362Z [epoch 48/1000] EBOPs=1329806 target=350000 beta=1.08e-06 val_AUC=0.868393 val_accuracy=0.625823 seconds=33.1 checkpoint=epoch-0048
2026-09-18T19:18:31.378281917Z [epoch 49/1000] EBOPs=1326734 target=350000 beta=1.15e-06 val_AUC=0.869332 val_accuracy=0.618290 seconds=35.2 checkpoint=epoch-0049
2026-09-18T19:19:17.561942010Z [epoch 50/1000] EBOPs=1321294 target=350000 beta=1.22e-06 val_AUC=0.869673 val_accuracy=0.617685 seconds=35.7 checkpoint=epoch-0050
2026-09-18T19:19:17.587451287Z wandb: Adding directory to artifact (/data/engram-study-20260918/runs/engram-e01-s1/checkpoints/epoch-0050)... Done. 0.0s
2026-09-18T19:19:21.750829166Z [wandb] artifact resume-engram-e01-s1:v1 committed (5 files)
2026-09-18T19:20:10.690525182Z [epoch 51/1000] EBOPs=1315593 target=350000 beta=1.3e-06 val_AUC=0.871812 val_accuracy=0.627847 seconds=34.4 checkpoint=epoch-0051
2026-09-18T19:20:55.682134124Z [epoch 52/1000] EBOPs=1312649 target=350000 beta=1.39e-06 val_AUC=0.868994 val_accuracy=0.620927 seconds=33.1 checkpoint=epoch-0052
2026-09-18T19:21:43.019057455Z [epoch 53/1000] EBOPs=1309257 target=350000 beta=1.48e-06 val_AUC=0.868976 val_accuracy=0.626911 seconds=33.5 checkpoint=epoch-0053
2026-09-18T19:22:29.914905120Z [epoch 54/1000] EBOPs=1306953 target=350000 beta=1.57e-06 val_AUC=0.869759 val_accuracy=0.627621 seconds=33.1 checkpoint=epoch-0054
2026-09-18T19:23:23.785625855Z [epoch 55/1000] EBOPs=1300233 target=350000 beta=1.68e-06 val_AUC=0.870537 val_accuracy=0.628661 seconds=33.2 checkpoint=epoch-0055
2026-09-18T19:24:17.367080549Z [epoch 56/1000] EBOPs=1293572 target=350000 beta=1.78e-06 val_AUC=0.866607 val_accuracy=0.613823 seconds=33.1 checkpoint=epoch-0056
2026-09-18T19:25:15.050238929Z [epoch 57/1000] EBOPs=1291012 target=350000 beta=1.89e-06 val_AUC=0.862552 val_accuracy=0.608823 seconds=33.4 checkpoint=epoch-0057
2026-09-18T19:25:58.465091067Z [epoch 58/1000] EBOPs=1276383 target=350000 beta=2.02e-06 val_AUC=0.869924 val_accuracy=0.621806 seconds=33.0 checkpoint=epoch-0058
2026-09-18T19:26:46.847389527Z [epoch 59/1000] EBOPs=1269983 target=350000 beta=2.13e-06 val_AUC=0.867644 val_accuracy=0.625161 seconds=33.1 checkpoint=epoch-0059
2026-09-18T19:27:44.672414395Z [epoch 60/1000] EBOPs=1264095 target=350000 beta=2.26e-06 val_AUC=0.870165 val_accuracy=0.627911 seconds=33.3 checkpoint=epoch-0060
2026-09-18T19:28:29.240248374Z [epoch 61/1000] EBOPs=1253055 target=350000 beta=2.4e-06 val_AUC=0.869931 val_accuracy=0.627145 seconds=33.2 checkpoint=epoch-0061
2026-09-18T19:29:24.188515201Z [epoch 62/1000] EBOPs=1250975 target=350000 beta=2.53e-06 val_AUC=0.867909 val_accuracy=0.625129 seconds=33.2 checkpoint=epoch-0062
2026-09-18T19:30:11.403820625Z [epoch 63/1000] EBOPs=1241727 target=350000 beta=2.7e-06 val_AUC=0.868774 val_accuracy=0.620040 seconds=33.3 checkpoint=epoch-0063
2026-09-18T19:30:59.063980117Z [epoch 64/1000] EBOPs=1147509 target=350000 beta=2.85e-06 val_AUC=0.870402 val_accuracy=0.625726 seconds=33.2 checkpoint=epoch-0064
2026-09-18T19:31:48.181305398Z [epoch 65/1000] EBOPs=1048693 target=350000 beta=2.8e-06 val_AUC=0.868409 val_accuracy=0.624169 seconds=33.1 checkpoint=epoch-0065
2026-09-18T19:32:36.552181024Z [epoch 66/1000] EBOPs=1020016 target=350000 beta=2.7e-06 val_AUC=0.867900 val_accuracy=0.621040 seconds=33.1 checkpoint=epoch-0066
2026-09-18T19:33:22.726190748Z [epoch 67/1000] EBOPs=998992 target=350000 beta=2.77e-06 val_AUC=0.867611 val_accuracy=0.621952 seconds=33.1 checkpoint=epoch-0067
2026-09-18T19:34:10.126245222Z [epoch 68/1000] EBOPs=980048 target=350000 beta=2.86e-06 val_AUC=0.865676 val_accuracy=0.616605 seconds=33.2 checkpoint=epoch-0068
2026-09-18T19:34:56.889941453Z [epoch 69/1000] EBOPs=958000 target=350000 beta=2.95e-06 val_AUC=0.866116 val_accuracy=0.617411 seconds=33.1 checkpoint=epoch-0069
2026-09-18T19:35:47.156584713Z [epoch 70/1000] EBOPs=945963 target=350000 beta=3.03e-06 val_AUC=0.865064 val_accuracy=0.609121 seconds=33.7 checkpoint=epoch-0070
2026-09-18T19:36:35.340930422Z [epoch 71/1000] EBOPs=938731 target=350000 beta=3.15e-06 val_AUC=0.862711 val_accuracy=0.611677 seconds=33.3 checkpoint=epoch-0071
2026-09-18T19:37:21.431815720Z [epoch 72/1000] EBOPs=933830 target=350000 beta=3.28e-06 val_AUC=0.866788 val_accuracy=0.616403 seconds=33.9 checkpoint=epoch-0072
2026-09-18T19:38:06.596998346Z [epoch 73/1000] EBOPs=924097 target=350000 beta=3.43e-06 val_AUC=0.860893 val_accuracy=0.610847 seconds=33.5 checkpoint=epoch-0073
2026-09-18T19:38:55.178697533Z [epoch 74/1000] EBOPs=916924 target=350000 beta=3.56e-06 val_AUC=0.861144 val_accuracy=0.606194 seconds=33.2 checkpoint=epoch-0074
2026-09-18T19:39:40.789048087Z [epoch 75/1000] EBOPs=912289 target=350000 beta=3.71e-06 val_AUC=0.862589 val_accuracy=0.609315 seconds=33.2 checkpoint=epoch-0075
2026-09-18T19:39:40.815964194Z wandb: Adding directory to artifact (/data/engram-study-20260918/runs/engram-e01-s1/checkpoints/epoch-0075)... Done. 0.0s
2026-09-18T19:39:45.126860517Z [wandb] artifact resume-engram-e01-s1:v2 committed (5 files)
2026-09-18T19:40:33.986819735Z [epoch 76/1000] EBOPs=903521 target=350000 beta=3.87e-06 val_AUC=0.862280 val_accuracy=0.606944 seconds=33.6 checkpoint=epoch-0076
2026-09-18T19:41:19.963171624Z [epoch 77/1000] EBOPs=900924 target=350000 beta=4.02e-06 val_AUC=0.863462 val_accuracy=0.608226 seconds=33.2 checkpoint=epoch-0077
2026-09-18T19:42:06.055833083Z [epoch 78/1000] EBOPs=896274 target=350000 beta=4.2e-06 val_AUC=0.863205 val_accuracy=0.614000 seconds=33.5 checkpoint=epoch-0078
2026-09-18T19:42:56.791210848Z [epoch 79/1000] EBOPs=889827 target=350000 beta=4.38e-06 val_AUC=0.856493 val_accuracy=0.600290 seconds=35.1 checkpoint=epoch-0079
2026-09-18T19:43:40.413572916Z [epoch 80/1000] EBOPs=884702 target=350000 beta=4.56e-06 val_AUC=0.862021 val_accuracy=0.601927 seconds=33.3 checkpoint=epoch-0080
2026-09-18T19:44:24.333389148Z [epoch 81/1000] EBOPs=883129 target=350000 beta=4.75e-06 val_AUC=0.854328 val_accuracy=0.590379 seconds=33.1 checkpoint=epoch-0081
2026-09-18T19:45:07.984256233Z [epoch 82/1000] EBOPs=876894 target=350000 beta=4.97e-06 val_AUC=0.857556 val_accuracy=0.599742 seconds=33.1 checkpoint=epoch-0082
2026-09-18T19:45:52.659113777Z [epoch 83/1000] EBOPs=871129 target=350000 beta=5.16e-06 val_AUC=0.854681 val_accuracy=0.591081 seconds=33.1 checkpoint=epoch-0083
2026-09-18T19:46:37.182434286Z [epoch 84/1000] EBOPs=865679 target=350000 beta=5.37e-06 val_AUC=0.852474 val_accuracy=0.584556 seconds=33.2 checkpoint=epoch-0084
2026-09-18T19:47:21.116921458Z [epoch 85/1000] EBOPs=862518 target=350000 beta=5.58e-06 val_AUC=0.856470 val_accuracy=0.596024 seconds=33.2 checkpoint=epoch-0085
2026-09-18T19:48:07.941417770Z [epoch 86/1000] EBOPs=860342 target=350000 beta=5.82e-06 val_AUC=0.853986 val_accuracy=0.590556 seconds=34.3 checkpoint=epoch-0086
2026-09-18T19:48:56.602545152Z [epoch 87/1000] EBOPs=850971 target=350000 beta=6.07e-06 val_AUC=0.859497 val_accuracy=0.601000 seconds=33.4 checkpoint=epoch-0087
2026-09-18T19:49:37.321075852Z [epoch 88/1000] EBOPs=841686 target=350000 beta=6.28e-06 val_AUC=0.852694 val_accuracy=0.590823 seconds=33.0 checkpoint=epoch-0088
2026-09-18T19:50:23.769461281Z [epoch 89/1000] EBOPs=836886 target=350000 beta=6.49e-06 val_AUC=0.857853 val_accuracy=0.596903 seconds=33.2 checkpoint=epoch-0089
2026-09-18T19:51:13.018395319Z [epoch 90/1000] EBOPs=824204 target=350000 beta=6.74e-06 val_AUC=0.855395 val_accuracy=0.592177 seconds=33.7 checkpoint=epoch-0090
2026-09-18T19:51:57.688318048Z [epoch 91/1000] EBOPs=740418 target=350000 beta=6.92e-06 val_AUC=0.855789 val_accuracy=0.596081 seconds=33.1 checkpoint=epoch-0091
2026-09-18T19:52:39.177752996Z [epoch 92/1000] EBOPs=684834 target=350000 beta=6.46e-06 val_AUC=0.849957 val_accuracy=0.577669 seconds=33.8 checkpoint=epoch-0092
2026-09-18T19:53:45.061644723Z [epoch 93/1000] EBOPs=659682 target=350000 beta=6.18e-06 val_AUC=0.850675 val_accuracy=0.587742 seconds=33.1 checkpoint=epoch-0093
2026-09-18T19:54:32.683445994Z [epoch 94/1000] EBOPs=641432 target=350000 beta=6.14e-06 val_AUC=0.852635 val_accuracy=0.587516 seconds=33.1 checkpoint=epoch-0094
2026-09-18T19:55:19.653191586Z [epoch 95/1000] EBOPs=618067 target=350000 beta=6.15e-06 val_AUC=0.850572 val_accuracy=0.593266 seconds=33.8 checkpoint=epoch-0095
2026-09-18T19:56:10.776028018Z [epoch 96/1000] EBOPs=607822 target=350000 beta=6.1e-06 val_AUC=0.846002 val_accuracy=0.585355 seconds=34.1 checkpoint=epoch-0096
2026-09-18T19:56:54.815342041Z [epoch 97/1000] EBOPs=581683 target=350000 beta=6.17e-06 val_AUC=0.843341 val_accuracy=0.565129 seconds=33.0 checkpoint=epoch-0097
2026-09-18T19:57:42.591883398Z [epoch 98/1000] EBOPs=562409 target=350000 beta=6.06e-06 val_AUC=0.841335 val_accuracy=0.570589 seconds=33.1 checkpoint=epoch-0098
2026-09-18T19:58:29.798547567Z [epoch 99/1000] EBOPs=563423 target=350000 beta=5.99e-06 val_AUC=0.848781 val_accuracy=0.583194 seconds=32.2 checkpoint=epoch-0099
2026-09-18T19:59:10.857494242Z [epoch 100/1000] EBOPs=566719 target=350000 beta=6.15e-06 val_AUC=0.840804 val_accuracy=0.561016 seconds=32.3 checkpoint=epoch-0100
2026-09-18T19:59:10.884092023Z wandb: Adding directory to artifact (/data/engram-study-20260918/runs/engram-e01-s1/checkpoints/epoch-0100)... Done. 0.0s
2026-09-18T19:59:14.826344172Z [wandb] artifact resume-engram-e01-s1:v3 committed (5 files)
2026-09-18T19:59:14.930890695Z wandb: updating run metadata
2026-09-18T19:59:15.432113955Z wandb: uploading history steps 98-99, summary, console lines 105-107
2026-09-18T19:59:15.502032129Z wandb: 🚀 View run engram-e01-s1 at: https://wandb.ai/kayamaguchi-uc-san-diego/BNJetTag-Engram-Experimental/runs/a768d794fb1a
2026-09-18T19:59:15.502055072Z wandb: ⭐️ View project at: https://wandb.ai/kayamaguchi-uc-san-diego/BNJetTag-Engram-Experimental
2026-09-18T19:59:15.502057786Z wandb: Synced 5 W&B file(s), 0 media file(s), 23 artifact file(s) and 0 other file(s)
2026-09-18T19:59:24.055116631Z Traceback (most recent call last):
2026-09-18T19:59:24.055381557Z   File "/work/code/run_engram.py", line 464, in <module>
2026-09-18T19:59:24.055411965Z     main()
2026-09-18T19:59:24.055419020Z   File "/work/code/run_engram.py", line 454, in main
2026-09-18T19:59:24.055421019Z     train(args)
2026-09-18T19:59:24.055422931Z   File "/work/code/run_engram.py", line 275, in train
2026-09-18T19:59:24.055425171Z     np.testing.assert_allclose([auc, accuracy],
2026-09-18T19:59:24.055427988Z   File "/usr/local/lib/python3.12/site-packages/numpy/testing/_private/utils.py", line 1780, in assert_allclose
2026-09-18T19:59:24.055430653Z     assert_array_compare(compare, actual, desired, err_msg=str(err_msg),
2026-09-18T19:59:24.055434959Z   File "/usr/local/lib/python3.12/site-packages/numpy/testing/_private/utils.py", line 988, in assert_array_compare
2026-09-18T19:59:24.055437129Z     raise AssertionError(msg)
2026-09-18T19:59:24.055480246Z AssertionError: 
2026-09-18T19:59:24.055482558Z Not equal to tolerance rtol=0, atol=1e-07
2026-09-18T19:59:24.055484291Z 
2026-09-18T19:59:24.055486187Z Mismatched elements: 2 / 2 (100%)
2026-09-18T19:59:24.055488437Z Mismatch at indices:
2026-09-18T19:59:24.055490659Z  [0]: 0.8413084351658098 (ACTUAL), 0.8413353345788277 (DESIRED)
2026-09-18T19:59:24.055492589Z  [1]: 0.5708548387096775 (ACTUAL), 0.5705887096774194 (DESIRED)
2026-09-18T19:59:24.055494483Z Max absolute difference among violations: 0.00026613
2026-09-18T19:59:24.055496201Z Max relative difference among violations: 0.00046641
2026-09-18T19:59:24.055498157Z  ACTUAL: array([0.841308, 0.570855])
2026-09-18T19:59:24.055499812Z  DESIRED: array([0.841335, 0.570589])
