2026-09-19T00:00:06.962551905Z [epoch 285/1000] EBOPs=723758 target=350000 beta=0.001 val_AUC=0.710706 val_accuracy=0.378677 seconds=106.0 checkpoint=epoch-0285
2026-09-19T00:02:23.803998509Z [epoch 286/1000] EBOPs=721223 target=350000 beta=0.001 val_AUC=0.669069 val_accuracy=0.337306 seconds=105.8 checkpoint=epoch-0286
2026-09-19T00:05:06.046147622Z [epoch 287/1000] EBOPs=721203 target=350000 beta=0.001 val_AUC=0.709454 val_accuracy=0.394766 seconds=105.7 checkpoint=epoch-0287
2026-09-19T00:07:19.742170187Z [epoch 288/1000] EBOPs=723310 target=350000 beta=0.001 val_AUC=0.704334 val_accuracy=0.407742 seconds=105.7 checkpoint=epoch-0288
2026-09-19T00:09:36.169333624Z [epoch 289/1000] EBOPs=721208 target=350000 beta=0.001 val_AUC=0.715289 val_accuracy=0.412653 seconds=105.9 checkpoint=epoch-0289
2026-09-19T00:11:47.930634938Z [epoch 290/1000] EBOPs=722274 target=350000 beta=0.001 val_AUC=0.669474 val_accuracy=0.326879 seconds=105.8 checkpoint=epoch-0290
2026-09-19T00:14:00.635412272Z [epoch 291/1000] EBOPs=724787 target=350000 beta=0.001 val_AUC=0.660383 val_accuracy=0.338637 seconds=106.0 checkpoint=epoch-0291
2026-09-19T00:16:15.774292484Z [epoch 292/1000] EBOPs=721762 target=350000 beta=0.001 val_AUC=0.665046 val_accuracy=0.350903 seconds=106.9 checkpoint=epoch-0292
2026-09-19T00:18:27.675143305Z [epoch 293/1000] EBOPs=722274 target=350000 beta=0.001 val_AUC=0.664179 val_accuracy=0.338298 seconds=105.9 checkpoint=epoch-0293
2026-09-19T00:20:44.038956999Z [epoch 294/1000] EBOPs=721235 target=350000 beta=0.001 val_AUC=0.662679 val_accuracy=0.347048 seconds=107.6 checkpoint=epoch-0294
2026-09-19T00:22:56.111170388Z [epoch 295/1000] EBOPs=722326 target=350000 beta=0.001 val_AUC=0.670753 val_accuracy=0.347306 seconds=106.0 checkpoint=epoch-0295
2026-09-19T00:25:03.945278901Z [epoch 296/1000] EBOPs=721725 target=350000 beta=0.001 val_AUC=0.664983 val_accuracy=0.335855 seconds=105.9 checkpoint=epoch-0296
2026-09-19T00:27:15.022558020Z [epoch 297/1000] EBOPs=721799 target=350000 beta=0.001 val_AUC=0.666254 val_accuracy=0.333113 seconds=106.6 checkpoint=epoch-0297
2026-09-19T00:29:28.371566089Z [epoch 298/1000] EBOPs=722306 target=350000 beta=0.001 val_AUC=0.707164 val_accuracy=0.392290 seconds=105.0 checkpoint=epoch-0298
2026-09-19T00:31:40.892702188Z [epoch 299/1000] EBOPs=722006 target=350000 beta=0.001 val_AUC=0.706419 val_accuracy=0.378548 seconds=105.5 checkpoint=epoch-0299
2026-09-19T00:33:54.724533916Z [epoch 300/1000] EBOPs=721213 target=350000 beta=0.001 val_AUC=0.666967 val_accuracy=0.323694 seconds=104.5 checkpoint=epoch-0300
2026-09-19T00:33:54.736379034Z wandb: Adding directory to artifact (/data/batch20260917/n16/runs/batch20260918-b00-s6/checkpoints/epoch-0300)... Done. 0.0s
2026-09-19T00:33:59.436679765Z [wandb] artifact resume-batch20260918-b00-s6:v11 committed (5 files)
2026-09-19T00:36:09.469442194Z [epoch 301/1000] EBOPs=722247 target=350000 beta=0.001 val_AUC=0.667244 val_accuracy=0.332524 seconds=104.4 checkpoint=epoch-0301
2026-09-19T00:38:22.776806756Z [epoch 302/1000] EBOPs=721193 target=350000 beta=0.001 val_AUC=0.664172 val_accuracy=0.342879 seconds=105.9 checkpoint=epoch-0302
2026-09-19T00:40:33.755076299Z [epoch 303/1000] EBOPs=721218 target=350000 beta=0.001 val_AUC=0.664229 val_accuracy=0.326782 seconds=106.0 checkpoint=epoch-0303
2026-09-19T00:42:44.440096332Z [epoch 304/1000] EBOPs=721208 target=350000 beta=0.001 val_AUC=0.664414 val_accuracy=0.332911 seconds=106.5 checkpoint=epoch-0304
2026-09-19T00:44:55.269664477Z [epoch 305/1000] EBOPs=721235 target=350000 beta=0.001 val_AUC=0.708874 val_accuracy=0.418782 seconds=108.0 checkpoint=epoch-0305
2026-09-19T00:47:08.520741051Z [epoch 306/1000] EBOPs=721265 target=350000 beta=0.001 val_AUC=0.664813 val_accuracy=0.322468 seconds=107.6 checkpoint=epoch-0306
2026-09-19T00:49:33.451192203Z [epoch 307/1000] EBOPs=721198 target=350000 beta=0.001 val_AUC=0.664776 val_accuracy=0.351823 seconds=107.4 checkpoint=epoch-0307
2026-09-19T00:51:51.124287038Z [epoch 308/1000] EBOPs=721762 target=350000 beta=0.001 val_AUC=0.666590 val_accuracy=0.329645 seconds=106.6 checkpoint=epoch-0308
2026-09-19T00:54:23.894956761Z [epoch 309/1000] EBOPs=721235 target=350000 beta=0.001 val_AUC=0.666314 val_accuracy=0.332669 seconds=107.0 checkpoint=epoch-0309
2026-09-19T00:56:36.950383595Z [epoch 310/1000] EBOPs=721198 target=350000 beta=0.001 val_AUC=0.663556 val_accuracy=0.337121 seconds=106.0 checkpoint=epoch-0310
2026-09-19T00:58:45.973782943Z [epoch 311/1000] EBOPs=721208 target=350000 beta=0.001 val_AUC=0.664263 val_accuracy=0.339040 seconds=105.2 checkpoint=epoch-0311
2026-09-19T01:01:00.438321080Z [epoch 312/1000] EBOPs=721230 target=350000 beta=0.001 val_AUC=0.712403 val_accuracy=0.402742 seconds=106.9 checkpoint=epoch-0312
2026-09-19T01:03:17.421248588Z [epoch 313/1000] EBOPs=721272 target=350000 beta=0.001 val_AUC=0.723351 val_accuracy=0.408605 seconds=107.5 checkpoint=epoch-0313
2026-09-19T01:05:34.413332480Z [epoch 314/1000] EBOPs=721218 target=350000 beta=0.001 val_AUC=0.723090 val_accuracy=0.419718 seconds=107.8 checkpoint=epoch-0314
2026-09-19T01:07:47.342771398Z [epoch 315/1000] EBOPs=721275 target=350000 beta=0.001 val_AUC=0.730425 val_accuracy=0.425331 seconds=106.9 checkpoint=epoch-0315
2026-09-19T01:10:00.956097833Z [epoch 316/1000] EBOPs=725393 target=350000 beta=0.001 val_AUC=0.728297 val_accuracy=0.414468 seconds=105.4 checkpoint=epoch-0316
2026-09-19T01:12:14.706283768Z [epoch 317/1000] EBOPs=721277 target=350000 beta=0.001 val_AUC=0.729670 val_accuracy=0.420266 seconds=104.7 checkpoint=epoch-0317
2026-09-19T01:14:25.161061542Z [epoch 318/1000] EBOPs=722232 target=350000 beta=0.001 val_AUC=0.724003 val_accuracy=0.426508 seconds=105.9 checkpoint=epoch-0318
2026-09-19T01:16:48.126998403Z [epoch 319/1000] EBOPs=721346 target=350000 beta=0.001 val_AUC=0.725459 val_accuracy=0.424403 seconds=106.1 checkpoint=epoch-0319
2026-09-19T01:19:01.903400844Z [epoch 320/1000] EBOPs=721725 target=350000 beta=0.001 val_AUC=0.726538 val_accuracy=0.402750 seconds=105.9 checkpoint=epoch-0320
2026-09-19T01:21:18.659210702Z [epoch 321/1000] EBOPs=722232 target=350000 beta=0.001 val_AUC=0.709775 val_accuracy=0.410661 seconds=105.1 checkpoint=epoch-0321
2026-09-19T01:23:34.000164119Z [epoch 322/1000] EBOPs=721764 target=350000 beta=0.001 val_AUC=0.718595 val_accuracy=0.402258 seconds=104.9 checkpoint=epoch-0322
2026-09-19T01:25:44.273696171Z [epoch 323/1000] EBOPs=721735 target=350000 beta=0.001 val_AUC=0.703882 val_accuracy=0.399855 seconds=105.1 checkpoint=epoch-0323
2026-09-19T01:27:58.650491104Z [epoch 324/1000] EBOPs=721225 target=350000 beta=0.001 val_AUC=0.704524 val_accuracy=0.413444 seconds=105.5 checkpoint=epoch-0324
2026-09-19T01:30:16.790955276Z [epoch 325/1000] EBOPs=723795 target=350000 beta=0.001 val_AUC=0.706893 val_accuracy=0.399177 seconds=107.3 checkpoint=epoch-0325
2026-09-19T01:30:16.803210579Z wandb: Adding directory to artifact (/data/batch20260917/n16/runs/batch20260918-b00-s6/checkpoints/epoch-0325)... Done. 0.0s
2026-09-19T01:30:22.649785172Z [wandb] artifact resume-batch20260918-b00-s6:v12 committed (5 files)
2026-09-19T01:32:36.505282580Z [epoch 326/1000] EBOPs=721757 target=350000 beta=0.001 val_AUC=0.703584 val_accuracy=0.399508 seconds=106.0 checkpoint=epoch-0326
2026-09-19T01:34:52.624316030Z [epoch 327/1000] EBOPs=721250 target=350000 beta=0.001 val_AUC=0.710934 val_accuracy=0.407782 seconds=105.4 checkpoint=epoch-0327
2026-09-19T01:37:07.511608642Z [epoch 328/1000] EBOPs=723768 target=350000 beta=0.001 val_AUC=0.714042 val_accuracy=0.408008 seconds=107.4 checkpoint=epoch-0328
2026-09-19T01:39:20.708629870Z [epoch 329/1000] EBOPs=721250 target=350000 beta=0.001 val_AUC=0.712506 val_accuracy=0.401185 seconds=106.3 checkpoint=epoch-0329
2026-09-19T01:41:34.080681850Z [epoch 330/1000] EBOPs=721255 target=350000 beta=0.001 val_AUC=0.703662 val_accuracy=0.406685 seconds=106.2 checkpoint=epoch-0330
2026-09-19T01:43:53.371057617Z [epoch 331/1000] EBOPs=723795 target=350000 beta=0.001 val_AUC=0.698690 val_accuracy=0.405153 seconds=105.5 checkpoint=epoch-0331
2026-09-19T01:46:04.101732591Z [epoch 332/1000] EBOPs=721208 target=350000 beta=0.001 val_AUC=0.698632 val_accuracy=0.387065 seconds=104.7 checkpoint=epoch-0332
2026-09-19T01:48:27.020083176Z [epoch 333/1000] EBOPs=721464 target=350000 beta=0.001 val_AUC=0.701762 val_accuracy=0.384024 seconds=105.4 checkpoint=epoch-0333
2026-09-19T01:50:41.104769855Z [epoch 334/1000] EBOPs=721735 target=350000 beta=0.001 val_AUC=0.699242 val_accuracy=0.361065 seconds=105.4 checkpoint=epoch-0334
2026-09-19T01:53:14.679626250Z [epoch 335/1000] EBOPs=721757 target=350000 beta=0.001 val_AUC=0.700149 val_accuracy=0.392823 seconds=105.7 checkpoint=epoch-0335
2026-09-19T01:55:29.100482307Z [epoch 336/1000] EBOPs=721208 target=350000 beta=0.001 val_AUC=0.703560 val_accuracy=0.394347 seconds=105.8 checkpoint=epoch-0336
2026-09-19T01:57:51.432486600Z [epoch 337/1000] EBOPs=721203 target=350000 beta=0.001 val_AUC=0.702558 val_accuracy=0.398903 seconds=105.6 checkpoint=epoch-0337
2026-09-19T02:00:01.240164733Z [epoch 338/1000] EBOPs=721710 target=350000 beta=0.001 val_AUC=0.698194 val_accuracy=0.396403 seconds=105.3 checkpoint=epoch-0338
2026-09-19T02:02:16.064857899Z [epoch 339/1000] EBOPs=721198 target=350000 beta=0.001 val_AUC=0.704085 val_accuracy=0.407718 seconds=104.8 checkpoint=epoch-0339
2026-09-19T02:04:30.718229276Z [epoch 340/1000] EBOPs=724794 target=350000 beta=0.001 val_AUC=0.699163 val_accuracy=0.393435 seconds=105.0 checkpoint=epoch-0340
2026-09-19T02:06:42.607795361Z [epoch 341/1000] EBOPs=721705 target=350000 beta=0.001 val_AUC=0.702265 val_accuracy=0.389968 seconds=104.5 checkpoint=epoch-0341
2026-09-19T02:08:58.069491722Z [epoch 342/1000] EBOPs=721277 target=350000 beta=0.001 val_AUC=0.685160 val_accuracy=0.342113 seconds=103.9 checkpoint=epoch-0342
2026-09-19T02:11:15.551430191Z [epoch 343/1000] EBOPs=721225 target=350000 beta=0.001 val_AUC=0.703892 val_accuracy=0.401387 seconds=104.8 checkpoint=epoch-0343
2026-09-19T02:13:28.491714457Z [epoch 344/1000] EBOPs=721235 target=350000 beta=0.001 val_AUC=0.709073 val_accuracy=0.396105 seconds=104.5 checkpoint=epoch-0344
2026-09-19T02:15:47.333435961Z [epoch 345/1000] EBOPs=722249 target=350000 beta=0.001 val_AUC=0.689774 val_accuracy=0.345435 seconds=104.8 checkpoint=epoch-0345
2026-09-19T02:17:55.404593682Z [epoch 346/1000] EBOPs=721213 target=350000 beta=0.001 val_AUC=0.711283 val_accuracy=0.406556 seconds=104.0 checkpoint=epoch-0346
2026-09-19T02:20:13.416541019Z [epoch 347/1000] EBOPs=721794 target=350000 beta=0.001 val_AUC=0.689864 val_accuracy=0.361411 seconds=102.8 checkpoint=epoch-0347
2026-09-19T02:22:25.127208206Z [epoch 348/1000] EBOPs=721213 target=350000 beta=0.001 val_AUC=0.701983 val_accuracy=0.412774 seconds=102.6 checkpoint=epoch-0348
2026-09-19T02:24:40.157565145Z [epoch 349/1000] EBOPs=721260 target=350000 beta=0.001 val_AUC=0.709926 val_accuracy=0.401339 seconds=105.9 checkpoint=epoch-0349
2026-09-19T02:27:00.465039187Z [epoch 350/1000] EBOPs=721831 target=350000 beta=0.001 val_AUC=0.708651 val_accuracy=0.407508 seconds=106.9 checkpoint=epoch-0350
2026-09-19T02:27:00.477674703Z wandb: Adding directory to artifact (/data/batch20260917/n16/runs/batch20260918-b00-s6/checkpoints/epoch-0350)... Done. 0.0s
2026-09-19T02:27:05.675927229Z [wandb] artifact resume-batch20260918-b00-s6:v13 committed (5 files)
2026-09-19T02:29:19.054348273Z [epoch 351/1000] EBOPs=726417 target=350000 beta=0.001 val_AUC=0.698995 val_accuracy=0.380798 seconds=106.9 checkpoint=epoch-0351
2026-09-19T02:31:30.403406259Z [epoch 352/1000] EBOPs=721255 target=350000 beta=0.001 val_AUC=0.707473 val_accuracy=0.412065 seconds=106.1 checkpoint=epoch-0352
2026-09-19T02:33:44.654027927Z [epoch 353/1000] EBOPs=723768 target=350000 beta=0.001 val_AUC=0.701017 val_accuracy=0.397185 seconds=105.8 checkpoint=epoch-0353
2026-09-19T02:36:01.193422744Z [epoch 354/1000] EBOPs=721213 target=350000 beta=0.001 val_AUC=0.703447 val_accuracy=0.397565 seconds=106.5 checkpoint=epoch-0354
2026-09-19T02:38:22.146313580Z [epoch 355/1000] EBOPs=721208 target=350000 beta=0.001 val_AUC=0.706673 val_accuracy=0.404056 seconds=106.6 checkpoint=epoch-0355
2026-09-19T02:40:32.697631058Z [epoch 356/1000] EBOPs=723748 target=350000 beta=0.001 val_AUC=0.697489 val_accuracy=0.387185 seconds=105.8 checkpoint=epoch-0356
2026-09-19T02:43:02.228231807Z [epoch 357/1000] EBOPs=721218 target=350000 beta=0.001 val_AUC=0.713352 val_accuracy=0.414823 seconds=105.8 checkpoint=epoch-0357
2026-09-19T02:45:17.497751644Z [epoch 358/1000] EBOPs=721730 target=350000 beta=0.001 val_AUC=0.702875 val_accuracy=0.404927 seconds=104.2 checkpoint=epoch-0358
2026-09-19T02:47:35.780998265Z [epoch 359/1000] EBOPs=721784 target=350000 beta=0.001 val_AUC=0.684419 val_accuracy=0.363960 seconds=104.8 checkpoint=epoch-0359
2026-09-19T02:49:46.728220436Z [epoch 360/1000] EBOPs=721267 target=350000 beta=0.001 val_AUC=0.691462 val_accuracy=0.382460 seconds=105.2 checkpoint=epoch-0360
2026-09-19T02:51:59.950174272Z [epoch 361/1000] EBOPs=721220 target=350000 beta=0.001 val_AUC=0.689118 val_accuracy=0.398024 seconds=104.8 checkpoint=epoch-0361
2026-09-19T02:54:11.525541227Z [epoch 362/1000] EBOPs=725289 target=350000 beta=0.001 val_AUC=0.685268 val_accuracy=0.360734 seconds=104.3 checkpoint=epoch-0362
2026-09-19T02:56:22.505140540Z [epoch 363/1000] EBOPs=721213 target=350000 beta=0.001 val_AUC=0.695002 val_accuracy=0.363371 seconds=103.5 checkpoint=epoch-0363
2026-09-19T02:58:32.665108523Z [epoch 364/1000] EBOPs=725400 target=350000 beta=0.001 val_AUC=0.692823 val_accuracy=0.391605 seconds=103.3 checkpoint=epoch-0364
2026-09-19T03:00:47.735732009Z [epoch 365/1000] EBOPs=721735 target=350000 beta=0.001 val_AUC=0.695118 val_accuracy=0.389129 seconds=104.7 checkpoint=epoch-0365
2026-09-19T03:02:59.003572823Z [epoch 366/1000] EBOPs=721235 target=350000 beta=0.001 val_AUC=0.698006 val_accuracy=0.381968 seconds=104.9 checkpoint=epoch-0366
2026-09-19T03:05:09.766174491Z [epoch 367/1000] EBOPs=721183 target=350000 beta=0.001 val_AUC=0.700454 val_accuracy=0.360073 seconds=107.7 checkpoint=epoch-0367
2026-09-19T03:07:22.742194786Z [epoch 368/1000] EBOPs=721240 target=350000 beta=0.001 val_AUC=0.649159 val_accuracy=0.319169 seconds=105.9 checkpoint=epoch-0368
2026-09-19T03:09:41.693638049Z [epoch 369/1000] EBOPs=721193 target=350000 beta=0.001 val_AUC=0.700976 val_accuracy=0.405734 seconds=105.2 checkpoint=epoch-0369
2026-09-19T03:12:04.795169972Z [epoch 370/1000] EBOPs=722227 target=350000 beta=0.001 val_AUC=0.643050 val_accuracy=0.341153 seconds=105.2 checkpoint=epoch-0370
2026-09-19T03:14:17.980142196Z [epoch 371/1000] EBOPs=721752 target=350000 beta=0.001 val_AUC=0.696590 val_accuracy=0.388258 seconds=104.6 checkpoint=epoch-0371
2026-09-19T03:16:31.373734287Z [epoch 372/1000] EBOPs=721208 target=350000 beta=0.001 val_AUC=0.695122 val_accuracy=0.392766 seconds=104.2 checkpoint=epoch-0372
2026-09-19T03:18:48.823095893Z [epoch 373/1000] EBOPs=721747 target=350000 beta=0.001 val_AUC=0.700421 val_accuracy=0.383516 seconds=103.9 checkpoint=epoch-0373
2026-09-19T03:21:08.112391725Z [epoch 374/1000] EBOPs=724280 target=350000 beta=0.001 val_AUC=0.661907 val_accuracy=0.338976 seconds=104.9 checkpoint=epoch-0374
2026-09-19T03:23:26.651937157Z [epoch 375/1000] EBOPs=721730 target=350000 beta=0.001 val_AUC=0.693810 val_accuracy=0.357145 seconds=106.6 checkpoint=epoch-0375
2026-09-19T03:23:26.665666550Z wandb: Adding directory to artifact (/data/batch20260917/n16/runs/batch20260918-b00-s6/checkpoints/epoch-0375)... Done. 0.0s
2026-09-19T03:23:31.251762593Z [wandb] artifact resume-batch20260918-b00-s6:v14 committed (5 files)
2026-09-19T03:25:46.970482239Z [epoch 376/1000] EBOPs=721727 target=350000 beta=0.001 val_AUC=0.688144 val_accuracy=0.348137 seconds=106.4 checkpoint=epoch-0376
2026-09-19T03:28:12.975039595Z [epoch 377/1000] EBOPs=721203 target=350000 beta=0.001 val_AUC=0.700744 val_accuracy=0.341516 seconds=105.8 checkpoint=epoch-0377
2026-09-19T03:30:25.642786332Z [epoch 378/1000] EBOPs=721198 target=350000 beta=0.001 val_AUC=0.683553 val_accuracy=0.370460 seconds=105.5 checkpoint=epoch-0378
2026-09-19T03:32:37.840869188Z [epoch 379/1000] EBOPs=721735 target=350000 beta=0.001 val_AUC=0.699457 val_accuracy=0.388855 seconds=104.6 checkpoint=epoch-0379
2026-09-19T03:35:01.545626481Z [epoch 380/1000] EBOPs=721700 target=350000 beta=0.001 val_AUC=0.667720 val_accuracy=0.334234 seconds=104.5 checkpoint=epoch-0380
2026-09-19T03:37:21.096596658Z [epoch 381/1000] EBOPs=721730 target=350000 beta=0.001 val_AUC=0.705504 val_accuracy=0.390403 seconds=106.4 checkpoint=epoch-0381
2026-09-19T03:39:34.929098956Z [epoch 382/1000] EBOPs=721240 target=350000 beta=0.001 val_AUC=0.707359 val_accuracy=0.398774 seconds=105.5 checkpoint=epoch-0382
2026-09-19T03:42:04.024617584Z [epoch 383/1000] EBOPs=721715 target=350000 beta=0.001 val_AUC=0.707304 val_accuracy=0.408702 seconds=105.8 checkpoint=epoch-0383
2026-09-19T03:44:27.008778789Z [epoch 384/1000] EBOPs=721198 target=350000 beta=0.001 val_AUC=0.699134 val_accuracy=0.401871 seconds=104.7 checkpoint=epoch-0384
2026-09-19T03:46:38.016487365Z [epoch 385/1000] EBOPs=721213 target=350000 beta=0.001 val_AUC=0.697997 val_accuracy=0.392540 seconds=103.9 checkpoint=epoch-0385
2026-09-19T03:48:49.370415848Z [epoch 386/1000] EBOPs=723810 target=350000 beta=0.001 val_AUC=0.671347 val_accuracy=0.369419 seconds=104.4 checkpoint=epoch-0386
2026-09-19T03:51:02.814077467Z [epoch 387/1000] EBOPs=721742 target=350000 beta=0.001 val_AUC=0.690431 val_accuracy=0.355363 seconds=104.4 checkpoint=epoch-0387
2026-09-19T03:53:08.530762989Z [epoch 388/1000] EBOPs=721193 target=350000 beta=0.001 val_AUC=0.639897 val_accuracy=0.342976 seconds=104.1 checkpoint=epoch-0388
2026-09-19T03:55:24.122254726Z [epoch 389/1000] EBOPs=721193 target=350000 beta=0.001 val_AUC=0.650735 val_accuracy=0.328395 seconds=104.3 checkpoint=epoch-0389
2026-09-19T03:57:39.445918319Z [epoch 390/1000] EBOPs=722242 target=350000 beta=0.001 val_AUC=0.696345 val_accuracy=0.376306 seconds=105.3 checkpoint=epoch-0390
2026-09-19T03:59:54.438647725Z [epoch 391/1000] EBOPs=721218 target=350000 beta=0.001 val_AUC=0.703544 val_accuracy=0.393718 seconds=106.2 checkpoint=epoch-0391
2026-09-19T04:02:04.757650005Z [epoch 392/1000] EBOPs=721745 target=350000 beta=0.001 val_AUC=0.692317 val_accuracy=0.393758 seconds=105.7 checkpoint=epoch-0392
2026-09-19T04:04:21.392222365Z [epoch 393/1000] EBOPs=721205 target=350000 beta=0.001 val_AUC=0.659672 val_accuracy=0.310226 seconds=105.2 checkpoint=epoch-0393
2026-09-19T04:06:38.567901063Z [epoch 394/1000] EBOPs=721740 target=350000 beta=0.001 val_AUC=0.695276 val_accuracy=0.395121 seconds=104.8 checkpoint=epoch-0394
2026-09-19T04:08:53.128704615Z [epoch 395/1000] EBOPs=721208 target=350000 beta=0.001 val_AUC=0.662337 val_accuracy=0.331218 seconds=104.7 checkpoint=epoch-0395
2026-09-19T04:11:09.845958910Z [epoch 396/1000] EBOPs=721188 target=350000 beta=0.001 val_AUC=0.704441 val_accuracy=0.386903 seconds=105.2 checkpoint=epoch-0396
2026-09-19T04:13:22.120451347Z [epoch 397/1000] EBOPs=721203 target=350000 beta=0.001 val_AUC=0.644811 val_accuracy=0.326444 seconds=105.0 checkpoint=epoch-0397
2026-09-19T04:15:49.891157784Z [epoch 398/1000] EBOPs=721730 target=350000 beta=0.001 val_AUC=0.661988 val_accuracy=0.329298 seconds=104.8 checkpoint=epoch-0398
2026-09-19T04:18:03.211291065Z [epoch 399/1000] EBOPs=721836 target=350000 beta=0.001 val_AUC=0.705260 val_accuracy=0.408024 seconds=104.9 checkpoint=epoch-0399
2026-09-19T04:20:16.306578546Z [epoch 400/1000] EBOPs=721722 target=350000 beta=0.001 val_AUC=0.651301 val_accuracy=0.315903 seconds=106.0 checkpoint=epoch-0400
2026-09-19T04:20:16.318020171Z wandb: Adding directory to artifact (/data/batch20260917/n16/runs/batch20260918-b00-s6/checkpoints/epoch-0400)... Done. 0.0s
2026-09-19T04:20:22.142533098Z [wandb] artifact resume-batch20260918-b00-s6:v15 committed (5 files)
2026-09-19T04:20:22.246934481Z wandb: updating run metadata
2026-09-19T04:20:22.648875876Z wandb: uploading output.log; uploading wandb-summary.json; uploading config.yaml
2026-09-19T04:20:23.054295052Z wandb: 
2026-09-19T04:20:23.054324102Z wandb: Run history:
2026-09-19T04:20:23.054331667Z wandb:          activation_bits/bit_block_0_attn_Wk █▇▇▇▅▅▃▃▂▂▁▁▁▁▁▁▁▁▁▁▁▁▁▁▁▁▁▁▁▁▁▁▁▁▁▁▁▁▁▁
2026-09-19T04:20:23.054352223Z wandb:          activation_bits/bit_block_0_attn_Wo ██▇▇▅▃▃▂▁▁▁▁▁▁▁▁▁▁▁▁▁▁▁▁▁▁▁▁▁▁▁▁▁▁▁▁▁▁▁▁
2026-09-19T04:20:23.054354512Z wandb:          activation_bits/bit_block_0_attn_Wq █████▅▄▂▁▁▁▁▁▁▁▁▁▁▁▁▁▁▁▁▁▁▁▁▁▁▁▁▁▁▁▁▁▁▁▁
2026-09-19T04:20:23.054356626Z wandb:          activation_bits/bit_block_0_attn_Wv █▇▇▇▇▅▅▅▄▄▁▁▁▁▁▁▁▁▁▁▁▁▁▁▁▁▁▁▁▁▁▁▁▁▁▁▁▁▁▁
2026-09-19T04:20:23.054358782Z wandb:    activation_bits/bit_block_0_attn_ctx__in0 ▁▁▁▁▁▁▁▁▁▁▁▁▁▁▁▁▁▁▁▁▁▁▁▁▁▁▁▁▁▁▁▁▁▁▁▁▁▁▁▁
2026-09-19T04:20:23.054360917Z wandb:    activation_bits/bit_block_0_attn_ctx__in1 █▃▂▁▁▁▁▁▁▁▁▁▁▁▁▁▁▁▁▁▁▁▁▁▁▁▁▁▁▁▁▁▁▁▁▁▁▁▁▁
2026-09-19T04:20:23.054362843Z wandb: activation_bits/bit_block_0_attn_scores__in0 ██▆▆▆▄▄▂▂▂▁▁▁▁▁▁▁▁▁▁▁▁▁▁▁▁▁▁▁▁▁▁▁▁▁▁▁▁▁▁
2026-09-19T04:20:23.054364788Z wandb: activation_bits/bit_block_0_attn_scores__in1 ██▆▆▅▄▃▃▂▁▁▁▁▁▁▁▁▁▁▁▁▁▁▁▁▁▁▁▁▁▁▁▁▁▁▁▁▁▁▁
2026-09-19T04:20:23.054366723Z wandb:          activation_bits/bit_block_0_ffn_fc1 ██▇▇▇▇▇▆▅▄▁▁▁▁▁▁▁▁▁▁▁▁▁▁▁▁▁▁▁▁▁▁▁▁▁▁▁▁▁▁
2026-09-19T04:20:23.054368623Z wandb:          activation_bits/bit_block_0_ffn_fc2 ██▇▆▅▃▃▂▂▁▁▁▁▁▁▁▁▁▁▁▁▁▁▁▁▁▁▁▁▁▁▁▁▁▁▁▁▁▁▁
2026-09-19T04:20:23.054371052Z wandb:                                          +35 ...
2026-09-19T04:20:23.054372957Z wandb: 
2026-09-19T04:20:23.054375417Z wandb: Run summary:
2026-09-19T04:20:23.054377528Z wandb:          activation_bits/bit_block_0_attn_Wk 1.03125
2026-09-19T04:20:23.054379400Z wandb:          activation_bits/bit_block_0_attn_Wo 1
2026-09-19T04:20:23.054381591Z wandb:          activation_bits/bit_block_0_attn_Wq 1
2026-09-19T04:20:23.054383648Z wandb:          activation_bits/bit_block_0_attn_Wv 1
2026-09-19T04:20:23.054385526Z wandb:    activation_bits/bit_block_0_attn_ctx__in0 10
2026-09-19T04:20:23.054387500Z wandb:    activation_bits/bit_block_0_attn_ctx__in1 1
2026-09-19T04:20:23.054389402Z wandb: activation_bits/bit_block_0_attn_scores__in0 1
2026-09-19T04:20:23.054391356Z wandb: activation_bits/bit_block_0_attn_scores__in1 1
2026-09-19T04:20:23.054393427Z wandb:          activation_bits/bit_block_0_ffn_fc1 1
2026-09-19T04:20:23.054395257Z wandb:          activation_bits/bit_block_0_ffn_fc2 1
2026-09-19T04:20:23.054397218Z wandb:                                          +39 ...
2026-09-19T04:20:23.054399168Z wandb: 
2026-09-19T04:20:23.054462078Z wandb: 🚀 View run batch20260918-b00-s6 at: https://wandb.ai/kayamaguchi-uc-san-diego/BNJetTag-Batch20260917/runs/7239c1688717
2026-09-19T04:20:23.054472569Z wandb: ⭐️ View project at: https://wandb.ai/kayamaguchi-uc-san-diego/BNJetTag-Batch20260917
2026-09-19T04:20:23.054474990Z wandb: Synced 5 W&B file(s), 0 media file(s), 77 artifact file(s) and 0 other file(s)
2026-09-19T04:20:23.054671028Z wandb: Find logs at: 
2026-09-19T04:20:26.738411744Z SCREENING_RUNG_PASS batch20260918-b00-s6 epochs=400
