2026-09-18T22:34:30.967014130Z /usr/local/lib/python3.12/site-packages/keras/src/models/functional.py:259: UserWarning: The structure of `inputs` doesn't match the expected structure.
2026-09-18T22:34:30.967057046Z Expected: ['engram_input']
2026-09-18T22:34:30.967064058Z Received: inputs=Tensor(shape=(256, 16, 3))
2026-09-18T22:34:30.967070013Z   warnings.warn(msg)
2026-09-18T22:35:15.104148061Z [epoch 86/1000] EBOPs=833782 target=350000 beta=5.38e-06 val_AUC=0.875045 val_accuracy=0.625347 seconds=77.3 checkpoint=epoch-0086
2026-09-18T22:36:32.362547430Z /usr/local/lib/python3.12/site-packages/keras/src/models/functional.py:259: UserWarning: The structure of `inputs` doesn't match the expected structure.
2026-09-18T22:36:32.362577789Z Expected: ['engram_input']
2026-09-18T22:36:32.362582126Z Received: inputs=Tensor(shape=(256, 16, 3))
2026-09-18T22:36:32.362586006Z   warnings.warn(msg)
2026-09-18T22:37:14.053041160Z [epoch 87/1000] EBOPs=830161 target=350000 beta=5.54e-06 val_AUC=0.872661 val_accuracy=0.629024 seconds=77.3 checkpoint=epoch-0087
2026-09-18T22:38:30.745961324Z /usr/local/lib/python3.12/site-packages/keras/src/models/functional.py:259: UserWarning: The structure of `inputs` doesn't match the expected structure.
2026-09-18T22:38:30.745995114Z Expected: ['engram_input']
2026-09-18T22:38:30.746013556Z Received: inputs=Tensor(shape=(256, 16, 3))
2026-09-18T22:38:30.746017345Z   warnings.warn(msg)
2026-09-18T22:39:17.407723238Z [epoch 88/1000] EBOPs=826033 target=350000 beta=5.76e-06 val_AUC=0.877172 val_accuracy=0.630452 seconds=76.7 checkpoint=epoch-0088
2026-09-18T22:40:34.369368653Z /usr/local/lib/python3.12/site-packages/keras/src/models/functional.py:259: UserWarning: The structure of `inputs` doesn't match the expected structure.
2026-09-18T22:40:34.369399017Z Expected: ['engram_input']
2026-09-18T22:40:34.369403056Z Received: inputs=Tensor(shape=(256, 16, 3))
2026-09-18T22:40:34.369406853Z   warnings.warn(msg)
2026-09-18T22:41:31.482892028Z [epoch 89/1000] EBOPs=814481 target=350000 beta=5.98e-06 val_AUC=0.875425 val_accuracy=0.625113 seconds=77.0 checkpoint=epoch-0089
2026-09-18T22:42:47.212578753Z /usr/local/lib/python3.12/site-packages/keras/src/models/functional.py:259: UserWarning: The structure of `inputs` doesn't match the expected structure.
2026-09-18T22:42:47.212610111Z Expected: ['engram_input']
2026-09-18T22:42:47.212614557Z Received: inputs=Tensor(shape=(256, 16, 3))
2026-09-18T22:42:47.212618314Z   warnings.warn(msg)
2026-09-18T22:43:36.170408125Z [epoch 90/1000] EBOPs=801772 target=350000 beta=6.15e-06 val_AUC=0.878584 val_accuracy=0.633315 seconds=75.7 checkpoint=epoch-0090
2026-09-18T22:44:52.691004803Z /usr/local/lib/python3.12/site-packages/keras/src/models/functional.py:259: UserWarning: The structure of `inputs` doesn't match the expected structure.
2026-09-18T22:44:52.691037900Z Expected: ['engram_input']
2026-09-18T22:44:52.691042526Z Received: inputs=Tensor(shape=(256, 16, 3))
2026-09-18T22:44:52.691046782Z   warnings.warn(msg)
2026-09-18T22:45:40.550036271Z [epoch 91/1000] EBOPs=696152 target=350000 beta=6.31e-06 val_AUC=0.877452 val_accuracy=0.629290 seconds=76.5 checkpoint=epoch-0091
2026-09-18T22:46:57.573079190Z /usr/local/lib/python3.12/site-packages/keras/src/models/functional.py:259: UserWarning: The structure of `inputs` doesn't match the expected structure.
2026-09-18T22:46:57.573112889Z Expected: ['engram_input']
2026-09-18T22:46:57.573118398Z Received: inputs=Tensor(shape=(256, 16, 3))
2026-09-18T22:46:57.573122687Z   warnings.warn(msg)
2026-09-18T22:47:51.415642959Z [epoch 92/1000] EBOPs=640253 target=350000 beta=5.67e-06 val_AUC=0.875081 val_accuracy=0.627000 seconds=77.0 checkpoint=epoch-0092
2026-09-18T22:49:08.570689448Z /usr/local/lib/python3.12/site-packages/keras/src/models/functional.py:259: UserWarning: The structure of `inputs` doesn't match the expected structure.
2026-09-18T22:49:08.570733053Z Expected: ['engram_input']
2026-09-18T22:49:08.570739963Z Received: inputs=Tensor(shape=(256, 16, 3))
2026-09-18T22:49:08.570744882Z   warnings.warn(msg)
2026-09-18T22:50:03.730681561Z [epoch 93/1000] EBOPs=623288 target=350000 beta=5.38e-06 val_AUC=0.876601 val_accuracy=0.629782 seconds=77.2 checkpoint=epoch-0093
2026-09-18T22:51:21.033507159Z /usr/local/lib/python3.12/site-packages/keras/src/models/functional.py:259: UserWarning: The structure of `inputs` doesn't match the expected structure.
2026-09-18T22:51:21.033537285Z Expected: ['engram_input']
2026-09-18T22:51:21.033542328Z Received: inputs=Tensor(shape=(256, 16, 3))
2026-09-18T22:51:21.033546433Z   warnings.warn(msg)
2026-09-18T22:52:09.017555812Z [epoch 94/1000] EBOPs=606067 target=350000 beta=5.39e-06 val_AUC=0.872968 val_accuracy=0.621097 seconds=77.3 checkpoint=epoch-0094
2026-09-18T22:53:27.180267432Z /usr/local/lib/python3.12/site-packages/keras/src/models/functional.py:259: UserWarning: The structure of `inputs` doesn't match the expected structure.
2026-09-18T22:53:27.180301467Z Expected: ['engram_input']
2026-09-18T22:53:27.180306872Z Received: inputs=Tensor(shape=(256, 16, 3))
2026-09-18T22:53:27.180323905Z   warnings.warn(msg)
2026-09-18T22:54:23.469145339Z [epoch 95/1000] EBOPs=597198 target=350000 beta=5.39e-06 val_AUC=0.875590 val_accuracy=0.629129 seconds=78.2 checkpoint=epoch-0095
2026-09-18T22:55:41.683717759Z /usr/local/lib/python3.12/site-packages/keras/src/models/functional.py:259: UserWarning: The structure of `inputs` doesn't match the expected structure.
2026-09-18T22:55:41.683748178Z Expected: ['engram_input']
2026-09-18T22:55:41.683752378Z Received: inputs=Tensor(shape=(256, 16, 3))
2026-09-18T22:55:41.683756877Z   warnings.warn(msg)
2026-09-18T22:56:23.600745503Z [epoch 96/1000] EBOPs=579155 target=350000 beta=5.45e-06 val_AUC=0.876475 val_accuracy=0.628185 seconds=78.2 checkpoint=epoch-0096
2026-09-18T22:57:41.655877114Z /usr/local/lib/python3.12/site-packages/keras/src/models/functional.py:259: UserWarning: The structure of `inputs` doesn't match the expected structure.
2026-09-18T22:57:41.655909165Z Expected: ['engram_input']
2026-09-18T22:57:41.655913217Z Received: inputs=Tensor(shape=(256, 16, 3))
2026-09-18T22:57:41.655917114Z   warnings.warn(msg)
2026-09-18T22:58:39.410396638Z [epoch 97/1000] EBOPs=565240 target=350000 beta=5.42e-06 val_AUC=0.873981 val_accuracy=0.622419 seconds=78.1 checkpoint=epoch-0097
2026-09-18T22:59:57.334554650Z /usr/local/lib/python3.12/site-packages/keras/src/models/functional.py:259: UserWarning: The structure of `inputs` doesn't match the expected structure.
2026-09-18T22:59:57.334588130Z Expected: ['engram_input']
2026-09-18T22:59:57.334592616Z Received: inputs=Tensor(shape=(256, 16, 3))
2026-09-18T22:59:57.334596569Z   warnings.warn(msg)
2026-09-18T23:00:46.085997089Z [epoch 98/1000] EBOPs=555209 target=350000 beta=5.42e-06 val_AUC=0.867982 val_accuracy=0.611048 seconds=77.9 checkpoint=epoch-0098
2026-09-18T23:02:03.939004002Z /usr/local/lib/python3.12/site-packages/keras/src/models/functional.py:259: UserWarning: The structure of `inputs` doesn't match the expected structure.
2026-09-18T23:02:03.939065957Z Expected: ['engram_input']
2026-09-18T23:02:03.939073132Z Received: inputs=Tensor(shape=(256, 16, 3))
2026-09-18T23:02:03.939080392Z   warnings.warn(msg)
2026-09-18T23:02:49.555909153Z [epoch 99/1000] EBOPs=540809 target=350000 beta=5.45e-06 val_AUC=0.872210 val_accuracy=0.619210 seconds=77.8 checkpoint=epoch-0099
2026-09-18T23:04:06.551609084Z /usr/local/lib/python3.12/site-packages/keras/src/models/functional.py:259: UserWarning: The structure of `inputs` doesn't match the expected structure.
2026-09-18T23:04:06.551638542Z Expected: ['engram_input']
2026-09-18T23:04:06.551645141Z Received: inputs=Tensor(shape=(256, 16, 3))
2026-09-18T23:04:06.551649218Z   warnings.warn(msg)
2026-09-18T23:05:08.499726166Z [epoch 100/1000] EBOPs=533092 target=350000 beta=5.42e-06 val_AUC=0.869458 val_accuracy=0.610298 seconds=77.0 checkpoint=epoch-0100
2026-09-18T23:05:08.588027245Z wandb: Adding directory to artifact (/data/engram-study-20260918/runs/engram-e02-s1/checkpoints/epoch-0100)... Done. 0.1s
2026-09-18T23:05:12.317645017Z [wandb] artifact resume-engram-e02-s1:v3 committed (5 files)
2026-09-18T23:05:12.422286994Z wandb: updating run metadata
2026-09-18T23:05:12.824030377Z wandb: uploading output.log; uploading wandb-summary.json; uploading config.yaml
2026-09-18T23:05:13.122573916Z wandb: 🚀 View run engram-e02-s1 at: https://wandb.ai/kayamaguchi-uc-san-diego/BNJetTag-Engram-Experimental/runs/5142723bdcfe
2026-09-18T23:05:13.122602892Z wandb: ⭐️ View project at: https://wandb.ai/kayamaguchi-uc-san-diego/BNJetTag-Engram-Experimental
2026-09-18T23:05:13.122607272Z wandb: Synced 5 W&B file(s), 0 media file(s), 23 artifact file(s) and 0 other file(s)
2026-09-18T23:05:32.666854327Z wandb: setting up run 5142723bdcfe
2026-09-18T23:05:33.010466855Z wandb: Resuming run engram-e02-s1
2026-09-18T23:05:33.010540303Z wandb: 🚀 View run at https://wandb.ai/kayamaguchi-uc-san-diego/BNJetTag-Engram-Experimental/runs/5142723bdcfe
2026-09-18T23:05:37.370417984Z [wandb] artifact engram-review-engram-e02-s1:v0 committed (14 files)
2026-09-18T23:05:37.474404723Z wandb: updating run metadata
2026-09-18T23:05:37.876082554Z wandb: uploading output.log; uploading wandb-summary.json; uploading config.yaml; uploading wandb-metadata.json; uploading requirements.txt
2026-09-18T23:05:38.255610838Z wandb: 🚀 View run engram-e02-s1 at: https://wandb.ai/kayamaguchi-uc-san-diego/BNJetTag-Engram-Experimental/runs/5142723bdcfe
2026-09-18T23:05:38.255639338Z wandb: ⭐️ View project at: https://wandb.ai/kayamaguchi-uc-san-diego/BNJetTag-Engram-Experimental
2026-09-18T23:05:38.255643172Z wandb: Synced 5 W&B file(s), 0 media file(s), 15 artifact file(s) and 0 other file(s)
2026-09-18T23:05:38.256397568Z {
2026-09-18T23:05:38.256414943Z   "selection_cost": 533092,
2026-09-18T23:05:38.256419198Z   "selection_cost_convention": "native_hgq2_plus_custom_estimate",
2026-09-18T23:05:38.256422714Z   "native_hgq2_backbone_ebops": 515172,
2026-09-18T23:05:38.256425348Z   "custom_estimated_bitops": 17920,
2026-09-18T23:05:38.256427891Z   "modules": {
2026-09-18T23:05:38.256431289Z     "jet_engram": {
2026-09-18T23:05:38.256434604Z       "convention": "engram_structural_bitops_v1_estimate",
2026-09-18T23:05:38.256437304Z       "estimated_bitops": 17920,
2026-09-18T23:05:38.256439882Z       "components": {
2026-09-18T23:05:38.256442515Z         "encoder_comparisons": 5632,
2026-09-18T23:05:38.256445068Z         "hash_addressing": 0,
2026-09-18T23:05:38.256447507Z         "table_reduction_adds": 0,
2026-09-18T23:05:38.256449982Z         "query_key_dot": 0,
2026-09-18T23:05:38.256452488Z         "gate_affine_clip": 0,
2026-09-18T23:05:38.256454997Z         "gate_value_products": 0,
2026-09-18T23:05:38.256457461Z         "residual_adds": 12288
2026-09-18T23:05:38.256459916Z       },
2026-09-18T23:05:38.256462490Z       "logical_table_bits": 131072,
2026-09-18T23:05:38.256465114Z       "logical_table_bytes": 16384,
2026-09-18T23:05:38.256467595Z       "table_read_bits_per_jet": 4096,
2026-09-18T23:05:38.256470080Z       "vector_reads_per_jet": 16,
2026-09-18T23:05:38.256472478Z       "independent_addresses_per_bank_per_jet": 16,
2026-09-18T23:05:38.256474998Z       "two_read_port_replicas_for_whole_jet_ii1": 8,
2026-09-18T23:05:38.256477537Z       "replicated_table_bytes_estimate": 131072,
2026-09-18T23:05:38.256480008Z       "threshold_storage_bits": 336,
2026-09-18T23:05:38.256482394Z       "encoder_comparisons_per_jet": 352,
2026-09-18T23:05:38.256484861Z       "hash_words_per_jet": 0,
2026-09-18T23:05:38.256487283Z       "exact_tuple_addressing": true,
2026-09-18T23:05:38.256489682Z       "unpriced_operations": [
2026-09-18T23:05:38.256492089Z         "round/saturate quantizers",
2026-09-18T23:05:38.256494478Z         "validity masks and multiplexers",
2026-09-18T23:05:38.256497064Z         "control and wiring",
2026-09-18T23:05:38.256499467Z         "physical memory block rounding/routing"
2026-09-18T23:05:38.256501894Z       ],
2026-09-18T23:05:38.256504460Z       "hardware_status": "unimplemented; no timing, resource, or II guarantee"
2026-09-18T23:05:38.256506934Z     }
2026-09-18T23:05:38.256509400Z   },
2026-09-18T23:05:38.256512975Z   "warning": "Augmented total is not directly interchangeable with historical native HGQ2 totals.",
2026-09-18T23:05:38.256515414Z   "run": "engram-e02-s1",
2026-09-18T23:05:38.256517927Z   "checkpoint": "model_min_ebops.keras",
2026-09-18T23:05:38.256532015Z   "checkpoint_sha256": "f6309c700d4a727c3c126dcdec077adff00cc215fd60c346bf1e915103b9e9b8",
2026-09-18T23:05:38.256534574Z   "completed_epochs": 100,
2026-09-18T23:05:38.256537044Z   "selected": {
2026-09-18T23:05:38.256539472Z     "epoch": 99,
2026-09-18T23:05:38.256541926Z     "val_macro_auc": 0.8694581403250925,
2026-09-18T23:05:38.256544429Z     "val_categorical_accuracy": 0.6102983870967742,
2026-09-18T23:05:38.256546900Z     "ebops": 533092
2026-09-18T23:05:38.256549452Z   },
2026-09-18T23:05:38.256551943Z   "budget_met": false,
2026-09-18T23:05:38.256554401Z   "validation_accuracy": 0.6102983870967742,
2026-09-18T23:05:38.256558238Z   "validation_macro_auc": 0.86945815285001,
2026-09-18T23:05:38.256560648Z   "validation_per_class_auc": [
2026-09-18T23:05:38.256563075Z     0.8387572071956456,
2026-09-18T23:05:38.256565799Z     0.869682177652637,
2026-09-18T23:05:38.256568173Z     0.8660077798883674,
2026-09-18T23:05:38.256570592Z     0.8514408123326486,
2026-09-18T23:05:38.256573016Z     0.9214027871807515
2026-09-18T23:05:38.256575441Z   ],
2026-09-18T23:05:38.256578016Z   "validation_labels_sha256": "97dedf586443a035071a6ec1ef25acae6841bb0890fa3dfd801c6a3d72ec234e",
2026-09-18T23:05:38.256580555Z   "validation_inputs_sha256": "f33b2d3debcd1ac048935617fe913be328935fadf41d962e8b214cba252a2ca5",
2026-09-18T23:05:38.256582997Z   "seed": 1,
2026-09-18T23:05:38.256585520Z   "test_set_used": false,
2026-09-18T23:05:38.256588103Z   "hardware_validated": false,
2026-09-18T23:05:38.256590588Z   "train_sample_occupied_slots": [
2026-09-18T23:05:38.256593013Z     512
2026-09-18T23:05:38.256595535Z   ],
2026-09-18T23:05:38.256598085Z   "occupancy_note": "Occupancy is not a hash-collision measurement."
2026-09-18T23:05:38.256608695Z }
