2026-09-18T17:30:56.475966469-07:00 [epoch 285/1000] EBOPs=691581 target=350000 beta=0.001 val_AUC=0.703282 val_accuracy=0.399411 seconds=112.7 checkpoint=epoch-0285
2026-09-18T17:33:23.365684309-07:00 [epoch 286/1000] EBOPs=689014 target=350000 beta=0.001 val_AUC=0.698930 val_accuracy=0.394065 seconds=112.9 checkpoint=epoch-0286
2026-09-18T17:35:53.614518458-07:00 [epoch 287/1000] EBOPs=688989 target=350000 beta=0.001 val_AUC=0.701395 val_accuracy=0.386935 seconds=116.2 checkpoint=epoch-0287
2026-09-18T17:38:20.883434605-07:00 [epoch 288/1000] EBOPs=690515 target=350000 beta=0.001 val_AUC=0.699323 val_accuracy=0.407032 seconds=113.3 checkpoint=epoch-0288
2026-09-18T17:40:45.284178988-07:00 [epoch 289/1000] EBOPs=688507 target=350000 beta=0.001 val_AUC=0.694555 val_accuracy=0.398581 seconds=113.5 checkpoint=epoch-0289
2026-09-18T17:43:01.530993100-07:00 [epoch 290/1000] EBOPs=688440 target=350000 beta=0.001 val_AUC=0.705901 val_accuracy=0.389000 seconds=111.9 checkpoint=epoch-0290
2026-09-18T17:45:17.753390848-07:00 [epoch 291/1000] EBOPs=688455 target=350000 beta=0.001 val_AUC=0.693371 val_accuracy=0.397927 seconds=109.8 checkpoint=epoch-0291
2026-09-18T17:47:44.455970013-07:00 [epoch 292/1000] EBOPs=690478 target=350000 beta=0.001 val_AUC=0.671682 val_accuracy=0.392508 seconds=111.8 checkpoint=epoch-0292
2026-09-18T17:50:04.974460436-07:00 [epoch 293/1000] EBOPs=690520 target=350000 beta=0.001 val_AUC=0.692133 val_accuracy=0.400476 seconds=111.0 checkpoint=epoch-0293
2026-09-18T17:52:27.632093125-07:00 [epoch 294/1000] EBOPs=688937 target=350000 beta=0.001 val_AUC=0.701688 val_accuracy=0.407895 seconds=113.0 checkpoint=epoch-0294
2026-09-18T17:54:49.235813761-07:00 [epoch 295/1000] EBOPs=688477 target=350000 beta=0.001 val_AUC=0.693459 val_accuracy=0.402129 seconds=114.1 checkpoint=epoch-0295
2026-09-18T17:57:16.019427926-07:00 [epoch 296/1000] EBOPs=690557 target=350000 beta=0.001 val_AUC=0.696475 val_accuracy=0.399435 seconds=113.9 checkpoint=epoch-0296
2026-09-18T17:59:43.365668508-07:00 [epoch 297/1000] EBOPs=688802 target=350000 beta=0.001 val_AUC=0.694371 val_accuracy=0.404097 seconds=114.2 checkpoint=epoch-0297
2026-09-18T18:02:04.394343095-07:00 [epoch 298/1000] EBOPs=688932 target=350000 beta=0.001 val_AUC=0.681650 val_accuracy=0.351677 seconds=114.1 checkpoint=epoch-0298
2026-09-18T18:04:23.538022168-07:00 [epoch 299/1000] EBOPs=688492 target=350000 beta=0.001 val_AUC=0.703362 val_accuracy=0.399516 seconds=115.1 checkpoint=epoch-0299
2026-09-18T18:06:45.718650713-07:00 [epoch 300/1000] EBOPs=688455 target=350000 beta=0.001 val_AUC=0.697876 val_accuracy=0.400468 seconds=116.9 checkpoint=epoch-0300
2026-09-18T18:06:45.730131870-07:00 wandb: Adding directory to artifact (/data/batch20260917/n16/runs/batch20260918-b03-s6/checkpoints/epoch-0300)... Done. 0.0s
2026-09-18T18:06:50.453691313-07:00 [wandb] artifact resume-batch20260918-b03-s6:v11 committed (5 files)
2026-09-18T18:09:11.403150349-07:00 [epoch 301/1000] EBOPs=688455 target=350000 beta=0.001 val_AUC=0.690310 val_accuracy=0.391452 seconds=114.9 checkpoint=epoch-0301
2026-09-18T18:11:40.258728789-07:00 [epoch 302/1000] EBOPs=688713 target=350000 beta=0.001 val_AUC=0.648349 val_accuracy=0.335331 seconds=113.8 checkpoint=epoch-0302
2026-09-18T18:14:00.047366199-07:00 [epoch 303/1000] EBOPs=691512 target=350000 beta=0.001 val_AUC=0.677264 val_accuracy=0.393169 seconds=113.3 checkpoint=epoch-0303
2026-09-18T18:16:18.616170380-07:00 [epoch 304/1000] EBOPs=688716 target=350000 beta=0.001 val_AUC=0.682463 val_accuracy=0.391694 seconds=109.4 checkpoint=epoch-0304
2026-09-18T18:19:06.502863094-07:00 [epoch 305/1000] EBOPs=688455 target=350000 beta=0.001 val_AUC=0.697600 val_accuracy=0.401694 seconds=109.5 checkpoint=epoch-0305
2026-09-18T18:21:28.100267488-07:00 [epoch 306/1000] EBOPs=690493 target=350000 beta=0.001 val_AUC=0.685921 val_accuracy=0.390581 seconds=112.9 checkpoint=epoch-0306
2026-09-18T18:24:08.566477773-07:00 [epoch 307/1000] EBOPs=688450 target=350000 beta=0.001 val_AUC=0.694206 val_accuracy=0.399484 seconds=113.7 checkpoint=epoch-0307
2026-09-18T18:26:27.406689491-07:00 [epoch 308/1000] EBOPs=688487 target=350000 beta=0.001 val_AUC=0.653141 val_accuracy=0.322653 seconds=113.9 checkpoint=epoch-0308
2026-09-18T18:29:14.954216685-07:00 [epoch 309/1000] EBOPs=688477 target=350000 beta=0.001 val_AUC=0.679428 val_accuracy=0.388016 seconds=114.6 checkpoint=epoch-0309
2026-09-18T18:31:30.915626538-07:00 [epoch 310/1000] EBOPs=692521 target=350000 beta=0.001 val_AUC=0.686307 val_accuracy=0.375492 seconds=111.3 checkpoint=epoch-0310
2026-09-18T18:33:46.436160478-07:00 [epoch 311/1000] EBOPs=690530 target=350000 beta=0.001 val_AUC=0.678076 val_accuracy=0.391734 seconds=111.1 checkpoint=epoch-0311
2026-09-18T18:36:13.881116466-07:00 [epoch 312/1000] EBOPs=688743 target=350000 beta=0.001 val_AUC=0.694518 val_accuracy=0.398798 seconds=112.5 checkpoint=epoch-0312
2026-09-18T18:38:35.191056707-07:00 [epoch 313/1000] EBOPs=688460 target=350000 beta=0.001 val_AUC=0.696005 val_accuracy=0.397056 seconds=112.1 checkpoint=epoch-0313
2026-09-18T18:40:55.375667712-07:00 [epoch 314/1000] EBOPs=688425 target=350000 beta=0.001 val_AUC=0.664828 val_accuracy=0.357823 seconds=112.1 checkpoint=epoch-0314
2026-09-18T18:43:16.538296419-07:00 [epoch 315/1000] EBOPs=691005 target=350000 beta=0.001 val_AUC=0.691517 val_accuracy=0.389234 seconds=110.4 checkpoint=epoch-0315
2026-09-18T18:45:34.233524139-07:00 [epoch 316/1000] EBOPs=688430 target=350000 beta=0.001 val_AUC=0.702084 val_accuracy=0.392000 seconds=113.4 checkpoint=epoch-0316
2026-09-18T18:47:53.537284244-07:00 [epoch 317/1000] EBOPs=691517 target=350000 beta=0.001 val_AUC=0.713940 val_accuracy=0.411702 seconds=114.0 checkpoint=epoch-0317
2026-09-18T18:50:13.624553870-07:00 [epoch 318/1000] EBOPs=688482 target=350000 beta=0.001 val_AUC=0.698185 val_accuracy=0.400952 seconds=113.6 checkpoint=epoch-0318
2026-09-18T18:52:46.618150084-07:00 [epoch 319/1000] EBOPs=688450 target=350000 beta=0.001 val_AUC=0.710812 val_accuracy=0.412532 seconds=113.7 checkpoint=epoch-0319
2026-09-18T18:55:23.927332025-07:00 [epoch 320/1000] EBOPs=690448 target=350000 beta=0.001 val_AUC=0.660194 val_accuracy=0.336274 seconds=109.5 checkpoint=epoch-0320
2026-09-18T18:57:41.264060816-07:00 [epoch 321/1000] EBOPs=689533 target=350000 beta=0.001 val_AUC=0.695619 val_accuracy=0.405234 seconds=111.5 checkpoint=epoch-0321
2026-09-18T19:00:07.791519121-07:00 [epoch 322/1000] EBOPs=692598 target=350000 beta=0.001 val_AUC=0.712665 val_accuracy=0.412266 seconds=113.6 checkpoint=epoch-0322
2026-09-18T19:02:32.455704806-07:00 [epoch 323/1000] EBOPs=688952 target=350000 beta=0.001 val_AUC=0.701048 val_accuracy=0.405524 seconds=114.0 checkpoint=epoch-0323
2026-09-18T19:05:05.131791971-07:00 [epoch 324/1000] EBOPs=689565 target=350000 beta=0.001 val_AUC=0.702230 val_accuracy=0.406355 seconds=112.6 checkpoint=epoch-0324
2026-09-18T19:07:23.566159381-07:00 [epoch 325/1000] EBOPs=690505 target=350000 beta=0.001 val_AUC=0.689956 val_accuracy=0.351581 seconds=113.0 checkpoint=epoch-0325
2026-09-18T19:07:23.577647738-07:00 wandb: Adding directory to artifact (/data/batch20260917/n16/runs/batch20260918-b03-s6/checkpoints/epoch-0325)... Done. 0.0s
2026-09-18T19:07:28.050471981-07:00 [wandb] artifact resume-batch20260918-b03-s6:v12 committed (5 files)
2026-09-18T19:09:48.122117779-07:00 [epoch 326/1000] EBOPs=688947 target=350000 beta=0.001 val_AUC=0.694610 val_accuracy=0.409371 seconds=113.5 checkpoint=epoch-0326
2026-09-18T19:12:22.752371709-07:00 [epoch 327/1000] EBOPs=688460 target=350000 beta=0.001 val_AUC=0.692743 val_accuracy=0.403226 seconds=113.3 checkpoint=epoch-0327
2026-09-18T19:15:00.719395513-07:00 [epoch 328/1000] EBOPs=688440 target=350000 beta=0.001 val_AUC=0.647017 val_accuracy=0.327129 seconds=114.7 checkpoint=epoch-0328
2026-09-18T19:17:30.897554278-07:00 [epoch 329/1000] EBOPs=688482 target=350000 beta=0.001 val_AUC=0.708121 val_accuracy=0.395758 seconds=114.3 checkpoint=epoch-0329
2026-09-18T19:19:58.498382716-07:00 [epoch 330/1000] EBOPs=688728 target=350000 beta=0.001 val_AUC=0.699639 val_accuracy=0.403492 seconds=116.9 checkpoint=epoch-0330
2026-09-18T19:22:16.560237244-07:00 [epoch 331/1000] EBOPs=688497 target=350000 beta=0.001 val_AUC=0.704324 val_accuracy=0.413823 seconds=115.3 checkpoint=epoch-0331
2026-09-18T19:24:50.005220993-07:00 [epoch 332/1000] EBOPs=691000 target=350000 beta=0.001 val_AUC=0.689375 val_accuracy=0.389500 seconds=114.1 checkpoint=epoch-0332
2026-09-18T19:27:06.346306503-07:00 [epoch 333/1000] EBOPs=688440 target=350000 beta=0.001 val_AUC=0.691014 val_accuracy=0.392403 seconds=114.1 checkpoint=epoch-0333
2026-09-18T19:29:28.346372409-07:00 [epoch 334/1000] EBOPs=689026 target=350000 beta=0.001 val_AUC=0.684739 val_accuracy=0.387347 seconds=112.6 checkpoint=epoch-0334
2026-09-18T19:31:48.092212759-07:00 [epoch 335/1000] EBOPs=688467 target=350000 beta=0.001 val_AUC=0.709195 val_accuracy=0.344161 seconds=112.9 checkpoint=epoch-0335
2026-09-18T19:34:16.528233269-07:00 [epoch 336/1000] EBOPs=688937 target=350000 beta=0.001 val_AUC=0.701282 val_accuracy=0.400855 seconds=112.7 checkpoint=epoch-0336
2026-09-18T19:36:39.437385103-07:00 [epoch 337/1000] EBOPs=688455 target=350000 beta=0.001 val_AUC=0.708053 val_accuracy=0.411210 seconds=111.7 checkpoint=epoch-0337
2026-09-18T19:38:52.470801189-07:00 [epoch 338/1000] EBOPs=688467 target=350000 beta=0.001 val_AUC=0.697308 val_accuracy=0.402726 seconds=107.1 checkpoint=epoch-0338
2026-09-18T19:41:04.151418248-07:00 [epoch 339/1000] EBOPs=688487 target=350000 beta=0.001 val_AUC=0.683185 val_accuracy=0.393073 seconds=106.4 checkpoint=epoch-0339
2026-09-18T19:43:12.869403032-07:00 [epoch 340/1000] EBOPs=690458 target=350000 beta=0.001 val_AUC=0.644063 val_accuracy=0.324919 seconds=105.2 checkpoint=epoch-0340
2026-09-18T19:45:23.810792276-07:00 [epoch 341/1000] EBOPs=690980 target=350000 beta=0.001 val_AUC=0.699946 val_accuracy=0.412379 seconds=106.3 checkpoint=epoch-0341
2026-09-18T19:47:34.136436379-07:00 [epoch 342/1000] EBOPs=688455 target=350000 beta=0.001 val_AUC=0.701796 val_accuracy=0.377653 seconds=106.5 checkpoint=epoch-0342
2026-09-18T19:49:52.069084057-07:00 [epoch 343/1000] EBOPs=689213 target=350000 beta=0.001 val_AUC=0.709786 val_accuracy=0.405484 seconds=111.2 checkpoint=epoch-0343
2026-09-18T19:52:10.624958167-07:00 [epoch 344/1000] EBOPs=688514 target=350000 beta=0.001 val_AUC=0.712154 val_accuracy=0.409984 seconds=110.8 checkpoint=epoch-0344
2026-09-18T19:54:23.125921588-07:00 [epoch 345/1000] EBOPs=688979 target=350000 beta=0.001 val_AUC=0.699277 val_accuracy=0.386734 seconds=108.7 checkpoint=epoch-0345
2026-09-18T19:56:39.632017106-07:00 [epoch 346/1000] EBOPs=688467 target=350000 beta=0.001 val_AUC=0.706930 val_accuracy=0.407460 seconds=110.0 checkpoint=epoch-0346
2026-09-18T19:58:52.703573245-07:00 [epoch 347/1000] EBOPs=690008 target=350000 beta=0.001 val_AUC=0.711756 val_accuracy=0.404887 seconds=109.8 checkpoint=epoch-0347
2026-09-18T20:01:06.940070727-07:00 [epoch 348/1000] EBOPs=688728 target=350000 beta=0.001 val_AUC=0.705120 val_accuracy=0.401210 seconds=109.2 checkpoint=epoch-0348
2026-09-18T20:03:36.175626348-07:00 [epoch 349/1000] EBOPs=688492 target=350000 beta=0.001 val_AUC=0.714102 val_accuracy=0.409839 seconds=116.3 checkpoint=epoch-0349
2026-09-18T20:05:52.853660408-07:00 [epoch 350/1000] EBOPs=688977 target=350000 beta=0.001 val_AUC=0.692798 val_accuracy=0.400766 seconds=110.7 checkpoint=epoch-0350
2026-09-18T20:05:52.865304124-07:00 wandb: Adding directory to artifact (/data/batch20260917/n16/runs/batch20260918-b03-s6/checkpoints/epoch-0350)... Done. 0.0s
2026-09-18T20:05:57.536335300-07:00 [wandb] artifact resume-batch20260918-b03-s6:v13 committed (5 files)
2026-09-18T20:08:24.663514164-07:00 [epoch 351/1000] EBOPs=688475 target=350000 beta=0.001 val_AUC=0.701642 val_accuracy=0.404629 seconds=111.7 checkpoint=epoch-0351
2026-09-18T20:10:50.309849506-07:00 [epoch 352/1000] EBOPs=688445 target=350000 beta=0.001 val_AUC=0.702223 val_accuracy=0.410540 seconds=112.1 checkpoint=epoch-0352
2026-09-18T20:13:12.503118613-07:00 [epoch 353/1000] EBOPs=689228 target=350000 beta=0.001 val_AUC=0.705765 val_accuracy=0.404532 seconds=110.4 checkpoint=epoch-0353
2026-09-18T20:15:52.474569305-07:00 [epoch 354/1000] EBOPs=688430 target=350000 beta=0.001 val_AUC=0.707936 val_accuracy=0.408839 seconds=109.4 checkpoint=epoch-0354
2026-09-18T20:18:09.032559169-07:00 [epoch 355/1000] EBOPs=688477 target=350000 beta=0.001 val_AUC=0.697007 val_accuracy=0.393992 seconds=108.7 checkpoint=epoch-0355
2026-09-18T20:20:24.868083740-07:00 [epoch 356/1000] EBOPs=688437 target=350000 beta=0.001 val_AUC=0.662933 val_accuracy=0.297548 seconds=109.3 checkpoint=epoch-0356
2026-09-18T20:22:38.200785543-07:00 [epoch 357/1000] EBOPs=688425 target=350000 beta=0.001 val_AUC=0.671341 val_accuracy=0.343669 seconds=108.9 checkpoint=epoch-0357
2026-09-18T20:25:03.554027952-07:00 [epoch 358/1000] EBOPs=688509 target=350000 beta=0.001 val_AUC=0.704551 val_accuracy=0.400000 seconds=108.6 checkpoint=epoch-0358
2026-09-18T20:27:24.093791062-07:00 [epoch 359/1000] EBOPs=688467 target=350000 beta=0.001 val_AUC=0.700615 val_accuracy=0.392573 seconds=115.3 checkpoint=epoch-0359
2026-09-18T20:29:51.212004353-07:00 [epoch 360/1000] EBOPs=688450 target=350000 beta=0.001 val_AUC=0.657733 val_accuracy=0.331016 seconds=113.0 checkpoint=epoch-0360
2026-09-18T20:32:09.381696277-07:00 [epoch 361/1000] EBOPs=688482 target=350000 beta=0.001 val_AUC=0.697452 val_accuracy=0.409992 seconds=113.6 checkpoint=epoch-0361
2026-09-18T20:34:31.203804099-07:00 [epoch 362/1000] EBOPs=688435 target=350000 beta=0.001 val_AUC=0.695734 val_accuracy=0.396016 seconds=112.7 checkpoint=epoch-0362
2026-09-18T20:36:40.967615656-07:00 [epoch 363/1000] EBOPs=688445 target=350000 beta=0.001 val_AUC=0.659001 val_accuracy=0.337250 seconds=109.2 checkpoint=epoch-0363
2026-09-18T20:39:02.333249501-07:00 [epoch 364/1000] EBOPs=690498 target=350000 beta=0.001 val_AUC=0.707824 val_accuracy=0.396597 seconds=111.0 checkpoint=epoch-0364
2026-09-18T20:41:23.296363860-07:00 [epoch 365/1000] EBOPs=688445 target=350000 beta=0.001 val_AUC=0.700658 val_accuracy=0.401968 seconds=111.8 checkpoint=epoch-0365
2026-09-18T20:43:50.559160781-07:00 [epoch 366/1000] EBOPs=688519 target=350000 beta=0.001 val_AUC=0.702481 val_accuracy=0.399613 seconds=114.2 checkpoint=epoch-0366
2026-09-18T20:46:07.816031020-07:00 [epoch 367/1000] EBOPs=688462 target=350000 beta=0.001 val_AUC=0.666851 val_accuracy=0.335911 seconds=111.2 checkpoint=epoch-0367
2026-09-18T20:48:28.244795934-07:00 [epoch 368/1000] EBOPs=690515 target=350000 beta=0.001 val_AUC=0.664575 val_accuracy=0.341548 seconds=111.6 checkpoint=epoch-0368
2026-09-18T20:50:45.901604021-07:00 [epoch 369/1000] EBOPs=688984 target=350000 beta=0.001 val_AUC=0.686510 val_accuracy=0.401694 seconds=110.3 checkpoint=epoch-0369
2026-09-18T20:53:26.640393004-07:00 [epoch 370/1000] EBOPs=688445 target=350000 beta=0.001 val_AUC=0.681734 val_accuracy=0.403556 seconds=108.7 checkpoint=epoch-0370
2026-09-18T20:55:44.473367775-07:00 [epoch 371/1000] EBOPs=688937 target=350000 beta=0.001 val_AUC=0.688992 val_accuracy=0.335685 seconds=107.9 checkpoint=epoch-0371
2026-09-18T20:58:06.520536441-07:00 [epoch 372/1000] EBOPs=688497 target=350000 beta=0.001 val_AUC=0.687498 val_accuracy=0.402839 seconds=107.6 checkpoint=epoch-0372
2026-09-18T21:00:16.655858580-07:00 [epoch 373/1000] EBOPs=688979 target=350000 beta=0.001 val_AUC=0.710892 val_accuracy=0.406194 seconds=107.2 checkpoint=epoch-0373
2026-09-18T21:02:37.339511425-07:00 [epoch 374/1000] EBOPs=688400 target=350000 beta=0.001 val_AUC=0.656211 val_accuracy=0.342032 seconds=107.1 checkpoint=epoch-0374
2026-09-18T21:05:02.139271509-07:00 [epoch 375/1000] EBOPs=690493 target=350000 beta=0.001 val_AUC=0.699451 val_accuracy=0.402000 seconds=110.2 checkpoint=epoch-0375
2026-09-18T21:05:02.152232031-07:00 wandb: Adding directory to artifact (/data/batch20260917/n16/runs/batch20260918-b03-s6/checkpoints/epoch-0375)... Done. 0.0s
2026-09-18T21:05:08.336460309-07:00 [wandb] artifact resume-batch20260918-b03-s6:v14 committed (5 files)
2026-09-18T21:07:30.679413490-07:00 [epoch 376/1000] EBOPs=689511 target=350000 beta=0.001 val_AUC=0.683598 val_accuracy=0.395960 seconds=114.7 checkpoint=epoch-0376
2026-09-18T21:09:50.814909228-07:00 [epoch 377/1000] EBOPs=690478 target=350000 beta=0.001 val_AUC=0.650315 val_accuracy=0.340581 seconds=112.3 checkpoint=epoch-0377
2026-09-18T21:12:11.431017988-07:00 [epoch 378/1000] EBOPs=689489 target=350000 beta=0.001 val_AUC=0.706084 val_accuracy=0.409113 seconds=114.2 checkpoint=epoch-0378
2026-09-18T21:14:28.572043809-07:00 [epoch 379/1000] EBOPs=690493 target=350000 beta=0.001 val_AUC=0.693232 val_accuracy=0.385024 seconds=113.2 checkpoint=epoch-0379
2026-09-18T21:16:50.808354052-07:00 [epoch 380/1000] EBOPs=688420 target=350000 beta=0.001 val_AUC=0.651734 val_accuracy=0.310274 seconds=113.3 checkpoint=epoch-0380
2026-09-18T21:19:06.934019239-07:00 [epoch 381/1000] EBOPs=688472 target=350000 beta=0.001 val_AUC=0.678386 val_accuracy=0.395637 seconds=112.7 checkpoint=epoch-0381
2026-09-18T21:21:27.188468626-07:00 [epoch 382/1000] EBOPs=688691 target=350000 beta=0.001 val_AUC=0.661955 val_accuracy=0.315863 seconds=112.9 checkpoint=epoch-0382
2026-09-18T21:23:49.478279748-07:00 [epoch 383/1000] EBOPs=688410 target=350000 beta=0.001 val_AUC=0.655745 val_accuracy=0.317605 seconds=115.4 checkpoint=epoch-0383
2026-09-18T21:26:06.639056963-07:00 [epoch 384/1000] EBOPs=689459 target=350000 beta=0.001 val_AUC=0.686528 val_accuracy=0.393081 seconds=111.5 checkpoint=epoch-0384
2026-09-18T21:28:32.696263648-07:00 [epoch 385/1000] EBOPs=689489 target=350000 beta=0.001 val_AUC=0.696462 val_accuracy=0.393734 seconds=112.1 checkpoint=epoch-0385
2026-09-18T21:30:47.385525392-07:00 [epoch 386/1000] EBOPs=688487 target=350000 beta=0.001 val_AUC=0.691067 val_accuracy=0.387831 seconds=112.1 checkpoint=epoch-0386
2026-09-18T21:33:02.872871458-07:00 [epoch 387/1000] EBOPs=688465 target=350000 beta=0.001 val_AUC=0.703775 val_accuracy=0.407508 seconds=109.8 checkpoint=epoch-0387
2026-09-18T21:35:15.619779711-07:00 [epoch 388/1000] EBOPs=690990 target=350000 beta=0.001 val_AUC=0.650265 val_accuracy=0.334226 seconds=106.8 checkpoint=epoch-0388
2026-09-18T21:37:39.098436142-07:00 [epoch 389/1000] EBOPs=690502 target=350000 beta=0.001 val_AUC=0.644079 val_accuracy=0.329347 seconds=104.9 checkpoint=epoch-0389
2026-09-18T21:39:48.612876396-07:00 [epoch 390/1000] EBOPs=689720 target=350000 beta=0.001 val_AUC=0.717200 val_accuracy=0.413637 seconds=104.2 checkpoint=epoch-0390
2026-09-18T21:42:10.731819208-07:00 [epoch 391/1000] EBOPs=689481 target=350000 beta=0.001 val_AUC=0.698604 val_accuracy=0.395992 seconds=105.9 checkpoint=epoch-0391
2026-09-18T21:44:22.364847382-07:00 [epoch 392/1000] EBOPs=688445 target=350000 beta=0.001 val_AUC=0.686482 val_accuracy=0.385226 seconds=105.7 checkpoint=epoch-0392
2026-09-18T21:46:41.209237112-07:00 [epoch 393/1000] EBOPs=688979 target=350000 beta=0.001 val_AUC=0.671471 val_accuracy=0.341677 seconds=105.7 checkpoint=epoch-0393
2026-09-18T21:48:53.628920052-07:00 [epoch 394/1000] EBOPs=688420 target=350000 beta=0.001 val_AUC=0.666638 val_accuracy=0.349113 seconds=105.3 checkpoint=epoch-0394
2026-09-18T21:51:07.595333719-07:00 [epoch 395/1000] EBOPs=689464 target=350000 beta=0.001 val_AUC=0.687520 val_accuracy=0.404121 seconds=106.7 checkpoint=epoch-0395
2026-09-18T21:53:20.070559801-07:00 [epoch 396/1000] EBOPs=691325 target=350000 beta=0.001 val_AUC=0.692537 val_accuracy=0.399427 seconds=104.9 checkpoint=epoch-0396
2026-09-18T21:55:43.199033994-07:00 [epoch 397/1000] EBOPs=688487 target=350000 beta=0.001 val_AUC=0.705998 val_accuracy=0.397105 seconds=106.6 checkpoint=epoch-0397
2026-09-18T21:57:57.473866091-07:00 [epoch 398/1000] EBOPs=688435 target=350000 beta=0.001 val_AUC=0.709998 val_accuracy=0.393476 seconds=104.8 checkpoint=epoch-0398
2026-09-18T22:00:09.568255964-07:00 [epoch 399/1000] EBOPs=688405 target=350000 beta=0.001 val_AUC=0.668107 val_accuracy=0.325879 seconds=104.9 checkpoint=epoch-0399
2026-09-18T22:02:29.748452748-07:00 [epoch 400/1000] EBOPs=688425 target=350000 beta=0.001 val_AUC=0.660870 val_accuracy=0.324806 seconds=106.3 checkpoint=epoch-0400
2026-09-18T22:02:29.759889785-07:00 wandb: Adding directory to artifact (/data/batch20260917/n16/runs/batch20260918-b03-s6/checkpoints/epoch-0400)... Done. 0.0s
2026-09-18T22:02:33.861872330-07:00 [wandb] artifact resume-batch20260918-b03-s6:v15 committed (5 files)
2026-09-18T22:02:33.965600628-07:00 wandb: updating run metadata
2026-09-18T22:02:34.367142757-07:00 wandb: uploading config.yaml; uploading output.log; uploading wandb-summary.json
2026-09-18T22:02:34.715783584-07:00 wandb: 
2026-09-18T22:02:34.715806068-07:00 wandb: Run history:
2026-09-18T22:02:34.715810561-07:00 wandb:          activation_bits/bit_block_0_attn_Wk █▇▇▇▆▄▄▃▃▃▁▁▁▁▁▁▁▁▁▁▁▁▁▁▁▁▁▁▁▁▁▁▁▁▁▁▁▁▁▁
2026-09-18T22:02:34.715813817-07:00 wandb:          activation_bits/bit_block_0_attn_Wo ███▅▅▅▅▄▃▁▁▁▁▁▁▁▁▁▁▁▁▁▁▁▁▁▁▁▁▁▁▁▁▁▁▁▁▁▁▁
2026-09-18T22:02:34.715817457-07:00 wandb:          activation_bits/bit_block_0_attn_Wq █▇▇▇▇▇▅▅▄▃▃▂▁▁▁▁▁▁▁▁▁▁▁▁▁▁▁▁▁▁▁▁▁▁▁▁▁▁▁▁
2026-09-18T22:02:34.715820583-07:00 wandb:          activation_bits/bit_block_0_attn_Wv ██▇▇▅▄▄▃▃▂▁▁▁▁▁▁▁▁▁▁▁▁▁▁▁▁▁▁▁▁▁▁▁▁▁▁▁▁▁▁
2026-09-18T22:02:34.715823902-07:00 wandb:    activation_bits/bit_block_0_attn_ctx__in0 ▁▁▁▁▁▁▁▁▁▁▁▁▁▁▁▁▁▁▁▁▁▁▁▁▁▁▁▁▁▁▁▁▁▁▁▁▁▁▁▁
2026-09-18T22:02:34.715826680-07:00 wandb:    activation_bits/bit_block_0_attn_ctx__in1 █▆▅▃▁▁▁▁▁▁▁▁▁▁▁▁▁▁▁▁▁▁▁▁▁▁▁▁▁▁▁▁▁▁▁▁▁▁▁▁
2026-09-18T22:02:34.715829488-07:00 wandb: activation_bits/bit_block_0_attn_scores__in0 ███▆▆▄▄▄▂▂▁▁▁▁▁▁▁▁▁▁▁▁▁▁▁▁▁▁▁▁▁▁▁▁▁▁▁▁▁▁
2026-09-18T22:02:34.715834099-07:00 wandb: activation_bits/bit_block_0_attn_scores__in1 █▆▆▆▆▆▅▅▄▃▃▂▁▁▁▁▁▁▁▁▁▁▁▁▁▁▁▁▁▁▁▁▁▁▁▁▁▁▁▁
2026-09-18T22:02:34.715837319-07:00 wandb:          activation_bits/bit_block_0_ffn_fc1 █▇▇▇▇▆▄▄▄▂▁▁▁▁▁▁▁▁▁▁▁▁▁▁▁▁▁▁▁▁▁▁▁▁▁▁▁▁▁▁
2026-09-18T22:02:34.715857994-07:00 wandb:          activation_bits/bit_block_0_ffn_fc2 █▅▅▅▄▃▃▃▃▃▁▁▁▁▁▁▁▁▁▁▁▁▁▁▁▁▁▁▁▁▁▁▁▁▁▁▁▁▁▁
2026-09-18T22:02:34.715861274-07:00 wandb:                                          +35 ...
2026-09-18T22:02:34.715863311-07:00 wandb: 
2026-09-18T22:02:34.715865757-07:00 wandb: Run summary:
2026-09-18T22:02:34.715867800-07:00 wandb:          activation_bits/bit_block_0_attn_Wk 1
2026-09-18T22:02:34.715869773-07:00 wandb:          activation_bits/bit_block_0_attn_Wo 1
2026-09-18T22:02:34.715871995-07:00 wandb:          activation_bits/bit_block_0_attn_Wq 1
2026-09-18T22:02:34.715873955-07:00 wandb:          activation_bits/bit_block_0_attn_Wv 1
2026-09-18T22:02:34.715875856-07:00 wandb:    activation_bits/bit_block_0_attn_ctx__in0 8
2026-09-18T22:02:34.715878089-07:00 wandb:    activation_bits/bit_block_0_attn_ctx__in1 1
2026-09-18T22:02:34.715880311-07:00 wandb: activation_bits/bit_block_0_attn_scores__in0 1
2026-09-18T22:02:34.715882384-07:00 wandb: activation_bits/bit_block_0_attn_scores__in1 1
2026-09-18T22:02:34.715884334-07:00 wandb:          activation_bits/bit_block_0_ffn_fc1 1
2026-09-18T22:02:34.715886348-07:00 wandb:          activation_bits/bit_block_0_ffn_fc2 1
2026-09-18T22:02:34.715888606-07:00 wandb:                                          +39 ...
2026-09-18T22:02:34.715890533-07:00 wandb: 
2026-09-18T22:02:34.716150012-07:00 wandb: 🚀 View run batch20260918-b03-s6 at: https://wandb.ai/kayamaguchi-uc-san-diego/BNJetTag-Batch20260917/runs/60550ff8dac9
2026-09-18T22:02:34.716157336-07:00 wandb: ⭐️ View project at: https://wandb.ai/kayamaguchi-uc-san-diego/BNJetTag-Batch20260917
2026-09-18T22:02:34.716161908-07:00 wandb: Synced 5 W&B file(s), 0 media file(s), 78 artifact file(s) and 0 other file(s)
2026-09-18T22:02:34.716296893-07:00 wandb: Find logs at: 
2026-09-18T22:02:36.244136624-07:00 SCREENING_RUNG_PASS batch20260918-b03-s6 epochs=400
