2026-09-18T20:06:45.508338110Z [epoch 285/1000] EBOPs=725058 target=350000 beta=0.001 val_AUC=0.661991 val_accuracy=0.333073 seconds=81.2 checkpoint=epoch-0285
2026-09-18T20:08:12.696013929Z [epoch 286/1000] EBOPs=723010 target=350000 beta=0.001 val_AUC=0.659942 val_accuracy=0.301935 seconds=80.3 checkpoint=epoch-0286
2026-09-18T20:09:48.405003227Z [epoch 287/1000] EBOPs=721213 target=350000 beta=0.001 val_AUC=0.663098 val_accuracy=0.325685 seconds=81.1 checkpoint=epoch-0287
2026-09-18T20:11:21.022055931Z [epoch 288/1000] EBOPs=721292 target=350000 beta=0.001 val_AUC=0.670736 val_accuracy=0.321919 seconds=80.9 checkpoint=epoch-0288
2026-09-18T20:12:51.358971550Z [epoch 289/1000] EBOPs=721203 target=350000 beta=0.001 val_AUC=0.625223 val_accuracy=0.293008 seconds=80.4 checkpoint=epoch-0289
2026-09-18T20:14:30.765126776Z [epoch 290/1000] EBOPs=721759 target=350000 beta=0.001 val_AUC=0.614212 val_accuracy=0.295605 seconds=81.2 checkpoint=epoch-0290
2026-09-18T20:16:03.327557262Z [epoch 291/1000] EBOPs=721223 target=350000 beta=0.001 val_AUC=0.630882 val_accuracy=0.261605 seconds=80.9 checkpoint=epoch-0291
2026-09-18T20:17:41.662364698Z [epoch 292/1000] EBOPs=722237 target=350000 beta=0.001 val_AUC=0.629077 val_accuracy=0.274710 seconds=81.3 checkpoint=epoch-0292
2026-09-18T20:19:23.968555175Z [epoch 293/1000] EBOPs=721198 target=350000 beta=0.001 val_AUC=0.627511 val_accuracy=0.289185 seconds=80.9 checkpoint=epoch-0293
2026-09-18T20:20:56.569421287Z [epoch 294/1000] EBOPs=721742 target=350000 beta=0.001 val_AUC=0.622757 val_accuracy=0.244395 seconds=80.9 checkpoint=epoch-0294
2026-09-18T20:22:34.204430023Z [epoch 295/1000] EBOPs=721752 target=350000 beta=0.001 val_AUC=0.619932 val_accuracy=0.273540 seconds=81.1 checkpoint=epoch-0295
2026-09-18T20:24:15.716137976Z [epoch 296/1000] EBOPs=721742 target=350000 beta=0.001 val_AUC=0.649622 val_accuracy=0.313823 seconds=80.8 checkpoint=epoch-0296
2026-09-18T20:25:49.640480017Z [epoch 297/1000] EBOPs=721230 target=350000 beta=0.001 val_AUC=0.627922 val_accuracy=0.264435 seconds=81.1 checkpoint=epoch-0297
2026-09-18T20:27:21.532808837Z [epoch 298/1000] EBOPs=721695 target=350000 beta=0.001 val_AUC=0.619857 val_accuracy=0.278839 seconds=80.5 checkpoint=epoch-0298
2026-09-18T20:28:52.997837577Z [epoch 299/1000] EBOPs=721208 target=350000 beta=0.001 val_AUC=0.656085 val_accuracy=0.325984 seconds=80.4 checkpoint=epoch-0299
2026-09-18T20:30:23.452988769Z [epoch 300/1000] EBOPs=721262 target=350000 beta=0.001 val_AUC=0.660470 val_accuracy=0.341581 seconds=79.8 checkpoint=epoch-0300
2026-09-18T20:30:23.478499898Z wandb: Adding directory to artifact (/data/batch20260917/n16/runs/batch20260918-b02-s4/checkpoints/epoch-0300)... Done. 0.0s
2026-09-18T20:30:27.129462962Z [wandb] artifact resume-batch20260918-b02-s4:v11 committed (5 files)
2026-09-18T20:32:05.101903581Z [epoch 301/1000] EBOPs=721208 target=350000 beta=0.001 val_AUC=0.665711 val_accuracy=0.336669 seconds=80.2 checkpoint=epoch-0301
2026-09-18T20:33:41.011452872Z [epoch 302/1000] EBOPs=721710 target=350000 beta=0.001 val_AUC=0.625521 val_accuracy=0.276742 seconds=81.3 checkpoint=epoch-0302
2026-09-18T20:35:15.151212606Z [epoch 303/1000] EBOPs=723822 target=350000 beta=0.001 val_AUC=0.627376 val_accuracy=0.267847 seconds=80.2 checkpoint=epoch-0303
2026-09-18T20:36:51.995150157Z [epoch 304/1000] EBOPs=721233 target=350000 beta=0.001 val_AUC=0.665702 val_accuracy=0.342952 seconds=79.9 checkpoint=epoch-0304
2026-09-18T20:38:22.201005144Z [epoch 305/1000] EBOPs=722774 target=350000 beta=0.001 val_AUC=0.667287 val_accuracy=0.331202 seconds=80.9 checkpoint=epoch-0305
2026-09-18T20:39:58.908824981Z [epoch 306/1000] EBOPs=721193 target=350000 beta=0.001 val_AUC=0.660529 val_accuracy=0.336081 seconds=82.0 checkpoint=epoch-0306
2026-09-18T20:41:35.007728032Z [epoch 307/1000] EBOPs=721287 target=350000 beta=0.001 val_AUC=0.636903 val_accuracy=0.315298 seconds=81.0 checkpoint=epoch-0307
2026-09-18T20:43:12.580530634Z [epoch 308/1000] EBOPs=721225 target=350000 beta=0.001 val_AUC=0.589354 val_accuracy=0.224371 seconds=80.7 checkpoint=epoch-0308
2026-09-18T20:44:43.473898307Z [epoch 309/1000] EBOPs=721747 target=350000 beta=0.001 val_AUC=0.649065 val_accuracy=0.325548 seconds=79.9 checkpoint=epoch-0309
2026-09-18T20:46:18.949156445Z [epoch 310/1000] EBOPs=721220 target=350000 beta=0.001 val_AUC=0.598344 val_accuracy=0.294790 seconds=81.9 checkpoint=epoch-0310
2026-09-18T20:47:59.784602397Z [epoch 311/1000] EBOPs=721228 target=350000 beta=0.001 val_AUC=0.650091 val_accuracy=0.297952 seconds=80.9 checkpoint=epoch-0311
2026-09-18T20:49:30.561420591Z [epoch 312/1000] EBOPs=721208 target=350000 beta=0.001 val_AUC=0.656338 val_accuracy=0.329185 seconds=80.5 checkpoint=epoch-0312
2026-09-18T20:50:59.422909292Z [epoch 313/1000] EBOPs=721725 target=350000 beta=0.001 val_AUC=0.637210 val_accuracy=0.274032 seconds=80.6 checkpoint=epoch-0313
2026-09-18T20:52:37.958300993Z [epoch 314/1000] EBOPs=721700 target=350000 beta=0.001 val_AUC=0.611495 val_accuracy=0.263774 seconds=79.9 checkpoint=epoch-0314
2026-09-18T20:54:08.689661059Z [epoch 315/1000] EBOPs=721725 target=350000 beta=0.001 val_AUC=0.639655 val_accuracy=0.288444 seconds=80.2 checkpoint=epoch-0315
2026-09-18T20:55:41.570962394Z [epoch 316/1000] EBOPs=721250 target=350000 beta=0.001 val_AUC=0.652103 val_accuracy=0.298726 seconds=80.9 checkpoint=epoch-0316
2026-09-18T20:57:12.277433210Z [epoch 317/1000] EBOPs=721223 target=350000 beta=0.001 val_AUC=0.601366 val_accuracy=0.292944 seconds=81.0 checkpoint=epoch-0317
2026-09-18T20:58:40.943098603Z [epoch 318/1000] EBOPs=721319 target=350000 beta=0.001 val_AUC=0.652278 val_accuracy=0.308492 seconds=80.5 checkpoint=epoch-0318
2026-09-18T21:00:14.626593454Z [epoch 319/1000] EBOPs=721198 target=350000 beta=0.001 val_AUC=0.606221 val_accuracy=0.284266 seconds=80.0 checkpoint=epoch-0319
2026-09-18T21:01:48.890042939Z [epoch 320/1000] EBOPs=721257 target=350000 beta=0.001 val_AUC=0.585860 val_accuracy=0.254823 seconds=81.0 checkpoint=epoch-0320
2026-09-18T21:03:26.020193929Z [epoch 321/1000] EBOPs=721287 target=350000 beta=0.001 val_AUC=0.644582 val_accuracy=0.286919 seconds=81.2 checkpoint=epoch-0321
2026-09-18T21:05:01.299980256Z [epoch 322/1000] EBOPs=722217 target=350000 beta=0.001 val_AUC=0.631046 val_accuracy=0.320040 seconds=81.0 checkpoint=epoch-0322
2026-09-18T21:06:43.414871009Z [epoch 323/1000] EBOPs=721203 target=350000 beta=0.001 val_AUC=0.622728 val_accuracy=0.295669 seconds=81.2 checkpoint=epoch-0323
2026-09-18T21:08:20.447227371Z [epoch 324/1000] EBOPs=721287 target=350000 beta=0.001 val_AUC=0.628717 val_accuracy=0.311218 seconds=79.8 checkpoint=epoch-0324
2026-09-18T21:09:50.986954695Z [epoch 325/1000] EBOPs=721218 target=350000 beta=0.001 val_AUC=0.644324 val_accuracy=0.311508 seconds=80.6 checkpoint=epoch-0325
2026-09-18T21:09:51.014083811Z wandb: Adding directory to artifact (/data/batch20260917/n16/runs/batch20260918-b02-s4/checkpoints/epoch-0325)... Done. 0.0s
2026-09-18T21:09:54.543636616Z [wandb] artifact resume-batch20260918-b02-s4:v12 committed (5 files)
2026-09-18T21:11:26.724281883Z [epoch 326/1000] EBOPs=721208 target=350000 beta=0.001 val_AUC=0.648410 val_accuracy=0.344048 seconds=80.7 checkpoint=epoch-0326
2026-09-18T21:12:54.745309999Z [epoch 327/1000] EBOPs=721240 target=350000 beta=0.001 val_AUC=0.633193 val_accuracy=0.330831 seconds=80.0 checkpoint=epoch-0327
2026-09-18T21:14:28.669384340Z [epoch 328/1000] EBOPs=721235 target=350000 beta=0.001 val_AUC=0.614762 val_accuracy=0.295573 seconds=81.2 checkpoint=epoch-0328
2026-09-18T21:15:56.978655421Z [epoch 329/1000] EBOPs=721208 target=350000 beta=0.001 val_AUC=0.607982 val_accuracy=0.275548 seconds=81.1 checkpoint=epoch-0329
2026-09-18T21:17:34.815774912Z [epoch 330/1000] EBOPs=721250 target=350000 beta=0.001 val_AUC=0.629089 val_accuracy=0.319984 seconds=80.9 checkpoint=epoch-0330
2026-09-18T21:19:15.223923387Z [epoch 331/1000] EBOPs=721255 target=350000 beta=0.001 val_AUC=0.623460 val_accuracy=0.341911 seconds=81.2 checkpoint=epoch-0331
2026-09-18T21:21:02.083122704Z [epoch 332/1000] EBOPs=724344 target=350000 beta=0.001 val_AUC=0.613879 val_accuracy=0.291024 seconds=80.6 checkpoint=epoch-0332
2026-09-18T21:22:35.054420354Z [epoch 333/1000] EBOPs=721198 target=350000 beta=0.001 val_AUC=0.610278 val_accuracy=0.290194 seconds=80.8 checkpoint=epoch-0333
2026-09-18T21:24:12.419643627Z [epoch 334/1000] EBOPs=723778 target=350000 beta=0.001 val_AUC=0.655087 val_accuracy=0.353573 seconds=81.1 checkpoint=epoch-0334
2026-09-18T21:25:50.977533877Z [epoch 335/1000] EBOPs=721434 target=350000 beta=0.001 val_AUC=0.595970 val_accuracy=0.291532 seconds=80.5 checkpoint=epoch-0335
2026-09-18T21:27:21.506810506Z [epoch 336/1000] EBOPs=721469 target=350000 beta=0.001 val_AUC=0.650932 val_accuracy=0.320444 seconds=81.0 checkpoint=epoch-0336
2026-09-18T21:28:50.238887804Z [epoch 337/1000] EBOPs=721299 target=350000 beta=0.001 val_AUC=0.651061 val_accuracy=0.338137 seconds=81.0 checkpoint=epoch-0337
2026-09-18T21:30:29.766626043Z [epoch 338/1000] EBOPs=721245 target=350000 beta=0.001 val_AUC=0.651506 val_accuracy=0.331242 seconds=80.9 checkpoint=epoch-0338
2026-09-18T21:32:25.133646964Z [epoch 339/1000] EBOPs=721218 target=350000 beta=0.001 val_AUC=0.649622 val_accuracy=0.329952 seconds=81.2 checkpoint=epoch-0339
2026-09-18T21:34:01.624113817Z [epoch 340/1000] EBOPs=721218 target=350000 beta=0.001 val_AUC=0.646002 val_accuracy=0.315726 seconds=81.2 checkpoint=epoch-0340
2026-09-18T21:35:35.557059305Z [epoch 341/1000] EBOPs=721695 target=350000 beta=0.001 val_AUC=0.608433 val_accuracy=0.269306 seconds=80.2 checkpoint=epoch-0341
2026-09-18T21:37:04.826135570Z [epoch 342/1000] EBOPs=721213 target=350000 beta=0.001 val_AUC=0.645623 val_accuracy=0.347460 seconds=79.9 checkpoint=epoch-0342
2026-09-18T21:38:43.256571375Z [epoch 343/1000] EBOPs=721223 target=350000 beta=0.001 val_AUC=0.649775 val_accuracy=0.358371 seconds=80.6 checkpoint=epoch-0343
2026-09-18T21:40:20.507336228Z [epoch 344/1000] EBOPs=721255 target=350000 beta=0.001 val_AUC=0.646093 val_accuracy=0.322710 seconds=81.0 checkpoint=epoch-0344
2026-09-18T21:42:00.062562401Z [epoch 345/1000] EBOPs=721747 target=350000 beta=0.001 val_AUC=0.649046 val_accuracy=0.331855 seconds=79.9 checkpoint=epoch-0345
2026-09-18T21:43:47.385065588Z [epoch 346/1000] EBOPs=721730 target=350000 beta=0.001 val_AUC=0.681833 val_accuracy=0.375137 seconds=81.1 checkpoint=epoch-0346
2026-09-18T21:45:25.485704721Z [epoch 347/1000] EBOPs=724285 target=350000 beta=0.001 val_AUC=0.647544 val_accuracy=0.294548 seconds=81.1 checkpoint=epoch-0347
2026-09-18T21:46:58.090022758Z [epoch 348/1000] EBOPs=727391 target=350000 beta=0.001 val_AUC=0.642903 val_accuracy=0.292387 seconds=80.3 checkpoint=epoch-0348
2026-09-18T21:48:30.526626447Z [epoch 349/1000] EBOPs=721225 target=350000 beta=0.001 val_AUC=0.634575 val_accuracy=0.294234 seconds=81.2 checkpoint=epoch-0349
2026-09-18T21:50:03.936013072Z [epoch 350/1000] EBOPs=721218 target=350000 beta=0.001 val_AUC=0.665431 val_accuracy=0.326734 seconds=81.1 checkpoint=epoch-0350
2026-09-18T21:50:03.961860308Z wandb: Adding directory to artifact (/data/batch20260917/n16/runs/batch20260918-b02-s4/checkpoints/epoch-0350)... Done. 0.0s
2026-09-18T21:50:07.474661358Z [wandb] artifact resume-batch20260918-b02-s4:v13 committed (5 files)
2026-09-18T21:51:45.455168105Z [epoch 351/1000] EBOPs=721287 target=350000 beta=0.001 val_AUC=0.690906 val_accuracy=0.365798 seconds=81.2 checkpoint=epoch-0351
2026-09-18T21:53:21.388253078Z [epoch 352/1000] EBOPs=721272 target=350000 beta=0.001 val_AUC=0.689162 val_accuracy=0.385960 seconds=81.0 checkpoint=epoch-0352
2026-09-18T21:55:10.194655019Z [epoch 353/1000] EBOPs=721203 target=350000 beta=0.001 val_AUC=0.674977 val_accuracy=0.360605 seconds=81.2 checkpoint=epoch-0353
2026-09-18T21:56:42.887398435Z [epoch 354/1000] EBOPs=721228 target=350000 beta=0.001 val_AUC=0.670602 val_accuracy=0.352790 seconds=81.0 checkpoint=epoch-0354
2026-09-18T21:58:23.641906653Z [epoch 355/1000] EBOPs=726350 target=350000 beta=0.001 val_AUC=0.649850 val_accuracy=0.321169 seconds=81.2 checkpoint=epoch-0355
2026-09-18T21:59:58.911497064Z [epoch 356/1000] EBOPs=721193 target=350000 beta=0.001 val_AUC=0.651764 val_accuracy=0.310524 seconds=80.8 checkpoint=epoch-0356
2026-09-18T22:01:37.183162500Z [epoch 357/1000] EBOPs=721228 target=350000 beta=0.001 val_AUC=0.643314 val_accuracy=0.300129 seconds=81.1 checkpoint=epoch-0357
2026-09-18T22:03:22.136553486Z [epoch 358/1000] EBOPs=724307 target=350000 beta=0.001 val_AUC=0.652270 val_accuracy=0.303476 seconds=81.2 checkpoint=epoch-0358
2026-09-18T22:05:00.621346494Z [epoch 359/1000] EBOPs=721203 target=350000 beta=0.001 val_AUC=0.618223 val_accuracy=0.216556 seconds=79.9 checkpoint=epoch-0359
2026-09-18T22:06:38.166528647Z [epoch 360/1000] EBOPs=724344 target=350000 beta=0.001 val_AUC=0.665422 val_accuracy=0.318605 seconds=80.8 checkpoint=epoch-0360
2026-09-18T22:08:24.561283656Z [epoch 361/1000] EBOPs=721213 target=350000 beta=0.001 val_AUC=0.657406 val_accuracy=0.339315 seconds=79.8 checkpoint=epoch-0361
2026-09-18T22:10:03.029686948Z [epoch 362/1000] EBOPs=723773 target=350000 beta=0.001 val_AUC=0.641070 val_accuracy=0.305524 seconds=80.3 checkpoint=epoch-0362
2026-09-18T22:11:34.595675918Z [epoch 363/1000] EBOPs=721459 target=350000 beta=0.001 val_AUC=0.662841 val_accuracy=0.305903 seconds=81.1 checkpoint=epoch-0363
2026-09-18T22:13:11.749840616Z [epoch 364/1000] EBOPs=724275 target=350000 beta=0.001 val_AUC=0.652195 val_accuracy=0.315919 seconds=81.0 checkpoint=epoch-0364
2026-09-18T22:14:45.038987912Z [epoch 365/1000] EBOPs=721700 target=350000 beta=0.001 val_AUC=0.652644 val_accuracy=0.317589 seconds=81.1 checkpoint=epoch-0365
2026-09-18T22:16:17.670240623Z [epoch 366/1000] EBOPs=721735 target=350000 beta=0.001 val_AUC=0.685912 val_accuracy=0.373532 seconds=80.9 checkpoint=epoch-0366
2026-09-18T22:18:02.087390308Z [epoch 367/1000] EBOPs=721700 target=350000 beta=0.001 val_AUC=0.644598 val_accuracy=0.259000 seconds=80.5 checkpoint=epoch-0367
2026-09-18T22:19:34.642441641Z [epoch 368/1000] EBOPs=721715 target=350000 beta=0.001 val_AUC=0.644223 val_accuracy=0.311573 seconds=81.1 checkpoint=epoch-0368
2026-09-18T22:21:07.680818414Z [epoch 369/1000] EBOPs=724280 target=350000 beta=0.001 val_AUC=0.649224 val_accuracy=0.312395 seconds=81.1 checkpoint=epoch-0369
2026-09-18T22:22:47.358636162Z [epoch 370/1000] EBOPs=722008 target=350000 beta=0.001 val_AUC=0.683778 val_accuracy=0.365726 seconds=81.1 checkpoint=epoch-0370
2026-09-18T22:24:43.390328938Z [epoch 371/1000] EBOPs=724797 target=350000 beta=0.001 val_AUC=0.642809 val_accuracy=0.268718 seconds=81.0 checkpoint=epoch-0371
2026-09-18T22:26:20.589844751Z [epoch 372/1000] EBOPs=721233 target=350000 beta=0.001 val_AUC=0.690952 val_accuracy=0.365040 seconds=80.7 checkpoint=epoch-0372
2026-09-18T22:28:21.035394109Z [epoch 373/1000] EBOPs=721486 target=350000 beta=0.001 val_AUC=0.631475 val_accuracy=0.225113 seconds=80.6 checkpoint=epoch-0373
2026-09-18T22:29:54.198776230Z [epoch 374/1000] EBOPs=721208 target=350000 beta=0.001 val_AUC=0.671524 val_accuracy=0.387411 seconds=81.1 checkpoint=epoch-0374
2026-09-18T22:31:25.271837519Z [epoch 375/1000] EBOPs=723768 target=350000 beta=0.001 val_AUC=0.658989 val_accuracy=0.368460 seconds=81.3 checkpoint=epoch-0375
2026-09-18T22:31:25.298228177Z wandb: Adding directory to artifact (/data/batch20260917/n16/runs/batch20260918-b02-s4/checkpoints/epoch-0375)... Done. 0.0s
2026-09-18T22:31:29.047305838Z [wandb] artifact resume-batch20260918-b02-s4:v14 committed (5 files)
2026-09-18T22:33:08.167091756Z [epoch 376/1000] EBOPs=721732 target=350000 beta=0.001 val_AUC=0.675310 val_accuracy=0.375016 seconds=80.3 checkpoint=epoch-0376
2026-09-18T22:34:47.025339145Z [epoch 377/1000] EBOPs=721198 target=350000 beta=0.001 val_AUC=0.637967 val_accuracy=0.290452 seconds=81.1 checkpoint=epoch-0377
2026-09-18T22:36:21.799311182Z [epoch 378/1000] EBOPs=721875 target=350000 beta=0.001 val_AUC=0.624054 val_accuracy=0.306048 seconds=80.0 checkpoint=epoch-0378
2026-09-18T22:37:51.562771615Z [epoch 379/1000] EBOPs=723763 target=350000 beta=0.001 val_AUC=0.676243 val_accuracy=0.328202 seconds=80.5 checkpoint=epoch-0379
2026-09-18T22:39:22.093881967Z [epoch 380/1000] EBOPs=722212 target=350000 beta=0.001 val_AUC=0.635533 val_accuracy=0.331000 seconds=80.1 checkpoint=epoch-0380
2026-09-18T22:41:04.975323269Z [epoch 381/1000] EBOPs=721309 target=350000 beta=0.001 val_AUC=0.613545 val_accuracy=0.286274 seconds=80.7 checkpoint=epoch-0381
2026-09-18T22:42:48.276867747Z [epoch 382/1000] EBOPs=721198 target=350000 beta=0.001 val_AUC=0.676281 val_accuracy=0.375145 seconds=80.9 checkpoint=epoch-0382
2026-09-18T22:44:20.263254518Z [epoch 383/1000] EBOPs=721223 target=350000 beta=0.001 val_AUC=0.644941 val_accuracy=0.267887 seconds=81.5 checkpoint=epoch-0383
2026-09-18T22:46:00.340934060Z [epoch 384/1000] EBOPs=721203 target=350000 beta=0.001 val_AUC=0.616529 val_accuracy=0.309815 seconds=81.1 checkpoint=epoch-0384
2026-09-18T22:47:32.899295075Z [epoch 385/1000] EBOPs=721235 target=350000 beta=0.001 val_AUC=0.664816 val_accuracy=0.358645 seconds=81.0 checkpoint=epoch-0385
2026-09-18T22:49:17.185031092Z [epoch 386/1000] EBOPs=724802 target=350000 beta=0.001 val_AUC=0.645731 val_accuracy=0.323661 seconds=81.2 checkpoint=epoch-0386
2026-09-18T22:50:55.417287903Z [epoch 387/1000] EBOPs=721255 target=350000 beta=0.001 val_AUC=0.657335 val_accuracy=0.355387 seconds=80.0 checkpoint=epoch-0387
2026-09-18T22:52:33.295323467Z [epoch 388/1000] EBOPs=722269 target=350000 beta=0.001 val_AUC=0.668986 val_accuracy=0.374589 seconds=80.8 checkpoint=epoch-0388
2026-09-18T22:54:08.361423501Z [epoch 389/1000] EBOPs=721496 target=350000 beta=0.001 val_AUC=0.663881 val_accuracy=0.339202 seconds=80.4 checkpoint=epoch-0389
2026-09-18T22:55:43.884813666Z [epoch 390/1000] EBOPs=722242 target=350000 beta=0.001 val_AUC=0.678883 val_accuracy=0.378500 seconds=80.9 checkpoint=epoch-0390
2026-09-18T22:57:29.859536484Z [epoch 391/1000] EBOPs=723783 target=350000 beta=0.001 val_AUC=0.657447 val_accuracy=0.366887 seconds=80.1 checkpoint=epoch-0391
2026-09-18T22:59:03.483618683Z [epoch 392/1000] EBOPs=721245 target=350000 beta=0.001 val_AUC=0.664413 val_accuracy=0.323468 seconds=81.2 checkpoint=epoch-0392
2026-09-18T23:00:34.486468897Z [epoch 393/1000] EBOPs=721282 target=350000 beta=0.001 val_AUC=0.650434 val_accuracy=0.315121 seconds=80.2 checkpoint=epoch-0393
2026-09-18T23:02:13.950593768Z [epoch 394/1000] EBOPs=721971 target=350000 beta=0.001 val_AUC=0.646367 val_accuracy=0.333073 seconds=80.5 checkpoint=epoch-0394
2026-09-18T23:03:45.143522912Z [epoch 395/1000] EBOPs=721213 target=350000 beta=0.001 val_AUC=0.671513 val_accuracy=0.385806 seconds=80.2 checkpoint=epoch-0395
2026-09-18T23:05:24.922265698Z [epoch 396/1000] EBOPs=722771 target=350000 beta=0.001 val_AUC=0.683565 val_accuracy=0.383347 seconds=80.3 checkpoint=epoch-0396
2026-09-18T23:07:03.250170260Z [epoch 397/1000] EBOPs=721230 target=350000 beta=0.001 val_AUC=0.683761 val_accuracy=0.376532 seconds=80.3 checkpoint=epoch-0397
2026-09-18T23:08:41.847658696Z [epoch 398/1000] EBOPs=721767 target=350000 beta=0.001 val_AUC=0.663110 val_accuracy=0.353500 seconds=80.9 checkpoint=epoch-0398
2026-09-18T23:10:22.641767014Z [epoch 399/1000] EBOPs=724526 target=350000 beta=0.001 val_AUC=0.667392 val_accuracy=0.365073 seconds=80.4 checkpoint=epoch-0399
2026-09-18T23:11:54.677715388Z [epoch 400/1000] EBOPs=721208 target=350000 beta=0.001 val_AUC=0.648487 val_accuracy=0.336855 seconds=81.3 checkpoint=epoch-0400
2026-09-18T23:11:54.704604943Z wandb: Adding directory to artifact (/data/batch20260917/n16/runs/batch20260918-b02-s4/checkpoints/epoch-0400)... Done. 0.0s
2026-09-18T23:11:58.071383783Z [wandb] artifact resume-batch20260918-b02-s4:v15 committed (5 files)
2026-09-18T23:11:58.174027963Z wandb: updating run metadata
2026-09-18T23:11:58.576744730Z wandb: uploading output.log; uploading wandb-summary.json; uploading config.yaml
2026-09-18T23:11:58.884461936Z wandb: 
2026-09-18T23:11:58.884492727Z wandb: Run history:
2026-09-18T23:11:58.884495677Z wandb:          activation_bits/bit_block_0_attn_Wk █▇▇▇▃▃▃▃▃▃▂▁▁▁▁▁▁▁▁▁▁▁▁▁▁▁▁▁▁▁▁▁▁▁▁▁▁▁▁▁
2026-09-18T23:11:58.884498157Z wandb:          activation_bits/bit_block_0_attn_Wo █▇▇▅▅▃▃▂▂▂▁▁▁▁▁▁▁▁▁▁▁▁▁▁▁▁▁▁▁▁▁▁▁▁▁▁▁▁▁▁
2026-09-18T23:11:58.884500437Z wandb:          activation_bits/bit_block_0_attn_Wq ████▆▆▆▄▃▃▁▁▁▁▁▁▁▁▁▁▁▁▁▁▁▁▁▁▁▁▁▁▁▁▁▁▁▁▁▁
2026-09-18T23:11:58.884515317Z wandb:          activation_bits/bit_block_0_attn_Wv █▆▅▅▄▃▃▁▁▁▁▁▁▁▁▁▁▁▁▁▁▁▁▁▁▁▁▁▁▁▁▁▁▁▁▁▁▁▁▁
2026-09-18T23:11:58.884516757Z wandb:    activation_bits/bit_block_0_attn_ctx__in0 ▁▁▁▁▁▁▁▁▁▁▁▁▁▁▁▁▁▁▁▁▁▁▁▁▁▁▁▁▁▁▁▁▁▁▁▁▁▁▁▁
2026-09-18T23:11:58.884518507Z wandb:    activation_bits/bit_block_0_attn_ctx__in1 █████▅▃▁▁▁▁▁▁▁▁▁▁▁▁▁▁▁▁▁▁▁▁▁▁▁▁▁▁▁▁▁▁▁▁▁
2026-09-18T23:11:58.884520077Z wandb: activation_bits/bit_block_0_attn_scores__in0 █▆▆▄▄▂▂▂▂▁▁▁▁▁▁▁▁▁▁▁▁▁▁▁▁▁▁▁▁▁▁▁▁▁▁▁▁▁▁▁
2026-09-18T23:11:58.884521397Z wandb: activation_bits/bit_block_0_attn_scores__in1 █▆▆▄▄▃▃▂▂▂▁▁▁▁▁▁▁▁▁▁▁▁▁▁▁▁▁▁▁▁▁▁▁▁▁▁▁▁▁▁
2026-09-18T23:11:58.884522727Z wandb:          activation_bits/bit_block_0_ffn_fc1 █▇▇▅▅▃▃▃▂▂▁▁▁▁▁▁▁▁▁▁▁▁▁▁▁▁▁▁▁▁▁▁▁▁▁▁▁▁▁▁
2026-09-18T23:11:58.884524297Z wandb:          activation_bits/bit_block_0_ffn_fc2 █▇▇▇▇▆▆▆▆▅▅▃▃▃▃▁▁▁▁▁▁▁▁▁▁▁▁▁▁▁▁▁▁▁▁▁▁▁▁▁
2026-09-18T23:11:58.884525847Z wandb:                                          +35 ...
2026-09-18T23:11:58.884527177Z wandb: 
2026-09-18T23:11:58.884528937Z wandb: Run summary:
2026-09-18T23:11:58.884530347Z wandb:          activation_bits/bit_block_0_attn_Wk 1
2026-09-18T23:11:58.884531707Z wandb:          activation_bits/bit_block_0_attn_Wo 1
2026-09-18T23:11:58.884533017Z wandb:          activation_bits/bit_block_0_attn_Wq 1
2026-09-18T23:11:58.884534327Z wandb:          activation_bits/bit_block_0_attn_Wv 1
2026-09-18T23:11:58.884535667Z wandb:    activation_bits/bit_block_0_attn_ctx__in0 10
2026-09-18T23:11:58.884536967Z wandb:    activation_bits/bit_block_0_attn_ctx__in1 1
2026-09-18T23:11:58.884538277Z wandb: activation_bits/bit_block_0_attn_scores__in0 1
2026-09-18T23:11:58.884539577Z wandb: activation_bits/bit_block_0_attn_scores__in1 1
2026-09-18T23:11:58.884540897Z wandb:          activation_bits/bit_block_0_ffn_fc1 1
2026-09-18T23:11:58.884542197Z wandb:          activation_bits/bit_block_0_ffn_fc2 1
2026-09-18T23:11:58.884543507Z wandb:                                          +39 ...
2026-09-18T23:11:58.884544827Z wandb: 
2026-09-18T23:11:58.884655737Z wandb: 🚀 View run batch20260918-b02-s4 at: https://wandb.ai/kayamaguchi-uc-san-diego/BNJetTag-Batch20260917/runs/6ddab006f995
2026-09-18T23:11:58.884666047Z wandb: ⭐️ View project at: https://wandb.ai/kayamaguchi-uc-san-diego/BNJetTag-Batch20260917
2026-09-18T23:11:58.884669177Z wandb: Synced 5 W&B file(s), 0 media file(s), 76 artifact file(s) and 0 other file(s)
2026-09-18T23:11:58.884779357Z wandb: Find logs at: 
2026-09-18T23:12:00.361089060Z SCREENING_RUNG_PASS batch20260918-b02-s4 epochs=400
