WARNING: All log messages before absl::InitializeLog() is called are written to STDERR
I0000 00:00:1790817794.345910   74043 cudart_stub.cc:31] Could not find cuda drivers on your machine, GPU will not be used.
WARNING: All log messages before absl::InitializeLog() is called are written to STDERR
I0000 00:00:1790817795.054918   74043 cudart_stub.cc:31] Could not find cuda drivers on your machine, GPU will not be used.
E0000 00:00:1790817795.610263   74043 cuda_platform.cc:52] failed call to cuInit: INTERNAL: CUDA error: Failed call to cuInit: CUDA_ERROR_NO_DEVICE: no CUDA-capable device is detected
[train] L1-realistic feature subset: ['pt', 'etarel', 'phirel']
[train] data: 1 files, 60 jets (48 train / 12 val), class counts [12, 12, 12, 12, 12]
[train] input_std ON: per-feature z-score from train split (|mu|max=7.36, sigma_max=4.142) -> input_std.json
[train] pre_conference-n8-w1a8 params=1 trainable=0 act_sites=0 act_calib=trainable
[train] binary gate OK (1 bit-layers exactly +/-beta)
[train] L1-realistic feature subset: ['pt', 'etarel', 'phirel']
[train] data: 1 files, 60 jets (48 train / 12 val), class counts [12, 12, 12, 12, 12]
[train] input_std ON: per-feature z-score from train split (|mu|max=7.36, sigma_max=4.142) -> input_std.json
[train] pre_conference-n8-w1a8 params=1 trainable=0 act_sites=0 act_calib=trainable
[train] binary gate OK (1 bit-layers exactly +/-beta)
[train] L1-realistic feature subset: ['pt', 'etarel', 'phirel']
[train] data: 1 files, 60 jets (48 train / 12 val), class counts [12, 12, 12, 12, 12]
[train] pt_weights ON: n_bins=8 cap=None class_weight=None (train split only) eff_frac={'g': 0.178, 'q': 1.0, 'W': 1.0, 'Z': 1.0, 't': 1.0}
[train] input_std ON: per-feature z-score from train split (|mu|max=7.36, sigma_max=4.142) -> input_std.json
[train] pre_conference-n8-w1a8 params=1 trainable=0 act_sites=0 act_calib=trainable
[train] binary gate OK (1 bit-layers exactly +/-beta)
[train] L1-realistic feature subset: ['pt', 'etarel', 'phirel']
[train] data: 1 files, 60 jets (48 train / 12 val), class counts [12, 12, 12, 12, 12]
[train] pt_weights ON: n_bins=8 cap=5 class_weight=None (train split only) eff_frac={'g': 0.186, 'q': 1.0, 'W': 1.0, 'Z': 1.0, 't': 1.0}
[train] input_std ON: per-feature z-score from train split (|mu|max=7.36, sigma_max=4.142) -> input_std.json
[train] pre_conference-n8-w1a8 params=1 trainable=0 act_sites=0 act_calib=trainable
[train] binary gate OK (1 bit-layers exactly +/-beta)
[train] L1-realistic feature subset: ['pt', 'etarel', 'phirel']
