==== BENCH_ARM_ATTEMPT 0 2026-09-29T12:01:38Z phase p1-E-k5
ARM_CPUS n=10 requested 4,6-9,20,22-25 seen 4,6-9,20,22-25 OK
BENCH_ARM chang0926-a-n64-s4 tree /work/code devices ['/physical_device:GPU:0'] tf32_enabled False test_cpu False utc 2026-09-29T12:01:42Z
ARM_MANIFEST_SHA 041f981a9d5b8c3a7affb175d82de0ca2df9bc6261a172f67cb365c88b4bbd42 expected 041f981a9d5b8c3a7affb175d82de0ca2df9bc6261a172f67cb365c88b4bbd42 OK
BENCH_CACHE {"x_train": "420ac79dcece207aca849f6ca56e6426586023c9e02f38e5d3ac596fa74d79bc", "x_val": "7b56c1b25bc0d9231767f891ec52455ecb7c5656735fcf9d404104fd2c264d31", "y_train": "a5269398e2c6e5f1fc0db98e1a99a8befea619bf0c55531293d02a286c0dd378", "y_val": "63049d9bdcfdc83af97c58bc6579e1def1ec2d9e7a6c30007793badd75217709"}
[train] chang0926-a-n64-s4 params=31735 resume_epoch=0 initial_ebops=11205067
[epoch 1/7000] EBOPs=10589373 target=350000 above_floor=10417847 feasible=0 degenerate=0 beta=1e-07 val_AUC=0.791351 val_accuracy=0.483871 seconds=117.6 checkpoint=- ebops_trace_seconds=74.34 ebops_trace_over_epoch=0.633 loss=2.614089 host_rss_mb=2304
[epoch 2/7000] EBOPs=untraced in_training_ebops=12109756 target=350000 beta=1e-07 val_AUC=0.865218 val_accuracy=0.596887 seconds=55.0 checkpoint=- ebops_trace_seconds=0.01 ebops_trace_over_epoch=0.001 loss=2.274284 host_rss_mb=2329
[epoch 3/7000] EBOPs=untraced in_training_ebops=9809046 target=350000 beta=1.37e-07 val_AUC=0.868158 val_accuracy=0.590677 seconds=59.0 checkpoint=- ebops_trace_seconds=0.01 ebops_trace_over_epoch=0.001 loss=2.527534 host_rss_mb=2343
[epoch 4/7000] EBOPs=untraced in_training_ebops=8895763 target=350000 beta=1.31e-07 val_AUC=0.869037 val_accuracy=0.613145 seconds=59.3 checkpoint=- ebops_trace_seconds=0.01 ebops_trace_over_epoch=0.001 loss=2.282727 host_rss_mb=2358
[epoch 5/7000] EBOPs=untraced in_training_ebops=7450108 target=350000 beta=1.39e-07 val_AUC=0.865493 val_accuracy=0.599097 seconds=59.2 checkpoint=- ebops_trace_seconds=0.01 ebops_trace_over_epoch=0.001 loss=2.086657 host_rss_mb=2367
[epoch 6/7000] EBOPs=untraced in_training_ebops=6307254 target=350000 beta=1.36e-07 val_AUC=0.878891 val_accuracy=0.617710 seconds=58.9 checkpoint=- ebops_trace_seconds=0.01 ebops_trace_over_epoch=0.001 loss=1.988629 host_rss_mb=2375
[epoch 7/7000] EBOPs=untraced in_training_ebops=5729962 target=350000 beta=1.33e-07 val_AUC=0.880732 val_accuracy=0.632758 seconds=59.1 checkpoint=- ebops_trace_seconds=0.01 ebops_trace_over_epoch=0.001 loss=1.768695 host_rss_mb=2385
[epoch 8/7000] EBOPs=untraced in_training_ebops=4766059 target=350000 beta=1.39e-07 val_AUC=0.881596 val_accuracy=0.635403 seconds=58.6 checkpoint=- ebops_trace_seconds=0.01 ebops_trace_over_epoch=0.001 loss=1.742722 host_rss_mb=2385
[epoch 9/7000] EBOPs=untraced in_training_ebops=4372339 target=350000 beta=1.32e-07 val_AUC=0.883706 val_accuracy=0.633823 seconds=47.3 checkpoint=- ebops_trace_seconds=0.00 ebops_trace_over_epoch=0.002 loss=1.606951 host_rss_mb=2393
[epoch 10/7000] EBOPs=3313861 target=350000 above_floor=3142335 feasible=0 degenerate=0 beta=1.37e-07 val_AUC=0.871403 val_accuracy=0.617468 seconds=117.1 checkpoint=- ebops_trace_seconds=80.65 ebops_trace_over_epoch=0.689 loss=1.577185 host_rss_mb=2395
[epoch 11/7000] EBOPs=untraced in_training_ebops=3412962 target=350000 beta=1.16e-07 val_AUC=0.870960 val_accuracy=0.604629 seconds=56.6 checkpoint=- ebops_trace_seconds=0.01 ebops_trace_over_epoch=0.001 loss=1.398600 host_rss_mb=2376
[epoch 12/7000] EBOPs=untraced in_training_ebops=3246725 target=350000 beta=1.34e-07 val_AUC=0.864579 val_accuracy=0.594806 seconds=58.8 checkpoint=- ebops_trace_seconds=0.01 ebops_trace_over_epoch=0.001 loss=1.463166 host_rss_mb=2393
[epoch 13/7000] EBOPs=untraced in_training_ebops=2688497 target=350000 beta=1.43e-07 val_AUC=0.863364 val_accuracy=0.601371 seconds=59.0 checkpoint=- ebops_trace_seconds=0.01 ebops_trace_over_epoch=0.001 loss=1.461692 host_rss_mb=2393
[epoch 14/7000] EBOPs=untraced in_training_ebops=2446146 target=350000 beta=1.31e-07 val_AUC=0.868312 val_accuracy=0.592403 seconds=59.0 checkpoint=- ebops_trace_seconds=0.01 ebops_trace_over_epoch=0.001 loss=1.371830 host_rss_mb=2393
[epoch 15/7000] EBOPs=untraced in_training_ebops=2275615 target=350000 beta=1.31e-07 val_AUC=0.855667 val_accuracy=0.546532 seconds=58.9 checkpoint=- ebops_trace_seconds=0.01 ebops_trace_over_epoch=0.001 loss=1.338240 host_rss_mb=2393
[epoch 16/7000] EBOPs=untraced in_training_ebops=2022346 target=350000 beta=1.34e-07 val_AUC=0.855529 val_accuracy=0.593258 seconds=58.9 checkpoint=- ebops_trace_seconds=0.01 ebops_trace_over_epoch=0.001 loss=1.321771 host_rss_mb=2393
[epoch 17/7000] EBOPs=untraced in_training_ebops=1829538 target=350000 beta=1.3e-07 val_AUC=0.864075 val_accuracy=0.595935 seconds=59.0 checkpoint=- ebops_trace_seconds=0.01 ebops_trace_over_epoch=0.001 loss=1.288109 host_rss_mb=2394
[epoch 18/7000] EBOPs=untraced in_training_ebops=1678930 target=350000 beta=1.28e-07 val_AUC=0.840483 val_accuracy=0.575129 seconds=56.7 checkpoint=- ebops_trace_seconds=0.01 ebops_trace_over_epoch=0.001 loss=1.266336 host_rss_mb=2396
[epoch 19/7000] EBOPs=untraced in_training_ebops=1522440 target=350000 beta=1.27e-07 val_AUC=0.852884 val_accuracy=0.584742 seconds=48.5 checkpoint=- ebops_trace_seconds=0.00 ebops_trace_over_epoch=0.001 loss=1.280370 host_rss_mb=2397
[epoch 20/7000] EBOPs=1484539 target=350000 above_floor=1313013 feasible=0 degenerate=0 beta=1.24e-07 val_AUC=0.860050 val_accuracy=0.592419 seconds=108.5 checkpoint=- ebops_trace_seconds=69.67 ebops_trace_over_epoch=0.643 loss=1.268208 host_rss_mb=2399
[epoch 21/7000] EBOPs=untraced in_training_ebops=1442320 target=350000 beta=1.3e-07 val_AUC=0.865868 val_accuracy=0.612984 seconds=21.7 checkpoint=epoch-0021 ebops_trace_seconds=0.00 ebops_trace_over_epoch=0.003 loss=1.259508 host_rss_mb=2402
CHECKPOINT_VERIFICATION_PASS {"index": 3, "name": "chang0926-a-n64-s4", "arm": "A", "seed": 4, "n_part": 64, "file": "chang0926-a-n64-s4.json", "production": true, "target_ebops": 350000, "zero_floor_ebops": 171526, "arch": {"d_model": 24, "n_heads": 2, "pos_enc": "none"}, "quant_set": "chang", "config_sha256": "fad33c2e84de31375defae7a80b81aa24b07d3c89311f2fb69d2cb1dc01e82c2", "status": "verified_canary", "completed_epochs": 21, "selected": {"epoch": 19, "val_macro_auc": 0.8600496108716487, "val_categorical_accuracy": 0.5924193548387097, "ebops": 1484539, "ebops_above_floor": 1313013}, "checkpoint": "model_min_ebops.keras", "checkpoint_sha256": "d7f5060250752a5af9444425f34cf6c26c6a3af264951fe84d9c28ecf2a233ec", "budget_met": false, "validation_accuracy": 0.5924193548387097, "validation_macro_auc": 0.8600496108716487, "validation_per_class_auc": [0.8742289882162874, 0.8417703333077885, 0.8362114539959746, 0.8257287744091846, 0.9223085044290079], "wall_seconds_this_invocation": 1451.0480338989873, "test_set_used": false, "hardware_validated": false, "validation_labels_sha256": "63049d9bdcfdc83af97c58bc6579e1def1ec2d9e7a6c30007793badd75217709", "reload_ebops_check": "stored", "source_sha256": "041f981a9d5b8c3a7affb175d82de0ca2df9bc6261a172f67cb365c88b4bbd42", "selection_cost": 1484539, "selection_cost_convention": "native_hgq2", "native_hgq2_backbone_ebops": 1484539, "custom_estimated_bitops": 0, "modules": {}, "warning": "Augmented total is not directly interchangeable with historical native HGQ2 totals."}
WANDB_IMPORTED False
ARM_DONE chang0926-a-n64-s4 exit 0 wall_seconds 1451.2 utc 2026-09-29T12:25:54Z
