==== BENCH_ARM_ATTEMPT 0 2026-09-29T12:01:53Z phase p1-E-k5
ARM_CPUS n=10 requested 4,6-9,20,22-25 seen 4,6-9,20,22-25 OK
BENCH_ARM chang0926-a-n64-s5 tree /work/code devices ['/physical_device:GPU:0'] tf32_enabled False test_cpu False utc 2026-09-29T12:01:57Z
ARM_MANIFEST_SHA 041f981a9d5b8c3a7affb175d82de0ca2df9bc6261a172f67cb365c88b4bbd42 expected 041f981a9d5b8c3a7affb175d82de0ca2df9bc6261a172f67cb365c88b4bbd42 OK
BENCH_CACHE {"x_train": "420ac79dcece207aca849f6ca56e6426586023c9e02f38e5d3ac596fa74d79bc", "x_val": "7b56c1b25bc0d9231767f891ec52455ecb7c5656735fcf9d404104fd2c264d31", "y_train": "a5269398e2c6e5f1fc0db98e1a99a8befea619bf0c55531293d02a286c0dd378", "y_val": "63049d9bdcfdc83af97c58bc6579e1def1ec2d9e7a6c30007793badd75217709"}
[train] chang0926-a-n64-s5 params=31735 resume_epoch=0 initial_ebops=11291160
[epoch 1/7000] EBOPs=11561753 target=350000 above_floor=11390227 feasible=0 degenerate=0 beta=1e-07 val_AUC=0.815735 val_accuracy=0.518065 seconds=121.4 checkpoint=- ebops_trace_seconds=77.56 ebops_trace_over_epoch=0.639 loss=2.676615 host_rss_mb=2307
[epoch 2/7000] EBOPs=untraced in_training_ebops=12591372 target=350000 beta=1e-07 val_AUC=0.861599 val_accuracy=0.581016 seconds=59.2 checkpoint=- ebops_trace_seconds=0.01 ebops_trace_over_epoch=0.001 loss=2.301955 host_rss_mb=2325
[epoch 3/7000] EBOPs=untraced in_training_ebops=10248975 target=350000 beta=1.3e-07 val_AUC=0.872585 val_accuracy=0.617565 seconds=59.5 checkpoint=- ebops_trace_seconds=0.01 ebops_trace_over_epoch=0.001 loss=2.505573 host_rss_mb=2341
[epoch 4/7000] EBOPs=untraced in_training_ebops=9644947 target=350000 beta=1.26e-07 val_AUC=0.814057 val_accuracy=0.516371 seconds=59.4 checkpoint=- ebops_trace_seconds=0.01 ebops_trace_over_epoch=0.001 loss=2.285516 host_rss_mb=2347
[epoch 5/7000] EBOPs=untraced in_training_ebops=8049580 target=350000 beta=1.39e-07 val_AUC=0.812260 val_accuracy=0.583435 seconds=59.7 checkpoint=- ebops_trace_seconds=0.01 ebops_trace_over_epoch=0.001 loss=2.147823 host_rss_mb=2361
[epoch 6/7000] EBOPs=untraced in_training_ebops=6358785 target=350000 beta=1.36e-07 val_AUC=0.725404 val_accuracy=0.500500 seconds=59.4 checkpoint=- ebops_trace_seconds=0.01 ebops_trace_over_epoch=0.001 loss=1.990425 host_rss_mb=2368
[epoch 7/7000] EBOPs=untraced in_training_ebops=6008612 target=350000 beta=1.24e-07 val_AUC=0.824832 val_accuracy=0.543242 seconds=59.3 checkpoint=- ebops_trace_seconds=0.01 ebops_trace_over_epoch=0.001 loss=1.753856 host_rss_mb=2375
[epoch 8/7000] EBOPs=untraced in_training_ebops=5214427 target=350000 beta=1.35e-07 val_AUC=0.795980 val_accuracy=0.509742 seconds=54.9 checkpoint=- ebops_trace_seconds=0.01 ebops_trace_over_epoch=0.001 loss=1.830743 host_rss_mb=2383
[epoch 9/7000] EBOPs=untraced in_training_ebops=4879120 target=350000 beta=1.35e-07 val_AUC=0.774168 val_accuracy=0.500048 seconds=42.5 checkpoint=- ebops_trace_seconds=0.00 ebops_trace_over_epoch=0.002 loss=1.692728 host_rss_mb=2392
[epoch 10/7000] EBOPs=3468650 target=350000 above_floor=3297124 feasible=0 degenerate=0 beta=1.44e-07 val_AUC=0.875729 val_accuracy=0.624226 seconds=117.7 checkpoint=- ebops_trace_seconds=83.29 ebops_trace_over_epoch=0.708 loss=1.703686 host_rss_mb=2400
[epoch 11/7000] EBOPs=untraced in_training_ebops=3627397 target=350000 beta=1.14e-07 val_AUC=0.875285 val_accuracy=0.621677 seconds=59.0 checkpoint=- ebops_trace_seconds=0.01 ebops_trace_over_epoch=0.001 loss=1.436900 host_rss_mb=2380
[epoch 12/7000] EBOPs=untraced in_training_ebops=3454318 target=350000 beta=1.35e-07 val_AUC=0.876271 val_accuracy=0.624645 seconds=58.9 checkpoint=- ebops_trace_seconds=0.01 ebops_trace_over_epoch=0.001 loss=1.472776 host_rss_mb=2384
[epoch 13/7000] EBOPs=untraced in_training_ebops=3262468 target=350000 beta=1.44e-07 val_AUC=0.881126 val_accuracy=0.629081 seconds=58.8 checkpoint=- ebops_trace_seconds=0.01 ebops_trace_over_epoch=0.001 loss=1.483878 host_rss_mb=2386
[epoch 14/7000] EBOPs=untraced in_training_ebops=2767447 target=350000 beta=1.52e-07 val_AUC=0.868459 val_accuracy=0.605661 seconds=58.9 checkpoint=- ebops_trace_seconds=0.01 ebops_trace_over_epoch=0.001 loss=1.484109 host_rss_mb=2391
[epoch 15/7000] EBOPs=untraced in_training_ebops=2418534 target=350000 beta=1.43e-07 val_AUC=0.861219 val_accuracy=0.589387 seconds=58.8 checkpoint=- ebops_trace_seconds=0.01 ebops_trace_over_epoch=0.001 loss=1.424138 host_rss_mb=2393
[epoch 16/7000] EBOPs=untraced in_training_ebops=2140053 target=350000 beta=1.37e-07 val_AUC=0.855013 val_accuracy=0.574855 seconds=59.0 checkpoint=- ebops_trace_seconds=0.01 ebops_trace_over_epoch=0.001 loss=1.363352 host_rss_mb=2393
[epoch 17/7000] EBOPs=untraced in_training_ebops=2075453 target=350000 beta=1.33e-07 val_AUC=0.847891 val_accuracy=0.546984 seconds=59.0 checkpoint=- ebops_trace_seconds=0.01 ebops_trace_over_epoch=0.001 loss=1.358156 host_rss_mb=2400
[epoch 18/7000] EBOPs=untraced in_training_ebops=1899168 target=350000 beta=1.41e-07 val_AUC=0.851710 val_accuracy=0.561774 seconds=53.4 checkpoint=- ebops_trace_seconds=0.01 ebops_trace_over_epoch=0.001 loss=1.343681 host_rss_mb=2401
[epoch 19/7000] EBOPs=untraced in_training_ebops=1672605 target=350000 beta=1.41e-07 val_AUC=0.860435 val_accuracy=0.590387 seconds=45.0 checkpoint=- ebops_trace_seconds=0.01 ebops_trace_over_epoch=0.002 loss=1.328031 host_rss_mb=2402
[epoch 20/7000] EBOPs=1590781 target=350000 above_floor=1419255 feasible=0 degenerate=0 beta=1.34e-07 val_AUC=0.859815 val_accuracy=0.594226 seconds=99.6 checkpoint=- ebops_trace_seconds=63.09 ebops_trace_over_epoch=0.634 loss=1.306083 host_rss_mb=2402
[epoch 21/7000] EBOPs=untraced in_training_ebops=1615272 target=350000 beta=1.37e-07 val_AUC=0.865225 val_accuracy=0.595597 seconds=21.0 checkpoint=epoch-0021 ebops_trace_seconds=0.00 ebops_trace_over_epoch=0.003 loss=1.309854 host_rss_mb=2404
CHECKPOINT_VERIFICATION_PASS {"index": 4, "name": "chang0926-a-n64-s5", "arm": "A", "seed": 5, "n_part": 64, "file": "chang0926-a-n64-s5.json", "production": true, "target_ebops": 350000, "zero_floor_ebops": 171526, "arch": {"d_model": 24, "n_heads": 2, "pos_enc": "none"}, "quant_set": "chang", "config_sha256": "baa5c6e43742624cdfd4e6cd134e6077791332e191f706ad76e60801192a50d9", "status": "verified_canary", "completed_epochs": 21, "selected": {"epoch": 19, "val_macro_auc": 0.8598147839457777, "val_categorical_accuracy": 0.5942258064516129, "ebops": 1590781, "ebops_above_floor": 1419255}, "checkpoint": "model_min_ebops.keras", "checkpoint_sha256": "fbb9bb7e059ef0af16ae89e54ad6649d994ee1db88e34785f0b9558ed20eb3ff", "budget_met": false, "validation_accuracy": 0.5942258064516129, "validation_macro_auc": 0.8598147839457777, "validation_per_class_auc": [0.8712430182518832, 0.8399196201962527, 0.8328231430935235, 0.8325024894889064, 0.9225856486983219], "wall_seconds_this_invocation": 1439.6497411550372, "test_set_used": false, "hardware_validated": false, "validation_labels_sha256": "63049d9bdcfdc83af97c58bc6579e1def1ec2d9e7a6c30007793badd75217709", "reload_ebops_check": "stored", "source_sha256": "041f981a9d5b8c3a7affb175d82de0ca2df9bc6261a172f67cb365c88b4bbd42", "selection_cost": 1590781, "selection_cost_convention": "native_hgq2", "native_hgq2_backbone_ebops": 1590781, "custom_estimated_bitops": 0, "modules": {}, "warning": "Augmented total is not directly interchangeable with historical native HGQ2 totals."}
WANDB_IMPORTED False
ARM_DONE chang0926-a-n64-s5 exit 0 wall_seconds 1439.8 utc 2026-09-29T12:25:58Z
