==== BENCH_ARM_ATTEMPT 0 2026-09-29T12:01:08Z phase p1-E-k5
ARM_CPUS n=10 requested 4,6-9,20,22-25 seen 4,6-9,20,22-25 OK
BENCH_ARM chang0926-a-n64-s2 tree /work/code devices ['/physical_device:GPU:0'] tf32_enabled False test_cpu False utc 2026-09-29T12:01:11Z
ARM_MANIFEST_SHA 041f981a9d5b8c3a7affb175d82de0ca2df9bc6261a172f67cb365c88b4bbd42 expected 041f981a9d5b8c3a7affb175d82de0ca2df9bc6261a172f67cb365c88b4bbd42 OK
BENCH_CACHE {"x_train": "420ac79dcece207aca849f6ca56e6426586023c9e02f38e5d3ac596fa74d79bc", "x_val": "7b56c1b25bc0d9231767f891ec52455ecb7c5656735fcf9d404104fd2c264d31", "y_train": "a5269398e2c6e5f1fc0db98e1a99a8befea619bf0c55531293d02a286c0dd378", "y_val": "63049d9bdcfdc83af97c58bc6579e1def1ec2d9e7a6c30007793badd75217709"}
[train] chang0926-a-n64-s2 params=31735 resume_epoch=0 initial_ebops=11295521
[epoch 1/7000] EBOPs=11595990 target=350000 above_floor=11424464 feasible=0 degenerate=0 beta=1e-07 val_AUC=0.843227 val_accuracy=0.574258 seconds=112.6 checkpoint=- ebops_trace_seconds=70.67 ebops_trace_over_epoch=0.628 loss=2.627683 host_rss_mb=2290
[epoch 2/7000] EBOPs=untraced in_training_ebops=12349179 target=350000 beta=1e-07 val_AUC=0.868714 val_accuracy=0.616210 seconds=32.6 checkpoint=- ebops_trace_seconds=0.01 ebops_trace_over_epoch=0.002 loss=2.260596 host_rss_mb=2312
[epoch 3/7000] EBOPs=untraced in_training_ebops=9593274 target=350000 beta=1.27e-07 val_AUC=0.876587 val_accuracy=0.626355 seconds=45.7 checkpoint=- ebops_trace_seconds=0.01 ebops_trace_over_epoch=0.002 loss=2.413564 host_rss_mb=2327
[epoch 4/7000] EBOPs=untraced in_training_ebops=9432720 target=350000 beta=1.17e-07 val_AUC=0.875422 val_accuracy=0.622968 seconds=59.1 checkpoint=- ebops_trace_seconds=0.01 ebops_trace_over_epoch=0.001 loss=2.152454 host_rss_mb=2341
[epoch 5/7000] EBOPs=untraced in_training_ebops=7560785 target=350000 beta=1.35e-07 val_AUC=0.868580 val_accuracy=0.603452 seconds=59.2 checkpoint=- ebops_trace_seconds=0.01 ebops_trace_over_epoch=0.001 loss=2.110105 host_rss_mb=2358
[epoch 6/7000] EBOPs=untraced in_training_ebops=6396848 target=350000 beta=1.26e-07 val_AUC=0.877602 val_accuracy=0.635726 seconds=59.2 checkpoint=- ebops_trace_seconds=0.01 ebops_trace_over_epoch=0.001 loss=1.932234 host_rss_mb=2367
[epoch 7/7000] EBOPs=untraced in_training_ebops=5487686 target=350000 beta=1.24e-07 val_AUC=0.882845 val_accuracy=0.634774 seconds=59.1 checkpoint=- ebops_trace_seconds=0.01 ebops_trace_over_epoch=0.001 loss=1.713196 host_rss_mb=2374
[epoch 8/7000] EBOPs=untraced in_training_ebops=5052869 target=350000 beta=1.22e-07 val_AUC=0.874788 val_accuracy=0.619968 seconds=59.2 checkpoint=- ebops_trace_seconds=0.01 ebops_trace_over_epoch=0.001 loss=1.652490 host_rss_mb=2389
[epoch 9/7000] EBOPs=untraced in_training_ebops=4438805 target=350000 beta=1.28e-07 val_AUC=0.876579 val_accuracy=0.610306 seconds=59.0 checkpoint=- ebops_trace_seconds=0.01 ebops_trace_over_epoch=0.001 loss=1.586342 host_rss_mb=2397
[epoch 10/7000] EBOPs=3796942 target=350000 above_floor=3625416 feasible=0 degenerate=0 beta=1.28e-07 val_AUC=0.869408 val_accuracy=0.602032 seconds=135.7 checkpoint=- ebops_trace_seconds=84.28 ebops_trace_over_epoch=0.622 loss=1.568246 host_rss_mb=2397
[epoch 11/7000] EBOPs=untraced in_training_ebops=3598011 target=350000 beta=1.23e-07 val_AUC=0.868530 val_accuracy=0.609129 seconds=33.9 checkpoint=- ebops_trace_seconds=0.00 ebops_trace_over_epoch=0.002 loss=1.469925 host_rss_mb=2377
[epoch 12/7000] EBOPs=untraced in_training_ebops=3409322 target=350000 beta=1.31e-07 val_AUC=0.867484 val_accuracy=0.591484 seconds=49.7 checkpoint=- ebops_trace_seconds=0.01 ebops_trace_over_epoch=0.002 loss=1.462370 host_rss_mb=2381
[epoch 13/7000] EBOPs=untraced in_training_ebops=2884423 target=350000 beta=1.39e-07 val_AUC=0.877382 val_accuracy=0.620048 seconds=59.7 checkpoint=- ebops_trace_seconds=0.01 ebops_trace_over_epoch=0.001 loss=1.433912 host_rss_mb=2383
[epoch 14/7000] EBOPs=untraced in_training_ebops=2581620 target=350000 beta=1.31e-07 val_AUC=0.872075 val_accuracy=0.615371 seconds=59.8 checkpoint=- ebops_trace_seconds=0.01 ebops_trace_over_epoch=0.001 loss=1.340991 host_rss_mb=2383
[epoch 15/7000] EBOPs=untraced in_training_ebops=2311403 target=350000 beta=1.29e-07 val_AUC=0.850264 val_accuracy=0.576968 seconds=59.8 checkpoint=- ebops_trace_seconds=0.01 ebops_trace_over_epoch=0.001 loss=1.344267 host_rss_mb=2384
[epoch 16/7000] EBOPs=untraced in_training_ebops=2116859 target=350000 beta=1.27e-07 val_AUC=0.861822 val_accuracy=0.601984 seconds=59.8 checkpoint=- ebops_trace_seconds=0.01 ebops_trace_over_epoch=0.001 loss=1.321413 host_rss_mb=2386
[epoch 17/7000] EBOPs=untraced in_training_ebops=2024348 target=350000 beta=1.28e-07 val_AUC=0.857815 val_accuracy=0.585097 seconds=59.5 checkpoint=- ebops_trace_seconds=0.01 ebops_trace_over_epoch=0.001 loss=1.308194 host_rss_mb=2387
[epoch 18/7000] EBOPs=untraced in_training_ebops=1908184 target=350000 beta=1.33e-07 val_AUC=0.866062 val_accuracy=0.610516 seconds=59.8 checkpoint=- ebops_trace_seconds=0.01 ebops_trace_over_epoch=0.001 loss=1.311723 host_rss_mb=2388
[epoch 19/7000] EBOPs=untraced in_training_ebops=1817125 target=350000 beta=1.37e-07 val_AUC=0.857298 val_accuracy=0.595839 seconds=59.9 checkpoint=- ebops_trace_seconds=0.01 ebops_trace_over_epoch=0.001 loss=1.321873 host_rss_mb=2388
[epoch 20/7000] EBOPs=1668256 target=350000 above_floor=1496730 feasible=0 degenerate=0 beta=1.41e-07 val_AUC=0.860855 val_accuracy=0.591145 seconds=131.9 checkpoint=- ebops_trace_seconds=82.33 ebops_trace_over_epoch=0.625 loss=1.305950 host_rss_mb=2388
[epoch 21/7000] EBOPs=untraced in_training_ebops=1674427 target=350000 beta=1.4e-07 val_AUC=0.856490 val_accuracy=0.595694 seconds=20.2 checkpoint=epoch-0021 ebops_trace_seconds=0.00 ebops_trace_over_epoch=0.003 loss=1.296281 host_rss_mb=2389
CHECKPOINT_VERIFICATION_PASS {"index": 1, "name": "chang0926-a-n64-s2", "arm": "A", "seed": 2, "n_part": 64, "file": "chang0926-a-n64-s2.json", "production": true, "target_ebops": 350000, "zero_floor_ebops": 171526, "arch": {"d_model": 24, "n_heads": 2, "pos_enc": "none"}, "quant_set": "chang", "config_sha256": "06af8973e0148fa86e42783d6a581acadd503423a6127b67c74a52bb100a1156", "status": "verified_canary", "completed_epochs": 21, "selected": {"epoch": 19, "val_macro_auc": 0.8608546615954102, "val_categorical_accuracy": 0.5911451612903226, "ebops": 1668256, "ebops_above_floor": 1496730}, "checkpoint": "model_min_ebops.keras", "checkpoint_sha256": "0a90a82fcdaf7df20664ccaefbc6d844ffacb92a7765316eadd1d671f0b1063d", "budget_met": false, "validation_accuracy": 0.5911451612903226, "validation_macro_auc": 0.8608546615954102, "validation_per_class_auc": [0.8599472084325996, 0.8559453191562005, 0.8345784965477991, 0.8307831696370306, 0.9230191142034211], "wall_seconds_this_invocation": 1437.6595233529806, "test_set_used": false, "hardware_validated": false, "validation_labels_sha256": "63049d9bdcfdc83af97c58bc6579e1def1ec2d9e7a6c30007793badd75217709", "reload_ebops_check": "stored", "source_sha256": "041f981a9d5b8c3a7affb175d82de0ca2df9bc6261a172f67cb365c88b4bbd42", "selection_cost": 1668256, "selection_cost_convention": "native_hgq2", "native_hgq2_backbone_ebops": 1668256, "custom_estimated_bitops": 0, "modules": {}, "warning": "Augmented total is not directly interchangeable with historical native HGQ2 totals."}
WANDB_IMPORTED False
ARM_DONE chang0926-a-n64-s2 exit 0 wall_seconds 1437.9 utc 2026-09-29T12:25:10Z
