==== BENCH_ARM_ATTEMPT 0 2026-09-29T12:00:53Z phase p1-E-k5
ARM_CPUS n=10 requested 4,6-9,20,22-25 seen 4,6-9,20,22-25 OK
BENCH_ARM chang0926-a-n64-s1 tree /work/code devices ['/physical_device:GPU:0'] tf32_enabled False test_cpu False utc 2026-09-29T12:00:56Z
ARM_MANIFEST_SHA 041f981a9d5b8c3a7affb175d82de0ca2df9bc6261a172f67cb365c88b4bbd42 expected 041f981a9d5b8c3a7affb175d82de0ca2df9bc6261a172f67cb365c88b4bbd42 OK
BENCH_CACHE {"x_train": "420ac79dcece207aca849f6ca56e6426586023c9e02f38e5d3ac596fa74d79bc", "x_val": "7b56c1b25bc0d9231767f891ec52455ecb7c5656735fcf9d404104fd2c264d31", "y_train": "a5269398e2c6e5f1fc0db98e1a99a8befea619bf0c55531293d02a286c0dd378", "y_val": "63049d9bdcfdc83af97c58bc6579e1def1ec2d9e7a6c30007793badd75217709"}
[train] chang0926-a-n64-s1 params=31735 resume_epoch=0 initial_ebops=11559681
[epoch 1/7000] EBOPs=11855082 target=350000 above_floor=11683556 feasible=0 degenerate=0 beta=1e-07 val_AUC=0.839026 val_accuracy=0.527694 seconds=115.3 checkpoint=- ebops_trace_seconds=73.71 ebops_trace_over_epoch=0.640 loss=2.710212 host_rss_mb=2305
[epoch 2/7000] EBOPs=untraced in_training_ebops=12664137 target=350000 beta=1e-07 val_AUC=0.874321 val_accuracy=0.612935 seconds=22.6 checkpoint=- ebops_trace_seconds=0.00 ebops_trace_over_epoch=0.003 loss=2.274011 host_rss_mb=2323
[epoch 3/7000] EBOPs=untraced in_training_ebops=10322524 target=350000 beta=1.28e-07 val_AUC=0.883901 val_accuracy=0.643000 seconds=36.0 checkpoint=- ebops_trace_seconds=0.01 ebops_trace_over_epoch=0.002 loss=2.428225 host_rss_mb=2332
[epoch 4/7000] EBOPs=untraced in_training_ebops=9734976 target=350000 beta=1.23e-07 val_AUC=0.880988 val_accuracy=0.627968 seconds=52.8 checkpoint=- ebops_trace_seconds=0.01 ebops_trace_over_epoch=0.001 loss=2.218542 host_rss_mb=2347
[epoch 5/7000] EBOPs=untraced in_training_ebops=7998674 target=350000 beta=1.37e-07 val_AUC=0.889251 val_accuracy=0.641645 seconds=59.4 checkpoint=- ebops_trace_seconds=0.01 ebops_trace_over_epoch=0.001 loss=2.085200 host_rss_mb=2362
[epoch 6/7000] EBOPs=untraced in_training_ebops=6821423 target=350000 beta=1.32e-07 val_AUC=0.880316 val_accuracy=0.645532 seconds=59.1 checkpoint=- ebops_trace_seconds=0.01 ebops_trace_over_epoch=0.001 loss=1.970456 host_rss_mb=2362
[epoch 7/7000] EBOPs=untraced in_training_ebops=6126073 target=350000 beta=1.31e-07 val_AUC=0.888267 val_accuracy=0.654468 seconds=59.3 checkpoint=- ebops_trace_seconds=0.01 ebops_trace_over_epoch=0.001 loss=1.807841 host_rss_mb=2374
[epoch 8/7000] EBOPs=untraced in_training_ebops=5320852 target=350000 beta=1.35e-07 val_AUC=0.876498 val_accuracy=0.628484 seconds=59.0 checkpoint=- ebops_trace_seconds=0.01 ebops_trace_over_epoch=0.001 loss=1.765943 host_rss_mb=2377
[epoch 9/7000] EBOPs=untraced in_training_ebops=4739112 target=350000 beta=1.35e-07 val_AUC=0.884969 val_accuracy=0.655548 seconds=59.0 checkpoint=- ebops_trace_seconds=0.00 ebops_trace_over_epoch=0.001 loss=1.652616 host_rss_mb=2377
[epoch 10/7000] EBOPs=4088971 target=350000 above_floor=3917445 feasible=0 degenerate=0 beta=1.37e-07 val_AUC=0.886743 val_accuracy=0.621290 seconds=150.0 checkpoint=- ebops_trace_seconds=92.04 ebops_trace_over_epoch=0.614 loss=1.580969 host_rss_mb=2390
[epoch 11/7000] EBOPs=untraced in_training_ebops=4117000 target=350000 beta=1.33e-07 val_AUC=0.878669 val_accuracy=0.622806 seconds=26.8 checkpoint=- ebops_trace_seconds=0.00 ebops_trace_over_epoch=0.003 loss=1.556115 host_rss_mb=2376
[epoch 12/7000] EBOPs=untraced in_training_ebops=3664798 target=350000 beta=1.52e-07 val_AUC=0.878517 val_accuracy=0.621113 seconds=34.3 checkpoint=- ebops_trace_seconds=0.00 ebops_trace_over_epoch=0.002 loss=1.601104 host_rss_mb=2379
[epoch 13/7000] EBOPs=untraced in_training_ebops=3282671 target=350000 beta=1.52e-07 val_AUC=0.871007 val_accuracy=0.606677 seconds=49.8 checkpoint=- ebops_trace_seconds=0.01 ebops_trace_over_epoch=0.001 loss=1.531164 host_rss_mb=2384
[epoch 14/7000] EBOPs=untraced in_training_ebops=3012916 target=350000 beta=1.52e-07 val_AUC=0.851970 val_accuracy=0.576258 seconds=59.8 checkpoint=- ebops_trace_seconds=0.01 ebops_trace_over_epoch=0.001 loss=1.496296 host_rss_mb=2384
[epoch 15/7000] EBOPs=untraced in_training_ebops=2755526 target=350000 beta=1.56e-07 val_AUC=0.877914 val_accuracy=0.627339 seconds=59.9 checkpoint=- ebops_trace_seconds=0.01 ebops_trace_over_epoch=0.001 loss=1.470567 host_rss_mb=2384
[epoch 16/7000] EBOPs=untraced in_training_ebops=2594170 target=350000 beta=1.58e-07 val_AUC=0.853993 val_accuracy=0.550968 seconds=59.8 checkpoint=- ebops_trace_seconds=0.01 ebops_trace_over_epoch=0.001 loss=1.436687 host_rss_mb=2390
[epoch 17/7000] EBOPs=untraced in_training_ebops=2502359 target=350000 beta=1.64e-07 val_AUC=0.870376 val_accuracy=0.611984 seconds=59.8 checkpoint=- ebops_trace_seconds=0.01 ebops_trace_over_epoch=0.001 loss=1.427088 host_rss_mb=2396
[epoch 18/7000] EBOPs=untraced in_training_ebops=2271512 target=350000 beta=1.75e-07 val_AUC=0.872505 val_accuracy=0.612645 seconds=59.5 checkpoint=- ebops_trace_seconds=0.01 ebops_trace_over_epoch=0.001 loss=1.437876 host_rss_mb=2396
[epoch 19/7000] EBOPs=untraced in_training_ebops=2136665 target=350000 beta=1.74e-07 val_AUC=0.860188 val_accuracy=0.578952 seconds=59.9 checkpoint=- ebops_trace_seconds=0.01 ebops_trace_over_epoch=0.001 loss=1.411536 host_rss_mb=2398
[epoch 20/7000] EBOPs=2238000 target=350000 above_floor=2066474 feasible=0 degenerate=0 beta=1.79e-07 val_AUC=0.873628 val_accuracy=0.613468 seconds=152.7 checkpoint=- ebops_trace_seconds=93.25 ebops_trace_over_epoch=0.611 loss=1.423427 host_rss_mb=2398
[epoch 21/7000] EBOPs=untraced in_training_ebops=2231223 target=350000 beta=2.06e-07 val_AUC=0.863012 val_accuracy=0.589774 seconds=31.9 checkpoint=epoch-0021 ebops_trace_seconds=0.00 ebops_trace_over_epoch=0.002 loss=1.512022 host_rss_mb=2400
CHECKPOINT_VERIFICATION_PASS {"index": 0, "name": "chang0926-a-n64-s1", "arm": "A", "seed": 1, "n_part": 64, "file": "chang0926-a-n64-s1.json", "production": true, "target_ebops": 350000, "zero_floor_ebops": 171526, "arch": {"d_model": 24, "n_heads": 2, "pos_enc": "none"}, "quant_set": "chang", "config_sha256": "d47d6799702cf67a49baa333aa2204b17a384289f32b106eb30433db8b2dec94", "status": "verified_canary", "completed_epochs": 21, "selected": {"epoch": 19, "val_macro_auc": 0.8736279891411023, "val_categorical_accuracy": 0.6134677419354839, "ebops": 2238000, "ebops_above_floor": 2066474}, "checkpoint": "model_min_ebops.keras", "checkpoint_sha256": "3f4efecde28c7c1f46dc9b66c2db02872419aa8cf40faffb72334052dc94376a", "budget_met": false, "validation_accuracy": 0.6134677419354839, "validation_macro_auc": 0.8736279891411023, "validation_per_class_auc": [0.8816356973546458, 0.8648338154575971, 0.853139410119295, 0.845079496199989, 0.9234515265739844], "wall_seconds_this_invocation": 1425.4198187460424, "test_set_used": false, "hardware_validated": false, "validation_labels_sha256": "63049d9bdcfdc83af97c58bc6579e1def1ec2d9e7a6c30007793badd75217709", "reload_ebops_check": "stored", "source_sha256": "041f981a9d5b8c3a7affb175d82de0ca2df9bc6261a172f67cb365c88b4bbd42", "selection_cost": 2238000, "selection_cost_convention": "native_hgq2", "native_hgq2_backbone_ebops": 2238000, "custom_estimated_bitops": 0, "modules": {}, "warning": "Augmented total is not directly interchangeable with historical native HGQ2 totals."}
WANDB_IMPORTED False
ARM_DONE chang0926-a-n64-s1 exit 0 wall_seconds 1425.6 utc 2026-09-29T12:24:43Z
