==== BENCH_ARM_ATTEMPT 0 2026-09-29T12:01:23Z phase p1-E-k5
ARM_CPUS n=10 requested 4,6-9,20,22-25 seen 4,6-9,20,22-25 OK
BENCH_ARM chang0926-a-n64-s3 tree /work/code devices ['/physical_device:GPU:0'] tf32_enabled False test_cpu False utc 2026-09-29T12:01:26Z
ARM_MANIFEST_SHA 041f981a9d5b8c3a7affb175d82de0ca2df9bc6261a172f67cb365c88b4bbd42 expected 041f981a9d5b8c3a7affb175d82de0ca2df9bc6261a172f67cb365c88b4bbd42 OK
BENCH_CACHE {"x_train": "420ac79dcece207aca849f6ca56e6426586023c9e02f38e5d3ac596fa74d79bc", "x_val": "7b56c1b25bc0d9231767f891ec52455ecb7c5656735fcf9d404104fd2c264d31", "y_train": "a5269398e2c6e5f1fc0db98e1a99a8befea619bf0c55531293d02a286c0dd378", "y_val": "63049d9bdcfdc83af97c58bc6579e1def1ec2d9e7a6c30007793badd75217709"}
[train] chang0926-a-n64-s3 params=31735 resume_epoch=0 initial_ebops=11488104
[epoch 1/7000] EBOPs=11321252 target=350000 above_floor=11149726 feasible=0 degenerate=0 beta=1e-07 val_AUC=0.831776 val_accuracy=0.543548 seconds=113.7 checkpoint=- ebops_trace_seconds=72.07 ebops_trace_over_epoch=0.634 loss=2.650908 host_rss_mb=2336
[epoch 2/7000] EBOPs=untraced in_training_ebops=12370588 target=350000 beta=1e-07 val_AUC=0.853395 val_accuracy=0.581032 seconds=42.6 checkpoint=- ebops_trace_seconds=0.00 ebops_trace_over_epoch=0.002 loss=2.252148 host_rss_mb=2352
[epoch 3/7000] EBOPs=untraced in_training_ebops=9715879 target=350000 beta=1.31e-07 val_AUC=0.874957 val_accuracy=0.610581 seconds=59.1 checkpoint=- ebops_trace_seconds=0.01 ebops_trace_over_epoch=0.001 loss=2.455899 host_rss_mb=2359
[epoch 4/7000] EBOPs=untraced in_training_ebops=9412042 target=350000 beta=1.21e-07 val_AUC=0.885024 val_accuracy=0.612323 seconds=59.4 checkpoint=- ebops_trace_seconds=0.01 ebops_trace_over_epoch=0.001 loss=2.157006 host_rss_mb=2370
[epoch 5/7000] EBOPs=untraced in_training_ebops=7585272 target=350000 beta=1.38e-07 val_AUC=0.863082 val_accuracy=0.553161 seconds=59.5 checkpoint=- ebops_trace_seconds=0.01 ebops_trace_over_epoch=0.001 loss=2.092555 host_rss_mb=2372
[epoch 6/7000] EBOPs=untraced in_training_ebops=6362050 target=350000 beta=1.3e-07 val_AUC=0.860443 val_accuracy=0.538032 seconds=59.5 checkpoint=- ebops_trace_seconds=0.01 ebops_trace_over_epoch=0.001 loss=1.921089 host_rss_mb=2385
[epoch 7/7000] EBOPs=untraced in_training_ebops=5543317 target=350000 beta=1.26e-07 val_AUC=0.884671 val_accuracy=0.633355 seconds=59.3 checkpoint=- ebops_trace_seconds=0.01 ebops_trace_over_epoch=0.001 loss=1.704002 host_rss_mb=2390
[epoch 8/7000] EBOPs=untraced in_training_ebops=5005937 target=350000 beta=1.26e-07 val_AUC=0.888704 val_accuracy=0.646581 seconds=59.2 checkpoint=- ebops_trace_seconds=0.01 ebops_trace_over_epoch=0.001 loss=1.643352 host_rss_mb=2400
[epoch 9/7000] EBOPs=untraced in_training_ebops=4353438 target=350000 beta=1.3e-07 val_AUC=0.880190 val_accuracy=0.629323 seconds=54.9 checkpoint=- ebops_trace_seconds=0.01 ebops_trace_over_epoch=0.001 loss=1.568918 host_rss_mb=2400
[epoch 10/7000] EBOPs=3451032 target=350000 above_floor=3279506 feasible=0 degenerate=0 beta=1.28e-07 val_AUC=0.879695 val_accuracy=0.626677 seconds=123.7 checkpoint=- ebops_trace_seconds=79.55 ebops_trace_over_epoch=0.644 loss=1.532612 host_rss_mb=2406
[epoch 11/7000] EBOPs=untraced in_training_ebops=3534284 target=350000 beta=1.14e-07 val_AUC=0.882653 val_accuracy=0.641339 seconds=46.6 checkpoint=- ebops_trace_seconds=0.01 ebops_trace_over_epoch=0.002 loss=1.397149 host_rss_mb=2391
[epoch 12/7000] EBOPs=untraced in_training_ebops=3289591 target=350000 beta=1.31e-07 val_AUC=0.878018 val_accuracy=0.628242 seconds=58.9 checkpoint=- ebops_trace_seconds=0.01 ebops_trace_over_epoch=0.001 loss=1.425033 host_rss_mb=2396
[epoch 13/7000] EBOPs=untraced in_training_ebops=2943988 target=350000 beta=1.37e-07 val_AUC=0.849389 val_accuracy=0.538210 seconds=59.0 checkpoint=- ebops_trace_seconds=0.01 ebops_trace_over_epoch=0.001 loss=1.437142 host_rss_mb=2399
[epoch 14/7000] EBOPs=untraced in_training_ebops=2696948 target=350000 beta=1.36e-07 val_AUC=0.847141 val_accuracy=0.552016 seconds=58.9 checkpoint=- ebops_trace_seconds=0.01 ebops_trace_over_epoch=0.001 loss=1.426046 host_rss_mb=2405
[epoch 15/7000] EBOPs=untraced in_training_ebops=2478750 target=350000 beta=1.38e-07 val_AUC=0.863215 val_accuracy=0.594194 seconds=58.9 checkpoint=- ebops_trace_seconds=0.01 ebops_trace_over_epoch=0.001 loss=1.383843 host_rss_mb=2406
[epoch 16/7000] EBOPs=untraced in_training_ebops=2263414 target=350000 beta=1.4e-07 val_AUC=0.868470 val_accuracy=0.602661 seconds=58.9 checkpoint=- ebops_trace_seconds=0.01 ebops_trace_over_epoch=0.001 loss=1.366270 host_rss_mb=2409
[epoch 17/7000] EBOPs=untraced in_training_ebops=2171336 target=350000 beta=1.4e-07 val_AUC=0.869342 val_accuracy=0.607274 seconds=59.0 checkpoint=- ebops_trace_seconds=0.01 ebops_trace_over_epoch=0.001 loss=1.355364 host_rss_mb=2409
[epoch 18/7000] EBOPs=untraced in_training_ebops=1993446 target=350000 beta=1.47e-07 val_AUC=0.874298 val_accuracy=0.618597 seconds=59.0 checkpoint=- ebops_trace_seconds=0.01 ebops_trace_over_epoch=0.001 loss=1.346403 host_rss_mb=2409
[epoch 19/7000] EBOPs=untraced in_training_ebops=1854605 target=350000 beta=1.47e-07 val_AUC=0.864904 val_accuracy=0.608048 seconds=52.1 checkpoint=- ebops_trace_seconds=0.01 ebops_trace_over_epoch=0.001 loss=1.325754 host_rss_mb=2409
[epoch 20/7000] EBOPs=1945701 target=350000 above_floor=1774175 feasible=0 degenerate=0 beta=1.49e-07 val_AUC=0.857404 val_accuracy=0.587742 seconds=117.1 checkpoint=- ebops_trace_seconds=75.14 ebops_trace_over_epoch=0.642 loss=1.330025 host_rss_mb=2413
[epoch 21/7000] EBOPs=untraced in_training_ebops=2045246 target=350000 beta=1.7e-07 val_AUC=0.859096 val_accuracy=0.595839 seconds=18.2 checkpoint=epoch-0021 ebops_trace_seconds=0.00 ebops_trace_over_epoch=0.003 loss=1.424245 host_rss_mb=2418
CHECKPOINT_VERIFICATION_PASS {"index": 2, "name": "chang0926-a-n64-s3", "arm": "A", "seed": 3, "n_part": 64, "file": "chang0926-a-n64-s3.json", "production": true, "target_ebops": 350000, "zero_floor_ebops": 171526, "arch": {"d_model": 24, "n_heads": 2, "pos_enc": "none"}, "quant_set": "chang", "config_sha256": "f7c05573a4dc9405450a8544459e67da1b76b981a59d354effd47566b9e4ff4d", "status": "verified_canary", "completed_epochs": 21, "selected": {"epoch": 19, "val_macro_auc": 0.8574037746194907, "val_categorical_accuracy": 0.587741935483871, "ebops": 1945701, "ebops_above_floor": 1774175}, "checkpoint": "model_min_ebops.keras", "checkpoint_sha256": "592cbf284e282166227a46838b4e065c0981dd6161aca65dfdc8c04145212fc5", "budget_met": false, "validation_accuracy": 0.587741935483871, "validation_macro_auc": 0.8574037746194907, "validation_per_class_auc": [0.8604803105828521, 0.8454447948893463, 0.8319842250477754, 0.8284947989313355, 0.9206147436461443], "wall_seconds_this_invocation": 1446.4814516539918, "test_set_used": false, "hardware_validated": false, "validation_labels_sha256": "63049d9bdcfdc83af97c58bc6579e1def1ec2d9e7a6c30007793badd75217709", "reload_ebops_check": "stored", "source_sha256": "041f981a9d5b8c3a7affb175d82de0ca2df9bc6261a172f67cb365c88b4bbd42", "selection_cost": 1945701, "selection_cost_convention": "native_hgq2", "native_hgq2_backbone_ebops": 1945701, "custom_estimated_bitops": 0, "modules": {}, "warning": "Augmented total is not directly interchangeable with historical native HGQ2 totals."}
WANDB_IMPORTED False
ARM_DONE chang0926-a-n64-s3 exit 0 wall_seconds 1446.7 utc 2026-09-29T12:25:34Z
