INFO: [RTMG 210-285] Implementing FIFO 'layer78_out_24_U(myproject_fifo_w21_d2_S)' using Shift Registers.
INFO: [RTMG 210-285] Implementing FIFO 'layer78_out_25_U(myproject_fifo_w21_d2_S)' using Shift Registers.
INFO: [RTMG 210-285] Implementing FIFO 'layer78_out_26_U(myproject_fifo_w21_d2_S)' using Shift Registers.
INFO: [RTMG 210-285] Implementing FIFO 'layer78_out_27_U(myproject_fifo_w21_d2_S)' using Shift Registers.
INFO: [RTMG 210-285] Implementing FIFO 'layer78_out_28_U(myproject_fifo_w21_d2_S)' using Shift Registers.
INFO: [RTMG 210-285] Implementing FIFO 'layer78_out_29_U(myproject_fifo_w21_d2_S)' using Shift Registers.
INFO: [RTMG 210-285] Implementing FIFO 'layer78_out_30_U(myproject_fifo_w21_d2_S)' using Shift Registers.
INFO: [RTMG 210-285] Implementing FIFO 'layer78_out_31_U(myproject_fifo_w21_d2_S)' using Shift Registers.
INFO: [RTMG 210-285] Implementing FIFO 'layer79_out_U(myproject_fifo_w7_d2_S)' using Shift Registers.
INFO: [RTMG 210-285] Implementing FIFO 'layer79_out_1_U(myproject_fifo_w7_d2_S)' using Shift Registers.
INFO: [RTMG 210-285] Implementing FIFO 'layer79_out_2_U(myproject_fifo_w7_d2_S)' using Shift Registers.
INFO: [RTMG 210-285] Implementing FIFO 'layer79_out_3_U(myproject_fifo_w7_d2_S)' using Shift Registers.
INFO: [RTMG 210-285] Implementing FIFO 'layer79_out_4_U(myproject_fifo_w7_d2_S)' using Shift Registers.
INFO: [RTMG 210-285] Implementing FIFO 'layer79_out_5_U(myproject_fifo_w7_d2_S)' using Shift Registers.
INFO: [RTMG 210-285] Implementing FIFO 'layer79_out_6_U(myproject_fifo_w7_d2_S)' using Shift Registers.
INFO: [RTMG 210-285] Implementing FIFO 'layer79_out_7_U(myproject_fifo_w7_d2_S)' using Shift Registers.
INFO: [RTMG 210-285] Implementing FIFO 'layer79_out_8_U(myproject_fifo_w7_d2_S)' using Shift Registers.
INFO: [RTMG 210-285] Implementing FIFO 'layer79_out_9_U(myproject_fifo_w7_d2_S)' using Shift Registers.
INFO: [RTMG 210-285] Implementing FIFO 'layer79_out_10_U(myproject_fifo_w7_d2_S)' using Shift Registers.
INFO: [RTMG 210-285] Implementing FIFO 'layer79_out_11_U(myproject_fifo_w7_d2_S)' using Shift Registers.
INFO: [RTMG 210-285] Implementing FIFO 'layer79_out_12_U(myproject_fifo_w7_d2_S)' using Shift Registers.
INFO: [RTMG 210-285] Implementing FIFO 'layer79_out_13_U(myproject_fifo_w7_d2_S)' using Shift Registers.
INFO: [RTMG 210-285] Implementing FIFO 'layer79_out_14_U(myproject_fifo_w7_d2_S)' using Shift Registers.
INFO: [RTMG 210-285] Implementing FIFO 'layer79_out_15_U(myproject_fifo_w7_d2_S)' using Shift Registers.
INFO: [RTMG 210-285] Implementing FIFO 'layer79_out_16_U(myproject_fifo_w7_d2_S)' using Shift Registers.
INFO: [RTMG 210-285] Implementing FIFO 'layer79_out_17_U(myproject_fifo_w7_d2_S)' using Shift Registers.
INFO: [RTMG 210-285] Implementing FIFO 'layer79_out_18_U(myproject_fifo_w7_d2_S)' using Shift Registers.
INFO: [RTMG 210-285] Implementing FIFO 'layer79_out_19_U(myproject_fifo_w7_d2_S)' using Shift Registers.
INFO: [RTMG 210-285] Implementing FIFO 'layer79_out_20_U(myproject_fifo_w7_d2_S)' using Shift Registers.
INFO: [RTMG 210-285] Implementing FIFO 'layer79_out_21_U(myproject_fifo_w7_d2_S)' using Shift Registers.
INFO: [RTMG 210-285] Implementing FIFO 'layer79_out_22_U(myproject_fifo_w7_d2_S)' using Shift Registers.
INFO: [RTMG 210-285] Implementing FIFO 'layer79_out_23_U(myproject_fifo_w7_d2_S)' using Shift Registers.
INFO: [RTMG 210-285] Implementing FIFO 'layer79_out_24_U(myproject_fifo_w7_d2_S)' using Shift Registers.
INFO: [RTMG 210-285] Implementing FIFO 'layer79_out_25_U(myproject_fifo_w7_d2_S)' using Shift Registers.
INFO: [RTMG 210-285] Implementing FIFO 'layer79_out_26_U(myproject_fifo_w7_d2_S)' using Shift Registers.
INFO: [RTMG 210-285] Implementing FIFO 'layer79_out_27_U(myproject_fifo_w7_d2_S)' using Shift Registers.
INFO: [RTMG 210-285] Implementing FIFO 'layer79_out_28_U(myproject_fifo_w7_d2_S)' using Shift Registers.
INFO: [RTMG 210-285] Implementing FIFO 'layer79_out_29_U(myproject_fifo_w7_d2_S)' using Shift Registers.
INFO: [RTMG 210-285] Implementing FIFO 'layer79_out_30_U(myproject_fifo_w7_d2_S)' using Shift Registers.
INFO: [RTMG 210-285] Implementing FIFO 'layer79_out_31_U(myproject_fifo_w7_d2_S)' using Shift Registers.
INFO: [RTMG 210-285] Implementing FIFO 'layer81_out_U(myproject_fifo_w13_d2_S)' using Shift Registers.
INFO: [RTMG 210-285] Implementing FIFO 'layer81_out_1_U(myproject_fifo_w13_d2_S)' using Shift Registers.
INFO: [RTMG 210-285] Implementing FIFO 'layer81_out_2_U(myproject_fifo_w13_d2_S)' using Shift Registers.
INFO: [RTMG 210-285] Implementing FIFO 'layer81_out_3_U(myproject_fifo_w13_d2_S)' using Shift Registers.
INFO: [RTMG 210-285] Implementing FIFO 'layer81_out_4_U(myproject_fifo_w12_d2_S)' using Shift Registers.
INFO: [HLS 200-111] Finished Creating RTL model: CPU user time: 5226.12 seconds. CPU system time: 503.54 seconds. Elapsed time: 7924.55 seconds; current allocated memory: 124.923 GB.
INFO: [HLS 200-111] Finished Generating all RTL models: CPU user time: 154.83 seconds. CPU system time: 25.88 seconds. Elapsed time: 204.3 seconds; current allocated memory: 125.575 GB.
INFO: [HLS 200-111] Finished Updating report files: CPU user time: 146.51 seconds. CPU system time: 5.1 seconds. Elapsed time: 158.04 seconds; current allocated memory: 126.818 GB.
INFO: [VHDL 208-304] Generating VHDL RTL for myproject.
INFO: [VLOG 209-307] Generating Verilog RTL for myproject.
INFO: [HLS 200-790] **** Loop Constraint Status: All loop constraints were satisfied.
INFO: [HLS 200-789] **** Estimated Fmax: 437.30 MHz
INFO: [HLS 200-111] Finished Command csynth_design CPU user time: 16135.7 seconds. CPU system time: 1158.19 seconds. Elapsed time: 19956.4 seconds; current allocated memory: 126.611 GB.
***** C/RTL SYNTHESIS COMPLETED IN 5h32m36s *****
INFO: [HLS 200-112] Total CPU user time: 16245.1 seconds. Total CPU system time: 1206.52 seconds. Total elapsed time: 20144.9 seconds; peak allocated memory: 126.818 GB.
INFO: [Common 17-206] Exiting vitis_hls at Wed Aug 19 16:54:48 2026...

real	336m1.769s
user	270m48.435s
sys	20m21.496s
