==== BENCH_ARM_ATTEMPT 0 2026-09-29T11:03:39Z phase p4-A07-k1
ARM_CPUS n=2 requested 9-10 seen 9-10 OK
BENCH_ARM chang0926-c-n64-s1 tree /work/code devices ['/physical_device:GPU:0'] tf32_enabled False test_cpu False utc 2026-09-29T11:03:43Z
ARM_MANIFEST_SHA 041f981a9d5b8c3a7affb175d82de0ca2df9bc6261a172f67cb365c88b4bbd42 expected 041f981a9d5b8c3a7affb175d82de0ca2df9bc6261a172f67cb365c88b4bbd42 OK
BENCH_CACHE {"x_train": "420ac79dcece207aca849f6ca56e6426586023c9e02f38e5d3ac596fa74d79bc", "x_val": "7b56c1b25bc0d9231767f891ec52455ecb7c5656735fcf9d404104fd2c264d31", "y_train": "a5269398e2c6e5f1fc0db98e1a99a8befea619bf0c55531293d02a286c0dd378", "y_val": "63049d9bdcfdc83af97c58bc6579e1def1ec2d9e7a6c30007793badd75217709"}
[train] chang0926-c-n64-s1 params=61951 resume_epoch=0 initial_ebops=16832899
[epoch 1/7000] EBOPs=17194831 target=5000000 above_floor=16851778 feasible=0 degenerate=0 beta=1e-07 val_AUC=0.848275 val_accuracy=0.567790 seconds=111.7 checkpoint=- ebops_trace_seconds=55.30 ebops_trace_over_epoch=0.495 loss=3.230063 host_rss_mb=2384
[epoch 2/7000] EBOPs=untraced in_training_ebops=18322278 target=5000000 beta=1e-07 val_AUC=0.890827 val_accuracy=0.658661 seconds=40.2 checkpoint=- ebops_trace_seconds=0.00 ebops_trace_over_epoch=0.001 loss=2.785888 host_rss_mb=2396
[epoch 3/7000] EBOPs=untraced in_training_ebops=14548768 target=5000000 beta=1.14e-07 val_AUC=0.898554 val_accuracy=0.676210 seconds=40.3 checkpoint=- ebops_trace_seconds=0.00 ebops_trace_over_epoch=0.001 loss=2.821802 host_rss_mb=2407
[epoch 4/7000] EBOPs=untraced in_training_ebops=14874127 target=5000000 beta=9.52e-08 val_AUC=0.894160 val_accuracy=0.656645 seconds=40.4 checkpoint=- ebops_trace_seconds=0.00 ebops_trace_over_epoch=0.001 loss=2.298136 host_rss_mb=2409
[epoch 5/7000] EBOPs=untraced in_training_ebops=11853032 target=5000000 beta=1.03e-07 val_AUC=0.878196 val_accuracy=0.583403 seconds=40.4 checkpoint=- ebops_trace_seconds=0.00 ebops_trace_over_epoch=0.001 loss=2.245319 host_rss_mb=2414
[epoch 6/7000] EBOPs=untraced in_training_ebops=11268164 target=5000000 beta=8.56e-08 val_AUC=0.898952 val_accuracy=0.667597 seconds=40.2 checkpoint=- ebops_trace_seconds=0.00 ebops_trace_over_epoch=0.001 loss=1.899911 host_rss_mb=2414
[epoch 7/7000] EBOPs=untraced in_training_ebops=9261946 target=5000000 beta=8.47e-08 val_AUC=0.887378 val_accuracy=0.633016 seconds=40.2 checkpoint=- ebops_trace_seconds=0.00 ebops_trace_over_epoch=0.001 loss=1.818996 host_rss_mb=2415
[epoch 8/7000] EBOPs=untraced in_training_ebops=9176015 target=5000000 beta=7.18e-08 val_AUC=0.885670 val_accuracy=0.660129 seconds=40.1 checkpoint=- ebops_trace_seconds=0.00 ebops_trace_over_epoch=0.001 loss=1.590484 host_rss_mb=2415
[epoch 9/7000] EBOPs=untraced in_training_ebops=8465845 target=5000000 beta=7.33e-08 val_AUC=0.891575 val_accuracy=0.650387 seconds=40.2 checkpoint=- ebops_trace_seconds=0.00 ebops_trace_over_epoch=0.001 loss=1.603571 host_rss_mb=2395
[epoch 10/7000] EBOPs=6826207 target=5000000 above_floor=6483154 feasible=0 degenerate=0 beta=6.95e-08 val_AUC=0.899037 val_accuracy=0.673339 seconds=95.5 checkpoint=- ebops_trace_seconds=55.02 ebops_trace_over_epoch=0.577 loss=1.476433 host_rss_mb=2396
[epoch 11/7000] EBOPs=untraced in_training_ebops=7207539 target=5000000 beta=5.69e-08 val_AUC=0.885318 val_accuracy=0.642677 seconds=40.3 checkpoint=- ebops_trace_seconds=0.00 ebops_trace_over_epoch=0.001 loss=1.325123 host_rss_mb=2398
[epoch 12/7000] EBOPs=untraced in_training_ebops=6844538 target=5000000 beta=6.12e-08 val_AUC=0.901224 val_accuracy=0.684758 seconds=40.2 checkpoint=- ebops_trace_seconds=0.00 ebops_trace_over_epoch=0.001 loss=1.365400 host_rss_mb=2399
[epoch 13/7000] EBOPs=untraced in_training_ebops=6092795 target=5000000 beta=5.9e-08 val_AUC=0.895603 val_accuracy=0.656597 seconds=40.2 checkpoint=- ebops_trace_seconds=0.00 ebops_trace_over_epoch=0.001 loss=1.313006 host_rss_mb=2402
[epoch 14/7000] EBOPs=untraced in_training_ebops=6114103 target=5000000 beta=5.31e-08 val_AUC=0.879470 val_accuracy=0.635355 seconds=40.2 checkpoint=- ebops_trace_seconds=0.00 ebops_trace_over_epoch=0.001 loss=1.246123 host_rss_mb=2403
[epoch 15/7000] EBOPs=untraced in_training_ebops=5725166 target=5000000 beta=5.38e-08 val_AUC=0.865548 val_accuracy=0.600048 seconds=40.2 checkpoint=- ebops_trace_seconds=0.00 ebops_trace_over_epoch=0.001 loss=1.255138 host_rss_mb=2403
[epoch 16/7000] EBOPs=untraced in_training_ebops=5543630 target=5000000 beta=5.07e-08 val_AUC=0.890846 val_accuracy=0.654306 seconds=40.3 checkpoint=- ebops_trace_seconds=0.00 ebops_trace_over_epoch=0.001 loss=1.225961 host_rss_mb=2405
[epoch 17/7000] EBOPs=untraced in_training_ebops=5383075 target=5000000 beta=4.93e-08 val_AUC=0.893081 val_accuracy=0.664081 seconds=40.2 checkpoint=- ebops_trace_seconds=0.00 ebops_trace_over_epoch=0.001 loss=1.221133 host_rss_mb=2405
[epoch 18/7000] EBOPs=untraced in_training_ebops=5218042 target=5000000 beta=4.81e-08 val_AUC=0.891971 val_accuracy=0.652500 seconds=40.1 checkpoint=- ebops_trace_seconds=0.00 ebops_trace_over_epoch=0.001 loss=1.205995 host_rss_mb=2405
[epoch 19/7000] EBOPs=untraced in_training_ebops=5049417 target=5000000 beta=4.67e-08 val_AUC=0.879749 val_accuracy=0.630339 seconds=40.1 checkpoint=- ebops_trace_seconds=0.00 ebops_trace_over_epoch=0.001 loss=1.191741 host_rss_mb=2405
[epoch 20/7000] EBOPs=4859072 target=5000000 above_floor=4516019 feasible=1 degenerate=0 beta=4.52e-08 val_AUC=0.892326 val_accuracy=0.663339 seconds=95.6 checkpoint=- ebops_trace_seconds=55.23 ebops_trace_over_epoch=0.578 loss=1.183575 host_rss_mb=2407
[epoch 21/7000] EBOPs=untraced in_training_ebops=5156081 target=5000000 beta=4.35e-08 val_AUC=0.878247 val_accuracy=0.632129 seconds=40.1 checkpoint=epoch-0021 ebops_trace_seconds=0.00 ebops_trace_over_epoch=0.001 loss=1.180911 host_rss_mb=2408
CHECKPOINT_VERIFICATION_PASS {"index": 16, "name": "chang0926-c-n64-s1", "arm": "C", "seed": 1, "n_part": 64, "file": "chang0926-c-n64-s1.json", "production": true, "target_ebops": 5000000, "zero_floor_ebops": 343053, "arch": {"d_model": 32, "n_heads": 4, "pos_enc": "learned"}, "quant_set": "chang", "config_sha256": "1f27443c764f95f42208be7c864c834bcf0fbe0be2583aa89d89c8fd3f7da156", "status": "verified_canary", "completed_epochs": 21, "selected": {"epoch": 19, "val_macro_auc": 0.892325826215661, "val_categorical_accuracy": 0.6633387096774194, "ebops": 4859072, "ebops_above_floor": 4516019}, "checkpoint": "model_best.keras", "checkpoint_sha256": "f0923656cdb6a8c8fb0777d6f8ccc39ed45fb874c0bf4d3bf59dec530269c615", "budget_met": true, "validation_accuracy": 0.6633387096774194, "validation_macro_auc": 0.892325826215661, "validation_per_class_auc": [0.883068823287346, 0.8774183291008376, 0.8890906824150949, 0.885672208669597, 0.9263790876054296], "wall_seconds_this_invocation": 1163.4815761410282, "test_set_used": false, "hardware_validated": false, "validation_labels_sha256": "63049d9bdcfdc83af97c58bc6579e1def1ec2d9e7a6c30007793badd75217709", "reload_ebops_check": "stored", "source_sha256": "041f981a9d5b8c3a7affb175d82de0ca2df9bc6261a172f67cb365c88b4bbd42", "selection_cost": 4859072, "selection_cost_convention": "native_hgq2", "native_hgq2_backbone_ebops": 4859072, "custom_estimated_bitops": 0, "modules": {}, "warning": "Augmented total is not directly interchangeable with historical native HGQ2 totals."}
WANDB_IMPORTED False
ARM_DONE chang0926-c-n64-s1 exit 0 wall_seconds 1163.6 utc 2026-09-29T11:23:08Z
