==== BENCH_ARM_ATTEMPT 0 2026-09-29T12:26:51Z phase p4-A07-k1
ARM_CPUS n=2 requested 4-5 seen 4-5 OK
BENCH_ARM chang0926-c-n64-s1 tree /work/code devices ['/physical_device:GPU:0'] tf32_enabled False test_cpu False utc 2026-09-29T12:26:54Z
ARM_MANIFEST_SHA 041f981a9d5b8c3a7affb175d82de0ca2df9bc6261a172f67cb365c88b4bbd42 expected 041f981a9d5b8c3a7affb175d82de0ca2df9bc6261a172f67cb365c88b4bbd42 OK
BENCH_CACHE {"x_train": "420ac79dcece207aca849f6ca56e6426586023c9e02f38e5d3ac596fa74d79bc", "x_val": "7b56c1b25bc0d9231767f891ec52455ecb7c5656735fcf9d404104fd2c264d31", "y_train": "a5269398e2c6e5f1fc0db98e1a99a8befea619bf0c55531293d02a286c0dd378", "y_val": "63049d9bdcfdc83af97c58bc6579e1def1ec2d9e7a6c30007793badd75217709"}
[train] chang0926-c-n64-s1 params=61951 resume_epoch=0 initial_ebops=16832899
[epoch 1/7000] EBOPs=17263705 target=5000000 above_floor=16920652 feasible=0 degenerate=0 beta=1e-07 val_AUC=0.848554 val_accuracy=0.512435 seconds=90.4 checkpoint=- ebops_trace_seconds=51.38 ebops_trace_over_epoch=0.569 loss=3.230331 host_rss_mb=2388
[epoch 2/7000] EBOPs=untraced in_training_ebops=18342746 target=5000000 beta=1e-07 val_AUC=0.881376 val_accuracy=0.623823 seconds=25.2 checkpoint=- ebops_trace_seconds=0.00 ebops_trace_over_epoch=0.002 loss=2.785345 host_rss_mb=2402
[epoch 3/7000] EBOPs=untraced in_training_ebops=14745173 target=5000000 beta=1.13e-07 val_AUC=0.895696 val_accuracy=0.659371 seconds=25.3 checkpoint=- ebops_trace_seconds=0.00 ebops_trace_over_epoch=0.002 loss=2.839737 host_rss_mb=2406
[epoch 4/7000] EBOPs=untraced in_training_ebops=14873796 target=5000000 beta=9.62e-08 val_AUC=0.895043 val_accuracy=0.655242 seconds=25.3 checkpoint=- ebops_trace_seconds=0.00 ebops_trace_over_epoch=0.002 loss=2.349823 host_rss_mb=2410
[epoch 5/7000] EBOPs=untraced in_training_ebops=12267270 target=5000000 beta=1.02e-07 val_AUC=0.894110 val_accuracy=0.641710 seconds=25.4 checkpoint=- ebops_trace_seconds=0.00 ebops_trace_over_epoch=0.002 loss=2.305861 host_rss_mb=2410
[epoch 6/7000] EBOPs=untraced in_training_ebops=11594005 target=5000000 beta=8.84e-08 val_AUC=0.890767 val_accuracy=0.652129 seconds=25.4 checkpoint=- ebops_trace_seconds=0.00 ebops_trace_over_epoch=0.002 loss=1.999483 host_rss_mb=2412
[epoch 7/7000] EBOPs=untraced in_training_ebops=9566794 target=5000000 beta=8.71e-08 val_AUC=0.897648 val_accuracy=0.670855 seconds=25.7 checkpoint=- ebops_trace_seconds=0.00 ebops_trace_over_epoch=0.002 loss=1.886183 host_rss_mb=2413
[epoch 8/7000] EBOPs=untraced in_training_ebops=9441601 target=5000000 beta=7.43e-08 val_AUC=0.893071 val_accuracy=0.657871 seconds=25.8 checkpoint=- ebops_trace_seconds=0.00 ebops_trace_over_epoch=0.002 loss=1.669112 host_rss_mb=2413
[epoch 9/7000] EBOPs=untraced in_training_ebops=8374738 target=5000000 beta=7.57e-08 val_AUC=0.893621 val_accuracy=0.664177 seconds=26.2 checkpoint=- ebops_trace_seconds=0.00 ebops_trace_over_epoch=0.002 loss=1.648239 host_rss_mb=2395
[epoch 10/7000] EBOPs=6706293 target=5000000 above_floor=6363240 feasible=0 degenerate=0 beta=6.89e-08 val_AUC=0.889541 val_accuracy=0.648468 seconds=77.4 checkpoint=- ebops_trace_seconds=51.06 ebops_trace_over_epoch=0.660 loss=1.524946 host_rss_mb=2400
[epoch 11/7000] EBOPs=untraced in_training_ebops=7279080 target=5000000 beta=5.6e-08 val_AUC=0.895002 val_accuracy=0.672645 seconds=25.3 checkpoint=- ebops_trace_seconds=0.00 ebops_trace_over_epoch=0.002 loss=1.331167 host_rss_mb=2403
[epoch 12/7000] EBOPs=untraced in_training_ebops=6631272 target=5000000 beta=6.19e-08 val_AUC=0.897051 val_accuracy=0.663081 seconds=25.4 checkpoint=- ebops_trace_seconds=0.00 ebops_trace_over_epoch=0.002 loss=1.360545 host_rss_mb=2403
[epoch 13/7000] EBOPs=untraced in_training_ebops=6291896 target=5000000 beta=5.72e-08 val_AUC=0.883004 val_accuracy=0.645645 seconds=25.6 checkpoint=- ebops_trace_seconds=0.00 ebops_trace_over_epoch=0.002 loss=1.316987 host_rss_mb=2404
[epoch 14/7000] EBOPs=untraced in_training_ebops=6030401 target=5000000 beta=5.49e-08 val_AUC=0.887199 val_accuracy=0.629113 seconds=25.8 checkpoint=- ebops_trace_seconds=0.00 ebops_trace_over_epoch=0.002 loss=1.279689 host_rss_mb=2405
[epoch 15/7000] EBOPs=untraced in_training_ebops=5593205 target=5000000 beta=5.31e-08 val_AUC=0.894142 val_accuracy=0.661968 seconds=26.0 checkpoint=- ebops_trace_seconds=0.00 ebops_trace_over_epoch=0.002 loss=1.242791 host_rss_mb=2407
[epoch 16/7000] EBOPs=untraced in_training_ebops=5357231 target=5000000 beta=4.95e-08 val_AUC=0.897027 val_accuracy=0.669226 seconds=26.0 checkpoint=- ebops_trace_seconds=0.00 ebops_trace_over_epoch=0.002 loss=1.211824 host_rss_mb=2409
[epoch 17/7000] EBOPs=untraced in_training_ebops=5290577 target=5000000 beta=4.76e-08 val_AUC=0.892403 val_accuracy=0.653452 seconds=26.3 checkpoint=- ebops_trace_seconds=0.00 ebops_trace_over_epoch=0.002 loss=1.184555 host_rss_mb=2409
[epoch 18/7000] EBOPs=untraced in_training_ebops=4931366 target=5000000 beta=4.71e-08 val_AUC=0.887798 val_accuracy=0.634290 seconds=26.3 checkpoint=- ebops_trace_seconds=0.00 ebops_trace_over_epoch=0.002 loss=1.181559 host_rss_mb=2409
[epoch 19/7000] EBOPs=untraced in_training_ebops=4519435 target=5000000 beta=4.39e-08 val_AUC=0.890764 val_accuracy=0.639371 seconds=26.3 checkpoint=- ebops_trace_seconds=0.00 ebops_trace_over_epoch=0.002 loss=1.139328 host_rss_mb=2409
[epoch 20/7000] EBOPs=4699639 target=5000000 above_floor=4356586 feasible=1 degenerate=0 beta=4e-08 val_AUC=0.888677 val_accuracy=0.617790 seconds=77.9 checkpoint=- ebops_trace_seconds=51.03 ebops_trace_over_epoch=0.656 loss=1.119123 host_rss_mb=2409
[epoch 21/7000] EBOPs=untraced in_training_ebops=5022130 target=5000000 beta=4.15e-08 val_AUC=0.895458 val_accuracy=0.670952 seconds=25.4 checkpoint=epoch-0021 ebops_trace_seconds=0.00 ebops_trace_over_epoch=0.002 loss=1.139110 host_rss_mb=2409
CHECKPOINT_VERIFICATION_PASS {"index": 16, "name": "chang0926-c-n64-s1", "arm": "C", "seed": 1, "n_part": 64, "file": "chang0926-c-n64-s1.json", "production": true, "target_ebops": 5000000, "zero_floor_ebops": 343053, "arch": {"d_model": 32, "n_heads": 4, "pos_enc": "learned"}, "quant_set": "chang", "config_sha256": "1f27443c764f95f42208be7c864c834bcf0fbe0be2583aa89d89c8fd3f7da156", "status": "verified_canary", "completed_epochs": 21, "selected": {"epoch": 19, "val_macro_auc": 0.8886767028527857, "val_categorical_accuracy": 0.6177903225806451, "ebops": 4699639, "ebops_above_floor": 4356586}, "checkpoint": "model_best.keras", "checkpoint_sha256": "3294bfe7a0e65055a73b0e069b271e5453312e28ec05d476c4ecd32e903065f1", "budget_met": true, "validation_accuracy": 0.6177903225806451, "validation_macro_auc": 0.8886767028527857, "validation_per_class_auc": [0.8967393720471009, 0.8773627835346118, 0.88373820153082, 0.8659991453717086, 0.9195440117796866], "wall_seconds_this_invocation": 800.4854032639996, "test_set_used": false, "hardware_validated": false, "validation_labels_sha256": "63049d9bdcfdc83af97c58bc6579e1def1ec2d9e7a6c30007793badd75217709", "reload_ebops_check": "stored", "source_sha256": "041f981a9d5b8c3a7affb175d82de0ca2df9bc6261a172f67cb365c88b4bbd42", "selection_cost": 4699639, "selection_cost_convention": "native_hgq2", "native_hgq2_backbone_ebops": 4699639, "custom_estimated_bitops": 0, "modules": {}, "warning": "Augmented total is not directly interchangeable with historical native HGQ2 totals."}
WANDB_IMPORTED False
ARM_DONE chang0926-c-n64-s1 exit 0 wall_seconds 800.7 utc 2026-09-29T12:40:16Z
