==== BENCH_ARM_ATTEMPT 0 2026-09-29T12:01:20Z phase p3-E-k4
ARM_CPUS n=8 requested 4-11 seen 4-11 OK
BENCH_ARM chang0926-a-n64-s4 tree /work/code devices ['/physical_device:GPU:0'] tf32_enabled False test_cpu False utc 2026-09-29T12:01:23Z
ARM_MANIFEST_SHA 041f981a9d5b8c3a7affb175d82de0ca2df9bc6261a172f67cb365c88b4bbd42 expected 041f981a9d5b8c3a7affb175d82de0ca2df9bc6261a172f67cb365c88b4bbd42 OK
BENCH_CACHE {"x_train": "420ac79dcece207aca849f6ca56e6426586023c9e02f38e5d3ac596fa74d79bc", "x_val": "7b56c1b25bc0d9231767f891ec52455ecb7c5656735fcf9d404104fd2c264d31", "y_train": "a5269398e2c6e5f1fc0db98e1a99a8befea619bf0c55531293d02a286c0dd378", "y_val": "63049d9bdcfdc83af97c58bc6579e1def1ec2d9e7a6c30007793badd75217709"}
[train] chang0926-a-n64-s4 params=31735 resume_epoch=0 initial_ebops=11205067
[epoch 1/7000] EBOPs=10883921 target=350000 above_floor=10712395 feasible=0 degenerate=0 beta=1e-07 val_AUC=0.794853 val_accuracy=0.503532 seconds=114.1 checkpoint=- ebops_trace_seconds=65.65 ebops_trace_over_epoch=0.576 loss=2.628106 host_rss_mb=2258
[epoch 2/7000] EBOPs=untraced in_training_ebops=12449467 target=350000 beta=1e-07 val_AUC=0.848587 val_accuracy=0.550661 seconds=63.8 checkpoint=- ebops_trace_seconds=0.00 ebops_trace_over_epoch=0.001 loss=2.307202 host_rss_mb=2279
[epoch 3/7000] EBOPs=untraced in_training_ebops=10140086 target=350000 beta=1.37e-07 val_AUC=0.849439 val_accuracy=0.572903 seconds=63.9 checkpoint=- ebops_trace_seconds=0.01 ebops_trace_over_epoch=0.001 loss=2.571109 host_rss_mb=2289
[epoch 4/7000] EBOPs=untraced in_training_ebops=9364210 target=350000 beta=1.32e-07 val_AUC=0.872090 val_accuracy=0.617097 seconds=63.9 checkpoint=- ebops_trace_seconds=0.01 ebops_trace_over_epoch=0.001 loss=2.369267 host_rss_mb=2301
[epoch 5/7000] EBOPs=untraced in_training_ebops=7795578 target=350000 beta=1.43e-07 val_AUC=0.867477 val_accuracy=0.608355 seconds=63.9 checkpoint=- ebops_trace_seconds=0.01 ebops_trace_over_epoch=0.001 loss=2.194031 host_rss_mb=2307
[epoch 6/7000] EBOPs=untraced in_training_ebops=6233765 target=350000 beta=1.39e-07 val_AUC=0.868226 val_accuracy=0.605919 seconds=63.9 checkpoint=- ebops_trace_seconds=0.01 ebops_trace_over_epoch=0.001 loss=2.029197 host_rss_mb=2308
[epoch 7/7000] EBOPs=untraced in_training_ebops=5872709 target=350000 beta=1.29e-07 val_AUC=0.877373 val_accuracy=0.627871 seconds=63.7 checkpoint=- ebops_trace_seconds=0.01 ebops_trace_over_epoch=0.001 loss=1.791947 host_rss_mb=2312
[epoch 8/7000] EBOPs=untraced in_training_ebops=4923364 target=350000 beta=1.4e-07 val_AUC=0.865155 val_accuracy=0.577645 seconds=63.6 checkpoint=- ebops_trace_seconds=0.00 ebops_trace_over_epoch=0.001 loss=1.785506 host_rss_mb=2323
[epoch 9/7000] EBOPs=untraced in_training_ebops=4740659 target=350000 beta=1.34e-07 val_AUC=0.854562 val_accuracy=0.577581 seconds=53.9 checkpoint=- ebops_trace_seconds=0.00 ebops_trace_over_epoch=0.001 loss=1.664697 host_rss_mb=2326
[epoch 10/7000] EBOPs=3568691 target=350000 above_floor=3397165 feasible=0 degenerate=0 beta=1.47e-07 val_AUC=0.867724 val_accuracy=0.608903 seconds=109.5 checkpoint=- ebops_trace_seconds=71.20 ebops_trace_over_epoch=0.650 loss=1.688863 host_rss_mb=2332
[epoch 11/7000] EBOPs=untraced in_training_ebops=3898745 target=350000 beta=1.24e-07 val_AUC=0.869834 val_accuracy=0.590339 seconds=63.0 checkpoint=- ebops_trace_seconds=0.00 ebops_trace_over_epoch=0.001 loss=1.502701 host_rss_mb=2314
[epoch 12/7000] EBOPs=untraced in_training_ebops=3545565 target=350000 beta=1.53e-07 val_AUC=0.855410 val_accuracy=0.566226 seconds=63.1 checkpoint=- ebops_trace_seconds=0.00 ebops_trace_over_epoch=0.001 loss=1.618262 host_rss_mb=2321
[epoch 13/7000] EBOPs=untraced in_training_ebops=2869936 target=350000 beta=1.56e-07 val_AUC=0.848532 val_accuracy=0.579500 seconds=63.4 checkpoint=- ebops_trace_seconds=0.01 ebops_trace_over_epoch=0.001 loss=1.564394 host_rss_mb=2328
[epoch 14/7000] EBOPs=untraced in_training_ebops=2614582 target=350000 beta=1.4e-07 val_AUC=0.857118 val_accuracy=0.580355 seconds=63.7 checkpoint=- ebops_trace_seconds=0.00 ebops_trace_over_epoch=0.001 loss=1.444874 host_rss_mb=2330
[epoch 15/7000] EBOPs=untraced in_training_ebops=2386160 target=350000 beta=1.41e-07 val_AUC=0.863441 val_accuracy=0.604710 seconds=63.2 checkpoint=- ebops_trace_seconds=0.00 ebops_trace_over_epoch=0.001 loss=1.395157 host_rss_mb=2330
[epoch 16/7000] EBOPs=untraced in_training_ebops=2084694 target=350000 beta=1.42e-07 val_AUC=0.862324 val_accuracy=0.576113 seconds=63.2 checkpoint=- ebops_trace_seconds=0.01 ebops_trace_over_epoch=0.001 loss=1.358027 host_rss_mb=2330
[epoch 17/7000] EBOPs=untraced in_training_ebops=1890852 target=350000 beta=1.36e-07 val_AUC=0.847359 val_accuracy=0.559484 seconds=63.2 checkpoint=- ebops_trace_seconds=0.00 ebops_trace_over_epoch=0.001 loss=1.313515 host_rss_mb=2334
[epoch 18/7000] EBOPs=untraced in_training_ebops=1682369 target=350000 beta=1.34e-07 val_AUC=0.852899 val_accuracy=0.581839 seconds=62.9 checkpoint=- ebops_trace_seconds=0.00 ebops_trace_over_epoch=0.001 loss=1.307444 host_rss_mb=2334
[epoch 19/7000] EBOPs=untraced in_training_ebops=1539348 target=350000 beta=1.29e-07 val_AUC=0.855481 val_accuracy=0.580806 seconds=53.2 checkpoint=- ebops_trace_seconds=0.00 ebops_trace_over_epoch=0.001 loss=1.269968 host_rss_mb=2336
[epoch 20/7000] EBOPs=1644823 target=350000 above_floor=1473297 feasible=0 degenerate=0 beta=1.27e-07 val_AUC=0.868809 val_accuracy=0.601839 seconds=106.1 checkpoint=- ebops_trace_seconds=61.43 ebops_trace_over_epoch=0.580 loss=1.250218 host_rss_mb=2337
[epoch 21/7000] EBOPs=untraced in_training_ebops=1526172 target=350000 beta=1.47e-07 val_AUC=0.854075 val_accuracy=0.597984 seconds=24.7 checkpoint=epoch-0021 ebops_trace_seconds=0.00 ebops_trace_over_epoch=0.002 loss=1.293084 host_rss_mb=2339
CHECKPOINT_VERIFICATION_PASS {"index": 3, "name": "chang0926-a-n64-s4", "arm": "A", "seed": 4, "n_part": 64, "file": "chang0926-a-n64-s4.json", "production": true, "target_ebops": 350000, "zero_floor_ebops": 171526, "arch": {"d_model": 24, "n_heads": 2, "pos_enc": "none"}, "quant_set": "chang", "config_sha256": "fad33c2e84de31375defae7a80b81aa24b07d3c89311f2fb69d2cb1dc01e82c2", "status": "verified_canary", "completed_epochs": 21, "selected": {"epoch": 19, "val_macro_auc": 0.8688088651873155, "val_categorical_accuracy": 0.6018387096774194, "ebops": 1644823, "ebops_above_floor": 1473297}, "checkpoint": "model_min_ebops.keras", "checkpoint_sha256": "d17be6d14bdc6424c4ce2ab8d4f3bc771a8432efa74d2160fbd8f955500fd66f", "budget_met": false, "validation_accuracy": 0.6018387096774194, "validation_macro_auc": 0.8688088651873155, "validation_per_class_auc": [0.880097633105421, 0.8553936678467601, 0.8462570001701225, 0.8353907000518905, 0.9269053247623834], "wall_seconds_this_invocation": 1517.323833543982, "test_set_used": false, "hardware_validated": false, "validation_labels_sha256": "63049d9bdcfdc83af97c58bc6579e1def1ec2d9e7a6c30007793badd75217709", "reload_ebops_check": "stored", "source_sha256": "041f981a9d5b8c3a7affb175d82de0ca2df9bc6261a172f67cb365c88b4bbd42", "selection_cost": 1644823, "selection_cost_convention": "native_hgq2", "native_hgq2_backbone_ebops": 1644823, "custom_estimated_bitops": 0, "modules": {}, "warning": "Augmented total is not directly interchangeable with historical native HGQ2 totals."}
WANDB_IMPORTED False
ARM_DONE chang0926-a-n64-s4 exit 0 wall_seconds 1517.5 utc 2026-09-29T12:26:42Z
