==== BENCH_ARM_ATTEMPT 0 2026-09-29T12:00:50Z phase p3-E-k4
ARM_CPUS n=8 requested 4-11 seen 4-11 OK
BENCH_ARM chang0926-a-n64-s2 tree /work/code devices ['/physical_device:GPU:0'] tf32_enabled False test_cpu False utc 2026-09-29T12:00:53Z
ARM_MANIFEST_SHA 041f981a9d5b8c3a7affb175d82de0ca2df9bc6261a172f67cb365c88b4bbd42 expected 041f981a9d5b8c3a7affb175d82de0ca2df9bc6261a172f67cb365c88b4bbd42 OK
BENCH_CACHE {"x_train": "420ac79dcece207aca849f6ca56e6426586023c9e02f38e5d3ac596fa74d79bc", "x_val": "7b56c1b25bc0d9231767f891ec52455ecb7c5656735fcf9d404104fd2c264d31", "y_train": "a5269398e2c6e5f1fc0db98e1a99a8befea619bf0c55531293d02a286c0dd378", "y_val": "63049d9bdcfdc83af97c58bc6579e1def1ec2d9e7a6c30007793badd75217709"}
[train] chang0926-a-n64-s2 params=31735 resume_epoch=0 initial_ebops=11295521
[epoch 1/7000] EBOPs=11657253 target=350000 above_floor=11485727 feasible=0 degenerate=0 beta=1e-07 val_AUC=0.842047 val_accuracy=0.569565 seconds=110.7 checkpoint=- ebops_trace_seconds=64.23 ebops_trace_over_epoch=0.581 loss=2.622384 host_rss_mb=2274
[epoch 2/7000] EBOPs=untraced in_training_ebops=12745059 target=350000 beta=1e-07 val_AUC=0.863128 val_accuracy=0.598806 seconds=42.6 checkpoint=- ebops_trace_seconds=0.00 ebops_trace_over_epoch=0.001 loss=2.276195 host_rss_mb=2292
[epoch 3/7000] EBOPs=untraced in_training_ebops=10124591 target=350000 beta=1.31e-07 val_AUC=0.877962 val_accuracy=0.628290 seconds=63.8 checkpoint=- ebops_trace_seconds=0.01 ebops_trace_over_epoch=0.001 loss=2.506870 host_rss_mb=2307
[epoch 4/7000] EBOPs=untraced in_training_ebops=9343325 target=350000 beta=1.23e-07 val_AUC=0.835330 val_accuracy=0.580016 seconds=63.9 checkpoint=- ebops_trace_seconds=0.00 ebops_trace_over_epoch=0.001 loss=2.247657 host_rss_mb=2316
[epoch 5/7000] EBOPs=untraced in_training_ebops=7561583 target=350000 beta=1.34e-07 val_AUC=0.747616 val_accuracy=0.499839 seconds=63.9 checkpoint=- ebops_trace_seconds=0.00 ebops_trace_over_epoch=0.001 loss=2.058873 host_rss_mb=2325
[epoch 6/7000] EBOPs=untraced in_training_ebops=6397311 target=350000 beta=1.26e-07 val_AUC=0.789740 val_accuracy=0.454548 seconds=63.8 checkpoint=- ebops_trace_seconds=0.00 ebops_trace_over_epoch=0.001 loss=1.915189 host_rss_mb=2327
[epoch 7/7000] EBOPs=untraced in_training_ebops=5685168 target=350000 beta=1.24e-07 val_AUC=0.723175 val_accuracy=0.430323 seconds=63.9 checkpoint=- ebops_trace_seconds=0.00 ebops_trace_over_epoch=0.001 loss=1.714751 host_rss_mb=2335
[epoch 8/7000] EBOPs=untraced in_training_ebops=5073430 target=350000 beta=1.26e-07 val_AUC=0.753090 val_accuracy=0.492387 seconds=63.9 checkpoint=- ebops_trace_seconds=0.00 ebops_trace_over_epoch=0.001 loss=1.674536 host_rss_mb=2341
[epoch 9/7000] EBOPs=untraced in_training_ebops=4527597 target=350000 beta=1.29e-07 val_AUC=0.726269 val_accuracy=0.366387 seconds=63.8 checkpoint=- ebops_trace_seconds=0.00 ebops_trace_over_epoch=0.001 loss=1.619892 host_rss_mb=2348
[epoch 10/7000] EBOPs=3568535 target=350000 above_floor=3397009 feasible=0 degenerate=0 beta=1.31e-07 val_AUC=0.865855 val_accuracy=0.607129 seconds=123.4 checkpoint=- ebops_trace_seconds=68.96 ebops_trace_over_epoch=0.559 loss=1.589747 host_rss_mb=2353
[epoch 11/7000] EBOPs=untraced in_training_ebops=3712668 target=350000 beta=1.16e-07 val_AUC=0.867716 val_accuracy=0.610306 seconds=51.0 checkpoint=- ebops_trace_seconds=0.01 ebops_trace_over_epoch=0.001 loss=1.455137 host_rss_mb=2342
[epoch 12/7000] EBOPs=untraced in_training_ebops=3445446 target=350000 beta=1.35e-07 val_AUC=0.875956 val_accuracy=0.626081 seconds=63.0 checkpoint=- ebops_trace_seconds=0.01 ebops_trace_over_epoch=0.001 loss=1.491959 host_rss_mb=2343
[epoch 13/7000] EBOPs=untraced in_training_ebops=2885216 target=350000 beta=1.41e-07 val_AUC=0.855118 val_accuracy=0.580581 seconds=63.1 checkpoint=- ebops_trace_seconds=0.01 ebops_trace_over_epoch=0.001 loss=1.470000 host_rss_mb=2349
[epoch 14/7000] EBOPs=untraced in_training_ebops=2663443 target=350000 beta=1.31e-07 val_AUC=0.869341 val_accuracy=0.613677 seconds=63.0 checkpoint=- ebops_trace_seconds=0.01 ebops_trace_over_epoch=0.001 loss=1.413342 host_rss_mb=2350
[epoch 15/7000] EBOPs=untraced in_training_ebops=2425003 target=350000 beta=1.34e-07 val_AUC=0.867070 val_accuracy=0.611548 seconds=63.0 checkpoint=- ebops_trace_seconds=0.01 ebops_trace_over_epoch=0.001 loss=1.370100 host_rss_mb=2352
[epoch 16/7000] EBOPs=untraced in_training_ebops=2193994 target=350000 beta=1.34e-07 val_AUC=0.868061 val_accuracy=0.598435 seconds=63.1 checkpoint=- ebops_trace_seconds=0.01 ebops_trace_over_epoch=0.001 loss=1.338037 host_rss_mb=2352
[epoch 17/7000] EBOPs=untraced in_training_ebops=2160096 target=350000 beta=1.33e-07 val_AUC=0.858650 val_accuracy=0.589226 seconds=63.0 checkpoint=- ebops_trace_seconds=0.01 ebops_trace_over_epoch=0.001 loss=1.344254 host_rss_mb=2352
[epoch 18/7000] EBOPs=untraced in_training_ebops=1933266 target=350000 beta=1.44e-07 val_AUC=0.855887 val_accuracy=0.575177 seconds=63.4 checkpoint=- ebops_trace_seconds=0.01 ebops_trace_over_epoch=0.001 loss=1.352352 host_rss_mb=2352
[epoch 19/7000] EBOPs=untraced in_training_ebops=1821695 target=350000 beta=1.4e-07 val_AUC=0.853033 val_accuracy=0.570919 seconds=60.6 checkpoint=- ebops_trace_seconds=0.00 ebops_trace_over_epoch=0.001 loss=1.314330 host_rss_mb=2353
[epoch 20/7000] EBOPs=1607570 target=350000 above_floor=1436044 feasible=0 degenerate=0 beta=1.43e-07 val_AUC=0.863608 val_accuracy=0.601855 seconds=118.9 checkpoint=- ebops_trace_seconds=66.66 ebops_trace_over_epoch=0.561 loss=1.327530 host_rss_mb=2354
[epoch 21/7000] EBOPs=untraced in_training_ebops=1536527 target=350000 beta=1.36e-07 val_AUC=0.864224 val_accuracy=0.606210 seconds=30.1 checkpoint=epoch-0021 ebops_trace_seconds=0.00 ebops_trace_over_epoch=0.002 loss=1.281751 host_rss_mb=2355
CHECKPOINT_VERIFICATION_PASS {"index": 1, "name": "chang0926-a-n64-s2", "arm": "A", "seed": 2, "n_part": 64, "file": "chang0926-a-n64-s2.json", "production": true, "target_ebops": 350000, "zero_floor_ebops": 171526, "arch": {"d_model": 24, "n_heads": 2, "pos_enc": "none"}, "quant_set": "chang", "config_sha256": "06af8973e0148fa86e42783d6a581acadd503423a6127b67c74a52bb100a1156", "status": "verified_canary", "completed_epochs": 21, "selected": {"epoch": 19, "val_macro_auc": 0.863608338546696, "val_categorical_accuracy": 0.6018548387096774, "ebops": 1607570, "ebops_above_floor": 1436044}, "checkpoint": "model_min_ebops.keras", "checkpoint_sha256": "143f4cc985b1cd079875e1cec7af569d2a402ac6288618068a8d4e2adff991f3", "budget_met": false, "validation_accuracy": 0.6018548387096774, "validation_macro_auc": 0.863608338546696, "validation_per_class_auc": [0.8684781325379206, 0.8503376132646765, 0.8391715429272887, 0.8351523714009614, 0.924902032602633], "wall_seconds_this_invocation": 1523.713602779957, "test_set_used": false, "hardware_validated": false, "validation_labels_sha256": "63049d9bdcfdc83af97c58bc6579e1def1ec2d9e7a6c30007793badd75217709", "reload_ebops_check": "stored", "source_sha256": "041f981a9d5b8c3a7affb175d82de0ca2df9bc6261a172f67cb365c88b4bbd42", "selection_cost": 1607570, "selection_cost_convention": "native_hgq2", "native_hgq2_backbone_ebops": 1607570, "custom_estimated_bitops": 0, "modules": {}, "warning": "Augmented total is not directly interchangeable with historical native HGQ2 totals."}
WANDB_IMPORTED False
ARM_DONE chang0926-a-n64-s2 exit 0 wall_seconds 1524.0 utc 2026-09-29T12:26:18Z
