==== BENCH_ARM_ATTEMPT 0 2026-09-29T13:58:46Z phase p3-E-k4
ARM_CPUS n=8 requested 7,9-10,12-16 seen 7,9-10,12-16 OK
BENCH_ARM chang0926-a-n64-s4 tree /work/code devices ['/physical_device:GPU:0'] tf32_enabled False test_cpu False utc 2026-09-29T13:58:49Z
ARM_MANIFEST_SHA 041f981a9d5b8c3a7affb175d82de0ca2df9bc6261a172f67cb365c88b4bbd42 expected 041f981a9d5b8c3a7affb175d82de0ca2df9bc6261a172f67cb365c88b4bbd42 OK
BENCH_CACHE {"x_train": "420ac79dcece207aca849f6ca56e6426586023c9e02f38e5d3ac596fa74d79bc", "x_val": "7b56c1b25bc0d9231767f891ec52455ecb7c5656735fcf9d404104fd2c264d31", "y_train": "a5269398e2c6e5f1fc0db98e1a99a8befea619bf0c55531293d02a286c0dd378", "y_val": "63049d9bdcfdc83af97c58bc6579e1def1ec2d9e7a6c30007793badd75217709"}
[train] chang0926-a-n64-s4 params=31735 resume_epoch=0 initial_ebops=11205067
[epoch 1/7000] EBOPs=11183961 target=350000 above_floor=11012435 feasible=0 degenerate=0 beta=1e-07 val_AUC=0.792764 val_accuracy=0.506661 seconds=121.5 checkpoint=- ebops_trace_seconds=66.34 ebops_trace_over_epoch=0.547 loss=2.623660 host_rss_mb=2294
[epoch 2/7000] EBOPs=untraced in_training_ebops=12546459 target=350000 beta=1e-07 val_AUC=0.866282 val_accuracy=0.556823 seconds=69.8 checkpoint=- ebops_trace_seconds=0.01 ebops_trace_over_epoch=0.001 loss=2.317893 host_rss_mb=2313
[epoch 3/7000] EBOPs=untraced in_training_ebops=9699733 target=350000 beta=1.34e-07 val_AUC=0.875455 val_accuracy=0.620645 seconds=69.8 checkpoint=- ebops_trace_seconds=0.01 ebops_trace_over_epoch=0.001 loss=2.489160 host_rss_mb=2327
[epoch 4/7000] EBOPs=untraced in_training_ebops=8948466 target=350000 beta=1.22e-07 val_AUC=0.883134 val_accuracy=0.635806 seconds=69.9 checkpoint=- ebops_trace_seconds=0.01 ebops_trace_over_epoch=0.001 loss=2.178367 host_rss_mb=2342
[epoch 5/7000] EBOPs=untraced in_training_ebops=7496041 target=350000 beta=1.33e-07 val_AUC=0.882138 val_accuracy=0.622726 seconds=69.9 checkpoint=- ebops_trace_seconds=0.01 ebops_trace_over_epoch=0.001 loss=2.017232 host_rss_mb=2352
[epoch 6/7000] EBOPs=untraced in_training_ebops=6483864 target=350000 beta=1.3e-07 val_AUC=0.873652 val_accuracy=0.598984 seconds=69.8 checkpoint=- ebops_trace_seconds=0.01 ebops_trace_over_epoch=0.001 loss=1.937714 host_rss_mb=2355
[epoch 7/7000] EBOPs=untraced in_training_ebops=5539132 target=350000 beta=1.3e-07 val_AUC=0.877809 val_accuracy=0.612403 seconds=70.0 checkpoint=- ebops_trace_seconds=0.01 ebops_trace_over_epoch=0.001 loss=1.758645 host_rss_mb=2364
[epoch 8/7000] EBOPs=untraced in_training_ebops=4813532 target=350000 beta=1.27e-07 val_AUC=0.883921 val_accuracy=0.633468 seconds=69.8 checkpoint=- ebops_trace_seconds=0.01 ebops_trace_over_epoch=0.001 loss=1.669156 host_rss_mb=2369
[epoch 9/7000] EBOPs=untraced in_training_ebops=4325948 target=350000 beta=1.26e-07 val_AUC=0.874883 val_accuracy=0.603839 seconds=62.6 checkpoint=- ebops_trace_seconds=0.01 ebops_trace_over_epoch=0.001 loss=1.567996 host_rss_mb=2369
[epoch 10/7000] EBOPs=3293717 target=350000 above_floor=3122191 feasible=0 degenerate=0 beta=1.29e-07 val_AUC=0.883975 val_accuracy=0.636419 seconds=120.4 checkpoint=- ebops_trace_seconds=71.51 ebops_trace_over_epoch=0.594 loss=1.522231 host_rss_mb=2370
[epoch 11/7000] EBOPs=untraced in_training_ebops=3446142 target=350000 beta=1.1e-07 val_AUC=0.864728 val_accuracy=0.591823 seconds=69.7 checkpoint=- ebops_trace_seconds=0.01 ebops_trace_over_epoch=0.001 loss=1.356425 host_rss_mb=2355
[epoch 12/7000] EBOPs=untraced in_training_ebops=3337652 target=350000 beta=1.28e-07 val_AUC=0.865021 val_accuracy=0.579371 seconds=69.6 checkpoint=- ebops_trace_seconds=0.01 ebops_trace_over_epoch=0.001 loss=1.425675 host_rss_mb=2357
[epoch 13/7000] EBOPs=untraced in_training_ebops=2761009 target=350000 beta=1.39e-07 val_AUC=0.874758 val_accuracy=0.614290 seconds=69.3 checkpoint=- ebops_trace_seconds=0.01 ebops_trace_over_epoch=0.001 loss=1.423710 host_rss_mb=2358
[epoch 14/7000] EBOPs=untraced in_training_ebops=2550098 target=350000 beta=1.28e-07 val_AUC=0.876834 val_accuracy=0.610194 seconds=69.4 checkpoint=- ebops_trace_seconds=0.01 ebops_trace_over_epoch=0.001 loss=1.351704 host_rss_mb=2358
[epoch 15/7000] EBOPs=untraced in_training_ebops=2342739 target=350000 beta=1.3e-07 val_AUC=0.873324 val_accuracy=0.597548 seconds=69.2 checkpoint=- ebops_trace_seconds=0.01 ebops_trace_over_epoch=0.001 loss=1.321304 host_rss_mb=2360
[epoch 16/7000] EBOPs=untraced in_training_ebops=2223655 target=350000 beta=1.32e-07 val_AUC=0.863479 val_accuracy=0.598016 seconds=69.2 checkpoint=- ebops_trace_seconds=0.01 ebops_trace_over_epoch=0.001 loss=1.311946 host_rss_mb=2361
[epoch 17/7000] EBOPs=untraced in_training_ebops=2160965 target=350000 beta=1.37e-07 val_AUC=0.876131 val_accuracy=0.618661 seconds=69.5 checkpoint=- ebops_trace_seconds=0.01 ebops_trace_over_epoch=0.001 loss=1.305701 host_rss_mb=2365
[epoch 18/7000] EBOPs=untraced in_training_ebops=2016657 target=350000 beta=1.46e-07 val_AUC=0.870157 val_accuracy=0.606645 seconds=69.1 checkpoint=- ebops_trace_seconds=0.01 ebops_trace_over_epoch=0.001 loss=1.307368 host_rss_mb=2365
[epoch 19/7000] EBOPs=untraced in_training_ebops=1861535 target=350000 beta=1.49e-07 val_AUC=0.868025 val_accuracy=0.602806 seconds=61.4 checkpoint=- ebops_trace_seconds=0.00 ebops_trace_over_epoch=0.001 loss=1.329049 host_rss_mb=2365
[epoch 20/7000] EBOPs=1734383 target=350000 above_floor=1562857 feasible=0 degenerate=0 beta=1.49e-07 val_AUC=0.846042 val_accuracy=0.581387 seconds=113.1 checkpoint=- ebops_trace_seconds=60.09 ebops_trace_over_epoch=0.532 loss=1.339474 host_rss_mb=2365
[epoch 21/7000] EBOPs=untraced in_training_ebops=1751968 target=350000 beta=1.5e-07 val_AUC=0.853770 val_accuracy=0.579710 seconds=29.3 checkpoint=epoch-0021 ebops_trace_seconds=0.00 ebops_trace_over_epoch=0.001 loss=1.342286 host_rss_mb=2366
CHECKPOINT_VERIFICATION_PASS {"index": 3, "name": "chang0926-a-n64-s4", "arm": "A", "seed": 4, "n_part": 64, "file": "chang0926-a-n64-s4.json", "production": true, "target_ebops": 350000, "zero_floor_ebops": 171526, "arch": {"d_model": 24, "n_heads": 2, "pos_enc": "none"}, "quant_set": "chang", "config_sha256": "fad33c2e84de31375defae7a80b81aa24b07d3c89311f2fb69d2cb1dc01e82c2", "status": "verified_canary", "completed_epochs": 21, "selected": {"epoch": 19, "val_macro_auc": 0.8460424572972987, "val_categorical_accuracy": 0.5813870967741935, "ebops": 1734383, "ebops_above_floor": 1562857}, "checkpoint": "model_min_ebops.keras", "checkpoint_sha256": "4ec86616582408e4963604e5a632e597bf8eec2ce362419fb2ab244c0b620469", "budget_met": false, "validation_accuracy": 0.5813870967741935, "validation_macro_auc": 0.8460424572972987, "validation_per_class_auc": [0.8511516657813281, 0.8313890815050661, 0.8225754935205426, 0.8146809897229843, 0.9104150559565726], "wall_seconds_this_invocation": 1659.0908178989994, "test_set_used": false, "hardware_validated": false, "validation_labels_sha256": "63049d9bdcfdc83af97c58bc6579e1def1ec2d9e7a6c30007793badd75217709", "reload_ebops_check": "stored", "source_sha256": "041f981a9d5b8c3a7affb175d82de0ca2df9bc6261a172f67cb365c88b4bbd42", "selection_cost": 1734383, "selection_cost_convention": "native_hgq2", "native_hgq2_backbone_ebops": 1734383, "custom_estimated_bitops": 0, "modules": {}, "warning": "Augmented total is not directly interchangeable with historical native HGQ2 totals."}
WANDB_IMPORTED False
ARM_DONE chang0926-a-n64-s4 exit 0 wall_seconds 1659.3 utc 2026-09-29T14:26:29Z
