==== BENCH_ARM_ATTEMPT 0 2026-09-29T13:58:16Z phase p3-E-k4
ARM_CPUS n=8 requested 7,9-10,12-16 seen 7,9-10,12-16 OK
BENCH_ARM chang0926-a-n64-s2 tree /work/code devices ['/physical_device:GPU:0'] tf32_enabled False test_cpu False utc 2026-09-29T13:58:19Z
ARM_MANIFEST_SHA 041f981a9d5b8c3a7affb175d82de0ca2df9bc6261a172f67cb365c88b4bbd42 expected 041f981a9d5b8c3a7affb175d82de0ca2df9bc6261a172f67cb365c88b4bbd42 OK
BENCH_CACHE {"x_train": "420ac79dcece207aca849f6ca56e6426586023c9e02f38e5d3ac596fa74d79bc", "x_val": "7b56c1b25bc0d9231767f891ec52455ecb7c5656735fcf9d404104fd2c264d31", "y_train": "a5269398e2c6e5f1fc0db98e1a99a8befea619bf0c55531293d02a286c0dd378", "y_val": "63049d9bdcfdc83af97c58bc6579e1def1ec2d9e7a6c30007793badd75217709"}
[train] chang0926-a-n64-s2 params=31735 resume_epoch=0 initial_ebops=11295521
[epoch 1/7000] EBOPs=11825175 target=350000 above_floor=11653649 feasible=0 degenerate=0 beta=1e-07 val_AUC=0.838346 val_accuracy=0.566677 seconds=120.8 checkpoint=- ebops_trace_seconds=65.11 ebops_trace_over_epoch=0.540 loss=2.633204 host_rss_mb=2265
[epoch 2/7000] EBOPs=untraced in_training_ebops=12478225 target=350000 beta=1e-07 val_AUC=0.871733 val_accuracy=0.610274 seconds=50.6 checkpoint=- ebops_trace_seconds=0.00 ebops_trace_over_epoch=0.001 loss=2.266947 host_rss_mb=2285
[epoch 3/7000] EBOPs=untraced in_training_ebops=10000111 target=350000 beta=1.26e-07 val_AUC=0.873345 val_accuracy=0.612016 seconds=70.0 checkpoint=- ebops_trace_seconds=0.00 ebops_trace_over_epoch=0.001 loss=2.423565 host_rss_mb=2292
[epoch 4/7000] EBOPs=untraced in_training_ebops=9754736 target=350000 beta=1.2e-07 val_AUC=0.879316 val_accuracy=0.633806 seconds=69.8 checkpoint=- ebops_trace_seconds=0.00 ebops_trace_over_epoch=0.001 loss=2.203351 host_rss_mb=2300
[epoch 5/7000] EBOPs=untraced in_training_ebops=7693356 target=350000 beta=1.38e-07 val_AUC=0.881887 val_accuracy=0.632339 seconds=69.9 checkpoint=- ebops_trace_seconds=0.00 ebops_trace_over_epoch=0.001 loss=2.126765 host_rss_mb=2305
[epoch 6/7000] EBOPs=untraced in_training_ebops=6339869 target=350000 beta=1.27e-07 val_AUC=0.885620 val_accuracy=0.643629 seconds=70.0 checkpoint=- ebops_trace_seconds=0.00 ebops_trace_over_epoch=0.001 loss=1.911533 host_rss_mb=2305
[epoch 7/7000] EBOPs=untraced in_training_ebops=5983125 target=350000 beta=1.21e-07 val_AUC=0.883780 val_accuracy=0.629903 seconds=69.8 checkpoint=- ebops_trace_seconds=0.00 ebops_trace_over_epoch=0.001 loss=1.715654 host_rss_mb=2309
[epoch 8/7000] EBOPs=untraced in_training_ebops=5047790 target=350000 beta=1.31e-07 val_AUC=0.879276 val_accuracy=0.630339 seconds=70.0 checkpoint=- ebops_trace_seconds=0.00 ebops_trace_over_epoch=0.001 loss=1.745588 host_rss_mb=2314
[epoch 9/7000] EBOPs=untraced in_training_ebops=4628664 target=350000 beta=1.27e-07 val_AUC=0.866243 val_accuracy=0.594742 seconds=69.9 checkpoint=- ebops_trace_seconds=0.00 ebops_trace_over_epoch=0.001 loss=1.615661 host_rss_mb=2314
[epoch 10/7000] EBOPs=3783318 target=350000 above_floor=3611792 feasible=0 degenerate=0 beta=1.32e-07 val_AUC=0.879055 val_accuracy=0.627774 seconds=131.7 checkpoint=- ebops_trace_seconds=70.54 ebops_trace_over_epoch=0.536 loss=1.588854 host_rss_mb=2315
[epoch 11/7000] EBOPs=untraced in_training_ebops=3844578 target=350000 beta=1.22e-07 val_AUC=0.874938 val_accuracy=0.636161 seconds=55.5 checkpoint=- ebops_trace_seconds=0.00 ebops_trace_over_epoch=0.001 loss=1.477615 host_rss_mb=2307
[epoch 12/7000] EBOPs=untraced in_training_ebops=3538496 target=350000 beta=1.39e-07 val_AUC=0.858729 val_accuracy=0.573871 seconds=70.3 checkpoint=- ebops_trace_seconds=0.00 ebops_trace_over_epoch=0.001 loss=1.529364 host_rss_mb=2311
[epoch 13/7000] EBOPs=untraced in_training_ebops=2785021 target=350000 beta=1.44e-07 val_AUC=0.873036 val_accuracy=0.613839 seconds=70.1 checkpoint=- ebops_trace_seconds=0.00 ebops_trace_over_epoch=0.001 loss=1.486142 host_rss_mb=2318
[epoch 14/7000] EBOPs=untraced in_training_ebops=2548237 target=350000 beta=1.26e-07 val_AUC=0.861044 val_accuracy=0.602468 seconds=70.1 checkpoint=- ebops_trace_seconds=0.00 ebops_trace_over_epoch=0.001 loss=1.369386 host_rss_mb=2323
[epoch 15/7000] EBOPs=untraced in_training_ebops=2277791 target=350000 beta=1.27e-07 val_AUC=0.862550 val_accuracy=0.620371 seconds=70.0 checkpoint=- ebops_trace_seconds=0.00 ebops_trace_over_epoch=0.001 loss=1.339102 host_rss_mb=2327
[epoch 16/7000] EBOPs=untraced in_training_ebops=2081114 target=350000 beta=1.25e-07 val_AUC=0.857121 val_accuracy=0.590871 seconds=69.8 checkpoint=- ebops_trace_seconds=0.00 ebops_trace_over_epoch=0.001 loss=1.306392 host_rss_mb=2332
[epoch 17/7000] EBOPs=untraced in_training_ebops=2008953 target=350000 beta=1.25e-07 val_AUC=0.871910 val_accuracy=0.606855 seconds=69.8 checkpoint=- ebops_trace_seconds=0.00 ebops_trace_over_epoch=0.001 loss=1.292420 host_rss_mb=2332
[epoch 18/7000] EBOPs=untraced in_training_ebops=1832160 target=350000 beta=1.31e-07 val_AUC=0.861625 val_accuracy=0.593645 seconds=69.9 checkpoint=- ebops_trace_seconds=0.00 ebops_trace_over_epoch=0.001 loss=1.282672 host_rss_mb=2333
[epoch 19/7000] EBOPs=untraced in_training_ebops=1690828 target=350000 beta=1.3e-07 val_AUC=0.862932 val_accuracy=0.592274 seconds=69.9 checkpoint=- ebops_trace_seconds=0.00 ebops_trace_over_epoch=0.001 loss=1.286986 host_rss_mb=2334
[epoch 20/7000] EBOPs=1630558 target=350000 above_floor=1459032 feasible=0 degenerate=0 beta=1.3e-07 val_AUC=0.844431 val_accuracy=0.544097 seconds=127.4 checkpoint=- ebops_trace_seconds=68.01 ebops_trace_over_epoch=0.534 loss=1.289828 host_rss_mb=2336
[epoch 21/7000] EBOPs=untraced in_training_ebops=1554915 target=350000 beta=1.35e-07 val_AUC=0.838328 val_accuracy=0.512016 seconds=34.0 checkpoint=epoch-0021 ebops_trace_seconds=0.01 ebops_trace_over_epoch=0.002 loss=1.297970 host_rss_mb=2338
CHECKPOINT_VERIFICATION_PASS {"index": 1, "name": "chang0926-a-n64-s2", "arm": "A", "seed": 2, "n_part": 64, "file": "chang0926-a-n64-s2.json", "production": true, "target_ebops": 350000, "zero_floor_ebops": 171526, "arch": {"d_model": 24, "n_heads": 2, "pos_enc": "none"}, "quant_set": "chang", "config_sha256": "06af8973e0148fa86e42783d6a581acadd503423a6127b67c74a52bb100a1156", "status": "verified_canary", "completed_epochs": 21, "selected": {"epoch": 19, "val_macro_auc": 0.8444314696681205, "val_categorical_accuracy": 0.5440967741935484, "ebops": 1630558, "ebops_above_floor": 1459032}, "checkpoint": "model_min_ebops.keras", "checkpoint_sha256": "f029b807968fb41a233ce3264acda4d4bf9c2b7125849b642cca0cf041de38a6", "budget_met": false, "validation_accuracy": 0.5440967741935484, "validation_macro_auc": 0.8444314696681205, "validation_per_class_auc": [0.8592007084573476, 0.8386757076561392, 0.8069510189812579, 0.8054293264858319, 0.9119005867600258], "wall_seconds_this_invocation": 1662.4117255709934, "test_set_used": false, "hardware_validated": false, "validation_labels_sha256": "63049d9bdcfdc83af97c58bc6579e1def1ec2d9e7a6c30007793badd75217709", "reload_ebops_check": "stored", "source_sha256": "041f981a9d5b8c3a7affb175d82de0ca2df9bc6261a172f67cb365c88b4bbd42", "selection_cost": 1630558, "selection_cost_convention": "native_hgq2", "native_hgq2_backbone_ebops": 1630558, "custom_estimated_bitops": 0, "modules": {}, "warning": "Augmented total is not directly interchangeable with historical native HGQ2 totals."}
WANDB_IMPORTED False
ARM_DONE chang0926-a-n64-s2 exit 0 wall_seconds 1662.7 utc 2026-09-29T14:26:03Z
