==== BENCH_ARM_ATTEMPT 0 2026-09-29T13:58:31Z phase p3-E-k4
ARM_CPUS n=8 requested 7,9-10,12-16 seen 7,9-10,12-16 OK
BENCH_ARM chang0926-a-n64-s3 tree /work/code devices ['/physical_device:GPU:0'] tf32_enabled False test_cpu False utc 2026-09-29T13:58:34Z
ARM_MANIFEST_SHA 041f981a9d5b8c3a7affb175d82de0ca2df9bc6261a172f67cb365c88b4bbd42 expected 041f981a9d5b8c3a7affb175d82de0ca2df9bc6261a172f67cb365c88b4bbd42 OK
BENCH_CACHE {"x_train": "420ac79dcece207aca849f6ca56e6426586023c9e02f38e5d3ac596fa74d79bc", "x_val": "7b56c1b25bc0d9231767f891ec52455ecb7c5656735fcf9d404104fd2c264d31", "y_train": "a5269398e2c6e5f1fc0db98e1a99a8befea619bf0c55531293d02a286c0dd378", "y_val": "63049d9bdcfdc83af97c58bc6579e1def1ec2d9e7a6c30007793badd75217709"}
[train] chang0926-a-n64-s3 params=31735 resume_epoch=0 initial_ebops=11488104
[epoch 1/7000] EBOPs=11225998 target=350000 above_floor=11054472 feasible=0 degenerate=0 beta=1e-07 val_AUC=0.849634 val_accuracy=0.576581 seconds=122.8 checkpoint=- ebops_trace_seconds=63.65 ebops_trace_over_epoch=0.519 loss=2.639767 host_rss_mb=2270
[epoch 2/7000] EBOPs=untraced in_training_ebops=12438461 target=350000 beta=1e-07 val_AUC=0.857137 val_accuracy=0.587468 seconds=65.1 checkpoint=- ebops_trace_seconds=0.01 ebops_trace_over_epoch=0.001 loss=2.236275 host_rss_mb=2285
[epoch 3/7000] EBOPs=untraced in_training_ebops=9868370 target=350000 beta=1.32e-07 val_AUC=0.875600 val_accuracy=0.623694 seconds=69.7 checkpoint=- ebops_trace_seconds=0.01 ebops_trace_over_epoch=0.001 loss=2.461619 host_rss_mb=2295
[epoch 4/7000] EBOPs=untraced in_training_ebops=9357519 target=350000 beta=1.24e-07 val_AUC=0.885607 val_accuracy=0.647742 seconds=69.7 checkpoint=- ebops_trace_seconds=0.01 ebops_trace_over_epoch=0.001 loss=2.181639 host_rss_mb=2308
[epoch 5/7000] EBOPs=untraced in_training_ebops=7617490 target=350000 beta=1.39e-07 val_AUC=0.882050 val_accuracy=0.635484 seconds=69.3 checkpoint=- ebops_trace_seconds=0.01 ebops_trace_over_epoch=0.001 loss=2.061969 host_rss_mb=2317
[epoch 6/7000] EBOPs=untraced in_training_ebops=6443730 target=350000 beta=1.32e-07 val_AUC=0.886096 val_accuracy=0.633226 seconds=69.6 checkpoint=- ebops_trace_seconds=0.01 ebops_trace_over_epoch=0.001 loss=1.925132 host_rss_mb=2319
[epoch 7/7000] EBOPs=untraced in_training_ebops=5834220 target=350000 beta=1.29e-07 val_AUC=0.878759 val_accuracy=0.613065 seconds=69.1 checkpoint=- ebops_trace_seconds=0.01 ebops_trace_over_epoch=0.001 loss=1.760959 host_rss_mb=2325
[epoch 8/7000] EBOPs=untraced in_training_ebops=5002510 target=350000 beta=1.34e-07 val_AUC=0.884890 val_accuracy=0.637984 seconds=69.1 checkpoint=- ebops_trace_seconds=0.01 ebops_trace_over_epoch=0.001 loss=1.736477 host_rss_mb=2332
[epoch 9/7000] EBOPs=untraced in_training_ebops=4400360 target=350000 beta=1.32e-07 val_AUC=0.878759 val_accuracy=0.634903 seconds=66.5 checkpoint=- ebops_trace_seconds=0.00 ebops_trace_over_epoch=0.001 loss=1.628002 host_rss_mb=2333
[epoch 10/7000] EBOPs=3537611 target=350000 above_floor=3366085 feasible=0 degenerate=0 beta=1.31e-07 val_AUC=0.873106 val_accuracy=0.623290 seconds=124.4 checkpoint=- ebops_trace_seconds=69.14 ebops_trace_over_epoch=0.556 loss=1.559623 host_rss_mb=2334
[epoch 11/7000] EBOPs=untraced in_training_ebops=3566783 target=350000 beta=1.19e-07 val_AUC=0.873769 val_accuracy=0.613032 seconds=66.7 checkpoint=- ebops_trace_seconds=0.01 ebops_trace_over_epoch=0.001 loss=1.430112 host_rss_mb=2322
[epoch 12/7000] EBOPs=untraced in_training_ebops=3293769 target=350000 beta=1.34e-07 val_AUC=0.879132 val_accuracy=0.622403 seconds=69.5 checkpoint=- ebops_trace_seconds=0.01 ebops_trace_over_epoch=0.001 loss=1.478168 host_rss_mb=2329
[epoch 13/7000] EBOPs=untraced in_training_ebops=2873654 target=350000 beta=1.39e-07 val_AUC=0.862184 val_accuracy=0.606871 seconds=69.2 checkpoint=- ebops_trace_seconds=0.01 ebops_trace_over_epoch=0.001 loss=1.455935 host_rss_mb=2329
[epoch 14/7000] EBOPs=untraced in_training_ebops=2544213 target=350000 beta=1.34e-07 val_AUC=0.873575 val_accuracy=0.603306 seconds=69.3 checkpoint=- ebops_trace_seconds=0.01 ebops_trace_over_epoch=0.001 loss=1.387821 host_rss_mb=2335
[epoch 15/7000] EBOPs=untraced in_training_ebops=2402121 target=350000 beta=1.31e-07 val_AUC=0.858742 val_accuracy=0.583661 seconds=69.2 checkpoint=- ebops_trace_seconds=0.01 ebops_trace_over_epoch=0.001 loss=1.370675 host_rss_mb=2336
[epoch 16/7000] EBOPs=untraced in_training_ebops=2258233 target=350000 beta=1.37e-07 val_AUC=0.875029 val_accuracy=0.627403 seconds=69.2 checkpoint=- ebops_trace_seconds=0.01 ebops_trace_over_epoch=0.001 loss=1.356589 host_rss_mb=2336
[epoch 17/7000] EBOPs=untraced in_training_ebops=2101761 target=350000 beta=1.41e-07 val_AUC=0.867928 val_accuracy=0.593403 seconds=69.5 checkpoint=- ebops_trace_seconds=0.01 ebops_trace_over_epoch=0.001 loss=1.348911 host_rss_mb=2336
[epoch 18/7000] EBOPs=untraced in_training_ebops=1964616 target=350000 beta=1.44e-07 val_AUC=0.875173 val_accuracy=0.618597 seconds=69.1 checkpoint=- ebops_trace_seconds=0.01 ebops_trace_over_epoch=0.001 loss=1.323524 host_rss_mb=2342
[epoch 19/7000] EBOPs=untraced in_training_ebops=1816578 target=350000 beta=1.46e-07 val_AUC=0.862361 val_accuracy=0.596339 seconds=65.2 checkpoint=- ebops_trace_seconds=0.01 ebops_trace_over_epoch=0.001 loss=1.311745 host_rss_mb=2342
[epoch 20/7000] EBOPs=1896131 target=350000 above_floor=1724605 feasible=0 degenerate=0 beta=1.47e-07 val_AUC=0.864032 val_accuracy=0.596532 seconds=118.4 checkpoint=- ebops_trace_seconds=62.64 ebops_trace_over_epoch=0.529 loss=1.311557 host_rss_mb=2343
[epoch 21/7000] EBOPs=untraced in_training_ebops=1861580 target=350000 beta=1.67e-07 val_AUC=0.865948 val_accuracy=0.605597 seconds=37.8 checkpoint=epoch-0021 ebops_trace_seconds=0.00 ebops_trace_over_epoch=0.001 loss=1.413608 host_rss_mb=2345
CHECKPOINT_VERIFICATION_PASS {"index": 2, "name": "chang0926-a-n64-s3", "arm": "A", "seed": 3, "n_part": 64, "file": "chang0926-a-n64-s3.json", "production": true, "target_ebops": 350000, "zero_floor_ebops": 171526, "arch": {"d_model": 24, "n_heads": 2, "pos_enc": "none"}, "quant_set": "chang", "config_sha256": "f7c05573a4dc9405450a8544459e67da1b76b981a59d354effd47566b9e4ff4d", "status": "verified_canary", "completed_epochs": 21, "selected": {"epoch": 19, "val_macro_auc": 0.8640316992089335, "val_categorical_accuracy": 0.5965322580645162, "ebops": 1896131, "ebops_above_floor": 1724605}, "checkpoint": "model_min_ebops.keras", "checkpoint_sha256": "59a4952688f83b01c818d3616a634fc90c5c6725ce66a9b075123018793c4a09", "budget_met": false, "validation_accuracy": 0.5965322580645162, "validation_macro_auc": 0.8640316992089335, "validation_per_class_auc": [0.8611964410866341, 0.8472996330914554, 0.849125195121365, 0.8361018141553873, 0.9264354125898264], "wall_seconds_this_invocation": 1668.0940006460005, "test_set_used": false, "hardware_validated": false, "validation_labels_sha256": "63049d9bdcfdc83af97c58bc6579e1def1ec2d9e7a6c30007793badd75217709", "reload_ebops_check": "stored", "source_sha256": "041f981a9d5b8c3a7affb175d82de0ca2df9bc6261a172f67cb365c88b4bbd42", "selection_cost": 1896131, "selection_cost_convention": "native_hgq2", "native_hgq2_backbone_ebops": 1896131, "custom_estimated_bitops": 0, "modules": {}, "warning": "Augmented total is not directly interchangeable with historical native HGQ2 totals."}
WANDB_IMPORTED False
ARM_DONE chang0926-a-n64-s3 exit 0 wall_seconds 1668.4 utc 2026-09-29T14:26:23Z
