INFO: [RTMG 210-285] Implementing FIFO 'layer78_out_24_U(myproject_fifo_w21_d2_S)' using Shift Registers.
INFO: [RTMG 210-285] Implementing FIFO 'layer78_out_25_U(myproject_fifo_w21_d2_S)' using Shift Registers.
INFO: [RTMG 210-285] Implementing FIFO 'layer78_out_26_U(myproject_fifo_w21_d2_S)' using Shift Registers.
INFO: [RTMG 210-285] Implementing FIFO 'layer78_out_27_U(myproject_fifo_w21_d2_S)' using Shift Registers.
INFO: [RTMG 210-285] Implementing FIFO 'layer78_out_28_U(myproject_fifo_w21_d2_S)' using Shift Registers.
INFO: [RTMG 210-285] Implementing FIFO 'layer78_out_29_U(myproject_fifo_w21_d2_S)' using Shift Registers.
INFO: [RTMG 210-285] Implementing FIFO 'layer78_out_30_U(myproject_fifo_w21_d2_S)' using Shift Registers.
INFO: [RTMG 210-285] Implementing FIFO 'layer78_out_31_U(myproject_fifo_w21_d2_S)' using Shift Registers.
INFO: [RTMG 210-285] Implementing FIFO 'layer79_out_U(myproject_fifo_w7_d2_S)' using Shift Registers.
INFO: [RTMG 210-285] Implementing FIFO 'layer79_out_1_U(myproject_fifo_w7_d2_S)' using Shift Registers.
INFO: [RTMG 210-285] Implementing FIFO 'layer79_out_2_U(myproject_fifo_w7_d2_S)' using Shift Registers.
INFO: [RTMG 210-285] Implementing FIFO 'layer79_out_3_U(myproject_fifo_w7_d2_S)' using Shift Registers.
INFO: [RTMG 210-285] Implementing FIFO 'layer79_out_4_U(myproject_fifo_w7_d2_S)' using Shift Registers.
INFO: [RTMG 210-285] Implementing FIFO 'layer79_out_5_U(myproject_fifo_w7_d2_S)' using Shift Registers.
INFO: [RTMG 210-285] Implementing FIFO 'layer79_out_6_U(myproject_fifo_w7_d2_S)' using Shift Registers.
INFO: [RTMG 210-285] Implementing FIFO 'layer79_out_7_U(myproject_fifo_w7_d2_S)' using Shift Registers.
INFO: [RTMG 210-285] Implementing FIFO 'layer79_out_8_U(myproject_fifo_w7_d2_S)' using Shift Registers.
INFO: [RTMG 210-285] Implementing FIFO 'layer79_out_9_U(myproject_fifo_w7_d2_S)' using Shift Registers.
INFO: [RTMG 210-285] Implementing FIFO 'layer79_out_10_U(myproject_fifo_w7_d2_S)' using Shift Registers.
INFO: [RTMG 210-285] Implementing FIFO 'layer79_out_11_U(myproject_fifo_w7_d2_S)' using Shift Registers.
INFO: [RTMG 210-285] Implementing FIFO 'layer79_out_12_U(myproject_fifo_w7_d2_S)' using Shift Registers.
INFO: [RTMG 210-285] Implementing FIFO 'layer79_out_13_U(myproject_fifo_w7_d2_S)' using Shift Registers.
INFO: [RTMG 210-285] Implementing FIFO 'layer79_out_14_U(myproject_fifo_w7_d2_S)' using Shift Registers.
INFO: [RTMG 210-285] Implementing FIFO 'layer79_out_15_U(myproject_fifo_w7_d2_S)' using Shift Registers.
INFO: [RTMG 210-285] Implementing FIFO 'layer79_out_16_U(myproject_fifo_w7_d2_S)' using Shift Registers.
INFO: [RTMG 210-285] Implementing FIFO 'layer79_out_17_U(myproject_fifo_w7_d2_S)' using Shift Registers.
INFO: [RTMG 210-285] Implementing FIFO 'layer79_out_18_U(myproject_fifo_w7_d2_S)' using Shift Registers.
INFO: [RTMG 210-285] Implementing FIFO 'layer79_out_19_U(myproject_fifo_w7_d2_S)' using Shift Registers.
INFO: [RTMG 210-285] Implementing FIFO 'layer79_out_20_U(myproject_fifo_w7_d2_S)' using Shift Registers.
INFO: [RTMG 210-285] Implementing FIFO 'layer79_out_21_U(myproject_fifo_w7_d2_S)' using Shift Registers.
INFO: [RTMG 210-285] Implementing FIFO 'layer79_out_22_U(myproject_fifo_w7_d2_S)' using Shift Registers.
INFO: [RTMG 210-285] Implementing FIFO 'layer79_out_23_U(myproject_fifo_w7_d2_S)' using Shift Registers.
INFO: [RTMG 210-285] Implementing FIFO 'layer79_out_24_U(myproject_fifo_w7_d2_S)' using Shift Registers.
INFO: [RTMG 210-285] Implementing FIFO 'layer79_out_25_U(myproject_fifo_w7_d2_S)' using Shift Registers.
INFO: [RTMG 210-285] Implementing FIFO 'layer79_out_26_U(myproject_fifo_w7_d2_S)' using Shift Registers.
INFO: [RTMG 210-285] Implementing FIFO 'layer79_out_27_U(myproject_fifo_w7_d2_S)' using Shift Registers.
INFO: [RTMG 210-285] Implementing FIFO 'layer79_out_28_U(myproject_fifo_w7_d2_S)' using Shift Registers.
INFO: [RTMG 210-285] Implementing FIFO 'layer79_out_29_U(myproject_fifo_w7_d2_S)' using Shift Registers.
INFO: [RTMG 210-285] Implementing FIFO 'layer79_out_30_U(myproject_fifo_w7_d2_S)' using Shift Registers.
INFO: [RTMG 210-285] Implementing FIFO 'layer79_out_31_U(myproject_fifo_w7_d2_S)' using Shift Registers.
INFO: [RTMG 210-285] Implementing FIFO 'layer81_out_U(myproject_fifo_w13_d2_S)' using Shift Registers.
INFO: [RTMG 210-285] Implementing FIFO 'layer81_out_1_U(myproject_fifo_w13_d2_S)' using Shift Registers.
INFO: [RTMG 210-285] Implementing FIFO 'layer81_out_2_U(myproject_fifo_w13_d2_S)' using Shift Registers.
INFO: [RTMG 210-285] Implementing FIFO 'layer81_out_3_U(myproject_fifo_w13_d2_S)' using Shift Registers.
INFO: [RTMG 210-285] Implementing FIFO 'layer81_out_4_U(myproject_fifo_w13_d2_S)' using Shift Registers.
INFO: [HLS 200-111] Finished Creating RTL model: CPU user time: 8486.55 seconds. CPU system time: 833.73 seconds. Elapsed time: 11017.1 seconds; current allocated memory: 125.376 GB.
INFO: [HLS 200-111] Finished Generating all RTL models: CPU user time: 168.84 seconds. CPU system time: 27.54 seconds. Elapsed time: 220.8 seconds; current allocated memory: 125.960 GB.
INFO: [HLS 200-111] Finished Updating report files: CPU user time: 157.44 seconds. CPU system time: 6.08 seconds. Elapsed time: 169.24 seconds; current allocated memory: 126.940 GB.
INFO: [VHDL 208-304] Generating VHDL RTL for myproject.
INFO: [VLOG 209-307] Generating Verilog RTL for myproject.
INFO: [HLS 200-790] **** Loop Constraint Status: All loop constraints were satisfied.
INFO: [HLS 200-789] **** Estimated Fmax: 437.30 MHz
INFO: [HLS 200-111] Finished Command csynth_design CPU user time: 19727.1 seconds. CPU system time: 1517.93 seconds. Elapsed time: 23420.2 seconds; current allocated memory: 126.691 GB.
***** C/RTL SYNTHESIS COMPLETED IN 6h30m20s *****
INFO: [HLS 200-112] Total CPU user time: 19822.2 seconds. Total CPU system time: 1568.83 seconds. Total elapsed time: 23595 seconds; peak allocated memory: 126.940 GB.
INFO: [Common 17-206] Exiting vitis_hls at Sun Aug 23 14:43:48 2026...

real	393m31.855s
user	330m25.611s
sys	26m22.959s
peak allocated memory: 126.940 GB
current allocated memory: 126.940 GB
