2026-09-29T16:14:24.456724131Z /cmcode/hgq2.tar.gz: OK
2026-09-29T16:15:05.686545850Z WARNING: Running pip as the 'root' user can result in broken permissions and conflicting behaviour with the system package manager, possibly rendering your system unusable. It is recommended to use a virtual environment instead: https://pip.pypa.io/warnings/venv. Use the --root-user-action option if you know what you are doing and want to suppress this warning.
2026-09-29T16:15:05.925852300Z 
2026-09-29T16:15:05.925881855Z [notice] A new release of pip is available: 25.0.1 -> 26.2.1
2026-09-29T16:15:05.925888277Z [notice] To update, run: pip install --upgrade pip
2026-09-29T16:15:06.587251676Z MANIFEST_SHA_OK 041f981a9d5b8c3a7affb175d82de0ca2df9bc6261a172f67cb365c88b4bbd42
2026-09-29T16:15:07.742818843Z READOUT_ARMS only=chang0926-a07-350-n64-s1,chang0926-c-n64-s1,chang0926-f-n64-s1 indices= 48 16 32 missing= none
2026-09-29T16:15:08.370665622Z WARNING: All log messages before absl::InitializeLog() is called are written to STDERR
2026-09-29T16:15:08.370693384Z I0000 00:00:1790698508.370522      17 cudart_stub.cc:31] Could not find cuda drivers on your machine, GPU will not be used.
2026-09-29T16:15:10.185966446Z WARNING: All log messages before absl::InitializeLog() is called are written to STDERR
2026-09-29T16:15:10.185991724Z I0000 00:00:1790698510.185854      17 cudart_stub.cc:31] Could not find cuda drivers on your machine, GPU will not be used.
2026-09-29T16:15:11.104754675Z E0000 00:00:1790698511.104649      17 cuda_platform.cc:52] failed call to cuInit: INTERNAL: CUDA error: Failed call to cuInit: UNKNOWN ERROR (303)
2026-09-29T16:48:37.601004387Z CERTIFIED chang0926-c-n64-s1 snapshot500_primary 4880224 4880224
2026-09-29T17:20:49.384822638Z CERTIFIED chang0926-c-n64-s1 snapshot500_auc_sensitivity 4880224 4880224
2026-09-29T17:35:53.276352614Z CERTIFIED chang0926-f-n64-s1 snapshot500_primary 325319 325319
2026-09-29T17:50:48.318664965Z CERTIFIED chang0926-f-n64-s1 snapshot500_auc_sensitivity 325319 325319
2026-09-29T17:50:50.620521606Z CERTIFICATION_ALL_PASS 4 0
2026-09-29T17:50:51.610192279Z WARNING: All log messages before absl::InitializeLog() is called are written to STDERR
2026-09-29T17:50:51.610233636Z I0000 00:00:1790704251.610020      24 cudart_stub.cc:31] Could not find cuda drivers on your machine, GPU will not be used.
2026-09-29T17:50:53.082768919Z WARNING: All log messages before absl::InitializeLog() is called are written to STDERR
2026-09-29T17:50:53.082796240Z I0000 00:00:1790704253.082616      24 cudart_stub.cc:31] Could not find cuda drivers on your machine, GPU will not be used.
2026-09-29T17:50:55.836409842Z E0000 00:00:1790704255.836295      24 cuda_platform.cc:52] failed call to cuInit: INTERNAL: CUDA error: Failed call to cuInit: UNKNOWN ERROR (303)
2026-09-29T17:50:56.663602879Z /usr/local/lib/python3.12/site-packages/keras/src/models/functional.py:259: UserWarning: The structure of `inputs` doesn't match the expected structure.
2026-09-29T17:50:56.663617736Z Expected: ['input_1']
2026-09-29T17:50:56.663621774Z Received: inputs=Tensor(shape=(1024, 64, 3))
2026-09-29T17:50:56.663625451Z   warnings.warn(msg)
2026-09-29T17:54:13.997778220Z /usr/local/lib/python3.12/site-packages/keras/src/models/functional.py:259: UserWarning: The structure of `inputs` doesn't match the expected structure.
2026-09-29T17:54:13.997819247Z Expected: ['input_1']
2026-09-29T17:54:13.997823656Z Received: inputs=Tensor(shape=(560, 64, 3))
2026-09-29T17:54:13.997827162Z   warnings.warn(msg)
2026-09-29T17:54:15.815448971Z A26_ENTROPY chang0926-a07-350-n64-s1 bit_block_0 head 0 H_over_logN 1.000000 unrenormalized 0.526334 split validation n 62000
2026-09-29T17:54:15.815481342Z A26_ENTROPY chang0926-a07-350-n64-s1 bit_block_0 head 1 H_over_logN 1.000000 unrenormalized 0.526334 split validation n 62000
2026-09-29T17:54:15.815502953Z A26_ENTROPY chang0926-a07-350-n64-s1 bit_block_0 head 2 H_over_logN 1.000000 unrenormalized 0.526334 split validation n 62000
2026-09-29T17:54:15.815538239Z A26_ENTROPY chang0926-a07-350-n64-s1 bit_block_0 head 3 H_over_logN 1.000000 unrenormalized 0.526334 split validation n 62000
2026-09-29T17:54:15.815578324Z A26_ROWSUM chang0926-a07-350-n64-s1 bit_block_0 {"min": 0.439453125, "mean": 0.439453125, "max": 0.439453125}
2026-09-29T17:54:15.815639539Z A26_ZEROBIT chang0926-a07-350-n64-s1 bit_block_0 QK 1.000000 V 1.000000 Q 32 / 32 K 32 / 32 V 32 / 32 labels 'true zero, 0 EBOPs'
2026-09-29T17:57:39.985155088Z A26_ENTROPY chang0926-c-n64-s1 bit_block_0 head 0 H_over_logN 0.622127 unrenormalized 0.580145 split validation n 62000
2026-09-29T17:57:39.985192198Z A26_ENTROPY chang0926-c-n64-s1 bit_block_0 head 1 H_over_logN 0.913695 unrenormalized 0.866035 split validation n 62000
2026-09-29T17:57:39.985196095Z A26_ENTROPY chang0926-c-n64-s1 bit_block_0 head 2 H_over_logN 0.543640 unrenormalized 0.501231 split validation n 62000
2026-09-29T17:57:39.985203499Z A26_ENTROPY chang0926-c-n64-s1 bit_block_0 head 3 H_over_logN 0.880046 unrenormalized 0.834839 split validation n 62000
2026-09-29T17:57:39.985265015Z A26_ROWSUM chang0926-c-n64-s1 bit_block_0 {"min": 0.10986328125, "mean": 0.7617478336211174, "max": 1.1982421875}
2026-09-29T17:57:39.985319267Z A26_ZEROBIT chang0926-c-n64-s1 bit_block_0 QK 0.000000 V 0.093750 Q 0 / 32 K 0 / 32 V 3 / 32 labels 'true zero, 0 EBOPs'
2026-09-29T17:59:29.314170383Z A26_ENTROPY chang0926-f-n64-s1 bit_block_0 head 0 H_over_logN 1.000000 unrenormalized 0.299788 split validation n 62000
2026-09-29T17:59:29.314208986Z A26_ENTROPY chang0926-f-n64-s1 bit_block_0 head 1 H_over_logN 1.000000 unrenormalized 0.299788 split validation n 62000
2026-09-29T17:59:29.314219255Z A26_ROWSUM chang0926-f-n64-s1 bit_block_0 {"min": 0.2197265625, "mean": 0.2197265625, "max": 0.2197265625}
2026-09-29T17:59:29.314253650Z A26_ZEROBIT chang0926-f-n64-s1 bit_block_0 QK 1.000000 V 1.000000 Q 24 / 24 K 24 / 24 V 24 / 24 labels 'true zero, 0 EBOPs'
2026-09-29T17:59:29.428913230Z A26_WROTE /data/chang-n64-20260926/pilot-b/readout-epoch-0500-42abed-b3/a26-entropy-epoch-0500.json sha256 95fb4b26cb1a87e1b135d92390dd685773928033bc56e3cb0bccb611f897683e
2026-09-29T17:59:29.428923379Z A26_DONE
2026-09-29T17:59:30.067136661Z 95fb4b26cb1a87e1b135d92390dd685773928033bc56e3cb0bccb611f897683e  /data/chang-n64-20260926/pilot-b/readout-epoch-0500-42abed-b3/a26-entropy-epoch-0500.json
2026-09-29T17:59:30.067161187Z 9948e7b233dc6d09255beac5ad3bea461d1fa0cef7645362a444202eebca4eb9  /data/chang-n64-20260926/pilot-b/readout-epoch-0500-42abed-b3/certify-snapshot-0500.json
2026-09-29T17:59:30.067502509Z READOUT_JOB_DONE certify_exit=0 a26_exit=0 missing= none
