/Users/kaiyamaguchi/Desktop/bnjettag-lab/research/.venv-hgq2/lib/python3.12/site-packages/keras/src/layers/layer.py:232: UserWarning: Quantization of weight input_proj/kernel may have collapsed its dist: std(fp)=2.39e-01 std(q)=0.00e+00 ratio=0.000. Consider adjust quantizer config.
  original_build_method(*args, **kwargs)
/Users/kaiyamaguchi/Desktop/bnjettag-lab/research/.venv-hgq2/lib/python3.12/site-packages/keras/src/layers/layer.py:232: UserWarning: Quantization of weight bit_block_0_attn_Wq/kernel may have collapsed its dist: std(fp)=1.79e-01 std(q)=0.00e+00 ratio=0.000. Consider adjust quantizer config.
  original_build_method(*args, **kwargs)
/Users/kaiyamaguchi/Desktop/bnjettag-lab/research/.venv-hgq2/lib/python3.12/site-packages/keras/src/layers/layer.py:232: UserWarning: Quantization of weight bit_block_0_attn_Wk/kernel may have collapsed its dist: std(fp)=1.73e-01 std(q)=0.00e+00 ratio=0.000. Consider adjust quantizer config.
  original_build_method(*args, **kwargs)
/Users/kaiyamaguchi/Desktop/bnjettag-lab/research/.venv-hgq2/lib/python3.12/site-packages/keras/src/layers/layer.py:232: UserWarning: Quantization of weight bit_block_0_attn_Wv/kernel may have collapsed its dist: std(fp)=1.77e-01 std(q)=0.00e+00 ratio=0.000. Consider adjust quantizer config.
  original_build_method(*args, **kwargs)
/Users/kaiyamaguchi/Desktop/bnjettag-lab/research/.venv-hgq2/lib/python3.12/site-packages/keras/src/layers/layer.py:232: UserWarning: Quantization of weight bit_block_0_attn_Wo/kernel may have collapsed its dist: std(fp)=1.79e-01 std(q)=0.00e+00 ratio=0.000. Consider adjust quantizer config.
  original_build_method(*args, **kwargs)
/Users/kaiyamaguchi/Desktop/bnjettag-lab/research/.venv-hgq2/lib/python3.12/site-packages/keras/src/layers/layer.py:232: UserWarning: Quantization of weight bit_block_0_ffn_fc1/kernel may have collapsed its dist: std(fp)=1.44e-01 std(q)=0.00e+00 ratio=0.000. Consider adjust quantizer config.
  original_build_method(*args, **kwargs)
/Users/kaiyamaguchi/Desktop/bnjettag-lab/research/.venv-hgq2/lib/python3.12/site-packages/keras/src/layers/layer.py:232: UserWarning: Quantization of weight bit_block_0_ffn_fc2/kernel may have collapsed its dist: std(fp)=1.46e-01 std(q)=0.00e+00 ratio=0.000. Consider adjust quantizer config.
  original_build_method(*args, **kwargs)
/Users/kaiyamaguchi/Desktop/bnjettag-lab/research/.venv-hgq2/lib/python3.12/site-packages/keras/src/layers/layer.py:232: UserWarning: Quantization of weight bit_block_1_attn_Wq/kernel may have collapsed its dist: std(fp)=1.79e-01 std(q)=0.00e+00 ratio=0.000. Consider adjust quantizer config.
  original_build_method(*args, **kwargs)
/Users/kaiyamaguchi/Desktop/bnjettag-lab/research/.venv-hgq2/lib/python3.12/site-packages/keras/src/layers/layer.py:232: UserWarning: Quantization of weight bit_block_1_attn_Wk/kernel may have collapsed its dist: std(fp)=1.75e-01 std(q)=0.00e+00 ratio=0.000. Consider adjust quantizer config.
  original_build_method(*args, **kwargs)
/Users/kaiyamaguchi/Desktop/bnjettag-lab/research/.venv-hgq2/lib/python3.12/site-packages/keras/src/layers/layer.py:232: UserWarning: Quantization of weight bit_block_1_attn_Wv/kernel may have collapsed its dist: std(fp)=1.79e-01 std(q)=0.00e+00 ratio=0.000. Consider adjust quantizer config.
  original_build_method(*args, **kwargs)
/Users/kaiyamaguchi/Desktop/bnjettag-lab/research/.venv-hgq2/lib/python3.12/site-packages/keras/src/layers/layer.py:232: UserWarning: Quantization of weight bit_block_1_attn_Wo/kernel may have collapsed its dist: std(fp)=1.77e-01 std(q)=0.00e+00 ratio=0.000. Consider adjust quantizer config.
  original_build_method(*args, **kwargs)
/Users/kaiyamaguchi/Desktop/bnjettag-lab/research/.venv-hgq2/lib/python3.12/site-packages/keras/src/layers/layer.py:232: UserWarning: Quantization of weight bit_block_1_ffn_fc1/kernel may have collapsed its dist: std(fp)=1.42e-01 std(q)=0.00e+00 ratio=0.000. Consider adjust quantizer config.
  original_build_method(*args, **kwargs)
/Users/kaiyamaguchi/Desktop/bnjettag-lab/research/.venv-hgq2/lib/python3.12/site-packages/keras/src/layers/layer.py:232: UserWarning: Quantization of weight bit_block_1_ffn_fc2/kernel may have collapsed its dist: std(fp)=1.46e-01 std(q)=0.00e+00 ratio=0.000. Consider adjust quantizer config.
  original_build_method(*args, **kwargs)
/Users/kaiyamaguchi/Desktop/bnjettag-lab/research/.venv-hgq2/lib/python3.12/site-packages/keras/src/layers/layer.py:232: UserWarning: Quantization of weight head_fc1/kernel may have collapsed its dist: std(fp)=1.81e-01 std(q)=0.00e+00 ratio=0.000. Consider adjust quantizer config.
  original_build_method(*args, **kwargs)
/Users/kaiyamaguchi/Desktop/bnjettag-lab/research/.venv-hgq2/lib/python3.12/site-packages/keras/src/layers/layer.py:232: UserWarning: Quantization of weight head_fc2/kernel may have collapsed its dist: std(fp)=2.30e-01 std(q)=0.00e+00 ratio=0.000. Consider adjust quantizer config.
  original_build_method(*args, **kwargs)
GATE1 {"n": 4096, "corr_scores": 0.9999828804871821, "corr_logits": 0.999984291546069, "corr_per_class": [0.9999697801468445, 0.9999920315649209, 0.9999822177061726, 0.9999751253950426, 0.9999874240571375], "max_abs_diff_scores": 0.06803774985597444, "mean_abs_diff_scores": 6.111150029850472e-05, "max_abs_diff_logits": 0.3453817367553711, "argmax_agreement": 0.99951171875, "pass": true, "thresholds": {"score_correlation": 0.997, "argmax_agreement": 0.995}}
GATE2 {"n": 256, "max_abs_diff": 0.3454151153564453, "mean_abs_diff": 0.07594506442546844, "bit_exact": false, "corr": 0.998225033826066}
Recompiling myproject with tracing
In file included from firmware/myproject.cpp:3:
In file included from firmware/myproject.h:4:
In file included from firmware/ap_types/ap_fixed.h:21:
In file included from firmware/ap_types/ap_fixed_base.h:25:
In file included from firmware/ap_types/ap_int.h:319:
firmware/ap_types/ap_int_special.h:60:7: error: reference to 'complex' is ambiguous
   60 | class complex<ap_int<_AP_W> > {
      |       ^
/Library/Developer/CommandLineTools/SDKs/MacOSX.sdk/usr/include/c++/v1/__fwd/complex.h:22:7: note: candidate found by name lookup is 'std::__1::complex'
   22 | class complex;
      |       ^
firmware/ap_types/ap_int_special.h:32:30: note: candidate found by name lookup is 'std::complex'
   32 | template<typename _Tp> class complex;
      |                              ^
firmware/ap_types/ap_int_special.h:193:30: error: reference to 'complex' is ambiguous
  193 | inline bool operator==(const complex<ap_int<_AP_W> > &__x, const ap_int<_AP_W> &__y) {
      |                              ^
/Library/Developer/CommandLineTools/SDKs/MacOSX.sdk/usr/include/c++/v1/__fwd/complex.h:22:7: note: candidate found by name lookup is 'std::__1::complex'
   22 | class complex;
      |       ^
firmware/ap_types/ap_int_special.h:32:30: note: candidate found by name lookup is 'std::complex'
   32 | template<typename _Tp> class complex;
      |                              ^
firmware/ap_types/ap_int_special.h:200:56: error: reference to 'complex' is ambiguous
  200 | inline bool operator==(const ap_int<_AP_W> &__x, const complex<ap_int<_AP_W> > &__y) {
      |                                                        ^
/Library/Developer/CommandLineTools/SDKs/MacOSX.sdk/usr/include/c++/v1/__fwd/complex.h:22:7: note: candidate found by name lookup is 'std::__1::complex'
   22 | class complex;
      |       ^
firmware/ap_types/ap_int_special.h:32:30: note: candidate found by name lookup is 'std::complex'
   32 | template<typename _Tp> class complex;
      |                              ^
firmware/ap_types/ap_int_special.h:207:30: error: reference to 'complex' is ambiguous
  207 | inline bool operator!=(const complex<ap_int<_AP_W> > &__x, const ap_int<_AP_W> &__y) {
      |                              ^
/Library/Developer/CommandLineTools/SDKs/MacOSX.sdk/usr/include/c++/v1/__fwd/complex.h:22:7: note: candidate found by name lookup is 'std::__1::complex'
   22 | class complex;
      |       ^
firmware/ap_types/ap_int_special.h:32:30: note: candidate found by name lookup is 'std::complex'
   32 | template<typename _Tp> class complex;
      |                              ^
firmware/ap_types/ap_int_special.h:214:56: error: reference to 'complex' is ambiguous
  214 | inline bool operator!=(const ap_int<_AP_W> &__x, const complex<ap_int<_AP_W> > &__y) {
      |                                                        ^
/Library/Developer/CommandLineTools/SDKs/MacOSX.sdk/usr/include/c++/v1/__fwd/complex.h:22:7: note: candidate found by name lookup is 'std::__1::complex'
   22 | class complex;
      |       ^
firmware/ap_types/ap_int_special.h:32:30: note: candidate found by name lookup is 'std::complex'
   32 | template<typename _Tp> class complex;
      |                              ^
In file included from firmware/myproject.cpp:3:
In file included from firmware/myproject.h:4:
In file included from firmware/ap_types/ap_fixed.h:356:
firmware/ap_types/ap_fixed_special.h:60:7: error: reference to 'complex' is ambiguous
   60 | class complex<ap_fixed<_AP_W, _AP_I, _AP_Q, _AP_O, _AP_N> > {
      |       ^
/Library/Developer/CommandLineTools/SDKs/MacOSX.sdk/usr/include/c++/v1/__fwd/complex.h:22:7: note: candidate found by name lookup is 'std::__1::complex'
   22 | class complex;
      |       ^
firmware/ap_types/ap_int_special.h:32:30: note: candidate found by name lookup is 'std::complex'
   32 | template<typename _Tp> class complex;
      |                              ^
In file included from firmware/myproject.cpp:3:
In file included from firmware/myproject.h:4:
In file included from firmware/ap_types/ap_fixed.h:356:
firmware/ap_types/ap_fixed_special.h:193:11: error: reference to 'complex' is ambiguous
  193 |     const complex<ap_fixed<_AP_W, _AP_I, _AP_Q, _AP_O, _AP_N> > &__x,
      |           ^
/Library/Developer/CommandLineTools/SDKs/MacOSX.sdk/usr/include/c++/v1/__fwd/complex.h:22:7: note: candidate found by name lookup is 'std::__1::complex'
   22 | class complex;
      |       ^
firmware/ap_types/ap_int_special.h:32:30: note: candidate found by name lookup is 'std::complex'
   32 | template<typename _Tp> class complex;
      |                              ^
In file included from firmware/myproject.cpp:3:
In file included from firmware/myproject.h:4:
In file included from firmware/ap_types/ap_fixed.h:356:
firmware/ap_types/ap_fixed_special.h:203:11: error: reference to 'complex' is ambiguous
  203 |     const complex<ap_fixed<_AP_W, _AP_I, _AP_Q, _AP_O, _AP_N> > &__y) {
      |           ^
/Library/Developer/CommandLineTools/SDKs/MacOSX.sdk/usr/include/c++/v1/__fwd/complex.h:22:7: note: candidate found by name lookup is 'std::__1::complex'
   22 | class complex;
      |       ^
firmware/ap_types/ap_int_special.h:32:30: note: candidate found by name lookup is 'std::complex'
   32 | template<typename _Tp> class complex;
      |                              ^
In file included from firmware/myproject.cpp:3:
In file included from firmware/myproject.h:4:
In file included from firmware/ap_types/ap_fixed.h:356:
firmware/ap_types/ap_fixed_special.h:211:11: error: reference to 'complex' is ambiguous
  211 |     const complex<ap_fixed<_AP_W, _AP_I, _AP_Q, _AP_O, _AP_N> > &__x,
      |           ^
/Library/Developer/CommandLineTools/SDKs/MacOSX.sdk/usr/include/c++/v1/__fwd/complex.h:22:7: note: candidate found by name lookup is 'std::__1::complex'
   22 | class complex;
      |       ^
firmware/ap_types/ap_int_special.h:32:30: note: candidate found by name lookup is 'std::complex'
   32 | template<typename _Tp> class complex;
      |                              ^
In file included from firmware/myproject.cpp:3:
In file included from firmware/myproject.h:4:
In file included from firmware/ap_types/ap_fixed.h:356:
firmware/ap_types/ap_fixed_special.h:221:11: error: reference to 'complex' is ambiguous
  221 |     const complex<ap_fixed<_AP_W, _AP_I, _AP_Q, _AP_O, _AP_N> > &__y) {
      |           ^
/Library/Developer/CommandLineTools/SDKs/MacOSX.sdk/usr/include/c++/v1/__fwd/complex.h:22:7: note: candidate found by name lookup is 'std::__1::complex'
   22 | class complex;
      |       ^
firmware/ap_types/ap_int_special.h:32:30: note: candidate found by name lookup is 'std::complex'
   32 | template<typename _Tp> class complex;
      |                              ^
In file included from firmware/myproject.cpp:3:
In file included from firmware/myproject.h:4:
In file included from firmware/ap_types/ap_fixed.h:20:
In file included from firmware/ap_types/ap_common.h:252:
firmware/ap_types/etc/ap_private.h:3248:43: warning: arithmetic between different enumeration types ('ap_private<65, false>::(unnamed enum at firmware/ap_types/etc/ap_private.h:3025:3)' and 'ap_private<65, false>::(unnamed enum at firmware/ap_types/etc/ap_private.h:3160:3)') is deprecated [-Wdeprecated-anon-enum-enum-conversion]
 3248 |       memcpy(pVal, that.get_pVal(), _AP_N * APINT_WORD_SIZE);
      |                                     ~~~~~ ^ ~~~~~~~~~~~~~~~
firmware/ap_types/ap_common.h:245:8: note: in instantiation of member function 'ap_private<65, false>::ap_private' requested here
  245 | struct ssdm_int_sim {
      |        ^
In file included from firmware/myproject.cpp:3:
In file included from firmware/myproject.h:4:
In file included from firmware/ap_types/ap_fixed.h:20:
In file included from firmware/ap_types/ap_common.h:252:
firmware/ap_types/etc/ap_private.h:3248:43: warning: arithmetic between different enumeration types ('ap_private<66, true>::(unnamed enum at firmware/ap_types/etc/ap_private.h:3025:3)' and 'ap_private<66, true>::(unnamed enum at firmware/ap_types/etc/ap_private.h:3160:3)') is deprecated [-Wdeprecated-anon-enum-enum-conversion]
 3248 |       memcpy(pVal, that.get_pVal(), _AP_N * APINT_WORD_SIZE);
      |                                     ~~~~~ ^ ~~~~~~~~~~~~~~~
firmware/ap_types/etc/ap_private.h:3873:12: note: in instantiation of member function 'ap_private<66, true>::ap_private' requested here
 3873 |     return Result;
      |            ^
firmware/ap_types/ap_int_base.h:1321:11: note: in instantiation of function template specialization 'ap_private<65, true>::operator-<65, true>' requested here
 1321 | OP_BIN_AP(-, minus)
      |           ^
firmware/ap_types/ap_int_base.h:1315:19: note: expanded from macro 'OP_BIN_AP'
 1315 |     ret.V = lhs.V Sym rhs.V;                                                  \
      |                   ^
firmware/ap_types/ap_int_base.h:1438:1: note: in instantiation of function template specialization 'operator-<11, false, 64, true>' requested here
 1438 | ALL_OP_BIN_WITH_INT(long, _AP_SIZE_long, true)
      | ^
firmware/ap_types/ap_int_base.h:1423:19: note: expanded from macro 'ALL_OP_BIN_WITH_INT'
 1423 |   OP_BIN_WITH_INT(-, C_TYPE, _AP_W2, _AP_S2, minus) \
      |                   ^
firmware/ap_types/ap_int_base.h:1417:15: note: expanded from macro 'OP_BIN_WITH_INT'
 1417 |     return op BIN_OP ap_int_base<_AP_W2, _AP_S2>(i_op);                    \
      |               ^
firmware/ap_types/ap_fixed_base.h:528:19: note: in instantiation of function template specialization 'operator-<11, false>' requested here
  528 |     exp = exp_tmp - DOUBLE_BIAS;
      |                   ^
firmware/ap_types/ap_fixed_base.h:2081:7: note: in instantiation of member function 'ap_fixed_base<2, 2>::ap_fixed_base' requested here
 2081 |   x = ap_fixed_base<_AP_W, _AP_I, _AP_S, _AP_Q, _AP_O, _AP_N>(d);
      |       ^
/Library/Developer/CommandLineTools/SDKs/MacOSX.sdk/usr/include/c++/v1/istream:1166:8: note: in instantiation of function template specialization 'operator>><2, 2, true, AP_TRN, AP_WRAP, 0>' requested here
 1166 |   __is >> std::forward<_Tp>(__x);
      |        ^
firmware/nnet_utils/nnet_helpers.h:39:39: note: in instantiation of function template specialization 'std::__1::operator>><std::istringstream, ap_fixed<2, 2> &, 0>' requested here
   39 |             std::istringstream(token) >> w[i];
      |                                       ^
firmware/myproject.cpp:22:15: note: in instantiation of function template specialization 'nnet::load_weights_from_txt<ap_fixed<2, 2>, 96UL>' requested here
   22 |         nnet::load_weights_from_txt<input_proj_weight_t, 96>(w3, "w3.txt");
      |               ^
In file included from firmware/myproject.cpp:3:
In file included from firmware/myproject.h:4:
In file included from firmware/ap_types/ap_fixed.h:20:
In file included from firmware/ap_types/ap_common.h:252:
firmware/ap_types/etc/ap_private.h:4549:58: warning: arithmetic between different enumeration types ('ap_private<65, true>::(unnamed enum at firmware/ap_types/etc/ap_private.h:3025:3)' and 'ap_private<65, true>::(unnamed enum at firmware/ap_types/etc/ap_private.h:3160:3)') is deprecated [-Wdeprecated-anon-enum-enum-conversion]
 4549 |     if (this != &RHS) memcpy(pVal, RHS.get_pVal(), _AP_N * APINT_WORD_SIZE);
      |                                                    ~~~~~ ^ ~~~~~~~~~~~~~~~
firmware/ap_types/ap_int.h:92:13: note: in instantiation of member function 'ap_private<65, true>::operator=' requested here
   92 |     Base::V = op.V;
      |             ^
firmware/ap_types/ap_int_base.h:1321:1: note: in instantiation of function template specialization 'ap_int<65>::ap_int<65, true>' requested here
 1321 | OP_BIN_AP(-, minus)
      | ^
firmware/ap_types/ap_int_base.h:1316:12: note: expanded from macro 'OP_BIN_AP'
 1316 |     return ret;                                                               \
      |            ^
firmware/ap_types/ap_int_base.h:1438:1: note: in instantiation of function template specialization 'operator-<11, false, 64, true>' requested here
 1438 | ALL_OP_BIN_WITH_INT(long, _AP_SIZE_long, true)
      | ^
firmware/ap_types/ap_int_base.h:1423:19: note: expanded from macro 'ALL_OP_BIN_WITH_INT'
 1423 |   OP_BIN_WITH_INT(-, C_TYPE, _AP_W2, _AP_S2, minus) \
      |                   ^
firmware/ap_types/ap_int_base.h:1417:15: note: expanded from macro 'OP_BIN_WITH_INT'
 1417 |     return op BIN_OP ap_int_base<_AP_W2, _AP_S2>(i_op);                    \
      |               ^
firmware/ap_types/ap_fixed_base.h:528:19: note: in instantiation of function template specialization 'operator-<11, false>' requested here
  528 |     exp = exp_tmp - DOUBLE_BIAS;
      |                   ^
firmware/ap_types/ap_fixed_base.h:2081:7: note: in instantiation of member function 'ap_fixed_base<2, 2>::ap_fixed_base' requested here
 2081 |   x = ap_fixed_base<_AP_W, _AP_I, _AP_S, _AP_Q, _AP_O, _AP_N>(d);
      |       ^
/Library/Developer/CommandLineTools/SDKs/MacOSX.sdk/usr/include/c++/v1/istream:1166:8: note: in instantiation of function template specialization 'operator>><2, 2, true, AP_TRN, AP_WRAP, 0>' requested here
 1166 |   __is >> std::forward<_Tp>(__x);
      |        ^
firmware/nnet_utils/nnet_helpers.h:39:39: note: in instantiation of function template specialization 'std::__1::operator>><std::istringstream, ap_fixed<2, 2> &, 0>' requested here
   39 |             std::istringstream(token) >> w[i];
      |                                       ^
firmware/myproject.cpp:22:15: note: in instantiation of function template specialization 'nnet::load_weights_from_txt<ap_fixed<2, 2>, 96UL>' requested here
   22 |         nnet::load_weights_from_txt<input_proj_weight_t, 96>(w3, "w3.txt");
      |               ^
In file included from firmware/myproject.cpp:3:
In file included from firmware/myproject.h:4:
In file included from firmware/ap_types/ap_fixed.h:20:
In file included from firmware/ap_types/ap_common.h:252:
firmware/ap_types/etc/ap_private.h:3248:43: warning: arithmetic between different enumeration types ('ap_private<65, true>::(unnamed enum at firmware/ap_types/etc/ap_private.h:3025:3)' and 'ap_private<65, true>::(unnamed enum at firmware/ap_types/etc/ap_private.h:3160:3)') is deprecated [-Wdeprecated-anon-enum-enum-conversion]
 3248 |       memcpy(pVal, that.get_pVal(), _AP_N * APINT_WORD_SIZE);
      |                                     ~~~~~ ^ ~~~~~~~~~~~~~~~
firmware/ap_types/etc/ap_private.h:1922:14: note: in instantiation of member function 'ap_private<65, true>::ap_private' requested here
 1922 |       return Ret;
      |              ^
firmware/ap_types/etc/ap_private.h:6897:1: note: in instantiation of function template specialization 'ap_private<64, false>::operator&<64, true>' requested here
 6897 | OPS_MIX_INT(ap_slong, sizeof(ap_slong) * 8, true)
      | ^
firmware/ap_types/etc/ap_private.h:6863:3: note: expanded from macro 'OPS_MIX_INT'
 6863 |   OP_BIN_MIX_INT(&, C_TYPE, (_AP_W2), (_AP_S2), logic)   \
      |   ^
firmware/ap_types/etc/ap_private.h:6806:15: note: expanded from macro 'OP_BIN_MIX_INT'
 6806 |     return op.operator BIN_OP(ap_private<_AP_WI, _AP_SI>(i_op));               \
      |               ^
firmware/ap_types/ap_fixed_base.h:536:17: note: in instantiation of function template specialization 'operator&<64, false>' requested here
  536 |     if ((ireg.V & 0x7fffffffffffffffLL) == 0) {
      |                 ^
firmware/ap_types/ap_fixed_base.h:2081:7: note: in instantiation of member function 'ap_fixed_base<2, 2>::ap_fixed_base' requested here
 2081 |   x = ap_fixed_base<_AP_W, _AP_I, _AP_S, _AP_Q, _AP_O, _AP_N>(d);
      |       ^
/Library/Developer/CommandLineTools/SDKs/MacOSX.sdk/usr/include/c++/v1/istream:1166:8: note: in instantiation of function template specialization 'operator>><2, 2, true, AP_TRN, AP_WRAP, 0>' requested here
 1166 |   __is >> std::forward<_Tp>(__x);
      |        ^
firmware/nnet_utils/nnet_helpers.h:39:39: note: in instantiation of function template specialization 'std::__1::operator>><std::istringstream, ap_fixed<2, 2> &, 0>' requested here
   39 |             std::istringstream(token) >> w[i];
      |                                       ^
firmware/myproject.cpp:22:15: note: in instantiation of function template specialization 'nnet::load_weights_from_txt<ap_fixed<2, 2>, 96UL>' requested here
   22 |         nnet::load_weights_from_txt<input_proj_weight_t, 96>(w3, "w3.txt");
      |               ^
In file included from firmware/myproject.cpp:3:
In file included from firmware/myproject.h:4:
In file included from firmware/ap_types/ap_fixed.h:20:
In file included from firmware/ap_types/ap_common.h:252:
firmware/ap_types/etc/ap_private.h:3849:3: warning: arithmetic between different enumeration types ('ap_private<65, true>::RType<64, true>::(unnamed enum at firmware/ap_types/etc/ap_private.h:3121:5)' and 'ap_private<65, true>::(unnamed enum at firmware/ap_types/etc/ap_private.h:3160:3)') is deprecated [-Wdeprecated-anon-enum-enum-conversion]
 3849 |   OP_BIN_LOGIC_AP(&);
      |   ^~~~~~~~~~~~~~~~~~
firmware/ap_types/etc/ap_private.h:3817:50: note: expanded from macro 'OP_BIN_LOGIC_AP'
 3817 |       numWords = (RType<_AP_W1, _AP_S1>::logic_w + APINT_BITS_PER_WORD - 1) / \
      |                   ~~~~~~~~~~~~~~~~~~~~~~~~~~~~~~ ^ ~~~~~~~~~~~~~~~~~~~
firmware/ap_types/etc/ap_private.h:1925:18: note: in instantiation of function template specialization 'ap_private<65, true>::operator&<64, true>' requested here
 1925 |       return Ret & RHS;
      |                  ^
firmware/ap_types/etc/ap_private.h:6897:1: note: in instantiation of function template specialization 'ap_private<64, false>::operator&<64, true>' requested here
 6897 | OPS_MIX_INT(ap_slong, sizeof(ap_slong) * 8, true)
      | ^
firmware/ap_types/etc/ap_private.h:6863:3: note: expanded from macro 'OPS_MIX_INT'
 6863 |   OP_BIN_MIX_INT(&, C_TYPE, (_AP_W2), (_AP_S2), logic)   \
      |   ^
firmware/ap_types/etc/ap_private.h:6806:15: note: expanded from macro 'OP_BIN_MIX_INT'
 6806 |     return op.operator BIN_OP(ap_private<_AP_WI, _AP_SI>(i_op));               \
      |               ^
firmware/ap_types/ap_fixed_base.h:536:17: note: in instantiation of function template specialization 'operator&<64, false>' requested here
  536 |     if ((ireg.V & 0x7fffffffffffffffLL) == 0) {
      |                 ^
firmware/ap_types/ap_fixed_base.h:2081:7: note: in instantiation of member function 'ap_fixed_base<2, 2>::ap_fixed_base' requested here
 2081 |   x = ap_fixed_base<_AP_W, _AP_I, _AP_S, _AP_Q, _AP_O, _AP_N>(d);
      |       ^
/Library/Developer/CommandLineTools/SDKs/MacOSX.sdk/usr/include/c++/v1/istream:1166:8: note: in instantiation of function template specialization 'operator>><2, 2, true, AP_TRN, AP_WRAP, 0>' requested here
 1166 |   __is >> std::forward<_Tp>(__x);
      |        ^
firmware/nnet_utils/nnet_helpers.h:39:39: note: in instantiation of function template specialization 'std::__1::operator>><std::istringstream, ap_fixed<2, 2> &, 0>' requested here
   39 |             std::istringstream(token) >> w[i];
      |                                       ^
firmware/myproject.cpp:22:15: note: in instantiation of function template specialization 'nnet::load_weights_from_txt<ap_fixed<2, 2>, 96UL>' requested here
   22 |         nnet::load_weights_from_txt<input_proj_weight_t, 96>(w3, "w3.txt");
      |               ^
In file included from firmware/myproject.cpp:3:
In file included from firmware/myproject.h:4:
In file included from firmware/ap_types/ap_fixed.h:20:
In file included from firmware/ap_types/ap_common.h:252:
firmware/ap_types/etc/ap_private.h:5399:28: warning: arithmetic between different enumeration types ('ap_private<65, false>::(unnamed enum at firmware/ap_types/etc/ap_private.h:3025:3)' and 'ap_private<65, false>::(unnamed enum at firmware/ap_types/etc/ap_private.h:3160:3)') is deprecated [-Wdeprecated-anon-enum-enum-conversion]
 5399 |       msw_bits = (BitWidth % APINT_BITS_PER_WORD)
      |                   ~~~~~~~~ ^ ~~~~~~~~~~~~~~~~~~~
firmware/ap_types/etc/ap_private.h:5336:32: note: in instantiation of member function 'ap_private<65, false>::countLeadingZeros' requested here
 5336 |     uint32_t bits = BitWidth - countLeadingZeros();
      |                                ^
firmware/ap_types/etc/ap_private.h:4023:19: note: in instantiation of member function 'ap_private<65, false>::getActiveBits' requested here
 4023 |     uint32_t n1 = getActiveBits();
      |                   ^
firmware/ap_types/etc/ap_private.h:4046:16: note: in instantiation of member function 'ap_private<65, false>::operator==' requested here
 4046 |     return lhs == rhs;
      |                ^
firmware/ap_types/etc/ap_private.h:6893:1: note: in instantiation of function template specialization 'ap_private<65, true>::operator==<32, true>' requested here
 6893 | OPS_MIX_INT(int, sizeof(int) * 8, true)
      | ^
firmware/ap_types/etc/ap_private.h:6884:3: note: expanded from macro 'OPS_MIX_INT'
 6884 |   OP_REL_MIX_INT(==, C_TYPE, (_AP_W2), (_AP_S2))         \
      |   ^
firmware/ap_types/etc/ap_private.h:6813:15: note: expanded from macro 'OP_REL_MIX_INT'
 6813 |     return op.operator REL_OP(ap_private<_AP_W2, _AP_S2>(op2));            \
      |               ^
firmware/ap_types/ap_fixed_base.h:536:41: note: in instantiation of function template specialization 'operator==<65, true>' requested here
  536 |     if ((ireg.V & 0x7fffffffffffffffLL) == 0) {
      |                                         ^
firmware/ap_types/ap_fixed_base.h:2081:7: note: in instantiation of member function 'ap_fixed_base<2, 2>::ap_fixed_base' requested here
 2081 |   x = ap_fixed_base<_AP_W, _AP_I, _AP_S, _AP_Q, _AP_O, _AP_N>(d);
      |       ^
/Library/Developer/CommandLineTools/SDKs/MacOSX.sdk/usr/include/c++/v1/istream:1166:8: note: in instantiation of function template specialization 'operator>><2, 2, true, AP_TRN, AP_WRAP, 0>' requested here
 1166 |   __is >> std::forward<_Tp>(__x);
      |        ^
firmware/nnet_utils/nnet_helpers.h:39:39: note: in instantiation of function template specialization 'std::__1::operator>><std::istringstream, ap_fixed<2, 2> &, 0>' requested here
   39 |             std::istringstream(token) >> w[i];
      |                                       ^
firmware/myproject.cpp:22:15: note: in instantiation of function template specialization 'nnet::load_weights_from_txt<ap_fixed<2, 2>, 96UL>' requested here
   22 |         nnet::load_weights_from_txt<input_proj_weight_t, 96>(w3, "w3.txt");
      |               ^
In file included from firmware/myproject.cpp:3:
In file included from firmware/myproject.h:4:
In file included from firmware/ap_types/ap_fixed.h:20:
In file included from firmware/ap_types/ap_common.h:252:
firmware/ap_types/etc/ap_private.h:5400:34: warning: arithmetic between different enumeration types ('ap_private<65, false>::(unnamed enum at firmware/ap_types/etc/ap_private.h:3025:3)' and 'ap_private<65, false>::(unnamed enum at firmware/ap_types/etc/ap_private.h:3160:3)') is deprecated [-Wdeprecated-anon-enum-enum-conversion]
 5400 |                      ? (BitWidth % APINT_BITS_PER_WORD)
      |                         ~~~~~~~~ ^ ~~~~~~~~~~~~~~~~~~~
firmware/ap_types/etc/ap_private.h:4549:58: warning: arithmetic between different enumeration types ('ap_private<65, false>::(unnamed enum at firmware/ap_types/etc/ap_private.h:3025:3)' and 'ap_private<65, false>::(unnamed enum at firmware/ap_types/etc/ap_private.h:3160:3)') is deprecated [-Wdeprecated-anon-enum-enum-conversion]
 4549 |     if (this != &RHS) memcpy(pVal, RHS.get_pVal(), _AP_N * APINT_WORD_SIZE);
      |                                                    ~~~~~ ^ ~~~~~~~~~~~~~~~
firmware/ap_types/etc/ap_private.h:3203:11: note: in instantiation of member function 'ap_private<65, false>::operator=' requested here
 3203 |     *this = ref.get();
      |           ^
firmware/ap_types/etc/ap_private.h:7099:1: note: in instantiation of function template specialization 'ap_private<65, false>::ap_private<65, true>' requested here
 7099 | REF_REL_MIX_INT(int, sizeof(int) * 8, true)
      | ^
firmware/ap_types/etc/ap_private.h:7090:3: note: expanded from macro 'REF_REL_MIX_INT'
 7090 |   REF_REL_OP_MIX_INT(==, C_TYPE, (_AP_W2), (_AP_S2)) \
      |   ^
firmware/ap_types/etc/ap_private.h:7064:13: note: expanded from macro 'REF_REL_OP_MIX_INT'
 7064 |     return (ap_private<_AP_W, false>(op))                                   \
      |             ^
firmware/ap_types/ap_fixed_base.h:757:71: note: in instantiation of function template specialization 'operator==<65, true>' requested here
  757 |             (_AP_W > 1 ? _AP_ROOT_op_get_range(Base::V, 0, _AP_W - 2) == 0
      |                                                                       ^
firmware/ap_types/ap_fixed_base.h:396:5: note: in instantiation of function template specialization 'ap_fixed_base<65, 34>::operator=<35, 4, true, AP_TRN, AP_WRAP, 0>' requested here
  396 |     operator=(op);
      |     ^
firmware/ap_types/ap_fixed_base.h:1163:3: note: in instantiation of function template specialization 'ap_fixed_base<65, 34>::ap_fixed_base<35, 4, true, AP_TRN, AP_WRAP, 0>' requested here
 1163 |   OP_BIN_AF(+, plus)
      |   ^
firmware/ap_types/ap_fixed_base.h:1157:61: note: expanded from macro 'OP_BIN_AF'
 1157 |     typename RType<_AP_W2, _AP_I2, _AP_S2>::Rty##_base ret, lhs(*this),    \
      |                                                             ^
firmware/nnet_utils/nnet_batchnorm.h:54:122: note: in instantiation of function template specialization 'ap_fixed_base<35, 4>::operator+<2, 32, false, AP_TRN, AP_WRAP, 0>' requested here
   54 |             res[ires] = CONFIG_T::template product<data_T, typename CONFIG_T::scale_t>::product(data[ires], scale[ires]) +
      |                                                                                                                          ^
firmware/myproject.cpp:248:11: note: in instantiation of function template specialization 'nnet::normalize<ap_fixed<21, 5, AP_RND_CONV, AP_SAT>, ap_fixed<35, 4>, config5>' requested here
  248 |     nnet::normalize<input_proj_t, input_proj_affine_t, config5>(layer3_out, layer5_out, s5, b5); // input_proj_affine
      |           ^
In file included from firmware/myproject.cpp:3:
In file included from firmware/myproject.h:4:
In file included from firmware/ap_types/ap_fixed.h:20:
In file included from firmware/ap_types/ap_common.h:252:
firmware/ap_types/etc/ap_private.h:3849:3: warning: arithmetic between different enumeration types ('ap_private<65, false>::RType<65, false>::(unnamed enum at firmware/ap_types/etc/ap_private.h:3121:5)' and 'ap_private<65, false>::(unnamed enum at firmware/ap_types/etc/ap_private.h:3160:3)') is deprecated [-Wdeprecated-anon-enum-enum-conversion]
 3849 |   OP_BIN_LOGIC_AP(&);
      |   ^~~~~~~~~~~~~~~~~~
firmware/ap_types/etc/ap_private.h:3817:50: note: expanded from macro 'OP_BIN_LOGIC_AP'
 3817 |       numWords = (RType<_AP_W1, _AP_S1>::logic_w + APINT_BITS_PER_WORD - 1) / \
      |                   ~~~~~~~~~~~~~~~~~~~~~~~~~~~~~~ ^ ~~~~~~~~~~~~~~~~~~~
firmware/ap_types/etc/ap_private.h:1925:18: note: in instantiation of function template specialization 'ap_private<65, false>::operator&<65, false>' requested here
 1925 |       return Ret & RHS;
      |                  ^
firmware/ap_types/etc/ap_private.h:6898:1: note: in instantiation of function template specialization 'ap_private<64, false>::operator&<65, false>' requested here
 6898 | OPS_MIX_INT(ap_ulong, sizeof(ap_ulong) * 8, false)
      | ^
firmware/ap_types/etc/ap_private.h:6863:3: note: expanded from macro 'OPS_MIX_INT'
 6863 |   OP_BIN_MIX_INT(&, C_TYPE, (_AP_W2), (_AP_S2), logic)   \
      |   ^
firmware/ap_types/etc/ap_private.h:6800:45: note: expanded from macro 'OP_BIN_MIX_INT'
 6800 |     return ap_private<_AP_WI, _AP_SI>(i_op).operator BIN_OP(op);               \
      |                                             ^
firmware/ap_types/etc/ap_private.h:6244:23: note: in instantiation of function template specialization 'operator&<65, false>' requested here
 6244 |           vval = mask & vval << l_index;
      |                       ^
firmware/ap_types/ap_common.h:272:27: note: in instantiation of function template specialization '_private_range_ref<65, true>::operator=<65, false>' requested here
  272 |   (Val).range((Hi), (Lo)) = Repl;
      |                           ^
firmware/ap_types/ap_fixed_base.h:317:15: note: in instantiation of function template specialization '_AP_ROOT_op_set_range<ap_private<65, true>, int, int, ap_private<65, false>>' requested here
  317 |               _AP_ROOT_op_set_range(Base::V, _AP_W - _AP_N, _AP_W - 2, mask.V);
      |               ^
firmware/ap_types/ap_fixed_base.h:760:7: note: in instantiation of member function 'ap_fixed_base<65, 34>::overflow_adjust' requested here
  760 |       overflow_adjust(underflow, overflow, lD, neg_src);
      |       ^
firmware/ap_types/ap_fixed_base.h:396:5: note: in instantiation of function template specialization 'ap_fixed_base<65, 34>::operator=<35, 4, true, AP_TRN, AP_WRAP, 0>' requested here
  396 |     operator=(op);
      |     ^
firmware/ap_types/ap_fixed_base.h:1163:3: note: in instantiation of function template specialization 'ap_fixed_base<65, 34>::ap_fixed_base<35, 4, true, AP_TRN, AP_WRAP, 0>' requested here
 1163 |   OP_BIN_AF(+, plus)
      |   ^
firmware/ap_types/ap_fixed_base.h:1157:61: note: expanded from macro 'OP_BIN_AF'
 1157 |     typename RType<_AP_W2, _AP_I2, _AP_S2>::Rty##_base ret, lhs(*this),    \
      |                                                             ^
firmware/nnet_utils/nnet_batchnorm.h:54:122: note: in instantiation of function template specialization 'ap_fixed_base<35, 4>::operator+<2, 32, false, AP_TRN, AP_WRAP, 0>' requested here
   54 |             res[ires] = CONFIG_T::template product<data_T, typename CONFIG_T::scale_t>::product(data[ires], scale[ires]) +
      |                                                                                                                          ^
firmware/myproject.cpp:248:11: note: in instantiation of function template specialization 'nnet::normalize<ap_fixed<21, 5, AP_RND_CONV, AP_SAT>, ap_fixed<35, 4>, config5>' requested here
  248 |     nnet::normalize<input_proj_t, input_proj_affine_t, config5>(layer3_out, layer5_out, s5, b5); // input_proj_affine
      |           ^
9 warnings and 10 errors generated.

Traceback (most recent call last):
  File "/Users/kaiyamaguchi/Desktop/bnjettag-lab/local/synthesis-r4-gradual-20260917/prepare_export.py", line 141, in <module>
    main()
  File "/Users/kaiyamaguchi/Desktop/bnjettag-lab/local/synthesis-r4-gradual-20260917/prepare_export.py", line 119, in main
    _, traces = hm.trace(np.ascontiguousarray(x[:32]))
                ^^^^^^^^^^^^^^^^^^^^^^^^^^^^^^^^^^^^^^
  File "/Users/kaiyamaguchi/Desktop/bnjettag-lab/research/.venv-hgq2/lib/python3.12/site-packages/hls4ml/model/graph.py", line 920, in trace
    self.compile()
  File "/Users/kaiyamaguchi/Desktop/bnjettag-lab/research/.venv-hgq2/lib/python3.12/site-packages/hls4ml/model/graph.py", line 802, in compile
    self._compile()
  File "/Users/kaiyamaguchi/Desktop/bnjettag-lab/research/.venv-hgq2/lib/python3.12/site-packages/hls4ml/model/graph.py", line 805, in _compile
    lib_name = self.config.backend.compile(self)
               ^^^^^^^^^^^^^^^^^^^^^^^^^^^^^^^^^
  File "/Users/kaiyamaguchi/Desktop/bnjettag-lab/research/.venv-hgq2/lib/python3.12/site-packages/hls4ml/backends/fpga/fpga_backend.py", line 189, in compile
    raise Exception(f'Failed to compile project "{model.config.get_project_name()}"')
Exception: Failed to compile project "myproject"
