/Users/kaiyamaguchi/Desktop/bnjettag-lab/research/.venv-hgq2/lib/python3.12/site-packages/keras/src/layers/layer.py:232: UserWarning: Quantization of weight input_proj/kernel may have collapsed its dist: std(fp)=2.14e-01 std(q)=0.00e+00 ratio=0.000. Consider adjust quantizer config.
  original_build_method(*args, **kwargs)
/Users/kaiyamaguchi/Desktop/bnjettag-lab/research/.venv-hgq2/lib/python3.12/site-packages/keras/src/layers/layer.py:232: UserWarning: Quantization of weight bit_block_0_attn_Wq/kernel may have collapsed its dist: std(fp)=1.84e-01 std(q)=0.00e+00 ratio=0.000. Consider adjust quantizer config.
  original_build_method(*args, **kwargs)
/Users/kaiyamaguchi/Desktop/bnjettag-lab/research/.venv-hgq2/lib/python3.12/site-packages/keras/src/layers/layer.py:232: UserWarning: Quantization of weight bit_block_0_attn_Wk/kernel may have collapsed its dist: std(fp)=1.77e-01 std(q)=0.00e+00 ratio=0.000. Consider adjust quantizer config.
  original_build_method(*args, **kwargs)
/Users/kaiyamaguchi/Desktop/bnjettag-lab/research/.venv-hgq2/lib/python3.12/site-packages/keras/src/layers/layer.py:232: UserWarning: Quantization of weight bit_block_0_attn_Wv/kernel may have collapsed its dist: std(fp)=1.80e-01 std(q)=0.00e+00 ratio=0.000. Consider adjust quantizer config.
  original_build_method(*args, **kwargs)
/Users/kaiyamaguchi/Desktop/bnjettag-lab/research/.venv-hgq2/lib/python3.12/site-packages/keras/src/layers/layer.py:232: UserWarning: Quantization of weight bit_block_0_attn_Wo/kernel may have collapsed its dist: std(fp)=1.77e-01 std(q)=0.00e+00 ratio=0.000. Consider adjust quantizer config.
  original_build_method(*args, **kwargs)
/Users/kaiyamaguchi/Desktop/bnjettag-lab/research/.venv-hgq2/lib/python3.12/site-packages/keras/src/layers/layer.py:232: UserWarning: Quantization of weight bit_block_0_ffn_fc1/kernel may have collapsed its dist: std(fp)=1.46e-01 std(q)=0.00e+00 ratio=0.000. Consider adjust quantizer config.
  original_build_method(*args, **kwargs)
/Users/kaiyamaguchi/Desktop/bnjettag-lab/research/.venv-hgq2/lib/python3.12/site-packages/keras/src/layers/layer.py:232: UserWarning: Quantization of weight bit_block_0_ffn_fc2/kernel may have collapsed its dist: std(fp)=1.45e-01 std(q)=0.00e+00 ratio=0.000. Consider adjust quantizer config.
  original_build_method(*args, **kwargs)
/Users/kaiyamaguchi/Desktop/bnjettag-lab/research/.venv-hgq2/lib/python3.12/site-packages/keras/src/layers/layer.py:232: UserWarning: Quantization of weight bit_block_1_attn_Wq/kernel may have collapsed its dist: std(fp)=1.81e-01 std(q)=0.00e+00 ratio=0.000. Consider adjust quantizer config.
  original_build_method(*args, **kwargs)
/Users/kaiyamaguchi/Desktop/bnjettag-lab/research/.venv-hgq2/lib/python3.12/site-packages/keras/src/layers/layer.py:232: UserWarning: Quantization of weight bit_block_1_attn_Wk/kernel may have collapsed its dist: std(fp)=1.80e-01 std(q)=0.00e+00 ratio=0.000. Consider adjust quantizer config.
  original_build_method(*args, **kwargs)
/Users/kaiyamaguchi/Desktop/bnjettag-lab/research/.venv-hgq2/lib/python3.12/site-packages/keras/src/layers/layer.py:232: UserWarning: Quantization of weight bit_block_1_attn_Wv/kernel may have collapsed its dist: std(fp)=1.76e-01 std(q)=0.00e+00 ratio=0.000. Consider adjust quantizer config.
  original_build_method(*args, **kwargs)
/Users/kaiyamaguchi/Desktop/bnjettag-lab/research/.venv-hgq2/lib/python3.12/site-packages/keras/src/layers/layer.py:232: UserWarning: Quantization of weight bit_block_1_attn_Wo/kernel may have collapsed its dist: std(fp)=1.74e-01 std(q)=0.00e+00 ratio=0.000. Consider adjust quantizer config.
  original_build_method(*args, **kwargs)
/Users/kaiyamaguchi/Desktop/bnjettag-lab/research/.venv-hgq2/lib/python3.12/site-packages/keras/src/layers/layer.py:232: UserWarning: Quantization of weight bit_block_1_ffn_fc1/kernel may have collapsed its dist: std(fp)=1.46e-01 std(q)=0.00e+00 ratio=0.000. Consider adjust quantizer config.
  original_build_method(*args, **kwargs)
/Users/kaiyamaguchi/Desktop/bnjettag-lab/research/.venv-hgq2/lib/python3.12/site-packages/keras/src/layers/layer.py:232: UserWarning: Quantization of weight bit_block_1_ffn_fc2/kernel may have collapsed its dist: std(fp)=1.43e-01 std(q)=0.00e+00 ratio=0.000. Consider adjust quantizer config.
  original_build_method(*args, **kwargs)
/Users/kaiyamaguchi/Desktop/bnjettag-lab/research/.venv-hgq2/lib/python3.12/site-packages/keras/src/layers/layer.py:232: UserWarning: Quantization of weight head_fc1/kernel may have collapsed its dist: std(fp)=1.80e-01 std(q)=0.00e+00 ratio=0.000. Consider adjust quantizer config.
  original_build_method(*args, **kwargs)
/Users/kaiyamaguchi/Desktop/bnjettag-lab/research/.venv-hgq2/lib/python3.12/site-packages/keras/src/layers/layer.py:232: UserWarning: Quantization of weight head_fc2/kernel may have collapsed its dist: std(fp)=2.31e-01 std(q)=0.00e+00 ratio=0.000. Consider adjust quantizer config.
  original_build_method(*args, **kwargs)
GATE1 {"n": 4096, "corr_scores": 0.9999828804871821, "corr_logits": 0.999984291546069, "corr_per_class": [0.9999697801468445, 0.9999920315649209, 0.9999822177061726, 0.9999751253950426, 0.9999874240571375], "max_abs_diff_scores": 0.06803774985597444, "mean_abs_diff_scores": 6.111150029850472e-05, "max_abs_diff_logits": 0.3453817367553711, "argmax_agreement": 0.99951171875, "pass": true, "thresholds": {"score_correlation": 0.997, "argmax_agreement": 0.995}}
GATE2 {"n": 256, "max_abs_diff": 0.0, "mean_abs_diff": 0.0, "bit_exact": true, "corr": 1.0}
EXPORT_READY_FOR_SYNTHESIS
