#0 0x00000000018c85ea llvm::sys::PrintStackTrace(llvm::raw_ostream&) (/data/software/xilinx/Vitis_HLS/2023.2/lnx64/tools/clang-3.9-csynth/bin/clang+0x18c85ea)
#1 0x00000000018c641e llvm::sys::RunSignalHandlers() (/data/software/xilinx/Vitis_HLS/2023.2/lnx64/tools/clang-3.9-csynth/bin/clang+0x18c641e)
#2 0x00000000018c6656 SignalHandler(int) (/data/software/xilinx/Vitis_HLS/2023.2/lnx64/tools/clang-3.9-csynth/bin/clang+0x18c6656)
#3 0x00007f86d1e6f990 __restore_rt (/lib64/libpthread.so.0+0x12990)
#4 0x000000000282fefd llvm::collectPragmaObjects(llvm::Module&, llvm::MapVector<llvm::Value*, std::set<llvm::SmallVector<unsigned long, 3u>, std::less<llvm::SmallVector<unsigned long, 3u> >, std::allocator<llvm::SmallVector<unsigned long, 3u> > >, llvm::DenseMap<llvm::Value*, unsigned int, llvm::DenseMapInfo<llvm::Value*>, llvm::detail::DenseMapPair<llvm::Value*, unsigned int> >, std::vector<std::pair<llvm::Value*, std::set<llvm::SmallVector<unsigned long, 3u>, std::less<llvm::SmallVector<unsigned long, 3u> >, std::allocator<llvm::SmallVector<unsigned long, 3u> > > >, std::allocator<std::pair<llvm::Value*, std::set<llvm::SmallVector<unsigned long, 3u>, std::less<llvm::SmallVector<unsigned long, 3u> >, std::allocator<llvm::SmallVector<unsigned long, 3u> > > > > > >&, llvm::ReflowModuleDiagnostic*, bool, bool) (/data/software/xilinx/Vitis_HLS/2023.2/lnx64/tools/clang-3.9-csynth/bin/clang+0x282fefd)
#5 0x0000000002834049 (anonymous namespace)::DisaggregatePreprocess::runOnModule(llvm::Module&) (/data/software/xilinx/Vitis_HLS/2023.2/lnx64/tools/clang-3.9-csynth/bin/clang+0x2834049)
#6 0x000000000140837d llvm::legacy::PassManagerImpl::run(llvm::Module&) (/data/software/xilinx/Vitis_HLS/2023.2/lnx64/tools/clang-3.9-csynth/bin/clang+0x140837d)
#7 0x0000000001aac8ad (anonymous namespace)::EmitAssemblyHelper::EmitAssemblyWithReflow(clang::BackendAction, std::unique_ptr<llvm::raw_pwrite_stream, std::default_delete<llvm::raw_pwrite_stream> >) (/data/software/xilinx/Vitis_HLS/2023.2/lnx64/tools/clang-3.9-csynth/bin/clang+0x1aac8ad)
#8 0x0000000001aae5b1 clang::EmitBackendOutput(clang::DiagnosticsEngine&, clang::HeaderSearchOptions const&, clang::CodeGenOptions const&, clang::TargetOptions const&, clang::LangOptions const&, llvm::DataLayout const&, llvm::Module*, clang::BackendAction, std::unique_ptr<llvm::raw_pwrite_stream, std::default_delete<llvm::raw_pwrite_stream> >) (/data/software/xilinx/Vitis_HLS/2023.2/lnx64/tools/clang-3.9-csynth/bin/clang+0x1aae5b1)
#9 0x000000000234dbb4 clang::CodeGenAction::ExecuteAction() (/data/software/xilinx/Vitis_HLS/2023.2/lnx64/tools/clang-3.9-csynth/bin/clang+0x234dbb4)
#10 0x0000000001ec64e3 clang::FrontendAction::Execute() (/data/software/xilinx/Vitis_HLS/2023.2/lnx64/tools/clang-3.9-csynth/bin/clang+0x1ec64e3)
#11 0x0000000001e8dc26 clang::CompilerInstance::ExecuteAction(clang::FrontendAction&) (/data/software/xilinx/Vitis_HLS/2023.2/lnx64/tools/clang-3.9-csynth/bin/clang+0x1e8dc26)
#12 0x0000000001f80703 clang::ExecuteCompilerInvocation(clang::CompilerInstance*) (/data/software/xilinx/Vitis_HLS/2023.2/lnx64/tools/clang-3.9-csynth/bin/clang+0x1f80703)
#13 0x000000000098fb78 cc1_main(llvm::ArrayRef<char const*>, char const*, void*) (/data/software/xilinx/Vitis_HLS/2023.2/lnx64/tools/clang-3.9-csynth/bin/clang+0x98fb78)
#14 0x000000000090b8a2 main (/data/software/xilinx/Vitis_HLS/2023.2/lnx64/tools/clang-3.9-csynth/bin/clang+0x90b8a2)
#15 0x00007f86d0668865 __libc_start_main (/lib64/libc.so.6+0x3a865)
#16 0x000000000098d815 _start (/data/software/xilinx/Vitis_HLS/2023.2/lnx64/tools/clang-3.9-csynth/bin/clang+0x98d815)
Stack dump:
0.	Program arguments: /data/software/xilinx/Vitis_HLS/2023.2/lnx64/tools/clang-3.9-csynth/bin/clang -cc1 -triple fpga64-xilinx-none -emit-llvm-bc -emit-llvm-uselists -disable-free -disable-llvm-verifier -main-file-name a.g.ld.5.gdce.bc -mrelocation-model static -mthread-model posix -fhls -mhls-ir -disable-O0-optnone -hls-platform-name=virtexuplus_medium -hls-platform-db-name=/data/software/xilinx/Vitis_HLS/2023.2/common/technology/xilinx/common/platform.db -device-resource-info=BRAM_5376.000000_DSP_12288.000000_FF_3456000.000000_LUT_1728000.000000_SLICE_216000.000000_SLR_4.000000_URAM_1280.000000 -device-name-info=xcvu13p-flga2577-2-e -mdisable-fp-elim -fmath-errno -no-integrated-as -mconstructor-aliases -dwarf-column-info -debugger-tuning=gdb -diagnostic-log-file /home/users/kayamaguchi/bnjet_ebops_r4_20260917/hls_prj_rf1/myproject_prj/solution1/.autopilot/db/a.g.ld.0.bc.clang.reflow.diag.xml -coverage-notes-file /home/users/kayamaguchi/bnjet_ebops_r4_20260917/hls_prj_rf1/myproject_prj/solution1/.autopilot/db/a.g.lto.gcno -resource-dir /data/software/xilinx/Vitis_HLS/2023.2/lnx64/tools/clang-3.9-csynth/lib/clang/7.0.0 -fno-dwarf-directory-asm -fdebug-compilation-dir /home/users/kayamaguchi/bnjet_ebops_r4_20260917/hls_prj_rf1 -ferror-limit 19 -fmessage-length 0 -ftime-report -fobjc-runtime=gcc -fdiagnostics-show-option -opt-record-file /home/users/kayamaguchi/bnjet_ebops_r4_20260917/hls_prj_rf1/myproject_prj/solution1/.autopilot/db/a.g.ld.0.bc.clang.reflow.diag.yml -mllvm -pass-remarks-missed=reflow|pasta|unroll -mllvm -pass-remarks=reflow|pasta|unroll|inline -mllvm -hls-top-function-name=myproject -mllvm -hls-db-dir -mllvm /home/users/kayamaguchi/bnjet_ebops_r4_20260917/hls_prj_rf1/myproject_prj/solution1/.autopilot/db -mllvm -xcl-xmlinfo=/home/users/kayamaguchi/bnjet_ebops_r4_20260917/hls_prj_rf1/myproject_prj/solution1/.autopilot/db/kernel.internal.xml -mllvm -top-io-mapping-info=/home/users/kayamaguchi/bnjet_ebops_r4_20260917/hls_prj_rf1/myproject_prj/solution1/.autopilot/db/top-io-fe.xml -mllvm -hls-bitcode-version=3.1 -mllvm -reflow-enable-slave-interface-default-setting=true -mllvm -gen-kernel-xml=false -mllvm -default-maxi-offset=slave -mllvm -maxi-latency=0 -mllvm -hls-maxi-data-size-in-bits=8 -mllvm -hls-maxi-max-data-size-in-bits=1024 -mllvm -hls-max-widen-size-in-bits=0 -mllvm -xcl-kernel-max-mem-ports=0 -mllvm -maxi-read-trans=16 -mllvm -maxi-write-trans=16 -mllvm -maxi-read-burst-len=16 -mllvm -maxi-write-burst-len=16 -mllvm -reflow-enable-saxi-64bits=0 -mllvm -reflow-basic-block-instr-threshold=200000 -mllvm -reflow-auto-pipeline-threshold=64 -mllvm -reflow-enable-maxi-auto-id-channel=0 -mllvm -enable-fp-thr=0 -mllvm -reflow-bdd-simplify-threshold=1048576 -mllvm -reflow-fanout-threshold=16 -mllvm -assume-maxi-align=1 -mllvm -reflow-pipeline-style-llvm-setting=2 -mllvm -reflow-enable-dataflow-strict-mode-checking=1 -mllvm -time-passes -mllvm -reflow-auto-array-partition-mode=default -mllvm -reflow-enable-auto-array-partition=true -mllvm -reflow-enable-auto-parallel-performance-driven=true -mllvm -reflow-enable-partition-for-automation=true -mllvm -reflow-aggregate-bitwidth-threshold=4096 -mllvm -reflow-reserved-saxilite-registers=0 -mllvm -enable-reflow-auto-loop-pipeline -mllvm -reflow-max-unroll-threshold=409600 -mllvm -reflow-assume-no-address-wrap=true -mllvm -reflow-enable-occurrence-inference=true -mllvm -reflow-emit-hint-scope=true -mllvm -hls -mllvm -disable-inlined-alloca-merging=true -mllvm -default-clock-period=2.5 -o /home/users/kayamaguchi/bnjet_ebops_r4_20260917/hls_prj_rf1/myproject_prj/solution1/.autopilot/db/a.g.lto.bc -x ir /home/users/kayamaguchi/bnjet_ebops_r4_20260917/hls_prj_rf1/myproject_prj/solution1/.autopilot/db/a.g.ld.5.gdce.bc 
1.	Per-module optimization passes
2.	Running pass 'Disaggregation preprocessing' on module '/home/users/kayamaguchi/bnjet_ebops_r4_20260917/hls_prj_rf1/myproject_prj/solution1/.autopilot/db/a.g.ld.5.gdce.bc'.
clang: error: unable to execute command: Segmentation fault (core dumped)
clang: error: clang frontend command failed due to signal (use -v to see invocation)
clang version 7.0.0 
Target: fpga64-xilinx-none
Thread model: posix
InstalledDir: /data/software/xilinx/Vitis_HLS/2023.2/lnx64/tools/clang-3.9-csynth/bin
clang: note: diagnostic msg: PLEASE submit a bug report to http://llvm.org/bugs/ and include the crash backtrace, preprocessed source, and associated run script.
clang: note: diagnostic msg: Error generating preprocessed source(s) - no preprocessable inputs.
INFO-FLOW: Linking Debug ...
INFO-FLOW: Linking dut bc code.
Execute         run_link_or_opt -out /home/users/kayamaguchi/bnjet_ebops_r4_20260917/hls_prj_rf1/myproject_prj/solution1/.autopilot/db/a.g.ld.0.bc -args  "/home/users/kayamaguchi/bnjet_ebops_r4_20260917/hls_prj_rf1/myproject_prj/solution1/.autopilot/db/myproject.g.bc"  
INFO-FLOW: run_clang exec: /data/software/xilinx/Vitis_HLS/2023.2/lnx64/tools/clang-3.9-csynth/bin/llvm-link /home/users/kayamaguchi/bnjet_ebops_r4_20260917/hls_prj_rf1/myproject_prj/solution1/.autopilot/db/myproject.g.bc -o /home/users/kayamaguchi/bnjet_ebops_r4_20260917/hls_prj_rf1/myproject_prj/solution1/.autopilot/db/a.g.ld.0.bc > /home/users/kayamaguchi/bnjet_ebops_r4_20260917/hls_prj_rf1/myproject_prj/solution1/.autopilot/db/a.g.ld.0.bc.llvm-link.out.log 2> /home/users/kayamaguchi/bnjet_ebops_r4_20260917/hls_prj_rf1/myproject_prj/solution1/.autopilot/db/a.g.ld.0.bc.llvm-link.err.log
INFO-FLOW: 
Command         run_link_or_opt done; 0.45 sec.
Execute         run_link_or_opt -opt -out /home/users/kayamaguchi/bnjet_ebops_r4_20260917/hls_prj_rf1/myproject_prj/solution1/.autopilot/db/a.g.ld.1.lower.bc -args /home/users/kayamaguchi/bnjet_ebops_r4_20260917/hls_prj_rf1/myproject_prj/solution1/.autopilot/db/a.g.ld.0.bc -reflow-lower-math-intrinsics 
INFO-FLOW: run_clang exec: /data/software/xilinx/Vitis_HLS/2023.2/lnx64/tools/clang-3.9-csynth/bin/opt -pass-remarks-missed=reflow|pasta|unroll -pass-remarks=reflow|pasta|unroll|inline -pass-remarks-output=/home/users/kayamaguchi/bnjet_ebops_r4_20260917/hls_prj_rf1/myproject_prj/solution1/.autopilot/db/a.g.ld.1.lower.bc.opt.diag.yml /home/users/kayamaguchi/bnjet_ebops_r4_20260917/hls_prj_rf1/myproject_prj/solution1/.autopilot/db/a.g.ld.0.bc -reflow-lower-math-intrinsics -o /home/users/kayamaguchi/bnjet_ebops_r4_20260917/hls_prj_rf1/myproject_prj/solution1/.autopilot/db/a.g.ld.1.lower.bc > /home/users/kayamaguchi/bnjet_ebops_r4_20260917/hls_prj_rf1/myproject_prj/solution1/.autopilot/db/a.g.ld.1.lower.bc.opt.out.log 2> /home/users/kayamaguchi/bnjet_ebops_r4_20260917/hls_prj_rf1/myproject_prj/solution1/.autopilot/db/a.g.ld.1.lower.bc.opt.err.log
INFO-FLOW: 
INFO-FLOW: Running: gen_design_size_report post-opt
INFO-FLOW: Done: gen_design_size_report post-opt time: 0 seconds per iteration
Command         run_link_or_opt done; 0.51 sec.
INFO-FLOW: Linking math bc lib
Execute         run_link_or_opt -out /home/users/kayamaguchi/bnjet_ebops_r4_20260917/hls_prj_rf1/myproject_prj/solution1/.autopilot/db/a.g.ld.2.m1.bc -args /home/users/kayamaguchi/bnjet_ebops_r4_20260917/hls_prj_rf1/myproject_prj/solution1/.autopilot/db/a.g.ld.1.lower.bc -only-needed /data/software/xilinx/Vitis_HLS/2023.2/lnx64/lib/libhlsm_39.bc /data/software/xilinx/Vitis_HLS/2023.2/lnx64/lib/libhlsmc++_39.bc 
INFO-FLOW: run_clang exec: /data/software/xilinx/Vitis_HLS/2023.2/lnx64/tools/clang-3.9-csynth/bin/llvm-link /home/users/kayamaguchi/bnjet_ebops_r4_20260917/hls_prj_rf1/myproject_prj/solution1/.autopilot/db/a.g.ld.1.lower.bc -only-needed /data/software/xilinx/Vitis_HLS/2023.2/lnx64/lib/libhlsm_39.bc /data/software/xilinx/Vitis_HLS/2023.2/lnx64/lib/libhlsmc++_39.bc -o /home/users/kayamaguchi/bnjet_ebops_r4_20260917/hls_prj_rf1/myproject_prj/solution1/.autopilot/db/a.g.ld.2.m1.bc > /home/users/kayamaguchi/bnjet_ebops_r4_20260917/hls_prj_rf1/myproject_prj/solution1/.autopilot/db/a.g.ld.2.m1.bc.llvm-link.out.log 2> /home/users/kayamaguchi/bnjet_ebops_r4_20260917/hls_prj_rf1/myproject_prj/solution1/.autopilot/db/a.g.ld.2.m1.bc.llvm-link.err.log
INFO-FLOW: 
Command         run_link_or_opt done; 2.07 sec.
Execute         run_link_or_opt -opt -out /home/users/kayamaguchi/bnjet_ebops_r4_20260917/hls_prj_rf1/myproject_prj/solution1/.autopilot/db/a.g.ld.3.fpc.bc -args /home/users/kayamaguchi/bnjet_ebops_r4_20260917/hls_prj_rf1/myproject_prj/solution1/.autopilot/db/a.g.ld.2.m1.bc -reflow-globaldce -hls-top-function-name=myproject -reflow-float-conversion 
INFO-FLOW: run_clang exec: /data/software/xilinx/Vitis_HLS/2023.2/lnx64/tools/clang-3.9-csynth/bin/opt -pass-remarks-missed=reflow|pasta|unroll -pass-remarks=reflow|pasta|unroll|inline -pass-remarks-output=/home/users/kayamaguchi/bnjet_ebops_r4_20260917/hls_prj_rf1/myproject_prj/solution1/.autopilot/db/a.g.ld.3.fpc.bc.opt.diag.yml /home/users/kayamaguchi/bnjet_ebops_r4_20260917/hls_prj_rf1/myproject_prj/solution1/.autopilot/db/a.g.ld.2.m1.bc -reflow-globaldce -hls-top-function-name=myproject -reflow-float-conversion -o /home/users/kayamaguchi/bnjet_ebops_r4_20260917/hls_prj_rf1/myproject_prj/solution1/.autopilot/db/a.g.ld.3.fpc.bc > /home/users/kayamaguchi/bnjet_ebops_r4_20260917/hls_prj_rf1/myproject_prj/solution1/.autopilot/db/a.g.ld.3.fpc.bc.opt.out.log 2> /home/users/kayamaguchi/bnjet_ebops_r4_20260917/hls_prj_rf1/myproject_prj/solution1/.autopilot/db/a.g.ld.3.fpc.bc.opt.err.log
INFO-FLOW: 
INFO-FLOW: Running: gen_design_size_report post-opt
INFO-FLOW: Done: gen_design_size_report post-opt time: 0 seconds per iteration
Command         run_link_or_opt done; 1.16 sec.
Execute         run_link_or_opt -out /home/users/kayamaguchi/bnjet_ebops_r4_20260917/hls_prj_rf1/myproject_prj/solution1/.autopilot/db/a.g.ld.4.m2.bc -args /home/users/kayamaguchi/bnjet_ebops_r4_20260917/hls_prj_rf1/myproject_prj/solution1/.autopilot/db/a.g.ld.3.fpc.bc -only-needed /data/software/xilinx/Vitis_HLS/2023.2/lnx64/lib/libfloatconversion_39.bc 
INFO-FLOW: run_clang exec: /data/software/xilinx/Vitis_HLS/2023.2/lnx64/tools/clang-3.9-csynth/bin/llvm-link /home/users/kayamaguchi/bnjet_ebops_r4_20260917/hls_prj_rf1/myproject_prj/solution1/.autopilot/db/a.g.ld.3.fpc.bc -only-needed /data/software/xilinx/Vitis_HLS/2023.2/lnx64/lib/libfloatconversion_39.bc -o /home/users/kayamaguchi/bnjet_ebops_r4_20260917/hls_prj_rf1/myproject_prj/solution1/.autopilot/db/a.g.ld.4.m2.bc > /home/users/kayamaguchi/bnjet_ebops_r4_20260917/hls_prj_rf1/myproject_prj/solution1/.autopilot/db/a.g.ld.4.m2.bc.llvm-link.out.log 2> /home/users/kayamaguchi/bnjet_ebops_r4_20260917/hls_prj_rf1/myproject_prj/solution1/.autopilot/db/a.g.ld.4.m2.bc.llvm-link.err.log
INFO-FLOW: 
Command         run_link_or_opt done; 0.46 sec.
Execute         run_link_or_opt -opt -out /home/users/kayamaguchi/bnjet_ebops_r4_20260917/hls_prj_rf1/myproject_prj/solution1/.autopilot/db/a.g.ld.5.gdce.bc -args /home/users/kayamaguchi/bnjet_ebops_r4_20260917/hls_prj_rf1/myproject_prj/solution1/.autopilot/db/a.g.ld.4.m2.bc -reflow-globaldce -hls-top-function-name=myproject 
INFO-FLOW: run_clang exec: /data/software/xilinx/Vitis_HLS/2023.2/lnx64/tools/clang-3.9-csynth/bin/opt -pass-remarks-missed=reflow|pasta|unroll -pass-remarks=reflow|pasta|unroll|inline -pass-remarks-output=/home/users/kayamaguchi/bnjet_ebops_r4_20260917/hls_prj_rf1/myproject_prj/solution1/.autopilot/db/a.g.ld.5.gdce.bc.opt.diag.yml /home/users/kayamaguchi/bnjet_ebops_r4_20260917/hls_prj_rf1/myproject_prj/solution1/.autopilot/db/a.g.ld.4.m2.bc -reflow-globaldce -hls-top-function-name=myproject -o /home/users/kayamaguchi/bnjet_ebops_r4_20260917/hls_prj_rf1/myproject_prj/solution1/.autopilot/db/a.g.ld.5.gdce.bc > /home/users/kayamaguchi/bnjet_ebops_r4_20260917/hls_prj_rf1/myproject_prj/solution1/.autopilot/db/a.g.ld.5.gdce.bc.opt.out.log 2> /home/users/kayamaguchi/bnjet_ebops_r4_20260917/hls_prj_rf1/myproject_prj/solution1/.autopilot/db/a.g.ld.5.gdce.bc.opt.err.log
INFO-FLOW: 
INFO-FLOW: Running: gen_design_size_report post-opt
INFO-FLOW: Done: gen_design_size_report post-opt time: 0 seconds per iteration
Command         run_link_or_opt done; 0.53 sec.
Execute         send_msg_by_id INFO @200-777@%s Vivado 
INFO: [HLS 200-777] Using interface defaults for 'Vivado' flow target.
Execute         is_m_axi_addr64 
INFO-FLOW: Doing LTO.
INFO-FLOW: run_clang (background poll_ms 5000) exec: /data/software/xilinx/Vitis_HLS/2023.2/lnx64/tools/clang-3.9-csynth/bin/clang -foptimization-record-file=/home/users/kayamaguchi/bnjet_ebops_r4_20260917/hls_prj_rf1/myproject_prj/solution1/.autopilot/db/a.g.ld.0.bc.clang.reflow.diag.yml -mllvm -pass-remarks-missed=reflow|pasta|unroll -mllvm -pass-remarks=reflow|pasta|unroll|inline -fhls -mllvm -hls-top-function-name=myproject -mllvm -hls-db-dir -mllvm /home/users/kayamaguchi/bnjet_ebops_r4_20260917/hls_prj_rf1/myproject_prj/solution1/.autopilot/db -emit-llvm -c -target fpga64-xilinx-none -mllvm -xcl-xmlinfo=/home/users/kayamaguchi/bnjet_ebops_r4_20260917/hls_prj_rf1/myproject_prj/solution1/.autopilot/db/kernel.internal.xml -mllvm -top-io-mapping-info=/home/users/kayamaguchi/bnjet_ebops_r4_20260917/hls_prj_rf1/myproject_prj/solution1/.autopilot/db/top-io-fe.xml -mllvm -hls-bitcode-version=3.1 -mllvm -reflow-enable-slave-interface-default-setting=true -mllvm -gen-kernel-xml=false -mllvm -default-maxi-offset=slave -mllvm -maxi-latency=0 -mllvm -hls-maxi-data-size-in-bits=8 -mllvm -hls-maxi-max-data-size-in-bits=1024 -mllvm -hls-max-widen-size-in-bits=0 -mllvm -xcl-kernel-max-mem-ports=0 -mllvm -maxi-read-trans=16 -mllvm -maxi-write-trans=16 -mllvm -maxi-read-burst-len=16 -mllvm -maxi-write-burst-len=16 -mllvm -reflow-enable-saxi-64bits=0 -mllvm -reflow-basic-block-instr-threshold=200000 -mllvm -reflow-auto-pipeline-threshold=64 -mllvm -reflow-enable-maxi-auto-id-channel=0 -mllvm -enable-fp-thr=0 -mllvm -reflow-bdd-simplify-threshold=1048576 -mllvm -reflow-fanout-threshold=16 -mllvm -assume-maxi-align=1 -mllvm -reflow-pipeline-style-llvm-setting=2 -mllvm -reflow-enable-dataflow-strict-mode-checking=1 -ftime-report -mllvm -time-passes -mllvm -reflow-auto-array-partition-mode=default -mllvm -reflow-enable-auto-array-partition=true -mllvm -reflow-enable-auto-parallel-performance-driven=true -mllvm -reflow-enable-partition-for-automation=true -mllvm -reflow-aggregate-bitwidth-threshold=4096 -mllvm -reflow-reserved-saxilite-registers=0 -mllvm -enable-reflow-auto-loop-pipeline -mllvm -reflow-max-unroll-threshold=409600 -mllvm -reflow-assume-no-address-wrap=true -mllvm -reflow-enable-occurrence-inference=true -mllvm -reflow-emit-hint-scope=true -mllvm -hls -mllvm -disable-inlined-alloca-merging=true -mllvm -default-clock-period=2.5 -x ir /home/users/kayamaguchi/bnjet_ebops_r4_20260917/hls_prj_rf1/myproject_prj/solution1/.autopilot/db/a.g.ld.5.gdce.bc -o /home/users/kayamaguchi/bnjet_ebops_r4_20260917/hls_prj_rf1/myproject_prj/solution1/.autopilot/db/a.g.lto.bc -hls-platform-db-name=/data/software/xilinx/Vitis_HLS/2023.2/common/technology/xilinx/common/platform.db -hls-platform-name=virtexuplus_medium -device-resource-info=BRAM_5376.000000_DSP_12288.000000_FF_3456000.000000_LUT_1728000.000000_SLICE_216000.000000_SLR_4.000000_URAM_1280.000000 -device-name-info=xcvu13p-flga2577-2-e 2> /home/users/kayamaguchi/bnjet_ebops_r4_20260917/hls_prj_rf1/myproject_prj/solution1/.autopilot/db/a.g.ld.0.bc.clang.reflow.err.log bg_poll_cmd: ::AP::poll_clang_39_closed_source
INFO-FLOW: background_tcl error: /data/software/xilinx/Vitis_HLS/2023.2/lnx64/tools/clang-3.9-csynth/bin/clang exited with code 254
Execute         send_msg_by_id ERROR @200-1715@ 
ERROR: [HLS 200-1715] Encountered problem during source synthesis
INFO-FLOW: Error in clang_39: 
INFO-FLOW: Caught error in elaborate: Pre-synthesis failed.
    while executing
"AP::ap_link_39 [::AP::get_bc_list  $dbgInfo] $skip_transform $LLVMFlags $dbgInfo"
    (procedure "AP::compile_dut_files_39" line 58)
    invoked from within
"AP::compile_dut_files_39 $dut_files $dbgInfo $skip_cdt $skip_transform"
    (procedure "AP::compile" line 105)
    invoked from within
