Copyright 1986-2022 Xilinx, Inc. All Rights Reserved. Copyright 2022-2023 Advanced Micro Devices, Inc. All Rights Reserved.
--------------------------------------------------------------------------------------------------------------------------------------------------
| Tool Version      : Vivado v.2023.2 (lin64) Build 4029153 Fri Oct 13 20:13:54 MDT 2023
| Date              : Mon Aug 24 16:06:10 2026
| Host              : mulder.t2.ucsd.edu running 64-bit AlmaLinux release 8.10 (Cerulean Leopard)
| Command           : report_timing_summary -file post_synth_timing.rpt -delay_type max -max_paths 5
| Design            : myproject
| Device            : xczu7ev-ffvc1156
| Speed File        : -2  PRODUCTION 1.30 05-15-2022
| Design State      : Synthesized
| Temperature Grade : E
--------------------------------------------------------------------------------------------------------------------------------------------------

Timing Summary Report

------------------------------------------------------------------------------------------------
| Timer Settings
| --------------
------------------------------------------------------------------------------------------------

  Enable Multi Corner Analysis               :  Yes
  Enable Pessimism Removal                   :  Yes
  Pessimism Removal Resolution               :  Nearest Common Node
  Enable Input Delay Default Clock           :  No
  Enable Preset / Clear Arcs                 :  No
  Disable Flight Delays                      :  No
  Ignore I/O Paths                           :  No
  Timing Early Launch at Borrowing Latches   :  No
  Borrow Time for Max Delay Exceptions       :  Yes
  Merge Timing Exceptions                    :  Yes
  Inter-SLR Compensation                     :  Conservative

  Corner  Analyze    Analyze    
  Name    Max Paths  Min Paths  
  ------  ---------  ---------  
  Slow    Yes        Yes        
  Fast    Yes        Yes        


------------------------------------------------------------------------------------------------
| Report Methodology
| ------------------
------------------------------------------------------------------------------------------------

No report available as report_methodology has not been run prior. Run report_methodology on the current design for the summary of methodology violations.



check_timing report

Table of Contents
-----------------
1. checking no_clock (0)
2. checking constant_clock (0)
3. checking pulse_width_clock (0)
4. checking unconstrained_internal_endpoints (0)
5. checking no_input_delay (195)
6. checking no_output_delay (88)
7. checking multiple_clock (0)
8. checking generated_clocks (0)
9. checking loops (0)
10. checking partial_input_delay (0)
11. checking partial_output_delay (0)
12. checking latch_loops (0)

1. checking no_clock (0)
------------------------
 There are 0 register/latch pins with no clock.


2. checking constant_clock (0)
------------------------------
 There are 0 register/latch pins with constant_clock.


3. checking pulse_width_clock (0)
---------------------------------
 There are 0 register/latch pins which need pulse_width check


4. checking unconstrained_internal_endpoints (0)
------------------------------------------------
 There are 0 pins that are not constrained for maximum delay.

 There are 0 pins that are not constrained for maximum delay due to constant clock.


5. checking no_input_delay (195)
--------------------------------
 There are 195 input ports with no input delay specified. (HIGH)

 There are 0 input ports with no input delay but user has a false path constraint.


6. checking no_output_delay (88)
--------------------------------
 There are 88 ports with no output delay specified. (HIGH)

 There are 0 ports with no output delay but user has a false path constraint

 There are 0 ports with no output delay but with a timing clock defined on it or propagating through it


7. checking multiple_clock (0)
------------------------------
 There are 0 register/latch pins with multiple clocks.


8. checking generated_clocks (0)
--------------------------------
 There are 0 generated clocks that are not connected to a clock source.


9. checking loops (0)
---------------------
 There are 0 combinational loops in the design.


10. checking partial_input_delay (0)
------------------------------------
 There are 0 input ports with partial input delay specified.


11. checking partial_output_delay (0)
-------------------------------------
 There are 0 ports with partial output delay specified.


12. checking latch_loops (0)
----------------------------
 There are 0 combinational latch loops in the design through latch input



------------------------------------------------------------------------------------------------
| Design Timing Summary
| ---------------------
------------------------------------------------------------------------------------------------

    WNS(ns)      TNS(ns)  TNS Failing Endpoints  TNS Total Endpoints     WPWS(ns)     TPWS(ns)  TPWS Failing Endpoints  TPWS Total Endpoints  
    -------      -------  ---------------------  -------------------     --------     --------  ----------------------  --------------------  
      0.059        0.000                      0              3739434        0.708        0.000                       0               1794426  


All user specified timing constraints are met.


------------------------------------------------------------------------------------------------
| Clock Summary
| -------------
------------------------------------------------------------------------------------------------

Clock   Waveform(ns)         Period(ns)      Frequency(MHz)
-----   ------------         ----------      --------------
ap_clk  {0.000 1.250}        2.500           400.000         


------------------------------------------------------------------------------------------------
| Intra Clock Table
| -----------------
------------------------------------------------------------------------------------------------

Clock             WNS(ns)      TNS(ns)  TNS Failing Endpoints  TNS Total Endpoints     WPWS(ns)     TPWS(ns)  TPWS Failing Endpoints  TPWS Total Endpoints  
-----             -------      -------  ---------------------  -------------------     --------     --------  ----------------------  --------------------  
ap_clk              0.059        0.000                      0              3739434        0.708        0.000                       0               1794426  


------------------------------------------------------------------------------------------------
| Inter Clock Table
| -----------------
------------------------------------------------------------------------------------------------

From Clock    To Clock          WNS(ns)      TNS(ns)  TNS Failing Endpoints  TNS Total Endpoints  
----------    --------          -------      -------  ---------------------  -------------------  


------------------------------------------------------------------------------------------------
| Other Path Groups Table
| -----------------------
------------------------------------------------------------------------------------------------

Path Group    From Clock    To Clock          WNS(ns)      TNS(ns)  TNS Failing Endpoints  TNS Total Endpoints  
----------    ----------    --------          -------      -------  ---------------------  -------------------  


------------------------------------------------------------------------------------------------
| Timing Details
| --------------
------------------------------------------------------------------------------------------------


---------------------------------------------------------------------------------------------------
From Clock:  ap_clk
  To Clock:  ap_clk

Setup :            0  Failing Endpoints,  Worst Slack        0.059ns,  Total Violation        0.000ns
Hold  :           NA  Failing Endpoints,  Worst Slack           NA  ,  Total Violation           NA
PW    :            0  Failing Endpoints,  Worst Slack        0.708ns,  Total Violation        0.000ns
---------------------------------------------------------------------------------------------------


Max Delay Paths
--------------------------------------------------------------------------------------
Slack (MET) :             0.059ns  (required time - arrival time)
  Source:                 grp_einsum_dense_ap_ufixed_7_2_4_0_0_ap_fixed_38_6_5_3_0_config24_s_fu_4113/grp_dense_latency_ap_ufixed_ap_fixed_38_6_5_3_0_config24_dense_s_fu_5622/add_ln58_13557_reg_64499_reg[24]/C
                            (rising edge-triggered cell FDRE clocked by ap_clk  {rise@0.000ns fall@1.250ns period=2.500ns})
  Destination:            grp_einsum_dense_ap_ufixed_7_2_4_0_0_ap_fixed_38_6_5_3_0_config24_s_fu_4113/grp_dense_latency_ap_ufixed_ap_fixed_38_6_5_3_0_config24_dense_s_fu_5622/add_ln58_13563_reg_66065_reg[37]/D
                            (rising edge-triggered cell FDRE clocked by ap_clk  {rise@0.000ns fall@1.250ns period=2.500ns})
  Path Group:             ap_clk
  Path Type:              Setup (Max at Slow Process Corner)
  Requirement:            2.500ns  (ap_clk rise@2.500ns - ap_clk rise@0.000ns)
  Data Path Delay:        2.422ns  (logic 1.053ns (43.476%)  route 1.369ns (56.524%))
  Logic Levels:           10  (CARRY8=4 LUT2=1 LUT3=1 LUT4=1 LUT5=2 LUT6=1)
  Clock Path Skew:        -0.009ns (DCD - SCD + CPR)
    Destination Clock Delay (DCD):    0.021ns = ( 2.521 - 2.500 ) 
    Source Clock Delay      (SCD):    0.030ns
    Clock Pessimism Removal (CPR):    0.000ns
  Clock Uncertainty:      0.035ns  ((TSJ^2 + TIJ^2)^1/2 + DJ) / 2 + PE
    Total System Jitter     (TSJ):    0.071ns
    Total Input Jitter      (TIJ):    0.000ns
    Discrete Jitter          (DJ):    0.000ns
    Phase Error              (PE):    0.000ns

    Location             Delay type                Incr(ns)  Path(ns)    Netlist Resource(s)
  -------------------------------------------------------------------    -------------------
                         (clock ap_clk rise edge)     0.000     0.000 r  
                                                      0.000     0.000 r  ap_clk (IN)
                         net (fo=1801331, unset)      0.030     0.030    grp_einsum_dense_ap_ufixed_7_2_4_0_0_ap_fixed_38_6_5_3_0_config24_s_fu_4113/grp_dense_latency_ap_ufixed_ap_fixed_38_6_5_3_0_config24_dense_s_fu_5622/ap_clk
                         FDRE                                         r  grp_einsum_dense_ap_ufixed_7_2_4_0_0_ap_fixed_38_6_5_3_0_config24_s_fu_4113/grp_dense_latency_ap_ufixed_ap_fixed_38_6_5_3_0_config24_dense_s_fu_5622/add_ln58_13557_reg_64499_reg[24]/C
  -------------------------------------------------------------------    -------------------
                         FDRE (Prop_FDRE_C_Q)         0.078     0.108 r  grp_einsum_dense_ap_ufixed_7_2_4_0_0_ap_fixed_38_6_5_3_0_config24_s_fu_4113/grp_dense_latency_ap_ufixed_ap_fixed_38_6_5_3_0_config24_dense_s_fu_5622/add_ln58_13557_reg_64499_reg[24]/Q
                         net (fo=4, unplaced)         0.110     0.218    grp_einsum_dense_ap_ufixed_7_2_4_0_0_ap_fixed_38_6_5_3_0_config24_s_fu_4113/grp_dense_latency_ap_ufixed_ap_fixed_38_6_5_3_0_config24_dense_s_fu_5622/add_ln58_13557_reg_64499[24]
                         LUT5 (Prop_LUT5_I0_O)        0.125     0.343 r  grp_einsum_dense_ap_ufixed_7_2_4_0_0_ap_fixed_38_6_5_3_0_config24_s_fu_4113/grp_dense_latency_ap_ufixed_ap_fixed_38_6_5_3_0_config24_dense_s_fu_5622/add_ln58_13563_reg_66065[37]_i_71/O
                         net (fo=2, unplaced)         0.186     0.529    grp_einsum_dense_ap_ufixed_7_2_4_0_0_ap_fixed_38_6_5_3_0_config24_s_fu_4113/grp_dense_latency_ap_ufixed_ap_fixed_38_6_5_3_0_config24_dense_s_fu_5622/add_ln58_13563_reg_66065[37]_i_71_n_0
                         LUT6 (Prop_LUT6_I5_O)        0.038     0.567 r  grp_einsum_dense_ap_ufixed_7_2_4_0_0_ap_fixed_38_6_5_3_0_config24_s_fu_4113/grp_dense_latency_ap_ufixed_ap_fixed_38_6_5_3_0_config24_dense_s_fu_5622/add_ln58_13563_reg_66065[37]_i_55/O
                         net (fo=2, unplaced)         0.186     0.753    grp_einsum_dense_ap_ufixed_7_2_4_0_0_ap_fixed_38_6_5_3_0_config24_s_fu_4113/grp_dense_latency_ap_ufixed_ap_fixed_38_6_5_3_0_config24_dense_s_fu_5622/add_ln58_13563_reg_66065[37]_i_55_n_0
                         LUT5 (Prop_LUT5_I0_O)        0.037     0.790 r  grp_einsum_dense_ap_ufixed_7_2_4_0_0_ap_fixed_38_6_5_3_0_config24_s_fu_4113/grp_dense_latency_ap_ufixed_ap_fixed_38_6_5_3_0_config24_dense_s_fu_5622/add_ln58_13563_reg_66065[37]_i_63/O
                         net (fo=1, unplaced)         0.023     0.813    grp_einsum_dense_ap_ufixed_7_2_4_0_0_ap_fixed_38_6_5_3_0_config24_s_fu_4113/grp_dense_latency_ap_ufixed_ap_fixed_38_6_5_3_0_config24_dense_s_fu_5622/add_ln58_13563_reg_66065[37]_i_63_n_0
                         CARRY8 (Prop_CARRY8_S[1]_O[4])
                                                      0.204     1.017 r  grp_einsum_dense_ap_ufixed_7_2_4_0_0_ap_fixed_38_6_5_3_0_config24_s_fu_4113/grp_dense_latency_ap_ufixed_ap_fixed_38_6_5_3_0_config24_dense_s_fu_5622/add_ln58_13563_reg_66065_reg[37]_i_39/O[4]
                         net (fo=2, unplaced)         0.184     1.201    grp_einsum_dense_ap_ufixed_7_2_4_0_0_ap_fixed_38_6_5_3_0_config24_s_fu_4113/grp_dense_latency_ap_ufixed_ap_fixed_38_6_5_3_0_config24_dense_s_fu_5622/sext_ln58_6882_fu_54931_p1[28]
                         LUT3 (Prop_LUT3_I1_O)        0.038     1.239 r  grp_einsum_dense_ap_ufixed_7_2_4_0_0_ap_fixed_38_6_5_3_0_config24_s_fu_4113/grp_dense_latency_ap_ufixed_ap_fixed_38_6_5_3_0_config24_dense_s_fu_5622/add_ln58_13563_reg_66065[37]_i_25/O
                         net (fo=2, unplaced)         0.186     1.425    grp_einsum_dense_ap_ufixed_7_2_4_0_0_ap_fixed_38_6_5_3_0_config24_s_fu_4113/grp_dense_latency_ap_ufixed_ap_fixed_38_6_5_3_0_config24_dense_s_fu_5622/add_ln58_13563_reg_66065[37]_i_25_n_0
                         LUT4 (Prop_LUT4_I3_O)        0.037     1.462 r  grp_einsum_dense_ap_ufixed_7_2_4_0_0_ap_fixed_38_6_5_3_0_config24_s_fu_4113/grp_dense_latency_ap_ufixed_ap_fixed_38_6_5_3_0_config24_dense_s_fu_5622/add_ln58_13563_reg_66065[37]_i_33/O
                         net (fo=1, unplaced)         0.029     1.491    grp_einsum_dense_ap_ufixed_7_2_4_0_0_ap_fixed_38_6_5_3_0_config24_s_fu_4113/grp_dense_latency_ap_ufixed_ap_fixed_38_6_5_3_0_config24_dense_s_fu_5622/add_ln58_13563_reg_66065[37]_i_33_n_0
                         CARRY8 (Prop_CARRY8_S[5]_CO[7])
                                                      0.166     1.657 r  grp_einsum_dense_ap_ufixed_7_2_4_0_0_ap_fixed_38_6_5_3_0_config24_s_fu_4113/grp_dense_latency_ap_ufixed_ap_fixed_38_6_5_3_0_config24_dense_s_fu_5622/add_ln58_13563_reg_66065_reg[37]_i_12/CO[7]
                         net (fo=1, unplaced)         0.005     1.662    grp_einsum_dense_ap_ufixed_7_2_4_0_0_ap_fixed_38_6_5_3_0_config24_s_fu_4113/grp_dense_latency_ap_ufixed_ap_fixed_38_6_5_3_0_config24_dense_s_fu_5622/add_ln58_13563_reg_66065_reg[37]_i_12_n_0
                         CARRY8 (Prop_CARRY8_CI_O[1])
                                                      0.076     1.738 r  grp_einsum_dense_ap_ufixed_7_2_4_0_0_ap_fixed_38_6_5_3_0_config24_s_fu_4113/grp_dense_latency_ap_ufixed_ap_fixed_38_6_5_3_0_config24_dense_s_fu_5622/add_ln58_13563_reg_66065_reg[37]_i_2/O[1]
                         net (fo=3, unplaced)         0.190     1.928    grp_einsum_dense_ap_ufixed_7_2_4_0_0_ap_fixed_38_6_5_3_0_config24_s_fu_4113/grp_dense_latency_ap_ufixed_ap_fixed_38_6_5_3_0_config24_dense_s_fu_5622/add_ln58_13563_reg_66065_reg[37]_i_2_n_14
                         LUT2 (Prop_LUT2_I1_O)        0.068     1.996 r  grp_einsum_dense_ap_ufixed_7_2_4_0_0_ap_fixed_38_6_5_3_0_config24_s_fu_4113/grp_dense_latency_ap_ufixed_ap_fixed_38_6_5_3_0_config24_dense_s_fu_5622/add_ln58_13563_reg_66065[37]_i_4/O
                         net (fo=1, unplaced)         0.245     2.241    grp_einsum_dense_ap_ufixed_7_2_4_0_0_ap_fixed_38_6_5_3_0_config24_s_fu_4113/grp_dense_latency_ap_ufixed_ap_fixed_38_6_5_3_0_config24_dense_s_fu_5622/add_ln58_13563_reg_66065[37]_i_4_n_0
                         CARRY8 (Prop_CARRY8_DI[2]_O[5])
                                                      0.186     2.427 r  grp_einsum_dense_ap_ufixed_7_2_4_0_0_ap_fixed_38_6_5_3_0_config24_s_fu_4113/grp_dense_latency_ap_ufixed_ap_fixed_38_6_5_3_0_config24_dense_s_fu_5622/add_ln58_13563_reg_66065_reg[37]_i_1/O[5]
                         net (fo=1, unplaced)         0.025     2.452    grp_einsum_dense_ap_ufixed_7_2_4_0_0_ap_fixed_38_6_5_3_0_config24_s_fu_4113/grp_dense_latency_ap_ufixed_ap_fixed_38_6_5_3_0_config24_dense_s_fu_5622/add_ln58_13563_fu_54935_p2[37]
                         FDRE                                         r  grp_einsum_dense_ap_ufixed_7_2_4_0_0_ap_fixed_38_6_5_3_0_config24_s_fu_4113/grp_dense_latency_ap_ufixed_ap_fixed_38_6_5_3_0_config24_dense_s_fu_5622/add_ln58_13563_reg_66065_reg[37]/D
  -------------------------------------------------------------------    -------------------

                         (clock ap_clk rise edge)     2.500     2.500 r  
                                                      0.000     2.500 r  ap_clk (IN)
                         net (fo=1801331, unset)      0.021     2.521    grp_einsum_dense_ap_ufixed_7_2_4_0_0_ap_fixed_38_6_5_3_0_config24_s_fu_4113/grp_dense_latency_ap_ufixed_ap_fixed_38_6_5_3_0_config24_dense_s_fu_5622/ap_clk
                         FDRE                                         r  grp_einsum_dense_ap_ufixed_7_2_4_0_0_ap_fixed_38_6_5_3_0_config24_s_fu_4113/grp_dense_latency_ap_ufixed_ap_fixed_38_6_5_3_0_config24_dense_s_fu_5622/add_ln58_13563_reg_66065_reg[37]/C
                         clock pessimism              0.000     2.521    
                         clock uncertainty           -0.035     2.486    
                         FDRE (Setup_FDRE_C_D)        0.025     2.511    grp_einsum_dense_ap_ufixed_7_2_4_0_0_ap_fixed_38_6_5_3_0_config24_s_fu_4113/grp_dense_latency_ap_ufixed_ap_fixed_38_6_5_3_0_config24_dense_s_fu_5622/add_ln58_13563_reg_66065_reg[37]
  -------------------------------------------------------------------
                         required time                          2.511    
                         arrival time                          -2.452    
  -------------------------------------------------------------------
                         slack                                  0.059    

Slack (MET) :             0.086ns  (required time - arrival time)
  Source:                 grp_einsum_dense_ap_fixed_8_4_4_0_0_ap_fixed_39_7_5_3_0_config18_s_fu_2561/grp_dense_latency_ap_fixed_8_4_4_0_0_ap_fixed_39_7_5_3_0_config18_dense_31_fu_2694/add_ln58_78402_reg_53892_reg[24]/C
                            (rising edge-triggered cell FDRE clocked by ap_clk  {rise@0.000ns fall@1.250ns period=2.500ns})
  Destination:            layer18_out_120_reg_290987_reg[36]/D
                            (rising edge-triggered cell FDRE clocked by ap_clk  {rise@0.000ns fall@1.250ns period=2.500ns})
  Path Group:             ap_clk
  Path Type:              Setup (Max at Slow Process Corner)
  Requirement:            2.500ns  (ap_clk rise@2.500ns - ap_clk rise@0.000ns)
  Data Path Delay:        2.395ns  (logic 0.967ns (40.376%)  route 1.428ns (59.624%))
  Logic Levels:           10  (CARRY8=4 LUT2=1 LUT3=3 LUT4=2)
  Clock Path Skew:        -0.009ns (DCD - SCD + CPR)
    Destination Clock Delay (DCD):    0.021ns = ( 2.521 - 2.500 ) 
    Source Clock Delay      (SCD):    0.030ns
    Clock Pessimism Removal (CPR):    0.000ns
  Clock Uncertainty:      0.035ns  ((TSJ^2 + TIJ^2)^1/2 + DJ) / 2 + PE
    Total System Jitter     (TSJ):    0.071ns
    Total Input Jitter      (TIJ):    0.000ns
    Discrete Jitter          (DJ):    0.000ns
    Phase Error              (PE):    0.000ns

    Location             Delay type                Incr(ns)  Path(ns)    Netlist Resource(s)
  -------------------------------------------------------------------    -------------------
                         (clock ap_clk rise edge)     0.000     0.000 r  
                                                      0.000     0.000 r  ap_clk (IN)
                         net (fo=1801331, unset)      0.030     0.030    grp_einsum_dense_ap_fixed_8_4_4_0_0_ap_fixed_39_7_5_3_0_config18_s_fu_2561/grp_dense_latency_ap_fixed_8_4_4_0_0_ap_fixed_39_7_5_3_0_config18_dense_31_fu_2694/ap_clk
                         FDRE                                         r  grp_einsum_dense_ap_fixed_8_4_4_0_0_ap_fixed_39_7_5_3_0_config18_s_fu_2561/grp_dense_latency_ap_fixed_8_4_4_0_0_ap_fixed_39_7_5_3_0_config18_dense_31_fu_2694/add_ln58_78402_reg_53892_reg[24]/C
  -------------------------------------------------------------------    -------------------
                         FDRE (Prop_FDRE_C_Q)         0.078     0.108 r  grp_einsum_dense_ap_fixed_8_4_4_0_0_ap_fixed_39_7_5_3_0_config18_s_fu_2561/grp_dense_latency_ap_fixed_8_4_4_0_0_ap_fixed_39_7_5_3_0_config18_dense_31_fu_2694/add_ln58_78402_reg_53892_reg[24]/Q
                         net (fo=3, unplaced)         0.143     0.251    grp_einsum_dense_ap_fixed_8_4_4_0_0_ap_fixed_39_7_5_3_0_config18_s_fu_2561/grp_dense_latency_ap_fixed_8_4_4_0_0_ap_fixed_39_7_5_3_0_config18_dense_31_fu_2694/add_ln58_78402_reg_53892_reg_n_0_[24]
                         LUT2 (Prop_LUT2_I1_O)        0.068     0.319 r  grp_einsum_dense_ap_fixed_8_4_4_0_0_ap_fixed_39_7_5_3_0_config18_s_fu_2561/grp_dense_latency_ap_fixed_8_4_4_0_0_ap_fixed_39_7_5_3_0_config18_dense_31_fu_2694/ap_return_120_int_reg[23]_i_11/O
                         net (fo=1, unplaced)         0.245     0.564    grp_einsum_dense_ap_fixed_8_4_4_0_0_ap_fixed_39_7_5_3_0_config18_s_fu_2561/grp_dense_latency_ap_fixed_8_4_4_0_0_ap_fixed_39_7_5_3_0_config18_dense_31_fu_2694/ap_return_120_int_reg[23]_i_11_n_0
                         CARRY8 (Prop_CARRY8_DI[2]_O[4])
                                                      0.150     0.714 r  grp_einsum_dense_ap_fixed_8_4_4_0_0_ap_fixed_39_7_5_3_0_config18_s_fu_2561/grp_dense_latency_ap_fixed_8_4_4_0_0_ap_fixed_39_7_5_3_0_config18_dense_31_fu_2694/ap_return_120_int_reg_reg[23]_i_5/O[4]
                         net (fo=2, unplaced)         0.184     0.898    grp_einsum_dense_ap_fixed_8_4_4_0_0_ap_fixed_39_7_5_3_0_config18_s_fu_2561/grp_dense_latency_ap_fixed_8_4_4_0_0_ap_fixed_39_7_5_3_0_config18_dense_31_fu_2694/sext_ln58_46488_fu_49158_p1[27]
                         LUT3 (Prop_LUT3_I2_O)        0.066     0.964 r  grp_einsum_dense_ap_fixed_8_4_4_0_0_ap_fixed_39_7_5_3_0_config18_s_fu_2561/grp_dense_latency_ap_fixed_8_4_4_0_0_ap_fixed_39_7_5_3_0_config18_dense_31_fu_2694/ap_return_120_int_reg[38]_i_31/O
                         net (fo=2, unplaced)         0.170     1.134    grp_einsum_dense_ap_fixed_8_4_4_0_0_ap_fixed_39_7_5_3_0_config18_s_fu_2561/grp_dense_latency_ap_fixed_8_4_4_0_0_ap_fixed_39_7_5_3_0_config18_dense_31_fu_2694/ap_return_120_int_reg[38]_i_31_n_0
                         LUT4 (Prop_LUT4_I3_O)        0.037     1.171 r  grp_einsum_dense_ap_fixed_8_4_4_0_0_ap_fixed_39_7_5_3_0_config18_s_fu_2561/grp_dense_latency_ap_fixed_8_4_4_0_0_ap_fixed_39_7_5_3_0_config18_dense_31_fu_2694/ap_return_120_int_reg[38]_i_39/O
                         net (fo=1, unplaced)         0.021     1.192    grp_einsum_dense_ap_fixed_8_4_4_0_0_ap_fixed_39_7_5_3_0_config18_s_fu_2561/grp_dense_latency_ap_fixed_8_4_4_0_0_ap_fixed_39_7_5_3_0_config18_dense_31_fu_2694/ap_return_120_int_reg[38]_i_39_n_0
                         CARRY8 (Prop_CARRY8_S[4]_CO[7])
                                                      0.163     1.355 r  grp_einsum_dense_ap_fixed_8_4_4_0_0_ap_fixed_39_7_5_3_0_config18_s_fu_2561/grp_dense_latency_ap_fixed_8_4_4_0_0_ap_fixed_39_7_5_3_0_config18_dense_31_fu_2694/ap_return_120_int_reg_reg[38]_i_14/CO[7]
                         net (fo=1, unplaced)         0.005     1.360    grp_einsum_dense_ap_fixed_8_4_4_0_0_ap_fixed_39_7_5_3_0_config18_s_fu_2561/grp_dense_latency_ap_fixed_8_4_4_0_0_ap_fixed_39_7_5_3_0_config18_dense_31_fu_2694/ap_return_120_int_reg_reg[38]_i_14_n_0
                         CARRY8 (Prop_CARRY8_CI_O[0])
                                                      0.056     1.416 r  grp_einsum_dense_ap_fixed_8_4_4_0_0_ap_fixed_39_7_5_3_0_config18_s_fu_2561/grp_dense_latency_ap_fixed_8_4_4_0_0_ap_fixed_39_7_5_3_0_config18_dense_31_fu_2694/ap_return_120_int_reg_reg[38]_i_2/O[0]
                         net (fo=2, unplaced)         0.186     1.602    grp_einsum_dense_ap_fixed_8_4_4_0_0_ap_fixed_39_7_5_3_0_config18_s_fu_2561/grp_dense_latency_ap_fixed_8_4_4_0_0_ap_fixed_39_7_5_3_0_config18_dense_31_fu_2694/ap_return_120_int_reg_reg[38]_i_2_n_15
                         LUT3 (Prop_LUT3_I0_O)        0.070     1.672 r  grp_einsum_dense_ap_fixed_8_4_4_0_0_ap_fixed_39_7_5_3_0_config18_s_fu_2561/grp_dense_latency_ap_fixed_8_4_4_0_0_ap_fixed_39_7_5_3_0_config18_dense_31_fu_2694/ap_return_120_int_reg[38]_i_5/O
                         net (fo=2, unplaced)         0.219     1.891    grp_einsum_dense_ap_fixed_8_4_4_0_0_ap_fixed_39_7_5_3_0_config18_s_fu_2561/grp_dense_latency_ap_fixed_8_4_4_0_0_ap_fixed_39_7_5_3_0_config18_dense_31_fu_2694/ap_return_120_int_reg[38]_i_5_n_0
                         LUT4 (Prop_LUT4_I3_O)        0.037     1.928 r  grp_einsum_dense_ap_fixed_8_4_4_0_0_ap_fixed_39_7_5_3_0_config18_s_fu_2561/grp_dense_latency_ap_fixed_8_4_4_0_0_ap_fixed_39_7_5_3_0_config18_dense_31_fu_2694/ap_return_120_int_reg[38]_i_12/O
                         net (fo=1, unplaced)         0.023     1.951    grp_einsum_dense_ap_fixed_8_4_4_0_0_ap_fixed_39_7_5_3_0_config18_s_fu_2561/grp_dense_latency_ap_fixed_8_4_4_0_0_ap_fixed_39_7_5_3_0_config18_dense_31_fu_2694/ap_return_120_int_reg[38]_i_12_n_0
                         CARRY8 (Prop_CARRY8_S[1]_O[4])
                                                      0.204     2.155 r  grp_einsum_dense_ap_fixed_8_4_4_0_0_ap_fixed_39_7_5_3_0_config18_s_fu_2561/grp_dense_latency_ap_fixed_8_4_4_0_0_ap_fixed_39_7_5_3_0_config18_dense_31_fu_2694/ap_return_120_int_reg_reg[38]_i_1/O[4]
                         net (fo=2, unplaced)         0.184     2.339    grp_einsum_dense_ap_fixed_8_4_4_0_0_ap_fixed_39_7_5_3_0_config18_s_fu_2561/grp_dense_latency_ap_fixed_8_4_4_0_0_ap_fixed_39_7_5_3_0_config18_dense_31_fu_2694/add_ln58_78408_reg_53902_reg[34]_0[20]
                         LUT3 (Prop_LUT3_I0_O)        0.038     2.377 r  grp_einsum_dense_ap_fixed_8_4_4_0_0_ap_fixed_39_7_5_3_0_config18_s_fu_2561/grp_dense_latency_ap_fixed_8_4_4_0_0_ap_fixed_39_7_5_3_0_config18_dense_31_fu_2694/layer18_out_120_reg_290987[36]_i_1/O
                         net (fo=1, unplaced)         0.048     2.425    grp_einsum_dense_ap_fixed_8_4_4_0_0_ap_fixed_39_7_5_3_0_config18_s_fu_2561_ap_return_120[36]
                         FDRE                                         r  layer18_out_120_reg_290987_reg[36]/D
  -------------------------------------------------------------------    -------------------

                         (clock ap_clk rise edge)     2.500     2.500 r  
                                                      0.000     2.500 r  ap_clk (IN)
                         net (fo=1801331, unset)      0.021     2.521    ap_clk
                         FDRE                                         r  layer18_out_120_reg_290987_reg[36]/C
                         clock pessimism              0.000     2.521    
                         clock uncertainty           -0.035     2.486    
                         FDRE (Setup_FDRE_C_D)        0.025     2.511    layer18_out_120_reg_290987_reg[36]
  -------------------------------------------------------------------
                         required time                          2.511    
                         arrival time                          -2.425    
  -------------------------------------------------------------------
                         slack                                  0.086    

Slack (MET) :             0.086ns  (required time - arrival time)
  Source:                 grp_einsum_dense_ap_fixed_8_4_4_0_0_ap_fixed_39_7_5_3_0_config18_s_fu_2561/grp_dense_latency_ap_fixed_8_4_4_0_0_ap_fixed_39_7_5_3_0_config18_dense_33_fu_2766/add_ln58_76766_reg_53892_reg[24]/C
                            (rising edge-triggered cell FDRE clocked by ap_clk  {rise@0.000ns fall@1.250ns period=2.500ns})
  Destination:            layer18_out_184_reg_291307_reg[36]/D
                            (rising edge-triggered cell FDRE clocked by ap_clk  {rise@0.000ns fall@1.250ns period=2.500ns})
  Path Group:             ap_clk
  Path Type:              Setup (Max at Slow Process Corner)
  Requirement:            2.500ns  (ap_clk rise@2.500ns - ap_clk rise@0.000ns)
  Data Path Delay:        2.395ns  (logic 0.967ns (40.376%)  route 1.428ns (59.624%))
  Logic Levels:           10  (CARRY8=4 LUT2=1 LUT3=3 LUT4=2)
  Clock Path Skew:        -0.009ns (DCD - SCD + CPR)
    Destination Clock Delay (DCD):    0.021ns = ( 2.521 - 2.500 ) 
    Source Clock Delay      (SCD):    0.030ns
    Clock Pessimism Removal (CPR):    0.000ns
  Clock Uncertainty:      0.035ns  ((TSJ^2 + TIJ^2)^1/2 + DJ) / 2 + PE
    Total System Jitter     (TSJ):    0.071ns
    Total Input Jitter      (TIJ):    0.000ns
    Discrete Jitter          (DJ):    0.000ns
    Phase Error              (PE):    0.000ns

    Location             Delay type                Incr(ns)  Path(ns)    Netlist Resource(s)
  -------------------------------------------------------------------    -------------------
                         (clock ap_clk rise edge)     0.000     0.000 r  
                                                      0.000     0.000 r  ap_clk (IN)
                         net (fo=1801331, unset)      0.030     0.030    grp_einsum_dense_ap_fixed_8_4_4_0_0_ap_fixed_39_7_5_3_0_config18_s_fu_2561/grp_dense_latency_ap_fixed_8_4_4_0_0_ap_fixed_39_7_5_3_0_config18_dense_33_fu_2766/ap_clk
                         FDRE                                         r  grp_einsum_dense_ap_fixed_8_4_4_0_0_ap_fixed_39_7_5_3_0_config18_s_fu_2561/grp_dense_latency_ap_fixed_8_4_4_0_0_ap_fixed_39_7_5_3_0_config18_dense_33_fu_2766/add_ln58_76766_reg_53892_reg[24]/C
  -------------------------------------------------------------------    -------------------
                         FDRE (Prop_FDRE_C_Q)         0.078     0.108 r  grp_einsum_dense_ap_fixed_8_4_4_0_0_ap_fixed_39_7_5_3_0_config18_s_fu_2561/grp_dense_latency_ap_fixed_8_4_4_0_0_ap_fixed_39_7_5_3_0_config18_dense_33_fu_2766/add_ln58_76766_reg_53892_reg[24]/Q
                         net (fo=3, unplaced)         0.143     0.251    grp_einsum_dense_ap_fixed_8_4_4_0_0_ap_fixed_39_7_5_3_0_config18_s_fu_2561/grp_dense_latency_ap_fixed_8_4_4_0_0_ap_fixed_39_7_5_3_0_config18_dense_33_fu_2766/sext_ln58_45275_fu_49149_p1[24]
                         LUT2 (Prop_LUT2_I1_O)        0.068     0.319 r  grp_einsum_dense_ap_fixed_8_4_4_0_0_ap_fixed_39_7_5_3_0_config18_s_fu_2561/grp_dense_latency_ap_fixed_8_4_4_0_0_ap_fixed_39_7_5_3_0_config18_dense_33_fu_2766/ap_return_184_int_reg[23]_i_11/O
                         net (fo=1, unplaced)         0.245     0.564    grp_einsum_dense_ap_fixed_8_4_4_0_0_ap_fixed_39_7_5_3_0_config18_s_fu_2561/grp_dense_latency_ap_fixed_8_4_4_0_0_ap_fixed_39_7_5_3_0_config18_dense_33_fu_2766/ap_return_184_int_reg[23]_i_11_n_0
                         CARRY8 (Prop_CARRY8_DI[2]_O[4])
                                                      0.150     0.714 r  grp_einsum_dense_ap_fixed_8_4_4_0_0_ap_fixed_39_7_5_3_0_config18_s_fu_2561/grp_dense_latency_ap_fixed_8_4_4_0_0_ap_fixed_39_7_5_3_0_config18_dense_33_fu_2766/ap_return_184_int_reg_reg[23]_i_5/O[4]
                         net (fo=2, unplaced)         0.184     0.898    grp_einsum_dense_ap_fixed_8_4_4_0_0_ap_fixed_39_7_5_3_0_config18_s_fu_2561/grp_dense_latency_ap_fixed_8_4_4_0_0_ap_fixed_39_7_5_3_0_config18_dense_33_fu_2766/sext_ln58_45276_fu_49158_p1[27]
                         LUT3 (Prop_LUT3_I1_O)        0.066     0.964 r  grp_einsum_dense_ap_fixed_8_4_4_0_0_ap_fixed_39_7_5_3_0_config18_s_fu_2561/grp_dense_latency_ap_fixed_8_4_4_0_0_ap_fixed_39_7_5_3_0_config18_dense_33_fu_2766/ap_return_184_int_reg[38]_i_31/O
                         net (fo=2, unplaced)         0.170     1.134    grp_einsum_dense_ap_fixed_8_4_4_0_0_ap_fixed_39_7_5_3_0_config18_s_fu_2561/grp_dense_latency_ap_fixed_8_4_4_0_0_ap_fixed_39_7_5_3_0_config18_dense_33_fu_2766/ap_return_184_int_reg[38]_i_31_n_0
                         LUT4 (Prop_LUT4_I3_O)        0.037     1.171 r  grp_einsum_dense_ap_fixed_8_4_4_0_0_ap_fixed_39_7_5_3_0_config18_s_fu_2561/grp_dense_latency_ap_fixed_8_4_4_0_0_ap_fixed_39_7_5_3_0_config18_dense_33_fu_2766/ap_return_184_int_reg[38]_i_39/O
                         net (fo=1, unplaced)         0.021     1.192    grp_einsum_dense_ap_fixed_8_4_4_0_0_ap_fixed_39_7_5_3_0_config18_s_fu_2561/grp_dense_latency_ap_fixed_8_4_4_0_0_ap_fixed_39_7_5_3_0_config18_dense_33_fu_2766/ap_return_184_int_reg[38]_i_39_n_0
                         CARRY8 (Prop_CARRY8_S[4]_CO[7])
                                                      0.163     1.355 r  grp_einsum_dense_ap_fixed_8_4_4_0_0_ap_fixed_39_7_5_3_0_config18_s_fu_2561/grp_dense_latency_ap_fixed_8_4_4_0_0_ap_fixed_39_7_5_3_0_config18_dense_33_fu_2766/ap_return_184_int_reg_reg[38]_i_14/CO[7]
                         net (fo=1, unplaced)         0.005     1.360    grp_einsum_dense_ap_fixed_8_4_4_0_0_ap_fixed_39_7_5_3_0_config18_s_fu_2561/grp_dense_latency_ap_fixed_8_4_4_0_0_ap_fixed_39_7_5_3_0_config18_dense_33_fu_2766/ap_return_184_int_reg_reg[38]_i_14_n_0
                         CARRY8 (Prop_CARRY8_CI_O[0])
                                                      0.056     1.416 r  grp_einsum_dense_ap_fixed_8_4_4_0_0_ap_fixed_39_7_5_3_0_config18_s_fu_2561/grp_dense_latency_ap_fixed_8_4_4_0_0_ap_fixed_39_7_5_3_0_config18_dense_33_fu_2766/ap_return_184_int_reg_reg[38]_i_2/O[0]
                         net (fo=2, unplaced)         0.186     1.602    grp_einsum_dense_ap_fixed_8_4_4_0_0_ap_fixed_39_7_5_3_0_config18_s_fu_2561/grp_dense_latency_ap_fixed_8_4_4_0_0_ap_fixed_39_7_5_3_0_config18_dense_33_fu_2766/ap_return_184_int_reg_reg[38]_i_2_n_15
                         LUT3 (Prop_LUT3_I0_O)        0.070     1.672 r  grp_einsum_dense_ap_fixed_8_4_4_0_0_ap_fixed_39_7_5_3_0_config18_s_fu_2561/grp_dense_latency_ap_fixed_8_4_4_0_0_ap_fixed_39_7_5_3_0_config18_dense_33_fu_2766/ap_return_184_int_reg[38]_i_5/O
                         net (fo=2, unplaced)         0.219     1.891    grp_einsum_dense_ap_fixed_8_4_4_0_0_ap_fixed_39_7_5_3_0_config18_s_fu_2561/grp_dense_latency_ap_fixed_8_4_4_0_0_ap_fixed_39_7_5_3_0_config18_dense_33_fu_2766/ap_return_184_int_reg[38]_i_5_n_0
                         LUT4 (Prop_LUT4_I3_O)        0.037     1.928 r  grp_einsum_dense_ap_fixed_8_4_4_0_0_ap_fixed_39_7_5_3_0_config18_s_fu_2561/grp_dense_latency_ap_fixed_8_4_4_0_0_ap_fixed_39_7_5_3_0_config18_dense_33_fu_2766/ap_return_184_int_reg[38]_i_12/O
                         net (fo=1, unplaced)         0.023     1.951    grp_einsum_dense_ap_fixed_8_4_4_0_0_ap_fixed_39_7_5_3_0_config18_s_fu_2561/grp_dense_latency_ap_fixed_8_4_4_0_0_ap_fixed_39_7_5_3_0_config18_dense_33_fu_2766/ap_return_184_int_reg[38]_i_12_n_0
                         CARRY8 (Prop_CARRY8_S[1]_O[4])
                                                      0.204     2.155 r  grp_einsum_dense_ap_fixed_8_4_4_0_0_ap_fixed_39_7_5_3_0_config18_s_fu_2561/grp_dense_latency_ap_fixed_8_4_4_0_0_ap_fixed_39_7_5_3_0_config18_dense_33_fu_2766/ap_return_184_int_reg_reg[38]_i_1/O[4]
                         net (fo=2, unplaced)         0.184     2.339    grp_einsum_dense_ap_fixed_8_4_4_0_0_ap_fixed_39_7_5_3_0_config18_s_fu_2561/grp_dense_latency_ap_fixed_8_4_4_0_0_ap_fixed_39_7_5_3_0_config18_dense_33_fu_2766/mult_31546_reg_52212_pp0_iter4_reg_reg[34]_0[20]
                         LUT3 (Prop_LUT3_I0_O)        0.038     2.377 r  grp_einsum_dense_ap_fixed_8_4_4_0_0_ap_fixed_39_7_5_3_0_config18_s_fu_2561/grp_dense_latency_ap_fixed_8_4_4_0_0_ap_fixed_39_7_5_3_0_config18_dense_33_fu_2766/layer18_out_184_reg_291307[36]_i_1/O
                         net (fo=1, unplaced)         0.048     2.425    grp_einsum_dense_ap_fixed_8_4_4_0_0_ap_fixed_39_7_5_3_0_config18_s_fu_2561_ap_return_184[36]
                         FDRE                                         r  layer18_out_184_reg_291307_reg[36]/D
  -------------------------------------------------------------------    -------------------

                         (clock ap_clk rise edge)     2.500     2.500 r  
                                                      0.000     2.500 r  ap_clk (IN)
                         net (fo=1801331, unset)      0.021     2.521    ap_clk
                         FDRE                                         r  layer18_out_184_reg_291307_reg[36]/C
                         clock pessimism              0.000     2.521    
                         clock uncertainty           -0.035     2.486    
                         FDRE (Setup_FDRE_C_D)        0.025     2.511    layer18_out_184_reg_291307_reg[36]
  -------------------------------------------------------------------
                         required time                          2.511    
                         arrival time                          -2.425    
  -------------------------------------------------------------------
                         slack                                  0.086    

Slack (MET) :             0.086ns  (required time - arrival time)
  Source:                 grp_einsum_dense_ap_fixed_8_4_4_0_0_ap_fixed_39_7_5_3_0_config18_s_fu_2561/grp_dense_latency_ap_fixed_8_4_4_0_0_ap_fixed_39_7_5_3_0_config18_dense_s_fu_2586/add_ln58_80856_reg_53892_reg[24]/C
                            (rising edge-triggered cell FDRE clocked by ap_clk  {rise@0.000ns fall@1.250ns period=2.500ns})
  Destination:            layer18_out_24_reg_290507_reg[36]/D
                            (rising edge-triggered cell FDRE clocked by ap_clk  {rise@0.000ns fall@1.250ns period=2.500ns})
  Path Group:             ap_clk
  Path Type:              Setup (Max at Slow Process Corner)
  Requirement:            2.500ns  (ap_clk rise@2.500ns - ap_clk rise@0.000ns)
  Data Path Delay:        2.395ns  (logic 0.967ns (40.376%)  route 1.428ns (59.624%))
  Logic Levels:           10  (CARRY8=4 LUT2=1 LUT3=3 LUT4=2)
  Clock Path Skew:        -0.009ns (DCD - SCD + CPR)
    Destination Clock Delay (DCD):    0.021ns = ( 2.521 - 2.500 ) 
    Source Clock Delay      (SCD):    0.030ns
    Clock Pessimism Removal (CPR):    0.000ns
  Clock Uncertainty:      0.035ns  ((TSJ^2 + TIJ^2)^1/2 + DJ) / 2 + PE
    Total System Jitter     (TSJ):    0.071ns
    Total Input Jitter      (TIJ):    0.000ns
    Discrete Jitter          (DJ):    0.000ns
    Phase Error              (PE):    0.000ns

    Location             Delay type                Incr(ns)  Path(ns)    Netlist Resource(s)
  -------------------------------------------------------------------    -------------------
                         (clock ap_clk rise edge)     0.000     0.000 r  
                                                      0.000     0.000 r  ap_clk (IN)
                         net (fo=1801331, unset)      0.030     0.030    grp_einsum_dense_ap_fixed_8_4_4_0_0_ap_fixed_39_7_5_3_0_config18_s_fu_2561/grp_dense_latency_ap_fixed_8_4_4_0_0_ap_fixed_39_7_5_3_0_config18_dense_s_fu_2586/ap_clk
                         FDRE                                         r  grp_einsum_dense_ap_fixed_8_4_4_0_0_ap_fixed_39_7_5_3_0_config18_s_fu_2561/grp_dense_latency_ap_fixed_8_4_4_0_0_ap_fixed_39_7_5_3_0_config18_dense_s_fu_2586/add_ln58_80856_reg_53892_reg[24]/C
  -------------------------------------------------------------------    -------------------
                         FDRE (Prop_FDRE_C_Q)         0.078     0.108 r  grp_einsum_dense_ap_fixed_8_4_4_0_0_ap_fixed_39_7_5_3_0_config18_s_fu_2561/grp_dense_latency_ap_fixed_8_4_4_0_0_ap_fixed_39_7_5_3_0_config18_dense_s_fu_2586/add_ln58_80856_reg_53892_reg[24]/Q
                         net (fo=3, unplaced)         0.143     0.251    grp_einsum_dense_ap_fixed_8_4_4_0_0_ap_fixed_39_7_5_3_0_config18_s_fu_2561/grp_dense_latency_ap_fixed_8_4_4_0_0_ap_fixed_39_7_5_3_0_config18_dense_s_fu_2586/add_ln58_80856_reg_53892_reg_n_0_[24]
                         LUT2 (Prop_LUT2_I1_O)        0.068     0.319 r  grp_einsum_dense_ap_fixed_8_4_4_0_0_ap_fixed_39_7_5_3_0_config18_s_fu_2561/grp_dense_latency_ap_fixed_8_4_4_0_0_ap_fixed_39_7_5_3_0_config18_dense_s_fu_2586/ap_return_24_int_reg[23]_i_11/O
                         net (fo=1, unplaced)         0.245     0.564    grp_einsum_dense_ap_fixed_8_4_4_0_0_ap_fixed_39_7_5_3_0_config18_s_fu_2561/grp_dense_latency_ap_fixed_8_4_4_0_0_ap_fixed_39_7_5_3_0_config18_dense_s_fu_2586/ap_return_24_int_reg[23]_i_11_n_0
                         CARRY8 (Prop_CARRY8_DI[2]_O[4])
                                                      0.150     0.714 r  grp_einsum_dense_ap_fixed_8_4_4_0_0_ap_fixed_39_7_5_3_0_config18_s_fu_2561/grp_dense_latency_ap_fixed_8_4_4_0_0_ap_fixed_39_7_5_3_0_config18_dense_s_fu_2586/ap_return_24_int_reg_reg[23]_i_5/O[4]
                         net (fo=2, unplaced)         0.184     0.898    grp_einsum_dense_ap_fixed_8_4_4_0_0_ap_fixed_39_7_5_3_0_config18_s_fu_2561/grp_dense_latency_ap_fixed_8_4_4_0_0_ap_fixed_39_7_5_3_0_config18_dense_s_fu_2586/sext_ln58_48306_fu_49158_p1[27]
                         LUT3 (Prop_LUT3_I1_O)        0.066     0.964 r  grp_einsum_dense_ap_fixed_8_4_4_0_0_ap_fixed_39_7_5_3_0_config18_s_fu_2561/grp_dense_latency_ap_fixed_8_4_4_0_0_ap_fixed_39_7_5_3_0_config18_dense_s_fu_2586/ap_return_24_int_reg[38]_i_31__0/O
                         net (fo=2, unplaced)         0.170     1.134    grp_einsum_dense_ap_fixed_8_4_4_0_0_ap_fixed_39_7_5_3_0_config18_s_fu_2561/grp_dense_latency_ap_fixed_8_4_4_0_0_ap_fixed_39_7_5_3_0_config18_dense_s_fu_2586/ap_return_24_int_reg[38]_i_31__0_n_0
                         LUT4 (Prop_LUT4_I3_O)        0.037     1.171 r  grp_einsum_dense_ap_fixed_8_4_4_0_0_ap_fixed_39_7_5_3_0_config18_s_fu_2561/grp_dense_latency_ap_fixed_8_4_4_0_0_ap_fixed_39_7_5_3_0_config18_dense_s_fu_2586/ap_return_24_int_reg[38]_i_39/O
                         net (fo=1, unplaced)         0.021     1.192    grp_einsum_dense_ap_fixed_8_4_4_0_0_ap_fixed_39_7_5_3_0_config18_s_fu_2561/grp_dense_latency_ap_fixed_8_4_4_0_0_ap_fixed_39_7_5_3_0_config18_dense_s_fu_2586/ap_return_24_int_reg[38]_i_39_n_0
                         CARRY8 (Prop_CARRY8_S[4]_CO[7])
                                                      0.163     1.355 r  grp_einsum_dense_ap_fixed_8_4_4_0_0_ap_fixed_39_7_5_3_0_config18_s_fu_2561/grp_dense_latency_ap_fixed_8_4_4_0_0_ap_fixed_39_7_5_3_0_config18_dense_s_fu_2586/ap_return_24_int_reg_reg[38]_i_14/CO[7]
                         net (fo=1, unplaced)         0.005     1.360    grp_einsum_dense_ap_fixed_8_4_4_0_0_ap_fixed_39_7_5_3_0_config18_s_fu_2561/grp_dense_latency_ap_fixed_8_4_4_0_0_ap_fixed_39_7_5_3_0_config18_dense_s_fu_2586/ap_return_24_int_reg_reg[38]_i_14_n_0
                         CARRY8 (Prop_CARRY8_CI_O[0])
                                                      0.056     1.416 r  grp_einsum_dense_ap_fixed_8_4_4_0_0_ap_fixed_39_7_5_3_0_config18_s_fu_2561/grp_dense_latency_ap_fixed_8_4_4_0_0_ap_fixed_39_7_5_3_0_config18_dense_s_fu_2586/ap_return_24_int_reg_reg[38]_i_2/O[0]
                         net (fo=2, unplaced)         0.186     1.602    grp_einsum_dense_ap_fixed_8_4_4_0_0_ap_fixed_39_7_5_3_0_config18_s_fu_2561/grp_dense_latency_ap_fixed_8_4_4_0_0_ap_fixed_39_7_5_3_0_config18_dense_s_fu_2586/ap_return_24_int_reg_reg[38]_i_2_n_15
                         LUT3 (Prop_LUT3_I0_O)        0.070     1.672 r  grp_einsum_dense_ap_fixed_8_4_4_0_0_ap_fixed_39_7_5_3_0_config18_s_fu_2561/grp_dense_latency_ap_fixed_8_4_4_0_0_ap_fixed_39_7_5_3_0_config18_dense_s_fu_2586/ap_return_24_int_reg[38]_i_5__2/O
                         net (fo=2, unplaced)         0.219     1.891    grp_einsum_dense_ap_fixed_8_4_4_0_0_ap_fixed_39_7_5_3_0_config18_s_fu_2561/grp_dense_latency_ap_fixed_8_4_4_0_0_ap_fixed_39_7_5_3_0_config18_dense_s_fu_2586/ap_return_24_int_reg[38]_i_5__2_n_0
                         LUT4 (Prop_LUT4_I3_O)        0.037     1.928 r  grp_einsum_dense_ap_fixed_8_4_4_0_0_ap_fixed_39_7_5_3_0_config18_s_fu_2561/grp_dense_latency_ap_fixed_8_4_4_0_0_ap_fixed_39_7_5_3_0_config18_dense_s_fu_2586/ap_return_24_int_reg[38]_i_12__2/O
                         net (fo=1, unplaced)         0.023     1.951    grp_einsum_dense_ap_fixed_8_4_4_0_0_ap_fixed_39_7_5_3_0_config18_s_fu_2561/grp_dense_latency_ap_fixed_8_4_4_0_0_ap_fixed_39_7_5_3_0_config18_dense_s_fu_2586/ap_return_24_int_reg[38]_i_12__2_n_0
                         CARRY8 (Prop_CARRY8_S[1]_O[4])
                                                      0.204     2.155 r  grp_einsum_dense_ap_fixed_8_4_4_0_0_ap_fixed_39_7_5_3_0_config18_s_fu_2561/grp_dense_latency_ap_fixed_8_4_4_0_0_ap_fixed_39_7_5_3_0_config18_dense_s_fu_2586/ap_return_24_int_reg_reg[38]_i_1__2/O[4]
                         net (fo=2, unplaced)         0.184     2.339    grp_einsum_dense_ap_fixed_8_4_4_0_0_ap_fixed_39_7_5_3_0_config18_s_fu_2561/grp_dense_latency_ap_fixed_8_4_4_0_0_ap_fixed_39_7_5_3_0_config18_dense_s_fu_2586/mult_33001_reg_52212_pp0_iter4_reg_reg[34]_0[20]
                         LUT3 (Prop_LUT3_I0_O)        0.038     2.377 r  grp_einsum_dense_ap_fixed_8_4_4_0_0_ap_fixed_39_7_5_3_0_config18_s_fu_2561/grp_dense_latency_ap_fixed_8_4_4_0_0_ap_fixed_39_7_5_3_0_config18_dense_s_fu_2586/layer18_out_24_reg_290507[36]_i_1/O
                         net (fo=1, unplaced)         0.048     2.425    grp_einsum_dense_ap_fixed_8_4_4_0_0_ap_fixed_39_7_5_3_0_config18_s_fu_2561_ap_return_24__0[36]
                         FDRE                                         r  layer18_out_24_reg_290507_reg[36]/D
  -------------------------------------------------------------------    -------------------

                         (clock ap_clk rise edge)     2.500     2.500 r  
                                                      0.000     2.500 r  ap_clk (IN)
                         net (fo=1801331, unset)      0.021     2.521    ap_clk
                         FDRE                                         r  layer18_out_24_reg_290507_reg[36]/C
                         clock pessimism              0.000     2.521    
                         clock uncertainty           -0.035     2.486    
                         FDRE (Setup_FDRE_C_D)        0.025     2.511    layer18_out_24_reg_290507_reg[36]
  -------------------------------------------------------------------
                         required time                          2.511    
                         arrival time                          -2.425    
  -------------------------------------------------------------------
                         slack                                  0.086    

Slack (MET) :             0.086ns  (required time - arrival time)
  Source:                 grp_einsum_dense_ap_fixed_8_4_4_0_0_ap_fixed_39_7_5_3_0_config18_s_fu_2561/grp_dense_latency_ap_fixed_8_4_4_0_0_ap_fixed_39_7_5_3_0_config18_dense_29_fu_2622/add_ln58_80038_reg_53892_reg[24]/C
                            (rising edge-triggered cell FDRE clocked by ap_clk  {rise@0.000ns fall@1.250ns period=2.500ns})
  Destination:            layer18_out_56_reg_290667_reg[36]/D
                            (rising edge-triggered cell FDRE clocked by ap_clk  {rise@0.000ns fall@1.250ns period=2.500ns})
  Path Group:             ap_clk
  Path Type:              Setup (Max at Slow Process Corner)
  Requirement:            2.500ns  (ap_clk rise@2.500ns - ap_clk rise@0.000ns)
  Data Path Delay:        2.395ns  (logic 0.967ns (40.376%)  route 1.428ns (59.624%))
  Logic Levels:           10  (CARRY8=4 LUT2=1 LUT3=3 LUT4=2)
  Clock Path Skew:        -0.009ns (DCD - SCD + CPR)
    Destination Clock Delay (DCD):    0.021ns = ( 2.521 - 2.500 ) 
    Source Clock Delay      (SCD):    0.030ns
    Clock Pessimism Removal (CPR):    0.000ns
  Clock Uncertainty:      0.035ns  ((TSJ^2 + TIJ^2)^1/2 + DJ) / 2 + PE
    Total System Jitter     (TSJ):    0.071ns
    Total Input Jitter      (TIJ):    0.000ns
    Discrete Jitter          (DJ):    0.000ns
    Phase Error              (PE):    0.000ns

    Location             Delay type                Incr(ns)  Path(ns)    Netlist Resource(s)
  -------------------------------------------------------------------    -------------------
                         (clock ap_clk rise edge)     0.000     0.000 r  
                                                      0.000     0.000 r  ap_clk (IN)
                         net (fo=1801331, unset)      0.030     0.030    grp_einsum_dense_ap_fixed_8_4_4_0_0_ap_fixed_39_7_5_3_0_config18_s_fu_2561/grp_dense_latency_ap_fixed_8_4_4_0_0_ap_fixed_39_7_5_3_0_config18_dense_29_fu_2622/ap_clk
                         FDRE                                         r  grp_einsum_dense_ap_fixed_8_4_4_0_0_ap_fixed_39_7_5_3_0_config18_s_fu_2561/grp_dense_latency_ap_fixed_8_4_4_0_0_ap_fixed_39_7_5_3_0_config18_dense_29_fu_2622/add_ln58_80038_reg_53892_reg[24]/C
  -------------------------------------------------------------------    -------------------
                         FDRE (Prop_FDRE_C_Q)         0.078     0.108 r  grp_einsum_dense_ap_fixed_8_4_4_0_0_ap_fixed_39_7_5_3_0_config18_s_fu_2561/grp_dense_latency_ap_fixed_8_4_4_0_0_ap_fixed_39_7_5_3_0_config18_dense_29_fu_2622/add_ln58_80038_reg_53892_reg[24]/Q
                         net (fo=3, unplaced)         0.143     0.251    grp_einsum_dense_ap_fixed_8_4_4_0_0_ap_fixed_39_7_5_3_0_config18_s_fu_2561/grp_dense_latency_ap_fixed_8_4_4_0_0_ap_fixed_39_7_5_3_0_config18_dense_29_fu_2622/add_ln58_80038_reg_53892_reg_n_0_[24]
                         LUT2 (Prop_LUT2_I1_O)        0.068     0.319 r  grp_einsum_dense_ap_fixed_8_4_4_0_0_ap_fixed_39_7_5_3_0_config18_s_fu_2561/grp_dense_latency_ap_fixed_8_4_4_0_0_ap_fixed_39_7_5_3_0_config18_dense_29_fu_2622/ap_return_56_int_reg[23]_i_11/O
                         net (fo=1, unplaced)         0.245     0.564    grp_einsum_dense_ap_fixed_8_4_4_0_0_ap_fixed_39_7_5_3_0_config18_s_fu_2561/grp_dense_latency_ap_fixed_8_4_4_0_0_ap_fixed_39_7_5_3_0_config18_dense_29_fu_2622/ap_return_56_int_reg[23]_i_11_n_0
                         CARRY8 (Prop_CARRY8_DI[2]_O[4])
                                                      0.150     0.714 r  grp_einsum_dense_ap_fixed_8_4_4_0_0_ap_fixed_39_7_5_3_0_config18_s_fu_2561/grp_dense_latency_ap_fixed_8_4_4_0_0_ap_fixed_39_7_5_3_0_config18_dense_29_fu_2622/ap_return_56_int_reg_reg[23]_i_5/O[4]
                         net (fo=2, unplaced)         0.184     0.898    grp_einsum_dense_ap_fixed_8_4_4_0_0_ap_fixed_39_7_5_3_0_config18_s_fu_2561/grp_dense_latency_ap_fixed_8_4_4_0_0_ap_fixed_39_7_5_3_0_config18_dense_29_fu_2622/sext_ln58_47700_fu_49158_p1[27]
                         LUT3 (Prop_LUT3_I2_O)        0.066     0.964 r  grp_einsum_dense_ap_fixed_8_4_4_0_0_ap_fixed_39_7_5_3_0_config18_s_fu_2561/grp_dense_latency_ap_fixed_8_4_4_0_0_ap_fixed_39_7_5_3_0_config18_dense_29_fu_2622/ap_return_56_int_reg[38]_i_31/O
                         net (fo=2, unplaced)         0.170     1.134    grp_einsum_dense_ap_fixed_8_4_4_0_0_ap_fixed_39_7_5_3_0_config18_s_fu_2561/grp_dense_latency_ap_fixed_8_4_4_0_0_ap_fixed_39_7_5_3_0_config18_dense_29_fu_2622/ap_return_56_int_reg[38]_i_31_n_0
                         LUT4 (Prop_LUT4_I3_O)        0.037     1.171 r  grp_einsum_dense_ap_fixed_8_4_4_0_0_ap_fixed_39_7_5_3_0_config18_s_fu_2561/grp_dense_latency_ap_fixed_8_4_4_0_0_ap_fixed_39_7_5_3_0_config18_dense_29_fu_2622/ap_return_56_int_reg[38]_i_39/O
                         net (fo=1, unplaced)         0.021     1.192    grp_einsum_dense_ap_fixed_8_4_4_0_0_ap_fixed_39_7_5_3_0_config18_s_fu_2561/grp_dense_latency_ap_fixed_8_4_4_0_0_ap_fixed_39_7_5_3_0_config18_dense_29_fu_2622/ap_return_56_int_reg[38]_i_39_n_0
                         CARRY8 (Prop_CARRY8_S[4]_CO[7])
                                                      0.163     1.355 r  grp_einsum_dense_ap_fixed_8_4_4_0_0_ap_fixed_39_7_5_3_0_config18_s_fu_2561/grp_dense_latency_ap_fixed_8_4_4_0_0_ap_fixed_39_7_5_3_0_config18_dense_29_fu_2622/ap_return_56_int_reg_reg[38]_i_14/CO[7]
                         net (fo=1, unplaced)         0.005     1.360    grp_einsum_dense_ap_fixed_8_4_4_0_0_ap_fixed_39_7_5_3_0_config18_s_fu_2561/grp_dense_latency_ap_fixed_8_4_4_0_0_ap_fixed_39_7_5_3_0_config18_dense_29_fu_2622/ap_return_56_int_reg_reg[38]_i_14_n_0
                         CARRY8 (Prop_CARRY8_CI_O[0])
                                                      0.056     1.416 r  grp_einsum_dense_ap_fixed_8_4_4_0_0_ap_fixed_39_7_5_3_0_config18_s_fu_2561/grp_dense_latency_ap_fixed_8_4_4_0_0_ap_fixed_39_7_5_3_0_config18_dense_29_fu_2622/ap_return_56_int_reg_reg[38]_i_2/O[0]
                         net (fo=2, unplaced)         0.186     1.602    grp_einsum_dense_ap_fixed_8_4_4_0_0_ap_fixed_39_7_5_3_0_config18_s_fu_2561/grp_dense_latency_ap_fixed_8_4_4_0_0_ap_fixed_39_7_5_3_0_config18_dense_29_fu_2622/ap_return_56_int_reg_reg[38]_i_2_n_15
                         LUT3 (Prop_LUT3_I0_O)        0.070     1.672 r  grp_einsum_dense_ap_fixed_8_4_4_0_0_ap_fixed_39_7_5_3_0_config18_s_fu_2561/grp_dense_latency_ap_fixed_8_4_4_0_0_ap_fixed_39_7_5_3_0_config18_dense_29_fu_2622/ap_return_56_int_reg[38]_i_5/O
                         net (fo=2, unplaced)         0.219     1.891    grp_einsum_dense_ap_fixed_8_4_4_0_0_ap_fixed_39_7_5_3_0_config18_s_fu_2561/grp_dense_latency_ap_fixed_8_4_4_0_0_ap_fixed_39_7_5_3_0_config18_dense_29_fu_2622/ap_return_56_int_reg[38]_i_5_n_0
                         LUT4 (Prop_LUT4_I3_O)        0.037     1.928 r  grp_einsum_dense_ap_fixed_8_4_4_0_0_ap_fixed_39_7_5_3_0_config18_s_fu_2561/grp_dense_latency_ap_fixed_8_4_4_0_0_ap_fixed_39_7_5_3_0_config18_dense_29_fu_2622/ap_return_56_int_reg[38]_i_12/O
                         net (fo=1, unplaced)         0.023     1.951    grp_einsum_dense_ap_fixed_8_4_4_0_0_ap_fixed_39_7_5_3_0_config18_s_fu_2561/grp_dense_latency_ap_fixed_8_4_4_0_0_ap_fixed_39_7_5_3_0_config18_dense_29_fu_2622/ap_return_56_int_reg[38]_i_12_n_0
                         CARRY8 (Prop_CARRY8_S[1]_O[4])
                                                      0.204     2.155 r  grp_einsum_dense_ap_fixed_8_4_4_0_0_ap_fixed_39_7_5_3_0_config18_s_fu_2561/grp_dense_latency_ap_fixed_8_4_4_0_0_ap_fixed_39_7_5_3_0_config18_dense_29_fu_2622/ap_return_56_int_reg_reg[38]_i_1/O[4]
                         net (fo=2, unplaced)         0.184     2.339    grp_einsum_dense_ap_fixed_8_4_4_0_0_ap_fixed_39_7_5_3_0_config18_s_fu_2561/grp_dense_latency_ap_fixed_8_4_4_0_0_ap_fixed_39_7_5_3_0_config18_dense_29_fu_2622/add_ln58_80044_reg_53902_reg[34]_0[20]
                         LUT3 (Prop_LUT3_I0_O)        0.038     2.377 r  grp_einsum_dense_ap_fixed_8_4_4_0_0_ap_fixed_39_7_5_3_0_config18_s_fu_2561/grp_dense_latency_ap_fixed_8_4_4_0_0_ap_fixed_39_7_5_3_0_config18_dense_29_fu_2622/layer18_out_56_reg_290667[36]_i_1/O
                         net (fo=1, unplaced)         0.048     2.425    grp_einsum_dense_ap_fixed_8_4_4_0_0_ap_fixed_39_7_5_3_0_config18_s_fu_2561_ap_return_56[36]
                         FDRE                                         r  layer18_out_56_reg_290667_reg[36]/D
  -------------------------------------------------------------------    -------------------

                         (clock ap_clk rise edge)     2.500     2.500 r  
                                                      0.000     2.500 r  ap_clk (IN)
                         net (fo=1801331, unset)      0.021     2.521    ap_clk
                         FDRE                                         r  layer18_out_56_reg_290667_reg[36]/C
                         clock pessimism              0.000     2.521    
                         clock uncertainty           -0.035     2.486    
                         FDRE (Setup_FDRE_C_D)        0.025     2.511    layer18_out_56_reg_290667_reg[36]
  -------------------------------------------------------------------
                         required time                          2.511    
                         arrival time                          -2.425    
  -------------------------------------------------------------------
                         slack                                  0.086    





Pulse Width Checks
--------------------------------------------------------------------------------------
Clock Name:         ap_clk
Waveform(ns):       { 0.000 1.250 }
Period(ns):         2.500
Sources:            { ap_clk }

Check Type        Corner  Lib Pin             Reference Pin  Required(ns)  Actual(ns)  Slack(ns)  Location  Pin
Min Period        n/a     RAMB18E2/CLKARDCLK  n/a            1.355         2.500       1.145                grp_softmax_stable_ap_fixed_ap_ufixed_10_1_4_0_0_softmax_config11_s_fu_1273/exp_table_93_U/q0_reg/CLKARDCLK
Min Period        n/a     RAMB18E2/CLKARDCLK  n/a            1.355         2.500       1.145                grp_softmax_stable_ap_fixed_ap_ufixed_10_1_4_0_0_softmax_config11_s_fu_1273/exp_table_93_U/q2_reg/CLKARDCLK
Min Period        n/a     RAMB18E2/CLKBWRCLK  n/a            1.355         2.500       1.145                grp_softmax_stable_ap_fixed_ap_ufixed_10_1_4_0_0_softmax_config11_s_fu_1273/exp_table_93_U/q2_reg/CLKBWRCLK
Min Period        n/a     RAMB18E2/CLKARDCLK  n/a            1.355         2.500       1.145                grp_softmax_stable_ap_fixed_ap_ufixed_10_1_4_0_0_softmax_config11_s_fu_1273/exp_table_93_U/q5_reg/CLKARDCLK
Min Period        n/a     RAMB18E2/CLKBWRCLK  n/a            1.355         2.500       1.145                grp_softmax_stable_ap_fixed_ap_ufixed_10_1_4_0_0_softmax_config11_s_fu_1273/exp_table_93_U/q5_reg/CLKBWRCLK
Low Pulse Width   Slow    RAMB18E2/CLKARDCLK  n/a            0.542         1.250       0.708                grp_softmax_stable_ap_fixed_ap_ufixed_10_1_4_0_0_softmax_config11_s_fu_1273/exp_table_93_U/q0_reg/CLKARDCLK
Low Pulse Width   Fast    RAMB18E2/CLKARDCLK  n/a            0.542         1.250       0.708                grp_softmax_stable_ap_fixed_ap_ufixed_10_1_4_0_0_softmax_config11_s_fu_1273/exp_table_93_U/q0_reg/CLKARDCLK
Low Pulse Width   Slow    RAMB18E2/CLKARDCLK  n/a            0.542         1.250       0.708                grp_softmax_stable_ap_fixed_ap_ufixed_10_1_4_0_0_softmax_config11_s_fu_1273/exp_table_93_U/q2_reg/CLKARDCLK
Low Pulse Width   Fast    RAMB18E2/CLKARDCLK  n/a            0.542         1.250       0.708                grp_softmax_stable_ap_fixed_ap_ufixed_10_1_4_0_0_softmax_config11_s_fu_1273/exp_table_93_U/q2_reg/CLKARDCLK
Low Pulse Width   Slow    RAMB18E2/CLKBWRCLK  n/a            0.542         1.250       0.708                grp_softmax_stable_ap_fixed_ap_ufixed_10_1_4_0_0_softmax_config11_s_fu_1273/exp_table_93_U/q2_reg/CLKBWRCLK
High Pulse Width  Slow    RAMB18E2/CLKARDCLK  n/a            0.542         1.250       0.708                grp_softmax_stable_ap_fixed_ap_ufixed_10_1_4_0_0_softmax_config11_s_fu_1273/exp_table_93_U/q0_reg/CLKARDCLK
High Pulse Width  Fast    RAMB18E2/CLKARDCLK  n/a            0.542         1.250       0.708                grp_softmax_stable_ap_fixed_ap_ufixed_10_1_4_0_0_softmax_config11_s_fu_1273/exp_table_93_U/q0_reg/CLKARDCLK
High Pulse Width  Slow    RAMB18E2/CLKARDCLK  n/a            0.542         1.250       0.708                grp_softmax_stable_ap_fixed_ap_ufixed_10_1_4_0_0_softmax_config11_s_fu_1273/exp_table_93_U/q2_reg/CLKARDCLK
High Pulse Width  Fast    RAMB18E2/CLKARDCLK  n/a            0.542         1.250       0.708                grp_softmax_stable_ap_fixed_ap_ufixed_10_1_4_0_0_softmax_config11_s_fu_1273/exp_table_93_U/q2_reg/CLKARDCLK
High Pulse Width  Slow    RAMB18E2/CLKBWRCLK  n/a            0.542         1.250       0.708                grp_softmax_stable_ap_fixed_ap_ufixed_10_1_4_0_0_softmax_config11_s_fu_1273/exp_table_93_U/q2_reg/CLKBWRCLK



