== campaigns/2026-10-05-pilot-program/handoffs/rh-0f2fd13cf9427b9236c476ab/job.json

== campaigns/2026-10-05-pilot-program/handoffs/rh-0f2fd13cf9427b9236c476ab/job.json :: kai-p1005r1-h1-e-350k-c-s2-98dd28-r3 ==
  WARN   backoffLimitPerIndex=1: one blip kills an index. Suggest 3.
  note   required pool = 1 products / 47 nodes cluster-wide
  note   no activeDeadlineSeconds (NRP has no universal 6 h cap — fine if deliberate)

(rules: docs/infrastructure/nrp-nautilus-setup.md -> 'Scheduling, GPU pools and job shape')
rc=1
== campaigns/2026-10-05-pilot-program/handoffs/rh-a6f537637fadeb20f56b5603/job.json

== campaigns/2026-10-05-pilot-program/handoffs/rh-a6f537637fadeb20f56b5603/job.json :: kai-p1005r1-h1-e-350k-noc-s2-98dd28-r3 ==
  WARN   backoffLimitPerIndex=1: one blip kills an index. Suggest 3.
  note   required pool = 1 products / 47 nodes cluster-wide
  note   no activeDeadlineSeconds (NRP has no universal 6 h cap — fine if deliberate)

(rules: docs/infrastructure/nrp-nautilus-setup.md -> 'Scheduling, GPU pools and job shape')
rc=1
== campaigns/2026-10-05-pilot-program/handoffs/rh-6a47740fdd0c708b4b9487fe/job.json

== campaigns/2026-10-05-pilot-program/handoffs/rh-6a47740fdd0c708b4b9487fe/job.json :: kai-p1005r1-h2-e-500k-c-s1-98dd28-r3 ==
  WARN   backoffLimitPerIndex=1: one blip kills an index. Suggest 3.
  note   required pool = 1 products / 47 nodes cluster-wide
  note   no activeDeadlineSeconds (NRP has no universal 6 h cap — fine if deliberate)

(rules: docs/infrastructure/nrp-nautilus-setup.md -> 'Scheduling, GPU pools and job shape')
rc=1
== campaigns/2026-10-05-pilot-program/handoffs/rh-cb35860084832f54b9a4bb2d/job.json

== campaigns/2026-10-05-pilot-program/handoffs/rh-cb35860084832f54b9a4bb2d/job.json :: kai-p1005r1-h3-e-450k-c-qkv1-s1-98dd28-r3 ==
  WARN   backoffLimitPerIndex=1: one blip kills an index. Suggest 3.
  note   required pool = 1 products / 47 nodes cluster-wide
  note   no activeDeadlineSeconds (NRP has no universal 6 h cap — fine if deliberate)

(rules: docs/infrastructure/nrp-nautilus-setup.md -> 'Scheduling, GPU pools and job shape')
rc=1
== campaigns/2026-10-05-pilot-program/handoffs/rh-2d0a9fdae4332c70b6cb27bc/job.json

== campaigns/2026-10-05-pilot-program/handoffs/rh-2d0a9fdae4332c70b6cb27bc/job.json :: kai-p1005r1-h4-e-350k-c-w100-s2-98dd28-r3 ==
  WARN   backoffLimitPerIndex=1: one blip kills an index. Suggest 3.
  note   required pool = 1 products / 47 nodes cluster-wide
  note   no activeDeadlineSeconds (NRP has no universal 6 h cap — fine if deliberate)

(rules: docs/infrastructure/nrp-nautilus-setup.md -> 'Scheduling, GPU pools and job shape')
rc=1
== campaigns/2026-10-05-pilot-program/handoffs/rh-1c8ddb411cf35ce670f94f75/job.json

== campaigns/2026-10-05-pilot-program/handoffs/rh-1c8ddb411cf35ce670f94f75/job.json :: kai-p1005r1-h4-e-350k-c-w50-s1-98dd28-r3 ==
  WARN   backoffLimitPerIndex=1: one blip kills an index. Suggest 3.
  note   required pool = 1 products / 47 nodes cluster-wide
  note   no activeDeadlineSeconds (NRP has no universal 6 h cap — fine if deliberate)

(rules: docs/infrastructure/nrp-nautilus-setup.md -> 'Scheduling, GPU pools and job shape')
rc=1
== campaigns/2026-10-05-pilot-program/handoffs/rh-a4ba7df8ad109f7a5e4b8cf1/job.json

== campaigns/2026-10-05-pilot-program/handoffs/rh-a4ba7df8ad109f7a5e4b8cf1/job.json :: kai-p1005r1-h4-e-350k-c-w50-s2-98dd28-r3 ==
  WARN   backoffLimitPerIndex=1: one blip kills an index. Suggest 3.
  note   required pool = 1 products / 47 nodes cluster-wide
  note   no activeDeadlineSeconds (NRP has no universal 6 h cap — fine if deliberate)

(rules: docs/infrastructure/nrp-nautilus-setup.md -> 'Scheduling, GPU pools and job shape')
rc=1
== campaigns/2026-10-05-pilot-program/handoffs/rh-6f1b7f90bfdb334624c30aa3/job.json

== campaigns/2026-10-05-pilot-program/handoffs/rh-6f1b7f90bfdb334624c30aa3/job.json :: kai-p1005r1-h5-e-350k-c-nb-s1-98dd28-r3 ==
  WARN   backoffLimitPerIndex=1: one blip kills an index. Suggest 3.
  note   required pool = 1 products / 47 nodes cluster-wide
  note   no activeDeadlineSeconds (NRP has no universal 6 h cap — fine if deliberate)

(rules: docs/infrastructure/nrp-nautilus-setup.md -> 'Scheduling, GPU pools and job shape')
rc=1
