==== BENCH_ARM_ATTEMPT 0 2026-09-29T13:30:26Z phase p3-E-k4
ARM_CPUS n=8 requested 4,6-8,20,22-24 seen 4,6-8,20,22-24 OK
BENCH_ARM chang0926-a-n64-s3 tree /work/code devices ['/physical_device:GPU:0'] tf32_enabled False test_cpu False utc 2026-09-29T13:30:30Z
ARM_MANIFEST_SHA 041f981a9d5b8c3a7affb175d82de0ca2df9bc6261a172f67cb365c88b4bbd42 expected 041f981a9d5b8c3a7affb175d82de0ca2df9bc6261a172f67cb365c88b4bbd42 OK
BENCH_CACHE {"x_train": "420ac79dcece207aca849f6ca56e6426586023c9e02f38e5d3ac596fa74d79bc", "x_val": "7b56c1b25bc0d9231767f891ec52455ecb7c5656735fcf9d404104fd2c264d31", "y_train": "a5269398e2c6e5f1fc0db98e1a99a8befea619bf0c55531293d02a286c0dd378", "y_val": "63049d9bdcfdc83af97c58bc6579e1def1ec2d9e7a6c30007793badd75217709"}
[train] chang0926-a-n64-s3 params=31735 resume_epoch=0 initial_ebops=11488104
[epoch 1/7000] EBOPs=11791150 target=350000 above_floor=11619624 feasible=0 degenerate=0 beta=1e-07 val_AUC=0.860407 val_accuracy=0.590129 seconds=105.2 checkpoint=- ebops_trace_seconds=65.30 ebops_trace_over_epoch=0.621 loss=2.653103 host_rss_mb=2292
[epoch 2/7000] EBOPs=untraced in_training_ebops=12787144 target=350000 beta=1e-07 val_AUC=0.864150 val_accuracy=0.591581 seconds=39.7 checkpoint=- ebops_trace_seconds=0.00 ebops_trace_over_epoch=0.002 loss=2.263586 host_rss_mb=2310
[epoch 3/7000] EBOPs=untraced in_training_ebops=10184172 target=350000 beta=1.3e-07 val_AUC=0.886551 val_accuracy=0.628129 seconds=47.9 checkpoint=- ebops_trace_seconds=0.01 ebops_trace_over_epoch=0.002 loss=2.466257 host_rss_mb=2326
[epoch 4/7000] EBOPs=untraced in_training_ebops=9751197 target=350000 beta=1.22e-07 val_AUC=0.884304 val_accuracy=0.638371 seconds=47.6 checkpoint=- ebops_trace_seconds=0.00 ebops_trace_over_epoch=0.001 loss=2.208601 host_rss_mb=2332
[epoch 5/7000] EBOPs=untraced in_training_ebops=7599045 target=350000 beta=1.38e-07 val_AUC=0.879260 val_accuracy=0.624677 seconds=47.8 checkpoint=- ebops_trace_seconds=0.00 ebops_trace_over_epoch=0.001 loss=2.082476 host_rss_mb=2333
[epoch 6/7000] EBOPs=untraced in_training_ebops=6675971 target=350000 beta=1.26e-07 val_AUC=0.894766 val_accuracy=0.664484 seconds=47.6 checkpoint=- ebops_trace_seconds=0.01 ebops_trace_over_epoch=0.001 loss=1.879243 host_rss_mb=2334
[epoch 7/7000] EBOPs=untraced in_training_ebops=5738220 target=350000 beta=1.28e-07 val_AUC=0.891285 val_accuracy=0.654113 seconds=47.6 checkpoint=- ebops_trace_seconds=0.01 ebops_trace_over_epoch=0.002 loss=1.701442 host_rss_mb=2346
[epoch 8/7000] EBOPs=untraced in_training_ebops=5133451 target=350000 beta=1.27e-07 val_AUC=0.885676 val_accuracy=0.636387 seconds=47.5 checkpoint=- ebops_trace_seconds=0.00 ebops_trace_over_epoch=0.002 loss=1.654352 host_rss_mb=2346
[epoch 9/7000] EBOPs=untraced in_training_ebops=4305822 target=350000 beta=1.3e-07 val_AUC=0.877608 val_accuracy=0.633274 seconds=38.8 checkpoint=- ebops_trace_seconds=0.00 ebops_trace_over_epoch=0.002 loss=1.564003 host_rss_mb=2346
[epoch 10/7000] EBOPs=3412932 target=350000 above_floor=3241406 feasible=0 degenerate=0 beta=1.23e-07 val_AUC=0.875556 val_accuracy=0.609129 seconds=104.7 checkpoint=- ebops_trace_seconds=71.37 ebops_trace_over_epoch=0.682 loss=1.509371 host_rss_mb=2355
[epoch 11/7000] EBOPs=untraced in_training_ebops=3492407 target=350000 beta=1.09e-07 val_AUC=0.873725 val_accuracy=0.608871 seconds=43.4 checkpoint=- ebops_trace_seconds=0.01 ebops_trace_over_epoch=0.002 loss=1.392518 host_rss_mb=2341
[epoch 12/7000] EBOPs=untraced in_training_ebops=3278886 target=350000 beta=1.26e-07 val_AUC=0.887388 val_accuracy=0.651081 seconds=47.1 checkpoint=- ebops_trace_seconds=0.00 ebops_trace_over_epoch=0.001 loss=1.426834 host_rss_mb=2349
[epoch 13/7000] EBOPs=untraced in_training_ebops=3052917 target=350000 beta=1.32e-07 val_AUC=0.871660 val_accuracy=0.609242 seconds=47.0 checkpoint=- ebops_trace_seconds=0.01 ebops_trace_over_epoch=0.001 loss=1.413666 host_rss_mb=2350
[epoch 14/7000] EBOPs=untraced in_training_ebops=2790232 target=350000 beta=1.37e-07 val_AUC=0.873302 val_accuracy=0.618952 seconds=47.1 checkpoint=- ebops_trace_seconds=0.01 ebops_trace_over_epoch=0.001 loss=1.403301 host_rss_mb=2355
[epoch 15/7000] EBOPs=untraced in_training_ebops=2430952 target=350000 beta=1.39e-07 val_AUC=0.869778 val_accuracy=0.609145 seconds=46.9 checkpoint=- ebops_trace_seconds=0.01 ebops_trace_over_epoch=0.001 loss=1.364214 host_rss_mb=2355
[epoch 16/7000] EBOPs=untraced in_training_ebops=2243280 target=350000 beta=1.33e-07 val_AUC=0.870569 val_accuracy=0.610452 seconds=47.0 checkpoint=- ebops_trace_seconds=0.00 ebops_trace_over_epoch=0.001 loss=1.327402 host_rss_mb=2357
[epoch 17/7000] EBOPs=untraced in_training_ebops=2275504 target=350000 beta=1.35e-07 val_AUC=0.870038 val_accuracy=0.588935 seconds=47.2 checkpoint=- ebops_trace_seconds=0.01 ebops_trace_over_epoch=0.001 loss=1.313536 host_rss_mb=2359
[epoch 18/7000] EBOPs=untraced in_training_ebops=2168238 target=350000 beta=1.5e-07 val_AUC=0.868718 val_accuracy=0.605758 seconds=39.4 checkpoint=- ebops_trace_seconds=0.01 ebops_trace_over_epoch=0.002 loss=1.356936 host_rss_mb=2360
[epoch 19/7000] EBOPs=untraced in_training_ebops=2055180 target=350000 beta=1.57e-07 val_AUC=0.874006 val_accuracy=0.618387 seconds=37.8 checkpoint=- ebops_trace_seconds=0.00 ebops_trace_over_epoch=0.002 loss=1.376743 host_rss_mb=2360
[epoch 20/7000] EBOPs=1890603 target=350000 above_floor=1719077 feasible=0 degenerate=0 beta=1.62e-07 val_AUC=0.871537 val_accuracy=0.610855 seconds=101.3 checkpoint=- ebops_trace_seconds=62.93 ebops_trace_over_epoch=0.622 loss=1.362338 host_rss_mb=2361
[epoch 21/7000] EBOPs=untraced in_training_ebops=1924233 target=350000 beta=1.63e-07 val_AUC=0.864236 val_accuracy=0.599016 seconds=22.6 checkpoint=epoch-0021 ebops_trace_seconds=0.00 ebops_trace_over_epoch=0.004 loss=1.367868 host_rss_mb=2362
CHECKPOINT_VERIFICATION_PASS {"index": 2, "name": "chang0926-a-n64-s3", "arm": "A", "seed": 3, "n_part": 64, "file": "chang0926-a-n64-s3.json", "production": true, "target_ebops": 350000, "zero_floor_ebops": 171526, "arch": {"d_model": 24, "n_heads": 2, "pos_enc": "none"}, "quant_set": "chang", "config_sha256": "f7c05573a4dc9405450a8544459e67da1b76b981a59d354effd47566b9e4ff4d", "status": "verified_canary", "completed_epochs": 21, "selected": {"epoch": 19, "val_macro_auc": 0.8715368448738869, "val_categorical_accuracy": 0.6108548387096774, "ebops": 1890603, "ebops_above_floor": 1719077}, "checkpoint": "model_min_ebops.keras", "checkpoint_sha256": "b510b5ec9968fff5de802b746d35a0972d20e3c3093c2f283a6c6f1e8cf44d8d", "budget_met": false, "validation_accuracy": 0.6108548387096774, "validation_macro_auc": 0.8715368448738869, "validation_per_class_auc": [0.8796555511779609, 0.8618204170626602, 0.85480421270412, 0.8396453388301562, 0.9217587045945372], "wall_seconds_this_invocation": 1206.9280209460412, "test_set_used": false, "hardware_validated": false, "validation_labels_sha256": "63049d9bdcfdc83af97c58bc6579e1def1ec2d9e7a6c30007793badd75217709", "reload_ebops_check": "stored", "source_sha256": "041f981a9d5b8c3a7affb175d82de0ca2df9bc6261a172f67cb365c88b4bbd42", "selection_cost": 1890603, "selection_cost_convention": "native_hgq2", "native_hgq2_backbone_ebops": 1890603, "custom_estimated_bitops": 0, "modules": {}, "warning": "Augmented total is not directly interchangeable with historical native HGQ2 totals."}
WANDB_IMPORTED False
ARM_DONE chang0926-a-n64-s3 exit 0 wall_seconds 1207.1 utc 2026-09-29T13:50:38Z
