==== BENCH_ARM_ATTEMPT 0 2026-09-29T13:29:56Z phase p3-E-k4
ARM_CPUS n=8 requested 4,6-8,20,22-24 seen 4,6-8,20,22-24 OK
BENCH_ARM chang0926-a-n64-s1 tree /work/code devices ['/physical_device:GPU:0'] tf32_enabled False test_cpu False utc 2026-09-29T13:29:59Z
ARM_MANIFEST_SHA 041f981a9d5b8c3a7affb175d82de0ca2df9bc6261a172f67cb365c88b4bbd42 expected 041f981a9d5b8c3a7affb175d82de0ca2df9bc6261a172f67cb365c88b4bbd42 OK
BENCH_CACHE {"x_train": "420ac79dcece207aca849f6ca56e6426586023c9e02f38e5d3ac596fa74d79bc", "x_val": "7b56c1b25bc0d9231767f891ec52455ecb7c5656735fcf9d404104fd2c264d31", "y_train": "a5269398e2c6e5f1fc0db98e1a99a8befea619bf0c55531293d02a286c0dd378", "y_val": "63049d9bdcfdc83af97c58bc6579e1def1ec2d9e7a6c30007793badd75217709"}
[train] chang0926-a-n64-s1 params=31735 resume_epoch=0 initial_ebops=11559681
[epoch 1/7000] EBOPs=11764985 target=350000 above_floor=11593459 feasible=0 degenerate=0 beta=1e-07 val_AUC=0.826951 val_accuracy=0.542484 seconds=103.2 checkpoint=- ebops_trace_seconds=65.25 ebops_trace_over_epoch=0.633 loss=2.704368 host_rss_mb=2278
[epoch 2/7000] EBOPs=untraced in_training_ebops=12983173 target=350000 beta=1e-07 val_AUC=0.873188 val_accuracy=0.604452 seconds=19.4 checkpoint=- ebops_trace_seconds=0.00 ebops_trace_over_epoch=0.004 loss=2.309551 host_rss_mb=2300
[epoch 3/7000] EBOPs=untraced in_training_ebops=10285791 target=350000 beta=1.32e-07 val_AUC=0.879839 val_accuracy=0.624726 seconds=24.1 checkpoint=- ebops_trace_seconds=0.00 ebops_trace_over_epoch=0.003 loss=2.513768 host_rss_mb=2312
[epoch 4/7000] EBOPs=untraced in_training_ebops=9865062 target=350000 beta=1.24e-07 val_AUC=0.885089 val_accuracy=0.642387 seconds=40.4 checkpoint=- ebops_trace_seconds=0.00 ebops_trace_over_epoch=0.002 loss=2.248821 host_rss_mb=2325
[epoch 5/7000] EBOPs=untraced in_training_ebops=7935495 target=350000 beta=1.41e-07 val_AUC=0.894594 val_accuracy=0.664597 seconds=48.1 checkpoint=- ebops_trace_seconds=0.01 ebops_trace_over_epoch=0.002 loss=2.120973 host_rss_mb=2325
[epoch 6/7000] EBOPs=untraced in_training_ebops=6526984 target=350000 beta=1.32e-07 val_AUC=0.886379 val_accuracy=0.641355 seconds=47.9 checkpoint=- ebops_trace_seconds=0.00 ebops_trace_over_epoch=0.001 loss=1.957662 host_rss_mb=2342
[epoch 7/7000] EBOPs=untraced in_training_ebops=6159491 target=350000 beta=1.26e-07 val_AUC=0.875909 val_accuracy=0.584016 seconds=47.7 checkpoint=- ebops_trace_seconds=0.00 ebops_trace_over_epoch=0.002 loss=1.760025 host_rss_mb=2343
[epoch 8/7000] EBOPs=untraced in_training_ebops=5142033 target=350000 beta=1.37e-07 val_AUC=0.880283 val_accuracy=0.638645 seconds=48.1 checkpoint=- ebops_trace_seconds=0.00 ebops_trace_over_epoch=0.001 loss=1.777187 host_rss_mb=2343
[epoch 9/7000] EBOPs=untraced in_training_ebops=4590733 target=350000 beta=1.31e-07 val_AUC=0.854030 val_accuracy=0.556710 seconds=47.7 checkpoint=- ebops_trace_seconds=0.00 ebops_trace_over_epoch=0.001 loss=1.623288 host_rss_mb=2349
[epoch 10/7000] EBOPs=3720884 target=350000 above_floor=3549358 feasible=0 degenerate=0 beta=1.33e-07 val_AUC=0.874956 val_accuracy=0.621855 seconds=128.7 checkpoint=- ebops_trace_seconds=81.88 ebops_trace_over_epoch=0.637 loss=1.589639 host_rss_mb=2355
[epoch 11/7000] EBOPs=untraced in_training_ebops=3930395 target=350000 beta=1.21e-07 val_AUC=0.884308 val_accuracy=0.641194 seconds=20.2 checkpoint=- ebops_trace_seconds=0.00 ebops_trace_over_epoch=0.004 loss=1.464045 host_rss_mb=2341
[epoch 12/7000] EBOPs=untraced in_training_ebops=3549337 target=350000 beta=1.45e-07 val_AUC=0.866129 val_accuracy=0.588097 seconds=19.9 checkpoint=- ebops_trace_seconds=0.00 ebops_trace_over_epoch=0.003 loss=1.544968 host_rss_mb=2348
[epoch 13/7000] EBOPs=untraced in_training_ebops=3190969 target=350000 beta=1.47e-07 val_AUC=0.872077 val_accuracy=0.610968 seconds=31.6 checkpoint=- ebops_trace_seconds=0.00 ebops_trace_over_epoch=0.002 loss=1.509652 host_rss_mb=2348
[epoch 14/7000] EBOPs=untraced in_training_ebops=2905064 target=350000 beta=1.47e-07 val_AUC=0.877068 val_accuracy=0.618694 seconds=46.5 checkpoint=- ebops_trace_seconds=0.01 ebops_trace_over_epoch=0.001 loss=1.442608 host_rss_mb=2353
[epoch 15/7000] EBOPs=untraced in_training_ebops=2550295 target=350000 beta=1.49e-07 val_AUC=0.865880 val_accuracy=0.593516 seconds=47.1 checkpoint=- ebops_trace_seconds=0.01 ebops_trace_over_epoch=0.001 loss=1.421753 host_rss_mb=2353
[epoch 16/7000] EBOPs=untraced in_training_ebops=2392656 target=350000 beta=1.44e-07 val_AUC=0.862758 val_accuracy=0.588887 seconds=47.1 checkpoint=- ebops_trace_seconds=0.01 ebops_trace_over_epoch=0.001 loss=1.397581 host_rss_mb=2353
[epoch 17/7000] EBOPs=untraced in_training_ebops=2146593 target=350000 beta=1.49e-07 val_AUC=0.852346 val_accuracy=0.555290 seconds=47.1 checkpoint=- ebops_trace_seconds=0.01 ebops_trace_over_epoch=0.002 loss=1.377984 host_rss_mb=2354
[epoch 18/7000] EBOPs=untraced in_training_ebops=1983011 target=350000 beta=1.46e-07 val_AUC=0.847732 val_accuracy=0.571677 seconds=46.9 checkpoint=- ebops_trace_seconds=0.01 ebops_trace_over_epoch=0.002 loss=1.351864 host_rss_mb=2354
[epoch 19/7000] EBOPs=untraced in_training_ebops=1841231 target=350000 beta=1.48e-07 val_AUC=0.859044 val_accuracy=0.581403 seconds=47.0 checkpoint=- ebops_trace_seconds=0.01 ebops_trace_over_epoch=0.002 loss=1.322775 host_rss_mb=2354
[epoch 20/7000] EBOPs=1978362 target=350000 above_floor=1806836 feasible=0 degenerate=0 beta=1.49e-07 val_AUC=0.874936 val_accuracy=0.617548 seconds=134.4 checkpoint=- ebops_trace_seconds=87.91 ebops_trace_over_epoch=0.655 loss=1.296200 host_rss_mb=2354
[epoch 21/7000] EBOPs=untraced in_training_ebops=1863806 target=350000 beta=1.74e-07 val_AUC=0.867920 val_accuracy=0.606710 seconds=33.6 checkpoint=epoch-0021 ebops_trace_seconds=0.00 ebops_trace_over_epoch=0.002 loss=1.379613 host_rss_mb=2354
CHECKPOINT_VERIFICATION_PASS {"index": 0, "name": "chang0926-a-n64-s1", "arm": "A", "seed": 1, "n_part": 64, "file": "chang0926-a-n64-s1.json", "production": true, "target_ebops": 350000, "zero_floor_ebops": 171526, "arch": {"d_model": 24, "n_heads": 2, "pos_enc": "none"}, "quant_set": "chang", "config_sha256": "d47d6799702cf67a49baa333aa2204b17a384289f32b106eb30433db8b2dec94", "status": "verified_canary", "completed_epochs": 21, "selected": {"epoch": 19, "val_macro_auc": 0.8749356689424286, "val_categorical_accuracy": 0.6175483870967742, "ebops": 1978362, "ebops_above_floor": 1806836}, "checkpoint": "model_min_ebops.keras", "checkpoint_sha256": "7c462c70c36f4aedf757bfb5153051259876ab211908bbdbfece1124dc9f2859", "budget_met": false, "validation_accuracy": 0.6175483870967742, "validation_macro_auc": 0.8749356689424286, "validation_per_class_auc": [0.8814129860093027, 0.8638287845364286, 0.8520377911116104, 0.8490122269831705, 0.9283865560716306], "wall_seconds_this_invocation": 1173.581230368989, "test_set_used": false, "hardware_validated": false, "validation_labels_sha256": "63049d9bdcfdc83af97c58bc6579e1def1ec2d9e7a6c30007793badd75217709", "reload_ebops_check": "stored", "source_sha256": "041f981a9d5b8c3a7affb175d82de0ca2df9bc6261a172f67cb365c88b4bbd42", "selection_cost": 1978362, "selection_cost_convention": "native_hgq2", "native_hgq2_backbone_ebops": 1978362, "custom_estimated_bitops": 0, "modules": {}, "warning": "Augmented total is not directly interchangeable with historical native HGQ2 totals."}
WANDB_IMPORTED False
ARM_DONE chang0926-a-n64-s1 exit 0 wall_seconds 1173.7 utc 2026-09-29T13:49:34Z
