==== BENCH_ARM_ATTEMPT 0 2026-09-29T13:30:41Z phase p3-E-k4
ARM_CPUS n=8 requested 4,6-8,20,22-24 seen 4,6-8,20,22-24 OK
BENCH_ARM chang0926-a-n64-s4 tree /work/code devices ['/physical_device:GPU:0'] tf32_enabled False test_cpu False utc 2026-09-29T13:30:46Z
ARM_MANIFEST_SHA 041f981a9d5b8c3a7affb175d82de0ca2df9bc6261a172f67cb365c88b4bbd42 expected 041f981a9d5b8c3a7affb175d82de0ca2df9bc6261a172f67cb365c88b4bbd42 OK
BENCH_CACHE {"x_train": "420ac79dcece207aca849f6ca56e6426586023c9e02f38e5d3ac596fa74d79bc", "x_val": "7b56c1b25bc0d9231767f891ec52455ecb7c5656735fcf9d404104fd2c264d31", "y_train": "a5269398e2c6e5f1fc0db98e1a99a8befea619bf0c55531293d02a286c0dd378", "y_val": "63049d9bdcfdc83af97c58bc6579e1def1ec2d9e7a6c30007793badd75217709"}
[train] chang0926-a-n64-s4 params=31735 resume_epoch=0 initial_ebops=11205067
[epoch 1/7000] EBOPs=10537729 target=350000 above_floor=10366203 feasible=0 degenerate=0 beta=1e-07 val_AUC=0.797440 val_accuracy=0.503339 seconds=111.0 checkpoint=- ebops_trace_seconds=70.73 ebops_trace_over_epoch=0.638 loss=2.612242 host_rss_mb=2295
[epoch 2/7000] EBOPs=untraced in_training_ebops=12019308 target=350000 beta=1e-07 val_AUC=0.683927 val_accuracy=0.344468 seconds=47.1 checkpoint=- ebops_trace_seconds=0.01 ebops_trace_over_epoch=0.002 loss=2.262691 host_rss_mb=2308
[epoch 3/7000] EBOPs=untraced in_training_ebops=9500875 target=350000 beta=1.36e-07 val_AUC=0.648169 val_accuracy=0.348016 seconds=47.1 checkpoint=- ebops_trace_seconds=0.01 ebops_trace_over_epoch=0.002 loss=2.480490 host_rss_mb=2325
[epoch 4/7000] EBOPs=untraced in_training_ebops=8811879 target=350000 beta=1.27e-07 val_AUC=0.624961 val_accuracy=0.281919 seconds=47.3 checkpoint=- ebops_trace_seconds=0.01 ebops_trace_over_epoch=0.002 loss=2.178786 host_rss_mb=2334
[epoch 5/7000] EBOPs=untraced in_training_ebops=7269639 target=350000 beta=1.38e-07 val_AUC=0.796645 val_accuracy=0.481274 seconds=47.1 checkpoint=- ebops_trace_seconds=0.01 ebops_trace_over_epoch=0.002 loss=2.022194 host_rss_mb=2335
[epoch 6/7000] EBOPs=untraced in_training_ebops=6009081 target=350000 beta=1.33e-07 val_AUC=0.640332 val_accuracy=0.208274 seconds=46.9 checkpoint=- ebops_trace_seconds=0.01 ebops_trace_over_epoch=0.002 loss=1.884442 host_rss_mb=2347
[epoch 7/7000] EBOPs=untraced in_training_ebops=5473588 target=350000 beta=1.27e-07 val_AUC=0.651793 val_accuracy=0.259548 seconds=47.2 checkpoint=- ebops_trace_seconds=0.01 ebops_trace_over_epoch=0.001 loss=1.688950 host_rss_mb=2348
[epoch 8/7000] EBOPs=untraced in_training_ebops=4681415 target=350000 beta=1.32e-07 val_AUC=0.675334 val_accuracy=0.212806 seconds=41.6 checkpoint=- ebops_trace_seconds=0.00 ebops_trace_over_epoch=0.002 loss=1.646667 host_rss_mb=2357
[epoch 9/7000] EBOPs=untraced in_training_ebops=4227714 target=350000 beta=1.29e-07 val_AUC=0.711426 val_accuracy=0.324581 seconds=36.5 checkpoint=- ebops_trace_seconds=0.00 ebops_trace_over_epoch=0.002 loss=1.533569 host_rss_mb=2357
[epoch 10/7000] EBOPs=3523455 target=350000 above_floor=3351929 feasible=0 degenerate=0 beta=1.32e-07 val_AUC=0.885209 val_accuracy=0.639323 seconds=96.8 checkpoint=- ebops_trace_seconds=73.81 ebops_trace_over_epoch=0.763 loss=1.515953 host_rss_mb=2357
[epoch 11/7000] EBOPs=untraced in_training_ebops=3556061 target=350000 beta=1.23e-07 val_AUC=0.872929 val_accuracy=0.596952 seconds=47.9 checkpoint=- ebops_trace_seconds=0.01 ebops_trace_over_epoch=0.001 loss=1.419092 host_rss_mb=2346
[epoch 12/7000] EBOPs=untraced in_training_ebops=3232466 target=350000 beta=1.4e-07 val_AUC=0.881861 val_accuracy=0.617984 seconds=47.8 checkpoint=- ebops_trace_seconds=0.01 ebops_trace_over_epoch=0.002 loss=1.469625 host_rss_mb=2354
[epoch 13/7000] EBOPs=untraced in_training_ebops=2761292 target=350000 beta=1.42e-07 val_AUC=0.875978 val_accuracy=0.626161 seconds=47.9 checkpoint=- ebops_trace_seconds=0.01 ebops_trace_over_epoch=0.001 loss=1.422723 host_rss_mb=2355
[epoch 14/7000] EBOPs=untraced in_training_ebops=2503105 target=350000 beta=1.34e-07 val_AUC=0.875281 val_accuracy=0.617161 seconds=47.8 checkpoint=- ebops_trace_seconds=0.01 ebops_trace_over_epoch=0.001 loss=1.355236 host_rss_mb=2356
[epoch 15/7000] EBOPs=untraced in_training_ebops=2230567 target=350000 beta=1.34e-07 val_AUC=0.870236 val_accuracy=0.612645 seconds=47.6 checkpoint=- ebops_trace_seconds=0.01 ebops_trace_over_epoch=0.001 loss=1.322665 host_rss_mb=2356
[epoch 16/7000] EBOPs=untraced in_training_ebops=2117625 target=350000 beta=1.31e-07 val_AUC=0.877282 val_accuracy=0.627210 seconds=47.8 checkpoint=- ebops_trace_seconds=0.01 ebops_trace_over_epoch=0.001 loss=1.297924 host_rss_mb=2356
[epoch 17/7000] EBOPs=untraced in_training_ebops=2009289 target=350000 beta=1.36e-07 val_AUC=0.867527 val_accuracy=0.606065 seconds=46.4 checkpoint=- ebops_trace_seconds=0.01 ebops_trace_over_epoch=0.002 loss=1.303076 host_rss_mb=2356
[epoch 18/7000] EBOPs=untraced in_training_ebops=1788509 target=350000 beta=1.41e-07 val_AUC=0.863308 val_accuracy=0.577161 seconds=39.4 checkpoint=- ebops_trace_seconds=0.01 ebops_trace_over_epoch=0.002 loss=1.314049 host_rss_mb=2363
[epoch 19/7000] EBOPs=untraced in_training_ebops=1692003 target=350000 beta=1.36e-07 val_AUC=0.855228 val_accuracy=0.569016 seconds=39.4 checkpoint=- ebops_trace_seconds=0.01 ebops_trace_over_epoch=0.002 loss=1.321677 host_rss_mb=2366
[epoch 20/7000] EBOPs=1737062 target=350000 above_floor=1565536 feasible=0 degenerate=0 beta=1.4e-07 val_AUC=0.868051 val_accuracy=0.597177 seconds=91.0 checkpoint=- ebops_trace_seconds=57.12 ebops_trace_over_epoch=0.628 loss=1.317868 host_rss_mb=2368
[epoch 21/7000] EBOPs=untraced in_training_ebops=1654375 target=350000 beta=1.55e-07 val_AUC=0.855348 val_accuracy=0.580581 seconds=15.6 checkpoint=epoch-0021 ebops_trace_seconds=0.00 ebops_trace_over_epoch=0.004 loss=1.349593 host_rss_mb=2368
CHECKPOINT_VERIFICATION_PASS {"index": 3, "name": "chang0926-a-n64-s4", "arm": "A", "seed": 4, "n_part": 64, "file": "chang0926-a-n64-s4.json", "production": true, "target_ebops": 350000, "zero_floor_ebops": 171526, "arch": {"d_model": 24, "n_heads": 2, "pos_enc": "none"}, "quant_set": "chang", "config_sha256": "fad33c2e84de31375defae7a80b81aa24b07d3c89311f2fb69d2cb1dc01e82c2", "status": "verified_canary", "completed_epochs": 21, "selected": {"epoch": 19, "val_macro_auc": 0.8680510913733392, "val_categorical_accuracy": 0.5971774193548387, "ebops": 1737062, "ebops_above_floor": 1565536}, "checkpoint": "model_min_ebops.keras", "checkpoint_sha256": "d29d97596e1e04733213d861b308bcb322ceb59b2b2e2948e6a902fc4052385b", "budget_met": false, "validation_accuracy": 0.5971774193548387, "validation_macro_auc": 0.8680510913733392, "validation_per_class_auc": [0.8819858819977149, 0.8540774087914347, 0.846222179502002, 0.8334734325082355, 0.9244965540673096], "wall_seconds_this_invocation": 1198.366427208006, "test_set_used": false, "hardware_validated": false, "validation_labels_sha256": "63049d9bdcfdc83af97c58bc6579e1def1ec2d9e7a6c30007793badd75217709", "reload_ebops_check": "stored", "source_sha256": "041f981a9d5b8c3a7affb175d82de0ca2df9bc6261a172f67cb365c88b4bbd42", "selection_cost": 1737062, "selection_cost_convention": "native_hgq2", "native_hgq2_backbone_ebops": 1737062, "custom_estimated_bitops": 0, "modules": {}, "warning": "Augmented total is not directly interchangeable with historical native HGQ2 totals."}
WANDB_IMPORTED False
ARM_DONE chang0926-a-n64-s4 exit 0 wall_seconds 1198.5 utc 2026-09-29T13:50:46Z
