Copyright 1986-2022 Xilinx, Inc. All Rights Reserved. Copyright 2022-2023 Advanced Micro Devices, Inc. All Rights Reserved.
--------------------------------------------------------------------------------------------------------------------------------------------------
| Tool Version      : Vivado v.2023.2 (lin64) Build 4029153 Fri Oct 13 20:13:54 MDT 2023
| Date              : Sun Aug 16 12:06:30 2026
| Host              : mulder.t2.ucsd.edu running 64-bit AlmaLinux release 8.10 (Cerulean Leopard)
| Command           : report_timing_summary -file post_opt_timing.rpt -delay_type max -max_paths 5
| Design            : myproject
| Device            : xczu7ev-ffvc1156
| Speed File        : -2  PRODUCTION 1.30 05-15-2022
| Design State      : Optimized
| Temperature Grade : E
--------------------------------------------------------------------------------------------------------------------------------------------------

Timing Summary Report

------------------------------------------------------------------------------------------------
| Timer Settings
| --------------
------------------------------------------------------------------------------------------------

  Enable Multi Corner Analysis               :  Yes
  Enable Pessimism Removal                   :  Yes
  Pessimism Removal Resolution               :  Nearest Common Node
  Enable Input Delay Default Clock           :  No
  Enable Preset / Clear Arcs                 :  No
  Disable Flight Delays                      :  No
  Ignore I/O Paths                           :  No
  Timing Early Launch at Borrowing Latches   :  No
  Borrow Time for Max Delay Exceptions       :  Yes
  Merge Timing Exceptions                    :  Yes
  Inter-SLR Compensation                     :  Conservative

  Corner  Analyze    Analyze    
  Name    Max Paths  Min Paths  
  ------  ---------  ---------  
  Slow    Yes        Yes        
  Fast    Yes        Yes        


------------------------------------------------------------------------------------------------
| Report Methodology
| ------------------
------------------------------------------------------------------------------------------------

No report available as report_methodology has not been run prior. Run report_methodology on the current design for the summary of methodology violations.



check_timing report

Table of Contents
-----------------
1. checking no_clock (0)
2. checking constant_clock (0)
3. checking pulse_width_clock (0)
4. checking unconstrained_internal_endpoints (0)
5. checking no_input_delay (195)
6. checking no_output_delay (108)
7. checking multiple_clock (0)
8. checking generated_clocks (0)
9. checking loops (0)
10. checking partial_input_delay (0)
11. checking partial_output_delay (0)
12. checking latch_loops (0)

1. checking no_clock (0)
------------------------
 There are 0 register/latch pins with no clock.


2. checking constant_clock (0)
------------------------------
 There are 0 register/latch pins with constant_clock.


3. checking pulse_width_clock (0)
---------------------------------
 There are 0 register/latch pins which need pulse_width check


4. checking unconstrained_internal_endpoints (0)
------------------------------------------------
 There are 0 pins that are not constrained for maximum delay.

 There are 0 pins that are not constrained for maximum delay due to constant clock.


5. checking no_input_delay (195)
--------------------------------
 There are 195 input ports with no input delay specified. (HIGH)

 There are 0 input ports with no input delay but user has a false path constraint.


6. checking no_output_delay (108)
---------------------------------
 There are 108 ports with no output delay specified. (HIGH)

 There are 0 ports with no output delay but user has a false path constraint

 There are 0 ports with no output delay but with a timing clock defined on it or propagating through it


7. checking multiple_clock (0)
------------------------------
 There are 0 register/latch pins with multiple clocks.


8. checking generated_clocks (0)
--------------------------------
 There are 0 generated clocks that are not connected to a clock source.


9. checking loops (0)
---------------------
 There are 0 combinational loops in the design.


10. checking partial_input_delay (0)
------------------------------------
 There are 0 input ports with partial input delay specified.


11. checking partial_output_delay (0)
-------------------------------------
 There are 0 ports with partial output delay specified.


12. checking latch_loops (0)
----------------------------
 There are 0 combinational latch loops in the design through latch input



------------------------------------------------------------------------------------------------
| Design Timing Summary
| ---------------------
------------------------------------------------------------------------------------------------

    WNS(ns)      TNS(ns)  TNS Failing Endpoints  TNS Total Endpoints     WPWS(ns)     TPWS(ns)  TPWS Failing Endpoints  TPWS Total Endpoints  
    -------      -------  ---------------------  -------------------     --------     --------  ----------------------  --------------------  
     -0.967  -786849.562                1067427              2397199        0.708        0.000                       0               1223997  


Timing constraints are not met.


------------------------------------------------------------------------------------------------
| Clock Summary
| -------------
------------------------------------------------------------------------------------------------

Clock   Waveform(ns)         Period(ns)      Frequency(MHz)
-----   ------------         ----------      --------------
ap_clk  {0.000 1.250}        2.500           400.000         


------------------------------------------------------------------------------------------------
| Intra Clock Table
| -----------------
------------------------------------------------------------------------------------------------

Clock             WNS(ns)      TNS(ns)  TNS Failing Endpoints  TNS Total Endpoints     WPWS(ns)     TPWS(ns)  TPWS Failing Endpoints  TPWS Total Endpoints  
-----             -------      -------  ---------------------  -------------------     --------     --------  ----------------------  --------------------  
ap_clk             -0.967  -786849.562                1067427              2397199        0.708        0.000                       0               1223997  


------------------------------------------------------------------------------------------------
| Inter Clock Table
| -----------------
------------------------------------------------------------------------------------------------

From Clock    To Clock          WNS(ns)      TNS(ns)  TNS Failing Endpoints  TNS Total Endpoints  
----------    --------          -------      -------  ---------------------  -------------------  


------------------------------------------------------------------------------------------------
| Other Path Groups Table
| -----------------------
------------------------------------------------------------------------------------------------

Path Group    From Clock    To Clock          WNS(ns)      TNS(ns)  TNS Failing Endpoints  TNS Total Endpoints  
----------    ----------    --------          -------      -------  ---------------------  -------------------  


------------------------------------------------------------------------------------------------
| Timing Details
| --------------
------------------------------------------------------------------------------------------------


---------------------------------------------------------------------------------------------------
From Clock:  ap_clk
  To Clock:  ap_clk

Setup :      1067427  Failing Endpoints,  Worst Slack       -0.967ns,  Total Violation  -786849.589ns
Hold  :           NA  Failing Endpoints,  Worst Slack           NA  ,  Total Violation           NA
PW    :            0  Failing Endpoints,  Worst Slack        0.708ns,  Total Violation        0.000ns
---------------------------------------------------------------------------------------------------


Max Delay Paths
--------------------------------------------------------------------------------------
Slack (VIOLATED) :        -0.967ns  (required time - arrival time)
  Source:                 input_1_ap_vld_preg_reg/C
                            (rising edge-triggered cell FDRE clocked by ap_clk  {rise@0.000ns fall@1.250ns period=2.500ns})
  Destination:            grp_einsum_dense_ap_fixed_8_2_5_3_0_ap_fixed_13_7_4_0_0_config18_s_fu_2595/data_0_val1_int_reg_reg[0]_srl18/CE
                            (rising edge-triggered cell SRLC32E clocked by ap_clk  {rise@0.000ns fall@1.250ns period=2.500ns})
  Path Group:             ap_clk
  Path Type:              Setup (Max at Slow Process Corner)
  Requirement:            2.500ns  (ap_clk rise@2.500ns - ap_clk rise@0.000ns)
  Data Path Delay:        3.265ns  (logic 0.158ns (4.839%)  route 3.107ns (95.161%))
  Logic Levels:           2  (BUFGCE=1 LUT3=1)
  Clock Path Skew:        0.013ns (DCD - SCD + CPR)
    Destination Clock Delay (DCD):    0.043ns = ( 2.543 - 2.500 ) 
    Source Clock Delay      (SCD):    0.030ns
    Clock Pessimism Removal (CPR):    0.000ns
  Clock Uncertainty:      0.035ns  ((TSJ^2 + TIJ^2)^1/2 + DJ) / 2 + PE
    Total System Jitter     (TSJ):    0.071ns
    Total Input Jitter      (TIJ):    0.000ns
    Discrete Jitter          (DJ):    0.000ns
    Phase Error              (PE):    0.000ns

    Location             Delay type                Incr(ns)  Path(ns)    Netlist Resource(s)
  -------------------------------------------------------------------    -------------------
                         (clock ap_clk rise edge)     0.000     0.000 r  
                                                      0.000     0.000 r  ap_clk (IN)
                         net (fo=1223996, unset)      0.030     0.030    ap_clk
                         FDRE                                         r  input_1_ap_vld_preg_reg/C
  -------------------------------------------------------------------    -------------------
                         FDRE (Prop_FDRE_C_Q)         0.077     0.107 r  input_1_ap_vld_preg_reg/Q
                         net (fo=22, unplaced)        0.139     0.246    grp_global_pooling1d_cl_ap_fixed_ap_fixed_8_2_4_0_0_config74_s_fu_13975/input_1_ap_vld_preg
                         LUT3 (Prop_LUT3_I1_O)        0.053     0.299 r  grp_global_pooling1d_cl_ap_fixed_ap_fixed_8_2_4_0_0_config74_s_fu_13975/data_133_val_int_reg[12]_i_1/O
                         net (fo=1, unplaced)         0.384     0.683    grp_global_pooling1d_cl_ap_fixed_ap_fixed_8_2_4_0_0_config74_s_fu_13975/p_0_in
                         BUFGCE (Prop_BUFGCE_I_O)     0.028     0.711 r  grp_global_pooling1d_cl_ap_fixed_ap_fixed_8_2_4_0_0_config74_s_fu_13975/p_0_in_BUFG_inst/O
                         net (fo=312686, unplaced)    2.584     3.295    grp_einsum_dense_ap_fixed_8_2_5_3_0_ap_fixed_13_7_4_0_0_config18_s_fu_2595/p_0_in
                         SRLC32E                                      r  grp_einsum_dense_ap_fixed_8_2_5_3_0_ap_fixed_13_7_4_0_0_config18_s_fu_2595/data_0_val1_int_reg_reg[0]_srl18/CE
  -------------------------------------------------------------------    -------------------

                         (clock ap_clk rise edge)     2.500     2.500 r  
                                                      0.000     2.500 r  ap_clk (IN)
                         net (fo=1223996, unset)      0.043     2.543    grp_einsum_dense_ap_fixed_8_2_5_3_0_ap_fixed_13_7_4_0_0_config18_s_fu_2595/ap_clk
                         SRLC32E                                      r  grp_einsum_dense_ap_fixed_8_2_5_3_0_ap_fixed_13_7_4_0_0_config18_s_fu_2595/data_0_val1_int_reg_reg[0]_srl18/CLK
                         clock pessimism              0.000     2.543    
                         clock uncertainty           -0.035     2.508    
                         SRLC32E (Setup_SRLC32E_CLK_CE)
                                                     -0.180     2.328    grp_einsum_dense_ap_fixed_8_2_5_3_0_ap_fixed_13_7_4_0_0_config18_s_fu_2595/data_0_val1_int_reg_reg[0]_srl18
  -------------------------------------------------------------------
                         required time                          2.328    
                         arrival time                          -3.295    
  -------------------------------------------------------------------
                         slack                                 -0.967    

Slack (VIOLATED) :        -0.967ns  (required time - arrival time)
  Source:                 input_1_ap_vld_preg_reg/C
                            (rising edge-triggered cell FDRE clocked by ap_clk  {rise@0.000ns fall@1.250ns period=2.500ns})
  Destination:            grp_einsum_dense_ap_fixed_8_2_5_3_0_ap_fixed_13_7_4_0_0_config18_s_fu_2595/data_0_val1_int_reg_reg[1]_srl18/CE
                            (rising edge-triggered cell SRLC32E clocked by ap_clk  {rise@0.000ns fall@1.250ns period=2.500ns})
  Path Group:             ap_clk
  Path Type:              Setup (Max at Slow Process Corner)
  Requirement:            2.500ns  (ap_clk rise@2.500ns - ap_clk rise@0.000ns)
  Data Path Delay:        3.265ns  (logic 0.158ns (4.839%)  route 3.107ns (95.161%))
  Logic Levels:           2  (BUFGCE=1 LUT3=1)
  Clock Path Skew:        0.013ns (DCD - SCD + CPR)
    Destination Clock Delay (DCD):    0.043ns = ( 2.543 - 2.500 ) 
    Source Clock Delay      (SCD):    0.030ns
    Clock Pessimism Removal (CPR):    0.000ns
  Clock Uncertainty:      0.035ns  ((TSJ^2 + TIJ^2)^1/2 + DJ) / 2 + PE
    Total System Jitter     (TSJ):    0.071ns
    Total Input Jitter      (TIJ):    0.000ns
    Discrete Jitter          (DJ):    0.000ns
    Phase Error              (PE):    0.000ns

    Location             Delay type                Incr(ns)  Path(ns)    Netlist Resource(s)
  -------------------------------------------------------------------    -------------------
                         (clock ap_clk rise edge)     0.000     0.000 r  
                                                      0.000     0.000 r  ap_clk (IN)
                         net (fo=1223996, unset)      0.030     0.030    ap_clk
                         FDRE                                         r  input_1_ap_vld_preg_reg/C
  -------------------------------------------------------------------    -------------------
                         FDRE (Prop_FDRE_C_Q)         0.077     0.107 r  input_1_ap_vld_preg_reg/Q
                         net (fo=22, unplaced)        0.139     0.246    grp_global_pooling1d_cl_ap_fixed_ap_fixed_8_2_4_0_0_config74_s_fu_13975/input_1_ap_vld_preg
                         LUT3 (Prop_LUT3_I1_O)        0.053     0.299 r  grp_global_pooling1d_cl_ap_fixed_ap_fixed_8_2_4_0_0_config74_s_fu_13975/data_133_val_int_reg[12]_i_1/O
                         net (fo=1, unplaced)         0.384     0.683    grp_global_pooling1d_cl_ap_fixed_ap_fixed_8_2_4_0_0_config74_s_fu_13975/p_0_in
                         BUFGCE (Prop_BUFGCE_I_O)     0.028     0.711 r  grp_global_pooling1d_cl_ap_fixed_ap_fixed_8_2_4_0_0_config74_s_fu_13975/p_0_in_BUFG_inst/O
                         net (fo=312686, unplaced)    2.584     3.295    grp_einsum_dense_ap_fixed_8_2_5_3_0_ap_fixed_13_7_4_0_0_config18_s_fu_2595/p_0_in
                         SRLC32E                                      r  grp_einsum_dense_ap_fixed_8_2_5_3_0_ap_fixed_13_7_4_0_0_config18_s_fu_2595/data_0_val1_int_reg_reg[1]_srl18/CE
  -------------------------------------------------------------------    -------------------

                         (clock ap_clk rise edge)     2.500     2.500 r  
                                                      0.000     2.500 r  ap_clk (IN)
                         net (fo=1223996, unset)      0.043     2.543    grp_einsum_dense_ap_fixed_8_2_5_3_0_ap_fixed_13_7_4_0_0_config18_s_fu_2595/ap_clk
                         SRLC32E                                      r  grp_einsum_dense_ap_fixed_8_2_5_3_0_ap_fixed_13_7_4_0_0_config18_s_fu_2595/data_0_val1_int_reg_reg[1]_srl18/CLK
                         clock pessimism              0.000     2.543    
                         clock uncertainty           -0.035     2.508    
                         SRLC32E (Setup_SRLC32E_CLK_CE)
                                                     -0.180     2.328    grp_einsum_dense_ap_fixed_8_2_5_3_0_ap_fixed_13_7_4_0_0_config18_s_fu_2595/data_0_val1_int_reg_reg[1]_srl18
  -------------------------------------------------------------------
                         required time                          2.328    
                         arrival time                          -3.295    
  -------------------------------------------------------------------
                         slack                                 -0.967    

Slack (VIOLATED) :        -0.967ns  (required time - arrival time)
  Source:                 input_1_ap_vld_preg_reg/C
                            (rising edge-triggered cell FDRE clocked by ap_clk  {rise@0.000ns fall@1.250ns period=2.500ns})
  Destination:            grp_einsum_dense_ap_fixed_8_2_5_3_0_ap_fixed_13_7_4_0_0_config18_s_fu_2595/data_0_val1_int_reg_reg[2]_srl18/CE
                            (rising edge-triggered cell SRLC32E clocked by ap_clk  {rise@0.000ns fall@1.250ns period=2.500ns})
  Path Group:             ap_clk
  Path Type:              Setup (Max at Slow Process Corner)
  Requirement:            2.500ns  (ap_clk rise@2.500ns - ap_clk rise@0.000ns)
  Data Path Delay:        3.265ns  (logic 0.158ns (4.839%)  route 3.107ns (95.161%))
  Logic Levels:           2  (BUFGCE=1 LUT3=1)
  Clock Path Skew:        0.013ns (DCD - SCD + CPR)
    Destination Clock Delay (DCD):    0.043ns = ( 2.543 - 2.500 ) 
    Source Clock Delay      (SCD):    0.030ns
    Clock Pessimism Removal (CPR):    0.000ns
  Clock Uncertainty:      0.035ns  ((TSJ^2 + TIJ^2)^1/2 + DJ) / 2 + PE
    Total System Jitter     (TSJ):    0.071ns
    Total Input Jitter      (TIJ):    0.000ns
    Discrete Jitter          (DJ):    0.000ns
    Phase Error              (PE):    0.000ns

    Location             Delay type                Incr(ns)  Path(ns)    Netlist Resource(s)
  -------------------------------------------------------------------    -------------------
                         (clock ap_clk rise edge)     0.000     0.000 r  
                                                      0.000     0.000 r  ap_clk (IN)
                         net (fo=1223996, unset)      0.030     0.030    ap_clk
                         FDRE                                         r  input_1_ap_vld_preg_reg/C
  -------------------------------------------------------------------    -------------------
                         FDRE (Prop_FDRE_C_Q)         0.077     0.107 r  input_1_ap_vld_preg_reg/Q
                         net (fo=22, unplaced)        0.139     0.246    grp_global_pooling1d_cl_ap_fixed_ap_fixed_8_2_4_0_0_config74_s_fu_13975/input_1_ap_vld_preg
                         LUT3 (Prop_LUT3_I1_O)        0.053     0.299 r  grp_global_pooling1d_cl_ap_fixed_ap_fixed_8_2_4_0_0_config74_s_fu_13975/data_133_val_int_reg[12]_i_1/O
                         net (fo=1, unplaced)         0.384     0.683    grp_global_pooling1d_cl_ap_fixed_ap_fixed_8_2_4_0_0_config74_s_fu_13975/p_0_in
                         BUFGCE (Prop_BUFGCE_I_O)     0.028     0.711 r  grp_global_pooling1d_cl_ap_fixed_ap_fixed_8_2_4_0_0_config74_s_fu_13975/p_0_in_BUFG_inst/O
                         net (fo=312686, unplaced)    2.584     3.295    grp_einsum_dense_ap_fixed_8_2_5_3_0_ap_fixed_13_7_4_0_0_config18_s_fu_2595/p_0_in
                         SRLC32E                                      r  grp_einsum_dense_ap_fixed_8_2_5_3_0_ap_fixed_13_7_4_0_0_config18_s_fu_2595/data_0_val1_int_reg_reg[2]_srl18/CE
  -------------------------------------------------------------------    -------------------

                         (clock ap_clk rise edge)     2.500     2.500 r  
                                                      0.000     2.500 r  ap_clk (IN)
                         net (fo=1223996, unset)      0.043     2.543    grp_einsum_dense_ap_fixed_8_2_5_3_0_ap_fixed_13_7_4_0_0_config18_s_fu_2595/ap_clk
                         SRLC32E                                      r  grp_einsum_dense_ap_fixed_8_2_5_3_0_ap_fixed_13_7_4_0_0_config18_s_fu_2595/data_0_val1_int_reg_reg[2]_srl18/CLK
                         clock pessimism              0.000     2.543    
                         clock uncertainty           -0.035     2.508    
                         SRLC32E (Setup_SRLC32E_CLK_CE)
                                                     -0.180     2.328    grp_einsum_dense_ap_fixed_8_2_5_3_0_ap_fixed_13_7_4_0_0_config18_s_fu_2595/data_0_val1_int_reg_reg[2]_srl18
  -------------------------------------------------------------------
                         required time                          2.328    
                         arrival time                          -3.295    
  -------------------------------------------------------------------
                         slack                                 -0.967    

Slack (VIOLATED) :        -0.967ns  (required time - arrival time)
  Source:                 input_1_ap_vld_preg_reg/C
                            (rising edge-triggered cell FDRE clocked by ap_clk  {rise@0.000ns fall@1.250ns period=2.500ns})
  Destination:            grp_einsum_dense_ap_fixed_8_2_5_3_0_ap_fixed_13_7_4_0_0_config18_s_fu_2595/data_0_val1_int_reg_reg[3]_srl18/CE
                            (rising edge-triggered cell SRLC32E clocked by ap_clk  {rise@0.000ns fall@1.250ns period=2.500ns})
  Path Group:             ap_clk
  Path Type:              Setup (Max at Slow Process Corner)
  Requirement:            2.500ns  (ap_clk rise@2.500ns - ap_clk rise@0.000ns)
  Data Path Delay:        3.265ns  (logic 0.158ns (4.839%)  route 3.107ns (95.161%))
  Logic Levels:           2  (BUFGCE=1 LUT3=1)
  Clock Path Skew:        0.013ns (DCD - SCD + CPR)
    Destination Clock Delay (DCD):    0.043ns = ( 2.543 - 2.500 ) 
    Source Clock Delay      (SCD):    0.030ns
    Clock Pessimism Removal (CPR):    0.000ns
  Clock Uncertainty:      0.035ns  ((TSJ^2 + TIJ^2)^1/2 + DJ) / 2 + PE
    Total System Jitter     (TSJ):    0.071ns
    Total Input Jitter      (TIJ):    0.000ns
    Discrete Jitter          (DJ):    0.000ns
    Phase Error              (PE):    0.000ns

    Location             Delay type                Incr(ns)  Path(ns)    Netlist Resource(s)
  -------------------------------------------------------------------    -------------------
                         (clock ap_clk rise edge)     0.000     0.000 r  
                                                      0.000     0.000 r  ap_clk (IN)
                         net (fo=1223996, unset)      0.030     0.030    ap_clk
                         FDRE                                         r  input_1_ap_vld_preg_reg/C
  -------------------------------------------------------------------    -------------------
                         FDRE (Prop_FDRE_C_Q)         0.077     0.107 r  input_1_ap_vld_preg_reg/Q
                         net (fo=22, unplaced)        0.139     0.246    grp_global_pooling1d_cl_ap_fixed_ap_fixed_8_2_4_0_0_config74_s_fu_13975/input_1_ap_vld_preg
                         LUT3 (Prop_LUT3_I1_O)        0.053     0.299 r  grp_global_pooling1d_cl_ap_fixed_ap_fixed_8_2_4_0_0_config74_s_fu_13975/data_133_val_int_reg[12]_i_1/O
                         net (fo=1, unplaced)         0.384     0.683    grp_global_pooling1d_cl_ap_fixed_ap_fixed_8_2_4_0_0_config74_s_fu_13975/p_0_in
                         BUFGCE (Prop_BUFGCE_I_O)     0.028     0.711 r  grp_global_pooling1d_cl_ap_fixed_ap_fixed_8_2_4_0_0_config74_s_fu_13975/p_0_in_BUFG_inst/O
                         net (fo=312686, unplaced)    2.584     3.295    grp_einsum_dense_ap_fixed_8_2_5_3_0_ap_fixed_13_7_4_0_0_config18_s_fu_2595/p_0_in
                         SRLC32E                                      r  grp_einsum_dense_ap_fixed_8_2_5_3_0_ap_fixed_13_7_4_0_0_config18_s_fu_2595/data_0_val1_int_reg_reg[3]_srl18/CE
  -------------------------------------------------------------------    -------------------

                         (clock ap_clk rise edge)     2.500     2.500 r  
                                                      0.000     2.500 r  ap_clk (IN)
                         net (fo=1223996, unset)      0.043     2.543    grp_einsum_dense_ap_fixed_8_2_5_3_0_ap_fixed_13_7_4_0_0_config18_s_fu_2595/ap_clk
                         SRLC32E                                      r  grp_einsum_dense_ap_fixed_8_2_5_3_0_ap_fixed_13_7_4_0_0_config18_s_fu_2595/data_0_val1_int_reg_reg[3]_srl18/CLK
                         clock pessimism              0.000     2.543    
                         clock uncertainty           -0.035     2.508    
                         SRLC32E (Setup_SRLC32E_CLK_CE)
                                                     -0.180     2.328    grp_einsum_dense_ap_fixed_8_2_5_3_0_ap_fixed_13_7_4_0_0_config18_s_fu_2595/data_0_val1_int_reg_reg[3]_srl18
  -------------------------------------------------------------------
                         required time                          2.328    
                         arrival time                          -3.295    
  -------------------------------------------------------------------
                         slack                                 -0.967    

Slack (VIOLATED) :        -0.967ns  (required time - arrival time)
  Source:                 input_1_ap_vld_preg_reg/C
                            (rising edge-triggered cell FDRE clocked by ap_clk  {rise@0.000ns fall@1.250ns period=2.500ns})
  Destination:            grp_einsum_dense_ap_fixed_8_2_5_3_0_ap_fixed_13_7_4_0_0_config18_s_fu_2595/data_0_val1_int_reg_reg[4]_srl18/CE
                            (rising edge-triggered cell SRLC32E clocked by ap_clk  {rise@0.000ns fall@1.250ns period=2.500ns})
  Path Group:             ap_clk
  Path Type:              Setup (Max at Slow Process Corner)
  Requirement:            2.500ns  (ap_clk rise@2.500ns - ap_clk rise@0.000ns)
  Data Path Delay:        3.265ns  (logic 0.158ns (4.839%)  route 3.107ns (95.161%))
  Logic Levels:           2  (BUFGCE=1 LUT3=1)
  Clock Path Skew:        0.013ns (DCD - SCD + CPR)
    Destination Clock Delay (DCD):    0.043ns = ( 2.543 - 2.500 ) 
    Source Clock Delay      (SCD):    0.030ns
    Clock Pessimism Removal (CPR):    0.000ns
  Clock Uncertainty:      0.035ns  ((TSJ^2 + TIJ^2)^1/2 + DJ) / 2 + PE
    Total System Jitter     (TSJ):    0.071ns
    Total Input Jitter      (TIJ):    0.000ns
    Discrete Jitter          (DJ):    0.000ns
    Phase Error              (PE):    0.000ns

    Location             Delay type                Incr(ns)  Path(ns)    Netlist Resource(s)
  -------------------------------------------------------------------    -------------------
                         (clock ap_clk rise edge)     0.000     0.000 r  
                                                      0.000     0.000 r  ap_clk (IN)
                         net (fo=1223996, unset)      0.030     0.030    ap_clk
                         FDRE                                         r  input_1_ap_vld_preg_reg/C
  -------------------------------------------------------------------    -------------------
                         FDRE (Prop_FDRE_C_Q)         0.077     0.107 r  input_1_ap_vld_preg_reg/Q
                         net (fo=22, unplaced)        0.139     0.246    grp_global_pooling1d_cl_ap_fixed_ap_fixed_8_2_4_0_0_config74_s_fu_13975/input_1_ap_vld_preg
                         LUT3 (Prop_LUT3_I1_O)        0.053     0.299 r  grp_global_pooling1d_cl_ap_fixed_ap_fixed_8_2_4_0_0_config74_s_fu_13975/data_133_val_int_reg[12]_i_1/O
                         net (fo=1, unplaced)         0.384     0.683    grp_global_pooling1d_cl_ap_fixed_ap_fixed_8_2_4_0_0_config74_s_fu_13975/p_0_in
                         BUFGCE (Prop_BUFGCE_I_O)     0.028     0.711 r  grp_global_pooling1d_cl_ap_fixed_ap_fixed_8_2_4_0_0_config74_s_fu_13975/p_0_in_BUFG_inst/O
                         net (fo=312686, unplaced)    2.584     3.295    grp_einsum_dense_ap_fixed_8_2_5_3_0_ap_fixed_13_7_4_0_0_config18_s_fu_2595/p_0_in
                         SRLC32E                                      r  grp_einsum_dense_ap_fixed_8_2_5_3_0_ap_fixed_13_7_4_0_0_config18_s_fu_2595/data_0_val1_int_reg_reg[4]_srl18/CE
  -------------------------------------------------------------------    -------------------

                         (clock ap_clk rise edge)     2.500     2.500 r  
                                                      0.000     2.500 r  ap_clk (IN)
                         net (fo=1223996, unset)      0.043     2.543    grp_einsum_dense_ap_fixed_8_2_5_3_0_ap_fixed_13_7_4_0_0_config18_s_fu_2595/ap_clk
                         SRLC32E                                      r  grp_einsum_dense_ap_fixed_8_2_5_3_0_ap_fixed_13_7_4_0_0_config18_s_fu_2595/data_0_val1_int_reg_reg[4]_srl18/CLK
                         clock pessimism              0.000     2.543    
                         clock uncertainty           -0.035     2.508    
                         SRLC32E (Setup_SRLC32E_CLK_CE)
                                                     -0.180     2.328    grp_einsum_dense_ap_fixed_8_2_5_3_0_ap_fixed_13_7_4_0_0_config18_s_fu_2595/data_0_val1_int_reg_reg[4]_srl18
  -------------------------------------------------------------------
                         required time                          2.328    
                         arrival time                          -3.295    
  -------------------------------------------------------------------
                         slack                                 -0.967    





Pulse Width Checks
--------------------------------------------------------------------------------------
Clock Name:         ap_clk
Waveform(ns):       { 0.000 1.250 }
Period(ns):         2.500
Sources:            { ap_clk }

Check Type        Corner  Lib Pin             Reference Pin  Required(ns)  Actual(ns)  Slack(ns)  Location  Pin
Min Period        n/a     RAMB18E2/CLKARDCLK  n/a            1.355         2.500       1.145                grp_softmax_stable_ap_fixed_ap_ufixed_10_1_4_0_0_softmax_config19_s_fu_2083/exp_table_1_U/q0_reg/CLKARDCLK
Min Period        n/a     RAMB18E2/CLKARDCLK  n/a            1.355         2.500       1.145                grp_softmax_stable_ap_fixed_ap_ufixed_10_1_4_0_0_softmax_config19_s_fu_2083/exp_table_1_U/q2_reg/CLKARDCLK
Min Period        n/a     RAMB18E2/CLKBWRCLK  n/a            1.355         2.500       1.145                grp_softmax_stable_ap_fixed_ap_ufixed_10_1_4_0_0_softmax_config19_s_fu_2083/exp_table_1_U/q2_reg/CLKBWRCLK
Min Period        n/a     RAMB18E2/CLKARDCLK  n/a            1.355         2.500       1.145                grp_softmax_stable_ap_fixed_ap_ufixed_10_1_4_0_0_softmax_config19_s_fu_2083/exp_table_1_U/q5_reg/CLKARDCLK
Min Period        n/a     RAMB18E2/CLKBWRCLK  n/a            1.355         2.500       1.145                grp_softmax_stable_ap_fixed_ap_ufixed_10_1_4_0_0_softmax_config19_s_fu_2083/exp_table_1_U/q5_reg/CLKBWRCLK
Low Pulse Width   Slow    RAMB18E2/CLKARDCLK  n/a            0.542         1.250       0.708                grp_softmax_stable_ap_fixed_ap_ufixed_10_1_4_0_0_softmax_config19_s_fu_2083/exp_table_1_U/q0_reg/CLKARDCLK
Low Pulse Width   Fast    RAMB18E2/CLKARDCLK  n/a            0.542         1.250       0.708                grp_softmax_stable_ap_fixed_ap_ufixed_10_1_4_0_0_softmax_config19_s_fu_2083/exp_table_1_U/q0_reg/CLKARDCLK
Low Pulse Width   Slow    RAMB18E2/CLKARDCLK  n/a            0.542         1.250       0.708                grp_softmax_stable_ap_fixed_ap_ufixed_10_1_4_0_0_softmax_config19_s_fu_2083/exp_table_1_U/q2_reg/CLKARDCLK
Low Pulse Width   Fast    RAMB18E2/CLKARDCLK  n/a            0.542         1.250       0.708                grp_softmax_stable_ap_fixed_ap_ufixed_10_1_4_0_0_softmax_config19_s_fu_2083/exp_table_1_U/q2_reg/CLKARDCLK
Low Pulse Width   Slow    RAMB18E2/CLKBWRCLK  n/a            0.542         1.250       0.708                grp_softmax_stable_ap_fixed_ap_ufixed_10_1_4_0_0_softmax_config19_s_fu_2083/exp_table_1_U/q2_reg/CLKBWRCLK
High Pulse Width  Slow    RAMB18E2/CLKARDCLK  n/a            0.542         1.250       0.708                grp_softmax_stable_ap_fixed_ap_ufixed_10_1_4_0_0_softmax_config19_s_fu_2083/exp_table_1_U/q0_reg/CLKARDCLK
High Pulse Width  Fast    RAMB18E2/CLKARDCLK  n/a            0.542         1.250       0.708                grp_softmax_stable_ap_fixed_ap_ufixed_10_1_4_0_0_softmax_config19_s_fu_2083/exp_table_1_U/q0_reg/CLKARDCLK
High Pulse Width  Slow    RAMB18E2/CLKARDCLK  n/a            0.542         1.250       0.708                grp_softmax_stable_ap_fixed_ap_ufixed_10_1_4_0_0_softmax_config19_s_fu_2083/exp_table_1_U/q2_reg/CLKARDCLK
High Pulse Width  Fast    RAMB18E2/CLKARDCLK  n/a            0.542         1.250       0.708                grp_softmax_stable_ap_fixed_ap_ufixed_10_1_4_0_0_softmax_config19_s_fu_2083/exp_table_1_U/q2_reg/CLKARDCLK
High Pulse Width  Slow    RAMB18E2/CLKBWRCLK  n/a            0.542         1.250       0.708                grp_softmax_stable_ap_fixed_ap_ufixed_10_1_4_0_0_softmax_config19_s_fu_2083/exp_table_1_U/q2_reg/CLKBWRCLK



