==== BENCH_ARM_ATTEMPT 0 2026-09-29T10:32:49Z phase p3-E-k3
ARM_CPUS n=6 requested 9-11,73-75 seen 9-11,73-75 OK
BENCH_ARM chang0926-a-n64-s3 tree /work/code devices ['/physical_device:GPU:0'] tf32_enabled False test_cpu False utc 2026-09-29T10:32:52Z
ARM_MANIFEST_SHA 041f981a9d5b8c3a7affb175d82de0ca2df9bc6261a172f67cb365c88b4bbd42 expected 041f981a9d5b8c3a7affb175d82de0ca2df9bc6261a172f67cb365c88b4bbd42 OK
BENCH_CACHE {"x_train": "420ac79dcece207aca849f6ca56e6426586023c9e02f38e5d3ac596fa74d79bc", "x_val": "7b56c1b25bc0d9231767f891ec52455ecb7c5656735fcf9d404104fd2c264d31", "y_train": "a5269398e2c6e5f1fc0db98e1a99a8befea619bf0c55531293d02a286c0dd378", "y_val": "63049d9bdcfdc83af97c58bc6579e1def1ec2d9e7a6c30007793badd75217709"}
[train] chang0926-a-n64-s3 params=31735 resume_epoch=0 initial_ebops=11488104
[epoch 1/7000] EBOPs=11684576 target=350000 above_floor=11513050 feasible=0 degenerate=0 beta=1e-07 val_AUC=0.850349 val_accuracy=0.575177 seconds=147.9 checkpoint=- ebops_trace_seconds=65.64 ebops_trace_over_epoch=0.444 loss=2.649744 host_rss_mb=2261
[epoch 2/7000] EBOPs=untraced in_training_ebops=12620494 target=350000 beta=1e-07 val_AUC=0.875821 val_accuracy=0.615177 seconds=73.8 checkpoint=- ebops_trace_seconds=0.00 ebops_trace_over_epoch=0.001 loss=2.269002 host_rss_mb=2282
[epoch 3/7000] EBOPs=untraced in_training_ebops=10039727 target=350000 beta=1.29e-07 val_AUC=0.872192 val_accuracy=0.614968 seconds=73.6 checkpoint=- ebops_trace_seconds=0.00 ebops_trace_over_epoch=0.001 loss=2.458472 host_rss_mb=2288
[epoch 4/7000] EBOPs=untraced in_training_ebops=9570313 target=350000 beta=1.22e-07 val_AUC=0.883418 val_accuracy=0.628226 seconds=73.7 checkpoint=- ebops_trace_seconds=0.00 ebops_trace_over_epoch=0.001 loss=2.191852 host_rss_mb=2298
[epoch 5/7000] EBOPs=untraced in_training_ebops=7592861 target=350000 beta=1.37e-07 val_AUC=0.885566 val_accuracy=0.641919 seconds=73.6 checkpoint=- ebops_trace_seconds=0.00 ebops_trace_over_epoch=0.001 loss=2.077151 host_rss_mb=2303
[epoch 6/7000] EBOPs=untraced in_training_ebops=6636405 target=350000 beta=1.27e-07 val_AUC=0.876619 val_accuracy=0.615177 seconds=73.7 checkpoint=- ebops_trace_seconds=0.00 ebops_trace_over_epoch=0.001 loss=1.904979 host_rss_mb=2307
[epoch 7/7000] EBOPs=untraced in_training_ebops=5764775 target=350000 beta=1.28e-07 val_AUC=0.878835 val_accuracy=0.617419 seconds=73.5 checkpoint=- ebops_trace_seconds=0.00 ebops_trace_over_epoch=0.001 loss=1.745758 host_rss_mb=2310
[epoch 8/7000] EBOPs=untraced in_training_ebops=5090071 target=350000 beta=1.28e-07 val_AUC=0.881758 val_accuracy=0.633048 seconds=74.1 checkpoint=- ebops_trace_seconds=0.00 ebops_trace_over_epoch=0.001 loss=1.669565 host_rss_mb=2314
[epoch 9/7000] EBOPs=untraced in_training_ebops=4537083 target=350000 beta=1.29e-07 val_AUC=0.872210 val_accuracy=0.613597 seconds=73.7 checkpoint=- ebops_trace_seconds=0.00 ebops_trace_over_epoch=0.001 loss=1.613714 host_rss_mb=2315
[epoch 10/7000] EBOPs=3669844 target=350000 above_floor=3498318 feasible=0 degenerate=0 beta=1.31e-07 val_AUC=0.871749 val_accuracy=0.612935 seconds=135.7 checkpoint=- ebops_trace_seconds=69.78 ebops_trace_over_epoch=0.514 loss=1.564022 host_rss_mb=2315
[epoch 11/7000] EBOPs=untraced in_training_ebops=3917943 target=350000 beta=1.19e-07 val_AUC=0.856208 val_accuracy=0.573806 seconds=73.6 checkpoint=- ebops_trace_seconds=0.00 ebops_trace_over_epoch=0.001 loss=1.461730 host_rss_mb=2299
[epoch 12/7000] EBOPs=untraced in_training_ebops=3501231 target=350000 beta=1.43e-07 val_AUC=0.873883 val_accuracy=0.605661 seconds=73.3 checkpoint=- ebops_trace_seconds=0.00 ebops_trace_over_epoch=0.001 loss=1.549708 host_rss_mb=2301
[epoch 13/7000] EBOPs=untraced in_training_ebops=3120433 target=350000 beta=1.44e-07 val_AUC=0.867774 val_accuracy=0.590145 seconds=73.4 checkpoint=- ebops_trace_seconds=0.01 ebops_trace_over_epoch=0.001 loss=1.477718 host_rss_mb=2301
[epoch 14/7000] EBOPs=untraced in_training_ebops=2747922 target=350000 beta=1.43e-07 val_AUC=0.873274 val_accuracy=0.614177 seconds=73.5 checkpoint=- ebops_trace_seconds=0.00 ebops_trace_over_epoch=0.001 loss=1.429459 host_rss_mb=2303
[epoch 15/7000] EBOPs=untraced in_training_ebops=2542384 target=350000 beta=1.4e-07 val_AUC=0.872415 val_accuracy=0.615016 seconds=73.5 checkpoint=- ebops_trace_seconds=0.00 ebops_trace_over_epoch=0.001 loss=1.393794 host_rss_mb=2303
[epoch 16/7000] EBOPs=untraced in_training_ebops=2334344 target=350000 beta=1.43e-07 val_AUC=0.868023 val_accuracy=0.592435 seconds=73.4 checkpoint=- ebops_trace_seconds=0.00 ebops_trace_over_epoch=0.001 loss=1.381093 host_rss_mb=2304
[epoch 17/7000] EBOPs=untraced in_training_ebops=2184413 target=350000 beta=1.44e-07 val_AUC=0.856449 val_accuracy=0.582274 seconds=74.4 checkpoint=- ebops_trace_seconds=0.00 ebops_trace_over_epoch=0.001 loss=1.362152 host_rss_mb=2304
[epoch 18/7000] EBOPs=untraced in_training_ebops=1891536 target=350000 beta=1.48e-07 val_AUC=0.851939 val_accuracy=0.581081 seconds=73.6 checkpoint=- ebops_trace_seconds=0.00 ebops_trace_over_epoch=0.001 loss=1.358919 host_rss_mb=2305
[epoch 19/7000] EBOPs=untraced in_training_ebops=1852110 target=350000 beta=1.39e-07 val_AUC=0.865546 val_accuracy=0.602710 seconds=73.5 checkpoint=- ebops_trace_seconds=0.00 ebops_trace_over_epoch=0.001 loss=1.327169 host_rss_mb=2308
[epoch 20/7000] EBOPs=1714072 target=350000 above_floor=1542546 feasible=0 degenerate=0 beta=1.48e-07 val_AUC=0.861859 val_accuracy=0.597597 seconds=136.8 checkpoint=- ebops_trace_seconds=71.39 ebops_trace_over_epoch=0.522 loss=1.341540 host_rss_mb=2308
[epoch 21/7000] EBOPs=untraced in_training_ebops=1771795 target=350000 beta=1.48e-07 val_AUC=0.871066 val_accuracy=0.610048 seconds=49.0 checkpoint=epoch-0021 ebops_trace_seconds=0.00 ebops_trace_over_epoch=0.001 loss=1.330208 host_rss_mb=2310
CHECKPOINT_VERIFICATION_PASS {"index": 2, "name": "chang0926-a-n64-s3", "arm": "A", "seed": 3, "n_part": 64, "file": "chang0926-a-n64-s3.json", "production": true, "target_ebops": 350000, "zero_floor_ebops": 171526, "arch": {"d_model": 24, "n_heads": 2, "pos_enc": "none"}, "quant_set": "chang", "config_sha256": "f7c05573a4dc9405450a8544459e67da1b76b981a59d354effd47566b9e4ff4d", "status": "verified_canary", "completed_epochs": 21, "selected": {"epoch": 19, "val_macro_auc": 0.8618587182411664, "val_categorical_accuracy": 0.5975967741935484, "ebops": 1714072, "ebops_above_floor": 1542546}, "checkpoint": "model_min_ebops.keras", "checkpoint_sha256": "7ee8438b9d1073bea917a301d707733afa3d86c3bbe894ba4f8c548808924e08", "budget_met": false, "validation_accuracy": 0.5975967741935484, "validation_macro_auc": 0.8618587182411664, "validation_per_class_auc": [0.870192122074469, 0.850623587078813, 0.8442535591530378, 0.8231750284077839, 0.9210492944917285], "wall_seconds_this_invocation": 1838.3888748929603, "test_set_used": false, "hardware_validated": false, "validation_labels_sha256": "63049d9bdcfdc83af97c58bc6579e1def1ec2d9e7a6c30007793badd75217709", "reload_ebops_check": "stored", "source_sha256": "041f981a9d5b8c3a7affb175d82de0ca2df9bc6261a172f67cb365c88b4bbd42", "selection_cost": 1714072, "selection_cost_convention": "native_hgq2", "native_hgq2_backbone_ebops": 1714072, "custom_estimated_bitops": 0, "modules": {}, "warning": "Augmented total is not directly interchangeable with historical native HGQ2 totals."}
WANDB_IMPORTED False
ARM_DONE chang0926-a-n64-s3 exit 0 wall_seconds 1838.5 utc 2026-09-29T11:03:32Z
