==== BENCH_ARM_ATTEMPT 0 2026-09-29T10:32:19Z phase p3-E-k3
ARM_CPUS n=6 requested 9-11,73-75 seen 9-11,73-75 OK
BENCH_ARM chang0926-a-n64-s1 tree /work/code devices ['/physical_device:GPU:0'] tf32_enabled False test_cpu False utc 2026-09-29T10:32:22Z
ARM_MANIFEST_SHA 041f981a9d5b8c3a7affb175d82de0ca2df9bc6261a172f67cb365c88b4bbd42 expected 041f981a9d5b8c3a7affb175d82de0ca2df9bc6261a172f67cb365c88b4bbd42 OK
BENCH_CACHE {"x_train": "420ac79dcece207aca849f6ca56e6426586023c9e02f38e5d3ac596fa74d79bc", "x_val": "7b56c1b25bc0d9231767f891ec52455ecb7c5656735fcf9d404104fd2c264d31", "y_train": "a5269398e2c6e5f1fc0db98e1a99a8befea619bf0c55531293d02a286c0dd378", "y_val": "63049d9bdcfdc83af97c58bc6579e1def1ec2d9e7a6c30007793badd75217709"}
[train] chang0926-a-n64-s1 params=31735 resume_epoch=0 initial_ebops=11559681
[epoch 1/7000] EBOPs=11842227 target=350000 above_floor=11670701 feasible=0 degenerate=0 beta=1e-07 val_AUC=0.836521 val_accuracy=0.550274 seconds=149.8 checkpoint=- ebops_trace_seconds=70.32 ebops_trace_over_epoch=0.470 loss=2.703197 host_rss_mb=2268
[epoch 2/7000] EBOPs=untraced in_training_ebops=12822059 target=350000 beta=1e-07 val_AUC=0.878579 val_accuracy=0.630177 seconds=53.9 checkpoint=- ebops_trace_seconds=0.00 ebops_trace_over_epoch=0.001 loss=2.283063 host_rss_mb=2287
[epoch 3/7000] EBOPs=untraced in_training_ebops=10207584 target=350000 beta=1.3e-07 val_AUC=0.865049 val_accuracy=0.593032 seconds=73.8 checkpoint=- ebops_trace_seconds=0.00 ebops_trace_over_epoch=0.001 loss=2.522329 host_rss_mb=2292
[epoch 4/7000] EBOPs=untraced in_training_ebops=9782268 target=350000 beta=1.22e-07 val_AUC=0.880301 val_accuracy=0.628968 seconds=73.5 checkpoint=- ebops_trace_seconds=0.00 ebops_trace_over_epoch=0.001 loss=2.239654 host_rss_mb=2301
[epoch 5/7000] EBOPs=untraced in_training_ebops=8076549 target=350000 beta=1.38e-07 val_AUC=0.892136 val_accuracy=0.669774 seconds=73.8 checkpoint=- ebops_trace_seconds=0.00 ebops_trace_over_epoch=0.001 loss=2.146572 host_rss_mb=2311
[epoch 6/7000] EBOPs=untraced in_training_ebops=6620957 target=350000 beta=1.34e-07 val_AUC=0.877967 val_accuracy=0.619613 seconds=73.6 checkpoint=- ebops_trace_seconds=0.00 ebops_trace_over_epoch=0.001 loss=2.013288 host_rss_mb=2312
[epoch 7/7000] EBOPs=untraced in_training_ebops=6140039 target=350000 beta=1.27e-07 val_AUC=0.887518 val_accuracy=0.653403 seconds=74.0 checkpoint=- ebops_trace_seconds=0.00 ebops_trace_over_epoch=0.001 loss=1.768461 host_rss_mb=2314
[epoch 8/7000] EBOPs=untraced in_training_ebops=5311323 target=350000 beta=1.36e-07 val_AUC=0.879157 val_accuracy=0.648597 seconds=73.8 checkpoint=- ebops_trace_seconds=0.00 ebops_trace_over_epoch=0.001 loss=1.778273 host_rss_mb=2320
[epoch 9/7000] EBOPs=untraced in_training_ebops=4782994 target=350000 beta=1.35e-07 val_AUC=0.883112 val_accuracy=0.637774 seconds=73.5 checkpoint=- ebops_trace_seconds=0.00 ebops_trace_over_epoch=0.001 loss=1.632110 host_rss_mb=2320
[epoch 10/7000] EBOPs=3926488 target=350000 above_floor=3754962 feasible=0 degenerate=0 beta=1.38e-07 val_AUC=0.883351 val_accuracy=0.631339 seconds=145.6 checkpoint=- ebops_trace_seconds=72.45 ebops_trace_over_epoch=0.498 loss=1.602555 host_rss_mb=2322
[epoch 11/7000] EBOPs=untraced in_training_ebops=3997858 target=350000 beta=1.28e-07 val_AUC=0.875842 val_accuracy=0.605016 seconds=54.1 checkpoint=- ebops_trace_seconds=0.00 ebops_trace_over_epoch=0.001 loss=1.489605 host_rss_mb=2303
[epoch 12/7000] EBOPs=untraced in_training_ebops=3644495 target=350000 beta=1.47e-07 val_AUC=0.870940 val_accuracy=0.622226 seconds=73.9 checkpoint=- ebops_trace_seconds=0.00 ebops_trace_over_epoch=0.001 loss=1.558702 host_rss_mb=2312
[epoch 13/7000] EBOPs=untraced in_training_ebops=3126278 target=350000 beta=1.51e-07 val_AUC=0.884420 val_accuracy=0.638710 seconds=73.5 checkpoint=- ebops_trace_seconds=0.00 ebops_trace_over_epoch=0.001 loss=1.497055 host_rss_mb=2312
[epoch 14/7000] EBOPs=untraced in_training_ebops=2856959 target=350000 beta=1.44e-07 val_AUC=0.873014 val_accuracy=0.612016 seconds=73.4 checkpoint=- ebops_trace_seconds=0.00 ebops_trace_over_epoch=0.001 loss=1.423565 host_rss_mb=2313
[epoch 15/7000] EBOPs=untraced in_training_ebops=2571458 target=350000 beta=1.46e-07 val_AUC=0.875340 val_accuracy=0.605484 seconds=73.6 checkpoint=- ebops_trace_seconds=0.00 ebops_trace_over_epoch=0.001 loss=1.404870 host_rss_mb=2313
[epoch 16/7000] EBOPs=untraced in_training_ebops=2372485 target=350000 beta=1.46e-07 val_AUC=0.874579 val_accuracy=0.614903 seconds=73.7 checkpoint=- ebops_trace_seconds=0.00 ebops_trace_over_epoch=0.001 loss=1.358945 host_rss_mb=2315
[epoch 17/7000] EBOPs=untraced in_training_ebops=2320080 target=350000 beta=1.48e-07 val_AUC=0.871071 val_accuracy=0.611226 seconds=73.4 checkpoint=- ebops_trace_seconds=0.00 ebops_trace_over_epoch=0.001 loss=1.369340 host_rss_mb=2315
[epoch 18/7000] EBOPs=untraced in_training_ebops=2059668 target=350000 beta=1.59e-07 val_AUC=0.866599 val_accuracy=0.584484 seconds=71.5 checkpoint=- ebops_trace_seconds=0.00 ebops_trace_over_epoch=0.001 loss=1.363337 host_rss_mb=2318
[epoch 19/7000] EBOPs=untraced in_training_ebops=1929324 target=350000 beta=1.54e-07 val_AUC=0.866373 val_accuracy=0.593548 seconds=73.5 checkpoint=- ebops_trace_seconds=0.00 ebops_trace_over_epoch=0.001 loss=1.327895 host_rss_mb=2319
[epoch 20/7000] EBOPs=2063861 target=350000 above_floor=1892335 feasible=0 degenerate=0 beta=1.57e-07 val_AUC=0.869137 val_accuracy=0.603210 seconds=146.3 checkpoint=- ebops_trace_seconds=73.53 ebops_trace_over_epoch=0.503 loss=1.332509 host_rss_mb=2321
[epoch 21/7000] EBOPs=untraced in_training_ebops=2101781 target=350000 beta=1.84e-07 val_AUC=0.859992 val_accuracy=0.593855 seconds=43.7 checkpoint=epoch-0021 ebops_trace_seconds=0.00 ebops_trace_over_epoch=0.001 loss=1.436361 host_rss_mb=2322
CHECKPOINT_VERIFICATION_PASS {"index": 0, "name": "chang0926-a-n64-s1", "arm": "A", "seed": 1, "n_part": 64, "file": "chang0926-a-n64-s1.json", "production": true, "target_ebops": 350000, "zero_floor_ebops": 171526, "arch": {"d_model": 24, "n_heads": 2, "pos_enc": "none"}, "quant_set": "chang", "config_sha256": "d47d6799702cf67a49baa333aa2204b17a384289f32b106eb30433db8b2dec94", "status": "verified_canary", "completed_epochs": 21, "selected": {"epoch": 19, "val_macro_auc": 0.8691373798530551, "val_categorical_accuracy": 0.6032096774193548, "ebops": 2063861, "ebops_above_floor": 1892335}, "checkpoint": "model_min_ebops.keras", "checkpoint_sha256": "80c389f730c064eb11ff4ce631622b90271f53bbad17c537d71b315ff56192a3", "budget_met": false, "validation_accuracy": 0.6032096774193548, "validation_macro_auc": 0.8691373798530551, "validation_per_class_auc": [0.8659093186369138, 0.8608885042745006, 0.8547293144878633, 0.8380594763311127, 0.9261002855348852], "wall_seconds_this_invocation": 1823.7623460869654, "test_set_used": false, "hardware_validated": false, "validation_labels_sha256": "63049d9bdcfdc83af97c58bc6579e1def1ec2d9e7a6c30007793badd75217709", "reload_ebops_check": "stored", "source_sha256": "041f981a9d5b8c3a7affb175d82de0ca2df9bc6261a172f67cb365c88b4bbd42", "selection_cost": 2063861, "selection_cost_convention": "native_hgq2", "native_hgq2_backbone_ebops": 2063861, "custom_estimated_bitops": 0, "modules": {}, "warning": "Augmented total is not directly interchangeable with historical native HGQ2 totals."}
WANDB_IMPORTED False
ARM_DONE chang0926-a-n64-s1 exit 0 wall_seconds 1823.9 utc 2026-09-29T11:02:47Z
