Copyright 1986-2022 Xilinx, Inc. All Rights Reserved. Copyright 2022-2023 Advanced Micro Devices, Inc. All Rights Reserved.
--------------------------------------------------------------------------------------------------------------------------------------------------
| Tool Version      : Vivado v.2023.2 (lin64) Build 4029153 Fri Oct 13 20:13:54 MDT 2023
| Date              : Mon Aug 24 07:01:49 2026
| Host              : mulder.t2.ucsd.edu running 64-bit AlmaLinux release 8.10 (Cerulean Leopard)
| Command           : report_timing_summary -file post_opt_timing.rpt -delay_type max -max_paths 5
| Design            : myproject
| Device            : xczu7ev-ffvc1156
| Speed File        : -2  PRODUCTION 1.30 05-15-2022
| Design State      : Optimized
| Temperature Grade : E
--------------------------------------------------------------------------------------------------------------------------------------------------

Timing Summary Report

------------------------------------------------------------------------------------------------
| Timer Settings
| --------------
------------------------------------------------------------------------------------------------

  Enable Multi Corner Analysis               :  Yes
  Enable Pessimism Removal                   :  Yes
  Pessimism Removal Resolution               :  Nearest Common Node
  Enable Input Delay Default Clock           :  No
  Enable Preset / Clear Arcs                 :  No
  Disable Flight Delays                      :  No
  Ignore I/O Paths                           :  No
  Timing Early Launch at Borrowing Latches   :  No
  Borrow Time for Max Delay Exceptions       :  Yes
  Merge Timing Exceptions                    :  Yes
  Inter-SLR Compensation                     :  Conservative

  Corner  Analyze    Analyze    
  Name    Max Paths  Min Paths  
  ------  ---------  ---------  
  Slow    Yes        Yes        
  Fast    Yes        Yes        


------------------------------------------------------------------------------------------------
| Report Methodology
| ------------------
------------------------------------------------------------------------------------------------

No report available as report_methodology has not been run prior. Run report_methodology on the current design for the summary of methodology violations.



check_timing report

Table of Contents
-----------------
1. checking no_clock (0)
2. checking constant_clock (0)
3. checking pulse_width_clock (0)
4. checking unconstrained_internal_endpoints (0)
5. checking no_input_delay (195)
6. checking no_output_delay (114)
7. checking multiple_clock (0)
8. checking generated_clocks (0)
9. checking loops (0)
10. checking partial_input_delay (0)
11. checking partial_output_delay (0)
12. checking latch_loops (0)

1. checking no_clock (0)
------------------------
 There are 0 register/latch pins with no clock.


2. checking constant_clock (0)
------------------------------
 There are 0 register/latch pins with constant_clock.


3. checking pulse_width_clock (0)
---------------------------------
 There are 0 register/latch pins which need pulse_width check


4. checking unconstrained_internal_endpoints (0)
------------------------------------------------
 There are 0 pins that are not constrained for maximum delay.

 There are 0 pins that are not constrained for maximum delay due to constant clock.


5. checking no_input_delay (195)
--------------------------------
 There are 195 input ports with no input delay specified. (HIGH)

 There are 0 input ports with no input delay but user has a false path constraint.


6. checking no_output_delay (114)
---------------------------------
 There are 114 ports with no output delay specified. (HIGH)

 There are 0 ports with no output delay but user has a false path constraint

 There are 0 ports with no output delay but with a timing clock defined on it or propagating through it


7. checking multiple_clock (0)
------------------------------
 There are 0 register/latch pins with multiple clocks.


8. checking generated_clocks (0)
--------------------------------
 There are 0 generated clocks that are not connected to a clock source.


9. checking loops (0)
---------------------
 There are 0 combinational loops in the design.


10. checking partial_input_delay (0)
------------------------------------
 There are 0 input ports with partial input delay specified.


11. checking partial_output_delay (0)
-------------------------------------
 There are 0 ports with partial output delay specified.


12. checking latch_loops (0)
----------------------------
 There are 0 combinational latch loops in the design through latch input



------------------------------------------------------------------------------------------------
| Design Timing Summary
| ---------------------
------------------------------------------------------------------------------------------------

    WNS(ns)      TNS(ns)  TNS Failing Endpoints  TNS Total Endpoints     WPWS(ns)     TPWS(ns)  TPWS Failing Endpoints  TPWS Total Endpoints  
    -------      -------  ---------------------  -------------------     --------     --------  ----------------------  --------------------  
      0.647        0.000                      0              2160022        1.958        0.000                       0               1280296  


All user specified timing constraints are met.


------------------------------------------------------------------------------------------------
| Clock Summary
| -------------
------------------------------------------------------------------------------------------------

Clock   Waveform(ns)         Period(ns)      Frequency(MHz)
-----   ------------         ----------      --------------
ap_clk  {0.000 2.500}        5.000           200.000         


------------------------------------------------------------------------------------------------
| Intra Clock Table
| -----------------
------------------------------------------------------------------------------------------------

Clock             WNS(ns)      TNS(ns)  TNS Failing Endpoints  TNS Total Endpoints     WPWS(ns)     TPWS(ns)  TPWS Failing Endpoints  TPWS Total Endpoints  
-----             -------      -------  ---------------------  -------------------     --------     --------  ----------------------  --------------------  
ap_clk              0.647        0.000                      0              2160022        1.958        0.000                       0               1280296  


------------------------------------------------------------------------------------------------
| Inter Clock Table
| -----------------
------------------------------------------------------------------------------------------------

From Clock    To Clock          WNS(ns)      TNS(ns)  TNS Failing Endpoints  TNS Total Endpoints  
----------    --------          -------      -------  ---------------------  -------------------  


------------------------------------------------------------------------------------------------
| Other Path Groups Table
| -----------------------
------------------------------------------------------------------------------------------------

Path Group    From Clock    To Clock          WNS(ns)      TNS(ns)  TNS Failing Endpoints  TNS Total Endpoints  
----------    ----------    --------          -------      -------  ---------------------  -------------------  


------------------------------------------------------------------------------------------------
| Timing Details
| --------------
------------------------------------------------------------------------------------------------


---------------------------------------------------------------------------------------------------
From Clock:  ap_clk
  To Clock:  ap_clk

Setup :            0  Failing Endpoints,  Worst Slack        0.647ns,  Total Violation        0.000ns
Hold  :           NA  Failing Endpoints,  Worst Slack           NA  ,  Total Violation           NA
PW    :            0  Failing Endpoints,  Worst Slack        1.958ns,  Total Violation        0.000ns
---------------------------------------------------------------------------------------------------


Max Delay Paths
--------------------------------------------------------------------------------------
Slack (MET) :             0.647ns  (required time - arrival time)
  Source:                 normalize_ap_fixed_13_7_4_0_0_ap_fixed_8_3_4_0_0_config11_U0/pf_ap_return_30_U/fifo_reg[3][9]_srl4/CLK
                            (rising edge-triggered cell SRL16E clocked by ap_clk  {rise@0.000ns fall@2.500ns period=5.000ns})
  Destination:            normalize_ap_fixed_13_7_4_0_0_ap_fixed_8_3_4_0_0_config11_U0/pf_ap_return_0_U/fifo_rdPtr_reg[0]/CE
                            (rising edge-triggered cell FDSE clocked by ap_clk  {rise@0.000ns fall@2.500ns period=5.000ns})
  Path Group:             ap_clk
  Path Type:              Setup (Max at Slow Process Corner)
  Requirement:            5.000ns  (ap_clk rise@5.000ns - ap_clk rise@0.000ns)
  Data Path Delay:        4.221ns  (logic 1.253ns (29.685%)  route 2.968ns (70.315%))
  Logic Levels:           15  (LUT2=1 LUT3=1 LUT4=2 LUT5=2 LUT6=9)
  Clock Path Skew:        -0.036ns (DCD - SCD + CPR)
    Destination Clock Delay (DCD):    0.021ns = ( 5.021 - 5.000 ) 
    Source Clock Delay      (SCD):    0.057ns
    Clock Pessimism Removal (CPR):    0.000ns
  Clock Uncertainty:      0.035ns  ((TSJ^2 + TIJ^2)^1/2 + DJ) / 2 + PE
    Total System Jitter     (TSJ):    0.071ns
    Total Input Jitter      (TIJ):    0.000ns
    Discrete Jitter          (DJ):    0.000ns
    Phase Error              (PE):    0.000ns

    Location             Delay type                Incr(ns)  Path(ns)    Netlist Resource(s)
  -------------------------------------------------------------------    -------------------
                         (clock ap_clk rise edge)     0.000     0.000 r  
                                                      0.000     0.000 r  ap_clk (IN)
                         net (fo=1280295, unset)      0.057     0.057    normalize_ap_fixed_13_7_4_0_0_ap_fixed_8_3_4_0_0_config11_U0/pf_ap_return_30_U/ap_clk
                         SRL16E                                       r  normalize_ap_fixed_13_7_4_0_0_ap_fixed_8_3_4_0_0_config11_U0/pf_ap_return_30_U/fifo_reg[3][9]_srl4/CLK
  -------------------------------------------------------------------    -------------------
                         SRL16E (Prop_SRL16E_CLK_Q)
                                                      0.392     0.449 f  normalize_ap_fixed_13_7_4_0_0_ap_fixed_8_3_4_0_0_config11_U0/pf_ap_return_30_U/fifo_reg[3][9]_srl4/Q
                         net (fo=4, unplaced)         0.151     0.600    normalize_ap_fixed_13_7_4_0_0_ap_fixed_8_3_4_0_0_config11_U0/pf_ap_return_30_U/fifo_reg[3][9]_srl4_n_3
                         LUT4 (Prop_LUT4_I2_O)        0.053     0.653 f  normalize_ap_fixed_13_7_4_0_0_ap_fixed_8_3_4_0_0_config11_U0/pf_ap_return_30_U/pf_done_INST_0/O
                         net (fo=1, unplaced)         0.105     0.758    normalize_ap_fixed_13_7_4_0_0_ap_fixed_8_3_4_0_0_config11_U0/pf_ap_return_30_U_pf_done
                         LUT6 (Prop_LUT6_I0_O)        0.150     0.908 f  normalize_ap_fixed_13_7_4_0_0_ap_fixed_8_3_4_0_0_config11_U0/pf_ap_return_254_U_i_63/O
                         net (fo=1, unplaced)         0.105     1.013    normalize_ap_fixed_13_7_4_0_0_ap_fixed_8_3_4_0_0_config11_U0/pf_ap_return_254_U_i_63_n_3
                         LUT6 (Prop_LUT6_I0_O)        0.150     1.163 f  normalize_ap_fixed_13_7_4_0_0_ap_fixed_8_3_4_0_0_config11_U0/pf_ap_return_254_U_i_50/O
                         net (fo=1, unplaced)         0.186     1.349    normalize_ap_fixed_13_7_4_0_0_ap_fixed_8_3_4_0_0_config11_U0/pf_ap_return_254_U_i_50_n_3
                         LUT6 (Prop_LUT6_I5_O)        0.038     1.387 f  normalize_ap_fixed_13_7_4_0_0_ap_fixed_8_3_4_0_0_config11_U0/pf_ap_return_254_U_i_16/O
                         net (fo=13, unplaced)        0.225     1.612    normalize_ap_fixed_13_7_4_0_0_ap_fixed_8_3_4_0_0_config11_U0/pf_ap_return_254_U_i_16_n_3
                         LUT6 (Prop_LUT6_I5_O)        0.038     1.650 f  normalize_ap_fixed_13_7_4_0_0_ap_fixed_8_3_4_0_0_config11_U0/ap_sync_reg_channel_write_layer11_out_95_i_3/O
                         net (fo=127, unplaced)       0.277     1.927    normalize_ap_fixed_13_7_4_0_0_ap_fixed_8_3_4_0_0_config11_U0/pf_ap_return_254_U_i_16_5
                         LUT3 (Prop_LUT3_I0_O)        0.038     1.965 f  normalize_ap_fixed_13_7_4_0_0_ap_fixed_8_3_4_0_0_config11_U0/ap_sync_reg_channel_write_layer11_out_151_i_1/O
                         net (fo=2, unplaced)         0.140     2.105    normalize_ap_fixed_13_7_4_0_0_ap_fixed_8_3_4_0_0_config11_U0/ap_sync_channel_write_layer11_out_151
                         LUT6 (Prop_LUT6_I3_O)        0.090     2.195 r  normalize_ap_fixed_13_7_4_0_0_ap_fixed_8_3_4_0_0_config11_U0/pf_ap_return_254_U_i_213/O
                         net (fo=1, unplaced)         0.186     2.381    normalize_ap_fixed_13_7_4_0_0_ap_fixed_8_3_4_0_0_config11_U0/pf_ap_return_254_U_i_213_n_3
                         LUT5 (Prop_LUT5_I4_O)        0.038     2.419 r  normalize_ap_fixed_13_7_4_0_0_ap_fixed_8_3_4_0_0_config11_U0/pf_ap_return_254_U_i_211/O
                         net (fo=1, unplaced)         0.186     2.605    normalize_ap_fixed_13_7_4_0_0_ap_fixed_8_3_4_0_0_config11_U0/pf_ap_return_254_U_i_211_n_3
                         LUT6 (Prop_LUT6_I5_O)        0.038     2.643 r  normalize_ap_fixed_13_7_4_0_0_ap_fixed_8_3_4_0_0_config11_U0/pf_ap_return_254_U_i_147/O
                         net (fo=1, unplaced)         0.186     2.829    normalize_ap_fixed_13_7_4_0_0_ap_fixed_8_3_4_0_0_config11_U0/pf_ap_return_254_U_i_147_n_3
                         LUT6 (Prop_LUT6_I5_O)        0.038     2.867 r  normalize_ap_fixed_13_7_4_0_0_ap_fixed_8_3_4_0_0_config11_U0/pf_ap_return_254_U_i_86/O
                         net (fo=1, unplaced)         0.186     3.053    normalize_ap_fixed_13_7_4_0_0_ap_fixed_8_3_4_0_0_config11_U0/pf_ap_return_254_U_i_86_n_3
                         LUT6 (Prop_LUT6_I5_O)        0.038     3.091 f  normalize_ap_fixed_13_7_4_0_0_ap_fixed_8_3_4_0_0_config11_U0/pf_ap_return_254_U_i_53/O
                         net (fo=1, unplaced)         0.186     3.277    layer11_out_51_U/ap_sync_reg_channel_write_layer11_out_61_reg_1
                         LUT6 (Prop_LUT6_I2_O)        0.038     3.315 f  layer11_out_51_U/pf_ap_return_254_U_i_18__3/O
                         net (fo=4, unplaced)         0.198     3.513    normalize_ap_fixed_13_7_4_0_0_ap_fixed_8_3_4_0_0_config11_U0/normalize_ap_fixed_13_7_4_0_0_ap_fixed_8_3_4_0_0_config11_U0_ap_continue
                         LUT2 (Prop_LUT2_I1_O)        0.038     3.551 f  normalize_ap_fixed_13_7_4_0_0_ap_fixed_8_3_4_0_0_config11_U0/pf_ap_return_91_U_i_10__7/O
                         net (fo=375, unplaced)       0.301     3.852    normalize_ap_fixed_13_7_4_0_0_ap_fixed_8_3_4_0_0_config11_U0/pf_ap_return_0_U/pf_continue
                         LUT5 (Prop_LUT5_I4_O)        0.038     3.890 r  normalize_ap_fixed_13_7_4_0_0_ap_fixed_8_3_4_0_0_config11_U0/pf_ap_return_0_U/stalled_i_1/O
                         net (fo=5, unplaced)         0.204     4.094    normalize_ap_fixed_13_7_4_0_0_ap_fixed_8_3_4_0_0_config11_U0/pf_ap_return_0_U/stalled_i_1_n_3
                         LUT4 (Prop_LUT4_I1_O)        0.038     4.132 r  normalize_ap_fixed_13_7_4_0_0_ap_fixed_8_3_4_0_0_config11_U0/pf_ap_return_0_U/fifo_rdPtr[2]_i_1/O
                         net (fo=3, unplaced)         0.146     4.278    normalize_ap_fixed_13_7_4_0_0_ap_fixed_8_3_4_0_0_config11_U0/pf_ap_return_0_U/fifo_rdPtr[2]_i_1_n_3
                         FDSE                                         r  normalize_ap_fixed_13_7_4_0_0_ap_fixed_8_3_4_0_0_config11_U0/pf_ap_return_0_U/fifo_rdPtr_reg[0]/CE
  -------------------------------------------------------------------    -------------------

                         (clock ap_clk rise edge)     5.000     5.000 r  
                                                      0.000     5.000 r  ap_clk (IN)
                         net (fo=1280295, unset)      0.021     5.021    normalize_ap_fixed_13_7_4_0_0_ap_fixed_8_3_4_0_0_config11_U0/pf_ap_return_0_U/ap_clk
                         FDSE                                         r  normalize_ap_fixed_13_7_4_0_0_ap_fixed_8_3_4_0_0_config11_U0/pf_ap_return_0_U/fifo_rdPtr_reg[0]/C
                         clock pessimism              0.000     5.021    
                         clock uncertainty           -0.035     4.986    
                         FDSE (Setup_FDSE_C_CE)      -0.061     4.925    normalize_ap_fixed_13_7_4_0_0_ap_fixed_8_3_4_0_0_config11_U0/pf_ap_return_0_U/fifo_rdPtr_reg[0]
  -------------------------------------------------------------------
                         required time                          4.925    
                         arrival time                          -4.278    
  -------------------------------------------------------------------
                         slack                                  0.647    

Slack (MET) :             0.647ns  (required time - arrival time)
  Source:                 normalize_ap_fixed_13_7_4_0_0_ap_fixed_8_3_4_0_0_config11_U0/pf_ap_return_30_U/fifo_reg[3][9]_srl4/CLK
                            (rising edge-triggered cell SRL16E clocked by ap_clk  {rise@0.000ns fall@2.500ns period=5.000ns})
  Destination:            normalize_ap_fixed_13_7_4_0_0_ap_fixed_8_3_4_0_0_config11_U0/pf_ap_return_0_U/fifo_rdPtr_reg[1]/CE
                            (rising edge-triggered cell FDSE clocked by ap_clk  {rise@0.000ns fall@2.500ns period=5.000ns})
  Path Group:             ap_clk
  Path Type:              Setup (Max at Slow Process Corner)
  Requirement:            5.000ns  (ap_clk rise@5.000ns - ap_clk rise@0.000ns)
  Data Path Delay:        4.221ns  (logic 1.253ns (29.685%)  route 2.968ns (70.315%))
  Logic Levels:           15  (LUT2=1 LUT3=1 LUT4=2 LUT5=2 LUT6=9)
  Clock Path Skew:        -0.036ns (DCD - SCD + CPR)
    Destination Clock Delay (DCD):    0.021ns = ( 5.021 - 5.000 ) 
    Source Clock Delay      (SCD):    0.057ns
    Clock Pessimism Removal (CPR):    0.000ns
  Clock Uncertainty:      0.035ns  ((TSJ^2 + TIJ^2)^1/2 + DJ) / 2 + PE
    Total System Jitter     (TSJ):    0.071ns
    Total Input Jitter      (TIJ):    0.000ns
    Discrete Jitter          (DJ):    0.000ns
    Phase Error              (PE):    0.000ns

    Location             Delay type                Incr(ns)  Path(ns)    Netlist Resource(s)
  -------------------------------------------------------------------    -------------------
                         (clock ap_clk rise edge)     0.000     0.000 r  
                                                      0.000     0.000 r  ap_clk (IN)
                         net (fo=1280295, unset)      0.057     0.057    normalize_ap_fixed_13_7_4_0_0_ap_fixed_8_3_4_0_0_config11_U0/pf_ap_return_30_U/ap_clk
                         SRL16E                                       r  normalize_ap_fixed_13_7_4_0_0_ap_fixed_8_3_4_0_0_config11_U0/pf_ap_return_30_U/fifo_reg[3][9]_srl4/CLK
  -------------------------------------------------------------------    -------------------
                         SRL16E (Prop_SRL16E_CLK_Q)
                                                      0.392     0.449 f  normalize_ap_fixed_13_7_4_0_0_ap_fixed_8_3_4_0_0_config11_U0/pf_ap_return_30_U/fifo_reg[3][9]_srl4/Q
                         net (fo=4, unplaced)         0.151     0.600    normalize_ap_fixed_13_7_4_0_0_ap_fixed_8_3_4_0_0_config11_U0/pf_ap_return_30_U/fifo_reg[3][9]_srl4_n_3
                         LUT4 (Prop_LUT4_I2_O)        0.053     0.653 f  normalize_ap_fixed_13_7_4_0_0_ap_fixed_8_3_4_0_0_config11_U0/pf_ap_return_30_U/pf_done_INST_0/O
                         net (fo=1, unplaced)         0.105     0.758    normalize_ap_fixed_13_7_4_0_0_ap_fixed_8_3_4_0_0_config11_U0/pf_ap_return_30_U_pf_done
                         LUT6 (Prop_LUT6_I0_O)        0.150     0.908 f  normalize_ap_fixed_13_7_4_0_0_ap_fixed_8_3_4_0_0_config11_U0/pf_ap_return_254_U_i_63/O
                         net (fo=1, unplaced)         0.105     1.013    normalize_ap_fixed_13_7_4_0_0_ap_fixed_8_3_4_0_0_config11_U0/pf_ap_return_254_U_i_63_n_3
                         LUT6 (Prop_LUT6_I0_O)        0.150     1.163 f  normalize_ap_fixed_13_7_4_0_0_ap_fixed_8_3_4_0_0_config11_U0/pf_ap_return_254_U_i_50/O
                         net (fo=1, unplaced)         0.186     1.349    normalize_ap_fixed_13_7_4_0_0_ap_fixed_8_3_4_0_0_config11_U0/pf_ap_return_254_U_i_50_n_3
                         LUT6 (Prop_LUT6_I5_O)        0.038     1.387 f  normalize_ap_fixed_13_7_4_0_0_ap_fixed_8_3_4_0_0_config11_U0/pf_ap_return_254_U_i_16/O
                         net (fo=13, unplaced)        0.225     1.612    normalize_ap_fixed_13_7_4_0_0_ap_fixed_8_3_4_0_0_config11_U0/pf_ap_return_254_U_i_16_n_3
                         LUT6 (Prop_LUT6_I5_O)        0.038     1.650 f  normalize_ap_fixed_13_7_4_0_0_ap_fixed_8_3_4_0_0_config11_U0/ap_sync_reg_channel_write_layer11_out_95_i_3/O
                         net (fo=127, unplaced)       0.277     1.927    normalize_ap_fixed_13_7_4_0_0_ap_fixed_8_3_4_0_0_config11_U0/pf_ap_return_254_U_i_16_5
                         LUT3 (Prop_LUT3_I0_O)        0.038     1.965 f  normalize_ap_fixed_13_7_4_0_0_ap_fixed_8_3_4_0_0_config11_U0/ap_sync_reg_channel_write_layer11_out_151_i_1/O
                         net (fo=2, unplaced)         0.140     2.105    normalize_ap_fixed_13_7_4_0_0_ap_fixed_8_3_4_0_0_config11_U0/ap_sync_channel_write_layer11_out_151
                         LUT6 (Prop_LUT6_I3_O)        0.090     2.195 r  normalize_ap_fixed_13_7_4_0_0_ap_fixed_8_3_4_0_0_config11_U0/pf_ap_return_254_U_i_213/O
                         net (fo=1, unplaced)         0.186     2.381    normalize_ap_fixed_13_7_4_0_0_ap_fixed_8_3_4_0_0_config11_U0/pf_ap_return_254_U_i_213_n_3
                         LUT5 (Prop_LUT5_I4_O)        0.038     2.419 r  normalize_ap_fixed_13_7_4_0_0_ap_fixed_8_3_4_0_0_config11_U0/pf_ap_return_254_U_i_211/O
                         net (fo=1, unplaced)         0.186     2.605    normalize_ap_fixed_13_7_4_0_0_ap_fixed_8_3_4_0_0_config11_U0/pf_ap_return_254_U_i_211_n_3
                         LUT6 (Prop_LUT6_I5_O)        0.038     2.643 r  normalize_ap_fixed_13_7_4_0_0_ap_fixed_8_3_4_0_0_config11_U0/pf_ap_return_254_U_i_147/O
                         net (fo=1, unplaced)         0.186     2.829    normalize_ap_fixed_13_7_4_0_0_ap_fixed_8_3_4_0_0_config11_U0/pf_ap_return_254_U_i_147_n_3
                         LUT6 (Prop_LUT6_I5_O)        0.038     2.867 r  normalize_ap_fixed_13_7_4_0_0_ap_fixed_8_3_4_0_0_config11_U0/pf_ap_return_254_U_i_86/O
                         net (fo=1, unplaced)         0.186     3.053    normalize_ap_fixed_13_7_4_0_0_ap_fixed_8_3_4_0_0_config11_U0/pf_ap_return_254_U_i_86_n_3
                         LUT6 (Prop_LUT6_I5_O)        0.038     3.091 f  normalize_ap_fixed_13_7_4_0_0_ap_fixed_8_3_4_0_0_config11_U0/pf_ap_return_254_U_i_53/O
                         net (fo=1, unplaced)         0.186     3.277    layer11_out_51_U/ap_sync_reg_channel_write_layer11_out_61_reg_1
                         LUT6 (Prop_LUT6_I2_O)        0.038     3.315 f  layer11_out_51_U/pf_ap_return_254_U_i_18__3/O
                         net (fo=4, unplaced)         0.198     3.513    normalize_ap_fixed_13_7_4_0_0_ap_fixed_8_3_4_0_0_config11_U0/normalize_ap_fixed_13_7_4_0_0_ap_fixed_8_3_4_0_0_config11_U0_ap_continue
                         LUT2 (Prop_LUT2_I1_O)        0.038     3.551 f  normalize_ap_fixed_13_7_4_0_0_ap_fixed_8_3_4_0_0_config11_U0/pf_ap_return_91_U_i_10__7/O
                         net (fo=375, unplaced)       0.301     3.852    normalize_ap_fixed_13_7_4_0_0_ap_fixed_8_3_4_0_0_config11_U0/pf_ap_return_0_U/pf_continue
                         LUT5 (Prop_LUT5_I4_O)        0.038     3.890 r  normalize_ap_fixed_13_7_4_0_0_ap_fixed_8_3_4_0_0_config11_U0/pf_ap_return_0_U/stalled_i_1/O
                         net (fo=5, unplaced)         0.204     4.094    normalize_ap_fixed_13_7_4_0_0_ap_fixed_8_3_4_0_0_config11_U0/pf_ap_return_0_U/stalled_i_1_n_3
                         LUT4 (Prop_LUT4_I1_O)        0.038     4.132 r  normalize_ap_fixed_13_7_4_0_0_ap_fixed_8_3_4_0_0_config11_U0/pf_ap_return_0_U/fifo_rdPtr[2]_i_1/O
                         net (fo=3, unplaced)         0.146     4.278    normalize_ap_fixed_13_7_4_0_0_ap_fixed_8_3_4_0_0_config11_U0/pf_ap_return_0_U/fifo_rdPtr[2]_i_1_n_3
                         FDSE                                         r  normalize_ap_fixed_13_7_4_0_0_ap_fixed_8_3_4_0_0_config11_U0/pf_ap_return_0_U/fifo_rdPtr_reg[1]/CE
  -------------------------------------------------------------------    -------------------

                         (clock ap_clk rise edge)     5.000     5.000 r  
                                                      0.000     5.000 r  ap_clk (IN)
                         net (fo=1280295, unset)      0.021     5.021    normalize_ap_fixed_13_7_4_0_0_ap_fixed_8_3_4_0_0_config11_U0/pf_ap_return_0_U/ap_clk
                         FDSE                                         r  normalize_ap_fixed_13_7_4_0_0_ap_fixed_8_3_4_0_0_config11_U0/pf_ap_return_0_U/fifo_rdPtr_reg[1]/C
                         clock pessimism              0.000     5.021    
                         clock uncertainty           -0.035     4.986    
                         FDSE (Setup_FDSE_C_CE)      -0.061     4.925    normalize_ap_fixed_13_7_4_0_0_ap_fixed_8_3_4_0_0_config11_U0/pf_ap_return_0_U/fifo_rdPtr_reg[1]
  -------------------------------------------------------------------
                         required time                          4.925    
                         arrival time                          -4.278    
  -------------------------------------------------------------------
                         slack                                  0.647    

Slack (MET) :             0.647ns  (required time - arrival time)
  Source:                 normalize_ap_fixed_13_7_4_0_0_ap_fixed_8_3_4_0_0_config11_U0/pf_ap_return_30_U/fifo_reg[3][9]_srl4/CLK
                            (rising edge-triggered cell SRL16E clocked by ap_clk  {rise@0.000ns fall@2.500ns period=5.000ns})
  Destination:            normalize_ap_fixed_13_7_4_0_0_ap_fixed_8_3_4_0_0_config11_U0/pf_ap_return_0_U/fifo_rdPtr_reg[2]/CE
                            (rising edge-triggered cell FDSE clocked by ap_clk  {rise@0.000ns fall@2.500ns period=5.000ns})
  Path Group:             ap_clk
  Path Type:              Setup (Max at Slow Process Corner)
  Requirement:            5.000ns  (ap_clk rise@5.000ns - ap_clk rise@0.000ns)
  Data Path Delay:        4.221ns  (logic 1.253ns (29.685%)  route 2.968ns (70.315%))
  Logic Levels:           15  (LUT2=1 LUT3=1 LUT4=2 LUT5=2 LUT6=9)
  Clock Path Skew:        -0.036ns (DCD - SCD + CPR)
    Destination Clock Delay (DCD):    0.021ns = ( 5.021 - 5.000 ) 
    Source Clock Delay      (SCD):    0.057ns
    Clock Pessimism Removal (CPR):    0.000ns
  Clock Uncertainty:      0.035ns  ((TSJ^2 + TIJ^2)^1/2 + DJ) / 2 + PE
    Total System Jitter     (TSJ):    0.071ns
    Total Input Jitter      (TIJ):    0.000ns
    Discrete Jitter          (DJ):    0.000ns
    Phase Error              (PE):    0.000ns

    Location             Delay type                Incr(ns)  Path(ns)    Netlist Resource(s)
  -------------------------------------------------------------------    -------------------
                         (clock ap_clk rise edge)     0.000     0.000 r  
                                                      0.000     0.000 r  ap_clk (IN)
                         net (fo=1280295, unset)      0.057     0.057    normalize_ap_fixed_13_7_4_0_0_ap_fixed_8_3_4_0_0_config11_U0/pf_ap_return_30_U/ap_clk
                         SRL16E                                       r  normalize_ap_fixed_13_7_4_0_0_ap_fixed_8_3_4_0_0_config11_U0/pf_ap_return_30_U/fifo_reg[3][9]_srl4/CLK
  -------------------------------------------------------------------    -------------------
                         SRL16E (Prop_SRL16E_CLK_Q)
                                                      0.392     0.449 f  normalize_ap_fixed_13_7_4_0_0_ap_fixed_8_3_4_0_0_config11_U0/pf_ap_return_30_U/fifo_reg[3][9]_srl4/Q
                         net (fo=4, unplaced)         0.151     0.600    normalize_ap_fixed_13_7_4_0_0_ap_fixed_8_3_4_0_0_config11_U0/pf_ap_return_30_U/fifo_reg[3][9]_srl4_n_3
                         LUT4 (Prop_LUT4_I2_O)        0.053     0.653 f  normalize_ap_fixed_13_7_4_0_0_ap_fixed_8_3_4_0_0_config11_U0/pf_ap_return_30_U/pf_done_INST_0/O
                         net (fo=1, unplaced)         0.105     0.758    normalize_ap_fixed_13_7_4_0_0_ap_fixed_8_3_4_0_0_config11_U0/pf_ap_return_30_U_pf_done
                         LUT6 (Prop_LUT6_I0_O)        0.150     0.908 f  normalize_ap_fixed_13_7_4_0_0_ap_fixed_8_3_4_0_0_config11_U0/pf_ap_return_254_U_i_63/O
                         net (fo=1, unplaced)         0.105     1.013    normalize_ap_fixed_13_7_4_0_0_ap_fixed_8_3_4_0_0_config11_U0/pf_ap_return_254_U_i_63_n_3
                         LUT6 (Prop_LUT6_I0_O)        0.150     1.163 f  normalize_ap_fixed_13_7_4_0_0_ap_fixed_8_3_4_0_0_config11_U0/pf_ap_return_254_U_i_50/O
                         net (fo=1, unplaced)         0.186     1.349    normalize_ap_fixed_13_7_4_0_0_ap_fixed_8_3_4_0_0_config11_U0/pf_ap_return_254_U_i_50_n_3
                         LUT6 (Prop_LUT6_I5_O)        0.038     1.387 f  normalize_ap_fixed_13_7_4_0_0_ap_fixed_8_3_4_0_0_config11_U0/pf_ap_return_254_U_i_16/O
                         net (fo=13, unplaced)        0.225     1.612    normalize_ap_fixed_13_7_4_0_0_ap_fixed_8_3_4_0_0_config11_U0/pf_ap_return_254_U_i_16_n_3
                         LUT6 (Prop_LUT6_I5_O)        0.038     1.650 f  normalize_ap_fixed_13_7_4_0_0_ap_fixed_8_3_4_0_0_config11_U0/ap_sync_reg_channel_write_layer11_out_95_i_3/O
                         net (fo=127, unplaced)       0.277     1.927    normalize_ap_fixed_13_7_4_0_0_ap_fixed_8_3_4_0_0_config11_U0/pf_ap_return_254_U_i_16_5
                         LUT3 (Prop_LUT3_I0_O)        0.038     1.965 f  normalize_ap_fixed_13_7_4_0_0_ap_fixed_8_3_4_0_0_config11_U0/ap_sync_reg_channel_write_layer11_out_151_i_1/O
                         net (fo=2, unplaced)         0.140     2.105    normalize_ap_fixed_13_7_4_0_0_ap_fixed_8_3_4_0_0_config11_U0/ap_sync_channel_write_layer11_out_151
                         LUT6 (Prop_LUT6_I3_O)        0.090     2.195 r  normalize_ap_fixed_13_7_4_0_0_ap_fixed_8_3_4_0_0_config11_U0/pf_ap_return_254_U_i_213/O
                         net (fo=1, unplaced)         0.186     2.381    normalize_ap_fixed_13_7_4_0_0_ap_fixed_8_3_4_0_0_config11_U0/pf_ap_return_254_U_i_213_n_3
                         LUT5 (Prop_LUT5_I4_O)        0.038     2.419 r  normalize_ap_fixed_13_7_4_0_0_ap_fixed_8_3_4_0_0_config11_U0/pf_ap_return_254_U_i_211/O
                         net (fo=1, unplaced)         0.186     2.605    normalize_ap_fixed_13_7_4_0_0_ap_fixed_8_3_4_0_0_config11_U0/pf_ap_return_254_U_i_211_n_3
                         LUT6 (Prop_LUT6_I5_O)        0.038     2.643 r  normalize_ap_fixed_13_7_4_0_0_ap_fixed_8_3_4_0_0_config11_U0/pf_ap_return_254_U_i_147/O
                         net (fo=1, unplaced)         0.186     2.829    normalize_ap_fixed_13_7_4_0_0_ap_fixed_8_3_4_0_0_config11_U0/pf_ap_return_254_U_i_147_n_3
                         LUT6 (Prop_LUT6_I5_O)        0.038     2.867 r  normalize_ap_fixed_13_7_4_0_0_ap_fixed_8_3_4_0_0_config11_U0/pf_ap_return_254_U_i_86/O
                         net (fo=1, unplaced)         0.186     3.053    normalize_ap_fixed_13_7_4_0_0_ap_fixed_8_3_4_0_0_config11_U0/pf_ap_return_254_U_i_86_n_3
                         LUT6 (Prop_LUT6_I5_O)        0.038     3.091 f  normalize_ap_fixed_13_7_4_0_0_ap_fixed_8_3_4_0_0_config11_U0/pf_ap_return_254_U_i_53/O
                         net (fo=1, unplaced)         0.186     3.277    layer11_out_51_U/ap_sync_reg_channel_write_layer11_out_61_reg_1
                         LUT6 (Prop_LUT6_I2_O)        0.038     3.315 f  layer11_out_51_U/pf_ap_return_254_U_i_18__3/O
                         net (fo=4, unplaced)         0.198     3.513    normalize_ap_fixed_13_7_4_0_0_ap_fixed_8_3_4_0_0_config11_U0/normalize_ap_fixed_13_7_4_0_0_ap_fixed_8_3_4_0_0_config11_U0_ap_continue
                         LUT2 (Prop_LUT2_I1_O)        0.038     3.551 f  normalize_ap_fixed_13_7_4_0_0_ap_fixed_8_3_4_0_0_config11_U0/pf_ap_return_91_U_i_10__7/O
                         net (fo=375, unplaced)       0.301     3.852    normalize_ap_fixed_13_7_4_0_0_ap_fixed_8_3_4_0_0_config11_U0/pf_ap_return_0_U/pf_continue
                         LUT5 (Prop_LUT5_I4_O)        0.038     3.890 r  normalize_ap_fixed_13_7_4_0_0_ap_fixed_8_3_4_0_0_config11_U0/pf_ap_return_0_U/stalled_i_1/O
                         net (fo=5, unplaced)         0.204     4.094    normalize_ap_fixed_13_7_4_0_0_ap_fixed_8_3_4_0_0_config11_U0/pf_ap_return_0_U/stalled_i_1_n_3
                         LUT4 (Prop_LUT4_I1_O)        0.038     4.132 r  normalize_ap_fixed_13_7_4_0_0_ap_fixed_8_3_4_0_0_config11_U0/pf_ap_return_0_U/fifo_rdPtr[2]_i_1/O
                         net (fo=3, unplaced)         0.146     4.278    normalize_ap_fixed_13_7_4_0_0_ap_fixed_8_3_4_0_0_config11_U0/pf_ap_return_0_U/fifo_rdPtr[2]_i_1_n_3
                         FDSE                                         r  normalize_ap_fixed_13_7_4_0_0_ap_fixed_8_3_4_0_0_config11_U0/pf_ap_return_0_U/fifo_rdPtr_reg[2]/CE
  -------------------------------------------------------------------    -------------------

                         (clock ap_clk rise edge)     5.000     5.000 r  
                                                      0.000     5.000 r  ap_clk (IN)
                         net (fo=1280295, unset)      0.021     5.021    normalize_ap_fixed_13_7_4_0_0_ap_fixed_8_3_4_0_0_config11_U0/pf_ap_return_0_U/ap_clk
                         FDSE                                         r  normalize_ap_fixed_13_7_4_0_0_ap_fixed_8_3_4_0_0_config11_U0/pf_ap_return_0_U/fifo_rdPtr_reg[2]/C
                         clock pessimism              0.000     5.021    
                         clock uncertainty           -0.035     4.986    
                         FDSE (Setup_FDSE_C_CE)      -0.061     4.925    normalize_ap_fixed_13_7_4_0_0_ap_fixed_8_3_4_0_0_config11_U0/pf_ap_return_0_U/fifo_rdPtr_reg[2]
  -------------------------------------------------------------------
                         required time                          4.925    
                         arrival time                          -4.278    
  -------------------------------------------------------------------
                         slack                                  0.647    

Slack (MET) :             0.647ns  (required time - arrival time)
  Source:                 normalize_ap_fixed_13_7_4_0_0_ap_fixed_8_3_4_0_0_config11_U0/pf_ap_return_30_U/fifo_reg[3][9]_srl4/CLK
                            (rising edge-triggered cell SRL16E clocked by ap_clk  {rise@0.000ns fall@2.500ns period=5.000ns})
  Destination:            normalize_ap_fixed_13_7_4_0_0_ap_fixed_8_3_4_0_0_config11_U0/pf_ap_return_100_U/fifo_rdPtr_reg[0]/CE
                            (rising edge-triggered cell FDSE clocked by ap_clk  {rise@0.000ns fall@2.500ns period=5.000ns})
  Path Group:             ap_clk
  Path Type:              Setup (Max at Slow Process Corner)
  Requirement:            5.000ns  (ap_clk rise@5.000ns - ap_clk rise@0.000ns)
  Data Path Delay:        4.221ns  (logic 1.253ns (29.685%)  route 2.968ns (70.315%))
  Logic Levels:           15  (LUT2=1 LUT3=1 LUT4=2 LUT5=2 LUT6=9)
  Clock Path Skew:        -0.036ns (DCD - SCD + CPR)
    Destination Clock Delay (DCD):    0.021ns = ( 5.021 - 5.000 ) 
    Source Clock Delay      (SCD):    0.057ns
    Clock Pessimism Removal (CPR):    0.000ns
  Clock Uncertainty:      0.035ns  ((TSJ^2 + TIJ^2)^1/2 + DJ) / 2 + PE
    Total System Jitter     (TSJ):    0.071ns
    Total Input Jitter      (TIJ):    0.000ns
    Discrete Jitter          (DJ):    0.000ns
    Phase Error              (PE):    0.000ns

    Location             Delay type                Incr(ns)  Path(ns)    Netlist Resource(s)
  -------------------------------------------------------------------    -------------------
                         (clock ap_clk rise edge)     0.000     0.000 r  
                                                      0.000     0.000 r  ap_clk (IN)
                         net (fo=1280295, unset)      0.057     0.057    normalize_ap_fixed_13_7_4_0_0_ap_fixed_8_3_4_0_0_config11_U0/pf_ap_return_30_U/ap_clk
                         SRL16E                                       r  normalize_ap_fixed_13_7_4_0_0_ap_fixed_8_3_4_0_0_config11_U0/pf_ap_return_30_U/fifo_reg[3][9]_srl4/CLK
  -------------------------------------------------------------------    -------------------
                         SRL16E (Prop_SRL16E_CLK_Q)
                                                      0.392     0.449 f  normalize_ap_fixed_13_7_4_0_0_ap_fixed_8_3_4_0_0_config11_U0/pf_ap_return_30_U/fifo_reg[3][9]_srl4/Q
                         net (fo=4, unplaced)         0.151     0.600    normalize_ap_fixed_13_7_4_0_0_ap_fixed_8_3_4_0_0_config11_U0/pf_ap_return_30_U/fifo_reg[3][9]_srl4_n_3
                         LUT4 (Prop_LUT4_I2_O)        0.053     0.653 f  normalize_ap_fixed_13_7_4_0_0_ap_fixed_8_3_4_0_0_config11_U0/pf_ap_return_30_U/pf_done_INST_0/O
                         net (fo=1, unplaced)         0.105     0.758    normalize_ap_fixed_13_7_4_0_0_ap_fixed_8_3_4_0_0_config11_U0/pf_ap_return_30_U_pf_done
                         LUT6 (Prop_LUT6_I0_O)        0.150     0.908 f  normalize_ap_fixed_13_7_4_0_0_ap_fixed_8_3_4_0_0_config11_U0/pf_ap_return_254_U_i_63/O
                         net (fo=1, unplaced)         0.105     1.013    normalize_ap_fixed_13_7_4_0_0_ap_fixed_8_3_4_0_0_config11_U0/pf_ap_return_254_U_i_63_n_3
                         LUT6 (Prop_LUT6_I0_O)        0.150     1.163 f  normalize_ap_fixed_13_7_4_0_0_ap_fixed_8_3_4_0_0_config11_U0/pf_ap_return_254_U_i_50/O
                         net (fo=1, unplaced)         0.186     1.349    normalize_ap_fixed_13_7_4_0_0_ap_fixed_8_3_4_0_0_config11_U0/pf_ap_return_254_U_i_50_n_3
                         LUT6 (Prop_LUT6_I5_O)        0.038     1.387 f  normalize_ap_fixed_13_7_4_0_0_ap_fixed_8_3_4_0_0_config11_U0/pf_ap_return_254_U_i_16/O
                         net (fo=13, unplaced)        0.225     1.612    normalize_ap_fixed_13_7_4_0_0_ap_fixed_8_3_4_0_0_config11_U0/pf_ap_return_254_U_i_16_n_3
                         LUT6 (Prop_LUT6_I5_O)        0.038     1.650 f  normalize_ap_fixed_13_7_4_0_0_ap_fixed_8_3_4_0_0_config11_U0/ap_sync_reg_channel_write_layer11_out_95_i_3/O
                         net (fo=127, unplaced)       0.277     1.927    normalize_ap_fixed_13_7_4_0_0_ap_fixed_8_3_4_0_0_config11_U0/pf_ap_return_254_U_i_16_5
                         LUT3 (Prop_LUT3_I0_O)        0.038     1.965 f  normalize_ap_fixed_13_7_4_0_0_ap_fixed_8_3_4_0_0_config11_U0/ap_sync_reg_channel_write_layer11_out_151_i_1/O
                         net (fo=2, unplaced)         0.140     2.105    normalize_ap_fixed_13_7_4_0_0_ap_fixed_8_3_4_0_0_config11_U0/ap_sync_channel_write_layer11_out_151
                         LUT6 (Prop_LUT6_I3_O)        0.090     2.195 r  normalize_ap_fixed_13_7_4_0_0_ap_fixed_8_3_4_0_0_config11_U0/pf_ap_return_254_U_i_213/O
                         net (fo=1, unplaced)         0.186     2.381    normalize_ap_fixed_13_7_4_0_0_ap_fixed_8_3_4_0_0_config11_U0/pf_ap_return_254_U_i_213_n_3
                         LUT5 (Prop_LUT5_I4_O)        0.038     2.419 r  normalize_ap_fixed_13_7_4_0_0_ap_fixed_8_3_4_0_0_config11_U0/pf_ap_return_254_U_i_211/O
                         net (fo=1, unplaced)         0.186     2.605    normalize_ap_fixed_13_7_4_0_0_ap_fixed_8_3_4_0_0_config11_U0/pf_ap_return_254_U_i_211_n_3
                         LUT6 (Prop_LUT6_I5_O)        0.038     2.643 r  normalize_ap_fixed_13_7_4_0_0_ap_fixed_8_3_4_0_0_config11_U0/pf_ap_return_254_U_i_147/O
                         net (fo=1, unplaced)         0.186     2.829    normalize_ap_fixed_13_7_4_0_0_ap_fixed_8_3_4_0_0_config11_U0/pf_ap_return_254_U_i_147_n_3
                         LUT6 (Prop_LUT6_I5_O)        0.038     2.867 r  normalize_ap_fixed_13_7_4_0_0_ap_fixed_8_3_4_0_0_config11_U0/pf_ap_return_254_U_i_86/O
                         net (fo=1, unplaced)         0.186     3.053    normalize_ap_fixed_13_7_4_0_0_ap_fixed_8_3_4_0_0_config11_U0/pf_ap_return_254_U_i_86_n_3
                         LUT6 (Prop_LUT6_I5_O)        0.038     3.091 f  normalize_ap_fixed_13_7_4_0_0_ap_fixed_8_3_4_0_0_config11_U0/pf_ap_return_254_U_i_53/O
                         net (fo=1, unplaced)         0.186     3.277    layer11_out_51_U/ap_sync_reg_channel_write_layer11_out_61_reg_1
                         LUT6 (Prop_LUT6_I2_O)        0.038     3.315 f  layer11_out_51_U/pf_ap_return_254_U_i_18__3/O
                         net (fo=4, unplaced)         0.198     3.513    normalize_ap_fixed_13_7_4_0_0_ap_fixed_8_3_4_0_0_config11_U0/normalize_ap_fixed_13_7_4_0_0_ap_fixed_8_3_4_0_0_config11_U0_ap_continue
                         LUT2 (Prop_LUT2_I1_O)        0.038     3.551 f  normalize_ap_fixed_13_7_4_0_0_ap_fixed_8_3_4_0_0_config11_U0/pf_ap_return_254_U_i_10__7/O
                         net (fo=375, unplaced)       0.301     3.852    normalize_ap_fixed_13_7_4_0_0_ap_fixed_8_3_4_0_0_config11_U0/pf_ap_return_100_U/pf_continue
                         LUT5 (Prop_LUT5_I4_O)        0.038     3.890 r  normalize_ap_fixed_13_7_4_0_0_ap_fixed_8_3_4_0_0_config11_U0/pf_ap_return_100_U/stalled_i_1/O
                         net (fo=5, unplaced)         0.204     4.094    normalize_ap_fixed_13_7_4_0_0_ap_fixed_8_3_4_0_0_config11_U0/pf_ap_return_100_U/stalled_i_1_n_3
                         LUT4 (Prop_LUT4_I1_O)        0.038     4.132 r  normalize_ap_fixed_13_7_4_0_0_ap_fixed_8_3_4_0_0_config11_U0/pf_ap_return_100_U/fifo_rdPtr[2]_i_1/O
                         net (fo=3, unplaced)         0.146     4.278    normalize_ap_fixed_13_7_4_0_0_ap_fixed_8_3_4_0_0_config11_U0/pf_ap_return_100_U/fifo_rdPtr[2]_i_1_n_3
                         FDSE                                         r  normalize_ap_fixed_13_7_4_0_0_ap_fixed_8_3_4_0_0_config11_U0/pf_ap_return_100_U/fifo_rdPtr_reg[0]/CE
  -------------------------------------------------------------------    -------------------

                         (clock ap_clk rise edge)     5.000     5.000 r  
                                                      0.000     5.000 r  ap_clk (IN)
                         net (fo=1280295, unset)      0.021     5.021    normalize_ap_fixed_13_7_4_0_0_ap_fixed_8_3_4_0_0_config11_U0/pf_ap_return_100_U/ap_clk
                         FDSE                                         r  normalize_ap_fixed_13_7_4_0_0_ap_fixed_8_3_4_0_0_config11_U0/pf_ap_return_100_U/fifo_rdPtr_reg[0]/C
                         clock pessimism              0.000     5.021    
                         clock uncertainty           -0.035     4.986    
                         FDSE (Setup_FDSE_C_CE)      -0.061     4.925    normalize_ap_fixed_13_7_4_0_0_ap_fixed_8_3_4_0_0_config11_U0/pf_ap_return_100_U/fifo_rdPtr_reg[0]
  -------------------------------------------------------------------
                         required time                          4.925    
                         arrival time                          -4.278    
  -------------------------------------------------------------------
                         slack                                  0.647    

Slack (MET) :             0.647ns  (required time - arrival time)
  Source:                 normalize_ap_fixed_13_7_4_0_0_ap_fixed_8_3_4_0_0_config11_U0/pf_ap_return_30_U/fifo_reg[3][9]_srl4/CLK
                            (rising edge-triggered cell SRL16E clocked by ap_clk  {rise@0.000ns fall@2.500ns period=5.000ns})
  Destination:            normalize_ap_fixed_13_7_4_0_0_ap_fixed_8_3_4_0_0_config11_U0/pf_ap_return_100_U/fifo_rdPtr_reg[1]/CE
                            (rising edge-triggered cell FDSE clocked by ap_clk  {rise@0.000ns fall@2.500ns period=5.000ns})
  Path Group:             ap_clk
  Path Type:              Setup (Max at Slow Process Corner)
  Requirement:            5.000ns  (ap_clk rise@5.000ns - ap_clk rise@0.000ns)
  Data Path Delay:        4.221ns  (logic 1.253ns (29.685%)  route 2.968ns (70.315%))
  Logic Levels:           15  (LUT2=1 LUT3=1 LUT4=2 LUT5=2 LUT6=9)
  Clock Path Skew:        -0.036ns (DCD - SCD + CPR)
    Destination Clock Delay (DCD):    0.021ns = ( 5.021 - 5.000 ) 
    Source Clock Delay      (SCD):    0.057ns
    Clock Pessimism Removal (CPR):    0.000ns
  Clock Uncertainty:      0.035ns  ((TSJ^2 + TIJ^2)^1/2 + DJ) / 2 + PE
    Total System Jitter     (TSJ):    0.071ns
    Total Input Jitter      (TIJ):    0.000ns
    Discrete Jitter          (DJ):    0.000ns
    Phase Error              (PE):    0.000ns

    Location             Delay type                Incr(ns)  Path(ns)    Netlist Resource(s)
  -------------------------------------------------------------------    -------------------
                         (clock ap_clk rise edge)     0.000     0.000 r  
                                                      0.000     0.000 r  ap_clk (IN)
                         net (fo=1280295, unset)      0.057     0.057    normalize_ap_fixed_13_7_4_0_0_ap_fixed_8_3_4_0_0_config11_U0/pf_ap_return_30_U/ap_clk
                         SRL16E                                       r  normalize_ap_fixed_13_7_4_0_0_ap_fixed_8_3_4_0_0_config11_U0/pf_ap_return_30_U/fifo_reg[3][9]_srl4/CLK
  -------------------------------------------------------------------    -------------------
                         SRL16E (Prop_SRL16E_CLK_Q)
                                                      0.392     0.449 f  normalize_ap_fixed_13_7_4_0_0_ap_fixed_8_3_4_0_0_config11_U0/pf_ap_return_30_U/fifo_reg[3][9]_srl4/Q
                         net (fo=4, unplaced)         0.151     0.600    normalize_ap_fixed_13_7_4_0_0_ap_fixed_8_3_4_0_0_config11_U0/pf_ap_return_30_U/fifo_reg[3][9]_srl4_n_3
                         LUT4 (Prop_LUT4_I2_O)        0.053     0.653 f  normalize_ap_fixed_13_7_4_0_0_ap_fixed_8_3_4_0_0_config11_U0/pf_ap_return_30_U/pf_done_INST_0/O
                         net (fo=1, unplaced)         0.105     0.758    normalize_ap_fixed_13_7_4_0_0_ap_fixed_8_3_4_0_0_config11_U0/pf_ap_return_30_U_pf_done
                         LUT6 (Prop_LUT6_I0_O)        0.150     0.908 f  normalize_ap_fixed_13_7_4_0_0_ap_fixed_8_3_4_0_0_config11_U0/pf_ap_return_254_U_i_63/O
                         net (fo=1, unplaced)         0.105     1.013    normalize_ap_fixed_13_7_4_0_0_ap_fixed_8_3_4_0_0_config11_U0/pf_ap_return_254_U_i_63_n_3
                         LUT6 (Prop_LUT6_I0_O)        0.150     1.163 f  normalize_ap_fixed_13_7_4_0_0_ap_fixed_8_3_4_0_0_config11_U0/pf_ap_return_254_U_i_50/O
                         net (fo=1, unplaced)         0.186     1.349    normalize_ap_fixed_13_7_4_0_0_ap_fixed_8_3_4_0_0_config11_U0/pf_ap_return_254_U_i_50_n_3
                         LUT6 (Prop_LUT6_I5_O)        0.038     1.387 f  normalize_ap_fixed_13_7_4_0_0_ap_fixed_8_3_4_0_0_config11_U0/pf_ap_return_254_U_i_16/O
                         net (fo=13, unplaced)        0.225     1.612    normalize_ap_fixed_13_7_4_0_0_ap_fixed_8_3_4_0_0_config11_U0/pf_ap_return_254_U_i_16_n_3
                         LUT6 (Prop_LUT6_I5_O)        0.038     1.650 f  normalize_ap_fixed_13_7_4_0_0_ap_fixed_8_3_4_0_0_config11_U0/ap_sync_reg_channel_write_layer11_out_95_i_3/O
                         net (fo=127, unplaced)       0.277     1.927    normalize_ap_fixed_13_7_4_0_0_ap_fixed_8_3_4_0_0_config11_U0/pf_ap_return_254_U_i_16_5
                         LUT3 (Prop_LUT3_I0_O)        0.038     1.965 f  normalize_ap_fixed_13_7_4_0_0_ap_fixed_8_3_4_0_0_config11_U0/ap_sync_reg_channel_write_layer11_out_151_i_1/O
                         net (fo=2, unplaced)         0.140     2.105    normalize_ap_fixed_13_7_4_0_0_ap_fixed_8_3_4_0_0_config11_U0/ap_sync_channel_write_layer11_out_151
                         LUT6 (Prop_LUT6_I3_O)        0.090     2.195 r  normalize_ap_fixed_13_7_4_0_0_ap_fixed_8_3_4_0_0_config11_U0/pf_ap_return_254_U_i_213/O
                         net (fo=1, unplaced)         0.186     2.381    normalize_ap_fixed_13_7_4_0_0_ap_fixed_8_3_4_0_0_config11_U0/pf_ap_return_254_U_i_213_n_3
                         LUT5 (Prop_LUT5_I4_O)        0.038     2.419 r  normalize_ap_fixed_13_7_4_0_0_ap_fixed_8_3_4_0_0_config11_U0/pf_ap_return_254_U_i_211/O
                         net (fo=1, unplaced)         0.186     2.605    normalize_ap_fixed_13_7_4_0_0_ap_fixed_8_3_4_0_0_config11_U0/pf_ap_return_254_U_i_211_n_3
                         LUT6 (Prop_LUT6_I5_O)        0.038     2.643 r  normalize_ap_fixed_13_7_4_0_0_ap_fixed_8_3_4_0_0_config11_U0/pf_ap_return_254_U_i_147/O
                         net (fo=1, unplaced)         0.186     2.829    normalize_ap_fixed_13_7_4_0_0_ap_fixed_8_3_4_0_0_config11_U0/pf_ap_return_254_U_i_147_n_3
                         LUT6 (Prop_LUT6_I5_O)        0.038     2.867 r  normalize_ap_fixed_13_7_4_0_0_ap_fixed_8_3_4_0_0_config11_U0/pf_ap_return_254_U_i_86/O
                         net (fo=1, unplaced)         0.186     3.053    normalize_ap_fixed_13_7_4_0_0_ap_fixed_8_3_4_0_0_config11_U0/pf_ap_return_254_U_i_86_n_3
                         LUT6 (Prop_LUT6_I5_O)        0.038     3.091 f  normalize_ap_fixed_13_7_4_0_0_ap_fixed_8_3_4_0_0_config11_U0/pf_ap_return_254_U_i_53/O
                         net (fo=1, unplaced)         0.186     3.277    layer11_out_51_U/ap_sync_reg_channel_write_layer11_out_61_reg_1
                         LUT6 (Prop_LUT6_I2_O)        0.038     3.315 f  layer11_out_51_U/pf_ap_return_254_U_i_18__3/O
                         net (fo=4, unplaced)         0.198     3.513    normalize_ap_fixed_13_7_4_0_0_ap_fixed_8_3_4_0_0_config11_U0/normalize_ap_fixed_13_7_4_0_0_ap_fixed_8_3_4_0_0_config11_U0_ap_continue
                         LUT2 (Prop_LUT2_I1_O)        0.038     3.551 f  normalize_ap_fixed_13_7_4_0_0_ap_fixed_8_3_4_0_0_config11_U0/pf_ap_return_254_U_i_10__7/O
                         net (fo=375, unplaced)       0.301     3.852    normalize_ap_fixed_13_7_4_0_0_ap_fixed_8_3_4_0_0_config11_U0/pf_ap_return_100_U/pf_continue
                         LUT5 (Prop_LUT5_I4_O)        0.038     3.890 r  normalize_ap_fixed_13_7_4_0_0_ap_fixed_8_3_4_0_0_config11_U0/pf_ap_return_100_U/stalled_i_1/O
                         net (fo=5, unplaced)         0.204     4.094    normalize_ap_fixed_13_7_4_0_0_ap_fixed_8_3_4_0_0_config11_U0/pf_ap_return_100_U/stalled_i_1_n_3
                         LUT4 (Prop_LUT4_I1_O)        0.038     4.132 r  normalize_ap_fixed_13_7_4_0_0_ap_fixed_8_3_4_0_0_config11_U0/pf_ap_return_100_U/fifo_rdPtr[2]_i_1/O
                         net (fo=3, unplaced)         0.146     4.278    normalize_ap_fixed_13_7_4_0_0_ap_fixed_8_3_4_0_0_config11_U0/pf_ap_return_100_U/fifo_rdPtr[2]_i_1_n_3
                         FDSE                                         r  normalize_ap_fixed_13_7_4_0_0_ap_fixed_8_3_4_0_0_config11_U0/pf_ap_return_100_U/fifo_rdPtr_reg[1]/CE
  -------------------------------------------------------------------    -------------------

                         (clock ap_clk rise edge)     5.000     5.000 r  
                                                      0.000     5.000 r  ap_clk (IN)
                         net (fo=1280295, unset)      0.021     5.021    normalize_ap_fixed_13_7_4_0_0_ap_fixed_8_3_4_0_0_config11_U0/pf_ap_return_100_U/ap_clk
                         FDSE                                         r  normalize_ap_fixed_13_7_4_0_0_ap_fixed_8_3_4_0_0_config11_U0/pf_ap_return_100_U/fifo_rdPtr_reg[1]/C
                         clock pessimism              0.000     5.021    
                         clock uncertainty           -0.035     4.986    
                         FDSE (Setup_FDSE_C_CE)      -0.061     4.925    normalize_ap_fixed_13_7_4_0_0_ap_fixed_8_3_4_0_0_config11_U0/pf_ap_return_100_U/fifo_rdPtr_reg[1]
  -------------------------------------------------------------------
                         required time                          4.925    
                         arrival time                          -4.278    
  -------------------------------------------------------------------
                         slack                                  0.647    





Pulse Width Checks
--------------------------------------------------------------------------------------
Clock Name:         ap_clk
Waveform(ns):       { 0.000 2.500 }
Period(ns):         5.000
Sources:            { ap_clk }

Check Type        Corner  Lib Pin             Reference Pin  Required(ns)  Actual(ns)  Slack(ns)  Location  Pin
Min Period        n/a     RAMB18E2/CLKARDCLK  n/a            1.355         5.000       3.645                Loop_VITIS_LOOP_408_1_proc111_U0/grp_softmax_stable_ap_fixed_ap_ufixed_4_0_4_0_0_softmax_config53_s_fu_3236/exp_table_U/q1_reg/CLKARDCLK
Min Period        n/a     RAMB18E2/CLKBWRCLK  n/a            1.355         5.000       3.645                Loop_VITIS_LOOP_408_1_proc111_U0/grp_softmax_stable_ap_fixed_ap_ufixed_4_0_4_0_0_softmax_config53_s_fu_3236/exp_table_U/q1_reg/CLKBWRCLK
Min Period        n/a     RAMB18E2/CLKARDCLK  n/a            1.355         5.000       3.645                Loop_VITIS_LOOP_408_1_proc111_U0/grp_softmax_stable_ap_fixed_ap_ufixed_4_0_4_0_0_softmax_config53_s_fu_3236/exp_table_U/q3_reg/CLKARDCLK
Min Period        n/a     RAMB18E2/CLKBWRCLK  n/a            1.355         5.000       3.645                Loop_VITIS_LOOP_408_1_proc111_U0/grp_softmax_stable_ap_fixed_ap_ufixed_4_0_4_0_0_softmax_config53_s_fu_3236/exp_table_U/q3_reg/CLKBWRCLK
Min Period        n/a     RAMB18E2/CLKARDCLK  n/a            1.355         5.000       3.645                Loop_VITIS_LOOP_408_1_proc111_U0/grp_softmax_stable_ap_fixed_ap_ufixed_4_0_4_0_0_softmax_config53_s_fu_3236/exp_table_U/q6_reg/CLKARDCLK
Low Pulse Width   Slow    RAMB18E2/CLKARDCLK  n/a            0.542         2.500       1.958                Loop_VITIS_LOOP_408_1_proc111_U0/grp_softmax_stable_ap_fixed_ap_ufixed_4_0_4_0_0_softmax_config53_s_fu_3236/exp_table_U/q1_reg/CLKARDCLK
Low Pulse Width   Fast    RAMB18E2/CLKARDCLK  n/a            0.542         2.500       1.958                Loop_VITIS_LOOP_408_1_proc111_U0/grp_softmax_stable_ap_fixed_ap_ufixed_4_0_4_0_0_softmax_config53_s_fu_3236/exp_table_U/q1_reg/CLKARDCLK
Low Pulse Width   Slow    RAMB18E2/CLKBWRCLK  n/a            0.542         2.500       1.958                Loop_VITIS_LOOP_408_1_proc111_U0/grp_softmax_stable_ap_fixed_ap_ufixed_4_0_4_0_0_softmax_config53_s_fu_3236/exp_table_U/q1_reg/CLKBWRCLK
Low Pulse Width   Fast    RAMB18E2/CLKBWRCLK  n/a            0.542         2.500       1.958                Loop_VITIS_LOOP_408_1_proc111_U0/grp_softmax_stable_ap_fixed_ap_ufixed_4_0_4_0_0_softmax_config53_s_fu_3236/exp_table_U/q1_reg/CLKBWRCLK
Low Pulse Width   Slow    RAMB18E2/CLKARDCLK  n/a            0.542         2.500       1.958                Loop_VITIS_LOOP_408_1_proc111_U0/grp_softmax_stable_ap_fixed_ap_ufixed_4_0_4_0_0_softmax_config53_s_fu_3236/exp_table_U/q3_reg/CLKARDCLK
High Pulse Width  Slow    RAMB18E2/CLKARDCLK  n/a            0.542         2.500       1.958                Loop_VITIS_LOOP_408_1_proc111_U0/grp_softmax_stable_ap_fixed_ap_ufixed_4_0_4_0_0_softmax_config53_s_fu_3236/exp_table_U/q1_reg/CLKARDCLK
High Pulse Width  Fast    RAMB18E2/CLKARDCLK  n/a            0.542         2.500       1.958                Loop_VITIS_LOOP_408_1_proc111_U0/grp_softmax_stable_ap_fixed_ap_ufixed_4_0_4_0_0_softmax_config53_s_fu_3236/exp_table_U/q1_reg/CLKARDCLK
High Pulse Width  Slow    RAMB18E2/CLKBWRCLK  n/a            0.542         2.500       1.958                Loop_VITIS_LOOP_408_1_proc111_U0/grp_softmax_stable_ap_fixed_ap_ufixed_4_0_4_0_0_softmax_config53_s_fu_3236/exp_table_U/q1_reg/CLKBWRCLK
High Pulse Width  Fast    RAMB18E2/CLKBWRCLK  n/a            0.542         2.500       1.958                Loop_VITIS_LOOP_408_1_proc111_U0/grp_softmax_stable_ap_fixed_ap_ufixed_4_0_4_0_0_softmax_config53_s_fu_3236/exp_table_U/q1_reg/CLKBWRCLK
High Pulse Width  Slow    RAMB18E2/CLKARDCLK  n/a            0.542         2.500       1.958                Loop_VITIS_LOOP_408_1_proc111_U0/grp_softmax_stable_ap_fixed_ap_ufixed_4_0_4_0_0_softmax_config53_s_fu_3236/exp_table_U/q3_reg/CLKARDCLK



