==== BENCH_ARM_ATTEMPT 0 2026-09-29T14:26:37Z phase p4-A07-k2
ARM_CPUS n=4 requested 7,9-10,12 seen 7,9-10,12 OK
BENCH_ARM chang0926-c-n64-s1 tree /work/code devices ['/physical_device:GPU:0'] tf32_enabled False test_cpu False utc 2026-09-29T14:26:40Z
ARM_MANIFEST_SHA 041f981a9d5b8c3a7affb175d82de0ca2df9bc6261a172f67cb365c88b4bbd42 expected 041f981a9d5b8c3a7affb175d82de0ca2df9bc6261a172f67cb365c88b4bbd42 OK
BENCH_CACHE {"x_train": "420ac79dcece207aca849f6ca56e6426586023c9e02f38e5d3ac596fa74d79bc", "x_val": "7b56c1b25bc0d9231767f891ec52455ecb7c5656735fcf9d404104fd2c264d31", "y_train": "a5269398e2c6e5f1fc0db98e1a99a8befea619bf0c55531293d02a286c0dd378", "y_val": "63049d9bdcfdc83af97c58bc6579e1def1ec2d9e7a6c30007793badd75217709"}
[train] chang0926-c-n64-s1 params=61951 resume_epoch=0 initial_ebops=16832899
[epoch 1/7000] EBOPs=17445089 target=5000000 above_floor=17102036 feasible=0 degenerate=0 beta=1e-07 val_AUC=0.855660 val_accuracy=0.574839 seconds=118.4 checkpoint=- ebops_trace_seconds=58.39 ebops_trace_over_epoch=0.493 loss=3.228737 host_rss_mb=2391
[epoch 2/7000] EBOPs=untraced in_training_ebops=18549796 target=5000000 beta=1e-07 val_AUC=0.892066 val_accuracy=0.643194 seconds=46.1 checkpoint=- ebops_trace_seconds=0.00 ebops_trace_over_epoch=0.001 loss=2.795176 host_rss_mb=2408
[epoch 3/7000] EBOPs=untraced in_training_ebops=14819793 target=5000000 beta=1.14e-07 val_AUC=0.886137 val_accuracy=0.632677 seconds=59.8 checkpoint=- ebops_trace_seconds=0.00 ebops_trace_over_epoch=0.001 loss=2.825181 host_rss_mb=2412
[epoch 4/7000] EBOPs=untraced in_training_ebops=14966856 target=5000000 beta=9.58e-08 val_AUC=0.907727 val_accuracy=0.694081 seconds=59.8 checkpoint=- ebops_trace_seconds=0.00 ebops_trace_over_epoch=0.001 loss=2.339496 host_rss_mb=2416
[epoch 5/7000] EBOPs=untraced in_training_ebops=11898660 target=5000000 beta=1.02e-07 val_AUC=0.901552 val_accuracy=0.670484 seconds=59.5 checkpoint=- ebops_trace_seconds=0.00 ebops_trace_over_epoch=0.001 loss=2.230520 host_rss_mb=2423
[epoch 6/7000] EBOPs=untraced in_training_ebops=11363012 target=5000000 beta=8.48e-08 val_AUC=0.893641 val_accuracy=0.670710 seconds=59.7 checkpoint=- ebops_trace_seconds=0.00 ebops_trace_over_epoch=0.001 loss=1.905443 host_rss_mb=2426
[epoch 7/7000] EBOPs=untraced in_training_ebops=9377887 target=5000000 beta=8.44e-08 val_AUC=0.891462 val_accuracy=0.664823 seconds=59.8 checkpoint=- ebops_trace_seconds=0.00 ebops_trace_over_epoch=0.001 loss=1.809873 host_rss_mb=2426
[epoch 8/7000] EBOPs=untraced in_training_ebops=9469838 target=5000000 beta=7.19e-08 val_AUC=0.895906 val_accuracy=0.660516 seconds=59.8 checkpoint=- ebops_trace_seconds=0.00 ebops_trace_over_epoch=0.001 loss=1.603542 host_rss_mb=2432
[epoch 9/7000] EBOPs=untraced in_training_ebops=8603670 target=5000000 beta=7.49e-08 val_AUC=0.903775 val_accuracy=0.682903 seconds=59.4 checkpoint=- ebops_trace_seconds=0.00 ebops_trace_over_epoch=0.001 loss=1.628006 host_rss_mb=2417
[epoch 10/7000] EBOPs=6968338 target=5000000 above_floor=6625285 feasible=0 degenerate=0 beta=7e-08 val_AUC=0.898728 val_accuracy=0.663645 seconds=118.5 checkpoint=- ebops_trace_seconds=58.39 ebops_trace_over_epoch=0.493 loss=1.510999 host_rss_mb=2423
[epoch 11/7000] EBOPs=untraced in_training_ebops=7431409 target=5000000 beta=5.76e-08 val_AUC=0.889536 val_accuracy=0.656806 seconds=49.4 checkpoint=- ebops_trace_seconds=0.00 ebops_trace_over_epoch=0.001 loss=1.340147 host_rss_mb=2425
[epoch 12/7000] EBOPs=untraced in_training_ebops=7159266 target=5000000 beta=6.27e-08 val_AUC=0.888562 val_accuracy=0.646597 seconds=59.7 checkpoint=- ebops_trace_seconds=0.00 ebops_trace_over_epoch=0.001 loss=1.379234 host_rss_mb=2426
[epoch 13/7000] EBOPs=untraced in_training_ebops=6218738 target=5000000 beta=6.15e-08 val_AUC=0.888746 val_accuracy=0.652403 seconds=59.6 checkpoint=- ebops_trace_seconds=0.00 ebops_trace_over_epoch=0.001 loss=1.349280 host_rss_mb=2426
[epoch 14/7000] EBOPs=untraced in_training_ebops=6224897 target=5000000 beta=5.4e-08 val_AUC=0.899572 val_accuracy=0.671290 seconds=59.8 checkpoint=- ebops_trace_seconds=0.00 ebops_trace_over_epoch=0.001 loss=1.267925 host_rss_mb=2427
[epoch 15/7000] EBOPs=untraced in_training_ebops=5625576 target=5000000 beta=5.46e-08 val_AUC=0.897517 val_accuracy=0.657419 seconds=59.8 checkpoint=- ebops_trace_seconds=0.00 ebops_trace_over_epoch=0.001 loss=1.250378 host_rss_mb=2429
[epoch 16/7000] EBOPs=untraced in_training_ebops=5513281 target=5000000 beta=4.97e-08 val_AUC=0.901653 val_accuracy=0.673113 seconds=59.9 checkpoint=- ebops_trace_seconds=0.00 ebops_trace_over_epoch=0.001 loss=1.209803 host_rss_mb=2429
[epoch 17/7000] EBOPs=untraced in_training_ebops=5006416 target=5000000 beta=4.89e-08 val_AUC=0.812379 val_accuracy=0.534774 seconds=59.3 checkpoint=- ebops_trace_seconds=0.00 ebops_trace_over_epoch=0.001 loss=1.245393 host_rss_mb=2429
[epoch 18/7000] EBOPs=untraced in_training_ebops=4621912 target=5000000 beta=4.44e-08 val_AUC=0.853209 val_accuracy=0.571016 seconds=59.7 checkpoint=- ebops_trace_seconds=0.00 ebops_trace_over_epoch=0.001 loss=1.285236 host_rss_mb=2429
[epoch 19/7000] EBOPs=untraced in_training_ebops=4545179 target=5000000 beta=4.08e-08 val_AUC=0.867341 val_accuracy=0.608532 seconds=59.8 checkpoint=- ebops_trace_seconds=0.00 ebops_trace_over_epoch=0.001 loss=1.202029 host_rss_mb=2430
[epoch 20/7000] EBOPs=4518714 target=5000000 above_floor=4175661 feasible=1 degenerate=0 beta=4e-08 val_AUC=0.866196 val_accuracy=0.610855 seconds=117.4 checkpoint=- ebops_trace_seconds=58.11 ebops_trace_over_epoch=0.495 loss=1.163560 host_rss_mb=2430
[epoch 21/7000] EBOPs=untraced in_training_ebops=4419390 target=5000000 beta=3.95e-08 val_AUC=0.879772 val_accuracy=0.635145 seconds=49.1 checkpoint=epoch-0021 ebops_trace_seconds=0.00 ebops_trace_over_epoch=0.001 loss=1.161064 host_rss_mb=2431
CHECKPOINT_VERIFICATION_PASS {"index": 16, "name": "chang0926-c-n64-s1", "arm": "C", "seed": 1, "n_part": 64, "file": "chang0926-c-n64-s1.json", "production": true, "target_ebops": 5000000, "zero_floor_ebops": 343053, "arch": {"d_model": 32, "n_heads": 4, "pos_enc": "learned"}, "quant_set": "chang", "config_sha256": "1f27443c764f95f42208be7c864c834bcf0fbe0be2583aa89d89c8fd3f7da156", "status": "verified_canary", "completed_epochs": 21, "selected": {"epoch": 19, "val_macro_auc": 0.8661962531963979, "val_categorical_accuracy": 0.6108548387096774, "ebops": 4518714, "ebops_above_floor": 4175661}, "checkpoint": "model_best.keras", "checkpoint_sha256": "65e7b827b3ddad085b6f37b4785d3015ff0dcb3551fe1a868db3e9c1c5cd9942", "budget_met": true, "validation_accuracy": 0.6108548387096774, "validation_macro_auc": 0.8661962531963979, "validation_per_class_auc": [0.8737821803508269, 0.8288306118348443, 0.8502776511084746, 0.8479912748559875, 0.9300995478318561], "wall_seconds_this_invocation": 1487.084402624001, "test_set_used": false, "hardware_validated": false, "validation_labels_sha256": "63049d9bdcfdc83af97c58bc6579e1def1ec2d9e7a6c30007793badd75217709", "reload_ebops_check": "stored", "source_sha256": "041f981a9d5b8c3a7affb175d82de0ca2df9bc6261a172f67cb365c88b4bbd42", "selection_cost": 4518714, "selection_cost_convention": "native_hgq2", "native_hgq2_backbone_ebops": 4518714, "custom_estimated_bitops": 0, "modules": {}, "warning": "Augmented total is not directly interchangeable with historical native HGQ2 totals."}
WANDB_IMPORTED False
ARM_DONE chang0926-c-n64-s1 exit 0 wall_seconds 1487.4 utc 2026-09-29T14:51:28Z
