==== BENCH_ARM_ATTEMPT 0 2026-09-29T14:26:52Z phase p4-A07-k2
ARM_CPUS n=4 requested 7,9-10,12 seen 7,9-10,12 OK
BENCH_ARM chang0926-c-n64-s2 tree /work/code devices ['/physical_device:GPU:0'] tf32_enabled False test_cpu False utc 2026-09-29T14:26:55Z
ARM_MANIFEST_SHA 041f981a9d5b8c3a7affb175d82de0ca2df9bc6261a172f67cb365c88b4bbd42 expected 041f981a9d5b8c3a7affb175d82de0ca2df9bc6261a172f67cb365c88b4bbd42 OK
BENCH_CACHE {"x_train": "420ac79dcece207aca849f6ca56e6426586023c9e02f38e5d3ac596fa74d79bc", "x_val": "7b56c1b25bc0d9231767f891ec52455ecb7c5656735fcf9d404104fd2c264d31", "y_train": "a5269398e2c6e5f1fc0db98e1a99a8befea619bf0c55531293d02a286c0dd378", "y_val": "63049d9bdcfdc83af97c58bc6579e1def1ec2d9e7a6c30007793badd75217709"}
[train] chang0926-c-n64-s2 params=61951 resume_epoch=0 initial_ebops=16461269
[epoch 1/7000] EBOPs=18174223 target=5000000 above_floor=17831170 feasible=0 degenerate=0 beta=1e-07 val_AUC=0.868044 val_accuracy=0.598145 seconds=116.9 checkpoint=- ebops_trace_seconds=53.40 ebops_trace_over_epoch=0.457 loss=3.247388 host_rss_mb=2392
[epoch 2/7000] EBOPs=untraced in_training_ebops=19361713 target=5000000 beta=1e-07 val_AUC=0.886127 val_accuracy=0.643516 seconds=59.9 checkpoint=- ebops_trace_seconds=0.00 ebops_trace_over_epoch=0.001 loss=2.857104 host_rss_mb=2414
[epoch 3/7000] EBOPs=untraced in_training_ebops=15227770 target=5000000 beta=1.14e-07 val_AUC=0.896067 val_accuracy=0.663145 seconds=59.8 checkpoint=- ebops_trace_seconds=0.00 ebops_trace_over_epoch=0.001 loss=2.921444 host_rss_mb=2417
[epoch 4/7000] EBOPs=untraced in_training_ebops=15158470 target=5000000 beta=9.48e-08 val_AUC=0.900149 val_accuracy=0.672290 seconds=59.6 checkpoint=- ebops_trace_seconds=0.00 ebops_trace_over_epoch=0.001 loss=2.373238 host_rss_mb=2428
[epoch 5/7000] EBOPs=untraced in_training_ebops=11796465 target=5000000 beta=9.97e-08 val_AUC=0.897258 val_accuracy=0.664661 seconds=59.8 checkpoint=- ebops_trace_seconds=0.00 ebops_trace_over_epoch=0.001 loss=2.221879 host_rss_mb=2429
[epoch 6/7000] EBOPs=untraced in_training_ebops=11262500 target=5000000 beta=8.1e-08 val_AUC=0.895530 val_accuracy=0.651500 seconds=59.9 checkpoint=- ebops_trace_seconds=0.00 ebops_trace_over_epoch=0.001 loss=1.856921 host_rss_mb=2430
[epoch 7/7000] EBOPs=untraced in_training_ebops=9654991 target=5000000 beta=8.06e-08 val_AUC=0.900953 val_accuracy=0.678177 seconds=59.8 checkpoint=- ebops_trace_seconds=0.00 ebops_trace_over_epoch=0.001 loss=1.779297 host_rss_mb=2432
[epoch 8/7000] EBOPs=untraced in_training_ebops=9430479 target=5000000 beta=7.14e-08 val_AUC=0.901111 val_accuracy=0.676919 seconds=59.3 checkpoint=- ebops_trace_seconds=0.00 ebops_trace_over_epoch=0.001 loss=1.609774 host_rss_mb=2432
[epoch 9/7000] EBOPs=untraced in_training_ebops=8739683 target=5000000 beta=7.2e-08 val_AUC=0.900173 val_accuracy=0.668629 seconds=59.8 checkpoint=- ebops_trace_seconds=0.00 ebops_trace_over_epoch=0.001 loss=1.603589 host_rss_mb=2417
[epoch 10/7000] EBOPs=6910789 target=5000000 above_floor=6567736 feasible=0 degenerate=0 beta=6.86e-08 val_AUC=0.894162 val_accuracy=0.646048 seconds=108.5 checkpoint=- ebops_trace_seconds=56.93 ebops_trace_over_epoch=0.525 loss=1.465452 host_rss_mb=2423
[epoch 11/7000] EBOPs=untraced in_training_ebops=7413573 target=5000000 beta=5.51e-08 val_AUC=0.892232 val_accuracy=0.645645 seconds=59.6 checkpoint=- ebops_trace_seconds=0.00 ebops_trace_over_epoch=0.001 loss=1.321832 host_rss_mb=2423
[epoch 12/7000] EBOPs=untraced in_training_ebops=6953074 target=5000000 beta=6.03e-08 val_AUC=0.896782 val_accuracy=0.673403 seconds=59.2 checkpoint=- ebops_trace_seconds=0.00 ebops_trace_over_epoch=0.001 loss=1.342260 host_rss_mb=2425
[epoch 13/7000] EBOPs=untraced in_training_ebops=6565088 target=5000000 beta=5.75e-08 val_AUC=0.892871 val_accuracy=0.657774 seconds=59.6 checkpoint=- ebops_trace_seconds=0.00 ebops_trace_over_epoch=0.001 loss=1.320226 host_rss_mb=2426
[epoch 14/7000] EBOPs=untraced in_training_ebops=6413119 target=5000000 beta=5.5e-08 val_AUC=0.900300 val_accuracy=0.681516 seconds=59.7 checkpoint=- ebops_trace_seconds=0.00 ebops_trace_over_epoch=0.001 loss=1.292386 host_rss_mb=2426
[epoch 15/7000] EBOPs=untraced in_training_ebops=5834340 target=5000000 beta=5.44e-08 val_AUC=0.897814 val_accuracy=0.668323 seconds=59.4 checkpoint=- ebops_trace_seconds=0.00 ebops_trace_over_epoch=0.001 loss=1.267206 host_rss_mb=2427
[epoch 16/7000] EBOPs=untraced in_training_ebops=5369337 target=5000000 beta=4.99e-08 val_AUC=0.889765 val_accuracy=0.652048 seconds=59.7 checkpoint=- ebops_trace_seconds=0.00 ebops_trace_over_epoch=0.001 loss=1.229775 host_rss_mb=2427
[epoch 17/7000] EBOPs=untraced in_training_ebops=5388037 target=5000000 beta=4.61e-08 val_AUC=0.894256 val_accuracy=0.662097 seconds=59.6 checkpoint=- ebops_trace_seconds=0.00 ebops_trace_over_epoch=0.001 loss=1.190340 host_rss_mb=2427
[epoch 18/7000] EBOPs=untraced in_training_ebops=5031813 target=5000000 beta=4.64e-08 val_AUC=0.894289 val_accuracy=0.671629 seconds=59.6 checkpoint=- ebops_trace_seconds=0.00 ebops_trace_over_epoch=0.001 loss=1.188813 host_rss_mb=2428
[epoch 19/7000] EBOPs=untraced in_training_ebops=5004694 target=5000000 beta=4.34e-08 val_AUC=0.884176 val_accuracy=0.607500 seconds=59.3 checkpoint=- ebops_trace_seconds=0.00 ebops_trace_over_epoch=0.001 loss=1.171281 host_rss_mb=2428
[epoch 20/7000] EBOPs=4460075 target=5000000 above_floor=4117022 feasible=1 degenerate=0 beta=4.31e-08 val_AUC=0.882456 val_accuracy=0.629774 seconds=109.2 checkpoint=- ebops_trace_seconds=56.63 ebops_trace_over_epoch=0.519 loss=1.160393 host_rss_mb=2428
[epoch 21/7000] EBOPs=untraced in_training_ebops=5012560 target=5000000 beta=3.82e-08 val_AUC=0.880140 val_accuracy=0.617984 seconds=43.1 checkpoint=epoch-0021 ebops_trace_seconds=0.00 ebops_trace_over_epoch=0.001 loss=1.146891 host_rss_mb=2431
CHECKPOINT_VERIFICATION_PASS {"index": 17, "name": "chang0926-c-n64-s2", "arm": "C", "seed": 2, "n_part": 64, "file": "chang0926-c-n64-s2.json", "production": true, "target_ebops": 5000000, "zero_floor_ebops": 343053, "arch": {"d_model": 32, "n_heads": 4, "pos_enc": "learned"}, "quant_set": "chang", "config_sha256": "9027ff22da685bd9346bc3eeaa0babc1650bb232ef9b024255441ade62056795", "status": "verified_canary", "completed_epochs": 21, "selected": {"epoch": 19, "val_macro_auc": 0.8824558068638604, "val_categorical_accuracy": 0.6297741935483872, "ebops": 4460075, "ebops_above_floor": 4117022}, "checkpoint": "model_best.keras", "checkpoint_sha256": "d11d41331aded022aa2da5dbd96aa33e2e344ec5e39be0e50db582aa98d6bd56", "budget_met": true, "validation_accuracy": 0.6297741935483872, "validation_macro_auc": 0.8824558068638604, "validation_per_class_auc": [0.8930534090268563, 0.8644627924017514, 0.8617930904341643, 0.8642344708348801, 0.9287352716216495], "wall_seconds_this_invocation": 1488.287291835004, "test_set_used": false, "hardware_validated": false, "validation_labels_sha256": "63049d9bdcfdc83af97c58bc6579e1def1ec2d9e7a6c30007793badd75217709", "reload_ebops_check": "stored", "source_sha256": "041f981a9d5b8c3a7affb175d82de0ca2df9bc6261a172f67cb365c88b4bbd42", "selection_cost": 4460075, "selection_cost_convention": "native_hgq2", "native_hgq2_backbone_ebops": 4460075, "custom_estimated_bitops": 0, "modules": {}, "warning": "Augmented total is not directly interchangeable with historical native HGQ2 totals."}
WANDB_IMPORTED False
ARM_DONE chang0926-c-n64-s2 exit 0 wall_seconds 1488.6 utc 2026-09-29T14:51:45Z
