==== BENCH_ARM_ATTEMPT 0 2026-09-29T10:31:45Z phase p1-E-k4
ARM_CPUS n=8 requested 10-13,74-77 seen 10-13,74-77 OK
BENCH_ARM chang0926-a-n64-s1 tree /work/code devices ['/physical_device:GPU:0'] tf32_enabled False test_cpu False utc 2026-09-29T10:31:48Z
ARM_MANIFEST_SHA 041f981a9d5b8c3a7affb175d82de0ca2df9bc6261a172f67cb365c88b4bbd42 expected 041f981a9d5b8c3a7affb175d82de0ca2df9bc6261a172f67cb365c88b4bbd42 OK
BENCH_CACHE {"x_train": "420ac79dcece207aca849f6ca56e6426586023c9e02f38e5d3ac596fa74d79bc", "x_val": "7b56c1b25bc0d9231767f891ec52455ecb7c5656735fcf9d404104fd2c264d31", "y_train": "a5269398e2c6e5f1fc0db98e1a99a8befea619bf0c55531293d02a286c0dd378", "y_val": "63049d9bdcfdc83af97c58bc6579e1def1ec2d9e7a6c30007793badd75217709"}
[train] chang0926-a-n64-s1 params=31735 resume_epoch=0 initial_ebops=11559681
[epoch 1/7000] EBOPs=11485721 target=350000 above_floor=11314195 feasible=0 degenerate=0 beta=1e-07 val_AUC=0.827848 val_accuracy=0.537210 seconds=180.2 checkpoint=- ebops_trace_seconds=95.70 ebops_trace_over_epoch=0.531 loss=2.706599 host_rss_mb=2291
[epoch 2/7000] EBOPs=untraced in_training_ebops=12847358 target=350000 beta=1e-07 val_AUC=0.877708 val_accuracy=0.631919 seconds=57.8 checkpoint=- ebops_trace_seconds=0.01 ebops_trace_over_epoch=0.001 loss=2.299961 host_rss_mb=2310
[epoch 3/7000] EBOPs=untraced in_training_ebops=10239662 target=350000 beta=1.34e-07 val_AUC=0.879567 val_accuracy=0.639806 seconds=103.9 checkpoint=- ebops_trace_seconds=0.01 ebops_trace_over_epoch=0.001 loss=2.541111 host_rss_mb=2322
[epoch 4/7000] EBOPs=untraced in_training_ebops=9513666 target=350000 beta=1.26e-07 val_AUC=0.867216 val_accuracy=0.620468 seconds=104.5 checkpoint=- ebops_trace_seconds=0.01 ebops_trace_over_epoch=0.001 loss=2.274967 host_rss_mb=2332
[epoch 5/7000] EBOPs=untraced in_training_ebops=7993151 target=350000 beta=1.39e-07 val_AUC=0.606827 val_accuracy=0.350161 seconds=104.3 checkpoint=- ebops_trace_seconds=0.01 ebops_trace_over_epoch=0.001 loss=2.111729 host_rss_mb=2338
[epoch 6/7000] EBOPs=untraced in_training_ebops=6503115 target=350000 beta=1.36e-07 val_AUC=0.796695 val_accuracy=0.577565 seconds=104.7 checkpoint=- ebops_trace_seconds=0.01 ebops_trace_over_epoch=0.001 loss=2.028816 host_rss_mb=2344
[epoch 7/7000] EBOPs=untraced in_training_ebops=6181301 target=350000 beta=1.28e-07 val_AUC=0.712991 val_accuracy=0.399855 seconds=104.3 checkpoint=- ebops_trace_seconds=0.01 ebops_trace_over_epoch=0.001 loss=1.777242 host_rss_mb=2345
[epoch 8/7000] EBOPs=untraced in_training_ebops=5182132 target=350000 beta=1.41e-07 val_AUC=0.785636 val_accuracy=0.498581 seconds=104.6 checkpoint=- ebops_trace_seconds=0.01 ebops_trace_over_epoch=0.001 loss=1.802684 host_rss_mb=2345
[epoch 9/7000] EBOPs=untraced in_training_ebops=4717186 target=350000 beta=1.35e-07 val_AUC=0.683277 val_accuracy=0.329113 seconds=104.2 checkpoint=- ebops_trace_seconds=0.01 ebops_trace_over_epoch=0.001 loss=1.657518 host_rss_mb=2347
[epoch 10/7000] EBOPs=3739927 target=350000 above_floor=3568401 feasible=0 degenerate=0 beta=1.4e-07 val_AUC=0.881014 val_accuracy=0.630323 seconds=202.1 checkpoint=- ebops_trace_seconds=98.81 ebops_trace_over_epoch=0.489 loss=1.606791 host_rss_mb=2353
[epoch 11/7000] EBOPs=untraced in_training_ebops=3860196 target=350000 beta=1.25e-07 val_AUC=0.875402 val_accuracy=0.628548 seconds=60.0 checkpoint=- ebops_trace_seconds=0.00 ebops_trace_over_epoch=0.001 loss=1.450210 host_rss_mb=2334
[epoch 12/7000] EBOPs=untraced in_training_ebops=3400070 target=350000 beta=1.45e-07 val_AUC=0.876292 val_accuracy=0.617387 seconds=103.1 checkpoint=- ebops_trace_seconds=0.00 ebops_trace_over_epoch=0.001 loss=1.515561 host_rss_mb=2338
[epoch 13/7000] EBOPs=untraced in_training_ebops=2966842 target=350000 beta=1.43e-07 val_AUC=0.867845 val_accuracy=0.616855 seconds=104.2 checkpoint=- ebops_trace_seconds=0.00 ebops_trace_over_epoch=0.001 loss=1.461527 host_rss_mb=2342
[epoch 14/7000] EBOPs=untraced in_training_ebops=2649158 target=350000 beta=1.39e-07 val_AUC=0.871328 val_accuracy=0.621887 seconds=104.3 checkpoint=- ebops_trace_seconds=0.00 ebops_trace_over_epoch=0.001 loss=1.387170 host_rss_mb=2346
[epoch 15/7000] EBOPs=untraced in_training_ebops=2514822 target=350000 beta=1.37e-07 val_AUC=0.873522 val_accuracy=0.631968 seconds=104.6 checkpoint=- ebops_trace_seconds=0.00 ebops_trace_over_epoch=0.001 loss=1.345078 host_rss_mb=2346
[epoch 16/7000] EBOPs=untraced in_training_ebops=2343439 target=350000 beta=1.44e-07 val_AUC=0.885436 val_accuracy=0.636306 seconds=104.3 checkpoint=- ebops_trace_seconds=0.01 ebops_trace_over_epoch=0.001 loss=1.349478 host_rss_mb=2346
[epoch 17/7000] EBOPs=untraced in_training_ebops=2383968 target=350000 beta=1.48e-07 val_AUC=0.867481 val_accuracy=0.567984 seconds=104.3 checkpoint=- ebops_trace_seconds=0.01 ebops_trace_over_epoch=0.001 loss=1.341957 host_rss_mb=2360
[epoch 18/7000] EBOPs=untraced in_training_ebops=2224739 target=350000 beta=1.65e-07 val_AUC=0.867417 val_accuracy=0.602919 seconds=104.3 checkpoint=- ebops_trace_seconds=0.01 ebops_trace_over_epoch=0.001 loss=1.391886 host_rss_mb=2361
[epoch 19/7000] EBOPs=untraced in_training_ebops=2204165 target=350000 beta=1.69e-07 val_AUC=0.872021 val_accuracy=0.605306 seconds=104.4 checkpoint=- ebops_trace_seconds=0.00 ebops_trace_over_epoch=0.001 loss=1.409867 host_rss_mb=2361
[epoch 20/7000] EBOPs=2119225 target=350000 above_floor=1947699 feasible=0 degenerate=0 beta=1.84e-07 val_AUC=0.866567 val_accuracy=0.592565 seconds=202.5 checkpoint=- ebops_trace_seconds=99.61 ebops_trace_over_epoch=0.492 loss=1.414072 host_rss_mb=2361
[epoch 21/7000] EBOPs=untraced in_training_ebops=2222841 target=350000 beta=1.93e-07 val_AUC=0.873419 val_accuracy=0.614629 seconds=58.6 checkpoint=epoch-0021 ebops_trace_seconds=0.00 ebops_trace_over_epoch=0.001 loss=1.474390 host_rss_mb=2366
CHECKPOINT_VERIFICATION_PASS {"index": 0, "name": "chang0926-a-n64-s1", "arm": "A", "seed": 1, "n_part": 64, "file": "chang0926-a-n64-s1.json", "production": true, "target_ebops": 350000, "zero_floor_ebops": 171526, "arch": {"d_model": 24, "n_heads": 2, "pos_enc": "none"}, "quant_set": "chang", "config_sha256": "d47d6799702cf67a49baa333aa2204b17a384289f32b106eb30433db8b2dec94", "status": "verified_canary", "completed_epochs": 21, "selected": {"epoch": 19, "val_macro_auc": 0.8665668168459687, "val_categorical_accuracy": 0.5925645161290323, "ebops": 2119225, "ebops_above_floor": 1947699}, "checkpoint": "model_min_ebops.keras", "checkpoint_sha256": "1b842b85145ed300317557869f0fa8e96e0e17e9923802028e03036872eacd06", "budget_met": false, "validation_accuracy": 0.5925645161290323, "validation_macro_auc": 0.8665668168459687, "validation_per_class_auc": [0.87190396993016, 0.8530876515365834, 0.8475405710685578, 0.8395426053333503, 0.9207592863611916], "wall_seconds_this_invocation": 2437.418550306, "test_set_used": false, "hardware_validated": false, "validation_labels_sha256": "63049d9bdcfdc83af97c58bc6579e1def1ec2d9e7a6c30007793badd75217709", "reload_ebops_check": "stored", "source_sha256": "041f981a9d5b8c3a7affb175d82de0ca2df9bc6261a172f67cb365c88b4bbd42", "selection_cost": 2119225, "selection_cost_convention": "native_hgq2", "native_hgq2_backbone_ebops": 2119225, "custom_estimated_bitops": 0, "modules": {}, "warning": "Augmented total is not directly interchangeable with historical native HGQ2 totals."}
WANDB_IMPORTED False
ARM_DONE chang0926-a-n64-s1 exit 0 wall_seconds 2437.6 utc 2026-09-29T11:12:27Z
