==== BENCH_ARM_ATTEMPT 0 2026-09-29T10:32:30Z phase p1-E-k4
ARM_CPUS n=8 requested 10-13,74-77 seen 10-13,74-77 OK
BENCH_ARM chang0926-a-n64-s4 tree /work/code devices ['/physical_device:GPU:0'] tf32_enabled False test_cpu False utc 2026-09-29T10:32:34Z
ARM_MANIFEST_SHA 041f981a9d5b8c3a7affb175d82de0ca2df9bc6261a172f67cb365c88b4bbd42 expected 041f981a9d5b8c3a7affb175d82de0ca2df9bc6261a172f67cb365c88b4bbd42 OK
BENCH_CACHE {"x_train": "420ac79dcece207aca849f6ca56e6426586023c9e02f38e5d3ac596fa74d79bc", "x_val": "7b56c1b25bc0d9231767f891ec52455ecb7c5656735fcf9d404104fd2c264d31", "y_train": "a5269398e2c6e5f1fc0db98e1a99a8befea619bf0c55531293d02a286c0dd378", "y_val": "63049d9bdcfdc83af97c58bc6579e1def1ec2d9e7a6c30007793badd75217709"}
[train] chang0926-a-n64-s4 params=31735 resume_epoch=0 initial_ebops=11205067
[epoch 1/7000] EBOPs=11079491 target=350000 above_floor=10907965 feasible=0 degenerate=0 beta=1e-07 val_AUC=0.803827 val_accuracy=0.512887 seconds=175.1 checkpoint=- ebops_trace_seconds=78.92 ebops_trace_over_epoch=0.451 loss=2.623859 host_rss_mb=2274
[epoch 2/7000] EBOPs=untraced in_training_ebops=12249269 target=350000 beta=1e-07 val_AUC=0.864961 val_accuracy=0.570065 seconds=104.3 checkpoint=- ebops_trace_seconds=0.01 ebops_trace_over_epoch=0.001 loss=2.250631 host_rss_mb=2289
[epoch 3/7000] EBOPs=untraced in_training_ebops=9822939 target=350000 beta=1.32e-07 val_AUC=0.875322 val_accuracy=0.612339 seconds=104.3 checkpoint=- ebops_trace_seconds=0.01 ebops_trace_over_epoch=0.001 loss=2.451582 host_rss_mb=2297
[epoch 4/7000] EBOPs=untraced in_training_ebops=8923265 target=350000 beta=1.25e-07 val_AUC=0.893490 val_accuracy=0.655710 seconds=104.2 checkpoint=- ebops_trace_seconds=0.01 ebops_trace_over_epoch=0.001 loss=2.192559 host_rss_mb=2308
[epoch 5/7000] EBOPs=untraced in_training_ebops=7478860 target=350000 beta=1.34e-07 val_AUC=0.882072 val_accuracy=0.633306 seconds=104.4 checkpoint=- ebops_trace_seconds=0.01 ebops_trace_over_epoch=0.001 loss=2.017704 host_rss_mb=2315
[epoch 6/7000] EBOPs=untraced in_training_ebops=5968201 target=350000 beta=1.31e-07 val_AUC=0.874347 val_accuracy=0.618887 seconds=104.3 checkpoint=- ebops_trace_seconds=0.01 ebops_trace_over_epoch=0.001 loss=1.916344 host_rss_mb=2322
[epoch 7/7000] EBOPs=untraced in_training_ebops=5403102 target=350000 beta=1.2e-07 val_AUC=0.881434 val_accuracy=0.624419 seconds=104.5 checkpoint=- ebops_trace_seconds=0.01 ebops_trace_over_epoch=0.001 loss=1.667271 host_rss_mb=2326
[epoch 8/7000] EBOPs=untraced in_training_ebops=4892085 target=350000 beta=1.25e-07 val_AUC=0.881476 val_accuracy=0.628129 seconds=104.2 checkpoint=- ebops_trace_seconds=0.01 ebops_trace_over_epoch=0.001 loss=1.633821 host_rss_mb=2338
[epoch 9/7000] EBOPs=untraced in_training_ebops=4312607 target=350000 beta=1.29e-07 val_AUC=0.875857 val_accuracy=0.624435 seconds=104.4 checkpoint=- ebops_trace_seconds=0.00 ebops_trace_over_epoch=0.001 loss=1.559824 host_rss_mb=2344
[epoch 10/7000] EBOPs=3523852 target=350000 above_floor=3352326 feasible=0 degenerate=0 beta=1.29e-07 val_AUC=0.881249 val_accuracy=0.625710 seconds=164.7 checkpoint=- ebops_trace_seconds=84.79 ebops_trace_over_epoch=0.515 loss=1.511106 host_rss_mb=2348
[epoch 11/7000] EBOPs=untraced in_training_ebops=3753788 target=350000 beta=1.18e-07 val_AUC=0.873948 val_accuracy=0.606742 seconds=103.5 checkpoint=- ebops_trace_seconds=0.01 ebops_trace_over_epoch=0.001 loss=1.444850 host_rss_mb=2331
[epoch 12/7000] EBOPs=untraced in_training_ebops=3443062 target=350000 beta=1.42e-07 val_AUC=0.876241 val_accuracy=0.623323 seconds=103.9 checkpoint=- ebops_trace_seconds=0.01 ebops_trace_over_epoch=0.001 loss=1.531405 host_rss_mb=2337
[epoch 13/7000] EBOPs=untraced in_training_ebops=2992876 target=350000 beta=1.46e-07 val_AUC=0.844956 val_accuracy=0.547774 seconds=103.4 checkpoint=- ebops_trace_seconds=0.01 ebops_trace_over_epoch=0.001 loss=1.488271 host_rss_mb=2338
[epoch 14/7000] EBOPs=untraced in_training_ebops=2634155 target=350000 beta=1.41e-07 val_AUC=0.874167 val_accuracy=0.608387 seconds=103.3 checkpoint=- ebops_trace_seconds=0.01 ebops_trace_over_epoch=0.001 loss=1.414353 host_rss_mb=2339
[epoch 15/7000] EBOPs=untraced in_training_ebops=2421432 target=350000 beta=1.37e-07 val_AUC=0.868892 val_accuracy=0.613742 seconds=103.6 checkpoint=- ebops_trace_seconds=0.01 ebops_trace_over_epoch=0.001 loss=1.364078 host_rss_mb=2340
[epoch 16/7000] EBOPs=untraced in_training_ebops=2276999 target=350000 beta=1.39e-07 val_AUC=0.868705 val_accuracy=0.615855 seconds=104.0 checkpoint=- ebops_trace_seconds=0.01 ebops_trace_over_epoch=0.001 loss=1.355767 host_rss_mb=2341
[epoch 17/7000] EBOPs=untraced in_training_ebops=2113724 target=350000 beta=1.43e-07 val_AUC=0.870577 val_accuracy=0.610677 seconds=103.6 checkpoint=- ebops_trace_seconds=0.01 ebops_trace_over_epoch=0.001 loss=1.345690 host_rss_mb=2341
[epoch 18/7000] EBOPs=untraced in_training_ebops=1998691 target=350000 beta=1.46e-07 val_AUC=0.864798 val_accuracy=0.610629 seconds=103.8 checkpoint=- ebops_trace_seconds=0.01 ebops_trace_over_epoch=0.001 loss=1.330498 host_rss_mb=2343
[epoch 19/7000] EBOPs=untraced in_training_ebops=1902590 target=350000 beta=1.5e-07 val_AUC=0.858428 val_accuracy=0.588048 seconds=104.0 checkpoint=- ebops_trace_seconds=0.00 ebops_trace_over_epoch=0.001 loss=1.351617 host_rss_mb=2350
[epoch 20/7000] EBOPs=1806316 target=350000 above_floor=1634790 feasible=0 degenerate=0 beta=1.56e-07 val_AUC=0.862249 val_accuracy=0.596710 seconds=169.7 checkpoint=- ebops_trace_seconds=87.30 ebops_trace_over_epoch=0.515 loss=1.339127 host_rss_mb=2350
[epoch 21/7000] EBOPs=untraced in_training_ebops=1799946 target=350000 beta=1.6e-07 val_AUC=0.846919 val_accuracy=0.552613 seconds=58.6 checkpoint=epoch-0021 ebops_trace_seconds=0.00 ebops_trace_over_epoch=0.001 loss=1.358453 host_rss_mb=2352
CHECKPOINT_VERIFICATION_PASS {"index": 3, "name": "chang0926-a-n64-s4", "arm": "A", "seed": 4, "n_part": 64, "file": "chang0926-a-n64-s4.json", "production": true, "target_ebops": 350000, "zero_floor_ebops": 171526, "arch": {"d_model": 24, "n_heads": 2, "pos_enc": "none"}, "quant_set": "chang", "config_sha256": "fad33c2e84de31375defae7a80b81aa24b07d3c89311f2fb69d2cb1dc01e82c2", "status": "verified_canary", "completed_epochs": 21, "selected": {"epoch": 19, "val_macro_auc": 0.862248916227103, "val_categorical_accuracy": 0.5967096774193549, "ebops": 1806316, "ebops_above_floor": 1634790}, "checkpoint": "model_min_ebops.keras", "checkpoint_sha256": "53b7c471e91601848f9b836b81a2677fb0695afb8faf94d68deabe56ce31891d", "budget_met": false, "validation_accuracy": 0.5967096774193549, "validation_macro_auc": 0.862248916227103, "validation_per_class_auc": [0.8750965623378109, 0.8363236747137721, 0.8415310197806269, 0.8324058959375693, 0.9258874283657365], "wall_seconds_this_invocation": 2469.380298618984, "test_set_used": false, "hardware_validated": false, "validation_labels_sha256": "63049d9bdcfdc83af97c58bc6579e1def1ec2d9e7a6c30007793badd75217709", "reload_ebops_check": "stored", "source_sha256": "041f981a9d5b8c3a7affb175d82de0ca2df9bc6261a172f67cb365c88b4bbd42", "selection_cost": 1806316, "selection_cost_convention": "native_hgq2", "native_hgq2_backbone_ebops": 1806316, "custom_estimated_bitops": 0, "modules": {}, "warning": "Augmented total is not directly interchangeable with historical native HGQ2 totals."}
WANDB_IMPORTED False
ARM_DONE chang0926-a-n64-s4 exit 0 wall_seconds 2469.5 utc 2026-09-29T11:13:45Z
