==== BENCH_ARM_ATTEMPT 0 2026-09-29T10:32:15Z phase p1-E-k4
ARM_CPUS n=8 requested 10-13,74-77 seen 10-13,74-77 OK
BENCH_ARM chang0926-a-n64-s3 tree /work/code devices ['/physical_device:GPU:0'] tf32_enabled False test_cpu False utc 2026-09-29T10:32:19Z
ARM_MANIFEST_SHA 041f981a9d5b8c3a7affb175d82de0ca2df9bc6261a172f67cb365c88b4bbd42 expected 041f981a9d5b8c3a7affb175d82de0ca2df9bc6261a172f67cb365c88b4bbd42 OK
BENCH_CACHE {"x_train": "420ac79dcece207aca849f6ca56e6426586023c9e02f38e5d3ac596fa74d79bc", "x_val": "7b56c1b25bc0d9231767f891ec52455ecb7c5656735fcf9d404104fd2c264d31", "y_train": "a5269398e2c6e5f1fc0db98e1a99a8befea619bf0c55531293d02a286c0dd378", "y_val": "63049d9bdcfdc83af97c58bc6579e1def1ec2d9e7a6c30007793badd75217709"}
[train] chang0926-a-n64-s3 params=31735 resume_epoch=0 initial_ebops=11488104
[epoch 1/7000] EBOPs=11073322 target=350000 above_floor=10901796 feasible=0 degenerate=0 beta=1e-07 val_AUC=0.832559 val_accuracy=0.525645 seconds=182.0 checkpoint=- ebops_trace_seconds=77.49 ebops_trace_over_epoch=0.426 loss=2.673920 host_rss_mb=2294
[epoch 2/7000] EBOPs=untraced in_training_ebops=12631240 target=350000 beta=1e-07 val_AUC=0.863845 val_accuracy=0.590226 seconds=99.8 checkpoint=- ebops_trace_seconds=0.01 ebops_trace_over_epoch=0.001 loss=2.271393 host_rss_mb=2312
[epoch 3/7000] EBOPs=untraced in_training_ebops=10313908 target=350000 beta=1.36e-07 val_AUC=0.878166 val_accuracy=0.623565 seconds=104.3 checkpoint=- ebops_trace_seconds=0.01 ebops_trace_over_epoch=0.001 loss=2.572237 host_rss_mb=2323
[epoch 4/7000] EBOPs=untraced in_training_ebops=9371148 target=350000 beta=1.32e-07 val_AUC=0.881801 val_accuracy=0.631565 seconds=104.5 checkpoint=- ebops_trace_seconds=0.01 ebops_trace_over_epoch=0.001 loss=2.345542 host_rss_mb=2329
[epoch 5/7000] EBOPs=untraced in_training_ebops=7830855 target=350000 beta=1.41e-07 val_AUC=0.886120 val_accuracy=0.641145 seconds=104.6 checkpoint=- ebops_trace_seconds=0.01 ebops_trace_over_epoch=0.001 loss=2.138786 host_rss_mb=2337
[epoch 6/7000] EBOPs=untraced in_training_ebops=6215944 target=350000 beta=1.38e-07 val_AUC=0.879898 val_accuracy=0.625258 seconds=104.3 checkpoint=- ebops_trace_seconds=0.01 ebops_trace_over_epoch=0.001 loss=2.003421 host_rss_mb=2346
[epoch 7/7000] EBOPs=untraced in_training_ebops=5960239 target=350000 beta=1.26e-07 val_AUC=0.848226 val_accuracy=0.576371 seconds=104.4 checkpoint=- ebops_trace_seconds=0.01 ebops_trace_over_epoch=0.001 loss=1.735801 host_rss_mb=2355
[epoch 8/7000] EBOPs=untraced in_training_ebops=5114218 target=350000 beta=1.4e-07 val_AUC=0.876429 val_accuracy=0.624581 seconds=104.1 checkpoint=- ebops_trace_seconds=0.01 ebops_trace_over_epoch=0.001 loss=1.809663 host_rss_mb=2360
[epoch 9/7000] EBOPs=untraced in_training_ebops=4574337 target=350000 beta=1.37e-07 val_AUC=0.874517 val_accuracy=0.599871 seconds=104.2 checkpoint=- ebops_trace_seconds=0.01 ebops_trace_over_epoch=0.001 loss=1.666442 host_rss_mb=2362
[epoch 10/7000] EBOPs=3561631 target=350000 above_floor=3390105 feasible=0 degenerate=0 beta=1.39e-07 val_AUC=0.856488 val_accuracy=0.557484 seconds=170.9 checkpoint=- ebops_trace_seconds=83.37 ebops_trace_over_epoch=0.488 loss=1.627545 host_rss_mb=2366
[epoch 11/7000] EBOPs=untraced in_training_ebops=3460346 target=350000 beta=1.22e-07 val_AUC=0.872300 val_accuracy=0.611677 seconds=102.7 checkpoint=- ebops_trace_seconds=0.01 ebops_trace_over_epoch=0.001 loss=1.447026 host_rss_mb=2348
[epoch 12/7000] EBOPs=untraced in_training_ebops=3278885 target=350000 beta=1.33e-07 val_AUC=0.861562 val_accuracy=0.586210 seconds=104.0 checkpoint=- ebops_trace_seconds=0.01 ebops_trace_over_epoch=0.001 loss=1.476957 host_rss_mb=2352
[epoch 13/7000] EBOPs=untraced in_training_ebops=2792778 target=350000 beta=1.41e-07 val_AUC=0.862186 val_accuracy=0.615887 seconds=103.9 checkpoint=- ebops_trace_seconds=0.01 ebops_trace_over_epoch=0.001 loss=1.464568 host_rss_mb=2353
[epoch 14/7000] EBOPs=untraced in_training_ebops=2534261 target=350000 beta=1.33e-07 val_AUC=0.869928 val_accuracy=0.612629 seconds=104.2 checkpoint=- ebops_trace_seconds=0.01 ebops_trace_over_epoch=0.001 loss=1.389530 host_rss_mb=2353
[epoch 15/7000] EBOPs=untraced in_training_ebops=2287783 target=350000 beta=1.33e-07 val_AUC=0.859587 val_accuracy=0.589323 seconds=104.2 checkpoint=- ebops_trace_seconds=0.01 ebops_trace_over_epoch=0.001 loss=1.366118 host_rss_mb=2353
[epoch 16/7000] EBOPs=untraced in_training_ebops=2004570 target=350000 beta=1.32e-07 val_AUC=0.858762 val_accuracy=0.584468 seconds=104.3 checkpoint=- ebops_trace_seconds=0.01 ebops_trace_over_epoch=0.001 loss=1.334962 host_rss_mb=2355
[epoch 17/7000] EBOPs=untraced in_training_ebops=1879168 target=350000 beta=1.26e-07 val_AUC=0.842898 val_accuracy=0.544500 seconds=104.2 checkpoint=- ebops_trace_seconds=0.01 ebops_trace_over_epoch=0.001 loss=1.328136 host_rss_mb=2361
[epoch 18/7000] EBOPs=untraced in_training_ebops=1767983 target=350000 beta=1.29e-07 val_AUC=0.855048 val_accuracy=0.575468 seconds=104.1 checkpoint=- ebops_trace_seconds=0.01 ebops_trace_over_epoch=0.001 loss=1.323134 host_rss_mb=2362
[epoch 19/7000] EBOPs=untraced in_training_ebops=1639682 target=350000 beta=1.31e-07 val_AUC=0.836274 val_accuracy=0.547742 seconds=104.1 checkpoint=- ebops_trace_seconds=0.01 ebops_trace_over_epoch=0.001 loss=1.317577 host_rss_mb=2363
[epoch 20/7000] EBOPs=1556298 target=350000 above_floor=1384772 feasible=0 degenerate=0 beta=1.32e-07 val_AUC=0.856925 val_accuracy=0.575516 seconds=173.7 checkpoint=- ebops_trace_seconds=87.67 ebops_trace_over_epoch=0.505 loss=1.291170 host_rss_mb=2364
[epoch 21/7000] EBOPs=untraced in_training_ebops=1593401 target=350000 beta=1.35e-07 val_AUC=0.845803 val_accuracy=0.574871 seconds=63.0 checkpoint=epoch-0021 ebops_trace_seconds=0.00 ebops_trace_over_epoch=0.001 loss=1.300998 host_rss_mb=2364
CHECKPOINT_VERIFICATION_PASS {"index": 2, "name": "chang0926-a-n64-s3", "arm": "A", "seed": 3, "n_part": 64, "file": "chang0926-a-n64-s3.json", "production": true, "target_ebops": 350000, "zero_floor_ebops": 171526, "arch": {"d_model": 24, "n_heads": 2, "pos_enc": "none"}, "quant_set": "chang", "config_sha256": "f7c05573a4dc9405450a8544459e67da1b76b981a59d354effd47566b9e4ff4d", "status": "verified_canary", "completed_epochs": 21, "selected": {"epoch": 19, "val_macro_auc": 0.8569245041540381, "val_categorical_accuracy": 0.575516129032258, "ebops": 1556298, "ebops_above_floor": 1384772}, "checkpoint": "model_min_ebops.keras", "checkpoint_sha256": "b383d9e2a167444523c760d3177a028d40cf1eeffce64b2cd0c4a2fa3a963b42", "budget_met": false, "validation_accuracy": 0.575516129032258, "validation_macro_auc": 0.8569245041540381, "validation_per_class_auc": [0.8686454716834764, 0.8334050383730316, 0.8306265115338233, 0.8289818532825881, 0.9229636458972708], "wall_seconds_this_invocation": 2482.4693942050217, "test_set_used": false, "hardware_validated": false, "validation_labels_sha256": "63049d9bdcfdc83af97c58bc6579e1def1ec2d9e7a6c30007793badd75217709", "reload_ebops_check": "stored", "source_sha256": "041f981a9d5b8c3a7affb175d82de0ca2df9bc6261a172f67cb365c88b4bbd42", "selection_cost": 1556298, "selection_cost_convention": "native_hgq2", "native_hgq2_backbone_ebops": 1556298, "custom_estimated_bitops": 0, "modules": {}, "warning": "Augmented total is not directly interchangeable with historical native HGQ2 totals."}
WANDB_IMPORTED False
ARM_DONE chang0926-a-n64-s3 exit 0 wall_seconds 2482.6 utc 2026-09-29T11:13:42Z
