==== ARM_ATTEMPT 0 2026-09-28T20:05:59Z
Traceback (most recent call last):
  File "/work/code/run_study.py", line 208, in <module>
    train(args.index, args.stop_after)
  File "/work/code/run_study.py", line 104, in train
    run_engram.validate_tracking_destination(cfg)
  File "/work/code/run_engram.py", line 144, in validate_tracking_destination
    raise ValueError('--track requires explicit WANDB_MODE=online for the private study')
ValueError: --track requires explicit WANDB_MODE=online for the private study
==== ARM_ATTEMPT 0 2026-09-28T20:15:21Z
RUN_STAGE canary
[train] delta0926-w2-rep-a-t350000-s4 params=31735 resume_epoch=0 initial_ebops=11205067
wandb: [wandb.login()] Loaded credentials for https://api.wandb.ai from WANDB_API_KEY.
wandb: setting up run 97c9272b6600
wandb: Resuming run delta0926-w2-rep-a-t350000-s4
wandb: 🚀 View run at https://wandb.ai/kayamaguchi-uc-san-diego/BNJetTag-Delta/runs/97c9272b6600
[epoch 1/1000] EBOPs=10746356 target=350000 above_floor=10574830 feasible=0 degenerate=0 beta=1e-07 val_AUC=0.789804 val_accuracy=0.502790 seconds=175.3 checkpoint=- ebops_trace_seconds=76.20 ebops_trace_over_epoch=0.435 loss=2.622779 host_rss_mb=2294
[epoch 2/1000] EBOPs=untraced in_training_ebops=12398539 target=350000 beta=1e-07 val_AUC=0.862613 val_accuracy=0.603629 seconds=105.2 checkpoint=- ebops_trace_seconds=0.00 ebops_trace_over_epoch=0.001 loss=2.324507 host_rss_mb=2318
[epoch 3/1000] EBOPs=untraced in_training_ebops=9897526 target=350000 beta=1.38e-07 val_AUC=0.873348 val_accuracy=0.622597 seconds=105.5 checkpoint=- ebops_trace_seconds=0.00 ebops_trace_over_epoch=0.001 loss=2.558927 host_rss_mb=2336
[epoch 4/1000] EBOPs=untraced in_training_ebops=8891971 target=350000 beta=1.3e-07 val_AUC=0.869108 val_accuracy=0.604774 seconds=105.4 checkpoint=- ebops_trace_seconds=0.00 ebops_trace_over_epoch=0.001 loss=2.261014 host_rss_mb=2345
[epoch 5/1000] EBOPs=untraced in_training_ebops=7491121 target=350000 beta=1.37e-07 val_AUC=0.879450 val_accuracy=0.638048 seconds=105.2 checkpoint=- ebops_trace_seconds=0.00 ebops_trace_over_epoch=0.001 loss=2.067796 host_rss_mb=2347
[epoch 6/1000] EBOPs=untraced in_training_ebops=5826543 target=350000 beta=1.35e-07 val_AUC=0.877709 val_accuracy=0.626758 seconds=105.3 checkpoint=- ebops_trace_seconds=0.00 ebops_trace_over_epoch=0.001 loss=1.910095 host_rss_mb=2360
[epoch 7/1000] EBOPs=untraced in_training_ebops=5415137 target=350000 beta=1.21e-07 val_AUC=0.879387 val_accuracy=0.629387 seconds=105.3 checkpoint=- ebops_trace_seconds=0.00 ebops_trace_over_epoch=0.001 loss=1.653683 host_rss_mb=2339
[epoch 8/1000] EBOPs=untraced in_training_ebops=4772658 target=350000 beta=1.29e-07 val_AUC=0.882509 val_accuracy=0.636694 seconds=105.2 checkpoint=- ebops_trace_seconds=0.00 ebops_trace_over_epoch=0.001 loss=1.647142 host_rss_mb=2350
[epoch 9/1000] EBOPs=untraced in_training_ebops=4297851 target=350000 beta=1.29e-07 val_AUC=0.882531 val_accuracy=0.631516 seconds=105.1 checkpoint=- ebops_trace_seconds=0.00 ebops_trace_over_epoch=0.001 loss=1.571780 host_rss_mb=2364
[epoch 10/1000] EBOPs=3499661 target=350000 above_floor=3328135 feasible=0 degenerate=0 beta=1.32e-07 val_AUC=0.874378 val_accuracy=0.623242 seconds=169.3 checkpoint=- ebops_trace_seconds=87.45 ebops_trace_over_epoch=0.517 loss=1.539971 host_rss_mb=2375
[epoch 11/1000] EBOPs=untraced in_training_ebops=3680975 target=350000 beta=1.21e-07 val_AUC=0.874320 val_accuracy=0.613887 seconds=104.5 checkpoint=- ebops_trace_seconds=0.01 ebops_trace_over_epoch=0.001 loss=1.440983 host_rss_mb=2377
[epoch 12/1000] EBOPs=untraced in_training_ebops=3259941 target=350000 beta=1.43e-07 val_AUC=0.875752 val_accuracy=0.625371 seconds=104.9 checkpoint=- ebops_trace_seconds=0.01 ebops_trace_over_epoch=0.001 loss=1.485469 host_rss_mb=2379
[epoch 13/1000] EBOPs=untraced in_training_ebops=2858336 target=350000 beta=1.41e-07 val_AUC=0.868923 val_accuracy=0.589274 seconds=104.3 checkpoint=- ebops_trace_seconds=0.01 ebops_trace_over_epoch=0.001 loss=1.436914 host_rss_mb=2388
[epoch 14/1000] EBOPs=untraced in_training_ebops=2506226 target=350000 beta=1.38e-07 val_AUC=0.877822 val_accuracy=0.620000 seconds=104.7 checkpoint=- ebops_trace_seconds=0.01 ebops_trace_over_epoch=0.001 loss=1.382366 host_rss_mb=2388
[epoch 15/1000] EBOPs=untraced in_training_ebops=2341198 target=350000 beta=1.33e-07 val_AUC=0.872592 val_accuracy=0.606065 seconds=104.7 checkpoint=- ebops_trace_seconds=0.01 ebops_trace_over_epoch=0.001 loss=1.313354 host_rss_mb=2388
[epoch 16/1000] EBOPs=untraced in_training_ebops=2215319 target=350000 beta=1.37e-07 val_AUC=0.864998 val_accuracy=0.604000 seconds=105.0 checkpoint=- ebops_trace_seconds=0.01 ebops_trace_over_epoch=0.001 loss=1.308699 host_rss_mb=2390
[epoch 17/1000] EBOPs=untraced in_training_ebops=2051046 target=350000 beta=1.42e-07 val_AUC=0.858822 val_accuracy=0.572306 seconds=104.7 checkpoint=- ebops_trace_seconds=0.01 ebops_trace_over_epoch=0.001 loss=1.351827 host_rss_mb=2391
[epoch 18/1000] EBOPs=untraced in_training_ebops=1898599 target=350000 beta=1.44e-07 val_AUC=0.846478 val_accuracy=0.545290 seconds=104.3 checkpoint=- ebops_trace_seconds=0.01 ebops_trace_over_epoch=0.001 loss=1.333382 host_rss_mb=2393
[epoch 19/1000] EBOPs=untraced in_training_ebops=1653034 target=350000 beta=1.45e-07 val_AUC=0.863034 val_accuracy=0.598548 seconds=102.4 checkpoint=- ebops_trace_seconds=0.00 ebops_trace_over_epoch=0.001 loss=1.308743 host_rss_mb=2396
[epoch 20/1000] EBOPs=1590390 target=350000 above_floor=1418864 feasible=0 degenerate=0 beta=1.36e-07 val_AUC=0.853494 val_accuracy=0.579177 seconds=170.8 checkpoint=- ebops_trace_seconds=87.83 ebops_trace_over_epoch=0.515 loss=1.275183 host_rss_mb=2396
[epoch 21/1000] EBOPs=untraced in_training_ebops=1479505 target=350000 beta=1.41e-07 val_AUC=0.862814 val_accuracy=0.582629 seconds=104.6 checkpoint=- ebops_trace_seconds=0.01 ebops_trace_over_epoch=0.001 loss=1.285293 host_rss_mb=2396
[epoch 22/1000] EBOPs=untraced in_training_ebops=1370661 target=350000 beta=1.41e-07 val_AUC=0.845170 val_accuracy=0.541903 seconds=104.7 checkpoint=- ebops_trace_seconds=0.01 ebops_trace_over_epoch=0.001 loss=1.266651 host_rss_mb=2396
[epoch 23/1000] EBOPs=untraced in_training_ebops=1177146 target=350000 beta=1.4e-07 val_AUC=0.862402 val_accuracy=0.597806 seconds=104.5 checkpoint=- ebops_trace_seconds=0.01 ebops_trace_over_epoch=0.001 loss=1.241670 host_rss_mb=2398
[epoch 24/1000] EBOPs=untraced in_training_ebops=1096805 target=350000 beta=1.28e-07 val_AUC=0.863970 val_accuracy=0.598516 seconds=104.1 checkpoint=- ebops_trace_seconds=0.01 ebops_trace_over_epoch=0.001 loss=1.203228 host_rss_mb=2398
[epoch 25/1000] EBOPs=untraced in_training_ebops=1074930 target=350000 beta=1.26e-07 val_AUC=0.829039 val_accuracy=0.562984 seconds=103.8 checkpoint=epoch-0025 ebops_trace_seconds=0.01 ebops_trace_over_epoch=0.001 loss=1.204801 host_rss_mb=2399
[epoch 26/1000] EBOPs=untraced in_training_ebops=1050378 target=350000 beta=1.31e-07 val_AUC=0.864785 val_accuracy=0.612500 seconds=104.6 checkpoint=- ebops_trace_seconds=0.01 ebops_trace_over_epoch=0.001 loss=1.244108 host_rss_mb=2407
[epoch 27/1000] EBOPs=untraced in_training_ebops=1028171 target=350000 beta=1.35e-07 val_AUC=0.827576 val_accuracy=0.539613 seconds=104.4 checkpoint=- ebops_trace_seconds=0.01 ebops_trace_over_epoch=0.001 loss=1.221582 host_rss_mb=2406
[epoch 28/1000] EBOPs=untraced in_training_ebops=916306 target=350000 beta=1.39e-07 val_AUC=0.857834 val_accuracy=0.594371 seconds=104.6 checkpoint=- ebops_trace_seconds=0.01 ebops_trace_over_epoch=0.001 loss=1.226386 host_rss_mb=2409
[epoch 29/1000] EBOPs=untraced in_training_ebops=859777 target=350000 beta=1.3e-07 val_AUC=0.836191 val_accuracy=0.540984 seconds=99.8 checkpoint=- ebops_trace_seconds=0.00 ebops_trace_over_epoch=0.001 loss=1.217682 host_rss_mb=2409
[epoch 30/1000] EBOPs=856733 target=350000 above_floor=685207 feasible=0 degenerate=0 beta=1.28e-07 val_AUC=0.849051 val_accuracy=0.588065 seconds=176.2 checkpoint=- ebops_trace_seconds=89.17 ebops_trace_over_epoch=0.506 loss=1.205881 host_rss_mb=2411
[epoch 31/1000] EBOPs=untraced in_training_ebops=856544 target=350000 beta=1.33e-07 val_AUC=0.843681 val_accuracy=0.572548 seconds=104.6 checkpoint=- ebops_trace_seconds=0.01 ebops_trace_over_epoch=0.001 loss=1.216544 host_rss_mb=2411
[epoch 32/1000] EBOPs=untraced in_training_ebops=810029 target=350000 beta=1.39e-07 val_AUC=0.822483 val_accuracy=0.524952 seconds=104.4 checkpoint=- ebops_trace_seconds=0.01 ebops_trace_over_epoch=0.001 loss=1.222250 host_rss_mb=2412
[epoch 33/1000] EBOPs=untraced in_training_ebops=744515 target=350000 beta=1.37e-07 val_AUC=0.862610 val_accuracy=0.595581 seconds=104.6 checkpoint=- ebops_trace_seconds=0.01 ebops_trace_over_epoch=0.001 loss=1.216818 host_rss_mb=2413
[epoch 34/1000] EBOPs=untraced in_training_ebops=724478 target=350000 beta=1.31e-07 val_AUC=0.804756 val_accuracy=0.413597 seconds=104.6 checkpoint=- ebops_trace_seconds=0.01 ebops_trace_over_epoch=0.001 loss=1.200334 host_rss_mb=2413
[epoch 35/1000] EBOPs=untraced in_training_ebops=679951 target=350000 beta=1.32e-07 val_AUC=0.848756 val_accuracy=0.558419 seconds=104.4 checkpoint=- ebops_trace_seconds=0.01 ebops_trace_over_epoch=0.001 loss=1.215948 host_rss_mb=2414
[epoch 36/1000] EBOPs=untraced in_training_ebops=676411 target=350000 beta=1.28e-07 val_AUC=0.859481 val_accuracy=0.589952 seconds=104.6 checkpoint=- ebops_trace_seconds=0.01 ebops_trace_over_epoch=0.001 loss=1.230529 host_rss_mb=2414
[epoch 37/1000] EBOPs=untraced in_training_ebops=681115 target=350000 beta=1.32e-07 val_AUC=0.838195 val_accuracy=0.573855 seconds=104.4 checkpoint=- ebops_trace_seconds=0.01 ebops_trace_over_epoch=0.001 loss=1.237252 host_rss_mb=2414
[epoch 38/1000] EBOPs=untraced in_training_ebops=676507 target=350000 beta=1.37e-07 val_AUC=0.831772 val_accuracy=0.547145 seconds=104.4 checkpoint=- ebops_trace_seconds=0.01 ebops_trace_over_epoch=0.001 loss=1.233577 host_rss_mb=2414
[epoch 39/1000] EBOPs=untraced in_training_ebops=680142 target=350000 beta=1.41e-07 val_AUC=0.854906 val_accuracy=0.579661 seconds=95.9 checkpoint=- ebops_trace_seconds=0.00 ebops_trace_over_epoch=0.001 loss=1.207487 host_rss_mb=2414
[epoch 40/1000] EBOPs=628275 target=350000 above_floor=456749 feasible=0 degenerate=0 beta=1.47e-07 val_AUC=0.838027 val_accuracy=0.552823 seconds=178.5 checkpoint=- ebops_trace_seconds=86.15 ebops_trace_over_epoch=0.483 loss=1.266286 host_rss_mb=2414
[epoch 41/1000] EBOPs=untraced in_training_ebops=673876 target=350000 beta=1.39e-07 val_AUC=0.832329 val_accuracy=0.538516 seconds=104.4 checkpoint=- ebops_trace_seconds=0.01 ebops_trace_over_epoch=0.001 loss=1.232067 host_rss_mb=2414
[epoch 42/1000] EBOPs=untraced in_training_ebops=684223 target=350000 beta=1.55e-07 val_AUC=0.845866 val_accuracy=0.565113 seconds=104.5 checkpoint=- ebops_trace_seconds=0.01 ebops_trace_over_epoch=0.001 loss=1.272747 host_rss_mb=2414
[epoch 43/1000] EBOPs=untraced in_training_ebops=674558 target=350000 beta=1.62e-07 val_AUC=0.821049 val_accuracy=0.520677 seconds=104.5 checkpoint=- ebops_trace_seconds=0.01 ebops_trace_over_epoch=0.001 loss=1.278610 host_rss_mb=2416
[epoch 44/1000] EBOPs=untraced in_training_ebops=679128 target=350000 beta=1.65e-07 val_AUC=0.795753 val_accuracy=0.463629 seconds=104.3 checkpoint=- ebops_trace_seconds=0.01 ebops_trace_over_epoch=0.001 loss=1.315678 host_rss_mb=2416
[epoch 45/1000] EBOPs=untraced in_training_ebops=672940 target=350000 beta=1.72e-07 val_AUC=0.798808 val_accuracy=0.473145 seconds=104.5 checkpoint=- ebops_trace_seconds=0.01 ebops_trace_over_epoch=0.001 loss=1.330120 host_rss_mb=2416
[epoch 46/1000] EBOPs=untraced in_training_ebops=664092 target=350000 beta=1.76e-07 val_AUC=0.822319 val_accuracy=0.504339 seconds=104.4 checkpoint=- ebops_trace_seconds=0.01 ebops_trace_over_epoch=0.001 loss=1.305060 host_rss_mb=2416
[epoch 47/1000] EBOPs=untraced in_training_ebops=668786 target=350000 beta=1.79e-07 val_AUC=0.811217 val_accuracy=0.533516 seconds=104.5 checkpoint=- ebops_trace_seconds=0.01 ebops_trace_over_epoch=0.001 loss=1.315472 host_rss_mb=2408
[epoch 48/1000] EBOPs=untraced in_training_ebops=657147 target=350000 beta=1.87e-07 val_AUC=0.829725 val_accuracy=0.517710 seconds=104.5 checkpoint=- ebops_trace_seconds=0.01 ebops_trace_over_epoch=0.001 loss=1.325301 host_rss_mb=2412
[epoch 49/1000] EBOPs=untraced in_training_ebops=649419 target=350000 beta=1.89e-07 val_AUC=0.837028 val_accuracy=0.545161 seconds=93.0 checkpoint=- ebops_trace_seconds=0.00 ebops_trace_over_epoch=0.001 loss=1.331844 host_rss_mb=2414
[epoch 50/1000] EBOPs=596102 target=350000 above_floor=424576 feasible=0 degenerate=0 beta=1.93e-07 val_AUC=0.831131 val_accuracy=0.539161 seconds=180.8 checkpoint=epoch-0050 ebops_trace_seconds=88.28 ebops_trace_over_epoch=0.489 loss=1.332419 host_rss_mb=2414
[epoch 51/1000] EBOPs=untraced in_training_ebops=637046 target=350000 beta=1.82e-07 val_AUC=0.832583 val_accuracy=0.542532 seconds=104.5 checkpoint=- ebops_trace_seconds=0.00 ebops_trace_over_epoch=0.001 loss=1.328294 host_rss_mb=2415
[epoch 52/1000] EBOPs=untraced in_training_ebops=651403 target=350000 beta=2e-07 val_AUC=0.822623 val_accuracy=0.523919 seconds=105.0 checkpoint=- ebops_trace_seconds=0.00 ebops_trace_over_epoch=0.001 loss=1.342238 host_rss_mb=2415
[epoch 53/1000] EBOPs=untraced in_training_ebops=639082 target=350000 beta=2.11e-07 val_AUC=0.834197 val_accuracy=0.539274 seconds=104.7 checkpoint=- ebops_trace_seconds=0.00 ebops_trace_over_epoch=0.001 loss=1.343496 host_rss_mb=2416
[epoch 54/1000] EBOPs=untraced in_training_ebops=632379 target=350000 beta=2.14e-07 val_AUC=0.840006 val_accuracy=0.522823 seconds=104.7 checkpoint=- ebops_trace_seconds=0.00 ebops_trace_over_epoch=0.001 loss=1.333221 host_rss_mb=2416
[epoch 55/1000] EBOPs=untraced in_training_ebops=629832 target=350000 beta=2.18e-07 val_AUC=0.829757 val_accuracy=0.529258 seconds=104.8 checkpoint=- ebops_trace_seconds=0.01 ebops_trace_over_epoch=0.001 loss=1.316203 host_rss_mb=2416
[epoch 56/1000] EBOPs=untraced in_training_ebops=628875 target=350000 beta=2.23e-07 val_AUC=0.797648 val_accuracy=0.490419 seconds=104.9 checkpoint=- ebops_trace_seconds=0.01 ebops_trace_over_epoch=0.001 loss=1.353733 host_rss_mb=2416
[epoch 57/1000] EBOPs=untraced in_training_ebops=635014 target=350000 beta=2.3e-07 val_AUC=0.837484 val_accuracy=0.551823 seconds=104.9 checkpoint=- ebops_trace_seconds=0.01 ebops_trace_over_epoch=0.001 loss=1.367734 host_rss_mb=2417
[epoch 58/1000] EBOPs=untraced in_training_ebops=625310 target=350000 beta=2.39e-07 val_AUC=0.819439 val_accuracy=0.506177 seconds=105.1 checkpoint=- ebops_trace_seconds=0.01 ebops_trace_over_epoch=0.001 loss=1.375434 host_rss_mb=2417
[epoch 59/1000] EBOPs=untraced in_training_ebops=621276 target=350000 beta=2.42e-07 val_AUC=0.827958 val_accuracy=0.548145 seconds=90.8 checkpoint=- ebops_trace_seconds=0.00 ebops_trace_over_epoch=0.001 loss=1.385355 host_rss_mb=2417
[epoch 60/1000] EBOPs=566785 target=350000 above_floor=395259 feasible=0 degenerate=0 beta=2.48e-07 val_AUC=0.802280 val_accuracy=0.500323 seconds=185.6 checkpoint=- ebops_trace_seconds=90.88 ebops_trace_over_epoch=0.490 loss=1.392922 host_rss_mb=2418
[epoch 61/1000] EBOPs=untraced in_training_ebops=600069 target=350000 beta=2.31e-07 val_AUC=0.808167 val_accuracy=0.523613 seconds=104.5 checkpoint=- ebops_trace_seconds=0.01 ebops_trace_over_epoch=0.001 loss=1.341287 host_rss_mb=2418
[epoch 62/1000] EBOPs=untraced in_training_ebops=612943 target=350000 beta=2.52e-07 val_AUC=0.820499 val_accuracy=0.537097 seconds=104.2 checkpoint=- ebops_trace_seconds=0.01 ebops_trace_over_epoch=0.001 loss=1.386930 host_rss_mb=2418
[epoch 63/1000] EBOPs=untraced in_training_ebops=603713 target=350000 beta=2.64e-07 val_AUC=0.830849 val_accuracy=0.530758 seconds=104.5 checkpoint=- ebops_trace_seconds=0.01 ebops_trace_over_epoch=0.001 loss=1.383096 host_rss_mb=2418
[epoch 64/1000] EBOPs=untraced in_training_ebops=604340 target=350000 beta=2.68e-07 val_AUC=0.830805 val_accuracy=0.516113 seconds=104.6 checkpoint=- ebops_trace_seconds=0.00 ebops_trace_over_epoch=0.001 loss=1.372659 host_rss_mb=2418
[epoch 65/1000] EBOPs=untraced in_training_ebops=602229 target=350000 beta=2.75e-07 val_AUC=0.819308 val_accuracy=0.494774 seconds=104.5 checkpoint=- ebops_trace_seconds=0.01 ebops_trace_over_epoch=0.001 loss=1.411886 host_rss_mb=2418
[epoch 66/1000] EBOPs=untraced in_training_ebops=596129 target=350000 beta=2.82e-07 val_AUC=0.799803 val_accuracy=0.488581 seconds=104.6 checkpoint=- ebops_trace_seconds=0.01 ebops_trace_over_epoch=0.001 loss=1.394327 host_rss_mb=2418
[epoch 67/1000] EBOPs=untraced in_training_ebops=594487 target=350000 beta=2.87e-07 val_AUC=0.807126 val_accuracy=0.499113 seconds=105.0 checkpoint=- ebops_trace_seconds=0.01 ebops_trace_over_epoch=0.001 loss=1.390052 host_rss_mb=2400
[epoch 68/1000] EBOPs=untraced in_training_ebops=599162 target=350000 beta=2.93e-07 val_AUC=0.797978 val_accuracy=0.482145 seconds=101.2 checkpoint=- ebops_trace_seconds=0.00 ebops_trace_over_epoch=0.001 loss=1.427337 host_rss_mb=2414
[epoch 69/1000] EBOPs=untraced in_training_ebops=594124 target=350000 beta=3.04e-07 val_AUC=0.817659 val_accuracy=0.502952 seconds=91.8 checkpoint=- ebops_trace_seconds=0.01 ebops_trace_over_epoch=0.001 loss=1.421772 host_rss_mb=2415
[epoch 70/1000] EBOPs=541232 target=350000 above_floor=369706 feasible=0 degenerate=0 beta=3.09e-07 val_AUC=0.792733 val_accuracy=0.484048 seconds=184.3 checkpoint=- ebops_trace_seconds=91.78 ebops_trace_over_epoch=0.498 loss=1.414425 host_rss_mb=2416
[epoch 71/1000] EBOPs=untraced in_training_ebops=575503 target=350000 beta=2.88e-07 val_AUC=0.826206 val_accuracy=0.538194 seconds=104.6 checkpoint=- ebops_trace_seconds=0.01 ebops_trace_over_epoch=0.001 loss=1.401487 host_rss_mb=2416
[epoch 72/1000] EBOPs=untraced in_training_ebops=585836 target=350000 beta=3.14e-07 val_AUC=0.816802 val_accuracy=0.467790 seconds=104.7 checkpoint=- ebops_trace_seconds=0.01 ebops_trace_over_epoch=0.001 loss=1.420636 host_rss_mb=2416
[epoch 73/1000] EBOPs=untraced in_training_ebops=579755 target=350000 beta=3.28e-07 val_AUC=0.816012 val_accuracy=0.498661 seconds=104.3 checkpoint=- ebops_trace_seconds=0.01 ebops_trace_over_epoch=0.001 loss=1.418309 host_rss_mb=2417
[epoch 74/1000] EBOPs=untraced in_training_ebops=567433 target=350000 beta=3.33e-07 val_AUC=0.804921 val_accuracy=0.464048 seconds=104.6 checkpoint=- ebops_trace_seconds=0.00 ebops_trace_over_epoch=0.001 loss=1.436402 host_rss_mb=2417
[epoch 75/1000] EBOPs=untraced in_training_ebops=575750 target=350000 beta=3.34e-07 val_AUC=0.827698 val_accuracy=0.551677 seconds=103.6 checkpoint=epoch-0075 ebops_trace_seconds=0.01 ebops_trace_over_epoch=0.001 loss=1.427703 host_rss_mb=2417
[epoch 76/1000] EBOPs=untraced in_training_ebops=570089 target=350000 beta=3.47e-07 val_AUC=0.806631 val_accuracy=0.475661 seconds=104.3 checkpoint=- ebops_trace_seconds=0.01 ebops_trace_over_epoch=0.001 loss=1.450294 host_rss_mb=2417
[epoch 77/1000] EBOPs=untraced in_training_ebops=567887 target=350000 beta=3.52e-07 val_AUC=0.810989 val_accuracy=0.465419 seconds=104.1 checkpoint=- ebops_trace_seconds=0.01 ebops_trace_over_epoch=0.001 loss=1.438734 host_rss_mb=2417
[epoch 78/1000] EBOPs=untraced in_training_ebops=560226 target=350000 beta=3.59e-07 val_AUC=0.802004 val_accuracy=0.508661 seconds=98.4 checkpoint=- ebops_trace_seconds=0.00 ebops_trace_over_epoch=0.001 loss=1.458926 host_rss_mb=2417
[epoch 79/1000] EBOPs=untraced in_training_ebops=563661 target=350000 beta=3.63e-07 val_AUC=0.825425 val_accuracy=0.493516 seconds=94.2 checkpoint=- ebops_trace_seconds=0.01 ebops_trace_over_epoch=0.001 loss=1.436463 host_rss_mb=2417
[epoch 80/1000] EBOPs=505164 target=350000 above_floor=333638 feasible=0 degenerate=0 beta=3.74e-07 val_AUC=0.799663 val_accuracy=0.477242 seconds=181.8 checkpoint=- ebops_trace_seconds=89.86 ebops_trace_over_epoch=0.495 loss=1.475309 host_rss_mb=2417
[epoch 81/1000] EBOPs=untraced in_training_ebops=556453 target=350000 beta=3.41e-07 val_AUC=0.784714 val_accuracy=0.479887 seconds=104.2 checkpoint=- ebops_trace_seconds=0.01 ebops_trace_over_epoch=0.001 loss=1.443940 host_rss_mb=2417
[epoch 82/1000] EBOPs=untraced in_training_ebops=561235 target=350000 beta=3.85e-07 val_AUC=0.789875 val_accuracy=0.469903 seconds=104.1 checkpoint=- ebops_trace_seconds=0.01 ebops_trace_over_epoch=0.001 loss=1.477744 host_rss_mb=2417
[epoch 83/1000] EBOPs=untraced in_training_ebops=556700 target=350000 beta=3.97e-07 val_AUC=0.807737 val_accuracy=0.497452 seconds=104.2 checkpoint=- ebops_trace_seconds=0.01 ebops_trace_over_epoch=0.001 loss=1.476622 host_rss_mb=2418
[epoch 84/1000] EBOPs=untraced in_training_ebops=546315 target=350000 beta=4.03e-07 val_AUC=0.817950 val_accuracy=0.516194 seconds=104.0 checkpoint=- ebops_trace_seconds=0.00 ebops_trace_over_epoch=0.001 loss=1.497700 host_rss_mb=2418
[epoch 85/1000] EBOPs=untraced in_training_ebops=560187 target=350000 beta=4.05e-07 val_AUC=0.808773 val_accuracy=0.514790 seconds=104.2 checkpoint=- ebops_trace_seconds=0.01 ebops_trace_over_epoch=0.001 loss=1.483250 host_rss_mb=2418
[epoch 86/1000] EBOPs=untraced in_training_ebops=549570 target=350000 beta=4.25e-07 val_AUC=0.781085 val_accuracy=0.439387 seconds=103.8 checkpoint=- ebops_trace_seconds=0.00 ebops_trace_over_epoch=0.001 loss=1.503901 host_rss_mb=2418
[epoch 87/1000] EBOPs=untraced in_training_ebops=559293 target=350000 beta=4.26e-07 val_AUC=0.821197 val_accuracy=0.520161 seconds=104.0 checkpoint=- ebops_trace_seconds=0.01 ebops_trace_over_epoch=0.001 loss=1.512749 host_rss_mb=2418
[epoch 88/1000] EBOPs=untraced in_training_ebops=543372 target=350000 beta=4.44e-07 val_AUC=0.758835 val_accuracy=0.447710 seconds=97.3 checkpoint=- ebops_trace_seconds=0.00 ebops_trace_over_epoch=0.001 loss=1.513862 host_rss_mb=2415
[epoch 89/1000] EBOPs=untraced in_training_ebops=552535 target=350000 beta=4.41e-07 val_AUC=0.785861 val_accuracy=0.429000 seconds=95.6 checkpoint=- ebops_trace_seconds=0.01 ebops_trace_over_epoch=0.001 loss=1.502347 host_rss_mb=2415
[epoch 90/1000] EBOPs=504371 target=350000 above_floor=332845 feasible=0 degenerate=0 beta=4.59e-07 val_AUC=0.789283 val_accuracy=0.468581 seconds=182.5 checkpoint=- ebops_trace_seconds=90.69 ebops_trace_over_epoch=0.497 loss=1.531798 host_rss_mb=2416
[epoch 91/1000] EBOPs=untraced in_training_ebops=539560 target=350000 beta=4.27e-07 val_AUC=0.797503 val_accuracy=0.492516 seconds=104.1 checkpoint=- ebops_trace_seconds=0.01 ebops_trace_over_epoch=0.001 loss=1.487521 host_rss_mb=2417
[epoch 92/1000] EBOPs=untraced in_training_ebops=566919 target=350000 beta=4.67e-07 val_AUC=0.804820 val_accuracy=0.492323 seconds=104.2 checkpoint=- ebops_trace_seconds=0.01 ebops_trace_over_epoch=0.001 loss=1.542162 host_rss_mb=2417
[epoch 93/1000] EBOPs=untraced in_training_ebops=625173 target=350000 beta=5.02e-07 val_AUC=0.793097 val_accuracy=0.491774 seconds=104.0 checkpoint=- ebops_trace_seconds=0.01 ebops_trace_over_epoch=0.001 loss=1.586137 host_rss_mb=2419
[epoch 94/1000] EBOPs=untraced in_training_ebops=551072 target=350000 beta=5.7e-07 val_AUC=0.817212 val_accuracy=0.519774 seconds=104.1 checkpoint=- ebops_trace_seconds=0.01 ebops_trace_over_epoch=0.001 loss=1.608513 host_rss_mb=2419
[epoch 95/1000] EBOPs=untraced in_training_ebops=543875 target=350000 beta=5.14e-07 val_AUC=0.787289 val_accuracy=0.458984 seconds=104.2 checkpoint=- ebops_trace_seconds=0.01 ebops_trace_over_epoch=0.001 loss=1.568080 host_rss_mb=2419
[epoch 96/1000] EBOPs=untraced in_training_ebops=549057 target=350000 beta=5.19e-07 val_AUC=0.787206 val_accuracy=0.447129 seconds=104.0 checkpoint=- ebops_trace_seconds=0.01 ebops_trace_over_epoch=0.001 loss=1.574442 host_rss_mb=2419
[epoch 97/1000] EBOPs=untraced in_training_ebops=548125 target=350000 beta=5.35e-07 val_AUC=0.805565 val_accuracy=0.499774 seconds=104.1 checkpoint=- ebops_trace_seconds=0.01 ebops_trace_over_epoch=0.001 loss=1.592994 host_rss_mb=2419
[epoch 98/1000] EBOPs=untraced in_training_ebops=540353 target=350000 beta=5.47e-07 val_AUC=0.801210 val_accuracy=0.469855 seconds=94.5 checkpoint=- ebops_trace_seconds=0.00 ebops_trace_over_epoch=0.001 loss=1.600243 host_rss_mb=2419
[epoch 99/1000] EBOPs=untraced in_training_ebops=532885 target=350000 beta=5.51e-07 val_AUC=0.793522 val_accuracy=0.488677 seconds=97.0 checkpoint=- ebops_trace_seconds=0.00 ebops_trace_over_epoch=0.001 loss=1.591549 host_rss_mb=2420
