==== ARM_ATTEMPT 0 2026-09-28T20:05:44Z
Traceback (most recent call last):
  File "/work/code/run_study.py", line 208, in <module>
    train(args.index, args.stop_after)
  File "/work/code/run_study.py", line 104, in train
    run_engram.validate_tracking_destination(cfg)
  File "/work/code/run_engram.py", line 144, in validate_tracking_destination
    raise ValueError('--track requires explicit WANDB_MODE=online for the private study')
ValueError: --track requires explicit WANDB_MODE=online for the private study
==== ARM_ATTEMPT 0 2026-09-28T20:15:06Z
RUN_STAGE canary
[train] delta0926-w2-rep-a-t350000-s3 params=31735 resume_epoch=0 initial_ebops=11488104
wandb: [wandb.login()] Loaded credentials for https://api.wandb.ai from WANDB_API_KEY.
wandb: Resuming run delta0926-w2-rep-a-t350000-s3
wandb: 🚀 View run at https://wandb.ai/kayamaguchi-uc-san-diego/BNJetTag-Delta/runs/8d550672d4af
[epoch 1/1000] EBOPs=11398524 target=350000 above_floor=11226998 feasible=0 degenerate=0 beta=1e-07 val_AUC=0.848392 val_accuracy=0.567532 seconds=183.5 checkpoint=- ebops_trace_seconds=76.92 ebops_trace_over_epoch=0.419 loss=2.643073 host_rss_mb=2288
[epoch 2/1000] EBOPs=untraced in_training_ebops=12669756 target=350000 beta=1e-07 val_AUC=0.874476 val_accuracy=0.604935 seconds=101.5 checkpoint=- ebops_trace_seconds=0.01 ebops_trace_over_epoch=0.001 loss=2.279294 host_rss_mb=2310
[epoch 3/1000] EBOPs=untraced in_training_ebops=10076438 target=350000 beta=1.33e-07 val_AUC=0.877603 val_accuracy=0.621290 seconds=104.8 checkpoint=- ebops_trace_seconds=0.01 ebops_trace_over_epoch=0.001 loss=2.530898 host_rss_mb=2329
[epoch 4/1000] EBOPs=untraced in_training_ebops=9591132 target=350000 beta=1.25e-07 val_AUC=0.867718 val_accuracy=0.606806 seconds=104.7 checkpoint=- ebops_trace_seconds=0.01 ebops_trace_over_epoch=0.001 loss=2.248698 host_rss_mb=2343
[epoch 5/1000] EBOPs=untraced in_training_ebops=7753937 target=350000 beta=1.41e-07 val_AUC=0.881284 val_accuracy=0.618258 seconds=105.6 checkpoint=- ebops_trace_seconds=0.01 ebops_trace_over_epoch=0.001 loss=2.119348 host_rss_mb=2352
[epoch 6/1000] EBOPs=untraced in_training_ebops=6319027 target=350000 beta=1.33e-07 val_AUC=0.888089 val_accuracy=0.641532 seconds=104.6 checkpoint=- ebops_trace_seconds=0.01 ebops_trace_over_epoch=0.001 loss=1.946616 host_rss_mb=2362
[epoch 7/1000] EBOPs=untraced in_training_ebops=5994628 target=350000 beta=1.25e-07 val_AUC=0.876156 val_accuracy=0.622516 seconds=104.9 checkpoint=- ebops_trace_seconds=0.01 ebops_trace_over_epoch=0.001 loss=1.754285 host_rss_mb=2347
[epoch 8/1000] EBOPs=untraced in_training_ebops=5289411 target=350000 beta=1.37e-07 val_AUC=0.882302 val_accuracy=0.620516 seconds=104.8 checkpoint=- ebops_trace_seconds=0.01 ebops_trace_over_epoch=0.001 loss=1.785983 host_rss_mb=2353
[epoch 9/1000] EBOPs=untraced in_training_ebops=4467506 target=350000 beta=1.38e-07 val_AUC=0.880928 val_accuracy=0.628565 seconds=104.4 checkpoint=- ebops_trace_seconds=0.01 ebops_trace_over_epoch=0.001 loss=1.685567 host_rss_mb=2357
[epoch 10/1000] EBOPs=3483698 target=350000 above_floor=3312172 feasible=0 degenerate=0 beta=1.32e-07 val_AUC=0.867478 val_accuracy=0.607952 seconds=174.7 checkpoint=- ebops_trace_seconds=85.77 ebops_trace_over_epoch=0.491 loss=1.590511 host_rss_mb=2367
[epoch 11/1000] EBOPs=untraced in_training_ebops=3742588 target=350000 beta=1.16e-07 val_AUC=0.868142 val_accuracy=0.604758 seconds=103.5 checkpoint=- ebops_trace_seconds=0.00 ebops_trace_over_epoch=0.001 loss=1.452621 host_rss_mb=2371
[epoch 12/1000] EBOPs=untraced in_training_ebops=3552564 target=350000 beta=1.4e-07 val_AUC=0.865795 val_accuracy=0.589726 seconds=104.9 checkpoint=- ebops_trace_seconds=0.00 ebops_trace_over_epoch=0.001 loss=1.533781 host_rss_mb=2371
[epoch 13/1000] EBOPs=untraced in_training_ebops=2850486 target=350000 beta=1.49e-07 val_AUC=0.862375 val_accuracy=0.587274 seconds=104.7 checkpoint=- ebops_trace_seconds=0.00 ebops_trace_over_epoch=0.001 loss=1.501243 host_rss_mb=2373
[epoch 14/1000] EBOPs=untraced in_training_ebops=2678731 target=350000 beta=1.33e-07 val_AUC=0.871679 val_accuracy=0.615532 seconds=104.8 checkpoint=- ebops_trace_seconds=0.00 ebops_trace_over_epoch=0.001 loss=1.383757 host_rss_mb=2373
[epoch 15/1000] EBOPs=untraced in_training_ebops=2321075 target=350000 beta=1.38e-07 val_AUC=0.866272 val_accuracy=0.613339 seconds=104.8 checkpoint=- ebops_trace_seconds=0.01 ebops_trace_over_epoch=0.001 loss=1.380448 host_rss_mb=2378
[epoch 16/1000] EBOPs=untraced in_training_ebops=2135989 target=350000 beta=1.32e-07 val_AUC=0.857232 val_accuracy=0.576258 seconds=104.8 checkpoint=- ebops_trace_seconds=0.01 ebops_trace_over_epoch=0.001 loss=1.310669 host_rss_mb=2378
[epoch 17/1000] EBOPs=untraced in_training_ebops=2025743 target=350000 beta=1.33e-07 val_AUC=0.870068 val_accuracy=0.606919 seconds=104.9 checkpoint=- ebops_trace_seconds=0.01 ebops_trace_over_epoch=0.001 loss=1.305535 host_rss_mb=2380
[epoch 18/1000] EBOPs=untraced in_training_ebops=1805999 target=350000 beta=1.38e-07 val_AUC=0.864217 val_accuracy=0.594532 seconds=105.1 checkpoint=- ebops_trace_seconds=0.01 ebops_trace_over_epoch=0.001 loss=1.302525 host_rss_mb=2380
[epoch 19/1000] EBOPs=untraced in_training_ebops=1748660 target=350000 beta=1.33e-07 val_AUC=0.870989 val_accuracy=0.600306 seconds=104.7 checkpoint=- ebops_trace_seconds=0.00 ebops_trace_over_epoch=0.001 loss=1.268505 host_rss_mb=2380
[epoch 20/1000] EBOPs=1671732 target=350000 above_floor=1500206 feasible=0 degenerate=0 beta=1.4e-07 val_AUC=0.872162 val_accuracy=0.608565 seconds=173.0 checkpoint=- ebops_trace_seconds=86.29 ebops_trace_over_epoch=0.499 loss=1.268167 host_rss_mb=2380
[epoch 21/1000] EBOPs=untraced in_training_ebops=1620570 target=350000 beta=1.44e-07 val_AUC=0.861698 val_accuracy=0.592145 seconds=103.9 checkpoint=- ebops_trace_seconds=0.01 ebops_trace_over_epoch=0.001 loss=1.288094 host_rss_mb=2384
[epoch 22/1000] EBOPs=untraced in_training_ebops=1542365 target=350000 beta=1.51e-07 val_AUC=0.860258 val_accuracy=0.584968 seconds=104.7 checkpoint=- ebops_trace_seconds=0.01 ebops_trace_over_epoch=0.001 loss=1.290233 host_rss_mb=2388
[epoch 23/1000] EBOPs=untraced in_training_ebops=1331321 target=350000 beta=1.55e-07 val_AUC=0.851842 val_accuracy=0.578339 seconds=104.7 checkpoint=- ebops_trace_seconds=0.01 ebops_trace_over_epoch=0.001 loss=1.285675 host_rss_mb=2388
[epoch 24/1000] EBOPs=untraced in_training_ebops=1317120 target=350000 beta=1.43e-07 val_AUC=0.849342 val_accuracy=0.573629 seconds=104.4 checkpoint=- ebops_trace_seconds=0.01 ebops_trace_over_epoch=0.001 loss=1.280482 host_rss_mb=2389
[epoch 25/1000] EBOPs=untraced in_training_ebops=1219302 target=350000 beta=1.51e-07 val_AUC=0.845841 val_accuracy=0.548565 seconds=104.2 checkpoint=epoch-0025 ebops_trace_seconds=0.01 ebops_trace_over_epoch=0.001 loss=1.299875 host_rss_mb=2390
[epoch 26/1000] EBOPs=untraced in_training_ebops=1166063 target=350000 beta=1.49e-07 val_AUC=0.846783 val_accuracy=0.531661 seconds=104.1 checkpoint=- ebops_trace_seconds=0.00 ebops_trace_over_epoch=0.001 loss=1.294835 host_rss_mb=2390
[epoch 27/1000] EBOPs=untraced in_training_ebops=1059528 target=350000 beta=1.51e-07 val_AUC=0.842772 val_accuracy=0.545032 seconds=104.5 checkpoint=- ebops_trace_seconds=0.01 ebops_trace_over_epoch=0.001 loss=1.303046 host_rss_mb=2384
[epoch 28/1000] EBOPs=untraced in_training_ebops=939577 target=350000 beta=1.45e-07 val_AUC=0.851155 val_accuracy=0.566258 seconds=104.5 checkpoint=- ebops_trace_seconds=0.01 ebops_trace_over_epoch=0.001 loss=1.275351 host_rss_mb=2388
[epoch 29/1000] EBOPs=untraced in_training_ebops=873528 target=350000 beta=1.35e-07 val_AUC=0.835450 val_accuracy=0.554274 seconds=101.1 checkpoint=- ebops_trace_seconds=0.01 ebops_trace_over_epoch=0.001 loss=1.255908 host_rss_mb=2389
[epoch 30/1000] EBOPs=798708 target=350000 above_floor=627182 feasible=0 degenerate=0 beta=1.32e-07 val_AUC=0.850961 val_accuracy=0.590516 seconds=175.1 checkpoint=- ebops_trace_seconds=88.80 ebops_trace_over_epoch=0.507 loss=1.255031 host_rss_mb=2389
[epoch 31/1000] EBOPs=untraced in_training_ebops=810990 target=350000 beta=1.25e-07 val_AUC=0.853297 val_accuracy=0.566597 seconds=104.0 checkpoint=- ebops_trace_seconds=0.01 ebops_trace_over_epoch=0.001 loss=1.224279 host_rss_mb=2390
[epoch 32/1000] EBOPs=untraced in_training_ebops=798519 target=350000 beta=1.33e-07 val_AUC=0.848742 val_accuracy=0.535484 seconds=104.8 checkpoint=- ebops_trace_seconds=0.01 ebops_trace_over_epoch=0.001 loss=1.254893 host_rss_mb=2390
[epoch 33/1000] EBOPs=untraced in_training_ebops=757459 target=350000 beta=1.36e-07 val_AUC=0.836858 val_accuracy=0.534581 seconds=104.7 checkpoint=- ebops_trace_seconds=0.01 ebops_trace_over_epoch=0.001 loss=1.244592 host_rss_mb=2392
[epoch 34/1000] EBOPs=untraced in_training_ebops=745458 target=350000 beta=1.34e-07 val_AUC=0.844191 val_accuracy=0.532532 seconds=104.7 checkpoint=- ebops_trace_seconds=0.01 ebops_trace_over_epoch=0.001 loss=1.256456 host_rss_mb=2392
[epoch 35/1000] EBOPs=untraced in_training_ebops=749814 target=350000 beta=1.37e-07 val_AUC=0.837084 val_accuracy=0.510548 seconds=104.6 checkpoint=- ebops_trace_seconds=0.01 ebops_trace_over_epoch=0.001 loss=1.277431 host_rss_mb=2395
[epoch 36/1000] EBOPs=untraced in_training_ebops=765287 target=350000 beta=1.44e-07 val_AUC=0.824600 val_accuracy=0.462177 seconds=104.7 checkpoint=- ebops_trace_seconds=0.01 ebops_trace_over_epoch=0.001 loss=1.275012 host_rss_mb=2395
[epoch 37/1000] EBOPs=untraced in_training_ebops=750889 target=350000 beta=1.52e-07 val_AUC=0.849369 val_accuracy=0.556694 seconds=104.7 checkpoint=- ebops_trace_seconds=0.01 ebops_trace_over_epoch=0.001 loss=1.264109 host_rss_mb=2399
[epoch 38/1000] EBOPs=untraced in_training_ebops=726607 target=350000 beta=1.55e-07 val_AUC=0.845087 val_accuracy=0.578097 seconds=104.5 checkpoint=- ebops_trace_seconds=0.01 ebops_trace_over_epoch=0.001 loss=1.296293 host_rss_mb=2399
[epoch 39/1000] EBOPs=untraced in_training_ebops=723031 target=350000 beta=1.56e-07 val_AUC=0.839812 val_accuracy=0.560548 seconds=97.1 checkpoint=- ebops_trace_seconds=0.01 ebops_trace_over_epoch=0.001 loss=1.288390 host_rss_mb=2399
[epoch 40/1000] EBOPs=650243 target=350000 above_floor=478717 feasible=0 degenerate=0 beta=1.61e-07 val_AUC=0.838135 val_accuracy=0.546081 seconds=178.0 checkpoint=- ebops_trace_seconds=86.49 ebops_trace_over_epoch=0.486 loss=1.307319 host_rss_mb=2401
[epoch 41/1000] EBOPs=untraced in_training_ebops=687459 target=350000 beta=1.49e-07 val_AUC=0.816418 val_accuracy=0.505774 seconds=104.0 checkpoint=- ebops_trace_seconds=0.01 ebops_trace_over_epoch=0.001 loss=1.269168 host_rss_mb=2402
[epoch 42/1000] EBOPs=untraced in_training_ebops=719916 target=350000 beta=1.63e-07 val_AUC=0.834375 val_accuracy=0.551419 seconds=104.5 checkpoint=- ebops_trace_seconds=0.01 ebops_trace_over_epoch=0.001 loss=1.278499 host_rss_mb=2403
[epoch 43/1000] EBOPs=untraced in_training_ebops=728788 target=350000 beta=1.77e-07 val_AUC=0.847114 val_accuracy=0.578597 seconds=104.5 checkpoint=- ebops_trace_seconds=0.01 ebops_trace_over_epoch=0.001 loss=1.293584 host_rss_mb=2403
[epoch 44/1000] EBOPs=untraced in_training_ebops=694472 target=350000 beta=1.86e-07 val_AUC=0.837954 val_accuracy=0.540210 seconds=104.3 checkpoint=- ebops_trace_seconds=0.01 ebops_trace_over_epoch=0.001 loss=1.304677 host_rss_mb=2403
[epoch 45/1000] EBOPs=untraced in_training_ebops=729529 target=350000 beta=1.83e-07 val_AUC=0.831781 val_accuracy=0.532516 seconds=104.5 checkpoint=- ebops_trace_seconds=0.01 ebops_trace_over_epoch=0.001 loss=1.321422 host_rss_mb=2403
[epoch 46/1000] EBOPs=untraced in_training_ebops=710643 target=350000 beta=2e-07 val_AUC=0.811394 val_accuracy=0.504242 seconds=104.3 checkpoint=- ebops_trace_seconds=0.01 ebops_trace_over_epoch=0.001 loss=1.330570 host_rss_mb=2403
[epoch 47/1000] EBOPs=untraced in_training_ebops=703651 target=350000 beta=2.02e-07 val_AUC=0.842011 val_accuracy=0.554452 seconds=104.4 checkpoint=- ebops_trace_seconds=0.01 ebops_trace_over_epoch=0.001 loss=1.326944 host_rss_mb=2399
[epoch 48/1000] EBOPs=untraced in_training_ebops=692847 target=350000 beta=2.07e-07 val_AUC=0.830242 val_accuracy=0.532758 seconds=104.4 checkpoint=- ebops_trace_seconds=0.01 ebops_trace_over_epoch=0.001 loss=1.310678 host_rss_mb=2401
[epoch 49/1000] EBOPs=untraced in_training_ebops=675407 target=350000 beta=2.11e-07 val_AUC=0.804183 val_accuracy=0.489548 seconds=94.4 checkpoint=- ebops_trace_seconds=0.00 ebops_trace_over_epoch=0.001 loss=1.346008 host_rss_mb=2402
[epoch 50/1000] EBOPs=650207 target=350000 above_floor=478681 feasible=0 degenerate=0 beta=2.12e-07 val_AUC=0.806143 val_accuracy=0.510855 seconds=181.8 checkpoint=epoch-0050 ebops_trace_seconds=89.35 ebops_trace_over_epoch=0.492 loss=1.347869 host_rss_mb=2402
[epoch 51/1000] EBOPs=untraced in_training_ebops=665681 target=350000 beta=2.11e-07 val_AUC=0.815448 val_accuracy=0.477339 seconds=104.3 checkpoint=- ebops_trace_seconds=0.01 ebops_trace_over_epoch=0.001 loss=1.331841 host_rss_mb=2402
[epoch 52/1000] EBOPs=untraced in_training_ebops=659664 target=350000 beta=2.23e-07 val_AUC=0.843550 val_accuracy=0.558097 seconds=104.3 checkpoint=- ebops_trace_seconds=0.01 ebops_trace_over_epoch=0.001 loss=1.334031 host_rss_mb=2402
[epoch 53/1000] EBOPs=untraced in_training_ebops=656028 target=350000 beta=2.28e-07 val_AUC=0.823363 val_accuracy=0.488984 seconds=104.1 checkpoint=- ebops_trace_seconds=0.01 ebops_trace_over_epoch=0.001 loss=1.370090 host_rss_mb=2402
[epoch 54/1000] EBOPs=untraced in_training_ebops=656581 target=350000 beta=2.34e-07 val_AUC=0.832907 val_accuracy=0.543694 seconds=104.0 checkpoint=- ebops_trace_seconds=0.00 ebops_trace_over_epoch=0.001 loss=1.389260 host_rss_mb=2402
[epoch 55/1000] EBOPs=untraced in_training_ebops=654557 target=350000 beta=2.42e-07 val_AUC=0.827607 val_accuracy=0.505484 seconds=104.7 checkpoint=- ebops_trace_seconds=0.01 ebops_trace_over_epoch=0.001 loss=1.358086 host_rss_mb=2402
[epoch 56/1000] EBOPs=untraced in_training_ebops=653930 target=350000 beta=2.49e-07 val_AUC=0.800699 val_accuracy=0.514113 seconds=104.3 checkpoint=- ebops_trace_seconds=0.01 ebops_trace_over_epoch=0.001 loss=1.372775 host_rss_mb=2403
[epoch 57/1000] EBOPs=untraced in_training_ebops=646746 target=350000 beta=2.56e-07 val_AUC=0.809600 val_accuracy=0.514065 seconds=104.2 checkpoint=- ebops_trace_seconds=0.01 ebops_trace_over_epoch=0.001 loss=1.394544 host_rss_mb=2403
[epoch 58/1000] EBOPs=untraced in_training_ebops=648197 target=350000 beta=2.61e-07 val_AUC=0.829801 val_accuracy=0.517016 seconds=104.3 checkpoint=- ebops_trace_seconds=0.01 ebops_trace_over_epoch=0.001 loss=1.392828 host_rss_mb=2403
[epoch 59/1000] EBOPs=untraced in_training_ebops=654495 target=350000 beta=2.7e-07 val_AUC=0.821980 val_accuracy=0.532371 seconds=90.9 checkpoint=- ebops_trace_seconds=0.01 ebops_trace_over_epoch=0.001 loss=1.411292 host_rss_mb=2403
[epoch 60/1000] EBOPs=572390 target=350000 above_floor=400864 feasible=0 degenerate=0 beta=2.81e-07 val_AUC=0.818033 val_accuracy=0.513274 seconds=184.7 checkpoint=- ebops_trace_seconds=90.20 ebops_trace_over_epoch=0.489 loss=1.394676 host_rss_mb=2403
[epoch 61/1000] EBOPs=untraced in_training_ebops=642978 target=350000 beta=2.52e-07 val_AUC=0.792197 val_accuracy=0.491242 seconds=103.6 checkpoint=- ebops_trace_seconds=0.01 ebops_trace_over_epoch=0.001 loss=1.380890 host_rss_mb=2403
[epoch 62/1000] EBOPs=untraced in_training_ebops=614326 target=350000 beta=2.92e-07 val_AUC=0.825234 val_accuracy=0.500081 seconds=104.3 checkpoint=- ebops_trace_seconds=0.01 ebops_trace_over_epoch=0.001 loss=1.387451 host_rss_mb=2404
[epoch 63/1000] EBOPs=untraced in_training_ebops=625730 target=350000 beta=2.87e-07 val_AUC=0.832216 val_accuracy=0.538145 seconds=104.4 checkpoint=- ebops_trace_seconds=0.01 ebops_trace_over_epoch=0.001 loss=1.401488 host_rss_mb=2404
[epoch 64/1000] EBOPs=untraced in_training_ebops=614017 target=350000 beta=3.01e-07 val_AUC=0.806827 val_accuracy=0.517161 seconds=104.4 checkpoint=- ebops_trace_seconds=0.01 ebops_trace_over_epoch=0.001 loss=1.426070 host_rss_mb=2404
[epoch 65/1000] EBOPs=untraced in_training_ebops=613064 target=350000 beta=3.04e-07 val_AUC=0.805521 val_accuracy=0.507500 seconds=104.6 checkpoint=- ebops_trace_seconds=0.01 ebops_trace_over_epoch=0.001 loss=1.420936 host_rss_mb=2404
[epoch 66/1000] EBOPs=untraced in_training_ebops=604843 target=350000 beta=3.12e-07 val_AUC=0.824771 val_accuracy=0.535726 seconds=104.7 checkpoint=- ebops_trace_seconds=0.01 ebops_trace_over_epoch=0.001 loss=1.421044 host_rss_mb=2404
[epoch 67/1000] EBOPs=untraced in_training_ebops=610446 target=350000 beta=3.16e-07 val_AUC=0.801842 val_accuracy=0.423694 seconds=104.6 checkpoint=- ebops_trace_seconds=0.01 ebops_trace_over_epoch=0.001 loss=1.430104 host_rss_mb=2388
[epoch 68/1000] EBOPs=untraced in_training_ebops=625686 target=350000 beta=3.28e-07 val_AUC=0.832137 val_accuracy=0.558823 seconds=103.3 checkpoint=- ebops_trace_seconds=0.00 ebops_trace_over_epoch=0.001 loss=1.440801 host_rss_mb=2400
[epoch 69/1000] EBOPs=untraced in_training_ebops=600618 target=350000 beta=3.46e-07 val_AUC=0.824565 val_accuracy=0.528855 seconds=90.6 checkpoint=- ebops_trace_seconds=0.00 ebops_trace_over_epoch=0.001 loss=1.446273 host_rss_mb=2401
[epoch 70/1000] EBOPs=547374 target=350000 above_floor=375848 feasible=0 degenerate=0 beta=3.41e-07 val_AUC=0.797475 val_accuracy=0.472290 seconds=187.9 checkpoint=- ebops_trace_seconds=91.35 ebops_trace_over_epoch=0.486 loss=1.439901 host_rss_mb=2402
[epoch 71/1000] EBOPs=untraced in_training_ebops=588458 target=350000 beta=3.18e-07 val_AUC=0.828180 val_accuracy=0.527065 seconds=103.9 checkpoint=- ebops_trace_seconds=0.01 ebops_trace_over_epoch=0.001 loss=1.430073 host_rss_mb=2402
[epoch 72/1000] EBOPs=untraced in_training_ebops=583784 target=350000 beta=3.51e-07 val_AUC=0.771104 val_accuracy=0.468210 seconds=104.5 checkpoint=- ebops_trace_seconds=0.01 ebops_trace_over_epoch=0.001 loss=1.459733 host_rss_mb=2403
[epoch 73/1000] EBOPs=untraced in_training_ebops=595097 target=350000 beta=3.57e-07 val_AUC=0.777747 val_accuracy=0.461081 seconds=104.2 checkpoint=- ebops_trace_seconds=0.01 ebops_trace_over_epoch=0.001 loss=1.446590 host_rss_mb=2405
[epoch 74/1000] EBOPs=untraced in_training_ebops=600739 target=350000 beta=3.74e-07 val_AUC=0.826107 val_accuracy=0.527532 seconds=104.7 checkpoint=- ebops_trace_seconds=0.01 ebops_trace_over_epoch=0.001 loss=1.467558 host_rss_mb=2405
[epoch 75/1000] EBOPs=untraced in_training_ebops=584311 target=350000 beta=3.88e-07 val_AUC=0.824558 val_accuracy=0.525952 seconds=103.8 checkpoint=epoch-0075 ebops_trace_seconds=0.01 ebops_trace_over_epoch=0.001 loss=1.457287 host_rss_mb=2408
[epoch 76/1000] EBOPs=untraced in_training_ebops=587856 target=350000 beta=3.87e-07 val_AUC=0.805813 val_accuracy=0.508823 seconds=103.6 checkpoint=- ebops_trace_seconds=0.01 ebops_trace_over_epoch=0.001 loss=1.472722 host_rss_mb=2408
[epoch 77/1000] EBOPs=untraced in_training_ebops=585885 target=350000 beta=4e-07 val_AUC=0.771321 val_accuracy=0.455419 seconds=104.1 checkpoint=- ebops_trace_seconds=0.01 ebops_trace_over_epoch=0.001 loss=1.493010 host_rss_mb=2408
[epoch 78/1000] EBOPs=untraced in_training_ebops=590990 target=350000 beta=4.09e-07 val_AUC=0.823119 val_accuracy=0.530516 seconds=100.3 checkpoint=- ebops_trace_seconds=0.01 ebops_trace_over_epoch=0.001 loss=1.498786 host_rss_mb=2408
[epoch 79/1000] EBOPs=untraced in_training_ebops=573141 target=350000 beta=4.23e-07 val_AUC=0.817702 val_accuracy=0.526661 seconds=92.5 checkpoint=- ebops_trace_seconds=0.01 ebops_trace_over_epoch=0.001 loss=1.511844 host_rss_mb=2408
[epoch 80/1000] EBOPs=518577 target=350000 above_floor=347051 feasible=0 degenerate=0 beta=4.21e-07 val_AUC=0.809972 val_accuracy=0.481613 seconds=181.7 checkpoint=- ebops_trace_seconds=88.47 ebops_trace_over_epoch=0.487 loss=1.497134 host_rss_mb=2408
[epoch 81/1000] EBOPs=untraced in_training_ebops=545724 target=350000 beta=3.88e-07 val_AUC=0.818960 val_accuracy=0.532371 seconds=102.9 checkpoint=- ebops_trace_seconds=0.01 ebops_trace_over_epoch=0.001 loss=1.458831 host_rss_mb=2408
[epoch 82/1000] EBOPs=untraced in_training_ebops=553444 target=350000 beta=4.18e-07 val_AUC=0.806688 val_accuracy=0.517210 seconds=104.2 checkpoint=- ebops_trace_seconds=0.01 ebops_trace_over_epoch=0.001 loss=1.468813 host_rss_mb=2408
[epoch 83/1000] EBOPs=untraced in_training_ebops=563250 target=350000 beta=4.34e-07 val_AUC=0.818299 val_accuracy=0.499210 seconds=103.9 checkpoint=- ebops_trace_seconds=0.01 ebops_trace_over_epoch=0.001 loss=1.491420 host_rss_mb=2409
[epoch 84/1000] EBOPs=untraced in_training_ebops=570423 target=350000 beta=4.52e-07 val_AUC=0.808862 val_accuracy=0.511500 seconds=104.0 checkpoint=- ebops_trace_seconds=0.01 ebops_trace_over_epoch=0.001 loss=1.513700 host_rss_mb=2409
[epoch 85/1000] EBOPs=untraced in_training_ebops=565997 target=350000 beta=4.69e-07 val_AUC=0.787540 val_accuracy=0.397839 seconds=103.9 checkpoint=- ebops_trace_seconds=0.01 ebops_trace_over_epoch=0.001 loss=1.517544 host_rss_mb=2409
[epoch 86/1000] EBOPs=untraced in_training_ebops=546681 target=350000 beta=4.77e-07 val_AUC=0.818971 val_accuracy=0.506677 seconds=104.8 checkpoint=- ebops_trace_seconds=0.01 ebops_trace_over_epoch=0.001 loss=1.527351 host_rss_mb=2409
[epoch 87/1000] EBOPs=untraced in_training_ebops=545232 target=350000 beta=4.71e-07 val_AUC=0.817312 val_accuracy=0.524226 seconds=104.1 checkpoint=- ebops_trace_seconds=0.01 ebops_trace_over_epoch=0.001 loss=1.535608 host_rss_mb=2409
[epoch 88/1000] EBOPs=untraced in_training_ebops=549227 target=350000 beta=4.8e-07 val_AUC=0.770124 val_accuracy=0.416710 seconds=99.2 checkpoint=- ebops_trace_seconds=0.00 ebops_trace_over_epoch=0.001 loss=1.521049 host_rss_mb=2401
[epoch 89/1000] EBOPs=untraced in_training_ebops=533684 target=350000 beta=4.94e-07 val_AUC=0.800730 val_accuracy=0.449984 seconds=93.5 checkpoint=- ebops_trace_seconds=0.01 ebops_trace_over_epoch=0.001 loss=1.536027 host_rss_mb=2406
[epoch 90/1000] EBOPs=477105 target=350000 above_floor=305579 feasible=0 degenerate=0 beta=4.91e-07 val_AUC=0.829867 val_accuracy=0.540532 seconds=183.6 checkpoint=- ebops_trace_seconds=90.80 ebops_trace_over_epoch=0.495 loss=1.513187 host_rss_mb=2406
[epoch 91/1000] EBOPs=untraced in_training_ebops=518708 target=350000 beta=4.46e-07 val_AUC=0.810125 val_accuracy=0.478484 seconds=102.7 checkpoint=- ebops_trace_seconds=0.01 ebops_trace_over_epoch=0.001 loss=1.491826 host_rss_mb=2408
[epoch 92/1000] EBOPs=untraced in_training_ebops=526896 target=350000 beta=4.94e-07 val_AUC=0.794143 val_accuracy=0.471210 seconds=104.3 checkpoint=- ebops_trace_seconds=0.01 ebops_trace_over_epoch=0.001 loss=1.521651 host_rss_mb=2408
[epoch 93/1000] EBOPs=untraced in_training_ebops=541852 target=350000 beta=5.12e-07 val_AUC=0.745544 val_accuracy=0.406129 seconds=104.0 checkpoint=- ebops_trace_seconds=0.01 ebops_trace_over_epoch=0.001 loss=1.531708 host_rss_mb=2408
[epoch 94/1000] EBOPs=untraced in_training_ebops=532766 target=350000 beta=5.38e-07 val_AUC=0.804109 val_accuracy=0.483387 seconds=103.6 checkpoint=- ebops_trace_seconds=0.01 ebops_trace_over_epoch=0.001 loss=1.573048 host_rss_mb=2409
[epoch 95/1000] EBOPs=untraced in_training_ebops=533022 target=350000 beta=5.41e-07 val_AUC=0.805889 val_accuracy=0.498226 seconds=104.1 checkpoint=- ebops_trace_seconds=0.01 ebops_trace_over_epoch=0.001 loss=1.548346 host_rss_mb=2409
[epoch 96/1000] EBOPs=untraced in_training_ebops=531822 target=350000 beta=5.52e-07 val_AUC=0.822332 val_accuracy=0.503194 seconds=104.2 checkpoint=- ebops_trace_seconds=0.01 ebops_trace_over_epoch=0.001 loss=1.562589 host_rss_mb=2409
[epoch 97/1000] EBOPs=untraced in_training_ebops=528117 target=350000 beta=5.63e-07 val_AUC=0.799885 val_accuracy=0.510048 seconds=104.3 checkpoint=- ebops_trace_seconds=0.01 ebops_trace_over_epoch=0.001 loss=1.555540 host_rss_mb=2409
[epoch 98/1000] EBOPs=untraced in_training_ebops=520719 target=350000 beta=5.7e-07 val_AUC=0.774214 val_accuracy=0.487355 seconds=97.6 checkpoint=- ebops_trace_seconds=0.00 ebops_trace_over_epoch=0.001 loss=1.560380 host_rss_mb=2409
[epoch 99/1000] EBOPs=untraced in_training_ebops=523774 target=350000 beta=5.74e-07 val_AUC=0.796409 val_accuracy=0.499452 seconds=94.4 checkpoint=- ebops_trace_seconds=0.01 ebops_trace_over_epoch=0.001 loss=1.574362 host_rss_mb=2409
