==== ARM_ATTEMPT 0 2026-09-29T03:18:15Z
RUN_STAGE canary
[train] delta0926-w2-rep-c-t5000000-s2 params=61951 resume_epoch=0 initial_ebops=16461269
wandb: [wandb.login()] Loaded credentials for https://api.wandb.ai from WANDB_API_KEY.
wandb: setting up run 0ce92ca33ae9
wandb: Syncing run delta0926-w2-rep-c-t5000000-s2
wandb: 🚀 View run at https://wandb.ai/kayamaguchi-uc-san-diego/BNJetTag-Delta/runs/0ce92ca33ae9
[epoch 1/2000] EBOPs=18278969 target=5000000 above_floor=17935916 feasible=0 degenerate=0 beta=1e-07 val_AUC=0.867393 val_accuracy=0.592645 seconds=164.6 checkpoint=- ebops_trace_seconds=65.68 ebops_trace_over_epoch=0.399 loss=3.269782 host_rss_mb=2443
[epoch 2/2000] EBOPs=untraced in_training_ebops=19372547 target=5000000 beta=1e-07 val_AUC=0.889635 val_accuracy=0.651774 seconds=84.2 checkpoint=- ebops_trace_seconds=0.00 ebops_trace_over_epoch=0.001 loss=2.884142 host_rss_mb=2465
[epoch 3/2000] EBOPs=untraced in_training_ebops=15195864 target=5000000 beta=1.13e-07 val_AUC=0.887480 val_accuracy=0.648403 seconds=83.8 checkpoint=- ebops_trace_seconds=0.00 ebops_trace_over_epoch=0.001 loss=2.908111 host_rss_mb=2480
[epoch 4/2000] EBOPs=untraced in_training_ebops=15361564 target=5000000 beta=9.4e-08 val_AUC=0.900446 val_accuracy=0.663113 seconds=84.1 checkpoint=- ebops_trace_seconds=0.00 ebops_trace_over_epoch=0.001 loss=2.372597 host_rss_mb=2490
[epoch 5/2000] EBOPs=untraced in_training_ebops=12048081 target=5000000 beta=1.01e-07 val_AUC=0.893309 val_accuracy=0.649694 seconds=84.1 checkpoint=- ebops_trace_seconds=0.00 ebops_trace_over_epoch=0.001 loss=2.263989 host_rss_mb=2493
[epoch 6/2000] EBOPs=untraced in_training_ebops=11578131 target=5000000 beta=8.24e-08 val_AUC=0.899166 val_accuracy=0.669113 seconds=84.2 checkpoint=- ebops_trace_seconds=0.00 ebops_trace_over_epoch=0.001 loss=1.878089 host_rss_mb=2484
[epoch 7/2000] EBOPs=untraced in_training_ebops=9452456 target=5000000 beta=8.26e-08 val_AUC=0.890349 val_accuracy=0.653145 seconds=84.0 checkpoint=- ebops_trace_seconds=0.00 ebops_trace_over_epoch=0.001 loss=1.783114 host_rss_mb=2486
[epoch 8/2000] EBOPs=untraced in_training_ebops=9158001 target=5000000 beta=6.96e-08 val_AUC=0.901406 val_accuracy=0.678661 seconds=84.3 checkpoint=- ebops_trace_seconds=0.00 ebops_trace_over_epoch=0.001 loss=1.557526 host_rss_mb=2494
[epoch 9/2000] EBOPs=untraced in_training_ebops=8580669 target=5000000 beta=6.95e-08 val_AUC=0.893550 val_accuracy=0.641581 seconds=84.1 checkpoint=- ebops_trace_seconds=0.00 ebops_trace_over_epoch=0.001 loss=1.565899 host_rss_mb=2494
[epoch 10/2000] EBOPs=7064777 target=5000000 above_floor=6721724 feasible=0 degenerate=0 beta=6.69e-08 val_AUC=0.890913 val_accuracy=0.660403 seconds=148.0 checkpoint=- ebops_trace_seconds=70.03 ebops_trace_over_epoch=0.474 loss=1.499137 host_rss_mb=2495
[epoch 11/2000] EBOPs=untraced in_training_ebops=7414045 target=5000000 beta=5.61e-08 val_AUC=0.879058 val_accuracy=0.629016 seconds=83.8 checkpoint=- ebops_trace_seconds=0.00 ebops_trace_over_epoch=0.001 loss=1.390801 host_rss_mb=2495
[epoch 12/2000] EBOPs=untraced in_training_ebops=7350318 target=5000000 beta=6e-08 val_AUC=0.881403 val_accuracy=0.616597 seconds=83.5 checkpoint=- ebops_trace_seconds=0.00 ebops_trace_over_epoch=0.001 loss=1.429004 host_rss_mb=2495
[epoch 13/2000] EBOPs=untraced in_training_ebops=6952602 target=5000000 beta=6.06e-08 val_AUC=0.895386 val_accuracy=0.665403 seconds=83.3 checkpoint=- ebops_trace_seconds=0.00 ebops_trace_over_epoch=0.001 loss=1.373672 host_rss_mb=2506
[epoch 14/2000] EBOPs=untraced in_training_ebops=6553501 target=5000000 beta=5.83e-08 val_AUC=0.886861 val_accuracy=0.645548 seconds=83.9 checkpoint=- ebops_trace_seconds=0.00 ebops_trace_over_epoch=0.001 loss=1.340915 host_rss_mb=2514
[epoch 15/2000] EBOPs=untraced in_training_ebops=6253803 target=5000000 beta=5.57e-08 val_AUC=0.886957 val_accuracy=0.645742 seconds=83.9 checkpoint=- ebops_trace_seconds=0.00 ebops_trace_over_epoch=0.001 loss=1.328107 host_rss_mb=2514
[epoch 16/2000] EBOPs=untraced in_training_ebops=6147888 target=5000000 beta=5.38e-08 val_AUC=0.884992 val_accuracy=0.614806 seconds=83.5 checkpoint=- ebops_trace_seconds=0.00 ebops_trace_over_epoch=0.001 loss=1.294062 host_rss_mb=2520
[epoch 17/2000] EBOPs=untraced in_training_ebops=5650919 target=5000000 beta=5.34e-08 val_AUC=0.881503 val_accuracy=0.614774 seconds=83.6 checkpoint=- ebops_trace_seconds=0.00 ebops_trace_over_epoch=0.001 loss=1.279466 host_rss_mb=2520
[epoch 18/2000] EBOPs=untraced in_training_ebops=5141003 target=5000000 beta=4.94e-08 val_AUC=0.869369 val_accuracy=0.627387 seconds=83.9 checkpoint=- ebops_trace_seconds=0.00 ebops_trace_over_epoch=0.001 loss=1.231350 host_rss_mb=2522
[epoch 19/2000] EBOPs=untraced in_training_ebops=5104435 target=5000000 beta=4.5e-08 val_AUC=0.878919 val_accuracy=0.623371 seconds=83.7 checkpoint=- ebops_trace_seconds=0.00 ebops_trace_over_epoch=0.001 loss=1.189395 host_rss_mb=2523
[epoch 20/2000] EBOPs=4767675 target=5000000 above_floor=4424622 feasible=1 degenerate=0 beta=4.47e-08 val_AUC=0.882377 val_accuracy=0.634129 seconds=149.2 checkpoint=- ebops_trace_seconds=70.26 ebops_trace_over_epoch=0.471 loss=1.186661 host_rss_mb=2529
[epoch 21/2000] EBOPs=untraced in_training_ebops=5147168 target=5000000 beta=4.17e-08 val_AUC=0.889538 val_accuracy=0.655452 seconds=83.7 checkpoint=- ebops_trace_seconds=0.00 ebops_trace_over_epoch=0.001 loss=1.186564 host_rss_mb=2541
[epoch 22/2000] EBOPs=untraced in_training_ebops=5045138 target=5000000 beta=4.5e-08 val_AUC=0.879431 val_accuracy=0.621855 seconds=83.9 checkpoint=- ebops_trace_seconds=0.00 ebops_trace_over_epoch=0.001 loss=1.205244 host_rss_mb=2547
[epoch 23/2000] EBOPs=untraced in_training_ebops=4686045 target=5000000 beta=4.42e-08 val_AUC=0.874064 val_accuracy=0.608242 seconds=84.0 checkpoint=- ebops_trace_seconds=0.00 ebops_trace_over_epoch=0.001 loss=1.208975 host_rss_mb=2547
[epoch 24/2000] EBOPs=untraced in_training_ebops=4615202 target=5000000 beta=4.09e-08 val_AUC=0.884180 val_accuracy=0.611532 seconds=83.8 checkpoint=- ebops_trace_seconds=0.00 ebops_trace_over_epoch=0.001 loss=1.181557 host_rss_mb=2547
[epoch 25/2000] EBOPs=untraced in_training_ebops=4472788 target=5000000 beta=4.01e-08 val_AUC=0.873035 val_accuracy=0.622548 seconds=82.1 checkpoint=epoch-0025 ebops_trace_seconds=0.00 ebops_trace_over_epoch=0.001 loss=1.171463 host_rss_mb=2548
[epoch 26/2000] EBOPs=untraced in_training_ebops=4438908 target=5000000 beta=3.87e-08 val_AUC=0.883306 val_accuracy=0.627306 seconds=83.7 checkpoint=- ebops_trace_seconds=0.00 ebops_trace_over_epoch=0.001 loss=1.172093 host_rss_mb=2548
[epoch 27/2000] EBOPs=untraced in_training_ebops=4414280 target=5000000 beta=3.81e-08 val_AUC=0.883866 val_accuracy=0.640242 seconds=84.5 checkpoint=- ebops_trace_seconds=0.00 ebops_trace_over_epoch=0.001 loss=1.167282 host_rss_mb=2545
[epoch 28/2000] EBOPs=untraced in_training_ebops=4274717 target=5000000 beta=3.77e-08 val_AUC=0.876653 val_accuracy=0.619258 seconds=84.7 checkpoint=- ebops_trace_seconds=0.00 ebops_trace_over_epoch=0.001 loss=1.157967 host_rss_mb=2547
[epoch 29/2000] EBOPs=untraced in_training_ebops=4227032 target=5000000 beta=3.62e-08 val_AUC=0.879382 val_accuracy=0.623661 seconds=83.7 checkpoint=- ebops_trace_seconds=0.00 ebops_trace_over_epoch=0.001 loss=1.147850 host_rss_mb=2551
[epoch 30/2000] EBOPs=4068045 target=5000000 above_floor=3724992 feasible=1 degenerate=0 beta=3.55e-08 val_AUC=0.885463 val_accuracy=0.646194 seconds=147.1 checkpoint=- ebops_trace_seconds=73.20 ebops_trace_over_epoch=0.498 loss=1.131005 host_rss_mb=2551
[epoch 31/2000] EBOPs=untraced in_training_ebops=4420968 target=5000000 beta=3.38e-08 val_AUC=0.881683 val_accuracy=0.625887 seconds=84.0 checkpoint=- ebops_trace_seconds=0.00 ebops_trace_over_epoch=0.001 loss=1.144308 host_rss_mb=2551
[epoch 32/2000] EBOPs=untraced in_training_ebops=4487910 target=5000000 beta=3.65e-08 val_AUC=0.882447 val_accuracy=0.634806 seconds=83.8 checkpoint=- ebops_trace_seconds=0.00 ebops_trace_over_epoch=0.001 loss=1.169574 host_rss_mb=2551
[epoch 33/2000] EBOPs=untraced in_training_ebops=4075311 target=5000000 beta=3.69e-08 val_AUC=0.877587 val_accuracy=0.629177 seconds=83.5 checkpoint=- ebops_trace_seconds=0.00 ebops_trace_over_epoch=0.001 loss=1.181314 host_rss_mb=2551
[epoch 34/2000] EBOPs=untraced in_training_ebops=4083793 target=5000000 beta=3.32e-08 val_AUC=0.873529 val_accuracy=0.609016 seconds=83.4 checkpoint=- ebops_trace_seconds=0.00 ebops_trace_over_epoch=0.001 loss=1.152399 host_rss_mb=2551
[epoch 35/2000] EBOPs=untraced in_training_ebops=3982224 target=5000000 beta=3.29e-08 val_AUC=0.877567 val_accuracy=0.590258 seconds=83.5 checkpoint=- ebops_trace_seconds=0.00 ebops_trace_over_epoch=0.001 loss=1.147929 host_rss_mb=2553
[epoch 36/2000] EBOPs=untraced in_training_ebops=4040394 target=5000000 beta=3.17e-08 val_AUC=0.887037 val_accuracy=0.650565 seconds=83.6 checkpoint=- ebops_trace_seconds=0.00 ebops_trace_over_epoch=0.001 loss=1.125222 host_rss_mb=2553
[epoch 37/2000] EBOPs=untraced in_training_ebops=3978169 target=5000000 beta=3.18e-08 val_AUC=0.868034 val_accuracy=0.582613 seconds=83.6 checkpoint=- ebops_trace_seconds=0.00 ebops_trace_over_epoch=0.001 loss=1.145795 host_rss_mb=2553
[epoch 38/2000] EBOPs=untraced in_training_ebops=3859210 target=5000000 beta=3.1e-08 val_AUC=0.876992 val_accuracy=0.628065 seconds=84.1 checkpoint=- ebops_trace_seconds=0.00 ebops_trace_over_epoch=0.001 loss=1.143384 host_rss_mb=2553
[epoch 39/2000] EBOPs=untraced in_training_ebops=3892639 target=5000000 beta=2.97e-08 val_AUC=0.872790 val_accuracy=0.603790 seconds=83.6 checkpoint=- ebops_trace_seconds=0.00 ebops_trace_over_epoch=0.001 loss=1.138463 host_rss_mb=2553
[epoch 40/2000] EBOPs=3442093 target=5000000 above_floor=3099040 feasible=1 degenerate=0 beta=2.96e-08 val_AUC=0.877738 val_accuracy=0.633919 seconds=144.7 checkpoint=- ebops_trace_seconds=71.99 ebops_trace_over_epoch=0.498 loss=1.142709 host_rss_mb=2553
[epoch 41/2000] EBOPs=untraced in_training_ebops=3956687 target=5000000 beta=2.57e-08 val_AUC=0.881193 val_accuracy=0.635242 seconds=83.8 checkpoint=- ebops_trace_seconds=0.00 ebops_trace_over_epoch=0.001 loss=1.118856 host_rss_mb=2553
[epoch 42/2000] EBOPs=untraced in_training_ebops=4007075 target=5000000 beta=2.91e-08 val_AUC=0.887736 val_accuracy=0.643274 seconds=83.5 checkpoint=- ebops_trace_seconds=0.00 ebops_trace_over_epoch=0.001 loss=1.148650 host_rss_mb=2555
[epoch 43/2000] EBOPs=untraced in_training_ebops=3691794 target=5000000 beta=2.92e-08 val_AUC=0.878700 val_accuracy=0.614274 seconds=83.5 checkpoint=- ebops_trace_seconds=0.00 ebops_trace_over_epoch=0.001 loss=1.128486 host_rss_mb=2557
[epoch 44/2000] EBOPs=untraced in_training_ebops=3606048 target=5000000 beta=2.65e-08 val_AUC=0.876957 val_accuracy=0.626774 seconds=83.7 checkpoint=- ebops_trace_seconds=0.00 ebops_trace_over_epoch=0.001 loss=1.127975 host_rss_mb=2557
[epoch 45/2000] EBOPs=untraced in_training_ebops=3642455 target=5000000 beta=2.55e-08 val_AUC=0.861729 val_accuracy=0.588500 seconds=83.2 checkpoint=- ebops_trace_seconds=0.00 ebops_trace_over_epoch=0.001 loss=1.117714 host_rss_mb=2557
[epoch 46/2000] EBOPs=untraced in_training_ebops=3584070 target=5000000 beta=2.53e-08 val_AUC=0.886506 val_accuracy=0.629710 seconds=82.8 checkpoint=- ebops_trace_seconds=0.00 ebops_trace_over_epoch=0.001 loss=1.130975 host_rss_mb=2557
[epoch 47/2000] EBOPs=untraced in_training_ebops=3613646 target=5000000 beta=2.45e-08 val_AUC=0.879508 val_accuracy=0.611935 seconds=83.3 checkpoint=- ebops_trace_seconds=0.00 ebops_trace_over_epoch=0.001 loss=1.113988 host_rss_mb=2545
[epoch 48/2000] EBOPs=untraced in_training_ebops=3518880 target=5000000 beta=2.43e-08 val_AUC=0.879079 val_accuracy=0.628048 seconds=83.7 checkpoint=- ebops_trace_seconds=0.00 ebops_trace_over_epoch=0.001 loss=1.104728 host_rss_mb=2547
[epoch 49/2000] EBOPs=untraced in_training_ebops=3461974 target=5000000 beta=2.32e-08 val_AUC=0.864940 val_accuracy=0.583032 seconds=83.6 checkpoint=- ebops_trace_seconds=0.00 ebops_trace_over_epoch=0.001 loss=1.121692 host_rss_mb=2549
[epoch 50/2000] EBOPs=3260767 target=5000000 above_floor=2917714 feasible=1 degenerate=0 beta=2.25e-08 val_AUC=0.865919 val_accuracy=0.597081 seconds=150.3 checkpoint=epoch-0050 ebops_trace_seconds=77.63 ebops_trace_over_epoch=0.517 loss=1.102006 host_rss_mb=2552
[epoch 51/2000] EBOPs=untraced in_training_ebops=3619273 target=5000000 beta=2.07e-08 val_AUC=0.873159 val_accuracy=0.620339 seconds=83.7 checkpoint=- ebops_trace_seconds=0.00 ebops_trace_over_epoch=0.001 loss=1.106921 host_rss_mb=2552
[epoch 52/2000] EBOPs=untraced in_training_ebops=3630035 target=5000000 beta=2.26e-08 val_AUC=0.883556 val_accuracy=0.641048 seconds=83.7 checkpoint=- ebops_trace_seconds=0.00 ebops_trace_over_epoch=0.001 loss=1.102697 host_rss_mb=2555
[epoch 53/2000] EBOPs=untraced in_training_ebops=3423983 target=5000000 beta=2.23e-08 val_AUC=0.873200 val_accuracy=0.619839 seconds=83.6 checkpoint=- ebops_trace_seconds=0.00 ebops_trace_over_epoch=0.001 loss=1.102240 host_rss_mb=2556
[epoch 54/2000] EBOPs=untraced in_training_ebops=3410282 target=5000000 beta=2.07e-08 val_AUC=0.851644 val_accuracy=0.512823 seconds=83.8 checkpoint=- ebops_trace_seconds=0.00 ebops_trace_over_epoch=0.001 loss=1.100406 host_rss_mb=2556
[epoch 55/2000] EBOPs=untraced in_training_ebops=3375938 target=5000000 beta=2.02e-08 val_AUC=0.868929 val_accuracy=0.604290 seconds=83.6 checkpoint=- ebops_trace_seconds=0.00 ebops_trace_over_epoch=0.001 loss=1.102320 host_rss_mb=2557
[epoch 56/2000] EBOPs=untraced in_training_ebops=3457081 target=5000000 beta=1.96e-08 val_AUC=0.855005 val_accuracy=0.582774 seconds=83.5 checkpoint=- ebops_trace_seconds=0.00 ebops_trace_over_epoch=0.001 loss=1.106001 host_rss_mb=2557
[epoch 57/2000] EBOPs=untraced in_training_ebops=3486097 target=5000000 beta=1.97e-08 val_AUC=0.866694 val_accuracy=0.587210 seconds=83.4 checkpoint=- ebops_trace_seconds=0.00 ebops_trace_over_epoch=0.001 loss=1.110852 host_rss_mb=2557
[epoch 58/2000] EBOPs=untraced in_training_ebops=3365272 target=5000000 beta=1.95e-08 val_AUC=0.874236 val_accuracy=0.633629 seconds=83.6 checkpoint=- ebops_trace_seconds=0.00 ebops_trace_over_epoch=0.001 loss=1.112863 host_rss_mb=2558
[epoch 59/2000] EBOPs=untraced in_training_ebops=3347728 target=5000000 beta=1.85e-08 val_AUC=0.871327 val_accuracy=0.619710 seconds=83.6 checkpoint=- ebops_trace_seconds=0.00 ebops_trace_over_epoch=0.001 loss=1.102798 host_rss_mb=2558
[epoch 60/2000] EBOPs=3240529 target=5000000 above_floor=2897476 feasible=1 degenerate=0 beta=1.8e-08 val_AUC=0.855491 val_accuracy=0.585274 seconds=143.9 checkpoint=- ebops_trace_seconds=73.63 ebops_trace_over_epoch=0.512 loss=1.102548 host_rss_mb=2558
[epoch 61/2000] EBOPs=untraced in_training_ebops=3580543 target=5000000 beta=1.71e-08 val_AUC=0.858505 val_accuracy=0.583806 seconds=83.3 checkpoint=- ebops_trace_seconds=0.00 ebops_trace_over_epoch=0.001 loss=1.112300 host_rss_mb=2560
[epoch 62/2000] EBOPs=untraced in_training_ebops=3658563 target=5000000 beta=1.85e-08 val_AUC=0.871398 val_accuracy=0.618419 seconds=83.7 checkpoint=- ebops_trace_seconds=0.00 ebops_trace_over_epoch=0.001 loss=1.106022 host_rss_mb=2560
[epoch 63/2000] EBOPs=untraced in_training_ebops=3489019 target=5000000 beta=1.86e-08 val_AUC=0.864068 val_accuracy=0.580403 seconds=83.7 checkpoint=- ebops_trace_seconds=0.00 ebops_trace_over_epoch=0.001 loss=1.096036 host_rss_mb=2560
[epoch 64/2000] EBOPs=untraced in_training_ebops=3418644 target=5000000 beta=1.75e-08 val_AUC=0.873411 val_accuracy=0.618919 seconds=83.5 checkpoint=- ebops_trace_seconds=0.00 ebops_trace_over_epoch=0.001 loss=1.107525 host_rss_mb=2560
[epoch 65/2000] EBOPs=untraced in_training_ebops=3433180 target=5000000 beta=1.68e-08 val_AUC=0.879326 val_accuracy=0.622016 seconds=83.7 checkpoint=- ebops_trace_seconds=0.00 ebops_trace_over_epoch=0.001 loss=1.087470 host_rss_mb=2561
[epoch 66/2000] EBOPs=untraced in_training_ebops=3420616 target=5000000 beta=1.65e-08 val_AUC=0.872043 val_accuracy=0.614371 seconds=83.9 checkpoint=- ebops_trace_seconds=0.00 ebops_trace_over_epoch=0.001 loss=1.092049 host_rss_mb=2561
[epoch 67/2000] EBOPs=untraced in_training_ebops=3403046 target=5000000 beta=1.62e-08 val_AUC=0.882383 val_accuracy=0.635226 seconds=83.7 checkpoint=- ebops_trace_seconds=0.00 ebops_trace_over_epoch=0.001 loss=1.080666 host_rss_mb=2561
[epoch 68/2000] EBOPs=untraced in_training_ebops=3401697 target=5000000 beta=1.58e-08 val_AUC=0.879435 val_accuracy=0.636742 seconds=83.5 checkpoint=- ebops_trace_seconds=0.00 ebops_trace_over_epoch=0.001 loss=1.085030 host_rss_mb=2557
[epoch 69/2000] EBOPs=untraced in_training_ebops=3363050 target=5000000 beta=1.55e-08 val_AUC=0.872323 val_accuracy=0.612387 seconds=83.6 checkpoint=- ebops_trace_seconds=0.00 ebops_trace_over_epoch=0.001 loss=1.083503 host_rss_mb=2558
[epoch 70/2000] EBOPs=3193462 target=5000000 above_floor=2850409 feasible=1 degenerate=0 beta=1.5e-08 val_AUC=0.869246 val_accuracy=0.587677 seconds=143.5 checkpoint=- ebops_trace_seconds=73.68 ebops_trace_over_epoch=0.514 loss=1.082608 host_rss_mb=2560
[epoch 71/2000] EBOPs=untraced in_training_ebops=3589413 target=5000000 beta=1.39e-08 val_AUC=0.854897 val_accuracy=0.580452 seconds=83.1 checkpoint=- ebops_trace_seconds=0.00 ebops_trace_over_epoch=0.001 loss=1.079168 host_rss_mb=2561
[epoch 72/2000] EBOPs=untraced in_training_ebops=3615503 target=5000000 beta=1.54e-08 val_AUC=0.867568 val_accuracy=0.615839 seconds=83.5 checkpoint=- ebops_trace_seconds=0.00 ebops_trace_over_epoch=0.001 loss=1.092399 host_rss_mb=2561
[epoch 73/2000] EBOPs=untraced in_training_ebops=3507894 target=5000000 beta=1.53e-08 val_AUC=0.877211 val_accuracy=0.621194 seconds=83.5 checkpoint=- ebops_trace_seconds=0.00 ebops_trace_over_epoch=0.001 loss=1.091415 host_rss_mb=2561
[epoch 74/2000] EBOPs=untraced in_training_ebops=3472178 target=5000000 beta=1.45e-08 val_AUC=0.884706 val_accuracy=0.647661 seconds=83.9 checkpoint=- ebops_trace_seconds=0.00 ebops_trace_over_epoch=0.001 loss=1.083604 host_rss_mb=2561
[epoch 75/2000] EBOPs=untraced in_training_ebops=3517223 target=5000000 beta=1.41e-08 val_AUC=0.872643 val_accuracy=0.594903 seconds=81.8 checkpoint=epoch-0075 ebops_trace_seconds=0.00 ebops_trace_over_epoch=0.001 loss=1.080296 host_rss_mb=2560
[epoch 76/2000] EBOPs=untraced in_training_ebops=3553257 target=5000000 beta=1.41e-08 val_AUC=0.868524 val_accuracy=0.613274 seconds=82.4 checkpoint=- ebops_trace_seconds=0.00 ebops_trace_over_epoch=0.001 loss=1.087841 host_rss_mb=2561
[epoch 77/2000] EBOPs=untraced in_training_ebops=3543874 target=5000000 beta=1.4e-08 val_AUC=0.841397 val_accuracy=0.557113 seconds=83.9 checkpoint=- ebops_trace_seconds=0.00 ebops_trace_over_epoch=0.001 loss=1.090127 host_rss_mb=2561
[epoch 78/2000] EBOPs=untraced in_training_ebops=3272744 target=5000000 beta=1.37e-08 val_AUC=0.878206 val_accuracy=0.632548 seconds=83.4 checkpoint=- ebops_trace_seconds=0.00 ebops_trace_over_epoch=0.001 loss=1.093884 host_rss_mb=2561
[epoch 79/2000] EBOPs=untraced in_training_ebops=3325375 target=5000000 beta=1.24e-08 val_AUC=0.861021 val_accuracy=0.594032 seconds=83.4 checkpoint=- ebops_trace_seconds=0.00 ebops_trace_over_epoch=0.001 loss=1.079319 host_rss_mb=2561
[epoch 80/2000] EBOPs=3243269 target=5000000 above_floor=2900216 feasible=1 degenerate=0 beta=1.23e-08 val_AUC=0.851841 val_accuracy=0.583839 seconds=142.8 checkpoint=- ebops_trace_seconds=73.85 ebops_trace_over_epoch=0.518 loss=1.084922 host_rss_mb=2561
[epoch 81/2000] EBOPs=untraced in_training_ebops=3631077 target=5000000 beta=1.18e-08 val_AUC=0.873666 val_accuracy=0.607516 seconds=83.8 checkpoint=- ebops_trace_seconds=0.00 ebops_trace_over_epoch=0.001 loss=1.087496 host_rss_mb=2561
[epoch 82/2000] EBOPs=untraced in_training_ebops=3673701 target=5000000 beta=1.3e-08 val_AUC=0.874853 val_accuracy=0.628597 seconds=83.6 checkpoint=- ebops_trace_seconds=0.00 ebops_trace_over_epoch=0.001 loss=1.079755 host_rss_mb=2562
[epoch 83/2000] EBOPs=untraced in_training_ebops=3508838 target=5000000 beta=1.29e-08 val_AUC=0.874480 val_accuracy=0.627323 seconds=83.9 checkpoint=- ebops_trace_seconds=0.00 ebops_trace_over_epoch=0.001 loss=1.071591 host_rss_mb=2562
[epoch 84/2000] EBOPs=untraced in_training_ebops=3637792 target=5000000 beta=1.21e-08 val_AUC=0.867565 val_accuracy=0.601339 seconds=83.4 checkpoint=- ebops_trace_seconds=0.00 ebops_trace_over_epoch=0.001 loss=1.066121 host_rss_mb=2562
[epoch 85/2000] EBOPs=untraced in_training_ebops=3549397 target=5000000 beta=1.24e-08 val_AUC=0.861967 val_accuracy=0.588081 seconds=83.6 checkpoint=- ebops_trace_seconds=0.00 ebops_trace_over_epoch=0.001 loss=1.080928 host_rss_mb=2562
[epoch 86/2000] EBOPs=untraced in_training_ebops=3612688 target=5000000 beta=1.19e-08 val_AUC=0.870994 val_accuracy=0.619048 seconds=84.0 checkpoint=- ebops_trace_seconds=0.00 ebops_trace_over_epoch=0.001 loss=1.096232 host_rss_mb=2562
[epoch 87/2000] EBOPs=untraced in_training_ebops=3601147 target=5000000 beta=1.19e-08 val_AUC=0.864298 val_accuracy=0.614032 seconds=83.8 checkpoint=- ebops_trace_seconds=0.00 ebops_trace_over_epoch=0.001 loss=1.087278 host_rss_mb=2562
[epoch 88/2000] EBOPs=untraced in_training_ebops=3400111 target=5000000 beta=1.16e-08 val_AUC=0.882575 val_accuracy=0.636919 seconds=83.5 checkpoint=- ebops_trace_seconds=0.00 ebops_trace_over_epoch=0.001 loss=1.087260 host_rss_mb=2562
[epoch 89/2000] EBOPs=untraced in_training_ebops=3374158 target=5000000 beta=1.08e-08 val_AUC=0.865493 val_accuracy=0.602645 seconds=84.0 checkpoint=- ebops_trace_seconds=0.00 ebops_trace_over_epoch=0.001 loss=1.091194 host_rss_mb=2558
[epoch 90/2000] EBOPs=3105471 target=5000000 above_floor=2762418 feasible=1 degenerate=0 beta=1.05e-08 val_AUC=0.859524 val_accuracy=0.586258 seconds=142.7 checkpoint=- ebops_trace_seconds=73.82 ebops_trace_over_epoch=0.518 loss=1.077478 host_rss_mb=2560
[epoch 91/2000] EBOPs=untraced in_training_ebops=3584588 target=5000000 beta=9.43e-09 val_AUC=0.859251 val_accuracy=0.583613 seconds=83.6 checkpoint=- ebops_trace_seconds=0.00 ebops_trace_over_epoch=0.001 loss=1.084171 host_rss_mb=2560
[epoch 92/2000] EBOPs=untraced in_training_ebops=3665130 target=5000000 beta=1.07e-08 val_AUC=0.863478 val_accuracy=0.560839 seconds=83.6 checkpoint=- ebops_trace_seconds=0.00 ebops_trace_over_epoch=0.001 loss=1.101516 host_rss_mb=2560
[epoch 93/2000] EBOPs=untraced in_training_ebops=3583204 target=5000000 beta=1.08e-08 val_AUC=0.840255 val_accuracy=0.518468 seconds=83.8 checkpoint=- ebops_trace_seconds=0.00 ebops_trace_over_epoch=0.001 loss=1.083261 host_rss_mb=2560
[epoch 94/2000] EBOPs=untraced in_training_ebops=3602217 target=5000000 beta=1.04e-08 val_AUC=0.866690 val_accuracy=0.618661 seconds=83.5 checkpoint=- ebops_trace_seconds=0.00 ebops_trace_over_epoch=0.001 loss=1.092898 host_rss_mb=2560
[epoch 95/2000] EBOPs=untraced in_training_ebops=3577399 target=5000000 beta=1.03e-08 val_AUC=0.861585 val_accuracy=0.579258 seconds=83.5 checkpoint=- ebops_trace_seconds=0.00 ebops_trace_over_epoch=0.001 loss=1.093635 host_rss_mb=2560
[epoch 96/2000] EBOPs=untraced in_training_ebops=3648977 target=5000000 beta=1e-08 val_AUC=0.860751 val_accuracy=0.602726 seconds=83.3 checkpoint=- ebops_trace_seconds=0.00 ebops_trace_over_epoch=0.001 loss=1.090830 host_rss_mb=2560
[epoch 97/2000] EBOPs=untraced in_training_ebops=3675803 target=5000000 beta=1.01e-08 val_AUC=0.863808 val_accuracy=0.584758 seconds=83.3 checkpoint=- ebops_trace_seconds=0.00 ebops_trace_over_epoch=0.001 loss=1.084362 host_rss_mb=2560
[epoch 98/2000] EBOPs=untraced in_training_ebops=3454166 target=5000000 beta=9.97e-09 val_AUC=0.852794 val_accuracy=0.568097 seconds=83.8 checkpoint=- ebops_trace_seconds=0.00 ebops_trace_over_epoch=0.001 loss=1.099695 host_rss_mb=2560
[epoch 99/2000] EBOPs=untraced in_training_ebops=3502677 target=5000000 beta=9.2e-09 val_AUC=0.866606 val_accuracy=0.608306 seconds=83.4 checkpoint=- ebops_trace_seconds=0.00 ebops_trace_over_epoch=0.001 loss=1.094475 host_rss_mb=2560
[epoch 100/2000] EBOPs=3280985 target=5000000 above_floor=2937932 feasible=1 degenerate=0 beta=9.16e-09 val_AUC=0.871778 val_accuracy=0.623468 seconds=141.5 checkpoint=epoch-0100 ebops_trace_seconds=73.88 ebops_trace_over_epoch=0.522 loss=1.082182 host_rss_mb=2561
[epoch 101/2000] EBOPs=untraced in_training_ebops=3765780 target=5000000 beta=8.41e-09 val_AUC=0.869765 val_accuracy=0.619113 seconds=83.6 checkpoint=- ebops_trace_seconds=0.00 ebops_trace_over_epoch=0.001 loss=1.086771 host_rss_mb=2562
[epoch 102/2000] EBOPs=untraced in_training_ebops=3862569 target=5000000 beta=9.51e-09 val_AUC=0.868089 val_accuracy=0.622339 seconds=84.5 checkpoint=- ebops_trace_seconds=0.00 ebops_trace_over_epoch=0.001 loss=1.100646 host_rss_mb=2562
[epoch 103/2000] EBOPs=untraced in_training_ebops=3756892 target=5000000 beta=9.63e-09 val_AUC=0.860983 val_accuracy=0.560403 seconds=84.4 checkpoint=- ebops_trace_seconds=0.00 ebops_trace_over_epoch=0.001 loss=1.113711 host_rss_mb=2565
[epoch 104/2000] EBOPs=untraced in_training_ebops=3620550 target=5000000 beta=9.24e-09 val_AUC=0.860204 val_accuracy=0.607887 seconds=83.6 checkpoint=- ebops_trace_seconds=0.00 ebops_trace_over_epoch=0.001 loss=1.108517 host_rss_mb=2565
RSS_GATE delta0926-w2-rep-c-t5000000-s2 PASS slope_mb_per_epoch 0.515 baseline_mb 2524 projection_mb 3555 at_epoch 2000 limit_mb 12100 fit_epochs 5-104 of this process
[epoch 105/2000] EBOPs=untraced in_training_ebops=3716259 target=5000000 beta=8.76e-09 val_AUC=0.871145 val_accuracy=0.609500 seconds=83.6 checkpoint=- ebops_trace_seconds=0.00 ebops_trace_over_epoch=0.001 loss=1.094699 host_rss_mb=2565
[epoch 106/2000] EBOPs=untraced in_training_ebops=3677717 target=5000000 beta=8.86e-09 val_AUC=0.857861 val_accuracy=0.585468 seconds=81.6 checkpoint=- ebops_trace_seconds=0.00 ebops_trace_over_epoch=0.001 loss=1.125860 host_rss_mb=2566
[epoch 107/2000] EBOPs=untraced in_training_ebops=3667130 target=5000000 beta=8.63e-09 val_AUC=0.866938 val_accuracy=0.586565 seconds=83.3 checkpoint=- ebops_trace_seconds=0.00 ebops_trace_over_epoch=0.001 loss=1.129367 host_rss_mb=2567
[epoch 108/2000] EBOPs=untraced in_training_ebops=3609891 target=5000000 beta=8.47e-09 val_AUC=0.839518 val_accuracy=0.568435 seconds=83.5 checkpoint=- ebops_trace_seconds=0.00 ebops_trace_over_epoch=0.001 loss=1.116061 host_rss_mb=2567
[epoch 109/2000] EBOPs=untraced in_training_ebops=3540833 target=5000000 beta=8.21e-09 val_AUC=0.859118 val_accuracy=0.609339 seconds=83.3 checkpoint=- ebops_trace_seconds=0.00 ebops_trace_over_epoch=0.001 loss=1.126730 host_rss_mb=2567
[epoch 110/2000] EBOPs=3180397 target=5000000 above_floor=2837344 feasible=1 degenerate=0 beta=7.91e-09 val_AUC=0.841541 val_accuracy=0.530419 seconds=126.3 checkpoint=epoch-0110 ebops_trace_seconds=60.67 ebops_trace_over_epoch=0.481 loss=1.120981 host_rss_mb=2562
wandb: updating run metadata
wandb: uploading output.log; uploading wandb-summary.json; uploading config.yaml
wandb: uploading history steps 108-109, summary, console lines 110-110
wandb: 🚀 View run delta0926-w2-rep-c-t5000000-s2 at: https://wandb.ai/kayamaguchi-uc-san-diego/BNJetTag-Delta/runs/0ce92ca33ae9
wandb: ⭐️ View project at: https://wandb.ai/kayamaguchi-uc-san-diego/BNJetTag-Delta
wandb: Synced 5 W&B file(s), 0 media file(s), 0 artifact file(s) and 0 other file(s)
CHECKPOINT_VERIFICATION_PASS {"errors": [], "refusals": [], "placeholders": [], "stand_in_base": false, "covered_by_anchor_study": null, "hw_labels": [], "launchable": null, "run_id": "REP-C-t5000000-s2", "id": "REP-C", "kind": "drift_replica", "wave": "W2", "code_tier": "T0", "base_arm": "C", "target": 5000000, "seed": 2, "horizon": 2000, "code_changes": [], "patch_status": {}, "anchor_patches_required": [], "status": "verified_canary", "flags": [], "serves": "5M cells, M031 at 1,500 and M032 at 2,000; FF1 is W3", "gate_eligible": true, "anchor_config": "code/campaigns/chang0926/configs/chang0926-c-n64-s2.json", "anchor_config_sha256": "9027ff22da685bd9346bc3eeaa0babc1650bb232ef9b024255441ade62056795", "file": "W2/REP-C-t5000000-s2.json", "name": "delta0926-w2-rep-c-t5000000-s2", "config_sha256": "1499439f8c76eeea18a897b59b8f333c50e6af07affabea587673c9529433dba", "n_part": 64, "floor": {"value": 343053, "source": "anchor arm config (signature unchanged)", "signature": "9ff3b9453301cd1601db9e4556c49d4ed64cc3aeedc6ec53494d55094388053a"}, "cache_key": "569a4b3f725e", "cache_identity": {"arch.n_part": 64, "arch.features": ["pt", "etarel", "phirel"], "arch.pt_gate_gev": 2.0, "arch.derived_features": null, "data.std_scope": null, "train.validation_split": 0.1, "train.split_seed": 1}, "data_root": "/data/chang-n64-20260926", "cache_status": "anchor cache (built, PREFLIGHT l. 512)", "generator_status": "ready_on_base", "series_refusal": null, "gate": "GATE_PASS", "completed_epochs": 110, "selected": {"epoch": 29, "val_macro_auc": 0.8854633638615945, "val_categorical_accuracy": 0.6461935483870968, "ebops": 4068045, "ebops_above_floor": 3724992}, "checkpoint": "model_best.keras", "checkpoint_sha256": "6fd859f316c74e65db851b20b1b9ed3d11d904a317e0d1bef080c46674b162e6", "budget_met": true, "validation_accuracy": 0.6461935483870968, "validation_macro_auc": 0.8854633638615945, "validation_per_class_auc": [0.8895230208757539, 0.8699992550487766, 0.8748944169184977, 0.8691430725186965, 0.9237570539462482], "wall_seconds_this_invocation": 10152.183917651011, "test_set_used": false, "hardware_validated": false, "validation_labels_sha256": "63049d9bdcfdc83af97c58bc6579e1def1ec2d9e7a6c30007793badd75217709", "reload_ebops_check": "stored", "source_sha256": "300be87bf0cde5fba95c7b9cf0798718475e2b2dd6a230ee44a58a22fa8d467c", "selection_cost": 4068045, "selection_cost_convention": "native_hgq2", "native_hgq2_backbone_ebops": 4068045, "custom_estimated_bitops": 0, "modules": {}, "warning": "Augmented total is not directly interchangeable with historical native HGQ2 totals."}
