/cmcode/hgq2.tar.gz: OK
WARNING: Running pip as the 'root' user can result in broken permissions and conflicting behaviour with the system package manager, possibly rendering your system unusable. It is recommended to use a virtual environment instead: https://pip.pypa.io/warnings/venv. Use the --root-user-action option if you know what you are doing and want to suppress this warning.

[notice] A new release of pip is available: 25.0.1 -> 26.2.1
[notice] To update, run: pip install --upgrade pip
MANIFEST_SHA_OK 300be87bf0cde5fba95c7b9cf0798718475e2b2dd6a230ee44a58a22fa8d467c
GPU_GATE_PASS
NVIDIA A10, 23028 MiB
Filesystem                                                                                                                                                      Size  Used Avail Use% Mounted on
csi-cephfs-node@90a5afad-c313-4e49-9b5f-317100c6930e.nautilusfs=/volumes/csi/csi-vol-9f276e98-3be5-415d-b665-c05c6036f24c/a3a2d703-9f9a-423c-a8bc-89c13d677031  100G   34G   67G  34% /data
CACHE_READY 
PACK_ROOTS {"BNJ_DATA_ROOT": "/data/chang-n64-20260926", "BNJ_RUN_ROOT": "/data/delta-20260927/canary/E-k4"}
ARM_STARTED 0 delta0926-w2-rep-a-t350000-s1 pid 89 attempt 0
ARM_STARTED 1 delta0926-w2-rep-a-t350000-s2 pid 117 attempt 0
ARM_STARTED 2 delta0926-w2-rep-a-t350000-s3 pid 153 attempt 0
ARM_STARTED 3 delta0926-w2-rep-a-t350000-s4 pid 649 attempt 0
POD_MEM 09:44:38Z current_mib 10953 max_mib 36864 free_mib 25911 pressure_full_avg10 0.0 rss_mib delta0926-w2-rep-a-t350000-s1=2048 delta0926-w2-rep-a-t350000-s2=2046 delta0926-w2-rep-a-t350000-s3=2052 delta0926-w2-rep-a-t350000-s4=1981
2026/09/28 09:44:38.797, NVIDIA A10, 4 %, 2825 MiB, 23028 MiB
POD_MEM 09:44:43Z current_mib 10752 max_mib 36864 free_mib 26112 pressure_full_avg10 0.0 rss_mib delta0926-w2-rep-a-t350000-s1=2060 delta0926-w2-rep-a-t350000-s2=2056 delta0926-w2-rep-a-t350000-s3=2066 delta0926-w2-rep-a-t350000-s4=1767
POD_MEM 09:44:48Z current_mib 11464 max_mib 36864 free_mib 25400 pressure_full_avg10 0.0 rss_mib delta0926-w2-rep-a-t350000-s1=2060 delta0926-w2-rep-a-t350000-s2=2056 delta0926-w2-rep-a-t350000-s3=2066 delta0926-w2-rep-a-t350000-s4=2490
POD_MEM 09:44:53Z current_mib 11037 max_mib 36864 free_mib 25827 pressure_full_avg10 0.0 rss_mib delta0926-w2-rep-a-t350000-s1=2060 delta0926-w2-rep-a-t350000-s2=2056 delta0926-w2-rep-a-t350000-s3=2066 delta0926-w2-rep-a-t350000-s4=2057
POD_MEM 09:44:58Z current_mib 11037 max_mib 36864 free_mib 25827 pressure_full_avg10 0.0 rss_mib delta0926-w2-rep-a-t350000-s1=2060 delta0926-w2-rep-a-t350000-s2=2056 delta0926-w2-rep-a-t350000-s3=2066 delta0926-w2-rep-a-t350000-s4=2060
POD_MEM 09:45:03Z current_mib 11037 max_mib 36864 free_mib 25827 pressure_full_avg10 0.0 rss_mib delta0926-w2-rep-a-t350000-s1=2060 delta0926-w2-rep-a-t350000-s2=2056 delta0926-w2-rep-a-t350000-s3=2066 delta0926-w2-rep-a-t350000-s4=2060
POD_MEM 09:45:08Z current_mib 11037 max_mib 36864 free_mib 25827 pressure_full_avg10 0.0 rss_mib delta0926-w2-rep-a-t350000-s1=2060 delta0926-w2-rep-a-t350000-s2=2056 delta0926-w2-rep-a-t350000-s3=2066 delta0926-w2-rep-a-t350000-s4=2060
POD_MEM 09:45:13Z current_mib 11037 max_mib 36864 free_mib 25827 pressure_full_avg10 0.0 rss_mib delta0926-w2-rep-a-t350000-s1=2060 delta0926-w2-rep-a-t350000-s2=2056 delta0926-w2-rep-a-t350000-s3=2066 delta0926-w2-rep-a-t350000-s4=2060
POD_MEM 09:45:18Z current_mib 11037 max_mib 36864 free_mib 25827 pressure_full_avg10 0.0 rss_mib delta0926-w2-rep-a-t350000-s1=2060 delta0926-w2-rep-a-t350000-s2=2056 delta0926-w2-rep-a-t350000-s3=2066 delta0926-w2-rep-a-t350000-s4=2060
POD_MEM 09:45:23Z current_mib 11036 max_mib 36864 free_mib 25828 pressure_full_avg10 0.0 rss_mib delta0926-w2-rep-a-t350000-s1=2060 delta0926-w2-rep-a-t350000-s2=2056 delta0926-w2-rep-a-t350000-s3=2066 delta0926-w2-rep-a-t350000-s4=2060
POD_MEM 09:45:28Z current_mib 11036 max_mib 36864 free_mib 25828 pressure_full_avg10 0.0 rss_mib delta0926-w2-rep-a-t350000-s1=2060 delta0926-w2-rep-a-t350000-s2=2056 delta0926-w2-rep-a-t350000-s3=2066 delta0926-w2-rep-a-t350000-s4=2060
POD_MEM 09:45:33Z current_mib 11037 max_mib 36864 free_mib 25827 pressure_full_avg10 0.0 rss_mib delta0926-w2-rep-a-t350000-s1=2060 delta0926-w2-rep-a-t350000-s2=2056 delta0926-w2-rep-a-t350000-s3=2066 delta0926-w2-rep-a-t350000-s4=2060
POD_MEM 09:45:38Z current_mib 11050 max_mib 36864 free_mib 25814 pressure_full_avg10 0.0 rss_mib delta0926-w2-rep-a-t350000-s1=2060 delta0926-w2-rep-a-t350000-s2=2056 delta0926-w2-rep-a-t350000-s3=2066 delta0926-w2-rep-a-t350000-s4=2060
2026/09/28 09:45:38.878, NVIDIA A10, 97 %, 5129 MiB, 23028 MiB
POD_MEM 09:45:43Z current_mib 11037 max_mib 36864 free_mib 25827 pressure_full_avg10 0.0 rss_mib delta0926-w2-rep-a-t350000-s1=2060 delta0926-w2-rep-a-t350000-s2=2056 delta0926-w2-rep-a-t350000-s3=2066 delta0926-w2-rep-a-t350000-s4=2060
POD_MEM 09:45:48Z current_mib 11051 max_mib 36864 free_mib 25813 pressure_full_avg10 0.0 rss_mib delta0926-w2-rep-a-t350000-s1=2060 delta0926-w2-rep-a-t350000-s2=2056 delta0926-w2-rep-a-t350000-s3=2066 delta0926-w2-rep-a-t350000-s4=2060
POD_MEM 09:45:53Z current_mib 11564 max_mib 36864 free_mib 25300 pressure_full_avg10 0.0 rss_mib delta0926-w2-rep-a-t350000-s1=2086 delta0926-w2-rep-a-t350000-s2=2495 delta0926-w2-rep-a-t350000-s3=2069 delta0926-w2-rep-a-t350000-s4=2060
POD_MEM 09:45:58Z current_mib 10924 max_mib 36864 free_mib 25940 pressure_full_avg10 0.0 rss_mib delta0926-w2-rep-a-t350000-s1=2007 delta0926-w2-rep-a-t350000-s2=1998 delta0926-w2-rep-a-t350000-s3=2000 delta0926-w2-rep-a-t350000-s4=2060
POD_MEM 09:46:03Z current_mib 11357 max_mib 36864 free_mib 25507 pressure_full_avg10 0.0 rss_mib delta0926-w2-rep-a-t350000-s1=2155 delta0926-w2-rep-a-t350000-s2=2145 delta0926-w2-rep-a-t350000-s3=2153 delta0926-w2-rep-a-t350000-s4=2061
POD_MEM 09:46:08Z current_mib 11252 max_mib 36864 free_mib 25612 pressure_full_avg10 0.0 rss_mib delta0926-w2-rep-a-t350000-s1=2155 delta0926-w2-rep-a-t350000-s2=2145 delta0926-w2-rep-a-t350000-s3=2153 delta0926-w2-rep-a-t350000-s4=1934
POD_MEM 09:46:13Z current_mib 11468 max_mib 36864 free_mib 25396 pressure_full_avg10 0.0 rss_mib delta0926-w2-rep-a-t350000-s1=2155 delta0926-w2-rep-a-t350000-s2=2145 delta0926-w2-rep-a-t350000-s3=2153 delta0926-w2-rep-a-t350000-s4=2156
POD_MEM 09:46:18Z current_mib 11468 max_mib 36864 free_mib 25396 pressure_full_avg10 0.0 rss_mib delta0926-w2-rep-a-t350000-s1=2155 delta0926-w2-rep-a-t350000-s2=2145 delta0926-w2-rep-a-t350000-s3=2153 delta0926-w2-rep-a-t350000-s4=2156
POD_MEM 09:46:23Z current_mib 11470 max_mib 36864 free_mib 25394 pressure_full_avg10 0.0 rss_mib delta0926-w2-rep-a-t350000-s1=2155 delta0926-w2-rep-a-t350000-s2=2145 delta0926-w2-rep-a-t350000-s3=2153 delta0926-w2-rep-a-t350000-s4=2156
POD_MEM 09:46:28Z current_mib 11469 max_mib 36864 free_mib 25395 pressure_full_avg10 0.0 rss_mib delta0926-w2-rep-a-t350000-s1=2155 delta0926-w2-rep-a-t350000-s2=2145 delta0926-w2-rep-a-t350000-s3=2153 delta0926-w2-rep-a-t350000-s4=2156
POD_MEM 09:46:33Z current_mib 11469 max_mib 36864 free_mib 25395 pressure_full_avg10 0.0 rss_mib delta0926-w2-rep-a-t350000-s1=2155 delta0926-w2-rep-a-t350000-s2=2145 delta0926-w2-rep-a-t350000-s3=2153 delta0926-w2-rep-a-t350000-s4=2156
POD_MEM 09:46:38Z current_mib 11471 max_mib 36864 free_mib 25393 pressure_full_avg10 0.0 rss_mib delta0926-w2-rep-a-t350000-s1=2155 delta0926-w2-rep-a-t350000-s2=2145 delta0926-w2-rep-a-t350000-s3=2153 delta0926-w2-rep-a-t350000-s4=2156
2026/09/28 09:46:39.018, NVIDIA A10, 100 %, 17425 MiB, 23028 MiB
POD_MEM 09:46:44Z current_mib 11472 max_mib 36864 free_mib 25392 pressure_full_avg10 0.0 rss_mib delta0926-w2-rep-a-t350000-s1=2155 delta0926-w2-rep-a-t350000-s2=2145 delta0926-w2-rep-a-t350000-s3=2153 delta0926-w2-rep-a-t350000-s4=2156
POD_MEM 09:46:49Z current_mib 11470 max_mib 36864 free_mib 25394 pressure_full_avg10 0.0 rss_mib delta0926-w2-rep-a-t350000-s1=2155 delta0926-w2-rep-a-t350000-s2=2145 delta0926-w2-rep-a-t350000-s3=2153 delta0926-w2-rep-a-t350000-s4=2156
POD_MEM 09:46:54Z current_mib 11472 max_mib 36864 free_mib 25392 pressure_full_avg10 0.0 rss_mib delta0926-w2-rep-a-t350000-s1=2155 delta0926-w2-rep-a-t350000-s2=2145 delta0926-w2-rep-a-t350000-s3=2153 delta0926-w2-rep-a-t350000-s4=2156
POD_MEM 09:46:59Z current_mib 11471 max_mib 36864 free_mib 25393 pressure_full_avg10 0.0 rss_mib delta0926-w2-rep-a-t350000-s1=2155 delta0926-w2-rep-a-t350000-s2=2145 delta0926-w2-rep-a-t350000-s3=2153 delta0926-w2-rep-a-t350000-s4=2156
POD_MEM 09:47:04Z current_mib 11471 max_mib 36864 free_mib 25393 pressure_full_avg10 0.0 rss_mib delta0926-w2-rep-a-t350000-s1=2155 delta0926-w2-rep-a-t350000-s2=2145 delta0926-w2-rep-a-t350000-s3=2153 delta0926-w2-rep-a-t350000-s4=2156
POD_MEM 09:47:09Z current_mib 11472 max_mib 36864 free_mib 25392 pressure_full_avg10 0.0 rss_mib delta0926-w2-rep-a-t350000-s1=2155 delta0926-w2-rep-a-t350000-s2=2145 delta0926-w2-rep-a-t350000-s3=2153 delta0926-w2-rep-a-t350000-s4=2156
POD_MEM 09:47:14Z current_mib 11472 max_mib 36864 free_mib 25392 pressure_full_avg10 0.0 rss_mib delta0926-w2-rep-a-t350000-s1=2155 delta0926-w2-rep-a-t350000-s2=2145 delta0926-w2-rep-a-t350000-s3=2153 delta0926-w2-rep-a-t350000-s4=2156
POD_MEM 09:47:19Z current_mib 11472 max_mib 36864 free_mib 25392 pressure_full_avg10 0.0 rss_mib delta0926-w2-rep-a-t350000-s1=2155 delta0926-w2-rep-a-t350000-s2=2145 delta0926-w2-rep-a-t350000-s3=2153 delta0926-w2-rep-a-t350000-s4=2156
POD_MEM 09:47:24Z current_mib 11473 max_mib 36864 free_mib 25391 pressure_full_avg10 0.0 rss_mib delta0926-w2-rep-a-t350000-s1=2155 delta0926-w2-rep-a-t350000-s2=2145 delta0926-w2-rep-a-t350000-s3=2153 delta0926-w2-rep-a-t350000-s4=2156
POD_MEM 09:47:29Z current_mib 11472 max_mib 36864 free_mib 25392 pressure_full_avg10 0.0 rss_mib delta0926-w2-rep-a-t350000-s1=2155 delta0926-w2-rep-a-t350000-s2=2145 delta0926-w2-rep-a-t350000-s3=2153 delta0926-w2-rep-a-t350000-s4=2156
POD_MEM 09:47:34Z current_mib 10367 max_mib 36864 free_mib 26497 pressure_full_avg10 0.0 rss_mib delta0926-w2-rep-a-t350000-s1=1773 delta0926-w2-rep-a-t350000-s2=na delta0926-w2-rep-a-t350000-s3=1687 delta0926-w2-rep-a-t350000-s4=2156
POD_MEM 09:47:39Z current_mib 7283 max_mib 36864 free_mib 29581 pressure_full_avg10 0.0 rss_mib delta0926-w2-rep-a-t350000-s1=na delta0926-w2-rep-a-t350000-s2=na delta0926-w2-rep-a-t350000-s3=na delta0926-w2-rep-a-t350000-s4=na
ARM_EXIT delta0926-w2-rep-a-t350000-s1 3 attempt 0
ARM_LOG   File "/work/code/run_study.py", line 208, in <module>
ARM_LOG     train(args.index, args.stop_after)
ARM_LOG   File "/work/code/run_study.py", line 104, in train
ARM_LOG     run_engram.validate_tracking_destination(cfg)
ARM_LOG   File "/work/code/run_engram.py", line 157, in validate_tracking_destination
ARM_LOG     raise ValueError('The separate W&B project must exist and be verified PRIVATE before --track')
ARM_LOG ValueError: The separate W&B project must exist and be verified PRIVATE before --track
ARM_LOG ==== ARM_ATTEMPT 0 2026-09-28T09:43:37Z
ARM_LOG RUN_STAGE canary
ARM_LOG [train] delta0926-w2-rep-a-t350000-s1 params=31735 resume_epoch=0 initial_ebops=1368402
ARM_LOG wandb: [wandb.login()] Loaded credentials for https://api.wandb.ai from WANDB_API_KEY.
ARM_LOG wandb: setting up run 6751da9bc1cb
ARM_LOG wandb: Syncing run delta0926-w2-rep-a-t350000-s1
ARM_LOG wandb: 🚀 View run at https://wandb.ai/kayamaguchi-uc-san-diego/BNJetTag-Delta/runs/6751da9bc1cb
ARM_LOG ARM_DIVERGED delta0926-w2-rep-a-t350000-s1 {"name": "delta0926-w2-rep-a-t350000-s1", "divergence_epoch_zero_based": 0, "completed_epochs_before": 0, "reason": "nonfinite training metrics", "metrics_at_divergence": {"loss": "nan", "task_loss": "nan", "distillation_loss": 0.0, "train_categorical_accuracy": 0.20137277245521545}, "best_feasible_before": null, "lowest_before": null, "best_auc_before": null, "best_feasible_auc_before": null, "model_best_present": false, "code_sha256": "300be87bf0cde5fba95c7b9cf0798718475e2b2dd6a230ee44a58a22fa8d467c", "config_sha256": "bc97d21b0de908f77c18bc7c9e004484a769cf2559761efaa47bee5711bb7664"}
ARM_LOG wandb: updating run metadata
ARM_LOG wandb: uploading summary, console lines 0-0
ARM_LOG wandb: 🚀 View run delta0926-w2-rep-a-t350000-s1 at: https://wandb.ai/kayamaguchi-uc-san-diego/BNJetTag-Delta/runs/6751da9bc1cb
ARM_LOG wandb: ⭐️ View project at: https://wandb.ai/kayamaguchi-uc-san-diego/BNJetTag-Delta
ARM_LOG wandb: Synced 5 W&B file(s), 0 media file(s), 0 artifact file(s) and 0 other file(s)
ARM_EXIT delta0926-w2-rep-a-t350000-s2 3 attempt 0
ARM_LOG Traceback (most recent call last):
ARM_LOG   File "/work/code/run_study.py", line 208, in <module>
ARM_LOG     train(args.index, args.stop_after)
ARM_LOG   File "/work/code/run_study.py", line 104, in train
ARM_LOG     run_engram.validate_tracking_destination(cfg)
ARM_LOG   File "/work/code/run_engram.py", line 157, in validate_tracking_destination
ARM_LOG     raise ValueError('The separate W&B project must exist and be verified PRIVATE before --track')
ARM_LOG ValueError: The separate W&B project must exist and be verified PRIVATE before --track
ARM_LOG ==== ARM_ATTEMPT 0 2026-09-28T09:43:52Z
ARM_LOG RUN_STAGE canary
ARM_LOG [train] delta0926-w2-rep-a-t350000-s2 params=31735 resume_epoch=0 initial_ebops=7938898
ARM_LOG wandb: [wandb.login()] Loaded credentials for https://api.wandb.ai from WANDB_API_KEY.
ARM_LOG wandb: Syncing run delta0926-w2-rep-a-t350000-s2
ARM_LOG wandb: 🚀 View run at https://wandb.ai/kayamaguchi-uc-san-diego/BNJetTag-Delta/runs/0d5aa35d36db
ARM_LOG ARM_DIVERGED delta0926-w2-rep-a-t350000-s2 {"name": "delta0926-w2-rep-a-t350000-s2", "divergence_epoch_zero_based": 0, "completed_epochs_before": 0, "reason": "nonfinite training metrics", "metrics_at_divergence": {"loss": "nan", "task_loss": "nan", "distillation_loss": 0.0, "train_categorical_accuracy": 0.20139247179031372}, "best_feasible_before": null, "lowest_before": null, "best_auc_before": null, "best_feasible_auc_before": null, "model_best_present": false, "code_sha256": "300be87bf0cde5fba95c7b9cf0798718475e2b2dd6a230ee44a58a22fa8d467c", "config_sha256": "93872b1753d0227bd8e4da1638a11d95ee64c7529d9b891e21b9e8964bcb17fe"}
ARM_LOG wandb: updating run metadata
ARM_LOG wandb: uploading summary, console lines 0-0
ARM_LOG wandb: 🚀 View run delta0926-w2-rep-a-t350000-s2 at: https://wandb.ai/kayamaguchi-uc-san-diego/BNJetTag-Delta/runs/0d5aa35d36db
ARM_LOG wandb: ⭐️ View project at: https://wandb.ai/kayamaguchi-uc-san-diego/BNJetTag-Delta
ARM_LOG wandb: Synced 5 W&B file(s), 0 media file(s), 0 artifact file(s) and 0 other file(s)
ARM_EXIT delta0926-w2-rep-a-t350000-s3 3 attempt 0
ARM_LOG ==== ARM_ATTEMPT 0 2026-09-28T09:19:41Z
ARM_LOG Traceback (most recent call last):
ARM_LOG   File "/work/code/run_study.py", line 208, in <module>
ARM_LOG     train(args.index, args.stop_after)
ARM_LOG   File "/work/code/run_study.py", line 104, in train
ARM_LOG     run_engram.validate_tracking_destination(cfg)
ARM_LOG   File "/work/code/run_engram.py", line 157, in validate_tracking_destination
ARM_LOG     raise ValueError('The separate W&B project must exist and be verified PRIVATE before --track')
ARM_LOG ValueError: The separate W&B project must exist and be verified PRIVATE before --track
ARM_LOG ==== ARM_ATTEMPT 0 2026-09-28T09:44:08Z
ARM_LOG RUN_STAGE canary
ARM_LOG [train] delta0926-w2-rep-a-t350000-s3 params=31735 resume_epoch=0 initial_ebops=7906130
ARM_LOG wandb: [wandb.login()] Loaded credentials for https://api.wandb.ai from WANDB_API_KEY.
ARM_LOG wandb: Syncing run delta0926-w2-rep-a-t350000-s3
ARM_LOG wandb: 🚀 View run at https://wandb.ai/kayamaguchi-uc-san-diego/BNJetTag-Delta/runs/8d550672d4af
ARM_LOG ARM_DIVERGED delta0926-w2-rep-a-t350000-s3 {"name": "delta0926-w2-rep-a-t350000-s3", "divergence_epoch_zero_based": 0, "completed_epochs_before": 0, "reason": "nonfinite training metrics", "metrics_at_divergence": {"loss": "nan", "task_loss": "nan", "distillation_loss": 0.0, "train_categorical_accuracy": 0.20139247179031372}, "best_feasible_before": null, "lowest_before": null, "best_auc_before": null, "best_feasible_auc_before": null, "model_best_present": false, "code_sha256": "300be87bf0cde5fba95c7b9cf0798718475e2b2dd6a230ee44a58a22fa8d467c", "config_sha256": "616352072ac6842533d2cd5058b99a1b485c6e87af0cf8aafdfe876178a4076b"}
ARM_LOG wandb: updating run metadata
ARM_LOG wandb: 🚀 View run delta0926-w2-rep-a-t350000-s3 at: https://wandb.ai/kayamaguchi-uc-san-diego/BNJetTag-Delta/runs/8d550672d4af
ARM_LOG wandb: ⭐️ View project at: https://wandb.ai/kayamaguchi-uc-san-diego/BNJetTag-Delta
ARM_LOG wandb: Synced 5 W&B file(s), 0 media file(s), 0 artifact file(s) and 0 other file(s)
ARM_EXIT delta0926-w2-rep-a-t350000-s4 3 attempt 0
ARM_LOG Traceback (most recent call last):
ARM_LOG   File "/work/code/run_study.py", line 208, in <module>
ARM_LOG     train(args.index, args.stop_after)
ARM_LOG   File "/work/code/run_study.py", line 104, in train
ARM_LOG     run_engram.validate_tracking_destination(cfg)
ARM_LOG   File "/work/code/run_engram.py", line 157, in validate_tracking_destination
ARM_LOG     raise ValueError('The separate W&B project must exist and be verified PRIVATE before --track')
ARM_LOG ValueError: The separate W&B project must exist and be verified PRIVATE before --track
ARM_LOG ==== ARM_ATTEMPT 0 2026-09-28T09:44:23Z
ARM_LOG RUN_STAGE canary
ARM_LOG [train] delta0926-w2-rep-a-t350000-s4 params=31735 resume_epoch=0 initial_ebops=8180562
ARM_LOG wandb: [wandb.login()] Loaded credentials for https://api.wandb.ai from WANDB_API_KEY.
ARM_LOG wandb: Syncing run delta0926-w2-rep-a-t350000-s4
ARM_LOG wandb: 🚀 View run at https://wandb.ai/kayamaguchi-uc-san-diego/BNJetTag-Delta/runs/97c9272b6600
ARM_LOG ARM_DIVERGED delta0926-w2-rep-a-t350000-s4 {"name": "delta0926-w2-rep-a-t350000-s4", "divergence_epoch_zero_based": 0, "completed_epochs_before": 0, "reason": "nonfinite training metrics", "metrics_at_divergence": {"loss": "nan", "task_loss": "nan", "distillation_loss": 0.0, "train_categorical_accuracy": 0.20156273245811462}, "best_feasible_before": null, "lowest_before": null, "best_auc_before": null, "best_feasible_auc_before": null, "model_best_present": false, "code_sha256": "300be87bf0cde5fba95c7b9cf0798718475e2b2dd6a230ee44a58a22fa8d467c", "config_sha256": "b848997d0dd3733761cdda35411fc1ede5cb6d6db1d915e7cb711353027f273c"}
ARM_LOG wandb: updating run metadata
ARM_LOG wandb: uploading data
ARM_LOG wandb: 🚀 View run delta0926-w2-rep-a-t350000-s4 at: https://wandb.ai/kayamaguchi-uc-san-diego/BNJetTag-Delta/runs/97c9272b6600
ARM_LOG wandb: ⭐️ View project at: https://wandb.ai/kayamaguchi-uc-san-diego/BNJetTag-Delta
ARM_LOG wandb: Synced 5 W&B file(s), 0 media file(s), 0 artifact file(s) and 0 other file(s)
2026/09/28 09:47:39.098, NVIDIA A10, 0 %, 0 MiB, 23028 MiB
PACK_DONE diverged ['delta0926-w2-rep-a-t350000-s1', 'delta0926-w2-rep-a-t350000-s2', 'delta0926-w2-rep-a-t350000-s3', 'delta0926-w2-rep-a-t350000-s4'] failed []
PACK_ROOTS {"BNJ_DATA_ROOT": "/data/chang-n64-20260926", "BNJ_RUN_ROOT": "/data/delta-20260927/canary/E-k5"}
ARM_STARTED 0 delta0926-w2-rep-a-t350000-s1 pid 2003 attempt 0
ARM_STARTED 1 delta0926-w2-rep-a-t350000-s2 pid 2213 attempt 0
ARM_STARTED 2 delta0926-w2-rep-a-t350000-s3 pid 2603 attempt 0
ARM_STARTED 3 delta0926-w2-rep-a-t350000-s4 pid 2981 attempt 0
ARM_STARTED 4 delta0926-w2-rep-a-t350000-s5 pid 3361 attempt 0
POD_MEM 09:49:01Z current_mib 11627 max_mib 36864 free_mib 25237 pressure_full_avg10 0.0 rss_mib delta0926-w2-rep-a-t350000-s1=2062 delta0926-w2-rep-a-t350000-s2=2061 delta0926-w2-rep-a-t350000-s3=2064 delta0926-w2-rep-a-t350000-s4=2054 delta0926-w2-rep-a-t350000-s5=1708
2026/09/28 09:49:01.205, NVIDIA A10, 95 %, 5000 MiB, 23028 MiB
POD_MEM 09:49:06Z current_mib 12188 max_mib 36864 free_mib 24676 pressure_full_avg10 0.0 rss_mib delta0926-w2-rep-a-t350000-s1=2062 delta0926-w2-rep-a-t350000-s2=2061 delta0926-w2-rep-a-t350000-s3=2064 delta0926-w2-rep-a-t350000-s4=2059 delta0926-w2-rep-a-t350000-s5=2262
POD_MEM 09:49:11Z current_mib 11767 max_mib 36864 free_mib 25097 pressure_full_avg10 0.0 rss_mib delta0926-w2-rep-a-t350000-s1=2062 delta0926-w2-rep-a-t350000-s2=2061 delta0926-w2-rep-a-t350000-s3=2064 delta0926-w2-rep-a-t350000-s4=2059 delta0926-w2-rep-a-t350000-s5=1841
POD_MEM 09:49:16Z current_mib 12495 max_mib 36864 free_mib 24369 pressure_full_avg10 0.0 rss_mib delta0926-w2-rep-a-t350000-s1=2080 delta0926-w2-rep-a-t350000-s2=2061 delta0926-w2-rep-a-t350000-s3=2064 delta0926-w2-rep-a-t350000-s4=2059 delta0926-w2-rep-a-t350000-s5=2548
POD_MEM 09:49:21Z current_mib 11966 max_mib 36864 free_mib 24898 pressure_full_avg10 0.0 rss_mib delta0926-w2-rep-a-t350000-s1=2028 delta0926-w2-rep-a-t350000-s2=2061 delta0926-w2-rep-a-t350000-s3=2064 delta0926-w2-rep-a-t350000-s4=2059 delta0926-w2-rep-a-t350000-s5=2062
POD_MEM 09:49:26Z current_mib 12090 max_mib 36864 free_mib 24774 pressure_full_avg10 0.0 rss_mib delta0926-w2-rep-a-t350000-s1=2157 delta0926-w2-rep-a-t350000-s2=2061 delta0926-w2-rep-a-t350000-s3=2064 delta0926-w2-rep-a-t350000-s4=2059 delta0926-w2-rep-a-t350000-s5=2062
POD_MEM 09:49:31Z current_mib 12091 max_mib 36864 free_mib 24773 pressure_full_avg10 0.0 rss_mib delta0926-w2-rep-a-t350000-s1=2157 delta0926-w2-rep-a-t350000-s2=2061 delta0926-w2-rep-a-t350000-s3=2064 delta0926-w2-rep-a-t350000-s4=2059 delta0926-w2-rep-a-t350000-s5=2062
POD_MEM 09:49:36Z current_mib 12090 max_mib 36864 free_mib 24774 pressure_full_avg10 0.0 rss_mib delta0926-w2-rep-a-t350000-s1=2157 delta0926-w2-rep-a-t350000-s2=2061 delta0926-w2-rep-a-t350000-s3=2064 delta0926-w2-rep-a-t350000-s4=2059 delta0926-w2-rep-a-t350000-s5=2062
POD_MEM 09:49:41Z current_mib 12131 max_mib 36864 free_mib 24733 pressure_full_avg10 0.0 rss_mib delta0926-w2-rep-a-t350000-s1=2157 delta0926-w2-rep-a-t350000-s2=2064 delta0926-w2-rep-a-t350000-s3=2064 delta0926-w2-rep-a-t350000-s4=2059 delta0926-w2-rep-a-t350000-s5=2062
POD_MEM 09:49:46Z current_mib 12056 max_mib 36864 free_mib 24808 pressure_full_avg10 0.0 rss_mib delta0926-w2-rep-a-t350000-s1=2157 delta0926-w2-rep-a-t350000-s2=2004 delta0926-w2-rep-a-t350000-s3=2064 delta0926-w2-rep-a-t350000-s4=2059 delta0926-w2-rep-a-t350000-s5=2062
POD_MEM 09:49:51Z current_mib 12199 max_mib 36864 free_mib 24665 pressure_full_avg10 0.0 rss_mib delta0926-w2-rep-a-t350000-s1=2157 delta0926-w2-rep-a-t350000-s2=2153 delta0926-w2-rep-a-t350000-s3=2064 delta0926-w2-rep-a-t350000-s4=2059 delta0926-w2-rep-a-t350000-s5=2062
POD_MEM 09:49:56Z current_mib 12199 max_mib 36864 free_mib 24665 pressure_full_avg10 0.0 rss_mib delta0926-w2-rep-a-t350000-s1=2157 delta0926-w2-rep-a-t350000-s2=2153 delta0926-w2-rep-a-t350000-s3=2064 delta0926-w2-rep-a-t350000-s4=2059 delta0926-w2-rep-a-t350000-s5=2062
POD_MEM 09:50:01Z current_mib 12200 max_mib 36864 free_mib 24664 pressure_full_avg10 0.0 rss_mib delta0926-w2-rep-a-t350000-s1=2157 delta0926-w2-rep-a-t350000-s2=2153 delta0926-w2-rep-a-t350000-s3=2064 delta0926-w2-rep-a-t350000-s4=2059 delta0926-w2-rep-a-t350000-s5=2062
2026/09/28 09:50:01.301, NVIDIA A10, 99 %, 12558 MiB, 23028 MiB
POD_MEM 09:50:06Z current_mib 12200 max_mib 36864 free_mib 24664 pressure_full_avg10 0.0 rss_mib delta0926-w2-rep-a-t350000-s1=2157 delta0926-w2-rep-a-t350000-s2=2153 delta0926-w2-rep-a-t350000-s3=2064 delta0926-w2-rep-a-t350000-s4=2059 delta0926-w2-rep-a-t350000-s5=2062
POD_MEM 09:50:11Z current_mib 12091 max_mib 36864 free_mib 24773 pressure_full_avg10 0.0 rss_mib delta0926-w2-rep-a-t350000-s1=2157 delta0926-w2-rep-a-t350000-s2=2153 delta0926-w2-rep-a-t350000-s3=1934 delta0926-w2-rep-a-t350000-s4=2059 delta0926-w2-rep-a-t350000-s5=2062
POD_MEM 09:50:16Z current_mib 12306 max_mib 36864 free_mib 24558 pressure_full_avg10 0.0 rss_mib delta0926-w2-rep-a-t350000-s1=2157 delta0926-w2-rep-a-t350000-s2=2153 delta0926-w2-rep-a-t350000-s3=2153 delta0926-w2-rep-a-t350000-s4=2059 delta0926-w2-rep-a-t350000-s5=2062
POD_MEM 09:50:21Z current_mib 12305 max_mib 36864 free_mib 24559 pressure_full_avg10 0.0 rss_mib delta0926-w2-rep-a-t350000-s1=2157 delta0926-w2-rep-a-t350000-s2=2153 delta0926-w2-rep-a-t350000-s3=2153 delta0926-w2-rep-a-t350000-s4=2059 delta0926-w2-rep-a-t350000-s5=2062
POD_MEM 09:50:26Z current_mib 12188 max_mib 36864 free_mib 24676 pressure_full_avg10 0.0 rss_mib delta0926-w2-rep-a-t350000-s1=2157 delta0926-w2-rep-a-t350000-s2=2153 delta0926-w2-rep-a-t350000-s3=2153 delta0926-w2-rep-a-t350000-s4=1920 delta0926-w2-rep-a-t350000-s5=2062
POD_MEM 09:50:31Z current_mib 12410 max_mib 36864 free_mib 24454 pressure_full_avg10 0.0 rss_mib delta0926-w2-rep-a-t350000-s1=2157 delta0926-w2-rep-a-t350000-s2=2153 delta0926-w2-rep-a-t350000-s3=2153 delta0926-w2-rep-a-t350000-s4=2147 delta0926-w2-rep-a-t350000-s5=2062
POD_MEM 09:50:36Z current_mib 11358 max_mib 36864 free_mib 25506 pressure_full_avg10 0.0 rss_mib delta0926-w2-rep-a-t350000-s1=na delta0926-w2-rep-a-t350000-s2=2153 delta0926-w2-rep-a-t350000-s3=2153 delta0926-w2-rep-a-t350000-s4=2147 delta0926-w2-rep-a-t350000-s5=2062
ARM_EXIT delta0926-w2-rep-a-t350000-s1 3 attempt 0
ARM_LOG   File "/work/code/run_study.py", line 208, in <module>
ARM_LOG     train(args.index, args.stop_after)
ARM_LOG   File "/work/code/run_study.py", line 104, in train
ARM_LOG     run_engram.validate_tracking_destination(cfg)
ARM_LOG   File "/work/code/run_engram.py", line 157, in validate_tracking_destination
ARM_LOG     raise ValueError('The separate W&B project must exist and be verified PRIVATE before --track')
ARM_LOG ValueError: The separate W&B project must exist and be verified PRIVATE before --track
ARM_LOG ==== ARM_ATTEMPT 0 2026-09-28T09:47:44Z
ARM_LOG RUN_STAGE pilot
ARM_LOG [train] delta0926-w2-rep-a-t350000-s1 params=31735 resume_epoch=0 initial_ebops=8287058
ARM_LOG wandb: [wandb.login()] Loaded credentials for https://api.wandb.ai from WANDB_API_KEY.
ARM_LOG wandb: Syncing run delta0926-w2-rep-a-t350000-s1
ARM_LOG wandb: 🚀 View run at https://wandb.ai/kayamaguchi-uc-san-diego/BNJetTag-Delta/runs/e6c32769817a
ARM_LOG ARM_DIVERGED delta0926-w2-rep-a-t350000-s1 {"name": "delta0926-w2-rep-a-t350000-s1", "divergence_epoch_zero_based": 0, "completed_epochs_before": 0, "reason": "nonfinite training metrics", "metrics_at_divergence": {"loss": "nan", "task_loss": "nan", "distillation_loss": 0.0, "train_categorical_accuracy": 0.20128494501113892}, "best_feasible_before": null, "lowest_before": null, "best_auc_before": null, "best_feasible_auc_before": null, "model_best_present": false, "code_sha256": "300be87bf0cde5fba95c7b9cf0798718475e2b2dd6a230ee44a58a22fa8d467c", "config_sha256": "bc97d21b0de908f77c18bc7c9e004484a769cf2559761efaa47bee5711bb7664"}
ARM_LOG wandb: updating run metadata
ARM_LOG wandb: uploading output.log; uploading wandb-summary.json; uploading config.yaml
ARM_LOG wandb: uploading summary, console lines 0-0
ARM_LOG wandb: 🚀 View run delta0926-w2-rep-a-t350000-s1 at: https://wandb.ai/kayamaguchi-uc-san-diego/BNJetTag-Delta/runs/e6c32769817a
ARM_LOG wandb: ⭐️ View project at: https://wandb.ai/kayamaguchi-uc-san-diego/BNJetTag-Delta
ARM_LOG wandb: Synced 5 W&B file(s), 0 media file(s), 0 artifact file(s) and 0 other file(s)
