==== ARM_ATTEMPT 0 2026-09-29T03:18:00Z
RUN_STAGE canary
[train] delta0926-w2-rep-c-t5000000-s1 params=61951 resume_epoch=0 initial_ebops=16832899
wandb: [wandb.login()] Loaded credentials for https://api.wandb.ai from WANDB_API_KEY.
wandb: Syncing run delta0926-w2-rep-c-t5000000-s1
wandb: 🚀 View run at https://wandb.ai/kayamaguchi-uc-san-diego/BNJetTag-Delta/runs/912f724d57bd
[epoch 1/2000] EBOPs=17755014 target=5000000 above_floor=17411961 feasible=0 degenerate=0 beta=1e-07 val_AUC=0.855595 val_accuracy=0.577226 seconds=174.3 checkpoint=- ebops_trace_seconds=70.63 ebops_trace_over_epoch=0.405 loss=3.225776 host_rss_mb=2429
[epoch 2/2000] EBOPs=untraced in_training_ebops=18888225 target=5000000 beta=1e-07 val_AUC=0.886511 val_accuracy=0.635661 seconds=71.8 checkpoint=- ebops_trace_seconds=0.00 ebops_trace_over_epoch=0.001 loss=2.840241 host_rss_mb=2449
[epoch 3/2000] EBOPs=untraced in_training_ebops=15095430 target=5000000 beta=1.14e-07 val_AUC=0.891464 val_accuracy=0.660581 seconds=83.9 checkpoint=- ebops_trace_seconds=0.00 ebops_trace_over_epoch=0.001 loss=2.884771 host_rss_mb=2461
[epoch 4/2000] EBOPs=untraced in_training_ebops=15025867 target=5000000 beta=9.6e-08 val_AUC=0.898047 val_accuracy=0.666016 seconds=84.0 checkpoint=- ebops_trace_seconds=0.00 ebops_trace_over_epoch=0.001 loss=2.380767 host_rss_mb=2479
[epoch 5/2000] EBOPs=untraced in_training_ebops=12055868 target=5000000 beta=1.01e-07 val_AUC=0.891929 val_accuracy=0.646258 seconds=83.9 checkpoint=- ebops_trace_seconds=0.00 ebops_trace_over_epoch=0.001 loss=2.239939 host_rss_mb=2494
[epoch 6/2000] EBOPs=untraced in_training_ebops=11675445 target=5000000 beta=8.47e-08 val_AUC=0.895762 val_accuracy=0.654726 seconds=83.6 checkpoint=- ebops_trace_seconds=0.00 ebops_trace_over_epoch=0.001 loss=1.943421 host_rss_mb=2478
[epoch 7/2000] EBOPs=untraced in_training_ebops=9538445 target=5000000 beta=8.56e-08 val_AUC=0.893082 val_accuracy=0.653726 seconds=83.6 checkpoint=- ebops_trace_seconds=0.00 ebops_trace_over_epoch=0.001 loss=1.862046 host_rss_mb=2496
[epoch 8/2000] EBOPs=untraced in_training_ebops=9385118 target=5000000 beta=7.22e-08 val_AUC=0.853705 val_accuracy=0.556097 seconds=83.6 checkpoint=- ebops_trace_seconds=0.00 ebops_trace_over_epoch=0.001 loss=1.634753 host_rss_mb=2506
[epoch 9/2000] EBOPs=untraced in_training_ebops=8635313 target=5000000 beta=7.33e-08 val_AUC=0.898377 val_accuracy=0.663145 seconds=83.6 checkpoint=- ebops_trace_seconds=0.00 ebops_trace_over_epoch=0.001 loss=1.632847 host_rss_mb=2514
[epoch 10/2000] EBOPs=7002467 target=5000000 above_floor=6659414 feasible=0 degenerate=0 beta=6.93e-08 val_AUC=0.887943 val_accuracy=0.653242 seconds=155.1 checkpoint=- ebops_trace_seconds=71.48 ebops_trace_over_epoch=0.461 loss=1.513113 host_rss_mb=2514
[epoch 11/2000] EBOPs=untraced in_training_ebops=7465809 target=5000000 beta=5.72e-08 val_AUC=0.902622 val_accuracy=0.679145 seconds=75.9 checkpoint=- ebops_trace_seconds=0.00 ebops_trace_over_epoch=0.001 loss=1.346433 host_rss_mb=2514
[epoch 12/2000] EBOPs=untraced in_training_ebops=7192103 target=5000000 beta=6.22e-08 val_AUC=0.891291 val_accuracy=0.650081 seconds=84.5 checkpoint=- ebops_trace_seconds=0.00 ebops_trace_over_epoch=0.001 loss=1.399464 host_rss_mb=2517
[epoch 13/2000] EBOPs=untraced in_training_ebops=6876299 target=5000000 beta=6.1e-08 val_AUC=0.899076 val_accuracy=0.670516 seconds=84.0 checkpoint=- ebops_trace_seconds=0.00 ebops_trace_over_epoch=0.001 loss=1.359801 host_rss_mb=2517
[epoch 14/2000] EBOPs=untraced in_training_ebops=6354093 target=5000000 beta=5.93e-08 val_AUC=0.899404 val_accuracy=0.659290 seconds=83.6 checkpoint=- ebops_trace_seconds=0.00 ebops_trace_over_epoch=0.001 loss=1.319100 host_rss_mb=2529
[epoch 15/2000] EBOPs=untraced in_training_ebops=5972522 target=5000000 beta=5.54e-08 val_AUC=0.872374 val_accuracy=0.607500 seconds=83.5 checkpoint=- ebops_trace_seconds=0.00 ebops_trace_over_epoch=0.001 loss=1.276437 host_rss_mb=2529
[epoch 16/2000] EBOPs=untraced in_training_ebops=5683242 target=5000000 beta=5.25e-08 val_AUC=0.894214 val_accuracy=0.654403 seconds=84.0 checkpoint=- ebops_trace_seconds=0.00 ebops_trace_over_epoch=0.001 loss=1.245154 host_rss_mb=2530
[epoch 17/2000] EBOPs=untraced in_training_ebops=5485130 target=5000000 beta=5.03e-08 val_AUC=0.885074 val_accuracy=0.639000 seconds=83.7 checkpoint=- ebops_trace_seconds=0.00 ebops_trace_over_epoch=0.001 loss=1.227100 host_rss_mb=2536
[epoch 18/2000] EBOPs=untraced in_training_ebops=5204133 target=5000000 beta=4.88e-08 val_AUC=0.890793 val_accuracy=0.643274 seconds=83.6 checkpoint=- ebops_trace_seconds=0.00 ebops_trace_over_epoch=0.001 loss=1.204994 host_rss_mb=2536
[epoch 19/2000] EBOPs=untraced in_training_ebops=4889732 target=5000000 beta=4.64e-08 val_AUC=0.875502 val_accuracy=0.609484 seconds=83.2 checkpoint=- ebops_trace_seconds=0.00 ebops_trace_over_epoch=0.001 loss=1.179893 host_rss_mb=2536
[epoch 20/2000] EBOPs=4741207 target=5000000 above_floor=4398154 feasible=1 degenerate=0 beta=4.35e-08 val_AUC=0.891941 val_accuracy=0.656742 seconds=154.7 checkpoint=- ebops_trace_seconds=71.17 ebops_trace_over_epoch=0.460 loss=1.148787 host_rss_mb=2536
[epoch 21/2000] EBOPs=untraced in_training_ebops=5106642 target=5000000 beta=4.21e-08 val_AUC=0.891442 val_accuracy=0.653806 seconds=73.2 checkpoint=- ebops_trace_seconds=0.00 ebops_trace_over_epoch=0.001 loss=1.155611 host_rss_mb=2545
[epoch 22/2000] EBOPs=untraced in_training_ebops=5115332 target=5000000 beta=4.54e-08 val_AUC=0.896234 val_accuracy=0.669048 seconds=83.2 checkpoint=- ebops_trace_seconds=0.00 ebops_trace_over_epoch=0.001 loss=1.178726 host_rss_mb=2545
[epoch 23/2000] EBOPs=untraced in_training_ebops=4667039 target=5000000 beta=4.55e-08 val_AUC=0.882771 val_accuracy=0.629339 seconds=83.3 checkpoint=- ebops_trace_seconds=0.00 ebops_trace_over_epoch=0.001 loss=1.170731 host_rss_mb=2545
[epoch 24/2000] EBOPs=untraced in_training_ebops=4639025 target=5000000 beta=4.14e-08 val_AUC=0.883294 val_accuracy=0.636274 seconds=83.4 checkpoint=- ebops_trace_seconds=0.00 ebops_trace_over_epoch=0.001 loss=1.176343 host_rss_mb=2545
[epoch 25/2000] EBOPs=untraced in_training_ebops=4542037 target=5000000 beta=4.1e-08 val_AUC=0.889449 val_accuracy=0.650016 seconds=83.5 checkpoint=epoch-0025 ebops_trace_seconds=0.00 ebops_trace_over_epoch=0.001 loss=1.153957 host_rss_mb=2547
[epoch 26/2000] EBOPs=untraced in_training_ebops=4525758 target=5000000 beta=3.99e-08 val_AUC=0.895142 val_accuracy=0.655323 seconds=81.6 checkpoint=- ebops_trace_seconds=0.00 ebops_trace_over_epoch=0.001 loss=1.145371 host_rss_mb=2548
[epoch 27/2000] EBOPs=untraced in_training_ebops=4518279 target=5000000 beta=3.96e-08 val_AUC=0.883415 val_accuracy=0.644758 seconds=83.5 checkpoint=- ebops_trace_seconds=0.00 ebops_trace_over_epoch=0.001 loss=1.158830 host_rss_mb=2541
[epoch 28/2000] EBOPs=untraced in_training_ebops=4336597 target=5000000 beta=3.93e-08 val_AUC=0.884866 val_accuracy=0.612113 seconds=82.8 checkpoint=- ebops_trace_seconds=0.00 ebops_trace_over_epoch=0.001 loss=1.153303 host_rss_mb=2549
[epoch 29/2000] EBOPs=untraced in_training_ebops=4315005 target=5000000 beta=3.75e-08 val_AUC=0.885055 val_accuracy=0.636355 seconds=82.5 checkpoint=- ebops_trace_seconds=0.00 ebops_trace_over_epoch=0.001 loss=1.138220 host_rss_mb=2550
[epoch 30/2000] EBOPs=4153046 target=5000000 above_floor=3809993 feasible=1 degenerate=0 beta=3.7e-08 val_AUC=0.882828 val_accuracy=0.638129 seconds=157.7 checkpoint=- ebops_trace_seconds=74.10 ebops_trace_over_epoch=0.470 loss=1.121278 host_rss_mb=2550
[epoch 31/2000] EBOPs=untraced in_training_ebops=4707084 target=5000000 beta=3.53e-08 val_AUC=0.886303 val_accuracy=0.627613 seconds=71.4 checkpoint=- ebops_trace_seconds=0.00 ebops_trace_over_epoch=0.001 loss=1.137901 host_rss_mb=2551
[epoch 32/2000] EBOPs=untraced in_training_ebops=4675753 target=5000000 beta=3.99e-08 val_AUC=0.878555 val_accuracy=0.632371 seconds=83.6 checkpoint=- ebops_trace_seconds=0.00 ebops_trace_over_epoch=0.001 loss=1.165742 host_rss_mb=2552
[epoch 33/2000] EBOPs=untraced in_training_ebops=4294819 target=5000000 beta=3.95e-08 val_AUC=0.835369 val_accuracy=0.576645 seconds=83.6 checkpoint=- ebops_trace_seconds=0.00 ebops_trace_over_epoch=0.001 loss=1.162248 host_rss_mb=2552
[epoch 34/2000] EBOPs=untraced in_training_ebops=4397390 target=5000000 beta=3.6e-08 val_AUC=0.881927 val_accuracy=0.642694 seconds=83.8 checkpoint=- ebops_trace_seconds=0.00 ebops_trace_over_epoch=0.001 loss=1.131494 host_rss_mb=2553
[epoch 35/2000] EBOPs=untraced in_training_ebops=4442118 target=5000000 beta=3.66e-08 val_AUC=0.879368 val_accuracy=0.625758 seconds=83.7 checkpoint=- ebops_trace_seconds=0.00 ebops_trace_over_epoch=0.001 loss=1.156287 host_rss_mb=2555
[epoch 36/2000] EBOPs=untraced in_training_ebops=4428042 target=5000000 beta=3.68e-08 val_AUC=0.875818 val_accuracy=0.604323 seconds=83.6 checkpoint=- ebops_trace_seconds=0.00 ebops_trace_over_epoch=0.001 loss=1.144789 host_rss_mb=2556
[epoch 37/2000] EBOPs=untraced in_training_ebops=4431451 target=5000000 beta=3.64e-08 val_AUC=0.868764 val_accuracy=0.605032 seconds=83.6 checkpoint=- ebops_trace_seconds=0.00 ebops_trace_over_epoch=0.001 loss=1.158539 host_rss_mb=2556
[epoch 38/2000] EBOPs=untraced in_training_ebops=4017047 target=5000000 beta=3.63e-08 val_AUC=0.862876 val_accuracy=0.592548 seconds=83.5 checkpoint=- ebops_trace_seconds=0.00 ebops_trace_over_epoch=0.001 loss=1.157884 host_rss_mb=2556
[epoch 39/2000] EBOPs=untraced in_training_ebops=4092767 target=5000000 beta=3.25e-08 val_AUC=0.875204 val_accuracy=0.618371 seconds=82.8 checkpoint=- ebops_trace_seconds=0.00 ebops_trace_over_epoch=0.001 loss=1.131679 host_rss_mb=2556
[epoch 40/2000] EBOPs=4080001 target=5000000 above_floor=3736948 feasible=1 degenerate=0 beta=3.28e-08 val_AUC=0.874580 val_accuracy=0.603839 seconds=156.2 checkpoint=- ebops_trace_seconds=72.99 ebops_trace_over_epoch=0.468 loss=1.122406 host_rss_mb=2556
[epoch 41/2000] EBOPs=untraced in_training_ebops=4747012 target=5000000 beta=3.24e-08 val_AUC=0.879168 val_accuracy=0.611161 seconds=70.6 checkpoint=- ebops_trace_seconds=0.00 ebops_trace_over_epoch=0.001 loss=1.157984 host_rss_mb=2556
[epoch 42/2000] EBOPs=untraced in_training_ebops=4756795 target=5000000 beta=3.75e-08 val_AUC=0.888429 val_accuracy=0.646565 seconds=83.4 checkpoint=- ebops_trace_seconds=0.00 ebops_trace_over_epoch=0.001 loss=1.190971 host_rss_mb=2556
[epoch 43/2000] EBOPs=untraced in_training_ebops=4395461 target=5000000 beta=3.75e-08 val_AUC=0.870512 val_accuracy=0.619984 seconds=83.6 checkpoint=- ebops_trace_seconds=0.00 ebops_trace_over_epoch=0.001 loss=1.203912 host_rss_mb=2556
[epoch 44/2000] EBOPs=untraced in_training_ebops=4293586 target=5000000 beta=3.45e-08 val_AUC=0.854523 val_accuracy=0.573516 seconds=83.4 checkpoint=- ebops_trace_seconds=0.00 ebops_trace_over_epoch=0.001 loss=1.175017 host_rss_mb=2556
[epoch 45/2000] EBOPs=untraced in_training_ebops=4294804 target=5000000 beta=3.34e-08 val_AUC=0.874973 val_accuracy=0.616935 seconds=83.4 checkpoint=- ebops_trace_seconds=0.00 ebops_trace_over_epoch=0.001 loss=1.177527 host_rss_mb=2557
[epoch 46/2000] EBOPs=untraced in_training_ebops=4402306 target=5000000 beta=3.32e-08 val_AUC=0.848063 val_accuracy=0.572952 seconds=83.6 checkpoint=- ebops_trace_seconds=0.00 ebops_trace_over_epoch=0.001 loss=1.209684 host_rss_mb=2557
[epoch 47/2000] EBOPs=untraced in_training_ebops=4212288 target=5000000 beta=3.38e-08 val_AUC=0.842562 val_accuracy=0.515290 seconds=83.6 checkpoint=- ebops_trace_seconds=0.00 ebops_trace_over_epoch=0.001 loss=1.223945 host_rss_mb=2543
[epoch 48/2000] EBOPs=untraced in_training_ebops=3991052 target=5000000 beta=3.2e-08 val_AUC=0.849270 val_accuracy=0.568565 seconds=83.7 checkpoint=- ebops_trace_seconds=0.00 ebops_trace_over_epoch=0.001 loss=1.171312 host_rss_mb=2554
[epoch 49/2000] EBOPs=untraced in_training_ebops=3975468 target=5000000 beta=3e-08 val_AUC=0.880544 val_accuracy=0.637984 seconds=83.2 checkpoint=- ebops_trace_seconds=0.00 ebops_trace_over_epoch=0.001 loss=1.174438 host_rss_mb=2555
[epoch 50/2000] EBOPs=3946772 target=5000000 above_floor=3603719 feasible=1 degenerate=0 beta=2.96e-08 val_AUC=0.860799 val_accuracy=0.587758 seconds=161.4 checkpoint=epoch-0050 ebops_trace_seconds=77.89 ebops_trace_over_epoch=0.483 loss=1.171216 host_rss_mb=2556
[epoch 51/2000] EBOPs=untraced in_training_ebops=4347132 target=5000000 beta=2.9e-08 val_AUC=0.861190 val_accuracy=0.593435 seconds=68.1 checkpoint=- ebops_trace_seconds=0.00 ebops_trace_over_epoch=0.001 loss=1.174475 host_rss_mb=2557
[epoch 52/2000] EBOPs=untraced in_training_ebops=4382282 target=5000000 beta=3.17e-08 val_AUC=0.861188 val_accuracy=0.579290 seconds=83.4 checkpoint=- ebops_trace_seconds=0.00 ebops_trace_over_epoch=0.001 loss=1.170301 host_rss_mb=2557
[epoch 53/2000] EBOPs=untraced in_training_ebops=4004183 target=5000000 beta=3.18e-08 val_AUC=0.851327 val_accuracy=0.573694 seconds=83.5 checkpoint=- ebops_trace_seconds=0.00 ebops_trace_over_epoch=0.001 loss=1.201807 host_rss_mb=2558
[epoch 54/2000] EBOPs=untraced in_training_ebops=4113230 target=5000000 beta=2.87e-08 val_AUC=0.851326 val_accuracy=0.561984 seconds=83.6 checkpoint=- ebops_trace_seconds=0.00 ebops_trace_over_epoch=0.001 loss=1.176727 host_rss_mb=2558
[epoch 55/2000] EBOPs=untraced in_training_ebops=4075901 target=5000000 beta=2.92e-08 val_AUC=0.871133 val_accuracy=0.616339 seconds=83.3 checkpoint=- ebops_trace_seconds=0.00 ebops_trace_over_epoch=0.001 loss=1.182439 host_rss_mb=2558
[epoch 56/2000] EBOPs=untraced in_training_ebops=3953928 target=5000000 beta=2.86e-08 val_AUC=0.838888 val_accuracy=0.533887 seconds=83.4 checkpoint=- ebops_trace_seconds=0.00 ebops_trace_over_epoch=0.001 loss=1.168840 host_rss_mb=2558
[epoch 57/2000] EBOPs=untraced in_training_ebops=3948130 target=5000000 beta=2.75e-08 val_AUC=0.855997 val_accuracy=0.590742 seconds=83.5 checkpoint=- ebops_trace_seconds=0.00 ebops_trace_over_epoch=0.001 loss=1.178461 host_rss_mb=2558
[epoch 58/2000] EBOPs=untraced in_training_ebops=3699416 target=5000000 beta=2.71e-08 val_AUC=0.871048 val_accuracy=0.615952 seconds=83.4 checkpoint=- ebops_trace_seconds=0.00 ebops_trace_over_epoch=0.001 loss=1.164614 host_rss_mb=2558
[epoch 59/2000] EBOPs=untraced in_training_ebops=3741059 target=5000000 beta=2.5e-08 val_AUC=0.805144 val_accuracy=0.423484 seconds=83.4 checkpoint=- ebops_trace_seconds=0.00 ebops_trace_over_epoch=0.001 loss=1.144430 host_rss_mb=2559
[epoch 60/2000] EBOPs=3732647 target=5000000 above_floor=3389594 feasible=1 degenerate=0 beta=2.49e-08 val_AUC=0.872635 val_accuracy=0.612839 seconds=157.8 checkpoint=- ebops_trace_seconds=74.72 ebops_trace_over_epoch=0.474 loss=1.162096 host_rss_mb=2560
[epoch 61/2000] EBOPs=untraced in_training_ebops=4166587 target=5000000 beta=2.45e-08 val_AUC=0.858792 val_accuracy=0.559484 seconds=69.2 checkpoint=- ebops_trace_seconds=0.00 ebops_trace_over_epoch=0.001 loss=1.159733 host_rss_mb=2560
[epoch 62/2000] EBOPs=untraced in_training_ebops=4225367 target=5000000 beta=2.71e-08 val_AUC=0.856558 val_accuracy=0.552403 seconds=83.2 checkpoint=- ebops_trace_seconds=0.00 ebops_trace_over_epoch=0.001 loss=1.184372 host_rss_mb=2561
[epoch 63/2000] EBOPs=untraced in_training_ebops=3929384 target=5000000 beta=2.73e-08 val_AUC=0.867607 val_accuracy=0.591790 seconds=83.4 checkpoint=- ebops_trace_seconds=0.00 ebops_trace_over_epoch=0.001 loss=1.182365 host_rss_mb=2561
[epoch 64/2000] EBOPs=untraced in_training_ebops=3990877 target=5000000 beta=2.51e-08 val_AUC=0.833518 val_accuracy=0.545258 seconds=83.4 checkpoint=- ebops_trace_seconds=0.00 ebops_trace_over_epoch=0.001 loss=1.172410 host_rss_mb=2561
[epoch 65/2000] EBOPs=untraced in_training_ebops=4062017 target=5000000 beta=2.52e-08 val_AUC=0.862947 val_accuracy=0.591726 seconds=83.4 checkpoint=- ebops_trace_seconds=0.00 ebops_trace_over_epoch=0.001 loss=1.191851 host_rss_mb=2561
[epoch 66/2000] EBOPs=untraced in_training_ebops=3957831 target=5000000 beta=2.53e-08 val_AUC=0.856462 val_accuracy=0.578903 seconds=83.6 checkpoint=- ebops_trace_seconds=0.00 ebops_trace_over_epoch=0.001 loss=1.193308 host_rss_mb=2562
[epoch 67/2000] EBOPs=untraced in_training_ebops=3950670 target=5000000 beta=2.44e-08 val_AUC=0.857534 val_accuracy=0.592532 seconds=83.4 checkpoint=- ebops_trace_seconds=0.00 ebops_trace_over_epoch=0.001 loss=1.168763 host_rss_mb=2562
[epoch 68/2000] EBOPs=untraced in_training_ebops=3634646 target=5000000 beta=2.41e-08 val_AUC=0.839916 val_accuracy=0.540161 seconds=83.6 checkpoint=- ebops_trace_seconds=0.00 ebops_trace_over_epoch=0.001 loss=1.172544 host_rss_mb=2553
[epoch 69/2000] EBOPs=untraced in_training_ebops=3699410 target=5000000 beta=2.18e-08 val_AUC=0.859967 val_accuracy=0.576339 seconds=83.5 checkpoint=- ebops_trace_seconds=0.00 ebops_trace_over_epoch=0.001 loss=1.178964 host_rss_mb=2555
[epoch 70/2000] EBOPs=3906790 target=5000000 above_floor=3563737 feasible=1 degenerate=0 beta=2.19e-08 val_AUC=0.870449 val_accuracy=0.608226 seconds=157.6 checkpoint=- ebops_trace_seconds=74.51 ebops_trace_over_epoch=0.473 loss=1.144677 host_rss_mb=2557
[epoch 71/2000] EBOPs=untraced in_training_ebops=4258097 target=5000000 beta=2.28e-08 val_AUC=0.865756 val_accuracy=0.605532 seconds=67.9 checkpoint=- ebops_trace_seconds=0.00 ebops_trace_over_epoch=0.001 loss=1.183317 host_rss_mb=2558
[epoch 72/2000] EBOPs=untraced in_training_ebops=4251774 target=5000000 beta=2.47e-08 val_AUC=0.876834 val_accuracy=0.614016 seconds=83.2 checkpoint=- ebops_trace_seconds=0.00 ebops_trace_over_epoch=0.001 loss=1.172105 host_rss_mb=2558
[epoch 73/2000] EBOPs=untraced in_training_ebops=3952097 target=5000000 beta=2.44e-08 val_AUC=0.866738 val_accuracy=0.625774 seconds=83.6 checkpoint=- ebops_trace_seconds=0.00 ebops_trace_over_epoch=0.001 loss=1.173916 host_rss_mb=2558
[epoch 74/2000] EBOPs=untraced in_training_ebops=3991918 target=5000000 beta=2.24e-08 val_AUC=0.863309 val_accuracy=0.609645 seconds=83.6 checkpoint=- ebops_trace_seconds=0.00 ebops_trace_over_epoch=0.001 loss=1.158159 host_rss_mb=2560
[epoch 75/2000] EBOPs=untraced in_training_ebops=4060122 target=5000000 beta=2.24e-08 val_AUC=0.845409 val_accuracy=0.526629 seconds=83.4 checkpoint=epoch-0075 ebops_trace_seconds=0.00 ebops_trace_over_epoch=0.001 loss=1.186485 host_rss_mb=2560
[epoch 76/2000] EBOPs=untraced in_training_ebops=4021707 target=5000000 beta=2.25e-08 val_AUC=0.800918 val_accuracy=0.499419 seconds=82.5 checkpoint=- ebops_trace_seconds=0.00 ebops_trace_over_epoch=0.001 loss=1.198456 host_rss_mb=2560
[epoch 77/2000] EBOPs=untraced in_training_ebops=4081636 target=5000000 beta=2.21e-08 val_AUC=0.808885 val_accuracy=0.474306 seconds=83.4 checkpoint=- ebops_trace_seconds=0.00 ebops_trace_over_epoch=0.001 loss=1.191552 host_rss_mb=2560
[epoch 78/2000] EBOPs=untraced in_training_ebops=3802697 target=5000000 beta=2.22e-08 val_AUC=0.849951 val_accuracy=0.572097 seconds=83.4 checkpoint=- ebops_trace_seconds=0.00 ebops_trace_over_epoch=0.001 loss=1.201158 host_rss_mb=2560
[epoch 79/2000] EBOPs=untraced in_training_ebops=3808859 target=5000000 beta=2.04e-08 val_AUC=0.849707 val_accuracy=0.526000 seconds=83.5 checkpoint=- ebops_trace_seconds=0.00 ebops_trace_over_epoch=0.001 loss=1.195844 host_rss_mb=2561
[epoch 80/2000] EBOPs=3884311 target=5000000 above_floor=3541258 feasible=1 degenerate=0 beta=2.02e-08 val_AUC=0.816685 val_accuracy=0.528032 seconds=158.0 checkpoint=- ebops_trace_seconds=74.89 ebops_trace_over_epoch=0.474 loss=1.232811 host_rss_mb=2562
[epoch 81/2000] EBOPs=untraced in_training_ebops=4451139 target=5000000 beta=2.03e-08 val_AUC=0.840981 val_accuracy=0.515403 seconds=67.1 checkpoint=- ebops_trace_seconds=0.00 ebops_trace_over_epoch=0.001 loss=1.203629 host_rss_mb=2562
[epoch 82/2000] EBOPs=untraced in_training_ebops=4529674 target=5000000 beta=2.31e-08 val_AUC=0.837388 val_accuracy=0.483048 seconds=83.6 checkpoint=- ebops_trace_seconds=0.00 ebops_trace_over_epoch=0.001 loss=1.216693 host_rss_mb=2562
[epoch 83/2000] EBOPs=untraced in_training_ebops=4131307 target=5000000 beta=2.34e-08 val_AUC=0.811017 val_accuracy=0.501742 seconds=83.4 checkpoint=- ebops_trace_seconds=0.00 ebops_trace_over_epoch=0.001 loss=1.211123 host_rss_mb=2562
[epoch 84/2000] EBOPs=untraced in_training_ebops=4251955 target=5000000 beta=2.12e-08 val_AUC=0.850089 val_accuracy=0.546629 seconds=83.6 checkpoint=- ebops_trace_seconds=0.00 ebops_trace_over_epoch=0.001 loss=1.230859 host_rss_mb=2562
[epoch 85/2000] EBOPs=untraced in_training_ebops=4255734 target=5000000 beta=2.16e-08 val_AUC=0.847591 val_accuracy=0.546629 seconds=84.1 checkpoint=- ebops_trace_seconds=0.00 ebops_trace_over_epoch=0.001 loss=1.199343 host_rss_mb=2562
[epoch 86/2000] EBOPs=untraced in_training_ebops=4199805 target=5000000 beta=2.14e-08 val_AUC=0.853479 val_accuracy=0.585032 seconds=83.5 checkpoint=- ebops_trace_seconds=0.00 ebops_trace_over_epoch=0.001 loss=1.212598 host_rss_mb=2562
[epoch 87/2000] EBOPs=untraced in_training_ebops=4081166 target=5000000 beta=2.1e-08 val_AUC=0.845366 val_accuracy=0.574210 seconds=83.4 checkpoint=- ebops_trace_seconds=0.00 ebops_trace_over_epoch=0.001 loss=1.219319 host_rss_mb=2562
[epoch 88/2000] EBOPs=untraced in_training_ebops=3770489 target=5000000 beta=2.02e-08 val_AUC=0.860484 val_accuracy=0.598532 seconds=83.5 checkpoint=- ebops_trace_seconds=0.00 ebops_trace_over_epoch=0.001 loss=1.187461 host_rss_mb=2564
[epoch 89/2000] EBOPs=untraced in_training_ebops=3739096 target=5000000 beta=1.84e-08 val_AUC=0.848387 val_accuracy=0.575419 seconds=83.9 checkpoint=- ebops_trace_seconds=0.00 ebops_trace_over_epoch=0.001 loss=1.176738 host_rss_mb=2556
[epoch 90/2000] EBOPs=3826659 target=5000000 above_floor=3483606 feasible=1 degenerate=0 beta=1.8e-08 val_AUC=0.848358 val_accuracy=0.531016 seconds=157.7 checkpoint=- ebops_trace_seconds=74.79 ebops_trace_over_epoch=0.475 loss=1.183265 host_rss_mb=2560
[epoch 91/2000] EBOPs=untraced in_training_ebops=4398711 target=5000000 beta=1.81e-08 val_AUC=0.840752 val_accuracy=0.514935 seconds=66.3 checkpoint=- ebops_trace_seconds=0.00 ebops_trace_over_epoch=0.001 loss=1.192574 host_rss_mb=2560
[epoch 92/2000] EBOPs=untraced in_training_ebops=4406173 target=5000000 beta=2.07e-08 val_AUC=0.848026 val_accuracy=0.578452 seconds=83.5 checkpoint=- ebops_trace_seconds=0.00 ebops_trace_over_epoch=0.001 loss=1.231009 host_rss_mb=2563
[epoch 93/2000] EBOPs=untraced in_training_ebops=4058552 target=5000000 beta=2.06e-08 val_AUC=0.837842 val_accuracy=0.523516 seconds=83.6 checkpoint=- ebops_trace_seconds=0.00 ebops_trace_over_epoch=0.001 loss=1.191583 host_rss_mb=2563
[epoch 94/2000] EBOPs=untraced in_training_ebops=4095496 target=5000000 beta=1.88e-08 val_AUC=0.836252 val_accuracy=0.536419 seconds=83.0 checkpoint=- ebops_trace_seconds=0.00 ebops_trace_over_epoch=0.001 loss=1.183614 host_rss_mb=2566
[epoch 95/2000] EBOPs=untraced in_training_ebops=4132415 target=5000000 beta=1.88e-08 val_AUC=0.829377 val_accuracy=0.512387 seconds=83.5 checkpoint=- ebops_trace_seconds=0.00 ebops_trace_over_epoch=0.001 loss=1.181582 host_rss_mb=2568
[epoch 96/2000] EBOPs=untraced in_training_ebops=4043232 target=5000000 beta=1.88e-08 val_AUC=0.840034 val_accuracy=0.560323 seconds=83.7 checkpoint=- ebops_trace_seconds=0.00 ebops_trace_over_epoch=0.001 loss=1.196725 host_rss_mb=2568
[epoch 97/2000] EBOPs=untraced in_training_ebops=4053833 target=5000000 beta=1.82e-08 val_AUC=0.848756 val_accuracy=0.568952 seconds=83.5 checkpoint=- ebops_trace_seconds=0.00 ebops_trace_over_epoch=0.001 loss=1.184247 host_rss_mb=2569
[epoch 98/2000] EBOPs=untraced in_training_ebops=3625286 target=5000000 beta=1.8e-08 val_AUC=0.839159 val_accuracy=0.562306 seconds=83.7 checkpoint=- ebops_trace_seconds=0.00 ebops_trace_over_epoch=0.001 loss=1.177491 host_rss_mb=2569
[epoch 99/2000] EBOPs=untraced in_training_ebops=3633274 target=5000000 beta=1.59e-08 val_AUC=0.846068 val_accuracy=0.519984 seconds=83.4 checkpoint=- ebops_trace_seconds=0.00 ebops_trace_over_epoch=0.001 loss=1.157709 host_rss_mb=2569
[epoch 100/2000] EBOPs=3780068 target=5000000 above_floor=3437015 feasible=1 degenerate=0 beta=1.56e-08 val_AUC=0.863289 val_accuracy=0.587790 seconds=158.6 checkpoint=epoch-0100 ebops_trace_seconds=75.71 ebops_trace_over_epoch=0.478 loss=1.160267 host_rss_mb=2570
[epoch 101/2000] EBOPs=untraced in_training_ebops=4304457 target=5000000 beta=1.61e-08 val_AUC=0.819081 val_accuracy=0.466258 seconds=63.8 checkpoint=- ebops_trace_seconds=0.00 ebops_trace_over_epoch=0.001 loss=1.161389 host_rss_mb=2570
[epoch 102/2000] EBOPs=untraced in_training_ebops=4540437 target=5000000 beta=1.81e-08 val_AUC=0.860753 val_accuracy=0.595242 seconds=83.3 checkpoint=- ebops_trace_seconds=0.00 ebops_trace_over_epoch=0.001 loss=1.183052 host_rss_mb=2570
[epoch 103/2000] EBOPs=untraced in_training_ebops=4086309 target=5000000 beta=1.9e-08 val_AUC=0.863747 val_accuracy=0.599242 seconds=82.2 checkpoint=- ebops_trace_seconds=0.00 ebops_trace_over_epoch=0.001 loss=1.193561 host_rss_mb=2570
[epoch 104/2000] EBOPs=untraced in_training_ebops=4115077 target=5000000 beta=1.7e-08 val_AUC=0.849426 val_accuracy=0.575435 seconds=82.5 checkpoint=- ebops_trace_seconds=0.00 ebops_trace_over_epoch=0.001 loss=1.160102 host_rss_mb=2570
RSS_GATE delta0926-w2-rep-c-t5000000-s1 PASS slope_mb_per_epoch 0.457 baseline_mb 2530 projection_mb 3444 at_epoch 2000 limit_mb 12100 fit_epochs 5-104 of this process
[epoch 105/2000] EBOPs=untraced in_training_ebops=4089566 target=5000000 beta=1.69e-08 val_AUC=0.833064 val_accuracy=0.501887 seconds=83.6 checkpoint=- ebops_trace_seconds=0.00 ebops_trace_over_epoch=0.001 loss=1.191473 host_rss_mb=2570
[epoch 106/2000] EBOPs=untraced in_training_ebops=4196672 target=5000000 beta=1.67e-08 val_AUC=0.800521 val_accuracy=0.456258 seconds=84.5 checkpoint=- ebops_trace_seconds=0.00 ebops_trace_over_epoch=0.001 loss=1.209598 host_rss_mb=2571
[epoch 107/2000] EBOPs=untraced in_training_ebops=4139213 target=5000000 beta=1.69e-08 val_AUC=0.830007 val_accuracy=0.553774 seconds=83.5 checkpoint=- ebops_trace_seconds=0.00 ebops_trace_over_epoch=0.001 loss=1.212466 host_rss_mb=2571
[epoch 108/2000] EBOPs=untraced in_training_ebops=3765861 target=5000000 beta=1.66e-08 val_AUC=0.830293 val_accuracy=0.532613 seconds=83.5 checkpoint=- ebops_trace_seconds=0.00 ebops_trace_over_epoch=0.001 loss=1.187004 host_rss_mb=2571
[epoch 109/2000] EBOPs=untraced in_training_ebops=3670391 target=5000000 beta=1.48e-08 val_AUC=0.836230 val_accuracy=0.415145 seconds=83.5 checkpoint=- ebops_trace_seconds=0.00 ebops_trace_over_epoch=0.001 loss=1.191451 host_rss_mb=2574
[epoch 110/2000] EBOPs=3795449 target=5000000 above_floor=3452396 feasible=1 degenerate=0 beta=1.42e-08 val_AUC=0.857564 val_accuracy=0.574710 seconds=159.0 checkpoint=epoch-0110 ebops_trace_seconds=76.06 ebops_trace_over_epoch=0.479 loss=1.175060 host_rss_mb=2565
wandb: updating run metadata
wandb: uploading wandb-summary.json; uploading config.yaml; uploading output.log
wandb: 🚀 View run delta0926-w2-rep-c-t5000000-s1 at: https://wandb.ai/kayamaguchi-uc-san-diego/BNJetTag-Delta/runs/912f724d57bd
wandb: ⭐️ View project at: https://wandb.ai/kayamaguchi-uc-san-diego/BNJetTag-Delta
wandb: Synced 5 W&B file(s), 0 media file(s), 0 artifact file(s) and 0 other file(s)
CHECKPOINT_VERIFICATION_PASS {"errors": [], "refusals": [], "placeholders": [], "stand_in_base": false, "covered_by_anchor_study": null, "hw_labels": [], "launchable": null, "run_id": "REP-C-t5000000-s1", "id": "REP-C", "kind": "drift_replica", "wave": "W2", "code_tier": "T0", "base_arm": "C", "target": 5000000, "seed": 1, "horizon": 2000, "code_changes": [], "patch_status": {}, "anchor_patches_required": [], "status": "verified_canary", "flags": [], "serves": "5M cells, M031 at 1,500 and M032 at 2,000; FF1 is W3", "gate_eligible": true, "anchor_config": "code/campaigns/chang0926/configs/chang0926-c-n64-s1.json", "anchor_config_sha256": "1f27443c764f95f42208be7c864c834bcf0fbe0be2583aa89d89c8fd3f7da156", "file": "W2/REP-C-t5000000-s1.json", "name": "delta0926-w2-rep-c-t5000000-s1", "config_sha256": "f0594d065602249b7c8eb561e232e9c907131e903e81f717bbc44ae5ebd71c43", "n_part": 64, "floor": {"value": 343053, "source": "anchor arm config (signature unchanged)", "signature": "9ff3b9453301cd1601db9e4556c49d4ed64cc3aeedc6ec53494d55094388053a"}, "cache_key": "569a4b3f725e", "cache_identity": {"arch.n_part": 64, "arch.features": ["pt", "etarel", "phirel"], "arch.pt_gate_gev": 2.0, "arch.derived_features": null, "data.std_scope": null, "train.validation_split": 0.1, "train.split_seed": 1}, "data_root": "/data/chang-n64-20260926", "cache_status": "anchor cache (built, PREFLIGHT l. 512)", "generator_status": "ready_on_base", "series_refusal": null, "gate": "GATE_PASS", "completed_epochs": 110, "selected": {"epoch": 19, "val_macro_auc": 0.8919411510527422, "val_categorical_accuracy": 0.6567419354838709, "ebops": 4741207, "ebops_above_floor": 4398154}, "checkpoint": "model_best.keras", "checkpoint_sha256": "93a0c5e4f897b8abfa9ef1518186454f1dbdb98c0b8cddb199f16ac071ca7f67", "budget_met": true, "validation_accuracy": 0.6567419354838709, "validation_macro_auc": 0.8919411510527422, "validation_per_class_auc": [0.8911030505806004, 0.8764798756133976, 0.8877649877855565, 0.8780491848688341, 0.926308656415323], "wall_seconds_this_invocation": 10133.787435865961, "test_set_used": false, "hardware_validated": false, "validation_labels_sha256": "63049d9bdcfdc83af97c58bc6579e1def1ec2d9e7a6c30007793badd75217709", "reload_ebops_check": "stored", "source_sha256": "300be87bf0cde5fba95c7b9cf0798718475e2b2dd6a230ee44a58a22fa8d467c", "selection_cost": 4741207, "selection_cost_convention": "native_hgq2", "native_hgq2_backbone_ebops": 4741207, "custom_estimated_bitops": 0, "modules": {}, "warning": "Augmented total is not directly interchangeable with historical native HGQ2 totals."}
