/cmcode/hgq2.tar.gz: OK
WARNING: Running pip as the 'root' user can result in broken permissions and conflicting behaviour with the system package manager, possibly rendering your system unusable. It is recommended to use a virtual environment instead: https://pip.pypa.io/warnings/venv. Use the --root-user-action option if you know what you are doing and want to suppress this warning.

[notice] A new release of pip is available: 25.0.1 -> 26.2.1
[notice] To update, run: pip install --upgrade pip
MANIFEST_SHA_OK 300be87bf0cde5fba95c7b9cf0798718475e2b2dd6a230ee44a58a22fa8d467c
GPU_GATE_PASS
NVIDIA A10, 23028 MiB
Filesystem                                                                                                                                                      Size  Used Avail Use% Mounted on
csi-cephfs-node@90a5afad-c313-4e49-9b5f-317100c6930e.nautilusfs=/volumes/csi/csi-vol-9f276e98-3be5-415d-b665-c05c6036f24c/a3a2d703-9f9a-423c-a8bc-89c13d677031  100G   34G   67G  34% /data
CACHE_READY 
PACK_ROOTS {"BNJ_DATA_ROOT": "/data/chang-n64-20260926", "BNJ_RUN_ROOT": "/data/delta-20260927/canary/E-k4"}
ARM_STARTED 0 delta0926-w2-rep-a-t350000-s1 pid 89 attempt 0
ARM_STARTED 1 delta0926-w2-rep-a-t350000-s2 pid 119 attempt 0
ARM_STARTED 2 delta0926-w2-rep-a-t350000-s3 pid 154 attempt 0
ARM_STARTED 3 delta0926-w2-rep-a-t350000-s4 pid 192 attempt 0
POD_MEM 09:20:11Z current_mib 6815 max_mib 36864 free_mib 30049 pressure_full_avg10 0.0 rss_mib delta0926-w2-rep-a-t350000-s1=na delta0926-w2-rep-a-t350000-s2=na delta0926-w2-rep-a-t350000-s3=na delta0926-w2-rep-a-t350000-s4=na
ARM_EXIT delta0926-w2-rep-a-t350000-s1 1 attempt 0
ARM_LOG ==== ARM_ATTEMPT 0 2026-09-28T09:19:11Z
ARM_LOG Traceback (most recent call last):
ARM_LOG   File "/work/code/run_study.py", line 208, in <module>
ARM_LOG     train(args.index, args.stop_after)
ARM_LOG   File "/work/code/run_study.py", line 104, in train
ARM_LOG     run_engram.validate_tracking_destination(cfg)
ARM_LOG   File "/work/code/run_engram.py", line 157, in validate_tracking_destination
ARM_LOG     raise ValueError('The separate W&B project must exist and be verified PRIVATE before --track')
ARM_LOG ValueError: The separate W&B project must exist and be verified PRIVATE before --track
ARM_FAILED_AFTER_RETRIES delta0926-w2-rep-a-t350000-s1
ARM_EXIT delta0926-w2-rep-a-t350000-s2 1 attempt 0
ARM_LOG ==== ARM_ATTEMPT 0 2026-09-28T09:19:26Z
ARM_LOG Traceback (most recent call last):
ARM_LOG   File "/work/code/run_study.py", line 208, in <module>
ARM_LOG     train(args.index, args.stop_after)
ARM_LOG   File "/work/code/run_study.py", line 104, in train
ARM_LOG     run_engram.validate_tracking_destination(cfg)
ARM_LOG   File "/work/code/run_engram.py", line 157, in validate_tracking_destination
ARM_LOG     raise ValueError('The separate W&B project must exist and be verified PRIVATE before --track')
ARM_LOG ValueError: The separate W&B project must exist and be verified PRIVATE before --track
ARM_FAILED_AFTER_RETRIES delta0926-w2-rep-a-t350000-s2
ARM_EXIT delta0926-w2-rep-a-t350000-s3 1 attempt 0
ARM_LOG ==== ARM_ATTEMPT 0 2026-09-28T09:19:41Z
ARM_LOG Traceback (most recent call last):
ARM_LOG   File "/work/code/run_study.py", line 208, in <module>
ARM_LOG     train(args.index, args.stop_after)
ARM_LOG   File "/work/code/run_study.py", line 104, in train
ARM_LOG     run_engram.validate_tracking_destination(cfg)
ARM_LOG   File "/work/code/run_engram.py", line 157, in validate_tracking_destination
ARM_LOG     raise ValueError('The separate W&B project must exist and be verified PRIVATE before --track')
ARM_LOG ValueError: The separate W&B project must exist and be verified PRIVATE before --track
ARM_FAILED_AFTER_RETRIES delta0926-w2-rep-a-t350000-s3
ARM_EXIT delta0926-w2-rep-a-t350000-s4 1 attempt 0
ARM_LOG ==== ARM_ATTEMPT 0 2026-09-28T09:19:56Z
ARM_LOG Traceback (most recent call last):
ARM_LOG   File "/work/code/run_study.py", line 208, in <module>
ARM_LOG     train(args.index, args.stop_after)
ARM_LOG   File "/work/code/run_study.py", line 104, in train
ARM_LOG     run_engram.validate_tracking_destination(cfg)
ARM_LOG   File "/work/code/run_engram.py", line 157, in validate_tracking_destination
ARM_LOG     raise ValueError('The separate W&B project must exist and be verified PRIVATE before --track')
ARM_LOG ValueError: The separate W&B project must exist and be verified PRIVATE before --track
ARM_FAILED_AFTER_RETRIES delta0926-w2-rep-a-t350000-s4
2026/09/28 09:20:11.675, NVIDIA A10, 0 %, 0 MiB, 23028 MiB
PACK_DONE diverged [] failed ['delta0926-w2-rep-a-t350000-s1', 'delta0926-w2-rep-a-t350000-s2', 'delta0926-w2-rep-a-t350000-s3', 'delta0926-w2-rep-a-t350000-s4']
PHASE_EXIT_NONZERO E-k4
PACK_ROOTS {"BNJ_DATA_ROOT": "/data/chang-n64-20260926", "BNJ_RUN_ROOT": "/data/delta-20260927/canary/E-k5"}
ARM_STARTED 0 delta0926-w2-rep-a-t350000-s1 pid 234 attempt 0
ARM_STARTED 1 delta0926-w2-rep-a-t350000-s2 pid 263 attempt 0
ARM_STARTED 2 delta0926-w2-rep-a-t350000-s3 pid 300 attempt 0
ARM_STARTED 3 delta0926-w2-rep-a-t350000-s4 pid 329 attempt 0
ARM_STARTED 4 delta0926-w2-rep-a-t350000-s5 pid 368 attempt 0
POD_MEM 09:21:32Z current_mib 6815 max_mib 36864 free_mib 30049 pressure_full_avg10 0.0 rss_mib delta0926-w2-rep-a-t350000-s1=na delta0926-w2-rep-a-t350000-s2=na delta0926-w2-rep-a-t350000-s3=na delta0926-w2-rep-a-t350000-s4=na delta0926-w2-rep-a-t350000-s5=na
ARM_EXIT delta0926-w2-rep-a-t350000-s1 1 attempt 0
ARM_LOG ==== ARM_ATTEMPT 0 2026-09-28T09:20:17Z
ARM_LOG Traceback (most recent call last):
ARM_LOG   File "/work/code/run_study.py", line 208, in <module>
ARM_LOG     train(args.index, args.stop_after)
ARM_LOG   File "/work/code/run_study.py", line 104, in train
ARM_LOG     run_engram.validate_tracking_destination(cfg)
ARM_LOG   File "/work/code/run_engram.py", line 157, in validate_tracking_destination
ARM_LOG     raise ValueError('The separate W&B project must exist and be verified PRIVATE before --track')
ARM_LOG ValueError: The separate W&B project must exist and be verified PRIVATE before --track
ARM_FAILED_AFTER_RETRIES delta0926-w2-rep-a-t350000-s1
ARM_EXIT delta0926-w2-rep-a-t350000-s2 1 attempt 0
ARM_LOG ==== ARM_ATTEMPT 0 2026-09-28T09:20:32Z
ARM_LOG Traceback (most recent call last):
ARM_LOG   File "/work/code/run_study.py", line 208, in <module>
ARM_LOG     train(args.index, args.stop_after)
ARM_LOG   File "/work/code/run_study.py", line 104, in train
ARM_LOG     run_engram.validate_tracking_destination(cfg)
ARM_LOG   File "/work/code/run_engram.py", line 157, in validate_tracking_destination
ARM_LOG     raise ValueError('The separate W&B project must exist and be verified PRIVATE before --track')
ARM_LOG ValueError: The separate W&B project must exist and be verified PRIVATE before --track
ARM_FAILED_AFTER_RETRIES delta0926-w2-rep-a-t350000-s2
ARM_EXIT delta0926-w2-rep-a-t350000-s3 1 attempt 0
ARM_LOG ==== ARM_ATTEMPT 0 2026-09-28T09:20:47Z
ARM_LOG Traceback (most recent call last):
ARM_LOG   File "/work/code/run_study.py", line 208, in <module>
ARM_LOG     train(args.index, args.stop_after)
ARM_LOG   File "/work/code/run_study.py", line 104, in train
ARM_LOG     run_engram.validate_tracking_destination(cfg)
ARM_LOG   File "/work/code/run_engram.py", line 157, in validate_tracking_destination
ARM_LOG     raise ValueError('The separate W&B project must exist and be verified PRIVATE before --track')
ARM_LOG ValueError: The separate W&B project must exist and be verified PRIVATE before --track
ARM_FAILED_AFTER_RETRIES delta0926-w2-rep-a-t350000-s3
ARM_EXIT delta0926-w2-rep-a-t350000-s4 1 attempt 0
ARM_LOG ==== ARM_ATTEMPT 0 2026-09-28T09:21:02Z
ARM_LOG Traceback (most recent call last):
ARM_LOG   File "/work/code/run_study.py", line 208, in <module>
ARM_LOG     train(args.index, args.stop_after)
ARM_LOG   File "/work/code/run_study.py", line 104, in train
ARM_LOG     run_engram.validate_tracking_destination(cfg)
ARM_LOG   File "/work/code/run_engram.py", line 157, in validate_tracking_destination
ARM_LOG     raise ValueError('The separate W&B project must exist and be verified PRIVATE before --track')
ARM_LOG ValueError: The separate W&B project must exist and be verified PRIVATE before --track
ARM_FAILED_AFTER_RETRIES delta0926-w2-rep-a-t350000-s4
ARM_EXIT delta0926-w2-rep-a-t350000-s5 1 attempt 0
ARM_LOG ==== ARM_ATTEMPT 0 2026-09-28T09:21:17Z
ARM_LOG Traceback (most recent call last):
ARM_LOG   File "/work/code/run_study.py", line 208, in <module>
ARM_LOG     train(args.index, args.stop_after)
ARM_LOG   File "/work/code/run_study.py", line 104, in train
ARM_LOG     run_engram.validate_tracking_destination(cfg)
ARM_LOG   File "/work/code/run_engram.py", line 157, in validate_tracking_destination
ARM_LOG     raise ValueError('The separate W&B project must exist and be verified PRIVATE before --track')
ARM_LOG ValueError: The separate W&B project must exist and be verified PRIVATE before --track
ARM_FAILED_AFTER_RETRIES delta0926-w2-rep-a-t350000-s5
2026/09/28 09:21:32.346, NVIDIA A10, 0 %, 0 MiB, 23028 MiB
PACK_DONE diverged [] failed ['delta0926-w2-rep-a-t350000-s1', 'delta0926-w2-rep-a-t350000-s2', 'delta0926-w2-rep-a-t350000-s3', 'delta0926-w2-rep-a-t350000-s4', 'delta0926-w2-rep-a-t350000-s5']
PHASE_EXIT_NONZERO E-k5
PACK_ROOTS {"BNJ_DATA_ROOT": "/data/chang-n64-20260926", "BNJ_RUN_ROOT": "/data/delta-20260927/canary/A07-k3"}
ARM_STARTED 12 delta0926-w2-rep-c-t5000000-s1 pid 411 attempt 0
ARM_STARTED 13 delta0926-w2-rep-c-t5000000-s2 pid 439 attempt 0
ARM_STARTED 14 delta0926-w2-rep-c-t5000000-s3 pid 476 attempt 0
POD_MEM 09:22:22Z current_mib 6815 max_mib 36864 free_mib 30049 pressure_full_avg10 0.0 rss_mib delta0926-w2-rep-c-t5000000-s1=na delta0926-w2-rep-c-t5000000-s2=na delta0926-w2-rep-c-t5000000-s3=na
ARM_EXIT delta0926-w2-rep-c-t5000000-s1 1 attempt 0
ARM_LOG ==== ARM_ATTEMPT 0 2026-09-28T09:21:37Z
ARM_LOG Traceback (most recent call last):
ARM_LOG   File "/work/code/run_study.py", line 208, in <module>
ARM_LOG     train(args.index, args.stop_after)
ARM_LOG   File "/work/code/run_study.py", line 104, in train
ARM_LOG     run_engram.validate_tracking_destination(cfg)
ARM_LOG   File "/work/code/run_engram.py", line 157, in validate_tracking_destination
ARM_LOG     raise ValueError('The separate W&B project must exist and be verified PRIVATE before --track')
ARM_LOG ValueError: The separate W&B project must exist and be verified PRIVATE before --track
ARM_FAILED_AFTER_RETRIES delta0926-w2-rep-c-t5000000-s1
ARM_EXIT delta0926-w2-rep-c-t5000000-s2 1 attempt 0
ARM_LOG ==== ARM_ATTEMPT 0 2026-09-28T09:21:52Z
ARM_LOG Traceback (most recent call last):
ARM_LOG   File "/work/code/run_study.py", line 208, in <module>
ARM_LOG     train(args.index, args.stop_after)
ARM_LOG   File "/work/code/run_study.py", line 104, in train
ARM_LOG     run_engram.validate_tracking_destination(cfg)
ARM_LOG   File "/work/code/run_engram.py", line 157, in validate_tracking_destination
ARM_LOG     raise ValueError('The separate W&B project must exist and be verified PRIVATE before --track')
ARM_LOG ValueError: The separate W&B project must exist and be verified PRIVATE before --track
ARM_FAILED_AFTER_RETRIES delta0926-w2-rep-c-t5000000-s2
ARM_EXIT delta0926-w2-rep-c-t5000000-s3 1 attempt 0
ARM_LOG ==== ARM_ATTEMPT 0 2026-09-28T09:22:07Z
ARM_LOG Traceback (most recent call last):
ARM_LOG   File "/work/code/run_study.py", line 208, in <module>
ARM_LOG     train(args.index, args.stop_after)
ARM_LOG   File "/work/code/run_study.py", line 104, in train
ARM_LOG     run_engram.validate_tracking_destination(cfg)
ARM_LOG   File "/work/code/run_engram.py", line 157, in validate_tracking_destination
ARM_LOG     raise ValueError('The separate W&B project must exist and be verified PRIVATE before --track')
ARM_LOG ValueError: The separate W&B project must exist and be verified PRIVATE before --track
ARM_FAILED_AFTER_RETRIES delta0926-w2-rep-c-t5000000-s3
2026/09/28 09:22:22.850, NVIDIA A10, 0 %, 0 MiB, 23028 MiB
PACK_DONE diverged [] failed ['delta0926-w2-rep-c-t5000000-s1', 'delta0926-w2-rep-c-t5000000-s2', 'delta0926-w2-rep-c-t5000000-s3']
PHASE_EXIT_NONZERO A07-k3
CANARY_PHASE E-k4 {"arm_logs": ["delta0926-w2-rep-a-t350000-s1-kai-delta0926-canary-0.log", "delta0926-w2-rep-a-t350000-s2-kai-delta0926-canary-0.log", "delta0926-w2-rep-a-t350000-s3-kai-delta0926-canary-0.log", "delta0926-w2-rep-a-t350000-s4-kai-delta0926-canary-0.log"], "class": "E", "error": "no nvidia-smi samples for this phase", "k_accepted": null, "k_tested": 4, "n_samples": 6, "oom": false, "pod_host_peak_mib": 6815.0, "rss_gate_all_pass": false}
CANARY_ARM E-k4 delta0926-w2-rep-a-t350000-s1 {"gpu_peak_mib": null, "rss_gate": null}
CANARY_ARM E-k4 delta0926-w2-rep-a-t350000-s2 {"gpu_peak_mib": null, "rss_gate": null}
CANARY_ARM E-k4 delta0926-w2-rep-a-t350000-s3 {"gpu_peak_mib": null, "rss_gate": null}
CANARY_ARM E-k4 delta0926-w2-rep-a-t350000-s4 {"gpu_peak_mib": null, "rss_gate": null}
CANARY_PHASE E-k5 {"arm_logs": ["delta0926-w2-rep-a-t350000-s1-kai-delta0926-canary-0.log", "delta0926-w2-rep-a-t350000-s2-kai-delta0926-canary-0.log", "delta0926-w2-rep-a-t350000-s3-kai-delta0926-canary-0.log", "delta0926-w2-rep-a-t350000-s4-kai-delta0926-canary-0.log", "delta0926-w2-rep-a-t350000-s5-kai-delta0926-canary-0.log"], "class": "E", "error": "no nvidia-smi samples for this phase", "k_accepted": null, "k_tested": 5, "n_samples": 8, "oom": false, "pod_host_peak_mib": 6815.0, "rss_gate_all_pass": false}
CANARY_ARM E-k5 delta0926-w2-rep-a-t350000-s1 {"gpu_peak_mib": null, "rss_gate": null}
CANARY_ARM E-k5 delta0926-w2-rep-a-t350000-s2 {"gpu_peak_mib": null, "rss_gate": null}
CANARY_ARM E-k5 delta0926-w2-rep-a-t350000-s3 {"gpu_peak_mib": null, "rss_gate": null}
CANARY_ARM E-k5 delta0926-w2-rep-a-t350000-s4 {"gpu_peak_mib": null, "rss_gate": null}
CANARY_ARM E-k5 delta0926-w2-rep-a-t350000-s5 {"gpu_peak_mib": null, "rss_gate": null}
CANARY_PHASE A07-k3 {"arm_logs": ["delta0926-w2-rep-c-t5000000-s1-kai-delta0926-canary-0.log", "delta0926-w2-rep-c-t5000000-s2-kai-delta0926-canary-0.log", "delta0926-w2-rep-c-t5000000-s3-kai-delta0926-canary-0.log"], "class": "A07", "error": "no nvidia-smi samples for this phase", "k_accepted": null, "k_tested": 3, "n_samples": 5, "oom": false, "pod_host_peak_mib": 6815.0, "rss_gate_all_pass": false}
CANARY_ARM A07-k3 delta0926-w2-rep-c-t5000000-s1 {"gpu_peak_mib": null, "rss_gate": null}
CANARY_ARM A07-k3 delta0926-w2-rep-c-t5000000-s2 {"gpu_peak_mib": null, "rss_gate": null}
CANARY_ARM A07-k3 delta0926-w2-rep-c-t5000000-s3 {"gpu_peak_mib": null, "rss_gate": null}
CANARY_K_INCOMPLETE {} /data/delta-20260927/canary/k_result.json
CANARY_K_INCOMPLETE
{
 "rule_fraction": 0.9,
 "k_by_class": {},
 "phases": {
  "E-k4": {
   "class": "E",
   "k_tested": 4,
   "n_samples": 6,
   "oom": false,
   "per_arm": {
    "delta0926-w2-rep-a-t350000-s1": {
     "gpu_peak_mib": null,
     "rss_gate": null
    },
    "delta0926-w2-rep-a-t350000-s2": {
     "gpu_peak_mib": null,
     "rss_gate": null
    },
    "delta0926-w2-rep-a-t350000-s3": {
     "gpu_peak_mib": null,
     "rss_gate": null
    },
    "delta0926-w2-rep-a-t350000-s4": {
     "gpu_peak_mib": null,
     "rss_gate": null
    }
   },
   "pod_host_peak_mib": 6815.0,
   "rss_gate_all_pass": false,
   "arm_logs": [
    "delta0926-w2-rep-a-t350000-s1-kai-delta0926-canary-0.log",
    "delta0926-w2-rep-a-t350000-s2-kai-delta0926-canary-0.log",
    "delta0926-w2-rep-a-t350000-s3-kai-delta0926-canary-0.log",
    "delta0926-w2-rep-a-t350000-s4-kai-delta0926-canary-0.log"
   ],
   "k_accepted": null,
   "error": "no nvidia-smi samples for this phase"
  },
  "E-k5": {
   "class": "E",
   "k_tested": 5,
   "n_samples": 8,
   "oom": false,
   "per_arm": {
    "delta0926-w2-rep-a-t350000-s1": {
     "gpu_peak_mib": null,
     "rss_gate": null
    },
    "delta0926-w2-rep-a-t350000-s2": {
     "gpu_peak_mib": null,
     "rss_gate": null
    },
    "delta0926-w2-rep-a-t350000-s3": {
     "gpu_peak_mib": null,
     "rss_gate": null
    },
    "delta0926-w2-rep-a-t350000-s4": {
     "gpu_peak_mib": null,
     "rss_gate": null
    },
    "delta0926-w2-rep-a-t350000-s5": {
     "gpu_peak_mib": null,
     "rss_gate": null
    }
   },
   "pod_host_peak_mib": 6815.0,
   "rss_gate_all_pass": false,
   "arm_logs": [
    "delta0926-w2-rep-a-t350000-s1-kai-delta0926-canary-0.log",
    "delta0926-w2-rep-a-t350000-s2-kai-delta0926-canary-0.log",
    "delta0926-w2-rep-a-t350000-s3-kai-delta0926-canary-0.log",
    "delta0926-w2-rep-a-t350000-s4-kai-delta0926-canary-0.log",
    "delta0926-w2-rep-a-t350000-s5-kai-delta0926-canary-0.log"
   ],
   "k_accepted": null,
   "error": "no nvidia-smi samples for this phase"
  },
  "A07-k3": {
   "class": "A07",
   "k_tested": 3,
   "n_samples": 5,
   "oom": false,
   "per_arm": {
    "delta0926-w2-rep-c-t5000000-s1": {
     "gpu_peak_mib": null,
     "rss_gate": null
    },
    "delta0926-w2-rep-c-t5000000-s2": {
     "gpu_peak_mib": null,
     "rss_gate": null
    },
    "delta0926-w2-rep-c-t5000000-s3": {
     "gpu_peak_mib": null,
     "rss_gate": null
    }
   },
   "pod_host_peak_mib": 6815.0,
   "rss_gate_all_pass": false,
   "arm_logs": [
    "delta0926-w2-rep-c-t5000000-s1-kai-delta0926-canary-0.log",
    "delta0926-w2-rep-c-t5000000-s2-kai-delta0926-canary-0.log",
    "delta0926-w2-rep-c-t5000000-s3-kai-delta0926-canary-0.log"
   ],
   "k_accepted": null,
   "error": "no nvidia-smi samples for this phase"
  }
 },
 "note": "memory canary; sizes packs, not a result"
}
