DISCRIM_NODE hcc-nrp-shor-c5809.unl.edu
/cmcode/hgq2.tar.gz: OK
WARNING: Running pip as the 'root' user can result in broken permissions and conflicting behaviour with the system package manager, possibly rendering your system unusable. It is recommended to use a virtual environment instead: https://pip.pypa.io/warnings/venv. Use the --root-user-action option if you know what you are doing and want to suppress this warning.

[notice] A new release of pip is available: 25.0.1 -> 26.2.1
[notice] To update, run: pip install --upgrade pip
MANIFEST_SHA_OK 300be87bf0cde5fba95c7b9cf0798718475e2b2dd6a230ee44a58a22fa8d467c
ENV_REPORT_BEGIN
HOSTNAME_NODE hcc-nrp-shor-c5809.unl.edu
NVIDIA A10, GPU-e16bd8e9-e8ff-14da-eca9-df94d723829a, 1565021002747, 595.91.07, 23028 MiB, Enabled
Driver Version                                         : 595.91.07
CUDA Version                                           : 13.2
        Pending                                        : N/A
        Pending                                        : N/A
        Pending                                        : N/A
        Pending                                        : N/A
        Pending                                        : Enabled
        Volatile
            SRAM Correctable                           : 0
            SRAM Uncorrectable Parity                  : 0
            SRAM Uncorrectable SEC-DED                 : 0
            DRAM Correctable                           : 0
            DRAM Uncorrectable                         : 0
            SRAM Correctable                           : 0
            SRAM Uncorrectable Parity                  : 0
            SRAM Uncorrectable SEC-DED                 : 0
            DRAM Correctable                           : 0
            DRAM Uncorrectable                         : 0
        Aggregate Uncorrectable SRAM Sources
        Channel Repair Pending                         : No
        TPC Repair Pending                             : No
    Retired Pages
        Single Bit ECC                                 : N/A
        Double Bit ECC                                 : N/A
        Pending Page Blacklist                         : N/A
    Remapped Rows
        Correctable Error                              : 0
        Inactive Correctable Error                     : 0
        Uncorrectable Error                            : 0
        Inactive Uncorrectable Error                   : 0
        Pending                                        : No
NVRM version: NVIDIA UNIX Open Kernel Module for x86_64  595.91.07  Release Build  (dvs-builder@U22-I3-B08-02-2)  Wed Jul 29 03:01:16 UTC 2026
GCC version:  gcc version 13.3.0 (Ubuntu 13.3.0-6ubuntu2~24.04.1)
PYTHON 3.12.13 (main, May 20 2026, 02:59:11) [GCC 14.2.0]
TF 2.21.0 KERAS 3.15.0
TF_BUILD_INFO {"cpu_compiler": "clang", "cuda_compute_capabilities": ["sm_60", "sm_70", "sm_80", "sm_89", "compute_90"], "cuda_version": "12.5.1", "cudnn_version": "9", "is_cuda_build": true, "is_rocm_build": false, "is_tensorrt_build": false}
PIP_FREEZE_BEGIN
absl-py==2.5.0
annotated-types==0.8.0
astunparse==1.6.3
certifi==2026.7.22
charset-normalizer==3.5.1
click==8.5.0
cloudpickle==3.1.2
flatbuffers==25.12.19
gast==0.7.0
gitdb==4.0.12
GitPython==3.1.62
google-pasta==0.2.0
grpcio==1.84.0
h5py==3.14.0
hgq2==0.1.9
hls4ml==1.3.0
idna==3.20
joblib==1.6.0
keras==3.15.0
libclang==18.1.1
markdown-it-py==4.2.0
mdurl==0.1.2
ml_dtypes==0.6.0
namex==0.1.0
narwhals==2.26.0
numpy==2.5.0
nvidia-cublas-cu12==12.9.2.10
nvidia-cuda-cupti-cu12==12.9.79
nvidia-cuda-nvcc-cu12==12.9.86
nvidia-cuda-nvrtc-cu12==12.9.86
nvidia-cuda-runtime-cu12==12.9.79
nvidia-cudnn-cu12==9.26.0.51
nvidia-cufft-cu12==11.4.1.4
nvidia-curand-cu12==10.3.10.19
nvidia-cusolver-cu12==11.7.5.82
nvidia-cusparse-cu12==12.5.10.65
nvidia-nccl-cu12==2.32.3
nvidia-nvjitlink-cu12==12.9.86
opt_einsum==3.4.0
optree==0.20.0
packaging==26.3
pip==25.0.1
platformdirs==4.12.1
protobuf==7.36.2
pydantic==2.13.5
pydantic_core==2.46.5
pyDigitalWaveTools==1.1
Pygments==2.21.0
PyYAML==6.0.3
quantizers==1.2.2
requests==2.34.2
rich==15.0.0
scikit-learn==1.9.0
scipy==1.18.1
sentry-sdk==2.71.0
setuptools==84.0.0
six==1.17.0
smmap==5.0.3
tensorflow==2.21.0
termcolor==3.3.0
threadpoolctl==3.7.0
tqdm==4.70.1
typing-inspection==0.4.4
typing_extensions==4.16.0
urllib3==2.8.0
wandb==0.28.0
wheel==0.48.0
wrapt==2.5.0
PIP_FREEZE_END
ENV_REPORT_END
FINGERPRINT_TREE /work/code
FINGERPRINT_DEVICES ['/physical_device:GPU:0']
FINGERPRINT 11559681 expected 11559681 delta0926-w2-rep-a-t350000-s1
FINGERPRINT_OK delta0926-w2-rep-a-t350000-s1
DISCRIM_RESULT s1-r1 exit 0
FINGERPRINT_TREE /work/code
FINGERPRINT_DEVICES ['/physical_device:GPU:0']
FINGERPRINT 11295521 expected 11295521 delta0926-w2-rep-a-t350000-s2
FINGERPRINT_OK delta0926-w2-rep-a-t350000-s2
DISCRIM_RESULT s2-r1 exit 0
FINGERPRINT_TREE /work/code
FINGERPRINT_DEVICES ['/physical_device:GPU:0']
FINGERPRINT 11559681 expected 11559681 delta0926-w2-rep-a-t350000-s1
FINGERPRINT_OK delta0926-w2-rep-a-t350000-s1
DISCRIM_RESULT s1-r2 exit 0
FINGERPRINT_TREE /work/code
FINGERPRINT_DEVICES ['/physical_device:GPU:0']
FINGERPRINT 11295521 expected 11295521 delta0926-w2-rep-a-t350000-s2
FINGERPRINT_OK delta0926-w2-rep-a-t350000-s2
DISCRIM_RESULT s2-r2 exit 0
FINGERPRINT 11559681 expected 11559681 delta0926-w2-rep-a-t350000-s1
FINGERPRINT 11559681 expected 11559681 delta0926-w2-rep-a-t350000-s1
FINGERPRINT 11295521 expected 11295521 delta0926-w2-rep-a-t350000-s2
FINGERPRINT 11295521 expected 11295521 delta0926-w2-rep-a-t350000-s2
DISCRIM_ALL_MATCH
