[train] confirm0923-a00-s2-e1000 params=20715 resume_epoch=83 initial_ebops=1739182
wandb: [wandb.login()] Loaded credentials for https://api.wandb.ai from WANDB_API_KEY.
wandb: setting up run 60aee78388aa
wandb: Resuming run confirm0923-a00-s2-e1000-s2
wandb: 🚀 View run at https://wandb.ai/kayamaguchi-uc-san-diego/BNJetTag-Engram-Experimental/runs/60aee78388aa
[epoch 84/1000] EBOPs=800334 target=350000 beta=3.94e-06 val_AUC=0.860207 val_accuracy=0.597145 seconds=77.4 checkpoint=epoch-0084
[epoch 85/1000] EBOPs=793545 target=350000 beta=4.09e-06 val_AUC=0.861063 val_accuracy=0.603153 seconds=65.9 checkpoint=epoch-0085
[epoch 86/1000] EBOPs=789860 target=350000 beta=4.22e-06 val_AUC=0.859743 val_accuracy=0.604097 seconds=67.4 checkpoint=epoch-0086
[epoch 87/1000] EBOPs=783748 target=350000 beta=4.38e-06 val_AUC=0.858251 val_accuracy=0.602024 seconds=66.7 checkpoint=epoch-0087
[epoch 88/1000] EBOPs=778106 target=350000 beta=4.52e-06 val_AUC=0.856309 val_accuracy=0.597468 seconds=72.0 checkpoint=epoch-0088
[epoch 89/1000] EBOPs=770640 target=350000 beta=4.67e-06 val_AUC=0.858304 val_accuracy=0.600927 seconds=68.1 checkpoint=epoch-0089
[epoch 90/1000] EBOPs=765958 target=350000 beta=4.81e-06 val_AUC=0.858510 val_accuracy=0.599032 seconds=64.9 checkpoint=epoch-0090
[epoch 91/1000] EBOPs=720609 target=350000 beta=4.98e-06 val_AUC=0.860002 val_accuracy=0.600718 seconds=67.8 checkpoint=epoch-0091
[epoch 92/1000] EBOPs=713985 target=350000 beta=4.85e-06 val_AUC=0.855268 val_accuracy=0.592605 seconds=65.7 checkpoint=epoch-0092
[epoch 93/1000] EBOPs=705207 target=350000 beta=4.98e-06 val_AUC=0.855165 val_accuracy=0.595056 seconds=69.5 checkpoint=epoch-0093
[epoch 94/1000] EBOPs=686327 target=350000 beta=5.1e-06 val_AUC=0.858571 val_accuracy=0.600516 seconds=62.2 checkpoint=epoch-0094
[epoch 95/1000] EBOPs=666615 target=350000 beta=5.13e-06 val_AUC=0.856744 val_accuracy=0.594298 seconds=64.5 checkpoint=epoch-0095
[epoch 96/1000] EBOPs=645736 target=350000 beta=5.15e-06 val_AUC=0.854740 val_accuracy=0.592540 seconds=66.0 checkpoint=epoch-0096
[epoch 97/1000] EBOPs=630344 target=350000 beta=5.14e-06 val_AUC=0.855319 val_accuracy=0.595202 seconds=66.5 checkpoint=epoch-0097
[epoch 98/1000] EBOPs=615779 target=350000 beta=5.17e-06 val_AUC=0.855337 val_accuracy=0.592371 seconds=68.7 checkpoint=epoch-0098
[epoch 99/1000] EBOPs=603902 target=350000 beta=5.19e-06 val_AUC=0.855920 val_accuracy=0.596476 seconds=68.5 checkpoint=epoch-0099
[epoch 100/1000] EBOPs=591033 target=350000 beta=5.23e-06 val_AUC=0.852506 val_accuracy=0.583089 seconds=62.7 checkpoint=epoch-0100
wandb: Adding directory to artifact (/data/confirmation-20260923/architecture/runs/confirm0923-a00-s2-e1000/checkpoints/epoch-0100)... Done. 0.0s
[wandb] artifact resume-confirm0923-a00-s2-e1000:v3 committed (5 files)
[epoch 101/1000] EBOPs=579956 target=350000 beta=5.26e-06 val_AUC=0.853398 val_accuracy=0.584927 seconds=62.7 checkpoint=epoch-0101
[epoch 102/1000] EBOPs=568340 target=350000 beta=5.29e-06 val_AUC=0.851568 val_accuracy=0.581734 seconds=69.6 checkpoint=epoch-0102
[epoch 103/1000] EBOPs=557007 target=350000 beta=5.31e-06 val_AUC=0.851429 val_accuracy=0.588669 seconds=70.6 checkpoint=epoch-0103
[epoch 104/1000] EBOPs=544645 target=350000 beta=5.33e-06 val_AUC=0.849020 val_accuracy=0.582863 seconds=68.8 checkpoint=epoch-0104
[epoch 105/1000] EBOPs=534117 target=350000 beta=5.33e-06 val_AUC=0.847793 val_accuracy=0.584024 seconds=68.2 checkpoint=epoch-0105
[epoch 106/1000] EBOPs=522821 target=350000 beta=5.34e-06 val_AUC=0.846905 val_accuracy=0.574637 seconds=67.3 checkpoint=epoch-0106
[epoch 107/1000] EBOPs=518245 target=350000 beta=5.33e-06 val_AUC=0.847266 val_accuracy=0.580661 seconds=67.2 checkpoint=epoch-0107
[epoch 108/1000] EBOPs=512160 target=350000 beta=5.39e-06 val_AUC=0.844416 val_accuracy=0.574645 seconds=68.3 checkpoint=epoch-0108
[epoch 109/1000] EBOPs=504758 target=350000 beta=5.43e-06 val_AUC=0.845988 val_accuracy=0.576952 seconds=66.4 checkpoint=epoch-0109
[epoch 110/1000] EBOPs=498001 target=350000 beta=5.45e-06 val_AUC=0.841716 val_accuracy=0.568718 seconds=62.6 checkpoint=epoch-0110
[epoch 111/1000] EBOPs=494129 target=350000 beta=5.47e-06 val_AUC=0.842266 val_accuracy=0.568290 seconds=65.1 checkpoint=epoch-0111
[epoch 112/1000] EBOPs=490481 target=350000 beta=5.52e-06 val_AUC=0.845374 val_accuracy=0.576266 seconds=64.7 checkpoint=epoch-0112
[epoch 113/1000] EBOPs=485489 target=350000 beta=5.57e-06 val_AUC=0.845154 val_accuracy=0.574524 seconds=66.7 checkpoint=epoch-0113
[epoch 114/1000] EBOPs=480945 target=350000 beta=5.61e-06 val_AUC=0.841913 val_accuracy=0.571960 seconds=67.7 checkpoint=epoch-0114
[epoch 115/1000] EBOPs=476775 target=350000 beta=5.64e-06 val_AUC=0.841323 val_accuracy=0.566968 seconds=68.9 checkpoint=epoch-0115
[epoch 116/1000] EBOPs=476972 target=350000 beta=5.68e-06 val_AUC=0.843599 val_accuracy=0.571355 seconds=68.4 checkpoint=epoch-0116
[epoch 117/1000] EBOPs=470503 target=350000 beta=5.77e-06 val_AUC=0.843248 val_accuracy=0.575911 seconds=68.3 checkpoint=epoch-0117
[epoch 118/1000] EBOPs=467239 target=350000 beta=5.78e-06 val_AUC=0.840681 val_accuracy=0.571073 seconds=67.2 checkpoint=epoch-0118
[epoch 119/1000] EBOPs=454306 target=350000 beta=5.82e-06 val_AUC=0.840563 val_accuracy=0.568855 seconds=66.6 checkpoint=epoch-0119
[epoch 120/1000] EBOPs=444935 target=350000 beta=5.74e-06 val_AUC=0.840860 val_accuracy=0.566911 seconds=64.3 checkpoint=epoch-0120
[epoch 121/1000] EBOPs=442466 target=350000 beta=5.69e-06 val_AUC=0.841901 val_accuracy=0.570661 seconds=63.1 checkpoint=epoch-0121
[epoch 122/1000] EBOPs=436280 target=350000 beta=5.72e-06 val_AUC=0.841407 val_accuracy=0.565718 seconds=68.4 checkpoint=epoch-0122
[epoch 123/1000] EBOPs=430712 target=350000 beta=5.7e-06 val_AUC=0.841313 val_accuracy=0.571032 seconds=65.1 checkpoint=epoch-0123
[epoch 124/1000] EBOPs=411411 target=350000 beta=5.69e-06 val_AUC=0.835761 val_accuracy=0.561177 seconds=66.0 checkpoint=epoch-0124
[epoch 125/1000] EBOPs=408275 target=350000 beta=5.48e-06 val_AUC=0.835024 val_accuracy=0.553718 seconds=64.1 checkpoint=epoch-0125
wandb: Adding directory to artifact (/data/confirmation-20260923/architecture/runs/confirm0923-a00-s2-e1000/checkpoints/epoch-0125)... Done. 0.0s
[wandb] artifact resume-confirm0923-a00-s2-e1000:v4 committed (5 files)
[epoch 126/1000] EBOPs=400910 target=350000 beta=5.48e-06 val_AUC=0.834727 val_accuracy=0.557815 seconds=67.3 checkpoint=epoch-0126
[epoch 127/1000] EBOPs=400841 target=350000 beta=5.42e-06 val_AUC=0.835905 val_accuracy=0.558935 seconds=67.5 checkpoint=epoch-0127
[epoch 128/1000] EBOPs=395081 target=350000 beta=5.45e-06 val_AUC=0.832003 val_accuracy=0.551815 seconds=62.3 checkpoint=epoch-0128
[epoch 129/1000] EBOPs=389225 target=350000 beta=5.41e-06 val_AUC=0.836835 val_accuracy=0.555105 seconds=66.0 checkpoint=epoch-0129
[epoch 130/1000] EBOPs=378783 target=350000 beta=5.36e-06 val_AUC=0.836754 val_accuracy=0.562734 seconds=61.2 checkpoint=epoch-0130
[epoch 131/1000] EBOPs=379236 target=350000 beta=5.23e-06 val_AUC=0.837223 val_accuracy=0.560024 seconds=61.5 checkpoint=epoch-0131
[epoch 132/1000] EBOPs=377914 target=350000 beta=5.26e-06 val_AUC=0.833530 val_accuracy=0.552903 seconds=62.4 checkpoint=epoch-0132
[epoch 133/1000] EBOPs=370608 target=350000 beta=5.26e-06 val_AUC=0.835775 val_accuracy=0.563540 seconds=65.7 checkpoint=epoch-0133
[epoch 134/1000] EBOPs=374064 target=350000 beta=5.17e-06 val_AUC=0.834551 val_accuracy=0.557194 seconds=62.3 checkpoint=epoch-0134
[epoch 135/1000] EBOPs=368843 target=350000 beta=5.24e-06 val_AUC=0.833241 val_accuracy=0.554984 seconds=62.2 checkpoint=epoch-0135
[epoch 136/1000] EBOPs=359691 target=350000 beta=5.18e-06 val_AUC=0.828206 val_accuracy=0.550073 seconds=61.8 checkpoint=epoch-0136
[epoch 137/1000] EBOPs=360550 target=350000 beta=5.06e-06 val_AUC=0.829762 val_accuracy=0.546960 seconds=63.3 checkpoint=epoch-0137
[epoch 138/1000] EBOPs=357313 target=350000 beta=5.08e-06 val_AUC=0.832925 val_accuracy=0.555476 seconds=63.1 checkpoint=epoch-0138
