[train] confirm0923-a02-s3-e1000 params=16363 resume_epoch=2 initial_ebops=1477038
wandb: [wandb.login()] Loaded credentials for https://api.wandb.ai from WANDB_API_KEY.
wandb: Resuming run confirm0923-a02-s3-e1000-s3
wandb: 🚀 View run at https://wandb.ai/kayamaguchi-uc-san-diego/BNJetTag-Engram-Experimental/runs/4b8d7e078b37
[epoch 3/1000] EBOPs=1477038 target=350000 beta=1e-07 val_AUC=0.810923 val_accuracy=0.530589 seconds=152.0 checkpoint=epoch-0003
[epoch 4/1000] EBOPs=1477038 target=350000 beta=1e-07 val_AUC=0.822470 val_accuracy=0.549782 seconds=135.5 checkpoint=epoch-0004
[epoch 5/1000] EBOPs=1477038 target=350000 beta=1e-07 val_AUC=0.828716 val_accuracy=0.555952 seconds=130.3 checkpoint=epoch-0005
[epoch 6/1000] EBOPs=1477038 target=350000 beta=1e-07 val_AUC=0.832881 val_accuracy=0.561581 seconds=126.7 checkpoint=epoch-0006
[epoch 7/1000] EBOPs=1477038 target=350000 beta=1e-07 val_AUC=0.835929 val_accuracy=0.569823 seconds=105.2 checkpoint=epoch-0007
[epoch 8/1000] EBOPs=1477038 target=350000 beta=1e-07 val_AUC=0.837209 val_accuracy=0.573589 seconds=125.7 checkpoint=epoch-0008
[epoch 9/1000] EBOPs=1477038 target=350000 beta=1e-07 val_AUC=0.840516 val_accuracy=0.575782 seconds=115.7 checkpoint=epoch-0009
[epoch 10/1000] EBOPs=1477038 target=350000 beta=1e-07 val_AUC=0.842959 val_accuracy=0.579831 seconds=121.8 checkpoint=epoch-0010
[epoch 11/1000] EBOPs=1477038 target=350000 beta=1e-07 val_AUC=0.845817 val_accuracy=0.585976 seconds=128.5 checkpoint=epoch-0011
[epoch 12/1000] EBOPs=1477038 target=350000 beta=1.07e-07 val_AUC=0.848222 val_accuracy=0.592524 seconds=117.6 checkpoint=epoch-0012
[epoch 13/1000] EBOPs=1321902 target=350000 beta=1.15e-07 val_AUC=0.849475 val_accuracy=0.596202 seconds=113.2 checkpoint=epoch-0013
[epoch 14/1000] EBOPs=1297710 target=350000 beta=1.1e-07 val_AUC=0.848116 val_accuracy=0.588460 seconds=122.7 checkpoint=epoch-0014
[epoch 15/1000] EBOPs=1274921 target=350000 beta=1.16e-07 val_AUC=0.852015 val_accuracy=0.597806 seconds=127.2 checkpoint=epoch-0015
[epoch 16/1000] EBOPs=1260363 target=350000 beta=1.21e-07 val_AUC=0.852037 val_accuracy=0.595282 seconds=120.2 checkpoint=epoch-0016
[epoch 17/1000] EBOPs=1249744 target=350000 beta=1.28e-07 val_AUC=0.855038 val_accuracy=0.598073 seconds=110.5 checkpoint=epoch-0017
[epoch 18/1000] EBOPs=1244816 target=350000 beta=1.35e-07 val_AUC=0.852036 val_accuracy=0.597218 seconds=102.1 checkpoint=epoch-0018
[epoch 19/1000] EBOPs=1239125 target=350000 beta=1.43e-07 val_AUC=0.851499 val_accuracy=0.595476 seconds=100.8 checkpoint=epoch-0019
[epoch 20/1000] EBOPs=1233542 target=350000 beta=1.52e-07 val_AUC=0.851280 val_accuracy=0.591331 seconds=113.3 checkpoint=epoch-0020
[epoch 21/1000] EBOPs=1230657 target=350000 beta=1.61e-07 val_AUC=0.850733 val_accuracy=0.589081 seconds=103.2 checkpoint=epoch-0021
[epoch 22/1000] EBOPs=1224454 target=350000 beta=1.71e-07 val_AUC=0.854393 val_accuracy=0.594685 seconds=102.3 checkpoint=epoch-0022
[epoch 23/1000] EBOPs=1222278 target=350000 beta=1.81e-07 val_AUC=0.850911 val_accuracy=0.593218 seconds=101.5 checkpoint=epoch-0023
[epoch 24/1000] EBOPs=1221574 target=350000 beta=1.93e-07 val_AUC=0.850542 val_accuracy=0.574532 seconds=100.2 checkpoint=epoch-0024
[epoch 25/1000] EBOPs=1218438 target=350000 beta=2.05e-07 val_AUC=0.856722 val_accuracy=0.593774 seconds=101.7 checkpoint=epoch-0025
wandb: Adding directory to artifact (/data/confirmation-20260923/architecture/runs/confirm0923-a02-s3-e1000/checkpoints/epoch-0025)... Done. 0.1s
[wandb] artifact resume-confirm0923-a02-s3-e1000:v0 committed (5 files)
[epoch 26/1000] EBOPs=1218310 target=350000 beta=2.18e-07 val_AUC=0.858896 val_accuracy=0.604694 seconds=100.8 checkpoint=epoch-0026
[epoch 27/1000] EBOPs=1215494 target=350000 beta=2.32e-07 val_AUC=0.858668 val_accuracy=0.599831 seconds=101.3 checkpoint=epoch-0027
[epoch 28/1000] EBOPs=1214214 target=350000 beta=2.46e-07 val_AUC=0.857035 val_accuracy=0.596323 seconds=100.7 checkpoint=epoch-0028
[epoch 29/1000] EBOPs=1212038 target=350000 beta=2.62e-07 val_AUC=0.859246 val_accuracy=0.607468 seconds=109.0 checkpoint=epoch-0029
[epoch 30/1000] EBOPs=1209478 target=350000 beta=2.78e-07 val_AUC=0.860512 val_accuracy=0.606984 seconds=101.8 checkpoint=epoch-0030
[epoch 31/1000] EBOPs=1207686 target=350000 beta=2.95e-07 val_AUC=0.852971 val_accuracy=0.581234 seconds=101.9 checkpoint=epoch-0031
[epoch 32/1000] EBOPs=1206662 target=350000 beta=3.13e-07 val_AUC=0.859488 val_accuracy=0.602815 seconds=100.8 checkpoint=epoch-0032
[epoch 33/1000] EBOPs=1206214 target=350000 beta=3.33e-07 val_AUC=0.862952 val_accuracy=0.611831 seconds=100.5 checkpoint=epoch-0033
[epoch 34/1000] EBOPs=1207302 target=350000 beta=3.54e-07 val_AUC=0.861988 val_accuracy=0.610556 seconds=101.9 checkpoint=epoch-0034
[epoch 35/1000] EBOPs=1204934 target=350000 beta=3.77e-07 val_AUC=0.862835 val_accuracy=0.608234 seconds=99.6 checkpoint=epoch-0035
[epoch 36/1000] EBOPs=1203206 target=350000 beta=4e-07 val_AUC=0.858819 val_accuracy=0.603129 seconds=100.3 checkpoint=epoch-0036
[epoch 37/1000] EBOPs=1202310 target=350000 beta=4.25e-07 val_AUC=0.863474 val_accuracy=0.608879 seconds=99.2 checkpoint=epoch-0037
[epoch 38/1000] EBOPs=1159553 target=350000 beta=4.52e-07 val_AUC=0.863664 val_accuracy=0.613976 seconds=99.9 checkpoint=epoch-0038
[epoch 39/1000] EBOPs=1144257 target=350000 beta=4.63e-07 val_AUC=0.864545 val_accuracy=0.607774 seconds=101.7 checkpoint=epoch-0039
[epoch 40/1000] EBOPs=1126657 target=350000 beta=4.85e-07 val_AUC=0.864447 val_accuracy=0.612823 seconds=102.0 checkpoint=epoch-0040
[epoch 41/1000] EBOPs=1113212 target=350000 beta=5.06e-07 val_AUC=0.865476 val_accuracy=0.614839 seconds=107.5 checkpoint=epoch-0041
[epoch 42/1000] EBOPs=1095937 target=350000 beta=5.3e-07 val_AUC=0.861902 val_accuracy=0.611435 seconds=100.7 checkpoint=epoch-0042
[epoch 43/1000] EBOPs=1083681 target=350000 beta=5.52e-07 val_AUC=0.863838 val_accuracy=0.612065 seconds=98.4 checkpoint=epoch-0043
[epoch 44/1000] EBOPs=1070551 target=350000 beta=5.78e-07 val_AUC=0.864562 val_accuracy=0.611097 seconds=101.4 checkpoint=epoch-0044
[epoch 45/1000] EBOPs=1059740 target=350000 beta=6.04e-07 val_AUC=0.864981 val_accuracy=0.613210 seconds=99.3 checkpoint=epoch-0045
[epoch 46/1000] EBOPs=1046263 target=350000 beta=6.31e-07 val_AUC=0.863475 val_accuracy=0.611895 seconds=114.7 checkpoint=epoch-0046
[epoch 47/1000] EBOPs=1038807 target=350000 beta=6.59e-07 val_AUC=0.864913 val_accuracy=0.615315 seconds=101.0 checkpoint=epoch-0047
[epoch 48/1000] EBOPs=1031799 target=350000 beta=6.9e-07 val_AUC=0.863260 val_accuracy=0.608274 seconds=99.1 checkpoint=epoch-0048
[epoch 49/1000] EBOPs=1024023 target=350000 beta=7.24e-07 val_AUC=0.865003 val_accuracy=0.609306 seconds=102.8 checkpoint=epoch-0049
[epoch 50/1000] EBOPs=1016055 target=350000 beta=7.58e-07 val_AUC=0.863670 val_accuracy=0.614476 seconds=99.4 checkpoint=epoch-0050
wandb: Adding directory to artifact (/data/confirmation-20260923/architecture/runs/confirm0923-a02-s3-e1000/checkpoints/epoch-0050)... Done. 0.1s
[wandb] artifact resume-confirm0923-a02-s3-e1000:v1 committed (5 files)
[epoch 51/1000] EBOPs=1009842 target=350000 beta=7.93e-07 val_AUC=0.862336 val_accuracy=0.610702 seconds=104.6 checkpoint=epoch-0051
[epoch 52/1000] EBOPs=1003346 target=350000 beta=8.31e-07 val_AUC=0.864782 val_accuracy=0.611032 seconds=100.5 checkpoint=epoch-0052
[epoch 53/1000] EBOPs=998610 target=350000 beta=8.71e-07 val_AUC=0.863036 val_accuracy=0.602984 seconds=98.8 checkpoint=epoch-0053
[epoch 54/1000] EBOPs=992867 target=350000 beta=9.13e-07 val_AUC=0.866942 val_accuracy=0.613524 seconds=100.7 checkpoint=epoch-0054
[epoch 55/1000] EBOPs=985832 target=350000 beta=9.56e-07 val_AUC=0.867284 val_accuracy=0.616290 seconds=103.4 checkpoint=epoch-0055
[epoch 56/1000] EBOPs=982440 target=350000 beta=1e-06 val_AUC=0.861129 val_accuracy=0.605065 seconds=100.2 checkpoint=epoch-0056
[epoch 57/1000] EBOPs=978541 target=350000 beta=1.05e-06 val_AUC=0.862537 val_accuracy=0.607387 seconds=102.9 checkpoint=epoch-0057
[epoch 58/1000] EBOPs=971944 target=350000 beta=1.1e-06 val_AUC=0.864142 val_accuracy=0.608347 seconds=103.7 checkpoint=epoch-0058
[epoch 59/1000] EBOPs=964461 target=350000 beta=1.15e-06 val_AUC=0.865532 val_accuracy=0.610081 seconds=100.7 checkpoint=epoch-0059
[epoch 60/1000] EBOPs=960771 target=350000 beta=1.2e-06 val_AUC=0.867399 val_accuracy=0.615355 seconds=103.0 checkpoint=epoch-0060
[epoch 61/1000] EBOPs=956301 target=350000 beta=1.26e-06 val_AUC=0.866743 val_accuracy=0.615540 seconds=103.4 checkpoint=epoch-0061
[epoch 62/1000] EBOPs=953773 target=350000 beta=1.32e-06 val_AUC=0.866253 val_accuracy=0.613065 seconds=109.3 checkpoint=epoch-0062
[epoch 63/1000] EBOPs=949672 target=350000 beta=1.38e-06 val_AUC=0.866666 val_accuracy=0.614597 seconds=104.6 checkpoint=epoch-0063
[epoch 64/1000] EBOPs=901864 target=350000 beta=1.45e-06 val_AUC=0.866406 val_accuracy=0.615452 seconds=103.6 checkpoint=epoch-0064
[epoch 65/1000] EBOPs=894696 target=350000 beta=1.44e-06 val_AUC=0.864080 val_accuracy=0.609887 seconds=103.6 checkpoint=epoch-0065
[epoch 66/1000] EBOPs=883299 target=350000 beta=1.5e-06 val_AUC=0.862846 val_accuracy=0.613968 seconds=102.5 checkpoint=epoch-0066
[epoch 67/1000] EBOPs=869204 target=350000 beta=1.55e-06 val_AUC=0.865962 val_accuracy=0.611435 seconds=102.4 checkpoint=epoch-0067
[epoch 68/1000] EBOPs=857172 target=350000 beta=1.59e-06 val_AUC=0.861410 val_accuracy=0.604073 seconds=104.2 checkpoint=epoch-0068
[epoch 69/1000] EBOPs=841098 target=350000 beta=1.64e-06 val_AUC=0.865849 val_accuracy=0.612855 seconds=105.1 checkpoint=epoch-0069
[epoch 70/1000] EBOPs=829642 target=350000 beta=1.68e-06 val_AUC=0.861524 val_accuracy=0.602935 seconds=103.4 checkpoint=epoch-0070
[epoch 71/1000] EBOPs=815567 target=350000 beta=1.73e-06 val_AUC=0.862940 val_accuracy=0.604548 seconds=103.1 checkpoint=epoch-0071
[epoch 72/1000] EBOPs=802890 target=350000 beta=1.78e-06 val_AUC=0.862702 val_accuracy=0.608484 seconds=106.8 checkpoint=epoch-0072
[epoch 73/1000] EBOPs=793093 target=350000 beta=1.83e-06 val_AUC=0.864039 val_accuracy=0.609145 seconds=111.7 checkpoint=epoch-0073
[epoch 74/1000] EBOPs=783680 target=350000 beta=1.88e-06 val_AUC=0.861509 val_accuracy=0.604371 seconds=106.7 checkpoint=epoch-0074
[epoch 75/1000] EBOPs=773553 target=350000 beta=1.93e-06 val_AUC=0.863815 val_accuracy=0.609823 seconds=105.4 checkpoint=epoch-0075
wandb: Adding directory to artifact (/data/confirmation-20260923/architecture/runs/confirm0923-a02-s3-e1000/checkpoints/epoch-0075)... Done. 0.1s
[wandb] artifact resume-confirm0923-a02-s3-e1000:v2 committed (5 files)
[epoch 76/1000] EBOPs=765686 target=350000 beta=1.99e-06 val_AUC=0.863022 val_accuracy=0.607073 seconds=109.7 checkpoint=epoch-0076
[epoch 77/1000] EBOPs=757809 target=350000 beta=2.04e-06 val_AUC=0.861699 val_accuracy=0.606968 seconds=106.3 checkpoint=epoch-0077
[epoch 78/1000] EBOPs=751921 target=350000 beta=2.1e-06 val_AUC=0.864239 val_accuracy=0.609613 seconds=105.1 checkpoint=epoch-0078
[epoch 79/1000] EBOPs=744492 target=350000 beta=2.17e-06 val_AUC=0.859570 val_accuracy=0.600298 seconds=104.6 checkpoint=epoch-0079
[epoch 80/1000] EBOPs=738663 target=350000 beta=2.23e-06 val_AUC=0.860560 val_accuracy=0.603677 seconds=110.1 checkpoint=epoch-0080
[epoch 81/1000] EBOPs=733484 target=350000 beta=2.29e-06 val_AUC=0.864152 val_accuracy=0.608565 seconds=108.9 checkpoint=epoch-0081
[epoch 82/1000] EBOPs=727975 target=350000 beta=2.36e-06 val_AUC=0.862639 val_accuracy=0.607669 seconds=108.8 checkpoint=epoch-0082
[epoch 83/1000] EBOPs=724221 target=350000 beta=2.43e-06 val_AUC=0.861799 val_accuracy=0.606339 seconds=107.1 checkpoint=epoch-0083
[epoch 84/1000] EBOPs=717400 target=350000 beta=2.51e-06 val_AUC=0.861760 val_accuracy=0.597581 seconds=102.3 checkpoint=epoch-0084
[epoch 85/1000] EBOPs=714040 target=350000 beta=2.58e-06 val_AUC=0.859632 val_accuracy=0.600274 seconds=105.0 checkpoint=epoch-0085
[epoch 86/1000] EBOPs=709624 target=350000 beta=2.66e-06 val_AUC=0.861644 val_accuracy=0.602540 seconds=122.1 checkpoint=epoch-0086
[epoch 87/1000] EBOPs=706003 target=350000 beta=2.74e-06 val_AUC=0.861055 val_accuracy=0.603274 seconds=118.8 checkpoint=epoch-0087
[epoch 88/1000] EBOPs=702611 target=350000 beta=2.82e-06 val_AUC=0.862463 val_accuracy=0.601750 seconds=124.6 checkpoint=epoch-0088
[epoch 89/1000] EBOPs=698163 target=350000 beta=2.91e-06 val_AUC=0.861464 val_accuracy=0.604210 seconds=126.7 checkpoint=epoch-0089
[epoch 90/1000] EBOPs=694584 target=350000 beta=2.99e-06 val_AUC=0.862281 val_accuracy=0.605476 seconds=133.5 checkpoint=epoch-0090
[epoch 91/1000] EBOPs=649432 target=350000 beta=3.08e-06 val_AUC=0.862585 val_accuracy=0.605847 seconds=127.0 checkpoint=epoch-0091
[train] confirm0923-a02-s3-e1000 params=16363 resume_epoch=91 initial_ebops=1477038
wandb: [wandb.login()] Loaded credentials for https://api.wandb.ai from WANDB_API_KEY.
wandb: setting up run 4b8d7e078b37
wandb: Resuming run confirm0923-a02-s3-e1000-s3
wandb: 🚀 View run at https://wandb.ai/kayamaguchi-uc-san-diego/BNJetTag-Engram-Experimental/runs/4b8d7e078b37
[train] confirm0923-a02-s3-e1000 params=16363 resume_epoch=91 initial_ebops=1477038
wandb: [wandb.login()] Loaded credentials for https://api.wandb.ai from WANDB_API_KEY.
wandb: Resuming run confirm0923-a02-s3-e1000-s3
wandb: 🚀 View run at https://wandb.ai/kayamaguchi-uc-san-diego/BNJetTag-Engram-Experimental/runs/4b8d7e078b37
[train] confirm0923-a02-s3-e1000 params=16363 resume_epoch=91 initial_ebops=1477038
wandb: [wandb.login()] Loaded credentials for https://api.wandb.ai from WANDB_API_KEY.
wandb: Resuming run confirm0923-a02-s3-e1000-s3
wandb: 🚀 View run at https://wandb.ai/kayamaguchi-uc-san-diego/BNJetTag-Engram-Experimental/runs/4b8d7e078b37
