
[one-gpu round 16] resume=126 stop_after=146
[train] confirm0923-a03-s2-e1000 params=14497 resume_epoch=126 initial_ebops=1477038
wandb: [wandb.login()] Loaded credentials for https://api.wandb.ai from WANDB_API_KEY.
wandb: Resuming run confirm0923-a03-s2-e1000-s2
wandb: 🚀 View run at https://wandb.ai/kayamaguchi-uc-san-diego/BNJetTag-Engram-Experimental/runs/ffba08ecd4ca
[epoch 127/1000] EBOPs=355694 target=350000 beta=1.92e-06 val_AUC=0.809097 val_accuracy=0.522242 seconds=116.8 checkpoint=epoch-0127
[epoch 128/1000] EBOPs=376174 target=350000 beta=1.8e-06 val_AUC=0.827320 val_accuracy=0.550153 seconds=102.2 checkpoint=epoch-0128
[epoch 129/1000] EBOPs=347502 target=350000 beta=1.91e-06 val_AUC=0.829435 val_accuracy=0.542016 seconds=102.3 checkpoint=epoch-0129
[epoch 130/1000] EBOPs=374126 target=350000 beta=1.76e-06 val_AUC=0.838811 val_accuracy=0.567419 seconds=102.8 checkpoint=epoch-0130
[epoch 131/1000] EBOPs=335214 target=350000 beta=1.9e-06 val_AUC=0.835097 val_accuracy=0.558806 seconds=102.3 checkpoint=epoch-0131
[epoch 132/1000] EBOPs=363886 target=350000 beta=1.7e-06 val_AUC=0.837932 val_accuracy=0.562823 seconds=101.2 checkpoint=epoch-0132
[epoch 133/1000] EBOPs=347502 target=350000 beta=1.85e-06 val_AUC=0.815975 val_accuracy=0.520911 seconds=101.4 checkpoint=epoch-0133
[epoch 134/1000] EBOPs=355694 target=350000 beta=1.77e-06 val_AUC=0.836598 val_accuracy=0.551952 seconds=100.6 checkpoint=epoch-0134
[epoch 135/1000] EBOPs=339310 target=350000 beta=1.81e-06 val_AUC=0.834854 val_accuracy=0.560500 seconds=100.4 checkpoint=epoch-0135
[epoch 136/1000] EBOPs=349550 target=350000 beta=1.72e-06 val_AUC=0.835086 val_accuracy=0.561282 seconds=101.9 checkpoint=epoch-0136
[epoch 137/1000] EBOPs=339310 target=350000 beta=1.78e-06 val_AUC=0.837740 val_accuracy=0.563250 seconds=102.5 checkpoint=epoch-0137
[epoch 138/1000] EBOPs=376174 target=350000 beta=1.72e-06 val_AUC=0.839903 val_accuracy=0.559718 seconds=99.9 checkpoint=epoch-0138
[epoch 139/1000] EBOPs=322926 target=350000 beta=1.92e-06 val_AUC=0.834504 val_accuracy=0.553750 seconds=101.8 checkpoint=epoch-0139
[epoch 140/1000] EBOPs=367982 target=350000 beta=1.64e-06 val_AUC=0.834699 val_accuracy=0.557589 seconds=101.5 checkpoint=epoch-0140
[epoch 141/1000] EBOPs=349550 target=350000 beta=1.87e-06 val_AUC=0.840980 val_accuracy=0.570573 seconds=101.6 checkpoint=epoch-0141
[epoch 142/1000] EBOPs=351598 target=350000 beta=1.78e-06 val_AUC=0.838762 val_accuracy=0.559452 seconds=100.5 checkpoint=epoch-0142
[epoch 143/1000] EBOPs=335214 target=350000 beta=1.79e-06 val_AUC=0.833711 val_accuracy=0.554194 seconds=100.3 checkpoint=epoch-0143
[epoch 144/1000] EBOPs=327022 target=350000 beta=1.7e-06 val_AUC=0.811139 val_accuracy=0.507048 seconds=100.0 checkpoint=epoch-0144
[epoch 145/1000] EBOPs=342638 target=350000 beta=1.65e-06 val_AUC=0.834329 val_accuracy=0.558556 seconds=102.0 checkpoint=epoch-0145
[epoch 146/1000] EBOPs=353646 target=350000 beta=1.73e-06 val_AUC=0.836256 val_accuracy=0.560427 seconds=100.4 checkpoint=epoch-0146
wandb: updating run metadata
wandb: uploading config.yaml; uploading output.log; uploading wandb-summary.json
wandb: uploading history steps 141-142, summary, console lines 19-19
wandb: 🚀 View run confirm0923-a03-s2-e1000-s2 at: https://wandb.ai/kayamaguchi-uc-san-diego/BNJetTag-Engram-Experimental/runs/ffba08ecd4ca
wandb: ⭐️ View project at: https://wandb.ai/kayamaguchi-uc-san-diego/BNJetTag-Engram-Experimental
wandb: Synced 5 W&B file(s), 0 media file(s), 0 artifact file(s) and 0 other file(s)
wandb: setting up run ffba08ecd4ca
wandb: Resuming run confirm0923-a03-s2-e1000
wandb: 🚀 View run at https://wandb.ai/kayamaguchi-uc-san-diego/BNJetTag-Engram-Experimental/runs/ffba08ecd4ca
[wandb] artifact engram-review-confirm0923-a03-s2-e1000:v1 committed (10 files)
wandb: updating run metadata
wandb: uploading config.yaml; uploading output.log; uploading wandb-summary.json
wandb: 🚀 View run confirm0923-a03-s2-e1000 at: https://wandb.ai/kayamaguchi-uc-san-diego/BNJetTag-Engram-Experimental/runs/ffba08ecd4ca
wandb: ⭐️ View project at: https://wandb.ai/kayamaguchi-uc-san-diego/BNJetTag-Engram-Experimental
wandb: Synced 5 W&B file(s), 0 media file(s), 5 artifact file(s) and 0 other file(s)
{
  "selection_cost": 349550,
  "selection_cost_convention": "native_hgq2",
  "native_hgq2_backbone_ebops": 349550,
  "custom_estimated_bitops": 0,
  "modules": {},
  "warning": "Augmented total is not directly interchangeable with historical native HGQ2 totals.",
  "run": "confirm0923-a03-s2-e1000",
  "checkpoint": "model_best.keras",
  "checkpoint_sha256": "78106c1a90a0906887234eefb514917293851e46572ce590d25bc8cdde4625d0",
  "completed_epochs": 146,
  "selected": {
    "epoch": 140,
    "val_macro_auc": 0.8409795814998491,
    "val_categorical_accuracy": 0.5705725806451613,
    "ebops": 349550
  },
  "budget_met": true,
  "validation_accuracy": 0.5705725806451613,
  "validation_macro_auc": 0.8409795814998491,
  "validation_per_class_auc": [
    0.7940810002667521,
    0.8459492725901383,
    0.8344826099135194,
    0.8267228605719406,
    0.9036621641568955
  ],
  "validation_labels_sha256": "97dedf586443a035071a6ec1ef25acae6841bb0890fa3dfd801c6a3d72ec234e",
  "validation_inputs_sha256": "dcdb76db132fb211f64f5ef7aefd6f09458bc18613a216b9b5e8d2366e7dd62a",
  "seed": 2,
  "test_set_used": false,
  "hardware_validated": false
}

[one-gpu round 19] resume=146 stop_after=166
[train] confirm0923-a03-s2-e1000 params=14497 resume_epoch=146 initial_ebops=1477038
wandb: [wandb.login()] Loaded credentials for https://api.wandb.ai from WANDB_API_KEY.
wandb: Resuming run confirm0923-a03-s2-e1000-s2
wandb: 🚀 View run at https://wandb.ai/kayamaguchi-uc-san-diego/BNJetTag-Engram-Experimental/runs/ffba08ecd4ca
[epoch 147/1000] EBOPs=335214 target=350000 beta=1.79e-06 val_AUC=0.838681 val_accuracy=0.562290 seconds=113.5 checkpoint=epoch-0147
[epoch 148/1000] EBOPs=352878 target=350000 beta=1.69e-06 val_AUC=0.831223 val_accuracy=0.550194 seconds=99.0 checkpoint=epoch-0148
[epoch 149/1000] EBOPs=339310 target=350000 beta=1.78e-06 val_AUC=0.825834 val_accuracy=0.541331 seconds=98.6 checkpoint=epoch-0149
[epoch 150/1000] EBOPs=314734 target=350000 beta=1.71e-06 val_AUC=0.837028 val_accuracy=0.564145 seconds=97.1 checkpoint=epoch-0150
wandb: Adding directory to artifact (/data/confirmation-20260923/architecture/runs/confirm0923-a03-s2-e1000/checkpoints/epoch-0150)... Done. 0.1s
[wandb] artifact resume-confirm0923-a03-s2-e1000:v5 committed (6 files)
[epoch 151/1000] EBOPs=329070 target=350000 beta=1.58e-06 val_AUC=0.815759 val_accuracy=0.524532 seconds=96.0 checkpoint=epoch-0151
[epoch 152/1000] EBOPs=330350 target=350000 beta=1.64e-06 val_AUC=0.825419 val_accuracy=0.540379 seconds=102.3 checkpoint=epoch-0152
[epoch 153/1000] EBOPs=327022 target=350000 beta=1.65e-06 val_AUC=0.819481 val_accuracy=0.539395 seconds=103.0 checkpoint=epoch-0153
[epoch 154/1000] EBOPs=331118 target=350000 beta=1.62e-06 val_AUC=0.830603 val_accuracy=0.550968 seconds=103.8 checkpoint=epoch-0154
[epoch 155/1000] EBOPs=363886 target=350000 beta=1.64e-06 val_AUC=0.836795 val_accuracy=0.545282 seconds=96.8 checkpoint=epoch-0155
[epoch 156/1000] EBOPs=346734 target=350000 beta=1.81e-06 val_AUC=0.830310 val_accuracy=0.548363 seconds=98.3 checkpoint=epoch-0156
[epoch 157/1000] EBOPs=302446 target=350000 beta=1.72e-06 val_AUC=0.835054 val_accuracy=0.554419 seconds=99.0 checkpoint=epoch-0157
[epoch 158/1000] EBOPs=372078 target=350000 beta=1.49e-06 val_AUC=0.839189 val_accuracy=0.562911 seconds=100.2 checkpoint=epoch-0158
[epoch 159/1000] EBOPs=302446 target=350000 beta=1.84e-06 val_AUC=0.833829 val_accuracy=0.554637 seconds=105.8 checkpoint=epoch-0159
[epoch 160/1000] EBOPs=318830 target=350000 beta=1.48e-06 val_AUC=0.835490 val_accuracy=0.555427 seconds=96.5 checkpoint=epoch-0160
[epoch 161/1000] EBOPs=376174 target=350000 beta=1.56e-06 val_AUC=0.841295 val_accuracy=0.571161 seconds=99.2 checkpoint=epoch-0161
[epoch 162/1000] EBOPs=310638 target=350000 beta=1.84e-06 val_AUC=0.834553 val_accuracy=0.553677 seconds=99.0 checkpoint=epoch-0162
[epoch 163/1000] EBOPs=331118 target=350000 beta=1.51e-06 val_AUC=0.835894 val_accuracy=0.565750 seconds=102.5 checkpoint=epoch-0163
[epoch 164/1000] EBOPs=298350 target=350000 beta=1.61e-06 val_AUC=0.823078 val_accuracy=0.537823 seconds=101.5 checkpoint=epoch-0164
[epoch 165/1000] EBOPs=349550 target=350000 beta=1.44e-06 val_AUC=0.844008 val_accuracy=0.574613 seconds=109.2 checkpoint=epoch-0165
[epoch 166/1000] EBOPs=298350 target=350000 beta=1.68e-06 val_AUC=0.826021 val_accuracy=0.544653 seconds=110.1 checkpoint=epoch-0166
wandb: updating run metadata
wandb: uploading wandb-summary.json; uploading config.yaml; uploading output.log
wandb: uploading history steps 161-162, summary, console lines 21-21
wandb: 🚀 View run confirm0923-a03-s2-e1000-s2 at: https://wandb.ai/kayamaguchi-uc-san-diego/BNJetTag-Engram-Experimental/runs/ffba08ecd4ca
wandb: ⭐️ View project at: https://wandb.ai/kayamaguchi-uc-san-diego/BNJetTag-Engram-Experimental
wandb: Synced 5 W&B file(s), 0 media file(s), 6 artifact file(s) and 0 other file(s)
wandb: setting up run ffba08ecd4ca
wandb: Resuming run confirm0923-a03-s2-e1000
wandb: 🚀 View run at https://wandb.ai/kayamaguchi-uc-san-diego/BNJetTag-Engram-Experimental/runs/ffba08ecd4ca
[wandb] artifact engram-review-confirm0923-a03-s2-e1000:v2 committed (10 files)
wandb: updating run metadata
wandb: uploading output.log; uploading wandb-summary.json; uploading config.yaml
wandb: 🚀 View run confirm0923-a03-s2-e1000 at: https://wandb.ai/kayamaguchi-uc-san-diego/BNJetTag-Engram-Experimental/runs/ffba08ecd4ca
wandb: ⭐️ View project at: https://wandb.ai/kayamaguchi-uc-san-diego/BNJetTag-Engram-Experimental
wandb: Synced 5 W&B file(s), 0 media file(s), 5 artifact file(s) and 0 other file(s)
{
  "selection_cost": 349550,
  "selection_cost_convention": "native_hgq2",
  "native_hgq2_backbone_ebops": 349550,
  "custom_estimated_bitops": 0,
  "modules": {},
  "warning": "Augmented total is not directly interchangeable with historical native HGQ2 totals.",
  "run": "confirm0923-a03-s2-e1000",
  "checkpoint": "model_best.keras",
  "checkpoint_sha256": "113174429f2b97f30bb88d8d5bd28e49443df6c9840ac54627d98cd60782e91e",
  "completed_epochs": 166,
  "selected": {
    "epoch": 164,
    "val_macro_auc": 0.8440082654126246,
    "val_categorical_accuracy": 0.5746129032258065,
    "ebops": 349550
  },
  "budget_met": true,
  "validation_accuracy": 0.5746129032258065,
  "validation_macro_auc": 0.8440082654126246,
  "validation_per_class_auc": [
    0.7978577101444867,
    0.8471045941715392,
    0.8394553989463243,
    0.8313314735632785,
    0.9042921502374948
  ],
  "validation_labels_sha256": "97dedf586443a035071a6ec1ef25acae6841bb0890fa3dfd801c6a3d72ec234e",
  "validation_inputs_sha256": "dcdb76db132fb211f64f5ef7aefd6f09458bc18613a216b9b5e8d2366e7dd62a",
  "seed": 2,
  "test_set_used": false,
  "hardware_validated": false
}

[one-gpu round 23] resume=166 stop_after=186
[train] confirm0923-a03-s2-e1000 params=14497 resume_epoch=166 initial_ebops=1477038
wandb: [wandb.login()] Loaded credentials for https://api.wandb.ai from WANDB_API_KEY.
wandb: Resuming run confirm0923-a03-s2-e1000-s2
wandb: 🚀 View run at https://wandb.ai/kayamaguchi-uc-san-diego/BNJetTag-Engram-Experimental/runs/ffba08ecd4ca
[epoch 167/1000] EBOPs=306542 target=350000 beta=1.43e-06 val_AUC=0.825361 val_accuracy=0.538363 seconds=123.5 checkpoint=epoch-0167
[epoch 168/1000] EBOPs=339310 target=350000 beta=1.45e-06 val_AUC=0.832484 val_accuracy=0.552056 seconds=103.6 checkpoint=epoch-0168
[epoch 169/1000] EBOPs=335214 target=350000 beta=1.61e-06 val_AUC=0.836718 val_accuracy=0.558976 seconds=108.3 checkpoint=epoch-0169
[epoch 170/1000] EBOPs=361838 target=350000 beta=1.58e-06 val_AUC=0.839686 val_accuracy=0.565919 seconds=127.5 checkpoint=epoch-0170
[epoch 171/1000] EBOPs=318830 target=350000 beta=1.71e-06 val_AUC=0.833155 val_accuracy=0.550492 seconds=108.4 checkpoint=epoch-0171
[epoch 172/1000] EBOPs=330350 target=350000 beta=1.5e-06 val_AUC=0.833628 val_accuracy=0.554532 seconds=109.0 checkpoint=epoch-0172
[epoch 173/1000] EBOPs=318830 target=350000 beta=1.55e-06 val_AUC=0.837531 val_accuracy=0.562742 seconds=97.5 checkpoint=epoch-0173
[epoch 174/1000] EBOPs=344430 target=350000 beta=1.49e-06 val_AUC=0.839973 val_accuracy=0.558653 seconds=118.9 checkpoint=epoch-0174
[epoch 175/1000] EBOPs=292206 target=350000 beta=1.61e-06 val_AUC=0.821655 val_accuracy=0.525831 seconds=98.0 checkpoint=epoch-0175
wandb: Adding directory to artifact (/data/confirmation-20260923/architecture/runs/confirm0923-a03-s2-e1000/checkpoints/epoch-0175)... Done. 0.1s
[wandb] artifact resume-confirm0923-a03-s2-e1000:v6 committed (6 files)
[epoch 176/1000] EBOPs=359790 target=350000 beta=1.35e-06 val_AUC=0.844242 val_accuracy=0.571347 seconds=108.1 checkpoint=epoch-0176
[epoch 177/1000] EBOPs=314734 target=350000 beta=1.67e-06 val_AUC=0.832823 val_accuracy=0.538532 seconds=95.9 checkpoint=epoch-0177
[epoch 178/1000] EBOPs=357742 target=350000 beta=1.45e-06 val_AUC=0.846010 val_accuracy=0.577048 seconds=101.1 checkpoint=epoch-0178
[epoch 179/1000] EBOPs=318830 target=350000 beta=1.65e-06 val_AUC=0.831823 val_accuracy=0.549968 seconds=100.8 checkpoint=epoch-0179
[epoch 180/1000] EBOPs=314990 target=350000 beta=1.47e-06 val_AUC=0.837474 val_accuracy=0.561823 seconds=101.2 checkpoint=epoch-0180
[epoch 181/1000] EBOPs=305774 target=350000 beta=1.44e-06 val_AUC=0.832521 val_accuracy=0.549863 seconds=99.7 checkpoint=epoch-0181
[epoch 182/1000] EBOPs=365934 target=350000 beta=1.39e-06 val_AUC=0.844064 val_accuracy=0.571048 seconds=98.3 checkpoint=epoch-0182
[epoch 183/1000] EBOPs=353646 target=350000 beta=1.67e-06 val_AUC=0.838682 val_accuracy=0.563508 seconds=94.2 checkpoint=epoch-0183
[epoch 184/1000] EBOPs=347502 target=350000 beta=1.61e-06 val_AUC=0.843119 val_accuracy=0.572621 seconds=94.5 checkpoint=epoch-0184
[epoch 185/1000] EBOPs=322926 target=350000 beta=1.58e-06 val_AUC=0.835929 val_accuracy=0.558669 seconds=116.0 checkpoint=epoch-0185
[epoch 186/1000] EBOPs=341358 target=350000 beta=1.46e-06 val_AUC=0.842665 val_accuracy=0.569742 seconds=88.5 checkpoint=epoch-0186
wandb: updating run metadata
wandb: uploading output.log; uploading wandb-summary.json; uploading config.yaml
wandb: uploading config.yaml
wandb: 🚀 View run confirm0923-a03-s2-e1000-s2 at: https://wandb.ai/kayamaguchi-uc-san-diego/BNJetTag-Engram-Experimental/runs/ffba08ecd4ca
wandb: ⭐️ View project at: https://wandb.ai/kayamaguchi-uc-san-diego/BNJetTag-Engram-Experimental
wandb: Synced 5 W&B file(s), 0 media file(s), 6 artifact file(s) and 0 other file(s)
wandb: setting up run ffba08ecd4ca
wandb: Resuming run confirm0923-a03-s2-e1000
wandb: 🚀 View run at https://wandb.ai/kayamaguchi-uc-san-diego/BNJetTag-Engram-Experimental/runs/ffba08ecd4ca
[wandb] artifact engram-review-confirm0923-a03-s2-e1000:v3 committed (10 files)
wandb: uploading wandb-metadata.json; uploading requirements.txt; updating run metadata
wandb: uploading output.log; uploading config.yaml
wandb: 🚀 View run confirm0923-a03-s2-e1000 at: https://wandb.ai/kayamaguchi-uc-san-diego/BNJetTag-Engram-Experimental/runs/ffba08ecd4ca
wandb: ⭐️ View project at: https://wandb.ai/kayamaguchi-uc-san-diego/BNJetTag-Engram-Experimental
wandb: Synced 5 W&B file(s), 0 media file(s), 3 artifact file(s) and 0 other file(s)
{
  "selection_cost": 349550,
  "selection_cost_convention": "native_hgq2",
  "native_hgq2_backbone_ebops": 349550,
  "custom_estimated_bitops": 0,
  "modules": {},
  "warning": "Augmented total is not directly interchangeable with historical native HGQ2 totals.",
  "run": "confirm0923-a03-s2-e1000",
  "checkpoint": "model_best.keras",
  "checkpoint_sha256": "113174429f2b97f30bb88d8d5bd28e49443df6c9840ac54627d98cd60782e91e",
  "completed_epochs": 186,
  "selected": {
    "epoch": 164,
    "val_macro_auc": 0.8440082654126246,
    "val_categorical_accuracy": 0.5746129032258065,
    "ebops": 349550
  },
  "budget_met": true,
  "validation_accuracy": 0.5746129032258065,
  "validation_macro_auc": 0.8440082654126246,
  "validation_per_class_auc": [
    0.7978577101444867,
    0.8471045941715392,
    0.8394553989463243,
    0.8313314735632785,
    0.9042921502374948
  ],
  "validation_labels_sha256": "97dedf586443a035071a6ec1ef25acae6841bb0890fa3dfd801c6a3d72ec234e",
  "validation_inputs_sha256": "dcdb76db132fb211f64f5ef7aefd6f09458bc18613a216b9b5e8d2366e7dd62a",
  "seed": 2,
  "test_set_used": false,
  "hardware_validated": false
}

[one-gpu round 3] resume=186 stop_after=206
[train] confirm0923-a03-s2-e1000 params=14497 resume_epoch=186 initial_ebops=1477038
wandb: [wandb.login()] Loaded credentials for https://api.wandb.ai from WANDB_API_KEY.
wandb: Resuming run confirm0923-a03-s2-e1000-s2
wandb: 🚀 View run at https://wandb.ai/kayamaguchi-uc-san-diego/BNJetTag-Engram-Experimental/runs/ffba08ecd4ca
[epoch 187/1000] EBOPs=344430 target=350000 beta=1.55e-06 val_AUC=0.840932 val_accuracy=0.568855 seconds=111.0 checkpoint=epoch-0187
[epoch 188/1000] EBOPs=308590 target=350000 beta=1.56e-06 val_AUC=0.831871 val_accuracy=0.549137 seconds=101.0 checkpoint=epoch-0188
[epoch 189/1000] EBOPs=310638 target=350000 beta=1.39e-06 val_AUC=0.834905 val_accuracy=0.558734 seconds=102.7 checkpoint=epoch-0189
[epoch 190/1000] EBOPs=323950 target=350000 beta=1.39e-06 val_AUC=0.836826 val_accuracy=0.563524 seconds=100.2 checkpoint=epoch-0190
[epoch 191/1000] EBOPs=337262 target=350000 beta=1.44e-06 val_AUC=0.831397 val_accuracy=0.552323 seconds=99.3 checkpoint=epoch-0191
[epoch 192/1000] EBOPs=298350 target=350000 beta=1.5e-06 val_AUC=0.830785 val_accuracy=0.550935 seconds=98.7 checkpoint=epoch-0192
[epoch 193/1000] EBOPs=294254 target=350000 beta=1.32e-06 val_AUC=0.838472 val_accuracy=0.563161 seconds=99.7 checkpoint=epoch-0193
[epoch 194/1000] EBOPs=316782 target=350000 beta=1.29e-06 val_AUC=0.830665 val_accuracy=0.550121 seconds=98.5 checkpoint=epoch-0194
[epoch 195/1000] EBOPs=337262 target=350000 beta=1.38e-06 val_AUC=0.809527 val_accuracy=0.505653 seconds=97.5 checkpoint=epoch-0195
[epoch 196/1000] EBOPs=335214 target=350000 beta=1.46e-06 val_AUC=0.836121 val_accuracy=0.555040 seconds=102.2 checkpoint=epoch-0196
[epoch 197/1000] EBOPs=353646 target=350000 beta=1.45e-06 val_AUC=0.821363 val_accuracy=0.524347 seconds=102.5 checkpoint=epoch-0197
[epoch 198/1000] EBOPs=324974 target=350000 beta=1.53e-06 val_AUC=0.836802 val_accuracy=0.549524 seconds=97.0 checkpoint=epoch-0198
[epoch 199/1000] EBOPs=310638 target=350000 beta=1.4e-06 val_AUC=0.832626 val_accuracy=0.553790 seconds=99.6 checkpoint=epoch-0199
[epoch 200/1000] EBOPs=323950 target=350000 beta=1.33e-06 val_AUC=0.832556 val_accuracy=0.551548 seconds=100.0 checkpoint=epoch-0200
wandb: Adding directory to artifact (/data/confirmation-20260923/architecture/runs/confirm0923-a03-s2-e1000/checkpoints/epoch-0200)... Done. 0.1s
[wandb] artifact resume-confirm0923-a03-s2-e1000:v7 committed (6 files)
[epoch 201/1000] EBOPs=337262 target=350000 beta=1.39e-06 val_AUC=0.833891 val_accuracy=0.556427 seconds=99.5 checkpoint=epoch-0201
[epoch 202/1000] EBOPs=336238 target=350000 beta=1.44e-06 val_AUC=0.833359 val_accuracy=0.556597 seconds=99.0 checkpoint=epoch-0202
[epoch 203/1000] EBOPs=314734 target=350000 beta=1.43e-06 val_AUC=0.837077 val_accuracy=0.563468 seconds=101.9 checkpoint=epoch-0203
[epoch 204/1000] EBOPs=360814 target=350000 beta=1.33e-06 val_AUC=0.841010 val_accuracy=0.565444 seconds=99.6 checkpoint=epoch-0204
[epoch 205/1000] EBOPs=348526 target=350000 beta=1.53e-06 val_AUC=0.839400 val_accuracy=0.564629 seconds=98.6 checkpoint=epoch-0205
[epoch 206/1000] EBOPs=315758 target=350000 beta=1.48e-06 val_AUC=0.839093 val_accuracy=0.558847 seconds=98.0 checkpoint=epoch-0206
wandb: updating run metadata
wandb: uploading wandb-summary.json; uploading config.yaml; uploading output.log
wandb: 🚀 View run confirm0923-a03-s2-e1000-s2 at: https://wandb.ai/kayamaguchi-uc-san-diego/BNJetTag-Engram-Experimental/runs/ffba08ecd4ca
wandb: ⭐️ View project at: https://wandb.ai/kayamaguchi-uc-san-diego/BNJetTag-Engram-Experimental
wandb: Synced 5 W&B file(s), 0 media file(s), 4 artifact file(s) and 0 other file(s)
wandb: setting up run ffba08ecd4ca
wandb: Resuming run confirm0923-a03-s2-e1000
wandb: 🚀 View run at https://wandb.ai/kayamaguchi-uc-san-diego/BNJetTag-Engram-Experimental/runs/ffba08ecd4ca
[wandb] artifact engram-review-confirm0923-a03-s2-e1000:v4 committed (10 files)
wandb: uploading wandb-metadata.json; uploading requirements.txt; updating run metadata
wandb: uploading config.yaml; uploading output.log; uploading wandb-summary.json
wandb: 🚀 View run confirm0923-a03-s2-e1000 at: https://wandb.ai/kayamaguchi-uc-san-diego/BNJetTag-Engram-Experimental/runs/ffba08ecd4ca
wandb: ⭐️ View project at: https://wandb.ai/kayamaguchi-uc-san-diego/BNJetTag-Engram-Experimental
wandb: Synced 5 W&B file(s), 0 media file(s), 3 artifact file(s) and 0 other file(s)
{
  "selection_cost": 349550,
  "selection_cost_convention": "native_hgq2",
  "native_hgq2_backbone_ebops": 349550,
  "custom_estimated_bitops": 0,
  "modules": {},
  "warning": "Augmented total is not directly interchangeable with historical native HGQ2 totals.",
  "run": "confirm0923-a03-s2-e1000",
  "checkpoint": "model_best.keras",
  "checkpoint_sha256": "113174429f2b97f30bb88d8d5bd28e49443df6c9840ac54627d98cd60782e91e",
  "completed_epochs": 206,
  "selected": {
    "epoch": 164,
    "val_macro_auc": 0.8440082654126246,
    "val_categorical_accuracy": 0.5746129032258065,
    "ebops": 349550
  },
  "budget_met": true,
  "validation_accuracy": 0.5746129032258065,
  "validation_macro_auc": 0.8440082654126246,
  "validation_per_class_auc": [
    0.7978577101444867,
    0.8471045941715392,
    0.8394553989463243,
    0.8313314735632785,
    0.9042921502374948
  ],
  "validation_labels_sha256": "97dedf586443a035071a6ec1ef25acae6841bb0890fa3dfd801c6a3d72ec234e",
  "validation_inputs_sha256": "dcdb76db132fb211f64f5ef7aefd6f09458bc18613a216b9b5e8d2366e7dd62a",
  "seed": 2,
  "test_set_used": false,
  "hardware_validated": false
}

[one-gpu round 6] resume=206 stop_after=226
[train] confirm0923-a03-s2-e1000 params=14497 resume_epoch=206 initial_ebops=1477038
wandb: [wandb.login()] Loaded credentials for https://api.wandb.ai from WANDB_API_KEY.
wandb: setting up run ffba08ecd4ca
wandb: Resuming run confirm0923-a03-s2-e1000-s2
wandb: 🚀 View run at https://wandb.ai/kayamaguchi-uc-san-diego/BNJetTag-Engram-Experimental/runs/ffba08ecd4ca
[epoch 207/1000] EBOPs=359790 target=350000 beta=1.33e-06 val_AUC=0.838751 val_accuracy=0.555113 seconds=118.4 checkpoint=epoch-0207
[epoch 208/1000] EBOPs=339310 target=350000 beta=1.52e-06 val_AUC=0.836123 val_accuracy=0.560879 seconds=103.4 checkpoint=epoch-0208
[epoch 209/1000] EBOPs=305774 target=350000 beta=1.43e-06 val_AUC=0.830184 val_accuracy=0.552718 seconds=104.5 checkpoint=epoch-0209
[epoch 210/1000] EBOPs=312686 target=350000 beta=1.28e-06 val_AUC=0.836165 val_accuracy=0.557032 seconds=101.9 checkpoint=epoch-0210
[epoch 211/1000] EBOPs=333422 target=350000 beta=1.3e-06 val_AUC=0.843238 val_accuracy=0.566782 seconds=101.7 checkpoint=epoch-0211
[epoch 212/1000] EBOPs=329070 target=350000 beta=1.39e-06 val_AUC=0.838399 val_accuracy=0.566540 seconds=103.4 checkpoint=epoch-0212
[epoch 213/1000] EBOPs=316782 target=350000 beta=1.36e-06 val_AUC=0.829270 val_accuracy=0.545444 seconds=103.1 checkpoint=epoch-0213
[epoch 214/1000] EBOPs=311662 target=350000 beta=1.31e-06 val_AUC=0.828584 val_accuracy=0.536952 seconds=104.6 checkpoint=epoch-0214
[epoch 215/1000] EBOPs=325998 target=350000 beta=1.28e-06 val_AUC=0.841374 val_accuracy=0.567516 seconds=104.6 checkpoint=epoch-0215
[epoch 216/1000] EBOPs=328046 target=350000 beta=1.33e-06 val_AUC=0.824880 val_accuracy=0.526677 seconds=102.8 checkpoint=epoch-0216
[epoch 217/1000] EBOPs=331118 target=350000 beta=1.34e-06 val_AUC=0.831702 val_accuracy=0.545073 seconds=103.9 checkpoint=epoch-0217
[epoch 218/1000] EBOPs=318830 target=350000 beta=1.35e-06 val_AUC=0.842178 val_accuracy=0.567137 seconds=103.4 checkpoint=epoch-0218
[epoch 219/1000] EBOPs=336238 target=350000 beta=1.29e-06 val_AUC=0.835618 val_accuracy=0.562355 seconds=103.4 checkpoint=epoch-0219
[epoch 220/1000] EBOPs=331118 target=350000 beta=1.36e-06 val_AUC=0.837787 val_accuracy=0.542202 seconds=104.2 checkpoint=epoch-0220
[epoch 221/1000] EBOPs=345454 target=350000 beta=1.33e-06 val_AUC=0.837815 val_accuracy=0.528758 seconds=104.2 checkpoint=epoch-0221
[epoch 222/1000] EBOPs=318830 target=350000 beta=1.39e-06 val_AUC=0.842181 val_accuracy=0.566161 seconds=103.6 checkpoint=epoch-0222
[epoch 223/1000] EBOPs=327022 target=350000 beta=1.28e-06 val_AUC=0.830331 val_accuracy=0.544597 seconds=103.3 checkpoint=epoch-0223
[epoch 224/1000] EBOPs=327022 target=350000 beta=1.3e-06 val_AUC=0.834883 val_accuracy=0.554710 seconds=104.0 checkpoint=epoch-0224
[epoch 225/1000] EBOPs=364910 target=350000 beta=1.3e-06 val_AUC=0.843149 val_accuracy=0.573565 seconds=102.7 checkpoint=epoch-0225
wandb: Adding directory to artifact (/data/confirmation-20260923/architecture/runs/confirm0923-a03-s2-e1000/checkpoints/epoch-0225)... Done. 0.1s
[wandb] artifact resume-confirm0923-a03-s2-e1000:v8 committed (6 files)
[epoch 226/1000] EBOPs=339310 target=350000 beta=1.45e-06 val_AUC=0.837852 val_accuracy=0.563879 seconds=103.3 checkpoint=epoch-0226
wandb: updating run metadata
wandb: uploading output.log; uploading wandb-summary.json; uploading config.yaml
wandb: 🚀 View run confirm0923-a03-s2-e1000-s2 at: https://wandb.ai/kayamaguchi-uc-san-diego/BNJetTag-Engram-Experimental/runs/ffba08ecd4ca
wandb: ⭐️ View project at: https://wandb.ai/kayamaguchi-uc-san-diego/BNJetTag-Engram-Experimental
wandb: Synced 5 W&B file(s), 0 media file(s), 4 artifact file(s) and 0 other file(s)
wandb: setting up run ffba08ecd4ca
wandb: Resuming run confirm0923-a03-s2-e1000
wandb: 🚀 View run at https://wandb.ai/kayamaguchi-uc-san-diego/BNJetTag-Engram-Experimental/runs/ffba08ecd4ca
[wandb] artifact engram-review-confirm0923-a03-s2-e1000:v5 committed (10 files)
wandb: updating run metadata
wandb: uploading wandb-summary.json
wandb: 🚀 View run confirm0923-a03-s2-e1000 at: https://wandb.ai/kayamaguchi-uc-san-diego/BNJetTag-Engram-Experimental/runs/ffba08ecd4ca
wandb: ⭐️ View project at: https://wandb.ai/kayamaguchi-uc-san-diego/BNJetTag-Engram-Experimental
wandb: Synced 5 W&B file(s), 0 media file(s), 3 artifact file(s) and 0 other file(s)
{
  "selection_cost": 349550,
  "selection_cost_convention": "native_hgq2",
  "native_hgq2_backbone_ebops": 349550,
  "custom_estimated_bitops": 0,
  "modules": {},
  "warning": "Augmented total is not directly interchangeable with historical native HGQ2 totals.",
  "run": "confirm0923-a03-s2-e1000",
  "checkpoint": "model_best.keras",
  "checkpoint_sha256": "113174429f2b97f30bb88d8d5bd28e49443df6c9840ac54627d98cd60782e91e",
  "completed_epochs": 226,
  "selected": {
    "epoch": 164,
    "val_macro_auc": 0.8440082654126246,
    "val_categorical_accuracy": 0.5746129032258065,
    "ebops": 349550
  },
  "budget_met": true,
  "validation_accuracy": 0.5746129032258065,
  "validation_macro_auc": 0.8440082654126246,
  "validation_per_class_auc": [
    0.7978577101444867,
    0.8471045941715392,
    0.8394553989463243,
    0.8313314735632785,
    0.9042921502374948
  ],
  "validation_labels_sha256": "97dedf586443a035071a6ec1ef25acae6841bb0890fa3dfd801c6a3d72ec234e",
  "validation_inputs_sha256": "dcdb76db132fb211f64f5ef7aefd6f09458bc18613a216b9b5e8d2366e7dd62a",
  "seed": 2,
  "test_set_used": false,
  "hardware_validated": false
}

[one-gpu round 2] resume=226 stop_after=246
[train] confirm0923-a03-s2-e1000 params=14497 resume_epoch=226 initial_ebops=1477038
wandb: [wandb.login()] Loaded credentials for https://api.wandb.ai from WANDB_API_KEY.
wandb: Resuming run confirm0923-a03-s2-e1000-s2
wandb: 🚀 View run at https://wandb.ai/kayamaguchi-uc-san-diego/BNJetTag-Engram-Experimental/runs/ffba08ecd4ca
[epoch 227/1000] EBOPs=341358 target=350000 beta=1.35e-06 val_AUC=0.838631 val_accuracy=0.562992 seconds=117.8 checkpoint=epoch-0227
[epoch 228/1000] EBOPs=331118 target=350000 beta=1.36e-06 val_AUC=0.839253 val_accuracy=0.568766 seconds=104.6 checkpoint=epoch-0228
[epoch 229/1000] EBOPs=332142 target=350000 beta=1.31e-06 val_AUC=0.843980 val_accuracy=0.576403 seconds=104.4 checkpoint=epoch-0229
[epoch 230/1000] EBOPs=328046 target=350000 beta=1.31e-06 val_AUC=0.830707 val_accuracy=0.549879 seconds=102.8 checkpoint=epoch-0230
[epoch 231/1000] EBOPs=355694 target=350000 beta=1.29e-06 val_AUC=0.847517 val_accuracy=0.577855 seconds=102.3 checkpoint=epoch-0231
[epoch 232/1000] EBOPs=343406 target=350000 beta=1.4e-06 val_AUC=0.836688 val_accuracy=0.556645 seconds=102.9 checkpoint=epoch-0232
[epoch 233/1000] EBOPs=331118 target=350000 beta=1.35e-06 val_AUC=0.837850 val_accuracy=0.567548 seconds=103.7 checkpoint=epoch-0233
[epoch 234/1000] EBOPs=320878 target=350000 beta=1.3e-06 val_AUC=0.829290 val_accuracy=0.545734 seconds=103.1 checkpoint=epoch-0234
[epoch 235/1000] EBOPs=302446 target=350000 beta=1.25e-06 val_AUC=0.838848 val_accuracy=0.556161 seconds=102.2 checkpoint=epoch-0235
[epoch 236/1000] EBOPs=347502 target=350000 beta=1.17e-06 val_AUC=0.843665 val_accuracy=0.570153 seconds=101.8 checkpoint=epoch-0236
[epoch 237/1000] EBOPs=331886 target=350000 beta=1.35e-06 val_AUC=0.838710 val_accuracy=0.560048 seconds=102.0 checkpoint=epoch-0237
[epoch 238/1000] EBOPs=349550 target=350000 beta=1.28e-06 val_AUC=0.838631 val_accuracy=0.558008 seconds=101.9 checkpoint=epoch-0238
[epoch 239/1000] EBOPs=334958 target=350000 beta=1.35e-06 val_AUC=0.836709 val_accuracy=0.555452 seconds=102.9 checkpoint=epoch-0239
[epoch 240/1000] EBOPs=360814 target=350000 beta=1.29e-06 val_AUC=0.838599 val_accuracy=0.558952 seconds=101.4 checkpoint=epoch-0240
[epoch 241/1000] EBOPs=350574 target=350000 beta=1.4e-06 val_AUC=0.836171 val_accuracy=0.557250 seconds=100.8 checkpoint=epoch-0241
[epoch 242/1000] EBOPs=312686 target=350000 beta=1.36e-06 val_AUC=0.832804 val_accuracy=0.553855 seconds=109.5 checkpoint=epoch-0242
[epoch 243/1000] EBOPs=361838 target=350000 beta=1.2e-06 val_AUC=0.840883 val_accuracy=0.567540 seconds=103.9 checkpoint=epoch-0243
[epoch 244/1000] EBOPs=319854 target=350000 beta=1.39e-06 val_AUC=0.836499 val_accuracy=0.556290 seconds=101.9 checkpoint=epoch-0244
[epoch 245/1000] EBOPs=312686 target=350000 beta=1.23e-06 val_AUC=0.835798 val_accuracy=0.550137 seconds=99.7 checkpoint=epoch-0245
[epoch 246/1000] EBOPs=324974 target=350000 beta=1.19e-06 val_AUC=0.837302 val_accuracy=0.565395 seconds=102.2 checkpoint=epoch-0246
wandb: updating run metadata
wandb: uploading output.log; uploading wandb-summary.json; uploading config.yaml
wandb: uploading config.yaml
wandb: 🚀 View run confirm0923-a03-s2-e1000-s2 at: https://wandb.ai/kayamaguchi-uc-san-diego/BNJetTag-Engram-Experimental/runs/ffba08ecd4ca
wandb: ⭐️ View project at: https://wandb.ai/kayamaguchi-uc-san-diego/BNJetTag-Engram-Experimental
wandb: Synced 5 W&B file(s), 0 media file(s), 0 artifact file(s) and 0 other file(s)
wandb: setting up run ffba08ecd4ca
wandb: Resuming run confirm0923-a03-s2-e1000
wandb: 🚀 View run at https://wandb.ai/kayamaguchi-uc-san-diego/BNJetTag-Engram-Experimental/runs/ffba08ecd4ca
[wandb] artifact engram-review-confirm0923-a03-s2-e1000:v6 committed (10 files)
wandb: updating run metadata; uploading wandb-metadata.json; uploading requirements.txt
wandb: uploading output.log; uploading wandb-summary.json; uploading config.yaml
wandb: 🚀 View run confirm0923-a03-s2-e1000 at: https://wandb.ai/kayamaguchi-uc-san-diego/BNJetTag-Engram-Experimental/runs/ffba08ecd4ca
wandb: ⭐️ View project at: https://wandb.ai/kayamaguchi-uc-san-diego/BNJetTag-Engram-Experimental
wandb: Synced 5 W&B file(s), 0 media file(s), 5 artifact file(s) and 0 other file(s)
{
  "selection_cost": 332142,
  "selection_cost_convention": "native_hgq2",
  "native_hgq2_backbone_ebops": 332142,
  "custom_estimated_bitops": 0,
  "modules": {},
  "warning": "Augmented total is not directly interchangeable with historical native HGQ2 totals.",
  "run": "confirm0923-a03-s2-e1000",
  "checkpoint": "model_best.keras",
  "checkpoint_sha256": "b67076c1b3e1eee50358447d108fe5de36b5b0427c5fcde645aeddd8e6e37430",
  "completed_epochs": 246,
  "selected": {
    "epoch": 228,
    "val_macro_auc": 0.8439797479366206,
    "val_categorical_accuracy": 0.5764032258064516,
    "ebops": 332142
  },
  "budget_met": true,
  "validation_accuracy": 0.5764032258064516,
  "validation_macro_auc": 0.8439797479366206,
  "validation_per_class_auc": [
    0.7986906326912236,
    0.8472689834514864,
    0.8401232561707941,
    0.8309039647104247,
    0.9029119026591739
  ],
  "validation_labels_sha256": "97dedf586443a035071a6ec1ef25acae6841bb0890fa3dfd801c6a3d72ec234e",
  "validation_inputs_sha256": "dcdb76db132fb211f64f5ef7aefd6f09458bc18613a216b9b5e8d2366e7dd62a",
  "seed": 2,
  "test_set_used": false,
  "hardware_validated": false
}

[one-gpu round 6] resume=246 stop_after=266
[train] confirm0923-a03-s2-e1000 params=14497 resume_epoch=246 initial_ebops=1477038
wandb: [wandb.login()] Loaded credentials for https://api.wandb.ai from WANDB_API_KEY.
wandb: Resuming run confirm0923-a03-s2-e1000-s2
wandb: 🚀 View run at https://wandb.ai/kayamaguchi-uc-san-diego/BNJetTag-Engram-Experimental/runs/ffba08ecd4ca
[epoch 247/1000] EBOPs=341102 target=350000 beta=1.23e-06 val_AUC=0.838277 val_accuracy=0.566855 seconds=124.0 checkpoint=epoch-0247
[epoch 248/1000] EBOPs=353646 target=350000 beta=1.29e-06 val_AUC=0.840296 val_accuracy=0.560153 seconds=112.6 checkpoint=epoch-0248
[epoch 249/1000] EBOPs=324206 target=350000 beta=1.34e-06 val_AUC=0.825674 val_accuracy=0.539815 seconds=106.3 checkpoint=epoch-0249
[epoch 250/1000] EBOPs=302446 target=350000 beta=1.23e-06 val_AUC=0.837392 val_accuracy=0.564952 seconds=108.0 checkpoint=epoch-0250
wandb: Adding directory to artifact (/data/confirmation-20260923/architecture/runs/confirm0923-a03-s2-e1000/checkpoints/epoch-0250)... Done. 0.1s
[wandb] artifact resume-confirm0923-a03-s2-e1000:v9 committed (6 files)
[epoch 251/1000] EBOPs=364654 target=350000 beta=1.14e-06 val_AUC=0.841432 val_accuracy=0.572395 seconds=112.3 checkpoint=epoch-0251
[epoch 252/1000] EBOPs=335982 target=350000 beta=1.37e-06 val_AUC=0.834038 val_accuracy=0.553919 seconds=118.9 checkpoint=epoch-0252
[epoch 253/1000] EBOPs=349806 target=350000 beta=1.26e-06 val_AUC=0.838463 val_accuracy=0.564500 seconds=107.9 checkpoint=epoch-0253
[epoch 254/1000] EBOPs=327790 target=350000 beta=1.31e-06 val_AUC=0.831526 val_accuracy=0.551452 seconds=110.9 checkpoint=epoch-0254
[epoch 255/1000] EBOPs=317550 target=350000 beta=1.23e-06 val_AUC=0.839545 val_accuracy=0.564266 seconds=107.3 checkpoint=epoch-0255
[epoch 256/1000] EBOPs=366958 target=350000 beta=1.18e-06 val_AUC=0.832565 val_accuracy=0.558000 seconds=108.5 checkpoint=epoch-0256
[epoch 257/1000] EBOPs=344174 target=350000 beta=1.37e-06 val_AUC=0.838208 val_accuracy=0.564573 seconds=114.7 checkpoint=epoch-0257
[epoch 258/1000] EBOPs=331118 target=350000 beta=1.28e-06 val_AUC=0.838697 val_accuracy=0.564653 seconds=107.4 checkpoint=epoch-0258
[epoch 259/1000] EBOPs=313454 target=350000 beta=1.23e-06 val_AUC=0.834830 val_accuracy=0.557226 seconds=102.1 checkpoint=epoch-0259
[epoch 260/1000] EBOPs=333166 target=350000 beta=1.16e-06 val_AUC=0.837645 val_accuracy=0.550895 seconds=111.3 checkpoint=epoch-0260
[epoch 261/1000] EBOPs=329070 target=350000 beta=1.23e-06 val_AUC=0.841061 val_accuracy=0.570161 seconds=111.6 checkpoint=epoch-0261
[epoch 262/1000] EBOPs=321646 target=350000 beta=1.21e-06 val_AUC=0.836605 val_accuracy=0.555516 seconds=103.8 checkpoint=epoch-0262
[epoch 263/1000] EBOPs=360814 target=350000 beta=1.18e-06 val_AUC=0.841724 val_accuracy=0.566694 seconds=107.6 checkpoint=epoch-0263
[epoch 264/1000] EBOPs=312430 target=350000 beta=1.32e-06 val_AUC=0.822023 val_accuracy=0.534887 seconds=101.8 checkpoint=epoch-0264
[epoch 265/1000] EBOPs=371822 target=350000 beta=1.14e-06 val_AUC=0.844643 val_accuracy=0.571347 seconds=99.1 checkpoint=epoch-0265
[epoch 266/1000] EBOPs=325742 target=350000 beta=1.36e-06 val_AUC=0.828749 val_accuracy=0.543935 seconds=99.8 checkpoint=epoch-0266
wandb: updating run metadata
wandb: uploading output.log; uploading wandb-summary.json; uploading config.yaml
wandb: 🚀 View run confirm0923-a03-s2-e1000-s2 at: https://wandb.ai/kayamaguchi-uc-san-diego/BNJetTag-Engram-Experimental/runs/ffba08ecd4ca
wandb: ⭐️ View project at: https://wandb.ai/kayamaguchi-uc-san-diego/BNJetTag-Engram-Experimental
wandb: Synced 5 W&B file(s), 0 media file(s), 5 artifact file(s) and 0 other file(s)
wandb: setting up run ffba08ecd4ca
wandb: Resuming run confirm0923-a03-s2-e1000
wandb: 🚀 View run at https://wandb.ai/kayamaguchi-uc-san-diego/BNJetTag-Engram-Experimental/runs/ffba08ecd4ca
[wandb] artifact engram-review-confirm0923-a03-s2-e1000:v7 committed (10 files)
wandb: updating run metadata
wandb: uploading summary, console lines 0-0
wandb: 🚀 View run confirm0923-a03-s2-e1000 at: https://wandb.ai/kayamaguchi-uc-san-diego/BNJetTag-Engram-Experimental/runs/ffba08ecd4ca
wandb: ⭐️ View project at: https://wandb.ai/kayamaguchi-uc-san-diego/BNJetTag-Engram-Experimental
wandb: Synced 5 W&B file(s), 0 media file(s), 3 artifact file(s) and 0 other file(s)
{
  "selection_cost": 332142,
  "selection_cost_convention": "native_hgq2",
  "native_hgq2_backbone_ebops": 332142,
  "custom_estimated_bitops": 0,
  "modules": {},
  "warning": "Augmented total is not directly interchangeable with historical native HGQ2 totals.",
  "run": "confirm0923-a03-s2-e1000",
  "checkpoint": "model_best.keras",
  "checkpoint_sha256": "b67076c1b3e1eee50358447d108fe5de36b5b0427c5fcde645aeddd8e6e37430",
  "completed_epochs": 266,
  "selected": {
    "epoch": 228,
    "val_macro_auc": 0.8439797479366206,
    "val_categorical_accuracy": 0.5764032258064516,
    "ebops": 332142
  },
  "budget_met": true,
  "validation_accuracy": 0.5764032258064516,
  "validation_macro_auc": 0.8439797479366206,
  "validation_per_class_auc": [
    0.7986906326912236,
    0.8472689834514864,
    0.8401232561707941,
    0.8309039647104247,
    0.9029119026591739
  ],
  "validation_labels_sha256": "97dedf586443a035071a6ec1ef25acae6841bb0890fa3dfd801c6a3d72ec234e",
  "validation_inputs_sha256": "dcdb76db132fb211f64f5ef7aefd6f09458bc18613a216b9b5e8d2366e7dd62a",
  "seed": 2,
  "test_set_used": false,
  "hardware_validated": false
}

[one-gpu round 9] resume=266 stop_after=286
[train] confirm0923-a03-s2-e1000 params=14497 resume_epoch=266 initial_ebops=1477038
wandb: [wandb.login()] Loaded credentials for https://api.wandb.ai from WANDB_API_KEY.
wandb: Resuming run confirm0923-a03-s2-e1000-s2
wandb: 🚀 View run at https://wandb.ai/kayamaguchi-uc-san-diego/BNJetTag-Engram-Experimental/runs/ffba08ecd4ca
[epoch 267/1000] EBOPs=338286 target=350000 beta=1.19e-06 val_AUC=0.841151 val_accuracy=0.571056 seconds=121.0 checkpoint=epoch-0267
[epoch 268/1000] EBOPs=328046 target=350000 beta=1.23e-06 val_AUC=0.833944 val_accuracy=0.561516 seconds=105.5 checkpoint=epoch-0268
[epoch 269/1000] EBOPs=332142 target=350000 beta=1.19e-06 val_AUC=0.844954 val_accuracy=0.574403 seconds=109.5 checkpoint=epoch-0269
[epoch 270/1000] EBOPs=332910 target=350000 beta=1.2e-06 val_AUC=0.835595 val_accuracy=0.555290 seconds=104.3 checkpoint=epoch-0270
[epoch 271/1000] EBOPs=314478 target=350000 beta=1.2e-06 val_AUC=0.835883 val_accuracy=0.557766 seconds=101.9 checkpoint=epoch-0271
[epoch 272/1000] EBOPs=327790 target=350000 beta=1.13e-06 val_AUC=0.832565 val_accuracy=0.535315 seconds=104.8 checkpoint=epoch-0272
[epoch 273/1000] EBOPs=328814 target=350000 beta=1.17e-06 val_AUC=0.832214 val_accuracy=0.553895 seconds=103.3 checkpoint=epoch-0273
[epoch 274/1000] EBOPs=328046 target=350000 beta=1.17e-06 val_AUC=0.834511 val_accuracy=0.552766 seconds=103.7 checkpoint=epoch-0274
[epoch 275/1000] EBOPs=346478 target=350000 beta=1.17e-06 val_AUC=0.842783 val_accuracy=0.572266 seconds=103.2 checkpoint=epoch-0275
wandb: Adding directory to artifact (/data/confirmation-20260923/architecture/runs/confirm0923-a03-s2-e1000/checkpoints/epoch-0275)... Done. 0.1s
[wandb] artifact resume-confirm0923-a03-s2-e1000:v10 committed (6 files)
[epoch 276/1000] EBOPs=316782 target=350000 beta=1.23e-06 val_AUC=0.834046 val_accuracy=0.559581 seconds=103.7 checkpoint=epoch-0276
[epoch 277/1000] EBOPs=300142 target=350000 beta=1.12e-06 val_AUC=0.823560 val_accuracy=0.542879 seconds=104.0 checkpoint=epoch-0277
[epoch 278/1000] EBOPs=318574 target=350000 beta=1.05e-06 val_AUC=0.836505 val_accuracy=0.559419 seconds=103.3 checkpoint=epoch-0278
[epoch 279/1000] EBOPs=325742 target=350000 beta=1.11e-06 val_AUC=0.840261 val_accuracy=0.567177 seconds=106.1 checkpoint=epoch-0279
[epoch 280/1000] EBOPs=322670 target=350000 beta=1.13e-06 val_AUC=0.838082 val_accuracy=0.565879 seconds=110.9 checkpoint=epoch-0280
[epoch 281/1000] EBOPs=300142 target=350000 beta=1.12e-06 val_AUC=0.840292 val_accuracy=0.563169 seconds=112.2 checkpoint=epoch-0281
[epoch 282/1000] EBOPs=342382 target=350000 beta=1.03e-06 val_AUC=0.838580 val_accuracy=0.566734 seconds=108.4 checkpoint=epoch-0282
[epoch 283/1000] EBOPs=332142 target=350000 beta=1.18e-06 val_AUC=0.835288 val_accuracy=0.549306 seconds=110.1 checkpoint=epoch-0283
[epoch 284/1000] EBOPs=326766 target=350000 beta=1.14e-06 val_AUC=0.841693 val_accuracy=0.577185 seconds=111.7 checkpoint=epoch-0284
[epoch 285/1000] EBOPs=354414 target=350000 beta=1.12e-06 val_AUC=0.844467 val_accuracy=0.575032 seconds=112.9 checkpoint=epoch-0285
[epoch 286/1000] EBOPs=331118 target=350000 beta=1.21e-06 val_AUC=0.839476 val_accuracy=0.555710 seconds=110.4 checkpoint=epoch-0286
wandb: updating run metadata
wandb: uploading wandb-summary.json; uploading config.yaml; uploading output.log
wandb: 🚀 View run confirm0923-a03-s2-e1000-s2 at: https://wandb.ai/kayamaguchi-uc-san-diego/BNJetTag-Engram-Experimental/runs/ffba08ecd4ca
wandb: ⭐️ View project at: https://wandb.ai/kayamaguchi-uc-san-diego/BNJetTag-Engram-Experimental
wandb: Synced 5 W&B file(s), 0 media file(s), 4 artifact file(s) and 0 other file(s)
wandb: setting up run ffba08ecd4ca
wandb: Resuming run confirm0923-a03-s2-e1000
wandb: 🚀 View run at https://wandb.ai/kayamaguchi-uc-san-diego/BNJetTag-Engram-Experimental/runs/ffba08ecd4ca
[wandb] artifact engram-review-confirm0923-a03-s2-e1000:v8 committed (10 files)
wandb: updating run metadata
wandb: uploading wandb-summary.json; uploading config.yaml; uploading wandb-metadata.json; uploading requirements.txt; uploading output.log
wandb: 🚀 View run confirm0923-a03-s2-e1000 at: https://wandb.ai/kayamaguchi-uc-san-diego/BNJetTag-Engram-Experimental/runs/ffba08ecd4ca
wandb: ⭐️ View project at: https://wandb.ai/kayamaguchi-uc-san-diego/BNJetTag-Engram-Experimental
wandb: Synced 5 W&B file(s), 0 media file(s), 5 artifact file(s) and 0 other file(s)
{
  "selection_cost": 326766,
  "selection_cost_convention": "native_hgq2",
  "native_hgq2_backbone_ebops": 326766,
  "custom_estimated_bitops": 0,
  "modules": {},
  "warning": "Augmented total is not directly interchangeable with historical native HGQ2 totals.",
  "run": "confirm0923-a03-s2-e1000",
  "checkpoint": "model_best.keras",
  "checkpoint_sha256": "961c76995df0b47ca8ecfecdb9d750b80a9f3d187528a2167868f05be2f46004",
  "completed_epochs": 286,
  "selected": {
    "epoch": 283,
    "val_macro_auc": 0.8416925928621231,
    "val_categorical_accuracy": 0.5771854838709678,
    "ebops": 326766
  },
  "budget_met": true,
  "validation_accuracy": 0.5771854838709678,
  "validation_macro_auc": 0.8416925928621231,
  "validation_per_class_auc": [
    0.7937620735010911,
    0.8401630132446438,
    0.8366676815064898,
    0.8319350127516145,
    0.9059351833067762
  ],
  "validation_labels_sha256": "97dedf586443a035071a6ec1ef25acae6841bb0890fa3dfd801c6a3d72ec234e",
  "validation_inputs_sha256": "dcdb76db132fb211f64f5ef7aefd6f09458bc18613a216b9b5e8d2366e7dd62a",
  "seed": 2,
  "test_set_used": false,
  "hardware_validated": false
}
