
[one-gpu round 1] resume=0 stop_after=20
[train] confirm0924-a07-n64-s2-e1000-5m params=12788 resume_epoch=0 initial_ebops=24816782
wandb: [wandb.login()] Loaded credentials for https://api.wandb.ai from WANDB_API_KEY.
wandb: Syncing run confirm0924-a07-n64-s2-e1000-5m-s2
wandb: 🚀 View run at https://wandb.ai/kayamaguchi-uc-san-diego/BNJetTag-Engram-Experimental/runs/44934f0b5cb5
[epoch 1/1000] EBOPs=24816782 target=5000000 beta=1e-07 val_AUC=0.669114 val_accuracy=0.339452 seconds=163.4 checkpoint=epoch-0001
[epoch 2/1000] EBOPs=24816782 target=5000000 beta=1e-07 val_AUC=0.721028 val_accuracy=0.381484 seconds=152.6 checkpoint=epoch-0002
[epoch 3/1000] EBOPs=24816782 target=5000000 beta=1e-07 val_AUC=0.733598 val_accuracy=0.404879 seconds=150.9 checkpoint=epoch-0003
[epoch 4/1000] EBOPs=24816782 target=5000000 beta=1e-07 val_AUC=0.751345 val_accuracy=0.410758 seconds=152.0 checkpoint=epoch-0004
[epoch 5/1000] EBOPs=24816782 target=5000000 beta=1e-07 val_AUC=0.759904 val_accuracy=0.428452 seconds=150.0 checkpoint=epoch-0005
[epoch 6/1000] EBOPs=24816782 target=5000000 beta=1e-07 val_AUC=0.773925 val_accuracy=0.457234 seconds=151.0 checkpoint=epoch-0006
[epoch 7/1000] EBOPs=24816782 target=5000000 beta=1e-07 val_AUC=0.778061 val_accuracy=0.464024 seconds=148.6 checkpoint=epoch-0007
[epoch 8/1000] EBOPs=24816782 target=5000000 beta=1e-07 val_AUC=0.790567 val_accuracy=0.484435 seconds=147.7 checkpoint=epoch-0008
[epoch 9/1000] EBOPs=24816782 target=5000000 beta=1e-07 val_AUC=0.804433 val_accuracy=0.502419 seconds=147.1 checkpoint=epoch-0009
[epoch 10/1000] EBOPs=24816782 target=5000000 beta=1e-07 val_AUC=0.822151 val_accuracy=0.490581 seconds=148.0 checkpoint=epoch-0010
[epoch 11/1000] EBOPs=24816782 target=5000000 beta=1e-07 val_AUC=0.824423 val_accuracy=0.526935 seconds=147.5 checkpoint=epoch-0011
[epoch 12/1000] EBOPs=24816782 target=5000000 beta=1.08e-07 val_AUC=0.834628 val_accuracy=0.554032 seconds=146.7 checkpoint=epoch-0012
[epoch 13/1000] EBOPs=19121294 target=5000000 beta=1.17e-07 val_AUC=0.842993 val_accuracy=0.565323 seconds=145.0 checkpoint=epoch-0013
[epoch 14/1000] EBOPs=18181198 target=5000000 beta=9.67e-08 val_AUC=0.838428 val_accuracy=0.550387 seconds=145.4 checkpoint=epoch-0014
[epoch 15/1000] EBOPs=18054089 target=5000000 beta=9.81e-08 val_AUC=0.845982 val_accuracy=0.557411 seconds=145.1 checkpoint=epoch-0015
[epoch 16/1000] EBOPs=18035612 target=5000000 beta=1.04e-07 val_AUC=0.848732 val_accuracy=0.569540 seconds=142.4 checkpoint=epoch-0016
[epoch 17/1000] EBOPs=18037655 target=5000000 beta=1.11e-07 val_AUC=0.848321 val_accuracy=0.558403 seconds=141.0 checkpoint=epoch-0017
[epoch 18/1000] EBOPs=17894243 target=5000000 beta=1.18e-07 val_AUC=0.848731 val_accuracy=0.558960 seconds=140.9 checkpoint=epoch-0018
[epoch 19/1000] EBOPs=17892227 target=5000000 beta=1.25e-07 val_AUC=0.855181 val_accuracy=0.577879 seconds=140.8 checkpoint=epoch-0019
[epoch 20/1000] EBOPs=17888126 target=5000000 beta=1.33e-07 val_AUC=0.856219 val_accuracy=0.581589 seconds=115.5 checkpoint=epoch-0020
wandb: updating run metadata
wandb: uploading output.log; uploading wandb-summary.json; uploading config.yaml
wandb: 🚀 View run confirm0924-a07-n64-s2-e1000-5m-s2 at: https://wandb.ai/kayamaguchi-uc-san-diego/BNJetTag-Engram-Experimental/runs/44934f0b5cb5
wandb: ⭐️ View project at: https://wandb.ai/kayamaguchi-uc-san-diego/BNJetTag-Engram-Experimental
wandb: Synced 5 W&B file(s), 0 media file(s), 0 artifact file(s) and 0 other file(s)
wandb: setting up run 44934f0b5cb5
wandb: Resuming run confirm0924-a07-n64-s2-e1000-5m
wandb: 🚀 View run at https://wandb.ai/kayamaguchi-uc-san-diego/BNJetTag-Engram-Experimental/runs/44934f0b5cb5
[wandb] artifact engram-review-confirm0924-a07-n64-s2-e1000-5m:v0 committed (10 files)
wandb: updating run metadata
wandb: uploading wandb-metadata.json; uploading requirements.txt; uploading output.log; uploading wandb-summary.json; uploading config.yaml
wandb: 🚀 View run confirm0924-a07-n64-s2-e1000-5m at: https://wandb.ai/kayamaguchi-uc-san-diego/BNJetTag-Engram-Experimental/runs/44934f0b5cb5
wandb: ⭐️ View project at: https://wandb.ai/kayamaguchi-uc-san-diego/BNJetTag-Engram-Experimental
wandb: Synced 5 W&B file(s), 0 media file(s), 11 artifact file(s) and 0 other file(s)
{
  "selection_cost": 17888126,
  "selection_cost_convention": "native_hgq2",
  "native_hgq2_backbone_ebops": 17888126,
  "custom_estimated_bitops": 0,
  "modules": {},
  "warning": "Augmented total is not directly interchangeable with historical native HGQ2 totals.",
  "run": "confirm0924-a07-n64-s2-e1000-5m",
  "checkpoint": "model_min_ebops.keras",
  "checkpoint_sha256": "ce7fdc99de93fd15b1119099bd10f60bfd773ff96afae496e0ed2df4a710e68f",
  "completed_epochs": 20,
  "selected": {
    "epoch": 19,
    "val_macro_auc": 0.8562194480731332,
    "val_categorical_accuracy": 0.5815887096774194,
    "ebops": 17888126
  },
  "budget_met": false,
  "validation_accuracy": 0.5815887096774194,
  "validation_macro_auc": 0.8562194480731332,
  "validation_per_class_auc": [
    0.8851237993264348,
    0.8343116220952584,
    0.8151256289951039,
    0.8157477940816228,
    0.9307883958672466
  ],
  "validation_labels_sha256": "97dedf586443a035071a6ec1ef25acae6841bb0890fa3dfd801c6a3d72ec234e",
  "validation_inputs_sha256": "5b040d2dd7dcba38dec6985cf0335c0dea17b657888bd7e076414605a139bea4",
  "seed": 2,
  "test_set_used": false,
  "hardware_validated": false
}

[one-gpu round 3] resume=20 stop_after=40
[train] confirm0924-a07-n64-s2-e1000-5m params=12788 resume_epoch=20 initial_ebops=24816782
wandb: [wandb.login()] Loaded credentials for https://api.wandb.ai from WANDB_API_KEY.
wandb: Resuming run confirm0924-a07-n64-s2-e1000-5m-s2
wandb: 🚀 View run at https://wandb.ai/kayamaguchi-uc-san-diego/BNJetTag-Engram-Experimental/runs/44934f0b5cb5
[epoch 21/1000] EBOPs=17881972 target=5000000 beta=1.42e-07 val_AUC=0.856963 val_accuracy=0.584935 seconds=145.1 checkpoint=epoch-0021
[epoch 22/1000] EBOPs=17883988 target=5000000 beta=1.51e-07 val_AUC=0.858944 val_accuracy=0.567895 seconds=130.1 checkpoint=epoch-0022
[epoch 23/1000] EBOPs=17881908 target=5000000 beta=1.61e-07 val_AUC=0.862409 val_accuracy=0.587798 seconds=136.1 checkpoint=epoch-0023
[epoch 24/1000] EBOPs=17877844 target=5000000 beta=1.71e-07 val_AUC=0.864782 val_accuracy=0.594056 seconds=137.4 checkpoint=epoch-0024
[epoch 25/1000] EBOPs=17875828 target=5000000 beta=1.83e-07 val_AUC=0.864957 val_accuracy=0.593500 seconds=138.7 checkpoint=epoch-0025
wandb: Adding directory to artifact (/data/confirmation-20260923/n64-5m-full/runs/confirm0924-a07-n64-s2-e1000-5m/checkpoints/epoch-0025)... Done. 0.1s
[wandb] artifact resume-confirm0924-a07-n64-s2-e1000-5m:v0 committed (5 files)
[epoch 26/1000] EBOPs=17875828 target=5000000 beta=1.95e-07 val_AUC=0.866457 val_accuracy=0.601952 seconds=134.3 checkpoint=epoch-0026
[epoch 27/1000] EBOPs=17873780 target=5000000 beta=2.07e-07 val_AUC=0.867345 val_accuracy=0.600153 seconds=137.5 checkpoint=epoch-0027
[epoch 28/1000] EBOPs=17867604 target=5000000 beta=2.21e-07 val_AUC=0.867959 val_accuracy=0.603573 seconds=136.2 checkpoint=epoch-0028
[epoch 29/1000] EBOPs=17867604 target=5000000 beta=2.36e-07 val_AUC=0.868355 val_accuracy=0.596919 seconds=135.9 checkpoint=epoch-0029
[epoch 30/1000] EBOPs=17863540 target=5000000 beta=2.51e-07 val_AUC=0.869756 val_accuracy=0.599129 seconds=136.0 checkpoint=epoch-0030
[epoch 31/1000] EBOPs=17861492 target=5000000 beta=2.67e-07 val_AUC=0.872616 val_accuracy=0.608153 seconds=136.8 checkpoint=epoch-0031
[epoch 32/1000] EBOPs=17855444 target=5000000 beta=2.85e-07 val_AUC=0.875944 val_accuracy=0.611895 seconds=136.8 checkpoint=epoch-0032
[epoch 33/1000] EBOPs=17849263 target=5000000 beta=3.04e-07 val_AUC=0.872809 val_accuracy=0.613556 seconds=139.5 checkpoint=epoch-0033
[epoch 34/1000] EBOPs=17853396 target=5000000 beta=3.23e-07 val_AUC=0.872753 val_accuracy=0.603363 seconds=142.0 checkpoint=epoch-0034
[epoch 35/1000] EBOPs=17843092 target=5000000 beta=3.45e-07 val_AUC=0.874786 val_accuracy=0.613161 seconds=142.5 checkpoint=epoch-0035
[epoch 36/1000] EBOPs=17828756 target=5000000 beta=3.67e-07 val_AUC=0.874444 val_accuracy=0.611468 seconds=139.7 checkpoint=epoch-0036
[epoch 37/1000] EBOPs=17822602 target=5000000 beta=3.91e-07 val_AUC=0.874412 val_accuracy=0.613202 seconds=137.1 checkpoint=epoch-0037
[epoch 38/1000] EBOPs=15639365 target=5000000 beta=4.17e-07 val_AUC=0.874795 val_accuracy=0.613097 seconds=136.5 checkpoint=epoch-0038
[epoch 39/1000] EBOPs=14230336 target=5000000 beta=3.87e-07 val_AUC=0.875765 val_accuracy=0.614532 seconds=137.1 checkpoint=epoch-0039
[epoch 40/1000] EBOPs=13771520 target=5000000 beta=3.71e-07 val_AUC=0.874436 val_accuracy=0.605831 seconds=139.5 checkpoint=epoch-0040
wandb: updating run metadata
wandb: uploading wandb-summary.json; uploading config.yaml; uploading output.log
wandb: uploading wandb-summary.json; uploading config.yaml; uploading output.log; uploading history steps 38-39, summary, console lines 21-21
wandb: 🚀 View run confirm0924-a07-n64-s2-e1000-5m-s2 at: https://wandb.ai/kayamaguchi-uc-san-diego/BNJetTag-Engram-Experimental/runs/44934f0b5cb5
wandb: ⭐️ View project at: https://wandb.ai/kayamaguchi-uc-san-diego/BNJetTag-Engram-Experimental
wandb: Synced 5 W&B file(s), 0 media file(s), 6 artifact file(s) and 0 other file(s)
wandb: setting up run 44934f0b5cb5
wandb: Resuming run confirm0924-a07-n64-s2-e1000-5m
wandb: 🚀 View run at https://wandb.ai/kayamaguchi-uc-san-diego/BNJetTag-Engram-Experimental/runs/44934f0b5cb5
[wandb] artifact engram-review-confirm0924-a07-n64-s2-e1000-5m:v1 committed (10 files)
wandb: updating run metadata
wandb: uploading wandb-metadata.json; uploading requirements.txt; uploading output.log; uploading wandb-summary.json; uploading config.yaml
wandb: 🚀 View run confirm0924-a07-n64-s2-e1000-5m at: https://wandb.ai/kayamaguchi-uc-san-diego/BNJetTag-Engram-Experimental/runs/44934f0b5cb5
wandb: ⭐️ View project at: https://wandb.ai/kayamaguchi-uc-san-diego/BNJetTag-Engram-Experimental
wandb: Synced 5 W&B file(s), 0 media file(s), 5 artifact file(s) and 0 other file(s)
{
  "selection_cost": 13771520,
  "selection_cost_convention": "native_hgq2",
  "native_hgq2_backbone_ebops": 13771520,
  "custom_estimated_bitops": 0,
  "modules": {},
  "warning": "Augmented total is not directly interchangeable with historical native HGQ2 totals.",
  "run": "confirm0924-a07-n64-s2-e1000-5m",
  "checkpoint": "model_min_ebops.keras",
  "checkpoint_sha256": "71a497a6b19992a54f90b81f1d3714ee9609bb423313bba2cfa4a39f3c8c2dd5",
  "completed_epochs": 40,
  "selected": {
    "epoch": 39,
    "val_macro_auc": 0.874436151011247,
    "val_categorical_accuracy": 0.6058306451612904,
    "ebops": 13771520
  },
  "budget_met": false,
  "validation_accuracy": 0.6058306451612904,
  "validation_macro_auc": 0.874436151011247,
  "validation_per_class_auc": [
    0.8972701992609947,
    0.8633792804477121,
    0.8417555974840263,
    0.8357957903788389,
    0.9339798874846635
  ],
  "validation_labels_sha256": "97dedf586443a035071a6ec1ef25acae6841bb0890fa3dfd801c6a3d72ec234e",
  "validation_inputs_sha256": "5b040d2dd7dcba38dec6985cf0335c0dea17b657888bd7e076414605a139bea4",
  "seed": 2,
  "test_set_used": false,
  "hardware_validated": false
}

[one-gpu round 5] resume=40 stop_after=60
[train] confirm0924-a07-n64-s2-e1000-5m params=12788 resume_epoch=40 initial_ebops=24816782
wandb: [wandb.login()] Loaded credentials for https://api.wandb.ai from WANDB_API_KEY.
wandb: Resuming run confirm0924-a07-n64-s2-e1000-5m-s2
wandb: 🚀 View run at https://wandb.ai/kayamaguchi-uc-san-diego/BNJetTag-Engram-Experimental/runs/44934f0b5cb5
[epoch 41/1000] EBOPs=13550341 target=5000000 beta=3.78e-07 val_AUC=0.874427 val_accuracy=0.608879 seconds=150.2 checkpoint=epoch-0041
[epoch 42/1000] EBOPs=13206240 target=5000000 beta=3.91e-07 val_AUC=0.871992 val_accuracy=0.575847 seconds=135.6 checkpoint=epoch-0042
[epoch 43/1000] EBOPs=13052699 target=5000000 beta=4e-07 val_AUC=0.877817 val_accuracy=0.615565 seconds=141.3 checkpoint=epoch-0043
[epoch 44/1000] EBOPs=12878614 target=5000000 beta=4.14e-07 val_AUC=0.872800 val_accuracy=0.574774 seconds=141.6 checkpoint=epoch-0044
[epoch 45/1000] EBOPs=12753683 target=5000000 beta=4.29e-07 val_AUC=0.874441 val_accuracy=0.606855 seconds=141.3 checkpoint=epoch-0045
[epoch 46/1000] EBOPs=12567347 target=5000000 beta=4.45e-07 val_AUC=0.871890 val_accuracy=0.601427 seconds=141.0 checkpoint=epoch-0046
[epoch 47/1000] EBOPs=12516115 target=5000000 beta=4.59e-07 val_AUC=0.873468 val_accuracy=0.592468 seconds=141.1 checkpoint=epoch-0047
[epoch 48/1000] EBOPs=12432115 target=5000000 beta=4.79e-07 val_AUC=0.876208 val_accuracy=0.599702 seconds=141.1 checkpoint=epoch-0048
[epoch 49/1000] EBOPs=12366505 target=5000000 beta=4.98e-07 val_AUC=0.874284 val_accuracy=0.600403 seconds=141.2 checkpoint=epoch-0049
[epoch 50/1000] EBOPs=12237449 target=5000000 beta=5.18e-07 val_AUC=0.864979 val_accuracy=0.565726 seconds=141.4 checkpoint=epoch-0050
wandb: Adding directory to artifact (/data/confirmation-20260923/n64-5m-full/runs/confirm0924-a07-n64-s2-e1000-5m/checkpoints/epoch-0050)... Done. 0.1s
[wandb] artifact resume-confirm0924-a07-n64-s2-e1000-5m:v1 committed (5 files)
[epoch 51/1000] EBOPs=12184142 target=5000000 beta=5.36e-07 val_AUC=0.879507 val_accuracy=0.604774 seconds=135.1 checkpoint=epoch-0051
[epoch 52/1000] EBOPs=12186195 target=5000000 beta=5.58e-07 val_AUC=0.879978 val_accuracy=0.584718 seconds=139.8 checkpoint=epoch-0052
[epoch 53/1000] EBOPs=12137006 target=5000000 beta=5.83e-07 val_AUC=0.882268 val_accuracy=0.602790 seconds=140.2 checkpoint=epoch-0053
[epoch 54/1000] EBOPs=12130825 target=5000000 beta=6.07e-07 val_AUC=0.883598 val_accuracy=0.626290 seconds=140.8 checkpoint=epoch-0054
[epoch 55/1000] EBOPs=12126724 target=5000000 beta=6.35e-07 val_AUC=0.883104 val_accuracy=0.618081 seconds=140.8 checkpoint=epoch-0055
[epoch 56/1000] EBOPs=12102121 target=5000000 beta=6.63e-07 val_AUC=0.884427 val_accuracy=0.606895 seconds=143.1 checkpoint=epoch-0056
[epoch 57/1000] EBOPs=12083657 target=5000000 beta=6.92e-07 val_AUC=0.884465 val_accuracy=0.632806 seconds=142.4 checkpoint=epoch-0057
[epoch 58/1000] EBOPs=12073321 target=5000000 beta=7.22e-07 val_AUC=0.884755 val_accuracy=0.622452 seconds=143.0 checkpoint=epoch-0058
[epoch 59/1000] EBOPs=12065102 target=5000000 beta=7.54e-07 val_AUC=0.882900 val_accuracy=0.625306 seconds=142.1 checkpoint=epoch-0059
[epoch 60/1000] EBOPs=12058985 target=5000000 beta=7.87e-07 val_AUC=0.883309 val_accuracy=0.619250 seconds=141.8 checkpoint=epoch-0060
wandb: updating run metadata
wandb: uploading output.log; uploading wandb-summary.json; uploading config.yaml
wandb: 🚀 View run confirm0924-a07-n64-s2-e1000-5m-s2 at: https://wandb.ai/kayamaguchi-uc-san-diego/BNJetTag-Engram-Experimental/runs/44934f0b5cb5
wandb: ⭐️ View project at: https://wandb.ai/kayamaguchi-uc-san-diego/BNJetTag-Engram-Experimental
wandb: Synced 5 W&B file(s), 0 media file(s), 6 artifact file(s) and 0 other file(s)
wandb: setting up run 44934f0b5cb5
wandb: Resuming run confirm0924-a07-n64-s2-e1000-5m
wandb: 🚀 View run at https://wandb.ai/kayamaguchi-uc-san-diego/BNJetTag-Engram-Experimental/runs/44934f0b5cb5
[wandb] artifact engram-review-confirm0924-a07-n64-s2-e1000-5m:v2 committed (10 files)
wandb: updating run metadata
wandb: uploading config.yaml; uploading wandb-metadata.json; uploading requirements.txt; uploading output.log; uploading wandb-summary.json
wandb: 🚀 View run confirm0924-a07-n64-s2-e1000-5m at: https://wandb.ai/kayamaguchi-uc-san-diego/BNJetTag-Engram-Experimental/runs/44934f0b5cb5
wandb: ⭐️ View project at: https://wandb.ai/kayamaguchi-uc-san-diego/BNJetTag-Engram-Experimental
wandb: Synced 5 W&B file(s), 0 media file(s), 5 artifact file(s) and 0 other file(s)
{
  "selection_cost": 12058985,
  "selection_cost_convention": "native_hgq2",
  "native_hgq2_backbone_ebops": 12058985,
  "custom_estimated_bitops": 0,
  "modules": {},
  "warning": "Augmented total is not directly interchangeable with historical native HGQ2 totals.",
  "run": "confirm0924-a07-n64-s2-e1000-5m",
  "checkpoint": "model_min_ebops.keras",
  "checkpoint_sha256": "95fca20d099104a3109f1bf0e2d7d0613e734bb58c5f8a1856331f2fe524e0f7",
  "completed_epochs": 60,
  "selected": {
    "epoch": 59,
    "val_macro_auc": 0.8833087366753294,
    "val_categorical_accuracy": 0.61925,
    "ebops": 12058985
  },
  "budget_met": false,
  "validation_accuracy": 0.61925,
  "validation_macro_auc": 0.8833087366753294,
  "validation_per_class_auc": [
    0.8965066640086303,
    0.8713572365118966,
    0.8624732141899072,
    0.8502363859110302,
    0.9359701827551831
  ],
  "validation_labels_sha256": "97dedf586443a035071a6ec1ef25acae6841bb0890fa3dfd801c6a3d72ec234e",
  "validation_inputs_sha256": "5b040d2dd7dcba38dec6985cf0335c0dea17b657888bd7e076414605a139bea4",
  "seed": 2,
  "test_set_used": false,
  "hardware_validated": false
}

[one-gpu round 7] resume=60 stop_after=80
[train] confirm0924-a07-n64-s2-e1000-5m params=12788 resume_epoch=60 initial_ebops=24816782
wandb: [wandb.login()] Loaded credentials for https://api.wandb.ai from WANDB_API_KEY.
wandb: Resuming run confirm0924-a07-n64-s2-e1000-5m-s2
wandb: 🚀 View run at https://wandb.ai/kayamaguchi-uc-san-diego/BNJetTag-Engram-Experimental/runs/44934f0b5cb5
[epoch 61/1000] EBOPs=12048681 target=5000000 beta=8.22e-07 val_AUC=0.883375 val_accuracy=0.637194 seconds=148.2 checkpoint=epoch-0061
[epoch 62/1000] EBOPs=12021929 target=5000000 beta=8.58e-07 val_AUC=0.879193 val_accuracy=0.626403 seconds=130.7 checkpoint=epoch-0062
[epoch 63/1000] EBOPs=12015657 target=5000000 beta=8.95e-07 val_AUC=0.881846 val_accuracy=0.624532 seconds=138.2 checkpoint=epoch-0063
[epoch 64/1000] EBOPs=10696676 target=5000000 beta=9.34e-07 val_AUC=0.877852 val_accuracy=0.598734 seconds=138.1 checkpoint=epoch-0064
[epoch 65/1000] EBOPs=9668484 target=5000000 beta=8.64e-07 val_AUC=0.879107 val_accuracy=0.591685 seconds=138.7 checkpoint=epoch-0065
[epoch 66/1000] EBOPs=9441146 target=5000000 beta=8.07e-07 val_AUC=0.875839 val_accuracy=0.601105 seconds=139.2 checkpoint=epoch-0066
[epoch 67/1000] EBOPs=9219935 target=5000000 beta=8.14e-07 val_AUC=0.878571 val_accuracy=0.616710 seconds=138.8 checkpoint=epoch-0067
[epoch 68/1000] EBOPs=9066303 target=5000000 beta=8.19e-07 val_AUC=0.875417 val_accuracy=0.607371 seconds=140.3 checkpoint=epoch-0068
[epoch 69/1000] EBOPs=8920762 target=5000000 beta=8.3e-07 val_AUC=0.875217 val_accuracy=0.610815 seconds=142.1 checkpoint=epoch-0069
[epoch 70/1000] EBOPs=8805978 target=5000000 beta=8.41e-07 val_AUC=0.876631 val_accuracy=0.618589 seconds=142.5 checkpoint=epoch-0070
[epoch 71/1000] EBOPs=8619647 target=5000000 beta=8.54e-07 val_AUC=0.873815 val_accuracy=0.604194 seconds=141.8 checkpoint=epoch-0071
[epoch 72/1000] EBOPs=8545860 target=5000000 beta=8.59e-07 val_AUC=0.872623 val_accuracy=0.610306 seconds=142.4 checkpoint=epoch-0072
[epoch 73/1000] EBOPs=8324698 target=5000000 beta=8.74e-07 val_AUC=0.869765 val_accuracy=0.596121 seconds=140.8 checkpoint=epoch-0073
[epoch 74/1000] EBOPs=8183327 target=5000000 beta=8.74e-07 val_AUC=0.868153 val_accuracy=0.578282 seconds=142.0 checkpoint=epoch-0074
[epoch 75/1000] EBOPs=8048127 target=5000000 beta=8.8e-07 val_AUC=0.867867 val_accuracy=0.608121 seconds=141.5 checkpoint=epoch-0075
wandb: Adding directory to artifact (/data/confirmation-20260923/n64-5m-full/runs/confirm0924-a07-n64-s2-e1000-5m/checkpoints/epoch-0075)... Done. 0.1s
[wandb] artifact resume-confirm0924-a07-n64-s2-e1000-5m:v2 committed (5 files)
[epoch 76/1000] EBOPs=8009242 target=5000000 beta=8.87e-07 val_AUC=0.869005 val_accuracy=0.598750 seconds=136.5 checkpoint=epoch-0076
[epoch 77/1000] EBOPs=7878175 target=5000000 beta=9.03e-07 val_AUC=0.790150 val_accuracy=0.426274 seconds=141.9 checkpoint=epoch-0077
[epoch 78/1000] EBOPs=7873978 target=5000000 beta=9.09e-07 val_AUC=0.857692 val_accuracy=0.580863 seconds=140.4 checkpoint=epoch-0078
[epoch 79/1000] EBOPs=7659002 target=5000000 beta=9.29e-07 val_AUC=0.831356 val_accuracy=0.501016 seconds=141.2 checkpoint=epoch-0079
[epoch 80/1000] EBOPs=7603669 target=5000000 beta=9.24e-07 val_AUC=0.844745 val_accuracy=0.569944 seconds=141.2 checkpoint=epoch-0080
wandb: updating run metadata
wandb: uploading output.log; uploading wandb-summary.json; uploading config.yaml
wandb: uploading history steps 78-79, summary, console lines 21-21
wandb: 🚀 View run confirm0924-a07-n64-s2-e1000-5m-s2 at: https://wandb.ai/kayamaguchi-uc-san-diego/BNJetTag-Engram-Experimental/runs/44934f0b5cb5
wandb: ⭐️ View project at: https://wandb.ai/kayamaguchi-uc-san-diego/BNJetTag-Engram-Experimental
wandb: Synced 5 W&B file(s), 0 media file(s), 6 artifact file(s) and 0 other file(s)
wandb: setting up run 44934f0b5cb5
wandb: Resuming run confirm0924-a07-n64-s2-e1000-5m
wandb: 🚀 View run at https://wandb.ai/kayamaguchi-uc-san-diego/BNJetTag-Engram-Experimental/runs/44934f0b5cb5
[wandb] artifact engram-review-confirm0924-a07-n64-s2-e1000-5m:v3 committed (10 files)
wandb: updating run metadata
wandb: uploading wandb-metadata.json; uploading requirements.txt; uploading output.log; uploading wandb-summary.json; uploading config.yaml
wandb: 🚀 View run confirm0924-a07-n64-s2-e1000-5m at: https://wandb.ai/kayamaguchi-uc-san-diego/BNJetTag-Engram-Experimental/runs/44934f0b5cb5
wandb: ⭐️ View project at: https://wandb.ai/kayamaguchi-uc-san-diego/BNJetTag-Engram-Experimental
wandb: Synced 5 W&B file(s), 0 media file(s), 5 artifact file(s) and 0 other file(s)
{
  "selection_cost": 7603669,
  "selection_cost_convention": "native_hgq2",
  "native_hgq2_backbone_ebops": 7603669,
  "custom_estimated_bitops": 0,
  "modules": {},
  "warning": "Augmented total is not directly interchangeable with historical native HGQ2 totals.",
  "run": "confirm0924-a07-n64-s2-e1000-5m",
  "checkpoint": "model_min_ebops.keras",
  "checkpoint_sha256": "e60f76e0ec527bfd84f339d28ec41584deab67d52c30a16f22e21e90900f2c11",
  "completed_epochs": 80,
  "selected": {
    "epoch": 79,
    "val_macro_auc": 0.8447445039295747,
    "val_categorical_accuracy": 0.5699435483870968,
    "ebops": 7603669
  },
  "budget_met": false,
  "validation_accuracy": 0.5699435483870968,
  "validation_macro_auc": 0.8447445039295747,
  "validation_per_class_auc": [
    0.8542588518733554,
    0.822442017010897,
    0.8193362662861645,
    0.8069637960506655,
    0.920721588426791
  ],
  "validation_labels_sha256": "97dedf586443a035071a6ec1ef25acae6841bb0890fa3dfd801c6a3d72ec234e",
  "validation_inputs_sha256": "5b040d2dd7dcba38dec6985cf0335c0dea17b657888bd7e076414605a139bea4",
  "seed": 2,
  "test_set_used": false,
  "hardware_validated": false
}

[one-gpu round 9] resume=80 stop_after=100
[train] confirm0924-a07-n64-s2-e1000-5m params=12788 resume_epoch=80 initial_ebops=24816782
wandb: [wandb.login()] Loaded credentials for https://api.wandb.ai from WANDB_API_KEY.
wandb: Resuming run confirm0924-a07-n64-s2-e1000-5m-s2
wandb: 🚀 View run at https://wandb.ai/kayamaguchi-uc-san-diego/BNJetTag-Engram-Experimental/runs/44934f0b5cb5
[epoch 81/1000] EBOPs=7515558 target=5000000 beta=9.36e-07 val_AUC=0.860988 val_accuracy=0.594508 seconds=149.0 checkpoint=epoch-0081
[epoch 82/1000] EBOPs=7505313 target=5000000 beta=9.44e-07 val_AUC=0.862160 val_accuracy=0.580202 seconds=136.1 checkpoint=epoch-0082
[epoch 83/1000] EBOPs=7482785 target=5000000 beta=9.63e-07 val_AUC=0.864884 val_accuracy=0.595621 seconds=141.3 checkpoint=epoch-0083
[epoch 84/1000] EBOPs=7464316 target=5000000 beta=9.79e-07 val_AUC=0.865383 val_accuracy=0.595718 seconds=141.8 checkpoint=epoch-0084
[epoch 85/1000] EBOPs=7452028 target=5000000 beta=9.97e-07 val_AUC=0.866028 val_accuracy=0.593548 seconds=140.3 checkpoint=epoch-0085
[epoch 86/1000] EBOPs=7441820 target=5000000 beta=1.01e-06 val_AUC=0.870230 val_accuracy=0.585016 seconds=140.4 checkpoint=epoch-0086
[epoch 87/1000] EBOPs=7419292 target=5000000 beta=1.03e-06 val_AUC=0.864284 val_accuracy=0.570798 seconds=141.4 checkpoint=epoch-0087
[epoch 88/1000] EBOPs=7374263 target=5000000 beta=1.05e-06 val_AUC=0.865008 val_accuracy=0.584234 seconds=140.4 checkpoint=epoch-0088
[epoch 89/1000] EBOPs=7363922 target=5000000 beta=1.07e-06 val_AUC=0.868933 val_accuracy=0.579798 seconds=141.0 checkpoint=epoch-0089
[epoch 90/1000] EBOPs=7347629 target=5000000 beta=1.08e-06 val_AUC=0.863575 val_accuracy=0.581032 seconds=140.3 checkpoint=epoch-0090
[epoch 91/1000] EBOPs=6485421 target=5000000 beta=1.1e-06 val_AUC=0.848731 val_accuracy=0.538282 seconds=140.2 checkpoint=epoch-0091
[epoch 92/1000] EBOPs=6319501 target=5000000 beta=9.87e-07 val_AUC=0.861874 val_accuracy=0.579234 seconds=140.6 checkpoint=epoch-0092
[epoch 93/1000] EBOPs=6006194 target=5000000 beta=9.73e-07 val_AUC=0.853313 val_accuracy=0.554427 seconds=140.0 checkpoint=epoch-0093
[epoch 94/1000] EBOPs=5946770 target=5000000 beta=9.33e-07 val_AUC=0.843905 val_accuracy=0.544065 seconds=140.5 checkpoint=epoch-0094
[epoch 95/1000] EBOPs=5934541 target=5000000 beta=9.32e-07 val_AUC=0.808780 val_accuracy=0.428097 seconds=140.9 checkpoint=epoch-0095
[epoch 96/1000] EBOPs=5893485 target=5000000 beta=9.38e-07 val_AUC=0.861514 val_accuracy=0.587234 seconds=140.4 checkpoint=epoch-0096
[epoch 97/1000] EBOPs=5760333 target=5000000 beta=9.39e-07 val_AUC=0.843571 val_accuracy=0.539589 seconds=139.7 checkpoint=epoch-0097
[epoch 98/1000] EBOPs=5643560 target=5000000 beta=9.24e-07 val_AUC=0.855023 val_accuracy=0.571177 seconds=140.5 checkpoint=epoch-0098
[epoch 99/1000] EBOPs=5457182 target=5000000 beta=9.11e-07 val_AUC=0.846424 val_accuracy=0.513460 seconds=140.8 checkpoint=epoch-0099
[epoch 100/1000] EBOPs=5575902 target=5000000 beta=8.85e-07 val_AUC=0.853893 val_accuracy=0.578113 seconds=141.0 checkpoint=epoch-0100
wandb: Adding directory to artifact (/data/confirmation-20260923/n64-5m-full/runs/confirm0924-a07-n64-s2-e1000-5m/checkpoints/epoch-0100)... Done. 0.1s
[wandb] artifact resume-confirm0924-a07-n64-s2-e1000-5m:v3 committed (5 files)
wandb: updating run metadata
wandb: uploading output.log; uploading wandb-summary.json; uploading config.yaml
wandb: 🚀 View run confirm0924-a07-n64-s2-e1000-5m-s2 at: https://wandb.ai/kayamaguchi-uc-san-diego/BNJetTag-Engram-Experimental/runs/44934f0b5cb5
wandb: ⭐️ View project at: https://wandb.ai/kayamaguchi-uc-san-diego/BNJetTag-Engram-Experimental
wandb: Synced 5 W&B file(s), 0 media file(s), 5 artifact file(s) and 0 other file(s)
wandb: setting up run 44934f0b5cb5
wandb: Resuming run confirm0924-a07-n64-s2-e1000-5m
wandb: 🚀 View run at https://wandb.ai/kayamaguchi-uc-san-diego/BNJetTag-Engram-Experimental/runs/44934f0b5cb5
[wandb] artifact engram-review-confirm0924-a07-n64-s2-e1000-5m:v4 committed (10 files)
wandb: updating run metadata
wandb: uploading requirements.txt; uploading output.log; uploading wandb-summary.json; uploading config.yaml; uploading wandb-metadata.json
wandb: 🚀 View run confirm0924-a07-n64-s2-e1000-5m at: https://wandb.ai/kayamaguchi-uc-san-diego/BNJetTag-Engram-Experimental/runs/44934f0b5cb5
wandb: ⭐️ View project at: https://wandb.ai/kayamaguchi-uc-san-diego/BNJetTag-Engram-Experimental
wandb: Synced 5 W&B file(s), 0 media file(s), 5 artifact file(s) and 0 other file(s)
{
  "selection_cost": 5457182,
  "selection_cost_convention": "native_hgq2",
  "native_hgq2_backbone_ebops": 5457182,
  "custom_estimated_bitops": 0,
  "modules": {},
  "warning": "Augmented total is not directly interchangeable with historical native HGQ2 totals.",
  "run": "confirm0924-a07-n64-s2-e1000-5m",
  "checkpoint": "model_min_ebops.keras",
  "checkpoint_sha256": "7f1362453d94726ab097c730912cffb0c069f38c15c3b253ad0d7b2311cc3e6d",
  "completed_epochs": 100,
  "selected": {
    "epoch": 98,
    "val_macro_auc": 0.8464237734393665,
    "val_categorical_accuracy": 0.5134596774193548,
    "ebops": 5457182
  },
  "budget_met": false,
  "validation_accuracy": 0.5134596774193548,
  "validation_macro_auc": 0.8464237734393665,
  "validation_per_class_auc": [
    0.8540206275062341,
    0.8384733879362282,
    0.8131240845137904,
    0.8067414047889033,
    0.919759362451676
  ],
  "validation_labels_sha256": "97dedf586443a035071a6ec1ef25acae6841bb0890fa3dfd801c6a3d72ec234e",
  "validation_inputs_sha256": "5b040d2dd7dcba38dec6985cf0335c0dea17b657888bd7e076414605a139bea4",
  "seed": 2,
  "test_set_used": false,
  "hardware_validated": false
}

[one-gpu round 11] resume=100 stop_after=120
[train] confirm0924-a07-n64-s2-e1000-5m params=12788 resume_epoch=100 initial_ebops=24816782
wandb: [wandb.login()] Loaded credentials for https://api.wandb.ai from WANDB_API_KEY.
wandb: Resuming run confirm0924-a07-n64-s2-e1000-5m-s2
wandb: 🚀 View run at https://wandb.ai/kayamaguchi-uc-san-diego/BNJetTag-Engram-Experimental/runs/44934f0b5cb5
[epoch 101/1000] EBOPs=5551385 target=5000000 beta=9.09e-07 val_AUC=0.860355 val_accuracy=0.583266 seconds=148.9 checkpoint=epoch-0101
[epoch 102/1000] EBOPs=5483860 target=5000000 beta=9.1e-07 val_AUC=0.855426 val_accuracy=0.568613 seconds=135.3 checkpoint=epoch-0102
[epoch 103/1000] EBOPs=5532965 target=5000000 beta=9.03e-07 val_AUC=0.859181 val_accuracy=0.563008 seconds=141.6 checkpoint=epoch-0103
[epoch 104/1000] EBOPs=5405957 target=5000000 beta=9.16e-07 val_AUC=0.861431 val_accuracy=0.575492 seconds=140.5 checkpoint=epoch-0104
[epoch 105/1000] EBOPs=5580022 target=5000000 beta=8.98e-07 val_AUC=0.852431 val_accuracy=0.544694 seconds=139.8 checkpoint=epoch-0105
[epoch 106/1000] EBOPs=5293319 target=5000000 beta=9.32e-07 val_AUC=0.843967 val_accuracy=0.537855 seconds=140.9 checkpoint=epoch-0106
[epoch 107/1000] EBOPs=5293309 target=5000000 beta=8.87e-07 val_AUC=0.848582 val_accuracy=0.584323 seconds=140.5 checkpoint=epoch-0107
[epoch 108/1000] EBOPs=5360802 target=5000000 beta=8.89e-07 val_AUC=0.853955 val_accuracy=0.557484 seconds=140.5 checkpoint=epoch-0108
[epoch 109/1000] EBOPs=5344477 target=5000000 beta=9.04e-07 val_AUC=0.860747 val_accuracy=0.591282 seconds=140.0 checkpoint=epoch-0109
[epoch 110/1000] EBOPs=5262434 target=5000000 beta=9.04e-07 val_AUC=0.865020 val_accuracy=0.593863 seconds=140.1 checkpoint=epoch-0110
[epoch 111/1000] EBOPs=5121181 target=5000000 beta=8.93e-07 val_AUC=0.859448 val_accuracy=0.576879 seconds=141.6 checkpoint=epoch-0111
[epoch 112/1000] EBOPs=5278808 target=5000000 beta=8.7e-07 val_AUC=0.860159 val_accuracy=0.580234 seconds=141.5 checkpoint=epoch-0112
[epoch 113/1000] EBOPs=5145693 target=5000000 beta=8.99e-07 val_AUC=0.860215 val_accuracy=0.568919 seconds=140.7 checkpoint=epoch-0113
[epoch 114/1000] EBOPs=5299320 target=5000000 beta=8.77e-07 val_AUC=0.863251 val_accuracy=0.568815 seconds=141.6 checkpoint=epoch-0114
[epoch 115/1000] EBOPs=5305464 target=5000000 beta=9.06e-07 val_AUC=0.864383 val_accuracy=0.564790 seconds=140.2 checkpoint=epoch-0115
[epoch 116/1000] EBOPs=5200979 target=5000000 beta=9.1e-07 val_AUC=0.866708 val_accuracy=0.595435 seconds=140.7 checkpoint=epoch-0116
[epoch 117/1000] EBOPs=5114995 target=5000000 beta=8.94e-07 val_AUC=0.863852 val_accuracy=0.585145 seconds=138.6 checkpoint=epoch-0117
[epoch 118/1000] EBOPs=5237902 target=5000000 beta=8.8e-07 val_AUC=0.866229 val_accuracy=0.605831 seconds=141.4 checkpoint=epoch-0118
[epoch 119/1000] EBOPs=5221454 target=5000000 beta=9.03e-07 val_AUC=0.865294 val_accuracy=0.592871 seconds=141.7 checkpoint=epoch-0119
[epoch 120/1000] EBOPs=5180494 target=5000000 beta=9.02e-07 val_AUC=0.866949 val_accuracy=0.602194 seconds=142.0 checkpoint=epoch-0120
wandb: updating run metadata
wandb: uploading wandb-summary.json; uploading config.yaml; uploading output.log
wandb: 🚀 View run confirm0924-a07-n64-s2-e1000-5m-s2 at: https://wandb.ai/kayamaguchi-uc-san-diego/BNJetTag-Engram-Experimental/runs/44934f0b5cb5
wandb: ⭐️ View project at: https://wandb.ai/kayamaguchi-uc-san-diego/BNJetTag-Engram-Experimental
wandb: Synced 5 W&B file(s), 0 media file(s), 0 artifact file(s) and 0 other file(s)
wandb: setting up run 44934f0b5cb5
wandb: Resuming run confirm0924-a07-n64-s2-e1000-5m
wandb: 🚀 View run at https://wandb.ai/kayamaguchi-uc-san-diego/BNJetTag-Engram-Experimental/runs/44934f0b5cb5
[wandb] artifact engram-review-confirm0924-a07-n64-s2-e1000-5m:v5 committed (10 files)
wandb: updating run metadata
wandb: uploading wandb-metadata.json; uploading requirements.txt; uploading output.log; uploading wandb-summary.json; uploading config.yaml
wandb: 🚀 View run confirm0924-a07-n64-s2-e1000-5m at: https://wandb.ai/kayamaguchi-uc-san-diego/BNJetTag-Engram-Experimental/runs/44934f0b5cb5
wandb: ⭐️ View project at: https://wandb.ai/kayamaguchi-uc-san-diego/BNJetTag-Engram-Experimental
wandb: Synced 5 W&B file(s), 0 media file(s), 5 artifact file(s) and 0 other file(s)
{
  "selection_cost": 5114995,
  "selection_cost_convention": "native_hgq2",
  "native_hgq2_backbone_ebops": 5114995,
  "custom_estimated_bitops": 0,
  "modules": {},
  "warning": "Augmented total is not directly interchangeable with historical native HGQ2 totals.",
  "run": "confirm0924-a07-n64-s2-e1000-5m",
  "checkpoint": "model_min_ebops.keras",
  "checkpoint_sha256": "ba25dfc919abc6afec92309d2c9d8e6f4a1063dd9c1ec85b8369dcc87b73e193",
  "completed_epochs": 120,
  "selected": {
    "epoch": 116,
    "val_macro_auc": 0.8638524088428475,
    "val_categorical_accuracy": 0.5851451612903226,
    "ebops": 5114995
  },
  "budget_met": false,
  "validation_accuracy": 0.5851451612903226,
  "validation_macro_auc": 0.8638524088428475,
  "validation_per_class_auc": [
    0.8815005759832258,
    0.8461296209300507,
    0.8400868072972951,
    0.8250424031672262,
    0.92650263683644
  ],
  "validation_labels_sha256": "97dedf586443a035071a6ec1ef25acae6841bb0890fa3dfd801c6a3d72ec234e",
  "validation_inputs_sha256": "5b040d2dd7dcba38dec6985cf0335c0dea17b657888bd7e076414605a139bea4",
  "seed": 2,
  "test_set_used": false,
  "hardware_validated": false
}

[one-gpu round 13] resume=120 stop_after=140
[train] confirm0924-a07-n64-s2-e1000-5m params=12788 resume_epoch=120 initial_ebops=24816782
wandb: [wandb.login()] Loaded credentials for https://api.wandb.ai from WANDB_API_KEY.
wandb: Resuming run confirm0924-a07-n64-s2-e1000-5m-s2
wandb: 🚀 View run at https://wandb.ai/kayamaguchi-uc-san-diego/BNJetTag-Engram-Experimental/runs/44934f0b5cb5
[epoch 121/1000] EBOPs=5133353 target=5000000 beta=8.97e-07 val_AUC=0.866731 val_accuracy=0.594089 seconds=130.6 checkpoint=epoch-0121
[epoch 122/1000] EBOPs=5211145 target=5000000 beta=8.9e-07 val_AUC=0.862551 val_accuracy=0.586306 seconds=109.9 checkpoint=epoch-0122
[epoch 123/1000] EBOPs=5229594 target=5000000 beta=9.05e-07 val_AUC=0.865052 val_accuracy=0.555290 seconds=110.3 checkpoint=epoch-0123
[epoch 124/1000] EBOPs=5186559 target=5000000 beta=9.11e-07 val_AUC=0.860668 val_accuracy=0.597185 seconds=109.9 checkpoint=epoch-0124
[epoch 125/1000] EBOPs=5127130 target=5000000 beta=9.05e-07 val_AUC=0.869246 val_accuracy=0.597782 seconds=111.8 checkpoint=epoch-0125
wandb: Adding directory to artifact (/data/confirmation-20260923/n64-5m-full/runs/confirm0924-a07-n64-s2-e1000-5m/checkpoints/epoch-0125)... Done. 0.1s
[wandb] artifact resume-confirm0924-a07-n64-s2-e1000-5m:v4 committed (5 files)
[epoch 126/1000] EBOPs=5026736 target=5000000 beta=8.95e-07 val_AUC=0.862814 val_accuracy=0.586968 seconds=114.5 checkpoint=epoch-0126
[epoch 127/1000] EBOPs=5092336 target=5000000 beta=8.78e-07 val_AUC=0.863746 val_accuracy=0.595169 seconds=109.4 checkpoint=epoch-0127
[epoch 128/1000] EBOPs=5119024 target=5000000 beta=8.9e-07 val_AUC=0.864700 val_accuracy=0.597613 seconds=105.6 checkpoint=epoch-0128
[epoch 129/1000] EBOPs=4987915 target=5000000 beta=8.96e-07 val_AUC=0.865180 val_accuracy=0.598161 seconds=104.1 checkpoint=epoch-0129
[epoch 130/1000] EBOPs=5159952 target=5000000 beta=8.73e-07 val_AUC=0.865871 val_accuracy=0.591855 seconds=104.3 checkpoint=epoch-0130
[epoch 131/1000] EBOPs=4979728 target=5000000 beta=9.05e-07 val_AUC=0.863357 val_accuracy=0.575258 seconds=106.1 checkpoint=epoch-0131
[epoch 132/1000] EBOPs=5041173 target=5000000 beta=8.73e-07 val_AUC=0.863815 val_accuracy=0.581016 seconds=109.6 checkpoint=epoch-0132
[epoch 133/1000] EBOPs=5159925 target=5000000 beta=8.84e-07 val_AUC=0.860869 val_accuracy=0.583774 seconds=107.3 checkpoint=epoch-0133
[epoch 134/1000] EBOPs=4989936 target=5000000 beta=9.06e-07 val_AUC=0.861506 val_accuracy=0.588992 seconds=106.8 checkpoint=epoch-0134
[epoch 135/1000] EBOPs=4926453 target=5000000 beta=8.76e-07 val_AUC=0.867005 val_accuracy=0.585427 seconds=107.6 checkpoint=epoch-0135
[epoch 136/1000] EBOPs=5000186 target=5000000 beta=8.64e-07 val_AUC=0.857160 val_accuracy=0.583371 seconds=106.6 checkpoint=epoch-0136
[epoch 137/1000] EBOPs=4916144 target=5000000 beta=8.77e-07 val_AUC=0.857963 val_accuracy=0.588903 seconds=107.7 checkpoint=epoch-0137
[epoch 138/1000] EBOPs=5116880 target=5000000 beta=8.62e-07 val_AUC=0.858359 val_accuracy=0.582274 seconds=111.2 checkpoint=epoch-0138
[epoch 139/1000] EBOPs=4950965 target=5000000 beta=8.98e-07 val_AUC=0.864072 val_accuracy=0.593177 seconds=112.1 checkpoint=epoch-0139
[epoch 140/1000] EBOPs=4977616 target=5000000 beta=8.69e-07 val_AUC=0.861445 val_accuracy=0.596040 seconds=90.7 checkpoint=epoch-0140
wandb: updating run metadata
wandb: uploading config.yaml; uploading output.log; uploading wandb-summary.json
wandb: 🚀 View run confirm0924-a07-n64-s2-e1000-5m-s2 at: https://wandb.ai/kayamaguchi-uc-san-diego/BNJetTag-Engram-Experimental/runs/44934f0b5cb5
wandb: ⭐️ View project at: https://wandb.ai/kayamaguchi-uc-san-diego/BNJetTag-Engram-Experimental
wandb: Synced 5 W&B file(s), 0 media file(s), 5 artifact file(s) and 0 other file(s)
wandb: setting up run 44934f0b5cb5
wandb: Resuming run confirm0924-a07-n64-s2-e1000-5m
wandb: 🚀 View run at https://wandb.ai/kayamaguchi-uc-san-diego/BNJetTag-Engram-Experimental/runs/44934f0b5cb5
[wandb] artifact engram-review-confirm0924-a07-n64-s2-e1000-5m:v6 committed (10 files)
wandb: updating run metadata
wandb: 🚀 View run confirm0924-a07-n64-s2-e1000-5m at: https://wandb.ai/kayamaguchi-uc-san-diego/BNJetTag-Engram-Experimental/runs/44934f0b5cb5
wandb: ⭐️ View project at: https://wandb.ai/kayamaguchi-uc-san-diego/BNJetTag-Engram-Experimental
wandb: Synced 5 W&B file(s), 0 media file(s), 5 artifact file(s) and 0 other file(s)
{
  "selection_cost": 4987915,
  "selection_cost_convention": "native_hgq2",
  "native_hgq2_backbone_ebops": 4987915,
  "custom_estimated_bitops": 0,
  "modules": {},
  "warning": "Augmented total is not directly interchangeable with historical native HGQ2 totals.",
  "run": "confirm0924-a07-n64-s2-e1000-5m",
  "checkpoint": "model_best.keras",
  "checkpoint_sha256": "8a53388c4fc1748f676c783a9e423bbdb78ac95cc05ab3f0c37175fefb0e0ccb",
  "completed_epochs": 140,
  "selected": {
    "epoch": 128,
    "val_macro_auc": 0.8651802821595809,
    "val_categorical_accuracy": 0.5981612903225807,
    "ebops": 4987915
  },
  "budget_met": true,
  "validation_accuracy": 0.5981612903225807,
  "validation_macro_auc": 0.8651802821595809,
  "validation_per_class_auc": [
    0.8898180467694681,
    0.8468850756133528,
    0.8411178987802117,
    0.8224370866404718,
    0.9256433029944001
  ],
  "validation_labels_sha256": "97dedf586443a035071a6ec1ef25acae6841bb0890fa3dfd801c6a3d72ec234e",
  "validation_inputs_sha256": "5b040d2dd7dcba38dec6985cf0335c0dea17b657888bd7e076414605a139bea4",
  "seed": 2,
  "test_set_used": false,
  "hardware_validated": false
}

[one-gpu round 17] resume=140 stop_after=160
[train] confirm0924-a07-n64-s2-e1000-5m params=12788 resume_epoch=140 initial_ebops=24816782
wandb: [wandb.login()] Loaded credentials for https://api.wandb.ai from WANDB_API_KEY.
wandb: Resuming run confirm0924-a07-n64-s2-e1000-5m-s2
wandb: 🚀 View run at https://wandb.ai/kayamaguchi-uc-san-diego/BNJetTag-Engram-Experimental/runs/44934f0b5cb5
[epoch 141/1000] EBOPs=4852720 target=5000000 beta=8.73e-07 val_AUC=0.866663 val_accuracy=0.597847 seconds=142.9 checkpoint=epoch-0141
[epoch 142/1000] EBOPs=4918224 target=5000000 beta=8.5e-07 val_AUC=0.862711 val_accuracy=0.593250 seconds=132.2 checkpoint=epoch-0142
[epoch 143/1000] EBOPs=4926406 target=5000000 beta=8.61e-07 val_AUC=0.853177 val_accuracy=0.570984 seconds=133.7 checkpoint=epoch-0143
[epoch 144/1000] EBOPs=4854711 target=5000000 beta=8.61e-07 val_AUC=0.860990 val_accuracy=0.593387 seconds=132.8 checkpoint=epoch-0144
[epoch 145/1000] EBOPs=4912033 target=5000000 beta=8.48e-07 val_AUC=0.860659 val_accuracy=0.590032 seconds=134.8 checkpoint=epoch-0145
[epoch 146/1000] EBOPs=4948897 target=5000000 beta=8.57e-07 val_AUC=0.865397 val_accuracy=0.600266 seconds=134.5 checkpoint=epoch-0146
[epoch 147/1000] EBOPs=5116887 target=5000000 beta=8.63e-07 val_AUC=0.870248 val_accuracy=0.603266 seconds=133.9 checkpoint=epoch-0147
[epoch 148/1000] EBOPs=4864956 target=5000000 beta=8.93e-07 val_AUC=0.866438 val_accuracy=0.592710 seconds=134.2 checkpoint=epoch-0148
[epoch 149/1000] EBOPs=4914098 target=5000000 beta=8.48e-07 val_AUC=0.860299 val_accuracy=0.597718 seconds=135.9 checkpoint=epoch-0149
[epoch 150/1000] EBOPs=4955090 target=5000000 beta=8.56e-07 val_AUC=0.870081 val_accuracy=0.600984 seconds=133.8 checkpoint=epoch-0150
wandb: Adding directory to artifact (/data/confirmation-20260923/n64-5m-full/runs/confirm0924-a07-n64-s2-e1000-5m/checkpoints/epoch-0150)... Done. 0.1s
[wandb] artifact resume-confirm0924-a07-n64-s2-e1000-5m:v5 committed (6 files)
[epoch 151/1000] EBOPs=4821970 target=5000000 beta=8.63e-07 val_AUC=0.865934 val_accuracy=0.594685 seconds=132.0 checkpoint=epoch-0151
[epoch 152/1000] EBOPs=4998066 target=5000000 beta=8.38e-07 val_AUC=0.857232 val_accuracy=0.566298 seconds=133.4 checkpoint=epoch-0152
[epoch 153/1000] EBOPs=4887474 target=5000000 beta=8.69e-07 val_AUC=0.865815 val_accuracy=0.597839 seconds=130.1 checkpoint=epoch-0153
[epoch 154/1000] EBOPs=4957032 target=5000000 beta=8.48e-07 val_AUC=0.861423 val_accuracy=0.591194 seconds=136.0 checkpoint=epoch-0154
[epoch 155/1000] EBOPs=4965224 target=5000000 beta=8.6e-07 val_AUC=0.864811 val_accuracy=0.599919 seconds=136.5 checkpoint=epoch-0155
[epoch 156/1000] EBOPs=4897640 target=5000000 beta=8.61e-07 val_AUC=0.861377 val_accuracy=0.593323 seconds=104.1 checkpoint=epoch-0156
[epoch 157/1000] EBOPs=4889475 target=5000000 beta=8.49e-07 val_AUC=0.868108 val_accuracy=0.591847 seconds=102.1 checkpoint=epoch-0157
[epoch 158/1000] EBOPs=4858755 target=5000000 beta=8.46e-07 val_AUC=0.865481 val_accuracy=0.595935 seconds=102.7 checkpoint=epoch-0158
[epoch 159/1000] EBOPs=4881278 target=5000000 beta=8.4e-07 val_AUC=0.867534 val_accuracy=0.597282 seconds=102.9 checkpoint=epoch-0159
[epoch 160/1000] EBOPs=4873086 target=5000000 beta=8.43e-07 val_AUC=0.869055 val_accuracy=0.595629 seconds=102.5 checkpoint=epoch-0160
wandb: updating run metadata
wandb: uploading config.yaml; uploading output.log; uploading wandb-summary.json
wandb: uploading data
wandb: 🚀 View run confirm0924-a07-n64-s2-e1000-5m-s2 at: https://wandb.ai/kayamaguchi-uc-san-diego/BNJetTag-Engram-Experimental/runs/44934f0b5cb5
wandb: ⭐️ View project at: https://wandb.ai/kayamaguchi-uc-san-diego/BNJetTag-Engram-Experimental
wandb: Synced 5 W&B file(s), 0 media file(s), 6 artifact file(s) and 0 other file(s)
wandb: setting up run 44934f0b5cb5
wandb: Resuming run confirm0924-a07-n64-s2-e1000-5m
wandb: 🚀 View run at https://wandb.ai/kayamaguchi-uc-san-diego/BNJetTag-Engram-Experimental/runs/44934f0b5cb5
[wandb] artifact engram-review-confirm0924-a07-n64-s2-e1000-5m:v7 committed (10 files)
wandb: updating run metadata
wandb: uploading wandb-metadata.json; uploading requirements.txt; uploading output.log; uploading wandb-summary.json; uploading config.yaml
wandb: 🚀 View run confirm0924-a07-n64-s2-e1000-5m at: https://wandb.ai/kayamaguchi-uc-san-diego/BNJetTag-Engram-Experimental/runs/44934f0b5cb5
wandb: ⭐️ View project at: https://wandb.ai/kayamaguchi-uc-san-diego/BNJetTag-Engram-Experimental
wandb: Synced 5 W&B file(s), 0 media file(s), 5 artifact file(s) and 0 other file(s)
{
  "selection_cost": 4955090,
  "selection_cost_convention": "native_hgq2",
  "native_hgq2_backbone_ebops": 4955090,
  "custom_estimated_bitops": 0,
  "modules": {},
  "warning": "Augmented total is not directly interchangeable with historical native HGQ2 totals.",
  "run": "confirm0924-a07-n64-s2-e1000-5m",
  "checkpoint": "model_best.keras",
  "checkpoint_sha256": "b4dab6a51b59704d89d7240c967614a3e2582dccf5197c2861b1cf8a23fe1b8b",
  "completed_epochs": 160,
  "selected": {
    "epoch": 149,
    "val_macro_auc": 0.8700806135157146,
    "val_categorical_accuracy": 0.600983870967742,
    "ebops": 4955090
  },
  "budget_met": true,
  "validation_accuracy": 0.600983870967742,
  "validation_macro_auc": 0.8700806135157146,
  "validation_per_class_auc": [
    0.8888256070327619,
    0.8589356637193744,
    0.8471752539581858,
    0.8300645936607571,
    0.9254019492074936
  ],
  "validation_labels_sha256": "97dedf586443a035071a6ec1ef25acae6841bb0890fa3dfd801c6a3d72ec234e",
  "validation_inputs_sha256": "5b040d2dd7dcba38dec6985cf0335c0dea17b657888bd7e076414605a139bea4",
  "seed": 2,
  "test_set_used": false,
  "hardware_validated": false
}

[one-gpu round 21] resume=160 stop_after=180
[train] confirm0924-a07-n64-s2-e1000-5m params=12788 resume_epoch=160 initial_ebops=24816782
wandb: [wandb.login()] Loaded credentials for https://api.wandb.ai from WANDB_API_KEY.
wandb: setting up run 44934f0b5cb5
wandb: Resuming run confirm0924-a07-n64-s2-e1000-5m-s2
wandb: 🚀 View run at https://wandb.ai/kayamaguchi-uc-san-diego/BNJetTag-Engram-Experimental/runs/44934f0b5cb5
[epoch 161/1000] EBOPs=4813694 target=5000000 beta=8.4e-07 val_AUC=0.867950 val_accuracy=0.580347 seconds=151.0 checkpoint=epoch-0161
[epoch 162/1000] EBOPs=4889502 target=5000000 beta=8.28e-07 val_AUC=0.873420 val_accuracy=0.609927 seconds=135.9 checkpoint=epoch-0162
[epoch 163/1000] EBOPs=4821891 target=5000000 beta=8.4e-07 val_AUC=0.866496 val_accuracy=0.590121 seconds=141.2 checkpoint=epoch-0163
[epoch 164/1000] EBOPs=4784889 target=5000000 beta=8.27e-07 val_AUC=0.866132 val_accuracy=0.595065 seconds=142.1 checkpoint=epoch-0164
[epoch 165/1000] EBOPs=4778777 target=5000000 beta=8.19e-07 val_AUC=0.870177 val_accuracy=0.607782 seconds=141.8 checkpoint=epoch-0165
[epoch 166/1000] EBOPs=4864793 target=5000000 beta=8.16e-07 val_AUC=0.869528 val_accuracy=0.602790 seconds=142.1 checkpoint=epoch-0166
[epoch 167/1000] EBOPs=4864820 target=5000000 beta=8.3e-07 val_AUC=0.868811 val_accuracy=0.598911 seconds=142.6 checkpoint=epoch-0167
[epoch 168/1000] EBOPs=4803348 target=5000000 beta=8.29e-07 val_AUC=0.871455 val_accuracy=0.603492 seconds=142.4 checkpoint=epoch-0168
[epoch 169/1000] EBOPs=4918036 target=5000000 beta=8.17e-07 val_AUC=0.864677 val_accuracy=0.590194 seconds=142.7 checkpoint=epoch-0169
[epoch 170/1000] EBOPs=4877012 target=5000000 beta=8.35e-07 val_AUC=0.862399 val_accuracy=0.593516 seconds=142.6 checkpoint=epoch-0170
[epoch 171/1000] EBOPs=4813551 target=5000000 beta=8.27e-07 val_AUC=0.866305 val_accuracy=0.584895 seconds=142.5 checkpoint=epoch-0171
[epoch 172/1000] EBOPs=4813551 target=5000000 beta=8.15e-07 val_AUC=0.864905 val_accuracy=0.599290 seconds=169.3 checkpoint=epoch-0172
[epoch 173/1000] EBOPs=4815636 target=5000000 beta=8.13e-07 val_AUC=0.869614 val_accuracy=0.597161 seconds=149.1 checkpoint=epoch-0173
[epoch 174/1000] EBOPs=4807434 target=5000000 beta=8.12e-07 val_AUC=0.872013 val_accuracy=0.597137 seconds=149.6 checkpoint=epoch-0174
[epoch 175/1000] EBOPs=4850442 target=5000000 beta=8.09e-07 val_AUC=0.871162 val_accuracy=0.590331 seconds=149.7 checkpoint=epoch-0175
wandb: Adding directory to artifact (/data/confirmation-20260923/n64-5m-full/runs/confirm0924-a07-n64-s2-e1000-5m/checkpoints/epoch-0175)... Done. 0.1s
[wandb] artifact resume-confirm0924-a07-n64-s2-e1000-5m:v6 committed (6 files)
[epoch 176/1000] EBOPs=4778693 target=5000000 beta=8.15e-07 val_AUC=0.865762 val_accuracy=0.594218 seconds=150.7 checkpoint=epoch-0176
[epoch 177/1000] EBOPs=4885253 target=5000000 beta=8.01e-07 val_AUC=0.871323 val_accuracy=0.602750 seconds=149.4 checkpoint=epoch-0177
[epoch 178/1000] EBOPs=4756244 target=5000000 beta=8.18e-07 val_AUC=0.869807 val_accuracy=0.599548 seconds=147.9 checkpoint=epoch-0178
[epoch 179/1000] EBOPs=4819695 target=5000000 beta=7.95e-07 val_AUC=0.862514 val_accuracy=0.579460 seconds=146.3 checkpoint=epoch-0179
[epoch 180/1000] EBOPs=4852495 target=5000000 beta=8.04e-07 val_AUC=0.867914 val_accuracy=0.587911 seconds=143.1 checkpoint=epoch-0180
wandb: updating run metadata
wandb: uploading output.log; uploading wandb-summary.json; uploading config.yaml
wandb: 🚀 View run confirm0924-a07-n64-s2-e1000-5m-s2 at: https://wandb.ai/kayamaguchi-uc-san-diego/BNJetTag-Engram-Experimental/runs/44934f0b5cb5
wandb: ⭐️ View project at: https://wandb.ai/kayamaguchi-uc-san-diego/BNJetTag-Engram-Experimental
wandb: Synced 5 W&B file(s), 0 media file(s), 6 artifact file(s) and 0 other file(s)
wandb: setting up run 44934f0b5cb5
wandb: Resuming run confirm0924-a07-n64-s2-e1000-5m
wandb: 🚀 View run at https://wandb.ai/kayamaguchi-uc-san-diego/BNJetTag-Engram-Experimental/runs/44934f0b5cb5
[wandb] artifact engram-review-confirm0924-a07-n64-s2-e1000-5m:v8 committed (10 files)
wandb: updating run metadata
wandb: uploading config.yaml; uploading output.log; uploading wandb-summary.json
wandb: 🚀 View run confirm0924-a07-n64-s2-e1000-5m at: https://wandb.ai/kayamaguchi-uc-san-diego/BNJetTag-Engram-Experimental/runs/44934f0b5cb5
wandb: ⭐️ View project at: https://wandb.ai/kayamaguchi-uc-san-diego/BNJetTag-Engram-Experimental
wandb: Synced 5 W&B file(s), 0 media file(s), 5 artifact file(s) and 0 other file(s)
{
  "selection_cost": 4889502,
  "selection_cost_convention": "native_hgq2",
  "native_hgq2_backbone_ebops": 4889502,
  "custom_estimated_bitops": 0,
  "modules": {},
  "warning": "Augmented total is not directly interchangeable with historical native HGQ2 totals.",
  "run": "confirm0924-a07-n64-s2-e1000-5m",
  "checkpoint": "model_best.keras",
  "checkpoint_sha256": "0c96cd8cb9e2523833425fdb1439173121fe893d8ccc09214e5429b3fe9c490a",
  "completed_epochs": 180,
  "selected": {
    "epoch": 161,
    "val_macro_auc": 0.8734196920515446,
    "val_categorical_accuracy": 0.6099274193548387,
    "ebops": 4889502
  },
  "budget_met": true,
  "validation_accuracy": 0.6099274193548387,
  "validation_macro_auc": 0.8734196920515446,
  "validation_per_class_auc": [
    0.8945377418477257,
    0.8604910452444123,
    0.8486573312726142,
    0.8325418871886192,
    0.9308704547043513
  ],
  "validation_labels_sha256": "97dedf586443a035071a6ec1ef25acae6841bb0890fa3dfd801c6a3d72ec234e",
  "validation_inputs_sha256": "5b040d2dd7dcba38dec6985cf0335c0dea17b657888bd7e076414605a139bea4",
  "seed": 2,
  "test_set_used": false,
  "hardware_validated": false
}

[one-gpu round 24] resume=180 stop_after=200
[train] confirm0924-a07-n64-s2-e1000-5m params=12788 resume_epoch=180 initial_ebops=24816782
wandb: [wandb.login()] Loaded credentials for https://api.wandb.ai from WANDB_API_KEY.
wandb: setting up run 44934f0b5cb5
wandb: Resuming run confirm0924-a07-n64-s2-e1000-5m-s2
wandb: 🚀 View run at https://wandb.ai/kayamaguchi-uc-san-diego/BNJetTag-Engram-Experimental/runs/44934f0b5cb5
[epoch 181/1000] EBOPs=4854538 target=5000000 beta=8.08e-07 val_AUC=0.867715 val_accuracy=0.582871 seconds=124.6 checkpoint=epoch-0181
[epoch 182/1000] EBOPs=4881108 target=5000000 beta=8.07e-07 val_AUC=0.863609 val_accuracy=0.589839 seconds=111.4 checkpoint=epoch-0182
[epoch 183/1000] EBOPs=4764335 target=5000000 beta=8.11e-07 val_AUC=0.862300 val_accuracy=0.584960 seconds=114.6 checkpoint=epoch-0183
[epoch 184/1000] EBOPs=4774597 target=5000000 beta=7.89e-07 val_AUC=0.869897 val_accuracy=0.602452 seconds=112.4 checkpoint=epoch-0184
[epoch 185/1000] EBOPs=4895402 target=5000000 beta=7.89e-07 val_AUC=0.867331 val_accuracy=0.590879 seconds=112.3 checkpoint=epoch-0185
[epoch 186/1000] EBOPs=4807274 target=5000000 beta=8.08e-07 val_AUC=0.871042 val_accuracy=0.604185 seconds=110.5 checkpoint=epoch-0186
[epoch 187/1000] EBOPs=4770437 target=5000000 beta=7.92e-07 val_AUC=0.867634 val_accuracy=0.600589 seconds=109.8 checkpoint=epoch-0187
[epoch 188/1000] EBOPs=4766373 target=5000000 beta=7.84e-07 val_AUC=0.870481 val_accuracy=0.590637 seconds=110.5 checkpoint=epoch-0188
[epoch 189/1000] EBOPs=4799082 target=5000000 beta=7.82e-07 val_AUC=0.869840 val_accuracy=0.598202 seconds=112.8 checkpoint=epoch-0189
[epoch 190/1000] EBOPs=4776554 target=5000000 beta=7.86e-07 val_AUC=0.872345 val_accuracy=0.606597 seconds=112.5 checkpoint=epoch-0190
[epoch 191/1000] EBOPs=4758090 target=5000000 beta=7.8e-07 val_AUC=0.867665 val_accuracy=0.591605 seconds=110.5 checkpoint=epoch-0191
[epoch 192/1000] EBOPs=4776544 target=5000000 beta=7.75e-07 val_AUC=0.871756 val_accuracy=0.595879 seconds=111.6 checkpoint=epoch-0192
[epoch 193/1000] EBOPs=4858400 target=5000000 beta=7.76e-07 val_AUC=0.869694 val_accuracy=0.598419 seconds=110.4 checkpoint=epoch-0193
[epoch 194/1000] EBOPs=4801024 target=5000000 beta=7.89e-07 val_AUC=0.863528 val_accuracy=0.589831 seconds=107.7 checkpoint=epoch-0194
[epoch 195/1000] EBOPs=4805179 target=5000000 beta=7.78e-07 val_AUC=0.868147 val_accuracy=0.600460 seconds=114.2 checkpoint=epoch-0195
[epoch 196/1000] EBOPs=4805147 target=5000000 beta=7.77e-07 val_AUC=0.870799 val_accuracy=0.599056 seconds=110.3 checkpoint=epoch-0196
[epoch 197/1000] EBOPs=4762107 target=5000000 beta=7.75e-07 val_AUC=0.872264 val_accuracy=0.610919 seconds=108.5 checkpoint=epoch-0197
[epoch 198/1000] EBOPs=4823579 target=5000000 beta=7.66e-07 val_AUC=0.869611 val_accuracy=0.604637 seconds=111.8 checkpoint=epoch-0198
[epoch 199/1000] EBOPs=4897216 target=5000000 beta=7.75e-07 val_AUC=0.871898 val_accuracy=0.612234 seconds=76.9 checkpoint=epoch-0199
[epoch 200/1000] EBOPs=4811200 target=5000000 beta=7.86e-07 val_AUC=0.865955 val_accuracy=0.597597 seconds=68.9 checkpoint=epoch-0200
wandb: Adding directory to artifact (/data/confirmation-20260923/n64-5m-full/runs/confirm0924-a07-n64-s2-e1000-5m/checkpoints/epoch-0200)... Done. 0.1s
[wandb] artifact resume-confirm0924-a07-n64-s2-e1000-5m:v7 committed (6 files)
wandb: updating run metadata
wandb: uploading config.yaml; uploading output.log; uploading wandb-summary.json
wandb: 🚀 View run confirm0924-a07-n64-s2-e1000-5m-s2 at: https://wandb.ai/kayamaguchi-uc-san-diego/BNJetTag-Engram-Experimental/runs/44934f0b5cb5
wandb: ⭐️ View project at: https://wandb.ai/kayamaguchi-uc-san-diego/BNJetTag-Engram-Experimental
wandb: Synced 5 W&B file(s), 0 media file(s), 6 artifact file(s) and 0 other file(s)
wandb: setting up run 44934f0b5cb5
wandb: Resuming run confirm0924-a07-n64-s2-e1000-5m
wandb: 🚀 View run at https://wandb.ai/kayamaguchi-uc-san-diego/BNJetTag-Engram-Experimental/runs/44934f0b5cb5
[wandb] artifact engram-review-confirm0924-a07-n64-s2-e1000-5m:v9 committed (10 files)
wandb: updating run metadata
wandb: uploading config.yaml
wandb: 🚀 View run confirm0924-a07-n64-s2-e1000-5m at: https://wandb.ai/kayamaguchi-uc-san-diego/BNJetTag-Engram-Experimental/runs/44934f0b5cb5
wandb: ⭐️ View project at: https://wandb.ai/kayamaguchi-uc-san-diego/BNJetTag-Engram-Experimental
wandb: Synced 5 W&B file(s), 0 media file(s), 5 artifact file(s) and 0 other file(s)
{
  "selection_cost": 4897216,
  "selection_cost_convention": "native_hgq2",
  "native_hgq2_backbone_ebops": 4897216,
  "custom_estimated_bitops": 0,
  "modules": {},
  "warning": "Augmented total is not directly interchangeable with historical native HGQ2 totals.",
  "run": "confirm0924-a07-n64-s2-e1000-5m",
  "checkpoint": "model_best.keras",
  "checkpoint_sha256": "7b1d94bcf45c101866ed6081078781e2b370befcfb1c0c5fd1606a2859cf0ce0",
  "completed_epochs": 200,
  "selected": {
    "epoch": 198,
    "val_macro_auc": 0.8718978052047609,
    "val_categorical_accuracy": 0.612233870967742,
    "ebops": 4897216
  },
  "budget_met": true,
  "validation_accuracy": 0.612233870967742,
  "validation_macro_auc": 0.8718978052047609,
  "validation_per_class_auc": [
    0.892660989592421,
    0.8492096050594354,
    0.8507084842135662,
    0.834850682773831,
    0.9320592643845512
  ],
  "validation_labels_sha256": "97dedf586443a035071a6ec1ef25acae6841bb0890fa3dfd801c6a3d72ec234e",
  "validation_inputs_sha256": "5b040d2dd7dcba38dec6985cf0335c0dea17b657888bd7e076414605a139bea4",
  "seed": 2,
  "test_set_used": false,
  "hardware_validated": false
}

[one-gpu round 4] resume=200 stop_after=220
[train] confirm0924-a07-n64-s2-e1000-5m params=12788 resume_epoch=200 initial_ebops=24816782
wandb: [wandb.login()] Loaded credentials for https://api.wandb.ai from WANDB_API_KEY.
wandb: Resuming run confirm0924-a07-n64-s2-e1000-5m-s2
wandb: 🚀 View run at https://wandb.ai/kayamaguchi-uc-san-diego/BNJetTag-Engram-Experimental/runs/44934f0b5cb5
[epoch 201/1000] EBOPs=4766134 target=5000000 beta=7.71e-07 val_AUC=0.866603 val_accuracy=0.600476 seconds=151.1 checkpoint=epoch-0201
[epoch 202/1000] EBOPs=4889014 target=5000000 beta=7.62e-07 val_AUC=0.868824 val_accuracy=0.601444 seconds=140.9 checkpoint=epoch-0202
[epoch 203/1000] EBOPs=4825563 target=5000000 beta=7.8e-07 val_AUC=0.872770 val_accuracy=0.604806 seconds=140.6 checkpoint=epoch-0203
[epoch 204/1000] EBOPs=4813270 target=5000000 beta=7.69e-07 val_AUC=0.871285 val_accuracy=0.601677 seconds=142.1 checkpoint=epoch-0204
[epoch 205/1000] EBOPs=4809142 target=5000000 beta=7.66e-07 val_AUC=0.871320 val_accuracy=0.609508 seconds=143.5 checkpoint=epoch-0205
[epoch 206/1000] EBOPs=4802966 target=5000000 beta=7.63e-07 val_AUC=0.871759 val_accuracy=0.608823 seconds=143.5 checkpoint=epoch-0206
[epoch 207/1000] EBOPs=4782454 target=5000000 beta=7.61e-07 val_AUC=0.868909 val_accuracy=0.602395 seconds=142.5 checkpoint=epoch-0207
[epoch 208/1000] EBOPs=4788598 target=5000000 beta=7.56e-07 val_AUC=0.872890 val_accuracy=0.595718 seconds=144.1 checkpoint=epoch-0208
[epoch 209/1000] EBOPs=4829595 target=5000000 beta=7.55e-07 val_AUC=0.876470 val_accuracy=0.613065 seconds=142.7 checkpoint=epoch-0209
[epoch 210/1000] EBOPs=4809051 target=5000000 beta=7.6e-07 val_AUC=0.867709 val_accuracy=0.581202 seconds=140.5 checkpoint=epoch-0210
[epoch 211/1000] EBOPs=4755798 target=5000000 beta=7.56e-07 val_AUC=0.871035 val_accuracy=0.600040 seconds=140.4 checkpoint=epoch-0211
[epoch 212/1000] EBOPs=4858097 target=5000000 beta=7.45e-07 val_AUC=0.869119 val_accuracy=0.603194 seconds=139.7 checkpoint=epoch-0212
[epoch 213/1000] EBOPs=4870449 target=5000000 beta=7.6e-07 val_AUC=0.870394 val_accuracy=0.586250 seconds=134.2 checkpoint=epoch-0213
[epoch 214/1000] EBOPs=4882710 target=5000000 beta=7.61e-07 val_AUC=0.868131 val_accuracy=0.589726 seconds=138.3 checkpoint=epoch-0214
[epoch 215/1000] EBOPs=4856145 target=5000000 beta=7.62e-07 val_AUC=0.864536 val_accuracy=0.577371 seconds=138.0 checkpoint=epoch-0215
[epoch 216/1000] EBOPs=4796662 target=5000000 beta=7.57e-07 val_AUC=0.863315 val_accuracy=0.565032 seconds=111.6 checkpoint=epoch-0216
[epoch 217/1000] EBOPs=4841718 target=5000000 beta=7.46e-07 val_AUC=0.872325 val_accuracy=0.601065 seconds=105.5 checkpoint=epoch-0217
[epoch 218/1000] EBOPs=4878582 target=5000000 beta=7.52e-07 val_AUC=0.874804 val_accuracy=0.608718 seconds=104.7 checkpoint=epoch-0218
[epoch 219/1000] EBOPs=4931830 target=5000000 beta=7.57e-07 val_AUC=0.858706 val_accuracy=0.557161 seconds=104.4 checkpoint=epoch-0219
[epoch 220/1000] EBOPs=4860118 target=5000000 beta=7.65e-07 val_AUC=0.874232 val_accuracy=0.607839 seconds=103.6 checkpoint=epoch-0220
wandb: updating run metadata
wandb: uploading wandb-summary.json; uploading config.yaml; uploading output.log
wandb: 🚀 View run confirm0924-a07-n64-s2-e1000-5m-s2 at: https://wandb.ai/kayamaguchi-uc-san-diego/BNJetTag-Engram-Experimental/runs/44934f0b5cb5
wandb: ⭐️ View project at: https://wandb.ai/kayamaguchi-uc-san-diego/BNJetTag-Engram-Experimental
wandb: Synced 5 W&B file(s), 0 media file(s), 0 artifact file(s) and 0 other file(s)
wandb: setting up run 44934f0b5cb5
wandb: Resuming run confirm0924-a07-n64-s2-e1000-5m
wandb: 🚀 View run at https://wandb.ai/kayamaguchi-uc-san-diego/BNJetTag-Engram-Experimental/runs/44934f0b5cb5
[wandb] artifact engram-review-confirm0924-a07-n64-s2-e1000-5m:v10 committed (10 files)
wandb: updating run metadata
wandb: uploading config.yaml; uploading output.log; uploading wandb-summary.json
wandb: 🚀 View run confirm0924-a07-n64-s2-e1000-5m at: https://wandb.ai/kayamaguchi-uc-san-diego/BNJetTag-Engram-Experimental/runs/44934f0b5cb5
wandb: ⭐️ View project at: https://wandb.ai/kayamaguchi-uc-san-diego/BNJetTag-Engram-Experimental
wandb: Synced 5 W&B file(s), 0 media file(s), 5 artifact file(s) and 0 other file(s)
{
  "selection_cost": 4829595,
  "selection_cost_convention": "native_hgq2",
  "native_hgq2_backbone_ebops": 4829595,
  "custom_estimated_bitops": 0,
  "modules": {},
  "warning": "Augmented total is not directly interchangeable with historical native HGQ2 totals.",
  "run": "confirm0924-a07-n64-s2-e1000-5m",
  "checkpoint": "model_best.keras",
  "checkpoint_sha256": "5cbce16e74b72436260752d880703f134b26cb4c8cc9fd1de5dc26753042dbb6",
  "completed_epochs": 220,
  "selected": {
    "epoch": 208,
    "val_macro_auc": 0.8764702570787923,
    "val_categorical_accuracy": 0.6130645161290322,
    "ebops": 4829595
  },
  "budget_met": true,
  "validation_accuracy": 0.6130645161290322,
  "validation_macro_auc": 0.8764702570787923,
  "validation_per_class_auc": [
    0.8979384452123702,
    0.8655795378242401,
    0.8520808175455411,
    0.8350263231753463,
    0.9317261616364638
  ],
  "validation_labels_sha256": "97dedf586443a035071a6ec1ef25acae6841bb0890fa3dfd801c6a3d72ec234e",
  "validation_inputs_sha256": "5b040d2dd7dcba38dec6985cf0335c0dea17b657888bd7e076414605a139bea4",
  "seed": 2,
  "test_set_used": false,
  "hardware_validated": false
}

[one-gpu round 8] resume=220 stop_after=240
[train] confirm0924-a07-n64-s2-e1000-5m params=12788 resume_epoch=220 initial_ebops=24816782
wandb: [wandb.login()] Loaded credentials for https://api.wandb.ai from WANDB_API_KEY.
wandb: Resuming run confirm0924-a07-n64-s2-e1000-5m-s2
wandb: 🚀 View run at https://wandb.ai/kayamaguchi-uc-san-diego/BNJetTag-Engram-Experimental/runs/44934f0b5cb5
[epoch 221/1000] EBOPs=4839638 target=5000000 beta=7.52e-07 val_AUC=0.870551 val_accuracy=0.600315 seconds=154.8 checkpoint=epoch-0221
[epoch 222/1000] EBOPs=4784401 target=5000000 beta=7.48e-07 val_AUC=0.872170 val_accuracy=0.595048 seconds=141.0 checkpoint=epoch-0222
[epoch 223/1000] EBOPs=4843793 target=5000000 beta=7.38e-07 val_AUC=0.866779 val_accuracy=0.584153 seconds=147.3 checkpoint=epoch-0223
[epoch 224/1000] EBOPs=4827318 target=5000000 beta=7.46e-07 val_AUC=0.863460 val_accuracy=0.565968 seconds=147.5 checkpoint=epoch-0224
[epoch 225/1000] EBOPs=4843766 target=5000000 beta=7.42e-07 val_AUC=0.872900 val_accuracy=0.594040 seconds=147.9 checkpoint=epoch-0225
wandb: Adding directory to artifact (/data/confirmation-20260923/n64-5m-full/runs/confirm0924-a07-n64-s2-e1000-5m/checkpoints/epoch-0225)... Done. 0.1s
[wandb] artifact resume-confirm0924-a07-n64-s2-e1000-5m:v8 committed (6 files)
[epoch 226/1000] EBOPs=4802774 target=5000000 beta=7.43e-07 val_AUC=0.860507 val_accuracy=0.577073 seconds=143.6 checkpoint=epoch-0226
[epoch 227/1000] EBOPs=4894897 target=5000000 beta=7.36e-07 val_AUC=0.859735 val_accuracy=0.566976 seconds=146.7 checkpoint=epoch-0227
[epoch 228/1000] EBOPs=4853937 target=5000000 beta=7.49e-07 val_AUC=0.870796 val_accuracy=0.584895 seconds=147.6 checkpoint=epoch-0228
[epoch 229/1000] EBOPs=4778161 target=5000000 beta=7.42e-07 val_AUC=0.868266 val_accuracy=0.599968 seconds=147.6 checkpoint=epoch-0229
[epoch 230/1000] EBOPs=4806838 target=5000000 beta=7.28e-07 val_AUC=0.870764 val_accuracy=0.599710 seconds=147.4 checkpoint=epoch-0230
[epoch 231/1000] EBOPs=4851931 target=5000000 beta=7.31e-07 val_AUC=0.874260 val_accuracy=0.595202 seconds=147.3 checkpoint=epoch-0231
[epoch 232/1000] EBOPs=4849846 target=5000000 beta=7.37e-07 val_AUC=0.859281 val_accuracy=0.573347 seconds=147.1 checkpoint=epoch-0232
[epoch 233/1000] EBOPs=4880534 target=5000000 beta=7.36e-07 val_AUC=0.868039 val_accuracy=0.601266 seconds=147.0 checkpoint=epoch-0233
[epoch 234/1000] EBOPs=4804790 target=5000000 beta=7.39e-07 val_AUC=0.875416 val_accuracy=0.603548 seconds=149.0 checkpoint=epoch-0234
[epoch 235/1000] EBOPs=4753627 target=5000000 beta=7.26e-07 val_AUC=0.866202 val_accuracy=0.597532 seconds=151.8 checkpoint=epoch-0235
[epoch 236/1000] EBOPs=4894902 target=5000000 beta=7.17e-07 val_AUC=0.870472 val_accuracy=0.603621 seconds=154.7 checkpoint=epoch-0236
[epoch 237/1000] EBOPs=4864113 target=5000000 beta=7.37e-07 val_AUC=0.872256 val_accuracy=0.609952 seconds=152.2 checkpoint=epoch-0237
[epoch 238/1000] EBOPs=4751500 target=5000000 beta=7.32e-07 val_AUC=0.876061 val_accuracy=0.606629 seconds=145.7 checkpoint=epoch-0238
[epoch 239/1000] EBOPs=4763766 target=5000000 beta=7.13e-07 val_AUC=0.872255 val_accuracy=0.589887 seconds=145.5 checkpoint=epoch-0239
[epoch 240/1000] EBOPs=4900913 target=5000000 beta=7.13e-07 val_AUC=0.873151 val_accuracy=0.603274 seconds=147.4 checkpoint=epoch-0240
wandb: updating run metadata
wandb: uploading output.log; uploading wandb-summary.json; uploading config.yaml
wandb: 🚀 View run confirm0924-a07-n64-s2-e1000-5m-s2 at: https://wandb.ai/kayamaguchi-uc-san-diego/BNJetTag-Engram-Experimental/runs/44934f0b5cb5
wandb: ⭐️ View project at: https://wandb.ai/kayamaguchi-uc-san-diego/BNJetTag-Engram-Experimental
wandb: Synced 5 W&B file(s), 0 media file(s), 6 artifact file(s) and 0 other file(s)
wandb: setting up run 44934f0b5cb5
wandb: Resuming run confirm0924-a07-n64-s2-e1000-5m
wandb: 🚀 View run at https://wandb.ai/kayamaguchi-uc-san-diego/BNJetTag-Engram-Experimental/runs/44934f0b5cb5
[wandb] artifact engram-review-confirm0924-a07-n64-s2-e1000-5m:v11 committed (10 files)
wandb: uploading wandb-metadata.json; uploading requirements.txt; updating run metadata
wandb: uploading output.log; uploading wandb-summary.json; uploading config.yaml
wandb: 🚀 View run confirm0924-a07-n64-s2-e1000-5m at: https://wandb.ai/kayamaguchi-uc-san-diego/BNJetTag-Engram-Experimental/runs/44934f0b5cb5
wandb: ⭐️ View project at: https://wandb.ai/kayamaguchi-uc-san-diego/BNJetTag-Engram-Experimental
wandb: Synced 5 W&B file(s), 0 media file(s), 3 artifact file(s) and 0 other file(s)
{
  "selection_cost": 4829595,
  "selection_cost_convention": "native_hgq2",
  "native_hgq2_backbone_ebops": 4829595,
  "custom_estimated_bitops": 0,
  "modules": {},
  "warning": "Augmented total is not directly interchangeable with historical native HGQ2 totals.",
  "run": "confirm0924-a07-n64-s2-e1000-5m",
  "checkpoint": "model_best.keras",
  "checkpoint_sha256": "5cbce16e74b72436260752d880703f134b26cb4c8cc9fd1de5dc26753042dbb6",
  "completed_epochs": 240,
  "selected": {
    "epoch": 208,
    "val_macro_auc": 0.8764702570787923,
    "val_categorical_accuracy": 0.6130645161290322,
    "ebops": 4829595
  },
  "budget_met": true,
  "validation_accuracy": 0.6130645161290322,
  "validation_macro_auc": 0.8764702570787923,
  "validation_per_class_auc": [
    0.8979384452123702,
    0.8655795378242401,
    0.8520808175455411,
    0.8350263231753463,
    0.9317261616364638
  ],
  "validation_labels_sha256": "97dedf586443a035071a6ec1ef25acae6841bb0890fa3dfd801c6a3d72ec234e",
  "validation_inputs_sha256": "5b040d2dd7dcba38dec6985cf0335c0dea17b657888bd7e076414605a139bea4",
  "seed": 2,
  "test_set_used": false,
  "hardware_validated": false
}

[one-gpu round 3] resume=240 stop_after=260
[train] confirm0924-a07-n64-s2-e1000-5m params=12788 resume_epoch=240 initial_ebops=24816782
wandb: [wandb.login()] Loaded credentials for https://api.wandb.ai from WANDB_API_KEY.
wandb: setting up run 44934f0b5cb5
wandb: Resuming run confirm0924-a07-n64-s2-e1000-5m-s2
wandb: 🚀 View run at https://wandb.ai/kayamaguchi-uc-san-diego/BNJetTag-Engram-Experimental/runs/44934f0b5cb5
[epoch 241/1000] EBOPs=4796502 target=5000000 beta=7.33e-07 val_AUC=0.869966 val_accuracy=0.575911 seconds=127.4 checkpoint=epoch-0241
[epoch 242/1000] EBOPs=4788273 target=5000000 beta=7.16e-07 val_AUC=0.873721 val_accuracy=0.602403 seconds=116.5 checkpoint=epoch-0242
[epoch 243/1000] EBOPs=4857878 target=5000000 beta=7.13e-07 val_AUC=0.877318 val_accuracy=0.608911 seconds=117.4 checkpoint=epoch-0243
[epoch 244/1000] EBOPs=4841457 target=5000000 beta=7.22e-07 val_AUC=0.861934 val_accuracy=0.586895 seconds=117.9 checkpoint=epoch-0244
[epoch 245/1000] EBOPs=4876214 target=5000000 beta=7.19e-07 val_AUC=0.868230 val_accuracy=0.599508 seconds=116.9 checkpoint=epoch-0245
[epoch 246/1000] EBOPs=4835345 target=5000000 beta=7.23e-07 val_AUC=0.874528 val_accuracy=0.608089 seconds=117.9 checkpoint=epoch-0246
[epoch 247/1000] EBOPs=4841457 target=5000000 beta=7.16e-07 val_AUC=0.868063 val_accuracy=0.601306 seconds=118.7 checkpoint=epoch-0247
[epoch 248/1000] EBOPs=4841398 target=5000000 beta=7.15e-07 val_AUC=0.868635 val_accuracy=0.601379 seconds=117.8 checkpoint=epoch-0248
[epoch 249/1000] EBOPs=4833265 target=5000000 beta=7.14e-07 val_AUC=0.864985 val_accuracy=0.577250 seconds=117.2 checkpoint=epoch-0249
[epoch 250/1000] EBOPs=4847515 target=5000000 beta=7.12e-07 val_AUC=0.867880 val_accuracy=0.591702 seconds=118.5 checkpoint=epoch-0250
wandb: Adding directory to artifact (/data/confirmation-20260923/n64-5m-full/runs/confirm0924-a07-n64-s2-e1000-5m/checkpoints/epoch-0250)... Done. 0.1s
[wandb] artifact resume-confirm0924-a07-n64-s2-e1000-5m:v9 committed (6 files)
[epoch 251/1000] EBOPs=4804502 target=5000000 beta=7.13e-07 val_AUC=0.872577 val_accuracy=0.608661 seconds=118.5 checkpoint=epoch-0251
[epoch 252/1000] EBOPs=4853755 target=5000000 beta=7.05e-07 val_AUC=0.873153 val_accuracy=0.611129 seconds=118.2 checkpoint=epoch-0252
[epoch 253/1000] EBOPs=4849622 target=5000000 beta=7.11e-07 val_AUC=0.871414 val_accuracy=0.610798 seconds=114.5 checkpoint=epoch-0253
[epoch 254/1000] EBOPs=4888443 target=5000000 beta=7.1e-07 val_AUC=0.863598 val_accuracy=0.571782 seconds=118.2 checkpoint=epoch-0254
[epoch 255/1000] EBOPs=4745110 target=5000000 beta=7.14e-07 val_AUC=0.873943 val_accuracy=0.609000 seconds=111.3 checkpoint=epoch-0255
[epoch 256/1000] EBOPs=4845595 target=5000000 beta=6.92e-07 val_AUC=0.878177 val_accuracy=0.615290 seconds=109.9 checkpoint=epoch-0256
[epoch 257/1000] EBOPs=4841430 target=5000000 beta=7.05e-07 val_AUC=0.862107 val_accuracy=0.576895 seconds=112.3 checkpoint=epoch-0257
[epoch 258/1000] EBOPs=4818806 target=5000000 beta=7.04e-07 val_AUC=0.870489 val_accuracy=0.601935 seconds=112.9 checkpoint=epoch-0258
[epoch 259/1000] EBOPs=4749184 target=5000000 beta=6.99e-07 val_AUC=0.868601 val_accuracy=0.588645 seconds=85.8 checkpoint=epoch-0259
[epoch 260/1000] EBOPs=4865947 target=5000000 beta=6.87e-07 val_AUC=0.874090 val_accuracy=0.608427 seconds=73.7 checkpoint=epoch-0260
wandb: updating run metadata
wandb: uploading wandb-summary.json; uploading config.yaml; uploading output.log
wandb: uploading history steps 258-259, summary, console lines 21-21
wandb: 🚀 View run confirm0924-a07-n64-s2-e1000-5m-s2 at: https://wandb.ai/kayamaguchi-uc-san-diego/BNJetTag-Engram-Experimental/runs/44934f0b5cb5
wandb: ⭐️ View project at: https://wandb.ai/kayamaguchi-uc-san-diego/BNJetTag-Engram-Experimental
wandb: Synced 5 W&B file(s), 0 media file(s), 5 artifact file(s) and 0 other file(s)
wandb: setting up run 44934f0b5cb5
wandb: Resuming run confirm0924-a07-n64-s2-e1000-5m
wandb: 🚀 View run at https://wandb.ai/kayamaguchi-uc-san-diego/BNJetTag-Engram-Experimental/runs/44934f0b5cb5
[wandb] artifact engram-review-confirm0924-a07-n64-s2-e1000-5m:v12 committed (10 files)
wandb: updating run metadata
wandb: uploading summary, console lines 0-0
wandb: 🚀 View run confirm0924-a07-n64-s2-e1000-5m at: https://wandb.ai/kayamaguchi-uc-san-diego/BNJetTag-Engram-Experimental/runs/44934f0b5cb5
wandb: ⭐️ View project at: https://wandb.ai/kayamaguchi-uc-san-diego/BNJetTag-Engram-Experimental
wandb: Synced 5 W&B file(s), 0 media file(s), 5 artifact file(s) and 0 other file(s)
{
  "selection_cost": 4845595,
  "selection_cost_convention": "native_hgq2",
  "native_hgq2_backbone_ebops": 4845595,
  "custom_estimated_bitops": 0,
  "modules": {},
  "warning": "Augmented total is not directly interchangeable with historical native HGQ2 totals.",
  "run": "confirm0924-a07-n64-s2-e1000-5m",
  "checkpoint": "model_best.keras",
  "checkpoint_sha256": "a3d9a66f5591e5c4b91404b206e595ef003b2c8431c26e48f11e0cf7ad4bb0ee",
  "completed_epochs": 260,
  "selected": {
    "epoch": 255,
    "val_macro_auc": 0.8781772146103102,
    "val_categorical_accuracy": 0.6152903225806452,
    "ebops": 4845595
  },
  "budget_met": true,
  "validation_accuracy": 0.6152903225806452,
  "validation_macro_auc": 0.8781772146103102,
  "validation_per_class_auc": [
    0.8964145812483018,
    0.8690796609388747,
    0.8580120656260588,
    0.8331417288735701,
    0.9342380363647452
  ],
  "validation_labels_sha256": "97dedf586443a035071a6ec1ef25acae6841bb0890fa3dfd801c6a3d72ec234e",
  "validation_inputs_sha256": "5b040d2dd7dcba38dec6985cf0335c0dea17b657888bd7e076414605a139bea4",
  "seed": 2,
  "test_set_used": false,
  "hardware_validated": false
}

[one-gpu round 7] resume=260 stop_after=280
[train] confirm0924-a07-n64-s2-e1000-5m params=12788 resume_epoch=260 initial_ebops=24816782
wandb: [wandb.login()] Loaded credentials for https://api.wandb.ai from WANDB_API_KEY.
wandb: Resuming run confirm0924-a07-n64-s2-e1000-5m-s2
wandb: 🚀 View run at https://wandb.ai/kayamaguchi-uc-san-diego/BNJetTag-Engram-Experimental/runs/44934f0b5cb5
[epoch 261/1000] EBOPs=4794267 target=5000000 beta=7.03e-07 val_AUC=0.870390 val_accuracy=0.601637 seconds=149.8 checkpoint=epoch-0261
[epoch 262/1000] EBOPs=4818971 target=5000000 beta=6.91e-07 val_AUC=0.870609 val_accuracy=0.601056 seconds=136.7 checkpoint=epoch-0262
[epoch 263/1000] EBOPs=4882390 target=5000000 beta=6.93e-07 val_AUC=0.868757 val_accuracy=0.603411 seconds=134.6 checkpoint=epoch-0263
[epoch 264/1000] EBOPs=4753302 target=5000000 beta=7.02e-07 val_AUC=0.872784 val_accuracy=0.602508 seconds=135.7 checkpoint=epoch-0264
[epoch 265/1000] EBOPs=4890582 target=5000000 beta=6.81e-07 val_AUC=0.863608 val_accuracy=0.595355 seconds=133.9 checkpoint=epoch-0265
[epoch 266/1000] EBOPs=4783990 target=5000000 beta=7e-07 val_AUC=0.868026 val_accuracy=0.599661 seconds=136.7 checkpoint=epoch-0266
[epoch 267/1000] EBOPs=4833270 target=5000000 beta=6.84e-07 val_AUC=0.863028 val_accuracy=0.579395 seconds=134.1 checkpoint=epoch-0267
[epoch 268/1000] EBOPs=4851601 target=5000000 beta=6.89e-07 val_AUC=0.876026 val_accuracy=0.593339 seconds=135.2 checkpoint=epoch-0268
[epoch 269/1000] EBOPs=4882331 target=5000000 beta=6.91e-07 val_AUC=0.872512 val_accuracy=0.608177 seconds=137.7 checkpoint=epoch-0269
[epoch 270/1000] EBOPs=4745078 target=5000000 beta=6.95e-07 val_AUC=0.867824 val_accuracy=0.601008 seconds=135.7 checkpoint=epoch-0270
[epoch 271/1000] EBOPs=4859771 target=5000000 beta=6.73e-07 val_AUC=0.875565 val_accuracy=0.613863 seconds=140.0 checkpoint=epoch-0271
[epoch 272/1000] EBOPs=4808539 target=5000000 beta=6.89e-07 val_AUC=0.859823 val_accuracy=0.506863 seconds=141.0 checkpoint=epoch-0272
[epoch 273/1000] EBOPs=4974422 target=5000000 beta=6.8e-07 val_AUC=0.863198 val_accuracy=0.581274 seconds=139.0 checkpoint=epoch-0273
[epoch 274/1000] EBOPs=4833147 target=5000000 beta=7.03e-07 val_AUC=0.871541 val_accuracy=0.595065 seconds=137.8 checkpoint=epoch-0274
[epoch 275/1000] EBOPs=4865947 target=5000000 beta=6.82e-07 val_AUC=0.873249 val_accuracy=0.608105 seconds=141.8 checkpoint=epoch-0275
wandb: Adding directory to artifact (/data/confirmation-20260923/n64-5m-full/runs/confirm0924-a07-n64-s2-e1000-5m/checkpoints/epoch-0275)... Done. 0.1s
[wandb] artifact resume-confirm0924-a07-n64-s2-e1000-5m:v10 committed (6 files)
[epoch 276/1000] EBOPs=4783990 target=5000000 beta=6.86e-07 val_AUC=0.875802 val_accuracy=0.612831 seconds=140.7 checkpoint=epoch-0276
[epoch 277/1000] EBOPs=5003089 target=5000000 beta=6.73e-07 val_AUC=0.862639 val_accuracy=0.586524 seconds=117.8 checkpoint=epoch-0277
[epoch 278/1000] EBOPs=4935542 target=5000000 beta=7.04e-07 val_AUC=0.864060 val_accuracy=0.598847 seconds=108.6 checkpoint=epoch-0278
[epoch 279/1000] EBOPs=4806523 target=5000000 beta=6.94e-07 val_AUC=0.872432 val_accuracy=0.604766 seconds=109.0 checkpoint=epoch-0279
[epoch 280/1000] EBOPs=4888433 target=5000000 beta=6.74e-07 val_AUC=0.874837 val_accuracy=0.597153 seconds=108.9 checkpoint=epoch-0280
wandb: updating run metadata
wandb: uploading output.log; uploading wandb-summary.json; uploading config.yaml
wandb: uploading history steps 278-279, summary, console lines 21-21
wandb: 🚀 View run confirm0924-a07-n64-s2-e1000-5m-s2 at: https://wandb.ai/kayamaguchi-uc-san-diego/BNJetTag-Engram-Experimental/runs/44934f0b5cb5
wandb: ⭐️ View project at: https://wandb.ai/kayamaguchi-uc-san-diego/BNJetTag-Engram-Experimental
wandb: Synced 5 W&B file(s), 0 media file(s), 6 artifact file(s) and 0 other file(s)
wandb: setting up run 44934f0b5cb5
wandb: Resuming run confirm0924-a07-n64-s2-e1000-5m
wandb: 🚀 View run at https://wandb.ai/kayamaguchi-uc-san-diego/BNJetTag-Engram-Experimental/runs/44934f0b5cb5
[wandb] artifact engram-review-confirm0924-a07-n64-s2-e1000-5m:v13 committed (10 files)
wandb: updating run metadata
wandb: uploading wandb-metadata.json; uploading requirements.txt; uploading output.log; uploading wandb-summary.json; uploading config.yaml
wandb: 🚀 View run confirm0924-a07-n64-s2-e1000-5m at: https://wandb.ai/kayamaguchi-uc-san-diego/BNJetTag-Engram-Experimental/runs/44934f0b5cb5
wandb: ⭐️ View project at: https://wandb.ai/kayamaguchi-uc-san-diego/BNJetTag-Engram-Experimental
wandb: Synced 5 W&B file(s), 0 media file(s), 3 artifact file(s) and 0 other file(s)
{
  "selection_cost": 4845595,
  "selection_cost_convention": "native_hgq2",
  "native_hgq2_backbone_ebops": 4845595,
  "custom_estimated_bitops": 0,
  "modules": {},
  "warning": "Augmented total is not directly interchangeable with historical native HGQ2 totals.",
  "run": "confirm0924-a07-n64-s2-e1000-5m",
  "checkpoint": "model_best.keras",
  "checkpoint_sha256": "a3d9a66f5591e5c4b91404b206e595ef003b2c8431c26e48f11e0cf7ad4bb0ee",
  "completed_epochs": 280,
  "selected": {
    "epoch": 255,
    "val_macro_auc": 0.8781772146103102,
    "val_categorical_accuracy": 0.6152903225806452,
    "ebops": 4845595
  },
  "budget_met": true,
  "validation_accuracy": 0.6152903225806452,
  "validation_macro_auc": 0.8781772146103102,
  "validation_per_class_auc": [
    0.8964145812483018,
    0.8690796609388747,
    0.8580120656260588,
    0.8331417288735701,
    0.9342380363647452
  ],
  "validation_labels_sha256": "97dedf586443a035071a6ec1ef25acae6841bb0890fa3dfd801c6a3d72ec234e",
  "validation_inputs_sha256": "5b040d2dd7dcba38dec6985cf0335c0dea17b657888bd7e076414605a139bea4",
  "seed": 2,
  "test_set_used": false,
  "hardware_validated": false
}

[one-gpu round 1] resume=280 stop_after=300
WARNING: All log messages before absl::InitializeLog() is called are written to STDERR
I0000 00:00:1790404766.370290      70 port.cc:153] oneDNN custom operations are on. You may see slightly different numerical results due to floating-point round-off errors from different computation orders. To turn them off, set the environment variable `TF_ENABLE_ONEDNN_OPTS=0`.
WARNING: All log messages before absl::InitializeLog() is called are written to STDERR
I0000 00:00:1790404767.901859      70 port.cc:153] oneDNN custom operations are on. You may see slightly different numerical results due to floating-point round-off errors from different computation orders. To turn them off, set the environment variable `TF_ENABLE_ONEDNN_OPTS=0`.
[train] confirm0924-a07-n64-s2-e1000-5m params=12788 resume_epoch=280 initial_ebops=24816782
wandb: [wandb.login()] Loaded credentials for https://api.wandb.ai from WANDB_API_KEY.
wandb: setting up run 44934f0b5cb5
wandb: Resuming run confirm0924-a07-n64-s2-e1000-5m-s2
wandb: 🚀 View run at https://wandb.ai/kayamaguchi-uc-san-diego/BNJetTag-Engram-Experimental/runs/44934f0b5cb5
[epoch 281/1000] EBOPs=4792246 target=5000000 beta=6.85e-07 val_AUC=0.870144 val_accuracy=0.597742 seconds=142.0 checkpoint=epoch-0281
[epoch 282/1000] EBOPs=4851584 target=5000000 beta=6.7e-07 val_AUC=0.873993 val_accuracy=0.609952 seconds=127.4 checkpoint=epoch-0282
[epoch 283/1000] EBOPs=4808475 target=5000000 beta=6.77e-07 val_AUC=0.860110 val_accuracy=0.585185 seconds=129.2 checkpoint=epoch-0283
[epoch 284/1000] EBOPs=4798272 target=5000000 beta=6.7e-07 val_AUC=0.869658 val_accuracy=0.598016 seconds=130.1 checkpoint=epoch-0284
[epoch 285/1000] EBOPs=4874075 target=5000000 beta=6.67e-07 val_AUC=0.857157 val_accuracy=0.491282 seconds=129.6 checkpoint=epoch-0285
[epoch 286/1000] EBOPs=4894619 target=5000000 beta=6.77e-07 val_AUC=0.873505 val_accuracy=0.589879 seconds=129.2 checkpoint=epoch-0286
[epoch 287/1000] EBOPs=4841302 target=5000000 beta=6.79e-07 val_AUC=0.869381 val_accuracy=0.603597 seconds=130.4 checkpoint=epoch-0287
[epoch 288/1000] EBOPs=4949873 target=5000000 beta=6.71e-07 val_AUC=0.873654 val_accuracy=0.609218 seconds=129.5 checkpoint=epoch-0288
[epoch 289/1000] EBOPs=4878134 target=5000000 beta=6.85e-07 val_AUC=0.877686 val_accuracy=0.612823 seconds=130.0 checkpoint=epoch-0289
[epoch 290/1000] EBOPs=4839345 target=5000000 beta=6.74e-07 val_AUC=0.872816 val_accuracy=0.608508 seconds=130.7 checkpoint=epoch-0290
[epoch 291/1000] EBOPs=4921174 target=5000000 beta=6.68e-07 val_AUC=0.867866 val_accuracy=0.589766 seconds=129.6 checkpoint=epoch-0291
[epoch 292/1000] EBOPs=4824950 target=5000000 beta=6.79e-07 val_AUC=0.867151 val_accuracy=0.584202 seconds=129.0 checkpoint=epoch-0292
[epoch 293/1000] EBOPs=4841366 target=5000000 beta=6.64e-07 val_AUC=0.866129 val_accuracy=0.579911 seconds=129.0 checkpoint=epoch-0293
[epoch 294/1000] EBOPs=4761430 target=5000000 beta=6.66e-07 val_AUC=0.873596 val_accuracy=0.599742 seconds=128.4 checkpoint=epoch-0294
[epoch 295/1000] EBOPs=4908913 target=5000000 beta=6.53e-07 val_AUC=0.871610 val_accuracy=0.594202 seconds=127.9 checkpoint=epoch-0295
[epoch 296/1000] EBOPs=4814705 target=5000000 beta=6.73e-07 val_AUC=0.870818 val_accuracy=0.607387 seconds=127.1 checkpoint=epoch-0296
[epoch 297/1000] EBOPs=4804423 target=5000000 beta=6.58e-07 val_AUC=0.865884 val_accuracy=0.588040 seconds=126.4 checkpoint=epoch-0297
[epoch 298/1000] EBOPs=4849580 target=5000000 beta=6.56e-07 val_AUC=0.867602 val_accuracy=0.593565 seconds=126.4 checkpoint=epoch-0298
[epoch 299/1000] EBOPs=5062476 target=5000000 beta=6.61e-07 val_AUC=0.875764 val_accuracy=0.596242 seconds=127.5 checkpoint=epoch-0299
[epoch 300/1000] EBOPs=4884391 target=5000000 beta=6.9e-07 val_AUC=0.865924 val_accuracy=0.593097 seconds=128.0 checkpoint=epoch-0300
wandb: Adding directory to artifact (/data/confirmation-20260923/n64-5m-full/runs/confirm0924-a07-n64-s2-e1000-5m/checkpoints/epoch-0300)... Done. 0.0s
[wandb] artifact resume-confirm0924-a07-n64-s2-e1000-5m:v11 committed (6 files)
wandb: updating run metadata
wandb: uploading config.yaml; uploading output.log; uploading wandb-summary.json
wandb: 🚀 View run confirm0924-a07-n64-s2-e1000-5m-s2 at: https://wandb.ai/kayamaguchi-uc-san-diego/BNJetTag-Engram-Experimental/runs/44934f0b5cb5
wandb: ⭐️ View project at: https://wandb.ai/kayamaguchi-uc-san-diego/BNJetTag-Engram-Experimental
wandb: Synced 5 W&B file(s), 0 media file(s), 4 artifact file(s) and 0 other file(s)
Traceback (most recent call last):
  File "/work/code/run_engram.py", line 464, in <module>
    main()
  File "/work/code/run_engram.py", line 454, in main
    train(args)
  File "/work/code/run_engram.py", line 275, in train
    np.testing.assert_allclose([auc, accuracy],
  File "/usr/local/lib/python3.12/site-packages/numpy/testing/_private/utils.py", line 1780, in assert_allclose
    assert_array_compare(compare, actual, desired, err_msg=str(err_msg),
  File "/usr/local/lib/python3.12/site-packages/numpy/testing/_private/utils.py", line 988, in assert_array_compare
    raise AssertionError(msg)
AssertionError: 
Not equal to tolerance rtol=0, atol=1e-07

Mismatched elements: 2 / 2 (100%)
Mismatch at indices:
 [0]: 0.8781789503417231 (ACTUAL), 0.8781772146103102 (DESIRED)
 [1]: 0.6150161290322581 (ACTUAL), 0.6152903225806452 (DESIRED)
Max absolute difference among violations: 0.00027419
Max relative difference among violations: 0.00044563
 ACTUAL: array([0.878179, 0.615016])
 DESIRED: array([0.878177, 0.61529 ])
