[train] confirm0923-a00-s2-e1000 params=20715 resume_epoch=2 initial_ebops=1739182
wandb: [wandb.login()] Loaded credentials for https://api.wandb.ai from WANDB_API_KEY.
wandb: Resuming run confirm0923-a00-s2-e1000-s2
wandb: 🚀 View run at https://wandb.ai/kayamaguchi-uc-san-diego/BNJetTag-Engram-Experimental/runs/60aee78388aa
[epoch 3/1000] EBOPs=1739182 target=350000 beta=1e-07 val_AUC=0.815767 val_accuracy=0.527879 seconds=130.9 checkpoint=epoch-0003
[epoch 4/1000] EBOPs=1739182 target=350000 beta=1e-07 val_AUC=0.823128 val_accuracy=0.531984 seconds=132.4 checkpoint=epoch-0004
[epoch 5/1000] EBOPs=1739182 target=350000 beta=1e-07 val_AUC=0.827315 val_accuracy=0.556008 seconds=130.3 checkpoint=epoch-0005
[epoch 6/1000] EBOPs=1739182 target=350000 beta=1e-07 val_AUC=0.832596 val_accuracy=0.560605 seconds=118.5 checkpoint=epoch-0006
[epoch 7/1000] EBOPs=1739182 target=350000 beta=1e-07 val_AUC=0.835511 val_accuracy=0.565113 seconds=116.6 checkpoint=epoch-0007
[epoch 8/1000] EBOPs=1739182 target=350000 beta=1e-07 val_AUC=0.839375 val_accuracy=0.576169 seconds=130.5 checkpoint=epoch-0008
[epoch 9/1000] EBOPs=1739182 target=350000 beta=1e-07 val_AUC=0.842447 val_accuracy=0.573315 seconds=119.2 checkpoint=epoch-0009
[epoch 10/1000] EBOPs=1739182 target=350000 beta=1e-07 val_AUC=0.845505 val_accuracy=0.583540 seconds=117.4 checkpoint=epoch-0010
[epoch 11/1000] EBOPs=1739182 target=350000 beta=1e-07 val_AUC=0.847728 val_accuracy=0.581831 seconds=132.8 checkpoint=epoch-0011
[epoch 12/1000] EBOPs=1739182 target=350000 beta=1.08e-07 val_AUC=0.851090 val_accuracy=0.593024 seconds=125.2 checkpoint=epoch-0012
[epoch 13/1000] EBOPs=1558510 target=350000 beta=1.17e-07 val_AUC=0.852680 val_accuracy=0.594871 seconds=125.2 checkpoint=epoch-0013
[epoch 14/1000] EBOPs=1502414 target=350000 beta=1.13e-07 val_AUC=0.853745 val_accuracy=0.599589 seconds=121.8 checkpoint=epoch-0014
[epoch 15/1000] EBOPs=1478857 target=350000 beta=1.18e-07 val_AUC=0.854249 val_accuracy=0.598121 seconds=112.8 checkpoint=epoch-0015
[epoch 16/1000] EBOPs=1464826 target=350000 beta=1.24e-07 val_AUC=0.855369 val_accuracy=0.599403 seconds=123.9 checkpoint=epoch-0016
[epoch 17/1000] EBOPs=1451002 target=350000 beta=1.32e-07 val_AUC=0.856105 val_accuracy=0.604339 seconds=130.5 checkpoint=epoch-0017
[epoch 18/1000] EBOPs=1444314 target=350000 beta=1.41e-07 val_AUC=0.855065 val_accuracy=0.598887 seconds=116.4 checkpoint=epoch-0018
[epoch 19/1000] EBOPs=1440208 target=350000 beta=1.5e-07 val_AUC=0.856358 val_accuracy=0.596073 seconds=118.6 checkpoint=epoch-0019
[epoch 20/1000] EBOPs=1435467 target=350000 beta=1.61e-07 val_AUC=0.857032 val_accuracy=0.598532 seconds=106.9 checkpoint=epoch-0020
[epoch 21/1000] EBOPs=1433195 target=350000 beta=1.72e-07 val_AUC=0.859592 val_accuracy=0.605000 seconds=114.5 checkpoint=epoch-0021
[epoch 22/1000] EBOPs=1431051 target=350000 beta=1.84e-07 val_AUC=0.860814 val_accuracy=0.603048 seconds=107.3 checkpoint=epoch-0022
[epoch 23/1000] EBOPs=1429195 target=350000 beta=1.98e-07 val_AUC=0.859523 val_accuracy=0.609387 seconds=119.3 checkpoint=epoch-0023
[epoch 24/1000] EBOPs=1428624 target=350000 beta=2.12e-07 val_AUC=0.860566 val_accuracy=0.610097 seconds=120.3 checkpoint=epoch-0024
[epoch 25/1000] EBOPs=1426219 target=350000 beta=2.27e-07 val_AUC=0.860266 val_accuracy=0.605653 seconds=110.6 checkpoint=epoch-0025
wandb: Adding directory to artifact (/data/confirmation-20260923/architecture/runs/confirm0923-a00-s2-e1000/checkpoints/epoch-0025)... Done. 0.1s
[wandb] artifact resume-confirm0923-a00-s2-e1000:v0 committed (5 files)
[epoch 26/1000] EBOPs=1423024 target=350000 beta=2.43e-07 val_AUC=0.863590 val_accuracy=0.609685 seconds=112.2 checkpoint=epoch-0026
[epoch 27/1000] EBOPs=1420395 target=350000 beta=2.6e-07 val_AUC=0.863136 val_accuracy=0.613315 seconds=105.3 checkpoint=epoch-0027
[epoch 28/1000] EBOPs=1420006 target=350000 beta=2.79e-07 val_AUC=0.861640 val_accuracy=0.609274 seconds=111.1 checkpoint=epoch-0028
[epoch 29/1000] EBOPs=1420518 target=350000 beta=2.99e-07 val_AUC=0.863510 val_accuracy=0.615097 seconds=118.1 checkpoint=epoch-0029
[epoch 30/1000] EBOPs=1417510 target=350000 beta=3.2e-07 val_AUC=0.862513 val_accuracy=0.611331 seconds=109.5 checkpoint=epoch-0030
[epoch 31/1000] EBOPs=1416673 target=350000 beta=3.43e-07 val_AUC=0.866109 val_accuracy=0.615677 seconds=115.4 checkpoint=epoch-0031
[epoch 32/1000] EBOPs=1415649 target=350000 beta=3.67e-07 val_AUC=0.863770 val_accuracy=0.612887 seconds=110.4 checkpoint=epoch-0032
[epoch 33/1000] EBOPs=1414273 target=350000 beta=3.94e-07 val_AUC=0.864582 val_accuracy=0.612137 seconds=121.9 checkpoint=epoch-0033
[epoch 34/1000] EBOPs=1412892 target=350000 beta=4.22e-07 val_AUC=0.864918 val_accuracy=0.613000 seconds=119.5 checkpoint=epoch-0034
[epoch 35/1000] EBOPs=1411292 target=350000 beta=4.52e-07 val_AUC=0.863754 val_accuracy=0.608645 seconds=106.6 checkpoint=epoch-0035
[epoch 36/1000] EBOPs=1409628 target=350000 beta=4.84e-07 val_AUC=0.864330 val_accuracy=0.611597 seconds=113.6 checkpoint=epoch-0036
[epoch 37/1000] EBOPs=1407127 target=350000 beta=5.18e-07 val_AUC=0.866946 val_accuracy=0.616169 seconds=102.7 checkpoint=epoch-0037
[epoch 38/1000] EBOPs=1362556 target=350000 beta=5.55e-07 val_AUC=0.868189 val_accuracy=0.617234 seconds=108.8 checkpoint=epoch-0038
[epoch 39/1000] EBOPs=1342396 target=350000 beta=5.75e-07 val_AUC=0.869032 val_accuracy=0.620774 seconds=109.3 checkpoint=epoch-0039
[epoch 40/1000] EBOPs=1306039 target=350000 beta=6.06e-07 val_AUC=0.866838 val_accuracy=0.612887 seconds=104.4 checkpoint=epoch-0040
[epoch 41/1000] EBOPs=1280444 target=350000 beta=6.29e-07 val_AUC=0.866427 val_accuracy=0.612323 seconds=117.0 checkpoint=epoch-0041
[epoch 42/1000] EBOPs=1257783 target=350000 beta=6.58e-07 val_AUC=0.867814 val_accuracy=0.617315 seconds=116.3 checkpoint=epoch-0042
[epoch 43/1000] EBOPs=1239991 target=350000 beta=6.9e-07 val_AUC=0.869509 val_accuracy=0.617427 seconds=120.8 checkpoint=epoch-0043
[epoch 44/1000] EBOPs=1228594 target=350000 beta=7.24e-07 val_AUC=0.864978 val_accuracy=0.614250 seconds=114.2 checkpoint=epoch-0044
[epoch 45/1000] EBOPs=1215922 target=350000 beta=7.64e-07 val_AUC=0.869071 val_accuracy=0.620008 seconds=127.1 checkpoint=epoch-0045
[epoch 46/1000] EBOPs=1203634 target=350000 beta=8.05e-07 val_AUC=0.868651 val_accuracy=0.618556 seconds=116.1 checkpoint=epoch-0046
[epoch 47/1000] EBOPs=1192237 target=350000 beta=8.47e-07 val_AUC=0.861242 val_accuracy=0.605710 seconds=115.4 checkpoint=epoch-0047
[epoch 48/1000] EBOPs=1181677 target=350000 beta=8.92e-07 val_AUC=0.867582 val_accuracy=0.614895 seconds=110.2 checkpoint=epoch-0048
[epoch 49/1000] EBOPs=1170824 target=350000 beta=9.4e-07 val_AUC=0.869984 val_accuracy=0.622226 seconds=114.0 checkpoint=epoch-0049
[epoch 50/1000] EBOPs=1161672 target=350000 beta=9.89e-07 val_AUC=0.864184 val_accuracy=0.609839 seconds=115.9 checkpoint=epoch-0050
wandb: Adding directory to artifact (/data/confirmation-20260923/architecture/runs/confirm0923-a00-s2-e1000/checkpoints/epoch-0050)... Done. 0.1s
[wandb] artifact resume-confirm0923-a00-s2-e1000:v1 committed (5 files)
[epoch 51/1000] EBOPs=1155240 target=350000 beta=1.04e-06 val_AUC=0.866605 val_accuracy=0.615637 seconds=111.2 checkpoint=epoch-0051
[epoch 52/1000] EBOPs=1145923 target=350000 beta=1.1e-06 val_AUC=0.866817 val_accuracy=0.616669 seconds=117.6 checkpoint=epoch-0052
[epoch 53/1000] EBOPs=1137475 target=350000 beta=1.16e-06 val_AUC=0.866082 val_accuracy=0.609589 seconds=105.1 checkpoint=epoch-0053
[epoch 54/1000] EBOPs=1132099 target=350000 beta=1.22e-06 val_AUC=0.862977 val_accuracy=0.604129 seconds=105.8 checkpoint=epoch-0054
[epoch 55/1000] EBOPs=1127523 target=350000 beta=1.29e-06 val_AUC=0.867048 val_accuracy=0.595952 seconds=111.1 checkpoint=epoch-0055
[epoch 56/1000] EBOPs=1123577 target=350000 beta=1.36e-06 val_AUC=0.866043 val_accuracy=0.612540 seconds=105.9 checkpoint=epoch-0056
[epoch 57/1000] EBOPs=1118393 target=350000 beta=1.44e-06 val_AUC=0.865524 val_accuracy=0.615452 seconds=103.9 checkpoint=epoch-0057
[epoch 58/1000] EBOPs=1114009 target=350000 beta=1.51e-06 val_AUC=0.867688 val_accuracy=0.613508 seconds=107.4 checkpoint=epoch-0058
[epoch 59/1000] EBOPs=1108985 target=350000 beta=1.6e-06 val_AUC=0.863768 val_accuracy=0.606347 seconds=105.0 checkpoint=epoch-0059
[epoch 60/1000] EBOPs=1103705 target=350000 beta=1.69e-06 val_AUC=0.868702 val_accuracy=0.617927 seconds=118.6 checkpoint=epoch-0060
[epoch 61/1000] EBOPs=1099449 target=350000 beta=1.78e-06 val_AUC=0.866118 val_accuracy=0.616798 seconds=114.8 checkpoint=epoch-0061
[epoch 62/1000] EBOPs=1095759 target=350000 beta=1.87e-06 val_AUC=0.865079 val_accuracy=0.612661 seconds=122.5 checkpoint=epoch-0062
[epoch 63/1000] EBOPs=1089071 target=350000 beta=1.98e-06 val_AUC=0.868237 val_accuracy=0.617774 seconds=115.8 checkpoint=epoch-0063
[epoch 64/1000] EBOPs=1045684 target=350000 beta=2.08e-06 val_AUC=0.861429 val_accuracy=0.601589 seconds=118.7 checkpoint=epoch-0064
[epoch 65/1000] EBOPs=1038127 target=350000 beta=2.11e-06 val_AUC=0.861996 val_accuracy=0.604524 seconds=115.5 checkpoint=epoch-0065
[epoch 66/1000] EBOPs=1018671 target=350000 beta=2.21e-06 val_AUC=0.860357 val_accuracy=0.611508 seconds=111.3 checkpoint=epoch-0066
[epoch 67/1000] EBOPs=991151 target=350000 beta=2.29e-06 val_AUC=0.864592 val_accuracy=0.610871 seconds=104.9 checkpoint=epoch-0067
[epoch 68/1000] EBOPs=963749 target=350000 beta=2.35e-06 val_AUC=0.864206 val_accuracy=0.606839 seconds=109.5 checkpoint=epoch-0068
[epoch 69/1000] EBOPs=944475 target=350000 beta=2.4e-06 val_AUC=0.864993 val_accuracy=0.611548 seconds=104.4 checkpoint=epoch-0069
[epoch 70/1000] EBOPs=926907 target=350000 beta=2.47e-06 val_AUC=0.862193 val_accuracy=0.604218 seconds=108.6 checkpoint=epoch-0070
[epoch 71/1000] EBOPs=915931 target=350000 beta=2.55e-06 val_AUC=0.863542 val_accuracy=0.603790 seconds=117.3 checkpoint=epoch-0071
[epoch 72/1000] EBOPs=906252 target=350000 beta=2.64e-06 val_AUC=0.864248 val_accuracy=0.610403 seconds=108.1 checkpoint=epoch-0072
[epoch 73/1000] EBOPs=893068 target=350000 beta=2.74e-06 val_AUC=0.859602 val_accuracy=0.600250 seconds=111.5 checkpoint=epoch-0073
[epoch 74/1000] EBOPs=881415 target=350000 beta=2.83e-06 val_AUC=0.865269 val_accuracy=0.610726 seconds=119.9 checkpoint=epoch-0074
[epoch 75/1000] EBOPs=871037 target=350000 beta=2.92e-06 val_AUC=0.863571 val_accuracy=0.607847 seconds=116.1 checkpoint=epoch-0075
wandb: Adding directory to artifact (/data/confirmation-20260923/architecture/runs/confirm0923-a00-s2-e1000/checkpoints/epoch-0075)... Done. 0.1s
[wandb] artifact resume-confirm0923-a00-s2-e1000:v2 committed (5 files)
[epoch 76/1000] EBOPs=859448 target=350000 beta=3.02e-06 val_AUC=0.862500 val_accuracy=0.607161 seconds=123.8 checkpoint=epoch-0076
[epoch 77/1000] EBOPs=847736 target=350000 beta=3.12e-06 val_AUC=0.864451 val_accuracy=0.607379 seconds=121.3 checkpoint=epoch-0077
[epoch 78/1000] EBOPs=839256 target=350000 beta=3.22e-06 val_AUC=0.862309 val_accuracy=0.604371 seconds=127.7 checkpoint=epoch-0078
[epoch 79/1000] EBOPs=831192 target=350000 beta=3.33e-06 val_AUC=0.864685 val_accuracy=0.609944 seconds=122.2 checkpoint=epoch-0079
[epoch 80/1000] EBOPs=823379 target=350000 beta=3.44e-06 val_AUC=0.860673 val_accuracy=0.601484 seconds=119.0 checkpoint=epoch-0080
[epoch 81/1000] EBOPs=814030 target=350000 beta=3.56e-06 val_AUC=0.862121 val_accuracy=0.605121 seconds=112.7 checkpoint=epoch-0081
[epoch 82/1000] EBOPs=809390 target=350000 beta=3.67e-06 val_AUC=0.859882 val_accuracy=0.586831 seconds=110.2 checkpoint=epoch-0082
[epoch 83/1000] EBOPs=803566 target=350000 beta=3.8e-06 val_AUC=0.861970 val_accuracy=0.605524 seconds=123.0 checkpoint=epoch-0083
[train] confirm0923-a00-s2-e1000 params=20715 resume_epoch=83 initial_ebops=1739182
wandb: [wandb.login()] Loaded credentials for https://api.wandb.ai from WANDB_API_KEY.
wandb: Resuming run confirm0923-a00-s2-e1000-s2
wandb: 🚀 View run at https://wandb.ai/kayamaguchi-uc-san-diego/BNJetTag-Engram-Experimental/runs/60aee78388aa
[train] confirm0923-a00-s2-e1000 params=20715 resume_epoch=83 initial_ebops=1739182
wandb: [wandb.login()] Loaded credentials for https://api.wandb.ai from WANDB_API_KEY.
wandb: setting up run 60aee78388aa
wandb: Resuming run confirm0923-a00-s2-e1000-s2
wandb: 🚀 View run at https://wandb.ai/kayamaguchi-uc-san-diego/BNJetTag-Engram-Experimental/runs/60aee78388aa
[train] confirm0923-a00-s2-e1000 params=20715 resume_epoch=83 initial_ebops=1739182
wandb: [wandb.login()] Loaded credentials for https://api.wandb.ai from WANDB_API_KEY.
wandb: Resuming run confirm0923-a00-s2-e1000-s2
wandb: 🚀 View run at https://wandb.ai/kayamaguchi-uc-san-diego/BNJetTag-Engram-Experimental/runs/60aee78388aa
