[train] confirm0923-a00-s3-e1000 params=20715 resume_epoch=0 initial_ebops=1739182
wandb: [wandb.login()] Loaded credentials for https://api.wandb.ai from WANDB_API_KEY.
wandb: setting up run a47d25e9ddf8
wandb: Syncing run confirm0923-a00-s3-e1000-s3
wandb: 🚀 View run at https://wandb.ai/kayamaguchi-uc-san-diego/BNJetTag-Engram-Experimental/runs/a47d25e9ddf8
[epoch 1/1000] EBOPs=1739182 target=350000 beta=1e-07 val_AUC=0.730294 val_accuracy=0.421556 seconds=149.0 checkpoint=epoch-0001
[epoch 2/1000] EBOPs=1739182 target=350000 beta=1e-07 val_AUC=0.783401 val_accuracy=0.491048 seconds=127.0 checkpoint=epoch-0002
wandb: updating run metadata
wandb: uploading output.log; uploading wandb-summary.json; uploading config.yaml
wandb: 🚀 View run confirm0923-a00-s3-e1000-s3 at: https://wandb.ai/kayamaguchi-uc-san-diego/BNJetTag-Engram-Experimental/runs/a47d25e9ddf8
wandb: ⭐️ View project at: https://wandb.ai/kayamaguchi-uc-san-diego/BNJetTag-Engram-Experimental
wandb: Synced 5 W&B file(s), 0 media file(s), 0 artifact file(s) and 0 other file(s)
wandb: setting up run a47d25e9ddf8
wandb: Resuming run confirm0923-a00-s3-e1000
wandb: 🚀 View run at https://wandb.ai/kayamaguchi-uc-san-diego/BNJetTag-Engram-Experimental/runs/a47d25e9ddf8
[wandb] artifact engram-review-confirm0923-a00-s3-e1000:v0 committed (10 files)
wandb: updating run metadata
wandb: uploading config.yaml; uploading wandb-metadata.json; uploading requirements.txt; uploading output.log; uploading wandb-summary.json
wandb: 🚀 View run confirm0923-a00-s3-e1000 at: https://wandb.ai/kayamaguchi-uc-san-diego/BNJetTag-Engram-Experimental/runs/a47d25e9ddf8
wandb: ⭐️ View project at: https://wandb.ai/kayamaguchi-uc-san-diego/BNJetTag-Engram-Experimental
wandb: Synced 5 W&B file(s), 0 media file(s), 11 artifact file(s) and 0 other file(s)
{
  "selection_cost": 1739182,
  "selection_cost_convention": "native_hgq2",
  "native_hgq2_backbone_ebops": 1739182,
  "custom_estimated_bitops": 0,
  "modules": {},
  "warning": "Augmented total is not directly interchangeable with historical native HGQ2 totals.",
  "run": "confirm0923-a00-s3-e1000",
  "checkpoint": "model_min_ebops.keras",
  "checkpoint_sha256": "64ec44ff5b986e233912e4d5bbe62a04d8fcf5ff8d5fc2ee40fb17e58e81fa1d",
  "completed_epochs": 2,
  "selected": {
    "epoch": 0,
    "val_macro_auc": 0.7302939575670101,
    "val_categorical_accuracy": 0.4215564516129032,
    "ebops": 1739182
  },
  "budget_met": false,
  "validation_accuracy": 0.4215564516129032,
  "validation_macro_auc": 0.7302939575670101,
  "validation_per_class_auc": [
    0.6612637167893404,
    0.7669092308377043,
    0.6694066182917897,
    0.6610561025875876,
    0.8928341193286286
  ],
  "validation_labels_sha256": "97dedf586443a035071a6ec1ef25acae6841bb0890fa3dfd801c6a3d72ec234e",
  "validation_inputs_sha256": "dcdb76db132fb211f64f5ef7aefd6f09458bc18613a216b9b5e8d2366e7dd62a",
  "seed": 3,
  "test_set_used": false,
  "hardware_validated": false
}
