
[one-gpu round 15] resume=121 stop_after=141
[train] confirm0923-a02-s2-e1000 params=16363 resume_epoch=121 initial_ebops=1477038
wandb: [wandb.login()] Loaded credentials for https://api.wandb.ai from WANDB_API_KEY.
wandb: Resuming run confirm0923-a02-s2-e1000-s2
wandb: 🚀 View run at https://wandb.ai/kayamaguchi-uc-san-diego/BNJetTag-Engram-Experimental/runs/65ba87473860
[epoch 122/1000] EBOPs=438597 target=350000 beta=3.8e-06 val_AUC=0.851862 val_accuracy=0.587790 seconds=128.0 checkpoint=epoch-0122
[epoch 123/1000] EBOPs=430523 target=350000 beta=3.82e-06 val_AUC=0.849344 val_accuracy=0.578258 seconds=100.7 checkpoint=epoch-0123
[epoch 124/1000] EBOPs=421937 target=350000 beta=3.79e-06 val_AUC=0.843282 val_accuracy=0.572323 seconds=101.2 checkpoint=epoch-0124
[epoch 125/1000] EBOPs=417718 target=350000 beta=3.75e-06 val_AUC=0.850854 val_accuracy=0.585306 seconds=100.0 checkpoint=epoch-0125
wandb: Adding directory to artifact (/data/confirmation-20260923/architecture/runs/confirm0923-a02-s2-e1000/checkpoints/epoch-0125)... Done. 0.1s
[wandb] artifact resume-confirm0923-a02-s2-e1000:v4 committed (5 files)
[epoch 126/1000] EBOPs=410028 target=350000 beta=3.75e-06 val_AUC=0.847205 val_accuracy=0.580355 seconds=101.7 checkpoint=epoch-0126
[epoch 127/1000] EBOPs=404300 target=350000 beta=3.71e-06 val_AUC=0.839972 val_accuracy=0.560823 seconds=102.1 checkpoint=epoch-0127
[epoch 128/1000] EBOPs=403463 target=350000 beta=3.68e-06 val_AUC=0.846964 val_accuracy=0.573887 seconds=100.8 checkpoint=epoch-0128
[epoch 129/1000] EBOPs=391239 target=350000 beta=3.7e-06 val_AUC=0.843777 val_accuracy=0.564137 seconds=100.5 checkpoint=epoch-0129
[epoch 130/1000] EBOPs=388982 target=350000 beta=3.61e-06 val_AUC=0.847634 val_accuracy=0.578806 seconds=103.2 checkpoint=epoch-0130
[epoch 131/1000] EBOPs=386390 target=350000 beta=3.6e-06 val_AUC=0.845555 val_accuracy=0.573750 seconds=100.9 checkpoint=epoch-0131
[epoch 132/1000] EBOPs=377952 target=350000 beta=3.6e-06 val_AUC=0.842610 val_accuracy=0.564516 seconds=101.0 checkpoint=epoch-0132
[epoch 133/1000] EBOPs=373804 target=350000 beta=3.53e-06 val_AUC=0.840110 val_accuracy=0.563452 seconds=102.4 checkpoint=epoch-0133
[epoch 134/1000] EBOPs=369398 target=350000 beta=3.51e-06 val_AUC=0.846906 val_accuracy=0.579089 seconds=101.9 checkpoint=epoch-0134
[epoch 135/1000] EBOPs=368758 target=350000 beta=3.47e-06 val_AUC=0.844705 val_accuracy=0.571629 seconds=100.4 checkpoint=epoch-0135
[epoch 136/1000] EBOPs=360273 target=350000 beta=3.48e-06 val_AUC=0.840516 val_accuracy=0.566194 seconds=100.3 checkpoint=epoch-0136
[epoch 137/1000] EBOPs=356721 target=350000 beta=3.4e-06 val_AUC=0.836482 val_accuracy=0.553863 seconds=102.1 checkpoint=epoch-0137
[epoch 138/1000] EBOPs=356652 target=350000 beta=3.37e-06 val_AUC=0.842440 val_accuracy=0.554081 seconds=100.3 checkpoint=epoch-0138
[epoch 139/1000] EBOPs=349543 target=350000 beta=3.37e-06 val_AUC=0.844821 val_accuracy=0.570242 seconds=104.3 checkpoint=epoch-0139
[epoch 140/1000] EBOPs=348268 target=350000 beta=3.31e-06 val_AUC=0.840321 val_accuracy=0.560565 seconds=101.5 checkpoint=epoch-0140
[epoch 141/1000] EBOPs=346348 target=350000 beta=3.29e-06 val_AUC=0.841879 val_accuracy=0.571194 seconds=101.9 checkpoint=epoch-0141
wandb: updating run metadata
wandb: uploading config.yaml; uploading output.log; uploading wandb-summary.json
wandb: 🚀 View run confirm0923-a02-s2-e1000-s2 at: https://wandb.ai/kayamaguchi-uc-san-diego/BNJetTag-Engram-Experimental/runs/65ba87473860
wandb: ⭐️ View project at: https://wandb.ai/kayamaguchi-uc-san-diego/BNJetTag-Engram-Experimental
wandb: Synced 5 W&B file(s), 0 media file(s), 5 artifact file(s) and 0 other file(s)
wandb: setting up run 65ba87473860
wandb: Resuming run confirm0923-a02-s2-e1000
wandb: 🚀 View run at https://wandb.ai/kayamaguchi-uc-san-diego/BNJetTag-Engram-Experimental/runs/65ba87473860
[wandb] artifact engram-review-confirm0923-a02-s2-e1000:v1 committed (10 files)
wandb: updating run metadata
wandb: uploading output.log; uploading wandb-summary.json; uploading config.yaml
wandb: 🚀 View run confirm0923-a02-s2-e1000 at: https://wandb.ai/kayamaguchi-uc-san-diego/BNJetTag-Engram-Experimental/runs/65ba87473860
wandb: ⭐️ View project at: https://wandb.ai/kayamaguchi-uc-san-diego/BNJetTag-Engram-Experimental
wandb: Synced 5 W&B file(s), 0 media file(s), 5 artifact file(s) and 0 other file(s)
{
  "selection_cost": 346348,
  "selection_cost_convention": "native_hgq2",
  "native_hgq2_backbone_ebops": 346348,
  "custom_estimated_bitops": 0,
  "modules": {},
  "warning": "Augmented total is not directly interchangeable with historical native HGQ2 totals.",
  "run": "confirm0923-a02-s2-e1000",
  "checkpoint": "model_best.keras",
  "checkpoint_sha256": "0453e25ff669fb8176a622d13c9dec891c0b276bf47b1a4c8228252fc36c323f",
  "completed_epochs": 141,
  "selected": {
    "epoch": 140,
    "val_macro_auc": 0.8418792215340314,
    "val_categorical_accuracy": 0.5711935483870968,
    "ebops": 346348
  },
  "budget_met": true,
  "validation_accuracy": 0.5711935483870968,
  "validation_macro_auc": 0.8418792215340314,
  "validation_per_class_auc": [
    0.7896373566832984,
    0.8454207780456309,
    0.8390632549902416,
    0.8294793650037758,
    0.9057953529472103
  ],
  "validation_labels_sha256": "97dedf586443a035071a6ec1ef25acae6841bb0890fa3dfd801c6a3d72ec234e",
  "validation_inputs_sha256": "dcdb76db132fb211f64f5ef7aefd6f09458bc18613a216b9b5e8d2366e7dd62a",
  "seed": 2,
  "test_set_used": false,
  "hardware_validated": false
}

[one-gpu round 19] resume=141 stop_after=161
[train] confirm0923-a02-s2-e1000 params=16363 resume_epoch=141 initial_ebops=1477038
wandb: [wandb.login()] Loaded credentials for https://api.wandb.ai from WANDB_API_KEY.
wandb: Resuming run confirm0923-a02-s2-e1000-s2
wandb: 🚀 View run at https://wandb.ai/kayamaguchi-uc-san-diego/BNJetTag-Engram-Experimental/runs/65ba87473860
[epoch 142/1000] EBOPs=342033 target=350000 beta=3.27e-06 val_AUC=0.840129 val_accuracy=0.566282 seconds=122.2 checkpoint=epoch-0142
[epoch 143/1000] EBOPs=340945 target=350000 beta=3.23e-06 val_AUC=0.841363 val_accuracy=0.564540 seconds=106.2 checkpoint=epoch-0143
[epoch 144/1000] EBOPs=338124 target=350000 beta=3.22e-06 val_AUC=0.841521 val_accuracy=0.566548 seconds=105.0 checkpoint=epoch-0144
[epoch 145/1000] EBOPs=329740 target=350000 beta=3.18e-06 val_AUC=0.840272 val_accuracy=0.564202 seconds=103.8 checkpoint=epoch-0145
[epoch 146/1000] EBOPs=329745 target=350000 beta=3.09e-06 val_AUC=0.839200 val_accuracy=0.559468 seconds=102.7 checkpoint=epoch-0146
[epoch 147/1000] EBOPs=330769 target=350000 beta=3.09e-06 val_AUC=0.843244 val_accuracy=0.569605 seconds=107.5 checkpoint=epoch-0147
[epoch 148/1000] EBOPs=330828 target=350000 beta=3.09e-06 val_AUC=0.840716 val_accuracy=0.567637 seconds=106.8 checkpoint=epoch-0148
[epoch 149/1000] EBOPs=325014 target=350000 beta=3.08e-06 val_AUC=0.834299 val_accuracy=0.555089 seconds=107.7 checkpoint=epoch-0149
[epoch 150/1000] EBOPs=325484 target=350000 beta=3.01e-06 val_AUC=0.837608 val_accuracy=0.556073 seconds=106.0 checkpoint=epoch-0150
wandb: Adding directory to artifact (/data/confirmation-20260923/architecture/runs/confirm0923-a02-s2-e1000/checkpoints/epoch-0150)... Done. 0.1s
[wandb] artifact resume-confirm0923-a02-s2-e1000:v5 committed (6 files)
[epoch 151/1000] EBOPs=327436 target=350000 beta=3.01e-06 val_AUC=0.837802 val_accuracy=0.557903 seconds=108.1 checkpoint=epoch-0151
[epoch 152/1000] EBOPs=320679 target=350000 beta=3.01e-06 val_AUC=0.837465 val_accuracy=0.567169 seconds=111.8 checkpoint=epoch-0152
[epoch 153/1000] EBOPs=318493 target=350000 beta=2.94e-06 val_AUC=0.838015 val_accuracy=0.561766 seconds=108.3 checkpoint=epoch-0153
[epoch 154/1000] EBOPs=321671 target=350000 beta=2.91e-06 val_AUC=0.842929 val_accuracy=0.564992 seconds=104.3 checkpoint=epoch-0154
[epoch 155/1000] EBOPs=321021 target=350000 beta=2.92e-06 val_AUC=0.839284 val_accuracy=0.566194 seconds=104.5 checkpoint=epoch-0155
[epoch 156/1000] EBOPs=320339 target=350000 beta=2.9e-06 val_AUC=0.836450 val_accuracy=0.557000 seconds=108.2 checkpoint=epoch-0156
[epoch 157/1000] EBOPs=317331 target=350000 beta=2.88e-06 val_AUC=0.840126 val_accuracy=0.550968 seconds=108.1 checkpoint=epoch-0157
[epoch 158/1000] EBOPs=318200 target=350000 beta=2.84e-06 val_AUC=0.839493 val_accuracy=0.568444 seconds=107.2 checkpoint=epoch-0158
[epoch 159/1000] EBOPs=318355 target=350000 beta=2.84e-06 val_AUC=0.834826 val_accuracy=0.546242 seconds=105.6 checkpoint=epoch-0159
[epoch 160/1000] EBOPs=322872 target=350000 beta=2.83e-06 val_AUC=0.836292 val_accuracy=0.546250 seconds=109.1 checkpoint=epoch-0160
[epoch 161/1000] EBOPs=316760 target=350000 beta=2.85e-06 val_AUC=0.838363 val_accuracy=0.546565 seconds=103.7 checkpoint=epoch-0161
wandb: updating run metadata
wandb: uploading output.log; uploading wandb-summary.json; uploading config.yaml
wandb: 🚀 View run confirm0923-a02-s2-e1000-s2 at: https://wandb.ai/kayamaguchi-uc-san-diego/BNJetTag-Engram-Experimental/runs/65ba87473860
wandb: ⭐️ View project at: https://wandb.ai/kayamaguchi-uc-san-diego/BNJetTag-Engram-Experimental
wandb: Synced 5 W&B file(s), 0 media file(s), 6 artifact file(s) and 0 other file(s)
wandb: setting up run 65ba87473860
wandb: Resuming run confirm0923-a02-s2-e1000
wandb: 🚀 View run at https://wandb.ai/kayamaguchi-uc-san-diego/BNJetTag-Engram-Experimental/runs/65ba87473860
[wandb] artifact engram-review-confirm0923-a02-s2-e1000:v2 committed (10 files)
wandb: updating run metadata
wandb: uploading summary, console lines 0-0
wandb: 🚀 View run confirm0923-a02-s2-e1000 at: https://wandb.ai/kayamaguchi-uc-san-diego/BNJetTag-Engram-Experimental/runs/65ba87473860
wandb: ⭐️ View project at: https://wandb.ai/kayamaguchi-uc-san-diego/BNJetTag-Engram-Experimental
wandb: Synced 5 W&B file(s), 0 media file(s), 3 artifact file(s) and 0 other file(s)
{
  "selection_cost": 346348,
  "selection_cost_convention": "native_hgq2",
  "native_hgq2_backbone_ebops": 346348,
  "custom_estimated_bitops": 0,
  "modules": {},
  "warning": "Augmented total is not directly interchangeable with historical native HGQ2 totals.",
  "run": "confirm0923-a02-s2-e1000",
  "checkpoint": "model_best.keras",
  "checkpoint_sha256": "0453e25ff669fb8176a622d13c9dec891c0b276bf47b1a4c8228252fc36c323f",
  "completed_epochs": 161,
  "selected": {
    "epoch": 140,
    "val_macro_auc": 0.8418792215340314,
    "val_categorical_accuracy": 0.5711935483870968,
    "ebops": 346348
  },
  "budget_met": true,
  "validation_accuracy": 0.5711935483870968,
  "validation_macro_auc": 0.8418792215340314,
  "validation_per_class_auc": [
    0.7896373566832984,
    0.8454207780456309,
    0.8390632549902416,
    0.8294793650037758,
    0.9057953529472103
  ],
  "validation_labels_sha256": "97dedf586443a035071a6ec1ef25acae6841bb0890fa3dfd801c6a3d72ec234e",
  "validation_inputs_sha256": "dcdb76db132fb211f64f5ef7aefd6f09458bc18613a216b9b5e8d2366e7dd62a",
  "seed": 2,
  "test_set_used": false,
  "hardware_validated": false
}

[one-gpu round 23] resume=161 stop_after=181
[train] confirm0923-a02-s2-e1000 params=16363 resume_epoch=161 initial_ebops=1477038
wandb: [wandb.login()] Loaded credentials for https://api.wandb.ai from WANDB_API_KEY.
wandb: Resuming run confirm0923-a02-s2-e1000-s2
wandb: 🚀 View run at https://wandb.ai/kayamaguchi-uc-san-diego/BNJetTag-Engram-Experimental/runs/65ba87473860
[epoch 162/1000] EBOPs=316472 target=350000 beta=2.79e-06 val_AUC=0.837036 val_accuracy=0.556798 seconds=114.4 checkpoint=epoch-0162
[epoch 163/1000] EBOPs=319293 target=350000 beta=2.77e-06 val_AUC=0.831303 val_accuracy=0.549427 seconds=103.0 checkpoint=epoch-0163
[epoch 164/1000] EBOPs=313587 target=350000 beta=2.78e-06 val_AUC=0.835163 val_accuracy=0.539476 seconds=115.8 checkpoint=epoch-0164
[epoch 165/1000] EBOPs=313523 target=350000 beta=2.72e-06 val_AUC=0.835635 val_accuracy=0.545847 seconds=129.3 checkpoint=epoch-0165
[epoch 166/1000] EBOPs=309609 target=350000 beta=2.7e-06 val_AUC=0.837888 val_accuracy=0.557935 seconds=100.9 checkpoint=epoch-0166
[epoch 167/1000] EBOPs=310783 target=350000 beta=2.65e-06 val_AUC=0.837344 val_accuracy=0.562234 seconds=113.1 checkpoint=epoch-0167
[epoch 168/1000] EBOPs=317732 target=350000 beta=2.65e-06 val_AUC=0.838586 val_accuracy=0.554516 seconds=96.9 checkpoint=epoch-0168
[epoch 169/1000] EBOPs=311674 target=350000 beta=2.69e-06 val_AUC=0.838877 val_accuracy=0.566145 seconds=119.8 checkpoint=epoch-0169
[epoch 170/1000] EBOPs=310613 target=350000 beta=2.63e-06 val_AUC=0.838765 val_accuracy=0.563823 seconds=105.6 checkpoint=epoch-0170
[epoch 171/1000] EBOPs=313104 target=350000 beta=2.6e-06 val_AUC=0.839915 val_accuracy=0.557444 seconds=99.7 checkpoint=epoch-0171
[epoch 172/1000] EBOPs=310773 target=350000 beta=2.61e-06 val_AUC=0.839085 val_accuracy=0.548605 seconds=100.6 checkpoint=epoch-0172
[epoch 173/1000] EBOPs=308811 target=350000 beta=2.57e-06 val_AUC=0.841284 val_accuracy=0.564992 seconds=104.0 checkpoint=epoch-0173
[epoch 174/1000] EBOPs=312971 target=350000 beta=2.54e-06 val_AUC=0.838764 val_accuracy=0.560226 seconds=107.4 checkpoint=epoch-0174
[epoch 175/1000] EBOPs=311883 target=350000 beta=2.56e-06 val_AUC=0.840509 val_accuracy=0.567629 seconds=104.7 checkpoint=epoch-0175
wandb: Adding directory to artifact (/data/confirmation-20260923/architecture/runs/confirm0923-a02-s2-e1000/checkpoints/epoch-0175)... Done. 0.1s
[wandb] artifact resume-confirm0923-a02-s2-e1000:v6 committed (6 files)
[epoch 176/1000] EBOPs=307110 target=350000 beta=2.54e-06 val_AUC=0.837002 val_accuracy=0.555532 seconds=98.2 checkpoint=epoch-0176
[epoch 177/1000] EBOPs=312390 target=350000 beta=2.48e-06 val_AUC=0.835233 val_accuracy=0.553597 seconds=104.2 checkpoint=epoch-0177
[epoch 178/1000] EBOPs=308075 target=350000 beta=2.51e-06 val_AUC=0.836708 val_accuracy=0.550944 seconds=96.6 checkpoint=epoch-0178
[epoch 179/1000] EBOPs=308289 target=350000 beta=2.46e-06 val_AUC=0.841762 val_accuracy=0.568758 seconds=99.7 checkpoint=epoch-0179
[epoch 180/1000] EBOPs=307649 target=350000 beta=2.45e-06 val_AUC=0.836840 val_accuracy=0.560887 seconds=94.8 checkpoint=epoch-0180
[epoch 181/1000] EBOPs=310049 target=350000 beta=2.42e-06 val_AUC=0.833124 val_accuracy=0.554468 seconds=91.9 checkpoint=epoch-0181
wandb: updating run metadata
wandb: uploading output.log; uploading wandb-summary.json; uploading config.yaml
wandb: uploading data
wandb: 🚀 View run confirm0923-a02-s2-e1000-s2 at: https://wandb.ai/kayamaguchi-uc-san-diego/BNJetTag-Engram-Experimental/runs/65ba87473860
wandb: ⭐️ View project at: https://wandb.ai/kayamaguchi-uc-san-diego/BNJetTag-Engram-Experimental
wandb: Synced 5 W&B file(s), 0 media file(s), 5 artifact file(s) and 0 other file(s)
wandb: setting up run 65ba87473860
wandb: Resuming run confirm0923-a02-s2-e1000
wandb: 🚀 View run at https://wandb.ai/kayamaguchi-uc-san-diego/BNJetTag-Engram-Experimental/runs/65ba87473860
[wandb] artifact engram-review-confirm0923-a02-s2-e1000:v3 committed (10 files)
wandb: updating run metadata
wandb: uploading output.log; uploading wandb-summary.json; uploading config.yaml
wandb: 🚀 View run confirm0923-a02-s2-e1000 at: https://wandb.ai/kayamaguchi-uc-san-diego/BNJetTag-Engram-Experimental/runs/65ba87473860
wandb: ⭐️ View project at: https://wandb.ai/kayamaguchi-uc-san-diego/BNJetTag-Engram-Experimental
wandb: Synced 5 W&B file(s), 0 media file(s), 3 artifact file(s) and 0 other file(s)
{
  "selection_cost": 346348,
  "selection_cost_convention": "native_hgq2",
  "native_hgq2_backbone_ebops": 346348,
  "custom_estimated_bitops": 0,
  "modules": {},
  "warning": "Augmented total is not directly interchangeable with historical native HGQ2 totals.",
  "run": "confirm0923-a02-s2-e1000",
  "checkpoint": "model_best.keras",
  "checkpoint_sha256": "0453e25ff669fb8176a622d13c9dec891c0b276bf47b1a4c8228252fc36c323f",
  "completed_epochs": 181,
  "selected": {
    "epoch": 140,
    "val_macro_auc": 0.8418792215340314,
    "val_categorical_accuracy": 0.5711935483870968,
    "ebops": 346348
  },
  "budget_met": true,
  "validation_accuracy": 0.5711935483870968,
  "validation_macro_auc": 0.8418792215340314,
  "validation_per_class_auc": [
    0.7896373566832984,
    0.8454207780456309,
    0.8390632549902416,
    0.8294793650037758,
    0.9057953529472103
  ],
  "validation_labels_sha256": "97dedf586443a035071a6ec1ef25acae6841bb0890fa3dfd801c6a3d72ec234e",
  "validation_inputs_sha256": "dcdb76db132fb211f64f5ef7aefd6f09458bc18613a216b9b5e8d2366e7dd62a",
  "seed": 2,
  "test_set_used": false,
  "hardware_validated": false
}

[one-gpu round 2] resume=181 stop_after=201
[train] confirm0923-a02-s2-e1000 params=16363 resume_epoch=181 initial_ebops=1477038
wandb: [wandb.login()] Loaded credentials for https://api.wandb.ai from WANDB_API_KEY.
wandb: Resuming run confirm0923-a02-s2-e1000-s2
wandb: 🚀 View run at https://wandb.ai/kayamaguchi-uc-san-diego/BNJetTag-Engram-Experimental/runs/65ba87473860
[epoch 182/1000] EBOPs=311004 target=350000 beta=2.43e-06 val_AUC=0.840968 val_accuracy=0.567032 seconds=123.5 checkpoint=epoch-0182
[epoch 183/1000] EBOPs=308060 target=350000 beta=2.42e-06 val_AUC=0.838858 val_accuracy=0.571315 seconds=110.1 checkpoint=epoch-0183
[epoch 184/1000] EBOPs=313682 target=350000 beta=2.38e-06 val_AUC=0.838948 val_accuracy=0.570548 seconds=109.8 checkpoint=epoch-0184
[epoch 185/1000] EBOPs=313315 target=350000 beta=2.41e-06 val_AUC=0.839499 val_accuracy=0.558992 seconds=105.5 checkpoint=epoch-0185
[epoch 186/1000] EBOPs=311021 target=350000 beta=2.4e-06 val_AUC=0.835855 val_accuracy=0.555056 seconds=105.4 checkpoint=epoch-0186
[epoch 187/1000] EBOPs=302344 target=350000 beta=2.37e-06 val_AUC=0.837920 val_accuracy=0.562677 seconds=108.4 checkpoint=epoch-0187
[epoch 188/1000] EBOPs=305667 target=350000 beta=2.28e-06 val_AUC=0.831316 val_accuracy=0.551347 seconds=107.1 checkpoint=epoch-0188
[epoch 189/1000] EBOPs=311966 target=350000 beta=2.29e-06 val_AUC=0.835962 val_accuracy=0.559653 seconds=108.1 checkpoint=epoch-0189
[epoch 190/1000] EBOPs=312931 target=350000 beta=2.33e-06 val_AUC=0.841332 val_accuracy=0.553081 seconds=106.5 checkpoint=epoch-0190
[epoch 191/1000] EBOPs=306649 target=350000 beta=2.32e-06 val_AUC=0.839608 val_accuracy=0.564089 seconds=106.8 checkpoint=epoch-0191
[epoch 192/1000] EBOPs=307065 target=350000 beta=2.26e-06 val_AUC=0.842966 val_accuracy=0.574645 seconds=107.2 checkpoint=epoch-0192
[epoch 193/1000] EBOPs=305332 target=350000 beta=2.25e-06 val_AUC=0.840208 val_accuracy=0.567347 seconds=106.8 checkpoint=epoch-0193
[epoch 194/1000] EBOPs=307956 target=350000 beta=2.22e-06 val_AUC=0.843823 val_accuracy=0.574290 seconds=107.3 checkpoint=epoch-0194
[epoch 195/1000] EBOPs=306708 target=350000 beta=2.22e-06 val_AUC=0.843230 val_accuracy=0.568589 seconds=109.4 checkpoint=epoch-0195
[epoch 196/1000] EBOPs=303156 target=350000 beta=2.2e-06 val_AUC=0.843649 val_accuracy=0.571177 seconds=108.9 checkpoint=epoch-0196
[epoch 197/1000] EBOPs=310612 target=350000 beta=2.16e-06 val_AUC=0.838402 val_accuracy=0.558468 seconds=108.3 checkpoint=epoch-0197
[epoch 198/1000] EBOPs=298612 target=350000 beta=2.2e-06 val_AUC=0.839164 val_accuracy=0.563621 seconds=106.9 checkpoint=epoch-0198
[epoch 199/1000] EBOPs=304921 target=350000 beta=2.1e-06 val_AUC=0.844159 val_accuracy=0.578694 seconds=106.2 checkpoint=epoch-0199
[epoch 200/1000] EBOPs=307380 target=350000 beta=2.13e-06 val_AUC=0.836763 val_accuracy=0.551194 seconds=108.0 checkpoint=epoch-0200
wandb: Adding directory to artifact (/data/confirmation-20260923/architecture/runs/confirm0923-a02-s2-e1000/checkpoints/epoch-0200)... Done. 0.1s
[wandb] artifact resume-confirm0923-a02-s2-e1000:v7 committed (6 files)
[epoch 201/1000] EBOPs=303668 target=350000 beta=2.13e-06 val_AUC=0.840827 val_accuracy=0.564177 seconds=107.1 checkpoint=epoch-0201
wandb: updating run metadata
wandb: uploading output.log; uploading wandb-summary.json; uploading config.yaml
wandb: uploading history steps 196-197, summary, console lines 21-21
wandb: 🚀 View run confirm0923-a02-s2-e1000-s2 at: https://wandb.ai/kayamaguchi-uc-san-diego/BNJetTag-Engram-Experimental/runs/65ba87473860
wandb: ⭐️ View project at: https://wandb.ai/kayamaguchi-uc-san-diego/BNJetTag-Engram-Experimental
wandb: Synced 5 W&B file(s), 0 media file(s), 6 artifact file(s) and 0 other file(s)
wandb: setting up run 65ba87473860
wandb: Resuming run confirm0923-a02-s2-e1000
wandb: 🚀 View run at https://wandb.ai/kayamaguchi-uc-san-diego/BNJetTag-Engram-Experimental/runs/65ba87473860
[wandb] artifact engram-review-confirm0923-a02-s2-e1000:v4 committed (10 files)
wandb: updating run metadata
wandb: uploading wandb-metadata.json; uploading config.yaml
wandb: uploading wandb-metadata.json
wandb: 🚀 View run confirm0923-a02-s2-e1000 at: https://wandb.ai/kayamaguchi-uc-san-diego/BNJetTag-Engram-Experimental/runs/65ba87473860
wandb: ⭐️ View project at: https://wandb.ai/kayamaguchi-uc-san-diego/BNJetTag-Engram-Experimental
wandb: Synced 5 W&B file(s), 0 media file(s), 5 artifact file(s) and 0 other file(s)
{
  "selection_cost": 304921,
  "selection_cost_convention": "native_hgq2",
  "native_hgq2_backbone_ebops": 304921,
  "custom_estimated_bitops": 0,
  "modules": {},
  "warning": "Augmented total is not directly interchangeable with historical native HGQ2 totals.",
  "run": "confirm0923-a02-s2-e1000",
  "checkpoint": "model_best.keras",
  "checkpoint_sha256": "bd47e296df2b4f9f39582b6b5631fbd3eaddfc100eaf6b975ccc1adfcafa3f61",
  "completed_epochs": 201,
  "selected": {
    "epoch": 198,
    "val_macro_auc": 0.8441593261722534,
    "val_categorical_accuracy": 0.5786935483870967,
    "ebops": 304921
  },
  "budget_met": true,
  "validation_accuracy": 0.5786935483870967,
  "validation_macro_auc": 0.8441593261722534,
  "validation_per_class_auc": [
    0.796702617001359,
    0.8417006892868893,
    0.8451725214292337,
    0.8331458437881347,
    0.9040749593556501
  ],
  "validation_labels_sha256": "97dedf586443a035071a6ec1ef25acae6841bb0890fa3dfd801c6a3d72ec234e",
  "validation_inputs_sha256": "dcdb76db132fb211f64f5ef7aefd6f09458bc18613a216b9b5e8d2366e7dd62a",
  "seed": 2,
  "test_set_used": false,
  "hardware_validated": false
}

[one-gpu round 6] resume=201 stop_after=221
[train] confirm0923-a02-s2-e1000 params=16363 resume_epoch=201 initial_ebops=1477038
wandb: [wandb.login()] Loaded credentials for https://api.wandb.ai from WANDB_API_KEY.
wandb: Resuming run confirm0923-a02-s2-e1000-s2
wandb: 🚀 View run at https://wandb.ai/kayamaguchi-uc-san-diego/BNJetTag-Engram-Experimental/runs/65ba87473860
[epoch 202/1000] EBOPs=313155 target=350000 beta=2.09e-06 val_AUC=0.840834 val_accuracy=0.571605 seconds=120.4 checkpoint=epoch-0202
[epoch 203/1000] EBOPs=304611 target=350000 beta=2.14e-06 val_AUC=0.840325 val_accuracy=0.565952 seconds=105.6 checkpoint=epoch-0203
[epoch 204/1000] EBOPs=304820 target=350000 beta=2.07e-06 val_AUC=0.840947 val_accuracy=0.561952 seconds=105.7 checkpoint=epoch-0204
[epoch 205/1000] EBOPs=304441 target=350000 beta=2.06e-06 val_AUC=0.841911 val_accuracy=0.566169 seconds=104.3 checkpoint=epoch-0205
[epoch 206/1000] EBOPs=298206 target=350000 beta=2.04e-06 val_AUC=0.836776 val_accuracy=0.557863 seconds=103.2 checkpoint=epoch-0206
[epoch 207/1000] EBOPs=302270 target=350000 beta=1.98e-06 val_AUC=0.843703 val_accuracy=0.570210 seconds=106.1 checkpoint=epoch-0207
[epoch 208/1000] EBOPs=304771 target=350000 beta=2e-06 val_AUC=0.836767 val_accuracy=0.558750 seconds=104.9 checkpoint=epoch-0208
[epoch 209/1000] EBOPs=308313 target=350000 beta=2e-06 val_AUC=0.838900 val_accuracy=0.561048 seconds=106.6 checkpoint=epoch-0209
[epoch 210/1000] EBOPs=307385 target=350000 beta=2.01e-06 val_AUC=0.844443 val_accuracy=0.576847 seconds=106.5 checkpoint=epoch-0210
[epoch 211/1000] EBOPs=304911 target=350000 beta=1.99e-06 val_AUC=0.844685 val_accuracy=0.575726 seconds=105.0 checkpoint=epoch-0211
[epoch 212/1000] EBOPs=303727 target=350000 beta=1.96e-06 val_AUC=0.841934 val_accuracy=0.570871 seconds=103.6 checkpoint=epoch-0212
[epoch 213/1000] EBOPs=305497 target=350000 beta=1.94e-06 val_AUC=0.843531 val_accuracy=0.570718 seconds=101.0 checkpoint=epoch-0213
[epoch 214/1000] EBOPs=307151 target=350000 beta=1.94e-06 val_AUC=0.844189 val_accuracy=0.570605 seconds=105.6 checkpoint=epoch-0214
[epoch 215/1000] EBOPs=307498 target=350000 beta=1.94e-06 val_AUC=0.846021 val_accuracy=0.575613 seconds=104.7 checkpoint=epoch-0215
[epoch 216/1000] EBOPs=299909 target=350000 beta=1.92e-06 val_AUC=0.842542 val_accuracy=0.571250 seconds=102.5 checkpoint=epoch-0216
[epoch 217/1000] EBOPs=298922 target=350000 beta=1.86e-06 val_AUC=0.841768 val_accuracy=0.572653 seconds=105.4 checkpoint=epoch-0217
[epoch 218/1000] EBOPs=309632 target=350000 beta=1.84e-06 val_AUC=0.846034 val_accuracy=0.576484 seconds=104.2 checkpoint=epoch-0218
[epoch 219/1000] EBOPs=298427 target=350000 beta=1.9e-06 val_AUC=0.843539 val_accuracy=0.572298 seconds=104.7 checkpoint=epoch-0219
[epoch 220/1000] EBOPs=309504 target=350000 beta=1.81e-06 val_AUC=0.842461 val_accuracy=0.572774 seconds=104.5 checkpoint=epoch-0220
[epoch 221/1000] EBOPs=307429 target=350000 beta=1.87e-06 val_AUC=0.843932 val_accuracy=0.568460 seconds=105.4 checkpoint=epoch-0221
wandb: updating run metadata
wandb: uploading output.log; uploading wandb-summary.json; uploading config.yaml
wandb: 🚀 View run confirm0923-a02-s2-e1000-s2 at: https://wandb.ai/kayamaguchi-uc-san-diego/BNJetTag-Engram-Experimental/runs/65ba87473860
wandb: ⭐️ View project at: https://wandb.ai/kayamaguchi-uc-san-diego/BNJetTag-Engram-Experimental
wandb: Synced 5 W&B file(s), 0 media file(s), 0 artifact file(s) and 0 other file(s)
wandb: setting up run 65ba87473860
wandb: Resuming run confirm0923-a02-s2-e1000
wandb: 🚀 View run at https://wandb.ai/kayamaguchi-uc-san-diego/BNJetTag-Engram-Experimental/runs/65ba87473860
[wandb] artifact engram-review-confirm0923-a02-s2-e1000:v5 committed (10 files)
wandb: uploading requirements.txt; updating run metadata
wandb: uploading output.log; uploading wandb-summary.json; uploading config.yaml
wandb: 🚀 View run confirm0923-a02-s2-e1000 at: https://wandb.ai/kayamaguchi-uc-san-diego/BNJetTag-Engram-Experimental/runs/65ba87473860
wandb: ⭐️ View project at: https://wandb.ai/kayamaguchi-uc-san-diego/BNJetTag-Engram-Experimental
wandb: Synced 5 W&B file(s), 0 media file(s), 3 artifact file(s) and 0 other file(s)
{
  "selection_cost": 304921,
  "selection_cost_convention": "native_hgq2",
  "native_hgq2_backbone_ebops": 304921,
  "custom_estimated_bitops": 0,
  "modules": {},
  "warning": "Augmented total is not directly interchangeable with historical native HGQ2 totals.",
  "run": "confirm0923-a02-s2-e1000",
  "checkpoint": "model_best.keras",
  "checkpoint_sha256": "bd47e296df2b4f9f39582b6b5631fbd3eaddfc100eaf6b975ccc1adfcafa3f61",
  "completed_epochs": 221,
  "selected": {
    "epoch": 198,
    "val_macro_auc": 0.8441593261722534,
    "val_categorical_accuracy": 0.5786935483870967,
    "ebops": 304921
  },
  "budget_met": true,
  "validation_accuracy": 0.5786935483870967,
  "validation_macro_auc": 0.8441593261722534,
  "validation_per_class_auc": [
    0.796702617001359,
    0.8417006892868893,
    0.8451725214292337,
    0.8331458437881347,
    0.9040749593556501
  ],
  "validation_labels_sha256": "97dedf586443a035071a6ec1ef25acae6841bb0890fa3dfd801c6a3d72ec234e",
  "validation_inputs_sha256": "dcdb76db132fb211f64f5ef7aefd6f09458bc18613a216b9b5e8d2366e7dd62a",
  "seed": 2,
  "test_set_used": false,
  "hardware_validated": false
}

[one-gpu round 2] resume=221 stop_after=241
[train] confirm0923-a02-s2-e1000 params=16363 resume_epoch=221 initial_ebops=1477038
wandb: [wandb.login()] Loaded credentials for https://api.wandb.ai from WANDB_API_KEY.
wandb: Resuming run confirm0923-a02-s2-e1000-s2
wandb: 🚀 View run at https://wandb.ai/kayamaguchi-uc-san-diego/BNJetTag-Engram-Experimental/runs/65ba87473860
[epoch 222/1000] EBOPs=303424 target=350000 beta=1.84e-06 val_AUC=0.841178 val_accuracy=0.563669 seconds=118.8 checkpoint=epoch-0222
[epoch 223/1000] EBOPs=310432 target=350000 beta=1.81e-06 val_AUC=0.845773 val_accuracy=0.578815 seconds=106.1 checkpoint=epoch-0223
[epoch 224/1000] EBOPs=315360 target=350000 beta=1.84e-06 val_AUC=0.841852 val_accuracy=0.563677 seconds=103.2 checkpoint=epoch-0224
[epoch 225/1000] EBOPs=310656 target=350000 beta=1.86e-06 val_AUC=0.838674 val_accuracy=0.547645 seconds=102.1 checkpoint=epoch-0225
wandb: Adding directory to artifact (/data/confirmation-20260923/architecture/runs/confirm0923-a02-s2-e1000/checkpoints/epoch-0225)... Done. 0.1s
[wandb] artifact resume-confirm0923-a02-s2-e1000:v8 committed (6 files)
[epoch 226/1000] EBOPs=309868 target=350000 beta=1.82e-06 val_AUC=0.840943 val_accuracy=0.562121 seconds=101.9 checkpoint=epoch-0226
[epoch 227/1000] EBOPs=308982 target=350000 beta=1.8e-06 val_AUC=0.844126 val_accuracy=0.574661 seconds=100.7 checkpoint=epoch-0227
[epoch 228/1000] EBOPs=307889 target=350000 beta=1.79e-06 val_AUC=0.844404 val_accuracy=0.575516 seconds=103.0 checkpoint=epoch-0228
[epoch 229/1000] EBOPs=307446 target=350000 beta=1.77e-06 val_AUC=0.843095 val_accuracy=0.567992 seconds=101.4 checkpoint=epoch-0229
[epoch 230/1000] EBOPs=308081 target=350000 beta=1.76e-06 val_AUC=0.844816 val_accuracy=0.572452 seconds=100.7 checkpoint=epoch-0230
[epoch 231/1000] EBOPs=311414 target=350000 beta=1.75e-06 val_AUC=0.847340 val_accuracy=0.577371 seconds=100.5 checkpoint=epoch-0231
[epoch 232/1000] EBOPs=306454 target=350000 beta=1.76e-06 val_AUC=0.846399 val_accuracy=0.578194 seconds=102.6 checkpoint=epoch-0232
[epoch 233/1000] EBOPs=304369 target=350000 beta=1.72e-06 val_AUC=0.844444 val_accuracy=0.572790 seconds=104.2 checkpoint=epoch-0233
[epoch 234/1000] EBOPs=308071 target=350000 beta=1.69e-06 val_AUC=0.845172 val_accuracy=0.569556 seconds=101.6 checkpoint=epoch-0234
[epoch 235/1000] EBOPs=307660 target=350000 beta=1.7e-06 val_AUC=0.842472 val_accuracy=0.570960 seconds=103.5 checkpoint=epoch-0235
[epoch 236/1000] EBOPs=308081 target=350000 beta=1.69e-06 val_AUC=0.845906 val_accuracy=0.577661 seconds=106.8 checkpoint=epoch-0236
[epoch 237/1000] EBOPs=307249 target=350000 beta=1.68e-06 val_AUC=0.837650 val_accuracy=0.555194 seconds=105.6 checkpoint=epoch-0237
[epoch 238/1000] EBOPs=304364 target=350000 beta=1.67e-06 val_AUC=0.848941 val_accuracy=0.582323 seconds=120.8 checkpoint=epoch-0238
[epoch 239/1000] EBOPs=307276 target=350000 beta=1.64e-06 val_AUC=0.840916 val_accuracy=0.559145 seconds=99.1 checkpoint=epoch-0239
[epoch 240/1000] EBOPs=302636 target=350000 beta=1.64e-06 val_AUC=0.846457 val_accuracy=0.578806 seconds=102.3 checkpoint=epoch-0240
[epoch 241/1000] EBOPs=310151 target=350000 beta=1.61e-06 val_AUC=0.848347 val_accuracy=0.579339 seconds=102.9 checkpoint=epoch-0241
wandb: updating run metadata
wandb: uploading output.log; uploading wandb-summary.json; uploading config.yaml
wandb: 🚀 View run confirm0923-a02-s2-e1000-s2 at: https://wandb.ai/kayamaguchi-uc-san-diego/BNJetTag-Engram-Experimental/runs/65ba87473860
wandb: ⭐️ View project at: https://wandb.ai/kayamaguchi-uc-san-diego/BNJetTag-Engram-Experimental
wandb: Synced 5 W&B file(s), 0 media file(s), 6 artifact file(s) and 0 other file(s)
wandb: setting up run 65ba87473860
wandb: Resuming run confirm0923-a02-s2-e1000
wandb: 🚀 View run at https://wandb.ai/kayamaguchi-uc-san-diego/BNJetTag-Engram-Experimental/runs/65ba87473860
[wandb] artifact engram-review-confirm0923-a02-s2-e1000:v6 committed (10 files)
wandb: updating run metadata
wandb: uploading output.log; uploading wandb-summary.json; uploading config.yaml
wandb: 🚀 View run confirm0923-a02-s2-e1000 at: https://wandb.ai/kayamaguchi-uc-san-diego/BNJetTag-Engram-Experimental/runs/65ba87473860
wandb: ⭐️ View project at: https://wandb.ai/kayamaguchi-uc-san-diego/BNJetTag-Engram-Experimental
wandb: Synced 5 W&B file(s), 0 media file(s), 5 artifact file(s) and 0 other file(s)
{
  "selection_cost": 304364,
  "selection_cost_convention": "native_hgq2",
  "native_hgq2_backbone_ebops": 304364,
  "custom_estimated_bitops": 0,
  "modules": {},
  "warning": "Augmented total is not directly interchangeable with historical native HGQ2 totals.",
  "run": "confirm0923-a02-s2-e1000",
  "checkpoint": "model_best.keras",
  "checkpoint_sha256": "30dcc7b47e19732bcfe613e4fca36b5ff3afb4644fa849f4e921811a86c0f914",
  "completed_epochs": 241,
  "selected": {
    "epoch": 237,
    "val_macro_auc": 0.8489405815314847,
    "val_categorical_accuracy": 0.5823225806451613,
    "ebops": 304364
  },
  "budget_met": true,
  "validation_accuracy": 0.5823225806451613,
  "validation_macro_auc": 0.8489405815314847,
  "validation_per_class_auc": [
    0.7978048909901747,
    0.8504848911329163,
    0.8490488402168304,
    0.8409285730147742,
    0.906435712302728
  ],
  "validation_labels_sha256": "97dedf586443a035071a6ec1ef25acae6841bb0890fa3dfd801c6a3d72ec234e",
  "validation_inputs_sha256": "dcdb76db132fb211f64f5ef7aefd6f09458bc18613a216b9b5e8d2366e7dd62a",
  "seed": 2,
  "test_set_used": false,
  "hardware_validated": false
}

[one-gpu round 5] resume=241 stop_after=261
[train] confirm0923-a02-s2-e1000 params=16363 resume_epoch=241 initial_ebops=1477038
wandb: [wandb.login()] Loaded credentials for https://api.wandb.ai from WANDB_API_KEY.
wandb: Resuming run confirm0923-a02-s2-e1000-s2
wandb: 🚀 View run at https://wandb.ai/kayamaguchi-uc-san-diego/BNJetTag-Engram-Experimental/runs/65ba87473860
[epoch 242/1000] EBOPs=307458 target=350000 beta=1.64e-06 val_AUC=0.833392 val_accuracy=0.539395 seconds=129.7 checkpoint=epoch-0242
[epoch 243/1000] EBOPs=312780 target=350000 beta=1.61e-06 val_AUC=0.839135 val_accuracy=0.564661 seconds=111.9 checkpoint=epoch-0243
[epoch 244/1000] EBOPs=305740 target=350000 beta=1.63e-06 val_AUC=0.847740 val_accuracy=0.579500 seconds=108.6 checkpoint=epoch-0244
[epoch 245/1000] EBOPs=313420 target=350000 beta=1.58e-06 val_AUC=0.846046 val_accuracy=0.575548 seconds=109.2 checkpoint=epoch-0245
[epoch 246/1000] EBOPs=306508 target=350000 beta=1.61e-06 val_AUC=0.846281 val_accuracy=0.574347 seconds=109.8 checkpoint=epoch-0246
[epoch 247/1000] EBOPs=308908 target=350000 beta=1.57e-06 val_AUC=0.841074 val_accuracy=0.567234 seconds=111.5 checkpoint=epoch-0247
[epoch 248/1000] EBOPs=304812 target=350000 beta=1.57e-06 val_AUC=0.844036 val_accuracy=0.565565 seconds=108.4 checkpoint=epoch-0248
[epoch 249/1000] EBOPs=310513 target=350000 beta=1.54e-06 val_AUC=0.845475 val_accuracy=0.573613 seconds=115.0 checkpoint=epoch-0249
[epoch 250/1000] EBOPs=307783 target=350000 beta=1.56e-06 val_AUC=0.847359 val_accuracy=0.573750 seconds=111.2 checkpoint=epoch-0250
wandb: Adding directory to artifact (/data/confirmation-20260923/architecture/runs/confirm0923-a02-s2-e1000/checkpoints/epoch-0250)... Done. 0.1s
[wandb] artifact resume-confirm0923-a02-s2-e1000:v9 committed (6 files)
[epoch 251/1000] EBOPs=306919 target=350000 beta=1.54e-06 val_AUC=0.846474 val_accuracy=0.573169 seconds=109.5 checkpoint=epoch-0251
[epoch 252/1000] EBOPs=312487 target=350000 beta=1.52e-06 val_AUC=0.846514 val_accuracy=0.577750 seconds=112.9 checkpoint=epoch-0252
[epoch 253/1000] EBOPs=313442 target=350000 beta=1.54e-06 val_AUC=0.846697 val_accuracy=0.576274 seconds=110.6 checkpoint=epoch-0253
[epoch 254/1000] EBOPs=310759 target=350000 beta=1.54e-06 val_AUC=0.847219 val_accuracy=0.578024 seconds=111.5 checkpoint=epoch-0254
[epoch 255/1000] EBOPs=311623 target=350000 beta=1.51e-06 val_AUC=0.842261 val_accuracy=0.571000 seconds=109.6 checkpoint=epoch-0255
[epoch 256/1000] EBOPs=310828 target=350000 beta=1.51e-06 val_AUC=0.846622 val_accuracy=0.576161 seconds=110.5 checkpoint=epoch-0256
[epoch 257/1000] EBOPs=307751 target=350000 beta=1.5e-06 val_AUC=0.845852 val_accuracy=0.581516 seconds=111.7 checkpoint=epoch-0257
[epoch 258/1000] EBOPs=303660 target=350000 beta=1.47e-06 val_AUC=0.839843 val_accuracy=0.572855 seconds=111.0 checkpoint=epoch-0258
[epoch 259/1000] EBOPs=308076 target=350000 beta=1.44e-06 val_AUC=0.846897 val_accuracy=0.578226 seconds=112.4 checkpoint=epoch-0259
[epoch 260/1000] EBOPs=301420 target=350000 beta=1.45e-06 val_AUC=0.845159 val_accuracy=0.574685 seconds=110.4 checkpoint=epoch-0260
[epoch 261/1000] EBOPs=305516 target=350000 beta=1.41e-06 val_AUC=0.848511 val_accuracy=0.581185 seconds=113.5 checkpoint=epoch-0261
wandb: updating run metadata
wandb: uploading output.log; uploading wandb-summary.json; uploading config.yaml
wandb: 🚀 View run confirm0923-a02-s2-e1000-s2 at: https://wandb.ai/kayamaguchi-uc-san-diego/BNJetTag-Engram-Experimental/runs/65ba87473860
wandb: ⭐️ View project at: https://wandb.ai/kayamaguchi-uc-san-diego/BNJetTag-Engram-Experimental
wandb: Synced 5 W&B file(s), 0 media file(s), 5 artifact file(s) and 0 other file(s)
wandb: setting up run 65ba87473860
wandb: Resuming run confirm0923-a02-s2-e1000
wandb: 🚀 View run at https://wandb.ai/kayamaguchi-uc-san-diego/BNJetTag-Engram-Experimental/runs/65ba87473860
[wandb] artifact engram-review-confirm0923-a02-s2-e1000:v7 committed (10 files)
wandb: updating run metadata
wandb: uploading wandb-summary.json; uploading config.yaml; uploading output.log
wandb: 🚀 View run confirm0923-a02-s2-e1000 at: https://wandb.ai/kayamaguchi-uc-san-diego/BNJetTag-Engram-Experimental/runs/65ba87473860
wandb: ⭐️ View project at: https://wandb.ai/kayamaguchi-uc-san-diego/BNJetTag-Engram-Experimental
wandb: Synced 5 W&B file(s), 0 media file(s), 3 artifact file(s) and 0 other file(s)
{
  "selection_cost": 304364,
  "selection_cost_convention": "native_hgq2",
  "native_hgq2_backbone_ebops": 304364,
  "custom_estimated_bitops": 0,
  "modules": {},
  "warning": "Augmented total is not directly interchangeable with historical native HGQ2 totals.",
  "run": "confirm0923-a02-s2-e1000",
  "checkpoint": "model_best.keras",
  "checkpoint_sha256": "30dcc7b47e19732bcfe613e4fca36b5ff3afb4644fa849f4e921811a86c0f914",
  "completed_epochs": 261,
  "selected": {
    "epoch": 237,
    "val_macro_auc": 0.8489405815314847,
    "val_categorical_accuracy": 0.5823225806451613,
    "ebops": 304364
  },
  "budget_met": true,
  "validation_accuracy": 0.5823225806451613,
  "validation_macro_auc": 0.8489405815314847,
  "validation_per_class_auc": [
    0.7978048909901747,
    0.8504848911329163,
    0.8490488402168304,
    0.8409285730147742,
    0.906435712302728
  ],
  "validation_labels_sha256": "97dedf586443a035071a6ec1ef25acae6841bb0890fa3dfd801c6a3d72ec234e",
  "validation_inputs_sha256": "dcdb76db132fb211f64f5ef7aefd6f09458bc18613a216b9b5e8d2366e7dd62a",
  "seed": 2,
  "test_set_used": false,
  "hardware_validated": false
}

[one-gpu round 9] resume=261 stop_after=281
[train] confirm0923-a02-s2-e1000 params=16363 resume_epoch=261 initial_ebops=1477038
wandb: [wandb.login()] Loaded credentials for https://api.wandb.ai from WANDB_API_KEY.
wandb: Resuming run confirm0923-a02-s2-e1000-s2
wandb: 🚀 View run at https://wandb.ai/kayamaguchi-uc-san-diego/BNJetTag-Engram-Experimental/runs/65ba87473860
[epoch 262/1000] EBOPs=303212 target=350000 beta=1.42e-06 val_AUC=0.841533 val_accuracy=0.564960 seconds=120.0 checkpoint=epoch-0262
[epoch 263/1000] EBOPs=307601 target=350000 beta=1.4e-06 val_AUC=0.844024 val_accuracy=0.580097 seconds=109.4 checkpoint=epoch-0263
[epoch 264/1000] EBOPs=304844 target=350000 beta=1.41e-06 val_AUC=0.843056 val_accuracy=0.568016 seconds=108.6 checkpoint=epoch-0264
[epoch 265/1000] EBOPs=311554 target=350000 beta=1.39e-06 val_AUC=0.848854 val_accuracy=0.581145 seconds=106.7 checkpoint=epoch-0265
[epoch 266/1000] EBOPs=308017 target=350000 beta=1.41e-06 val_AUC=0.847017 val_accuracy=0.579145 seconds=105.1 checkpoint=epoch-0266
[epoch 267/1000] EBOPs=309767 target=350000 beta=1.39e-06 val_AUC=0.850551 val_accuracy=0.583371 seconds=106.4 checkpoint=epoch-0267
[epoch 268/1000] EBOPs=308583 target=350000 beta=1.39e-06 val_AUC=0.845265 val_accuracy=0.577589 seconds=105.1 checkpoint=epoch-0268
[epoch 269/1000] EBOPs=311975 target=350000 beta=1.37e-06 val_AUC=0.845594 val_accuracy=0.572766 seconds=105.8 checkpoint=epoch-0269
[epoch 270/1000] EBOPs=311207 target=350000 beta=1.38e-06 val_AUC=0.845466 val_accuracy=0.574202 seconds=104.7 checkpoint=epoch-0270
[epoch 271/1000] EBOPs=312583 target=350000 beta=1.37e-06 val_AUC=0.850147 val_accuracy=0.583484 seconds=108.1 checkpoint=epoch-0271
[epoch 272/1000] EBOPs=306274 target=350000 beta=1.37e-06 val_AUC=0.849700 val_accuracy=0.583081 seconds=107.7 checkpoint=epoch-0272
[epoch 273/1000] EBOPs=305831 target=350000 beta=1.33e-06 val_AUC=0.844569 val_accuracy=0.576024 seconds=106.9 checkpoint=epoch-0273
[epoch 274/1000] EBOPs=310909 target=350000 beta=1.32e-06 val_AUC=0.846092 val_accuracy=0.576516 seconds=106.6 checkpoint=epoch-0274
[epoch 275/1000] EBOPs=311591 target=350000 beta=1.33e-06 val_AUC=0.845988 val_accuracy=0.575524 seconds=108.1 checkpoint=epoch-0275
wandb: Adding directory to artifact (/data/confirmation-20260923/architecture/runs/confirm0923-a02-s2-e1000/checkpoints/epoch-0275)... Done. 0.1s
[wandb] artifact resume-confirm0923-a02-s2-e1000:v10 committed (6 files)
[epoch 276/1000] EBOPs=310727 target=350000 beta=1.33e-06 val_AUC=0.846026 val_accuracy=0.574984 seconds=108.9 checkpoint=epoch-0276
[epoch 277/1000] EBOPs=313240 target=350000 beta=1.32e-06 val_AUC=0.846899 val_accuracy=0.578605 seconds=106.4 checkpoint=epoch-0277
[epoch 278/1000] EBOPs=316583 target=350000 beta=1.32e-06 val_AUC=0.843058 val_accuracy=0.564395 seconds=109.0 checkpoint=epoch-0278
[epoch 279/1000] EBOPs=310722 target=350000 beta=1.33e-06 val_AUC=0.838190 val_accuracy=0.557266 seconds=109.0 checkpoint=epoch-0279
[epoch 280/1000] EBOPs=311453 target=350000 beta=1.3e-06 val_AUC=0.847502 val_accuracy=0.573621 seconds=113.5 checkpoint=epoch-0280
[epoch 281/1000] EBOPs=309831 target=350000 beta=1.29e-06 val_AUC=0.840549 val_accuracy=0.570589 seconds=110.7 checkpoint=epoch-0281
wandb: updating run metadata
wandb: uploading output.log; uploading wandb-summary.json; uploading config.yaml
wandb: 🚀 View run confirm0923-a02-s2-e1000-s2 at: https://wandb.ai/kayamaguchi-uc-san-diego/BNJetTag-Engram-Experimental/runs/65ba87473860
wandb: ⭐️ View project at: https://wandb.ai/kayamaguchi-uc-san-diego/BNJetTag-Engram-Experimental
wandb: Synced 5 W&B file(s), 0 media file(s), 5 artifact file(s) and 0 other file(s)
wandb: setting up run 65ba87473860
wandb: Resuming run confirm0923-a02-s2-e1000
wandb: 🚀 View run at https://wandb.ai/kayamaguchi-uc-san-diego/BNJetTag-Engram-Experimental/runs/65ba87473860
[wandb] artifact engram-review-confirm0923-a02-s2-e1000:v8 committed (10 files)
wandb: updating run metadata; uploading wandb-metadata.json; uploading requirements.txt
wandb: uploading output.log; uploading wandb-summary.json; uploading config.yaml
wandb: 🚀 View run confirm0923-a02-s2-e1000 at: https://wandb.ai/kayamaguchi-uc-san-diego/BNJetTag-Engram-Experimental/runs/65ba87473860
wandb: ⭐️ View project at: https://wandb.ai/kayamaguchi-uc-san-diego/BNJetTag-Engram-Experimental
wandb: Synced 5 W&B file(s), 0 media file(s), 5 artifact file(s) and 0 other file(s)
{
  "selection_cost": 312583,
  "selection_cost_convention": "native_hgq2",
  "native_hgq2_backbone_ebops": 312583,
  "custom_estimated_bitops": 0,
  "modules": {},
  "warning": "Augmented total is not directly interchangeable with historical native HGQ2 totals.",
  "run": "confirm0923-a02-s2-e1000",
  "checkpoint": "model_best.keras",
  "checkpoint_sha256": "c5e7da64b08165e705af326af5ca3d0403c881ccb45db233ecb6245b243d6f1a",
  "completed_epochs": 281,
  "selected": {
    "epoch": 270,
    "val_macro_auc": 0.850146805311188,
    "val_categorical_accuracy": 0.5834838709677419,
    "ebops": 312583
  },
  "budget_met": true,
  "validation_accuracy": 0.5834838709677419,
  "validation_macro_auc": 0.850146805311188,
  "validation_per_class_auc": [
    0.7996729216251212,
    0.8521676957085886,
    0.8504974371615638,
    0.8399687372199522,
    0.9084272348407142
  ],
  "validation_labels_sha256": "97dedf586443a035071a6ec1ef25acae6841bb0890fa3dfd801c6a3d72ec234e",
  "validation_inputs_sha256": "dcdb76db132fb211f64f5ef7aefd6f09458bc18613a216b9b5e8d2366e7dd62a",
  "seed": 2,
  "test_set_used": false,
  "hardware_validated": false
}
