ADDED pilot1005-ctl-e-unc-c-s1.json
SAME_NAME pilot1005-h1-e-350k-c-s1.json {"campaign.production": [true, false]}
SAME_NAME pilot1005-h1-e-350k-c-s2.json {"campaign.production": [true, false]}
SAME_NAME pilot1005-h1-e-350k-noc-s1.json {"campaign.production": [true, false]}
SAME_NAME pilot1005-h1-e-350k-noc-s2.json {"campaign.production": [true, false]}
SAME_NAME pilot1005-h2-a07-1m-c-s1.json {"campaign.production": [true, false]}
SAME_NAME pilot1005-h2-a07-2m-c-s1.json {"campaign.production": [true, false]}
REMOVED pilot1005-h2-a07-350k-c-s1.json
SAME_NAME pilot1005-h2-a07-500k-c-s1.json {"campaign.production": [true, false]}
SAME_NAME pilot1005-h2-a07-5m-c-s1.json {"campaign.production": [true, false]}
SAME_NAME pilot1005-h2-e-1m-c-s1.json {"campaign.production": [true, false]}
SAME_NAME pilot1005-h2-e-250k-c-s1.json {"campaign.production": [true, false]}
SAME_NAME pilot1005-h2-e-2m-c-s1.json {"campaign.production": [true, false]}
SAME_NAME pilot1005-h2-e-500k-c-s1.json {"campaign.production": [true, false]}
SAME_NAME pilot1005-h2-e-5m-c-s1.json {"campaign.production": [true, false]}
SAME_NAME pilot1005-h2-e-750k-c-s1.json {"campaign.production": [true, false]}
SAME_NAME pilot1005-h3-e-350k-c-qkv1-s1.json {"campaign.production": [true, false]}
SAME_NAME pilot1005-h3-e-350k-c-qkv1-s2.json {"campaign.production": [true, false]}
ADDED pilot1005-h3-e-450k-c-qkv1-s1.json
ADDED pilot1005-h4-e-350k-c-w100-s1.json
ADDED pilot1005-h4-e-350k-c-w100-s2.json
REMOVED pilot1005-h4-e-350k-c-w150-s1.json
REMOVED pilot1005-h4-e-350k-c-w150-s2.json
SAME_NAME pilot1005-h4-e-350k-c-w50-s1.json {"campaign.production": [true, false]}
SAME_NAME pilot1005-h4-e-350k-c-w50-s2.json {"campaign.production": [true, false]}
SAME_NAME pilot1005-h5-e-350k-c-nb-s1.json {"campaign.production": [true, false]}
SAME_NAME pilot1005-h5-e-350k-c-nb-s2.json {"campaign.production": [true, false]}
NEW_VS_MATCHED pilot1005-h3-e-450k-c-qkv1-s1.json vs pilot1005-h3-e-350k-c-qkv1-s1.json {"campaign.pilot.arm": ["A350-C-qkv1", "A350-C-qkv1-450k"], "campaign.pilot.budget": [350000, 450000], "experiment.arm": ["pilot1005-h3-e-350k-c-qkv1-s1", "pilot1005-h3-e-450k-c-qkv1-s1"], "name": ["pilot1005-h3-e-350k-c-qkv1-s1", "pilot1005-h3-e-450k-c-qkv1-s1"], "train.ebops.pid.target_ebops": [350000, 450000]}
NEW_VS_MATCHED pilot1005-ctl-e-unc-c-s1.json vs pilot1005-h1-e-350k-c-s1.json {"campaign.pilot.arm": ["A350-C", "E-unc-C"], "campaign.pilot.budget": [350000, 100000000], "campaign.pilot.hypothesis": ["H1", "control"], "campaign.pilot.variant": [null, "unc"], "experiment.arm": ["pilot1005-h1-e-350k-c-s1", "pilot1005-ctl-e-unc-c-s1"], "name": ["pilot1005-h1-e-350k-c-s1", "pilot1005-ctl-e-unc-c-s1"], "train.ebops.pid.target_ebops": [350000, 100000000]}
RENAMED_W150_TO_W100 s1 {"campaign.pilot.arm": ["A350-C-w150", "A350-C-w100"], "campaign.pilot.warmup": [150, 100], "campaign.production": [true, false], "experiment.arm": ["pilot1005-h4-e-350k-c-w150-s1", "pilot1005-h4-e-350k-c-w100-s1"], "name": ["pilot1005-h4-e-350k-c-w150-s1", "pilot1005-h4-e-350k-c-w100-s1"], "train.ebops.pid.warmup": [150, 100]}
RENAMED_W150_TO_W100 s2 {"campaign.pilot.arm": ["A350-C-w150", "A350-C-w100"], "campaign.pilot.warmup": [150, 100], "campaign.production": [true, false], "experiment.arm": ["pilot1005-h4-e-350k-c-w150-s2", "pilot1005-h4-e-350k-c-w100-s2"], "name": ["pilot1005-h4-e-350k-c-w150-s2", "pilot1005-h4-e-350k-c-w100-s2"], "train.ebops.pid.warmup": [150, 100]}
