| product | Job | class | K | s [D1] | R [D1] | s pooled | R pooled | class R | pack R | wall s/ep | mem frac | util all | util st | cores | cores/K | pinned | rss MB | OOM | NaN | Q apply | Q sched | excluded |
|---|---|---|---|---|---|---|---|---|---|---|---|---|---|---|---|---|---|---|---|---|---|---|
| NVIDIA-A10 | klow | E | 3 | 80.7 | 133.8 | 80.1 | 134.9 | - | - | 29.8 | 0.568 | 95.3 | 99.7 | 1.725 | 0.575 | 9-11,73-75 | 2323 | False | False | 18.0 | 2.000 | no |
| NVIDIA-A10 | klow | A07 | 1 | 45.7 | 78.7 | 45.7 | 78.7 | - | - | 56.2 | 0.367 | 80.2 | 91.3 | 0.588 | 0.588 | 9-10 | 2415 | False | False | 18.0 | 2.000 | no |
| NVIDIA-A10 | krule | E | 4 | 114.1 | 126.2 | 111.4 | 129.3 | - | - | 30.1 | 0.757 | 97.5 | 100.0 | 2.224 | 0.556 | 10-13,74-77 | 2368 | False | False | 19.0 | 5.000 | no |
| NVIDIA-A10 | krule | A07 | 2 | 96.6 | 74.6 | 96.3 | 74.8 | - | - | 53.2 | 0.734 | 96.4 | 99.1 | 1.087 | 0.543 | 10-13 | 2441 | False | False | 19.0 | 5.000 | no |
| NVIDIA-A100-SXM4-80GB | klow | E | 4 | 47.1 | 305.7 | 46.4 | 310.4 | - | - | 14.5 | 0.222 | 88.1 | 98.5 | 2.613 | 0.653 | 6-7,14-15,134-135,142-143 | 2365 | False | False | 13744.0 | 13735.0 | no |
| NVIDIA-A100-SXM4-80GB | klow | A07 | 2 | 45.1 | 159.8 | 43.2 | 166.7 | - | - | 27.5 | 0.211 | 78.8 | 95.7 | 1.309 | 0.654 | 6-7,14-15 | 2473 | False | False | 13744.0 | 13735.0 | no |
| NVIDIA-A100-SXM4-80GB | krule | E | 16 | 177.5 | 324.6 | 173.5 | 331.9 | - | - | 11.6 | 0.888 | 99.3 | 100.0 | 8.321 | 0.520 | 4-5,40,43-47,112-115,117-120,132-133,168,171-175,240-243,245-248 | 2678 | False | False | 1032.0 | 1016.0 | no |
| NVIDIA-A100-SXM4-80GB | krule | A07 | 8 | 142.2 | 202.5 | 138.9 | 207.4 | - | - | 18.9 | 0.844 | 98.0 | 100.0 | 4.349 | 0.544 | 4-5,40,43-47,112-115,117-120 | 2684 | False | False | 1032.0 | 1016.0 | no |
| NVIDIA-GeForce-RTX-3090 | klow | E | 4 | 71.1 | 202.6 | 68.5 | 210.3 | - | - | 18.8 | 0.714 | 94.6 | 100.0 | 2.173 | 0.543 | 4-11 | 2380 | False | False | 8829.0 | 8811.0 | no |
| NVIDIA-GeForce-RTX-3090 | klow | A07 | 1 | 30.9 | 116.7 | 30.9 | 116.7 | - | - | 38.8 | 0.345 | 61.6 | 74.3 | 0.623 | 0.623 | 4-5 | 2413 | False | False | 8829.0 | 8811.0 | no |
| NVIDIA-GeForce-RTX-3090 | krule | E | 5 | 85.5 | 210.5 | 83.3 | 216.1 | - | - | 18.0 | 0.892 | 99.9 | 100.0 | 2.554 | 0.511 | 4-13 | 2438 | False | False | 5408.0 | 5395.0 | no |
| NVIDIA-GeForce-RTX-3090 | krule | A07 | 2 | 57.1 | 126.1 | 56.7 | 127.1 | - | - | 31.7 | 0.690 | 96.4 | 99.3 | 1.068 | 0.534 | 4-7 | 2491 | False | False | 5408.0 | 5395.0 | no |
| NVIDIA-GeForce-RTX-4090 | klow | E | 4 | 55.4 | 259.9 | 52.8 | 272.5 | - | - | 15.0 | 0.735 | 97.2 | 99.9 | 2.424 | 0.606 | 4,6-8,20,22-24 | 2368 | False | False | 14060.0 | 14046.0 | no |
| NVIDIA-GeForce-RTX-4090 | klow | A07 | 1 | 26.0 | 138.3 | 26.0 | 138.3 | - | - | 34.1 | 0.351 | 65.4 | 84.4 | 0.667 | 0.667 | 4,6 | 2434 | False | False | 14060.0 | 14046.0 | no |
| NVIDIA-GeForce-RTX-4090 | krule | E | 5 | 68.3 | 263.6 | 65.2 | 276.2 | - | - | 14.4 | 0.919 | 95.4 | 100.0 | 2.930 | 0.586 | 4,6-9,20,22-25 | 2418 | False | False | 5405.0 | 5396.0 | rule 1: pod peak above 90 % of memory.total |
| NVIDIA-GeForce-RTX-4090 | krule | A07 | 2 | 48.3 | 149.1 | 47.9 | 150.4 | - | - | 28.1 | 0.701 | 96.8 | 99.9 | 1.185 | 0.593 | 4,6-8 | 2457 | False | False | 5405.0 | 5396.0 | no |
| NVIDIA-RTX-A6000 | klow | E | 4 | 77.3 | 186.2 | 75.1 | 191.6 | - | - | 20.4 | 0.357 | 100.0 | 100.0 | 2.049 | 0.512 | 7,9-10,12-16 | 2370 | False | False | 15770.0 | 15761.0 | no |
| NVIDIA-RTX-A6000 | klow | A07 | 2 | 65.5 | 109.9 | 65.1 | 110.7 | - | - | 36.1 | 0.345 | 95.4 | 98.8 | 1.049 | 0.525 | 7,9-10,12 | 2432 | False | False | 15770.0 | 15761.0 | no |
| NVIDIA-L40 | krule | - | - | - | - | - | - | - | - | - | - | - | - | - | - | - | - | - | - | - | - | rule 3 / [D6]: no data for Job kai-gpubench-l40-krule (this pod shape not Running 6 h after apply, or not run) |
| NVIDIA-L40 | klow | - | - | - | - | - | - | - | - | - | - | - | - | - | - | - | - | - | - | - | - | rule 3 / [D6]: no data for Job kai-gpubench-l40-klow (this pod shape not Running 6 h after apply, or not run) |
| NVIDIA-L40S | krule | - | - | - | - | - | - | - | - | - | - | - | - | - | - | - | - | - | - | - | - | rule 3 / [D6]: no data for Job kai-gpubench-l40s-krule (this pod shape not Running 6 h after apply, or not run) |
| NVIDIA-L40S | klow | - | - | - | - | - | - | - | - | - | - | - | - | - | - | - | - | - | - | - | - | rule 3 / [D6]: no data for Job kai-gpubench-l40s-klow (this pod shape not Running 6 h after apply, or not run) |
| NVIDIA-RTX-A6000 | krule | - | - | - | - | - | - | - | - | - | - | - | - | - | - | - | - | - | - | - | - | rule 3 / [D6]: no data for Job kai-gpubench-rtx-a6000-krule (this pod shape not Running 6 h after apply, or not run) |
| NVIDIA-A40 | krule | - | - | - | - | - | - | - | - | - | - | - | - | - | - | - | - | - | - | - | - | rule 3 / [D6]: no data for Job kai-gpubench-a40-krule (this pod shape not Running 6 h after apply, or not run) |
| NVIDIA-A40 | klow | - | - | - | - | - | - | - | - | - | - | - | - | - | - | - | - | - | - | - | - | rule 3 / [D6]: no data for Job kai-gpubench-a40-klow (this pod shape not Running 6 h after apply, or not run) |
# NVIDIA-A10 klow E p3-E-k3: node hcc-nrp-shor-c5821.unl.edu cpu AMD EPYC 7502 32-Core Processor fingerprint FINGERPRINT 11559681 expected 11559681 chang0926-a-n64-s1 verification {'PASS': 3, 'SKIPPED': 0, 'FAIL': 0, 'none': 0} traced_as_expected True n_untraced 54 n_traced 6 samples 31 cache_matches_anchor True crosses_resume False non_ok [] findings [] attempt 1 of 1 counted True
# NVIDIA-A10 klow A07 p4-A07-k1: node hcc-nrp-shor-c5821.unl.edu cpu AMD EPYC 7502 32-Core Processor fingerprint FINGERPRINT 11559681 expected 11559681 chang0926-a-n64-s1 verification {'PASS': 1, 'SKIPPED': 0, 'FAIL': 0, 'none': 0} traced_as_expected True n_untraced 18 n_traced 2 samples 19 cache_matches_anchor True crosses_resume False non_ok [] findings [] attempt 1 of 1 counted True
# NVIDIA-A10 krule E p1-E-k4: node hcc-nrp-shor-c6009.unl.edu cpu AMD EPYC 7502 32-Core Processor fingerprint FINGERPRINT 11559681 expected 11559681 chang0926-a-n64-s1 verification {'PASS': 4, 'SKIPPED': 0, 'FAIL': 0, 'none': 0} traced_as_expected True n_untraced 72 n_traced 8 samples 42 cache_matches_anchor True crosses_resume False non_ok [] findings [] attempt 1 of 1 counted True
# NVIDIA-A10 krule A07 p2-A07-k2: node hcc-nrp-shor-c6009.unl.edu cpu AMD EPYC 7502 32-Core Processor fingerprint FINGERPRINT 11559681 expected 11559681 chang0926-a-n64-s1 verification {'PASS': 2, 'SKIPPED': 0, 'FAIL': 0, 'none': 0} traced_as_expected True n_untraced 36 n_traced 4 samples 37 cache_matches_anchor True crosses_resume False non_ok [] findings [] attempt 1 of 1 counted True
# NVIDIA-A100-SXM4-80GB klow E p3-E-k4: node gp-engine.usd.edu cpu AMD EPYC 7713 64-Core Processor fingerprint FINGERPRINT 11559681 expected 11559681 chang0926-a-n64-s1 verification {'PASS': 4, 'SKIPPED': 0, 'FAIL': 0, 'none': 0} traced_as_expected True n_untraced 72 n_traced 8 samples 20 cache_matches_anchor True crosses_resume False non_ok [] findings []
# NVIDIA-A100-SXM4-80GB klow A07 p4-A07-k2: node gp-engine.usd.edu cpu AMD EPYC 7713 64-Core Processor fingerprint FINGERPRINT 11559681 expected 11559681 chang0926-a-n64-s1 verification {'PASS': 2, 'SKIPPED': 0, 'FAIL': 0, 'none': 0} traced_as_expected True n_untraced 36 n_traced 4 samples 19 cache_matches_anchor True crosses_resume False non_ok [] findings []
# NVIDIA-A100-SXM4-80GB krule E p1-E-k16: node sphinx.sdstate.edu cpu AMD EPYC 7713 64-Core Processor fingerprint FINGERPRINT 11559681 expected 11559681 chang0926-a-n64-s1 verification {'PASS': 16, 'SKIPPED': 0, 'FAIL': 0, 'none': 0} traced_as_expected True n_untraced 288 n_traced 32 samples 64 cache_matches_anchor True crosses_resume False non_ok [] findings []
# NVIDIA-A100-SXM4-80GB krule A07 p2-A07-k8: node sphinx.sdstate.edu cpu AMD EPYC 7713 64-Core Processor fingerprint FINGERPRINT 11559681 expected 11559681 chang0926-a-n64-s1 verification {'PASS': 8, 'SKIPPED': 0, 'FAIL': 0, 'none': 0} traced_as_expected True n_untraced 144 n_traced 16 samples 53 cache_matches_anchor True crosses_resume False non_ok [] findings []
# NVIDIA-GeForce-RTX-3090 klow E p3-E-k4: node fiona-1.famu.edu cpu AMD EPYC 7453 28-Core Processor fingerprint FINGERPRINT 11559681 expected 11559681 chang0926-a-n64-s1 verification {'PASS': 4, 'SKIPPED': 0, 'FAIL': 0, 'none': 0} traced_as_expected True n_untraced 72 n_traced 8 samples 26 cache_matches_anchor True crosses_resume False non_ok [] findings []
# NVIDIA-GeForce-RTX-3090 klow A07 p4-A07-k1: node fiona-1.famu.edu cpu AMD EPYC 7453 28-Core Processor fingerprint FINGERPRINT 11559681 expected 11559681 chang0926-a-n64-s1 verification {'PASS': 1, 'SKIPPED': 0, 'FAIL': 0, 'none': 0} traced_as_expected True n_untraced 18 n_traced 2 samples 13 cache_matches_anchor True crosses_resume False non_ok [] findings []
# NVIDIA-GeForce-RTX-3090 krule E p1-E-k5: node nautilus01.hsrn.nyu.edu cpu AMD EPYC 7443P 24-Core Processor fingerprint FINGERPRINT 11559681 expected 11559681 chang0926-a-n64-s1 verification {'PASS': 5, 'SKIPPED': 0, 'FAIL': 0, 'none': 0} traced_as_expected True n_untraced 90 n_traced 10 samples 31 cache_matches_anchor True crosses_resume False non_ok [] findings []
# NVIDIA-GeForce-RTX-3090 krule A07 p2-A07-k2: node nautilus01.hsrn.nyu.edu cpu AMD EPYC 7443P 24-Core Processor fingerprint FINGERPRINT 11559681 expected 11559681 chang0926-a-n64-s1 verification {'PASS': 2, 'SKIPPED': 0, 'FAIL': 0, 'none': 0} traced_as_expected True n_untraced 36 n_traced 4 samples 22 cache_matches_anchor True crosses_resume False non_ok [] findings []
# NVIDIA-GeForce-RTX-4090 klow E p3-E-k4: node hcc-nrp-shor-c5226.unl.edu cpu AMD EPYC 7282 16-Core Processor fingerprint FINGERPRINT 11559681 expected 11559681 chang0926-a-n64-s1 verification {'PASS': 4, 'SKIPPED': 0, 'FAIL': 0, 'none': 0} traced_as_expected True n_untraced 72 n_traced 8 samples 20 cache_matches_anchor True crosses_resume False non_ok [] findings []
# NVIDIA-GeForce-RTX-4090 klow A07 p4-A07-k1: node hcc-nrp-shor-c5226.unl.edu cpu AMD EPYC 7282 16-Core Processor fingerprint FINGERPRINT 11559681 expected 11559681 chang0926-a-n64-s1 verification {'PASS': 1, 'SKIPPED': 0, 'FAIL': 0, 'none': 0} traced_as_expected True n_untraced 18 n_traced 2 samples 12 cache_matches_anchor True crosses_resume False non_ok [] findings []
# NVIDIA-GeForce-RTX-4090 krule E p1-E-k5: node hcc-nrp-shor-c5834.unl.edu cpu AMD EPYC 7282 16-Core Processor fingerprint FINGERPRINT 11559681 expected 11559681 chang0926-a-n64-s1 verification {'PASS': 5, 'SKIPPED': 0, 'FAIL': 0, 'none': 0} traced_as_expected True n_untraced 90 n_traced 10 samples 25 cache_matches_anchor True crosses_resume False non_ok [] findings []
# NVIDIA-GeForce-RTX-4090 krule A07 p2-A07-k2: node hcc-nrp-shor-c5834.unl.edu cpu AMD EPYC 7282 16-Core Processor fingerprint FINGERPRINT 11559681 expected 11559681 chang0926-a-n64-s1 verification {'PASS': 2, 'SKIPPED': 0, 'FAIL': 0, 'none': 0} traced_as_expected True n_untraced 36 n_traced 4 samples 19 cache_matches_anchor True crosses_resume False non_ok [] findings []
# NVIDIA-RTX-A6000 klow E p3-E-k4: node gpu00.nrp.hpc.udel.edu cpu AMD EPYC 7443P 24-Core Processor fingerprint FINGERPRINT 11559681 expected 11559681 chang0926-a-n64-s1 verification {'PASS': 4, 'SKIPPED': 0, 'FAIL': 0, 'none': 0} traced_as_expected True n_untraced 72 n_traced 8 samples 28 cache_matches_anchor True crosses_resume False non_ok [] findings []
# NVIDIA-RTX-A6000 klow A07 p4-A07-k2: node gpu00.nrp.hpc.udel.edu cpu AMD EPYC 7443P 24-Core Processor fingerprint FINGERPRINT 11559681 expected 11559681 chang0926-a-n64-s1 verification {'PASS': 2, 'SKIPPED': 0, 'FAIL': 0, 'none': 0} traced_as_expected True n_untraced 36 n_traced 4 samples 25 cache_matches_anchor True crosses_resume False non_ok [] findings []
# NVIDIA-L40 krule None none: node None cpu None fingerprint None verification None traced_as_expected None n_untraced None n_traced None samples None cache_matches_anchor None crosses_resume None non_ok None findings []
# NVIDIA-L40 klow None none: node None cpu None fingerprint None verification None traced_as_expected None n_untraced None n_traced None samples None cache_matches_anchor None crosses_resume None non_ok None findings []
# NVIDIA-L40S krule None none: node None cpu None fingerprint None verification None traced_as_expected None n_untraced None n_traced None samples None cache_matches_anchor None crosses_resume None non_ok None findings []
# NVIDIA-L40S klow None none: node None cpu None fingerprint None verification None traced_as_expected None n_untraced None n_traced None samples None cache_matches_anchor None crosses_resume None non_ok None findings []
# NVIDIA-RTX-A6000 krule None none: node None cpu None fingerprint None verification None traced_as_expected None n_untraced None n_traced None samples None cache_matches_anchor None crosses_resume None non_ok None findings []
# NVIDIA-A40 krule None none: node None cpu None fingerprint None verification None traced_as_expected None n_untraced None n_traced None samples None cache_matches_anchor None crosses_resume None non_ok None findings []
# NVIDIA-A40 klow None none: node None cpu None fingerprint None verification None traced_as_expected None n_untraced None n_traced None samples None cache_matches_anchor None crosses_resume None non_ok None findings []
