# toy plant, not a result; r=1.08, k=10, epochs=7000, T=350000; slot-P prediction T*r^-0.9 = 326578 (median/T 0.9331)
# settled-plant stability bound, p=1, i=0.05, s=10: b < 0.800
# settled-plant stability bound, p=1, i=0.05, s=1: b < 0.976
SIM controller=A b=0.5 tau=2 median_over_T=1 sd_log10=0.003133 first_within_2pct=284 beta_end=7.237e-05 integral_end=-82.83
SIM controller=P b=0.5 tau=2 median_over_T=0.9304 sd_log10=0.003038 first_within_2pct=229 beta_end=8.363e-05 integral_end=-81.62
SIM controller=C/per_epoch b=0.5 tau=2 median_over_T=1 sd_log10=0.003918 first_within_2pct=269 beta_end=7.166e-05 integral_end=-82.88
SIM controller=C/per_step b=0.5 tau=2 median_over_T=1 sd_log10=0.003547 first_within_2pct=2849 beta_end=7.193e-05 integral_end=-82.84
SIM controller=A b=0.5 tau=5 median_over_T=1 sd_log10=0.004331 first_within_2pct=238 beta_end=7.227e-05 integral_end=-82.83
SIM controller=P b=0.5 tau=5 median_over_T=0.9308 sd_log10=0.004084 first_within_2pct=229 beta_end=8.358e-05 integral_end=-81.61
SIM controller=C/per_epoch b=0.5 tau=5 median_over_T=1.001 sd_log10=0.005439 first_within_2pct=269 beta_end=7.172e-05 integral_end=-82.85
SIM controller=C/per_step b=0.5 tau=5 median_over_T=1.001 sd_log10=0.005025 first_within_2pct=2649 beta_end=7.188e-05 integral_end=-82.82
SIM controller=A b=0.5 tau=20 median_over_T=1.001 sd_log10=0.008828 first_within_2pct=231 beta_end=7.195e-05 integral_end=-82.7
SIM controller=P b=0.5 tau=20 median_over_T=0.9331 sd_log10=0.008597 first_within_2pct=179 beta_end=8.336e-05 integral_end=-81.48
SIM controller=C/per_epoch b=0.5 tau=20 median_over_T=1 sd_log10=0.009324 first_within_2pct=269 beta_end=7.117e-05 integral_end=-82.71
SIM controller=C/per_step b=0.5 tau=20 median_over_T=0.9987 sd_log10=0.008866 first_within_2pct=2559 beta_end=7.122e-05 integral_end=-82.77
SIM controller=A b=0.5 tau=50 median_over_T=1.001 sd_log10=0.0135 first_within_2pct=138 beta_end=7.482e-05 integral_end=-82.25
SIM controller=P b=0.5 tau=50 median_over_T=0.9331 sd_log10=0.01342 first_within_2pct=129 beta_end=8.673e-05 integral_end=-81.04
SIM controller=C/per_epoch b=0.5 tau=50 median_over_T=1 sd_log10=0.01398 first_within_2pct=319 beta_end=7.498e-05 integral_end=-82.22
SIM controller=C/per_step b=0.5 tau=50 median_over_T=0.9964 sd_log10=0.01312 first_within_2pct=2499 beta_end=7.259e-05 integral_end=-82.68
SIM controller=A b=0.75 tau=2 median_over_T=0.9999 sd_log10=0.003058 first_within_2pct=221 beta_end=8.068e-06 integral_end=-101.9
SIM controller=P b=0.75 tau=2 median_over_T=0.9295 sd_log10=0.003006 first_within_2pct=159 beta_end=8.895e-06 integral_end=-101.1
SIM controller=C/per_epoch b=0.75 tau=2 median_over_T=1.001 sd_log10=0.008223 first_within_2pct=279 beta_end=8.061e-06 integral_end=-101.9
SIM controller=C/per_step b=0.75 tau=2 median_over_T=0.9998 sd_log10=0.004327 first_within_2pct=1939 beta_end=8.022e-06 integral_end=-101.9
SIM controller=A b=0.75 tau=5 median_over_T=1 sd_log10=0.004046 first_within_2pct=218 beta_end=8.056e-06 integral_end=-101.9
SIM controller=P b=0.75 tau=5 median_over_T=0.9299 sd_log10=0.00382 first_within_2pct=159 beta_end=8.888e-06 integral_end=-101.1
SIM controller=C/per_epoch b=0.75 tau=5 median_over_T=1.001 sd_log10=0.006828 first_within_2pct=229 beta_end=8.051e-06 integral_end=-101.9
SIM controller=C/per_step b=0.75 tau=5 median_over_T=1.001 sd_log10=0.005583 first_within_2pct=1939 beta_end=8.033e-06 integral_end=-101.9
SIM controller=A b=0.75 tau=20 median_over_T=1.001 sd_log10=0.008179 first_within_2pct=155 beta_end=7.973e-06 integral_end=-101.8
SIM controller=P b=0.75 tau=20 median_over_T=0.9321 sd_log10=0.007927 first_within_2pct=129 beta_end=8.817e-06 integral_end=-101
SIM controller=C/per_epoch b=0.75 tau=20 median_over_T=1 sd_log10=0.008934 first_within_2pct=159 beta_end=7.872e-06 integral_end=-101.9
SIM controller=C/per_step b=0.75 tau=20 median_over_T=0.9985 sd_log10=0.008486 first_within_2pct=1919 beta_end=7.93e-06 integral_end=-101.8
SIM controller=A b=0.75 tau=50 median_over_T=1.001 sd_log10=0.01285 first_within_2pct=106 beta_end=8.125e-06 integral_end=-101.5
SIM controller=P b=0.75 tau=50 median_over_T=0.9323 sd_log10=0.01275 first_within_2pct=449 beta_end=8.992e-06 integral_end=-100.7
SIM controller=C/per_epoch b=0.75 tau=50 median_over_T=1 sd_log10=0.01354 first_within_2pct=109 beta_end=8.112e-06 integral_end=-101.5
SIM controller=C/per_step b=0.75 tau=50 median_over_T=0.9973 sd_log10=0.01253 first_within_2pct=1699 beta_end=8.027e-06 integral_end=-101.8
SIM controller=A b=1 tau=2 median_over_T=1 sd_log10=0.00304 first_within_2pct=190 beta_end=2.695e-06 integral_end=-111.4
SIM controller=P b=1 tau=2 median_over_T=0.9286 sd_log10=0.003025 first_within_2pct=149 beta_end=2.901e-06 integral_end=-110.8
SIM controller=C/per_epoch b=1 tau=2 median_over_T=177 sd_log10=2.566 first_within_2pct=None beta_end=0.001 integral_end=-85.88
SIM controller=C/per_step b=1 tau=2 median_over_T=179.2 sd_log10=2.566 first_within_2pct=1039 beta_end=0.001 integral_end=-109
SIM controller=A b=1 tau=5 median_over_T=1 sd_log10=0.003828 first_within_2pct=181 beta_end=2.691e-06 integral_end=-111.4
SIM controller=P b=1 tau=5 median_over_T=0.929 sd_log10=0.003621 first_within_2pct=149 beta_end=2.898e-06 integral_end=-110.8
SIM controller=C/per_epoch b=1 tau=5 median_over_T=56.14 sd_log10=2.072 first_within_2pct=None beta_end=0.001 integral_end=-100.7
SIM controller=C/per_step b=1 tau=5 median_over_T=0.9993 sd_log10=0.007544 first_within_2pct=1699 beta_end=2.709e-06 integral_end=-111.4
SIM controller=A b=1 tau=20 median_over_T=1.001 sd_log10=0.007616 first_within_2pct=130 beta_end=2.659e-06 integral_end=-111.4
SIM controller=P b=1 tau=20 median_over_T=0.9314 sd_log10=0.007353 first_within_2pct=109 beta_end=2.872e-06 integral_end=-110.8
SIM controller=C/per_epoch b=1 tau=20 median_over_T=1.001 sd_log10=0.008644 first_within_2pct=159 beta_end=2.625e-06 integral_end=-111.4
SIM controller=C/per_step b=1 tau=20 median_over_T=0.9989 sd_log10=0.0082 first_within_2pct=1669 beta_end=2.648e-06 integral_end=-111.4
SIM controller=A b=1 tau=50 median_over_T=1.001 sd_log10=0.01227 first_within_2pct=93 beta_end=2.677e-06 integral_end=-111.2
SIM controller=P b=1 tau=50 median_over_T=0.9319 sd_log10=0.01213 first_within_2pct=89 beta_end=2.895e-06 integral_end=-110.6
SIM controller=C/per_epoch b=1 tau=50 median_over_T=0.9989 sd_log10=0.0131 first_within_2pct=229 beta_end=2.663e-06 integral_end=-111.2
SIM controller=C/per_step b=1 tau=50 median_over_T=0.9973 sd_log10=0.01202 first_within_2pct=1669 beta_end=2.666e-06 integral_end=-111.3
SIM controller=A b=1.5 tau=2 median_over_T=1 sd_log10=0.003174 first_within_2pct=159 beta_end=9.015e-07 integral_end=-120.9
SIM controller=P b=1.5 tau=2 median_over_T=0.9273 sd_log10=0.003228 first_within_2pct=129 beta_end=9.473e-07 integral_end=-120.5
SIM controller=C/per_epoch b=1.5 tau=2 median_over_T=1.712e+04 sd_log10=4.562 first_within_2pct=None beta_end=0.001 integral_end=-45.01
SIM controller=C/per_step b=1.5 tau=2 median_over_T=1.763e+04 sd_log10=4.562 first_within_2pct=None beta_end=0.001 integral_end=-86.09
SIM controller=A b=1.5 tau=5 median_over_T=1 sd_log10=0.003518 first_within_2pct=155 beta_end=8.99e-07 integral_end=-121
SIM controller=P b=1.5 tau=5 median_over_T=0.9286 sd_log10=0.003348 first_within_2pct=None beta_end=9.451e-07 integral_end=-120.5
SIM controller=C/per_epoch b=1.5 tau=5 median_over_T=2231 sd_log10=3.684 first_within_2pct=None beta_end=0.001 integral_end=-71.33
SIM controller=C/per_step b=1.5 tau=5 median_over_T=2301 sd_log10=3.684 first_within_2pct=159 beta_end=0.001 integral_end=-104.5
SIM controller=A b=1.5 tau=20 median_over_T=1 sd_log10=0.006728 first_within_2pct=126 beta_end=8.891e-07 integral_end=-121
SIM controller=P b=1.5 tau=20 median_over_T=0.9301 sd_log10=0.006466 first_within_2pct=99 beta_end=9.379e-07 integral_end=-120.6
SIM controller=C/per_epoch b=1.5 tau=20 median_over_T=1.001 sd_log10=0.008456 first_within_2pct=129 beta_end=8.803e-07 integral_end=-121
SIM controller=C/per_step b=1.5 tau=20 median_over_T=0.9995 sd_log10=0.007888 first_within_2pct=1479 beta_end=8.863e-07 integral_end=-120.9
SIM controller=A b=1.5 tau=50 median_over_T=0.9998 sd_log10=0.01119 first_within_2pct=78 beta_end=8.825e-07 integral_end=-120.8
SIM controller=P b=1.5 tau=50 median_over_T=0.9321 sd_log10=0.01096 first_within_2pct=1099 beta_end=9.321e-07 integral_end=-120.4
SIM controller=C/per_epoch b=1.5 tau=50 median_over_T=1 sd_log10=0.01217 first_within_2pct=169 beta_end=8.727e-07 integral_end=-120.8
SIM controller=C/per_step b=1.5 tau=50 median_over_T=0.998 sd_log10=0.01119 first_within_2pct=1469 beta_end=8.845e-07 integral_end=-120.9
SIM_P0.5_ILLUSTRATION controller=C/per_epoch b=1 tau=2 p=0.5 median_over_T=0.9997 sd_log10=0.004573 first_within_2pct=149 beta_end=2.673e-06 integral_end=-111.5
SIM_P0.5_ILLUSTRATION controller=C/per_step b=1 tau=2 p=0.5 median_over_T=1 sd_log10=0.003581 first_within_2pct=1449 beta_end=2.682e-06 integral_end=-111.4
SIM_A07_READING1 controller=P b=0.5 tau=5 median_over_T=0.9802 sd_log10=1.735e-18 first_within_2pct=229 beta_end=0.001 integral_end=61.57
SIM_A07_READING1 controller=C/per_epoch b=0.5 tau=5 median_over_T=1 sd_log10=0.004982 first_within_2pct=269 beta_end=7.178e-05 integral_end=-82.84
SIM_A07_READING1 controller=C/per_step b=0.5 tau=5 median_over_T=1 sd_log10=0.004721 first_within_2pct=2649 beta_end=7.195e-05 integral_end=-82.81
SIM_INFEASIBLE_T_0.95_FLOOR controller=P b=0.5 tau=5 median_over_T=1.053 sd_log10=0 first_within_2pct=None beta_end=0.001 integral_end=272.9
SIM_INFEASIBLE_T_0.95_FLOOR controller=C/per_epoch b=0.5 tau=5 median_over_T=1.053 sd_log10=0 first_within_2pct=None beta_end=0.001 integral_end=67.44
SIM_INFEASIBLE_T_0.95_FLOOR controller=C/per_step b=0.5 tau=5 median_over_T=1.053 sd_log10=0 first_within_2pct=None beta_end=0.0002385 integral_end=-72.9
