CONFIG_PREFLIGHT_PASS chang0926-a-n64-s1 params 31735 kernel_bias_pos 6253 initial_ebops 9429139 reload_max_abs_diff 0.0 zero_floor 171526 floor_retraced 171526 production 1
I_DECAY_OK chang0926-a-n64-s1 config 0.001 quantizers 14 values [0.0010000000474974513]
CONFIG_PREFLIGHT_PASS chang0926-a-n64-s2 params 31735 kernel_bias_pos 6253 initial_ebops 8951051 reload_max_abs_diff 0.0 zero_floor 171526 floor_retraced 171526 production 1
I_DECAY_OK chang0926-a-n64-s2 config 0.001 quantizers 14 values [0.0010000000474974513]
CONFIG_PREFLIGHT_PASS chang0926-a-n64-s3 params 31735 kernel_bias_pos 6253 initial_ebops 9666707 reload_max_abs_diff 0.0 zero_floor 171526 floor_retraced 171526 production 1
I_DECAY_OK chang0926-a-n64-s3 config 0.001 quantizers 14 values [0.0010000000474974513]
CONFIG_PREFLIGHT_PASS chang0926-a-n64-s4 params 31735 kernel_bias_pos 6253 initial_ebops 9421459 reload_max_abs_diff 0.0 zero_floor 171526 floor_retraced 171526 production 1
I_DECAY_OK chang0926-a-n64-s4 config 0.001 quantizers 14 values [0.0010000000474974513]
CONFIG_PREFLIGHT_PASS chang0926-a-n64-s5 params 31735 kernel_bias_pos 6253 initial_ebops 9234067 reload_max_abs_diff 0.0 zero_floor 171526 floor_retraced 171526 production 1
I_DECAY_OK chang0926-a-n64-s5 config 0.001 quantizers 14 values [0.0010000000474974513]
CONFIG_PREFLIGHT_PASS chang0926-a-n64-s6 params 31735 kernel_bias_pos 6253 initial_ebops 9468563 reload_max_abs_diff 0.0 zero_floor 171526 floor_retraced 171526 production 1
I_DECAY_OK chang0926-a-n64-s6 config 0.001 quantizers 14 values [0.0010000000474974513]
CONFIG_PREFLIGHT_PASS chang0926-a-n64-s7 params 31735 kernel_bias_pos 6253 initial_ebops 9452179 reload_max_abs_diff 0.0 zero_floor 171526 floor_retraced 171526 production 1
I_DECAY_OK chang0926-a-n64-s7 config 0.001 quantizers 14 values [0.0010000000474974513]
CONFIG_PREFLIGHT_PASS chang0926-a-n64-s8 params 31735 kernel_bias_pos 6253 initial_ebops 9795219 reload_max_abs_diff 0.0 zero_floor 171526 floor_retraced 171526 production 1
I_DECAY_OK chang0926-a-n64-s8 config 0.001 quantizers 14 values [0.0010000000474974513]
CONFIG_PREFLIGHT_PASS chang0926-d-n64-s1 params 31735 kernel_bias_pos 6253 initial_ebops 9429139 reload_max_abs_diff 0.0 zero_floor 171526 floor_retraced 171526 production 1
I_DECAY_OK chang0926-d-n64-s1 config 0.001 quantizers 14 values [0.0010000000474974513]
CONFIG_PREFLIGHT_PASS chang0926-d-n64-s2 params 31735 kernel_bias_pos 6253 initial_ebops 8951051 reload_max_abs_diff 0.0 zero_floor 171526 floor_retraced 171526 production 1
I_DECAY_OK chang0926-d-n64-s2 config 0.001 quantizers 14 values [0.0010000000474974513]
CONFIG_PREFLIGHT_PASS chang0926-d-n64-s3 params 31735 kernel_bias_pos 6253 initial_ebops 9666707 reload_max_abs_diff 0.0 zero_floor 171526 floor_retraced 171526 production 1
I_DECAY_OK chang0926-d-n64-s3 config 0.001 quantizers 14 values [0.0010000000474974513]
CONFIG_PREFLIGHT_PASS chang0926-d-n64-s4 params 31735 kernel_bias_pos 6253 initial_ebops 9421459 reload_max_abs_diff 0.0 zero_floor 171526 floor_retraced 171526 production 1
I_DECAY_OK chang0926-d-n64-s4 config 0.001 quantizers 14 values [0.0010000000474974513]
CONFIG_PREFLIGHT_PASS chang0926-d-n64-s5 params 31735 kernel_bias_pos 6253 initial_ebops 9234067 reload_max_abs_diff 0.0 zero_floor 171526 floor_retraced 171526 production 1
I_DECAY_OK chang0926-d-n64-s5 config 0.001 quantizers 14 values [0.0010000000474974513]
CONFIG_PREFLIGHT_PASS chang0926-d-n64-s6 params 31735 kernel_bias_pos 6253 initial_ebops 9468563 reload_max_abs_diff 0.0 zero_floor 171526 floor_retraced 171526 production 1
I_DECAY_OK chang0926-d-n64-s6 config 0.001 quantizers 14 values [0.0010000000474974513]
CONFIG_PREFLIGHT_PASS chang0926-d-n64-s7 params 31735 kernel_bias_pos 6253 initial_ebops 9452179 reload_max_abs_diff 0.0 zero_floor 171526 floor_retraced 171526 production 1
I_DECAY_OK chang0926-d-n64-s7 config 0.001 quantizers 14 values [0.0010000000474974513]
CONFIG_PREFLIGHT_PASS chang0926-d-n64-s8 params 31735 kernel_bias_pos 6253 initial_ebops 9795219 reload_max_abs_diff 0.0 zero_floor 171526 floor_retraced 171526 production 1
I_DECAY_OK chang0926-d-n64-s8 config 0.001 quantizers 14 values [0.0010000000474974513]
CONFIG_PREFLIGHT_PASS chang0926-a07-350-n64-s1 params 61951 kernel_bias_pos 11653 initial_ebops 13805846 reload_max_abs_diff 0.0 zero_floor 343053 floor_retraced 343053 production 1
I_DECAY_OK chang0926-a07-350-n64-s1 config 0.001 quantizers 14 values [0.0010000000474974513]
CONFIG_PREFLIGHT_PASS chang0926-a07-350-n64-s2 params 61951 kernel_bias_pos 11653 initial_ebops 13102445 reload_max_abs_diff 0.0 zero_floor 343053 floor_retraced 343053 production 1
I_DECAY_OK chang0926-a07-350-n64-s2 config 0.001 quantizers 14 values [0.0010000000474974513]
CONFIG_PREFLIGHT_PASS chang0926-a07-350-n64-s3 params 61951 kernel_bias_pos 11653 initial_ebops 14101869 reload_max_abs_diff 0.0 zero_floor 343053 floor_retraced 343053 production 1
I_DECAY_OK chang0926-a07-350-n64-s3 config 0.001 quantizers 14 values [0.0010000000474974513]
CONFIG_PREFLIGHT_PASS chang0926-a07-350-n64-s4 params 61951 kernel_bias_pos 11653 initial_ebops 13677933 reload_max_abs_diff 0.0 zero_floor 343053 floor_retraced 343053 production 1
I_DECAY_OK chang0926-a07-350-n64-s4 config 0.001 quantizers 14 values [0.0010000000474974513]
CONFIG_PREFLIGHT_PASS chang0926-a07-350-n64-s5 params 61951 kernel_bias_pos 11653 initial_ebops 13412630 reload_max_abs_diff 0.0 zero_floor 343053 floor_retraced 343053 production 1
I_DECAY_OK chang0926-a07-350-n64-s5 config 0.001 quantizers 14 values [0.0010000000474974513]
CONFIG_PREFLIGHT_PASS chang0926-a07-350-n64-s6 params 61951 kernel_bias_pos 11653 initial_ebops 13658390 reload_max_abs_diff 0.0 zero_floor 343053 floor_retraced 343053 production 1
I_DECAY_OK chang0926-a07-350-n64-s6 config 0.001 quantizers 14 values [0.0010000000474974513]
CONFIG_PREFLIGHT_PASS chang0926-a07-350-n64-s7 params 61951 kernel_bias_pos 11653 initial_ebops 14027030 reload_max_abs_diff 0.0 zero_floor 343053 floor_retraced 343053 production 1
I_DECAY_OK chang0926-a07-350-n64-s7 config 0.001 quantizers 14 values [0.0010000000474974513]
CONFIG_PREFLIGHT_PASS chang0926-a07-350-n64-s8 params 61951 kernel_bias_pos 11653 initial_ebops 14462317 reload_max_abs_diff 0.0 zero_floor 343053 floor_retraced 343053 production 1
I_DECAY_OK chang0926-a07-350-n64-s8 config 0.001 quantizers 14 values [0.0010000000474974513]
CONFIG_PREFLIGHT_PASS chang0926-cprime-n64-s1 params 12788 kernel_bias_pos 11653 initial_ebops 24816782 reload_max_abs_diff 0.0 zero_floor 4580398 floor_retraced 4580398 production 0
I_DECAY_OK chang0926-cprime-n64-s1 config None quantizers 0 values []
CONFIG_PREFLIGHT_PASS chang0926-e1-n64-s1 params 19447 kernel_bias_pos 6253 initial_ebops 8742421 reload_max_abs_diff 0.0 zero_floor 85763 floor_retraced 85763 production 0
I_DECAY_OK chang0926-e1-n64-s1 config 0.001 quantizers 14 values [0.0010000000474974513]
PREFLIGHT_ALL_PASS 26 production 24 pilot_only 2
