CONFIG_PREFLIGHT_PASS chang0926-a-n64-s1 params 61951 kernel_bias_pos 11653 initial_ebops 13182317 reload_max_abs_diff 0.0
CONFIG_PREFLIGHT_PASS chang0926-a-n64-s2 params 61951 kernel_bias_pos 11653 initial_ebops 12557677 reload_max_abs_diff 0.0
CONFIG_PREFLIGHT_PASS chang0926-a-n64-s3 params 61951 kernel_bias_pos 11653 initial_ebops 13657453 reload_max_abs_diff 0.0
CONFIG_PREFLIGHT_PASS chang0926-a-n64-s4 params 61951 kernel_bias_pos 11653 initial_ebops 13182317 reload_max_abs_diff 0.0
WARNING:tensorflow:5 out of the last 5 calls to <function make_epoch_step.<locals>.epoch_step at 0x1260afc40> triggered tf.function retracing. Tracing is expensive and the excessive number of tracings could be due to (1) creating @tf.function repeatedly in a loop, (2) passing tensors with different shapes, (3) passing Python objects instead of tensors. For (1), please define your @tf.function outside of the loop. For (2), @tf.function has reduce_retracing=True option that can avoid unnecessary retracing. For (3), please refer to https://www.tensorflow.org/guide/function#controlling_retracing and https://www.tensorflow.org/api_docs/python/tf/function for  more details.
CONFIG_PREFLIGHT_PASS chang0926-a-n64-s5 params 61951 kernel_bias_pos 11653 initial_ebops 12832109 reload_max_abs_diff 0.0
WARNING:tensorflow:6 out of the last 6 calls to <function make_epoch_step.<locals>.epoch_step at 0x126987740> triggered tf.function retracing. Tracing is expensive and the excessive number of tracings could be due to (1) creating @tf.function repeatedly in a loop, (2) passing tensors with different shapes, (3) passing Python objects instead of tensors. For (1), please define your @tf.function outside of the loop. For (2), @tf.function has reduce_retracing=True option that can avoid unnecessary retracing. For (3), please refer to https://www.tensorflow.org/guide/function#controlling_retracing and https://www.tensorflow.org/api_docs/python/tf/function for  more details.
CONFIG_PREFLIGHT_PASS chang0926-a-n64-s6 params 61951 kernel_bias_pos 11653 initial_ebops 13092205 reload_max_abs_diff 0.0
CONFIG_PREFLIGHT_PASS chang0926-a-n64-s7 params 61951 kernel_bias_pos 11653 initial_ebops 13331821 reload_max_abs_diff 0.0
CONFIG_PREFLIGHT_PASS chang0926-a-n64-s8 params 61951 kernel_bias_pos 11653 initial_ebops 13866349 reload_max_abs_diff 0.0
CONFIG_PREFLIGHT_PASS chang0926-b-n64-s1 params 61951 kernel_bias_pos 11653 initial_ebops 13182317 reload_max_abs_diff 0.0
CONFIG_PREFLIGHT_PASS chang0926-b-n64-s2 params 61951 kernel_bias_pos 11653 initial_ebops 12557677 reload_max_abs_diff 0.0
CONFIG_PREFLIGHT_PASS chang0926-b-n64-s3 params 61951 kernel_bias_pos 11653 initial_ebops 13657453 reload_max_abs_diff 0.0
CONFIG_PREFLIGHT_PASS chang0926-b-n64-s4 params 61951 kernel_bias_pos 11653 initial_ebops 13182317 reload_max_abs_diff 0.0
CONFIG_PREFLIGHT_PASS chang0926-b-n64-s5 params 61951 kernel_bias_pos 11653 initial_ebops 12832109 reload_max_abs_diff 0.0
CONFIG_PREFLIGHT_PASS chang0926-b-n64-s6 params 61951 kernel_bias_pos 11653 initial_ebops 13092205 reload_max_abs_diff 0.0
CONFIG_PREFLIGHT_PASS chang0926-b-n64-s7 params 61951 kernel_bias_pos 11653 initial_ebops 13331821 reload_max_abs_diff 0.0
CONFIG_PREFLIGHT_PASS chang0926-b-n64-s8 params 61951 kernel_bias_pos 11653 initial_ebops 13866349 reload_max_abs_diff 0.0
CONFIG_PREFLIGHT_PASS chang0926-c-n64-s1 params 61951 kernel_bias_pos 11653 initial_ebops 13182317 reload_max_abs_diff 0.0
CONFIG_PREFLIGHT_PASS chang0926-c-n64-s2 params 61951 kernel_bias_pos 11653 initial_ebops 12557677 reload_max_abs_diff 0.0
CONFIG_PREFLIGHT_PASS chang0926-c-n64-s3 params 61951 kernel_bias_pos 11653 initial_ebops 13657453 reload_max_abs_diff 0.0
CONFIG_PREFLIGHT_PASS chang0926-c-n64-s4 params 61951 kernel_bias_pos 11653 initial_ebops 13182317 reload_max_abs_diff 0.0
CONFIG_PREFLIGHT_PASS chang0926-c-n64-s5 params 61951 kernel_bias_pos 11653 initial_ebops 12832109 reload_max_abs_diff 0.0
CONFIG_PREFLIGHT_PASS chang0926-c-n64-s6 params 61951 kernel_bias_pos 11653 initial_ebops 13092205 reload_max_abs_diff 0.0
CONFIG_PREFLIGHT_PASS chang0926-c-n64-s7 params 61951 kernel_bias_pos 11653 initial_ebops 13331821 reload_max_abs_diff 0.0
CONFIG_PREFLIGHT_PASS chang0926-c-n64-s8 params 61951 kernel_bias_pos 11653 initial_ebops 13866349 reload_max_abs_diff 0.0
CONFIG_PREFLIGHT_PASS chang0926-d-n64-s1 params 61951 kernel_bias_pos 11653 initial_ebops 13182317 reload_max_abs_diff 0.0
CONFIG_PREFLIGHT_PASS chang0926-d-n64-s2 params 61951 kernel_bias_pos 11653 initial_ebops 12557677 reload_max_abs_diff 0.0
CONFIG_PREFLIGHT_PASS chang0926-d-n64-s3 params 61951 kernel_bias_pos 11653 initial_ebops 13657453 reload_max_abs_diff 0.0
CONFIG_PREFLIGHT_PASS chang0926-d-n64-s4 params 61951 kernel_bias_pos 11653 initial_ebops 13182317 reload_max_abs_diff 0.0
CONFIG_PREFLIGHT_PASS chang0926-d-n64-s5 params 61951 kernel_bias_pos 11653 initial_ebops 12832109 reload_max_abs_diff 0.0
CONFIG_PREFLIGHT_PASS chang0926-d-n64-s6 params 61951 kernel_bias_pos 11653 initial_ebops 13092205 reload_max_abs_diff 0.0
CONFIG_PREFLIGHT_PASS chang0926-d-n64-s7 params 61951 kernel_bias_pos 11653 initial_ebops 13331821 reload_max_abs_diff 0.0
CONFIG_PREFLIGHT_PASS chang0926-d-n64-s8 params 61951 kernel_bias_pos 11653 initial_ebops 13866349 reload_max_abs_diff 0.0
CONFIG_PREFLIGHT_PASS chang0926-e-n64-s1 params 31735 kernel_bias_pos 6253 initial_ebops 8965267 reload_max_abs_diff 0.0
CONFIG_PREFLIGHT_PASS chang0926-e-n64-s2 params 31735 kernel_bias_pos 6253 initial_ebops 8971411 reload_max_abs_diff 0.0
CONFIG_PREFLIGHT_PASS chang0926-e-n64-s3 params 31735 kernel_bias_pos 6253 initial_ebops 9221267 reload_max_abs_diff 0.0
CONFIG_PREFLIGHT_PASS chang0926-e-n64-s4 params 31735 kernel_bias_pos 6253 initial_ebops 9374867 reload_max_abs_diff 0.0
CONFIG_PREFLIGHT_PASS chang0926-e-n64-s5 params 31735 kernel_bias_pos 6253 initial_ebops 8722971 reload_max_abs_diff 0.0
CONFIG_PREFLIGHT_PASS chang0926-e-n64-s6 params 31735 kernel_bias_pos 6253 initial_ebops 9004691 reload_max_abs_diff 0.0
CONFIG_PREFLIGHT_PASS chang0926-e-n64-s7 params 31735 kernel_bias_pos 6253 initial_ebops 9206419 reload_max_abs_diff 0.0
CONFIG_PREFLIGHT_PASS chang0926-e-n64-s8 params 31735 kernel_bias_pos 6253 initial_ebops 9282195 reload_max_abs_diff 0.0
CONFIG_PREFLIGHT_PASS chang0926-f-n64-s1 params 59903 kernel_bias_pos 9605 initial_ebops 12780822 reload_max_abs_diff 0.0
CONFIG_PREFLIGHT_PASS chang0926-f-n64-s2 params 59903 kernel_bias_pos 9605 initial_ebops 12167446 reload_max_abs_diff 0.0
CONFIG_PREFLIGHT_PASS chang0926-f-n64-s3 params 59903 kernel_bias_pos 9605 initial_ebops 13175926 reload_max_abs_diff 0.0
CONFIG_PREFLIGHT_PASS chang0926-f-n64-s4 params 59903 kernel_bias_pos 9605 initial_ebops 12628246 reload_max_abs_diff 0.0
CONFIG_PREFLIGHT_PASS chang0926-f-n64-s5 params 59903 kernel_bias_pos 9605 initial_ebops 12553494 reload_max_abs_diff 0.0
CONFIG_PREFLIGHT_PASS chang0926-f-n64-s6 params 59903 kernel_bias_pos 9605 initial_ebops 12715126 reload_max_abs_diff 0.0
CONFIG_PREFLIGHT_PASS chang0926-f-n64-s7 params 59903 kernel_bias_pos 9605 initial_ebops 12884246 reload_max_abs_diff 0.0
CONFIG_PREFLIGHT_PASS chang0926-f-n64-s8 params 59903 kernel_bias_pos 9605 initial_ebops 13398294 reload_max_abs_diff 0.0
CONFIG_PREFLIGHT_PASS chang0926-r-n64-s1 params 61951 kernel_bias_pos 11653 initial_ebops 13182317 reload_max_abs_diff 0.0
CONFIG_PREFLIGHT_PASS chang0926-r-n64-s2 params 61951 kernel_bias_pos 11653 initial_ebops 12557677 reload_max_abs_diff 0.0
CONFIG_PREFLIGHT_PASS chang0926-r-n64-s3 params 61951 kernel_bias_pos 11653 initial_ebops 13657453 reload_max_abs_diff 0.0
CONFIG_PREFLIGHT_PASS chang0926-r-n64-s4 params 61951 kernel_bias_pos 11653 initial_ebops 13182317 reload_max_abs_diff 0.0
CONFIG_PREFLIGHT_PASS chang0926-r-n64-s5 params 61951 kernel_bias_pos 11653 initial_ebops 12832109 reload_max_abs_diff 0.0
CONFIG_PREFLIGHT_PASS chang0926-r-n64-s6 params 61951 kernel_bias_pos 11653 initial_ebops 13092205 reload_max_abs_diff 0.0
CONFIG_PREFLIGHT_PASS chang0926-r-n64-s7 params 61951 kernel_bias_pos 11653 initial_ebops 13331821 reload_max_abs_diff 0.0
CONFIG_PREFLIGHT_PASS chang0926-r-n64-s8 params 61951 kernel_bias_pos 11653 initial_ebops 13866349 reload_max_abs_diff 0.0
PREFLIGHT_ALL_PASS 56
