CWD <scratch> Mon Sep 28 21:06:44 UTC 2026 case b5_gatev3
DRY_RUN_JOB kai-chang0926-readoutb5-42abed
/Users/kaiyamaguchi/Desktop/bnjettag/campaigns/2026-09-26-training-batch/manifests/chang0926-code.tar.gz: OK
MANIFEST_SHA_OK 041f981a9d5b8c3a7affb175d82de0ca2df9bc6261a172f67cb365c88b4bbd42
READOUT_ARMS only=chang0926-a-n64-s1,chang0926-a-n64-s2,chang0926-d-n64-s1,chang0926-cprime-n64-s1,chang0926-e1-n64-s1 indices= 0 1 24 56 57 missing= none
CERTIFIED chang0926-a-n64-s1 snapshot500_primary 10102931 10102931
CERTIFIED chang0926-a-n64-s1 snapshot500_auc_sensitivity 10102931 10102931
CERTIFIED chang0926-a-n64-s2 snapshot500_primary 9497747 9497747
CERTIFIED chang0926-d-n64-s1 snapshot500_primary 10102931 10102931
CERTIFIED chang0926-cprime-n64-s1 snapshot500_primary 24816782 24816782
CERTIFIED chang0926-e1-n64-s1 snapshot500_primary 9416213 9416213
CERTIFICATION_ALL_PASS 6 0
/Users/kaiyamaguchi/.cache/uv/archive-v0/UtMx_Ttft48eFZdN/lib/python3.12/site-packages/keras/src/models/functional.py:259: UserWarning: The structure of `inputs` doesn't match the expected structure.
Expected: ['input_1']
Received: inputs=Tensor(shape=(1024, 64, 3))
  warnings.warn(msg)
/Users/kaiyamaguchi/.cache/uv/archive-v0/UtMx_Ttft48eFZdN/lib/python3.12/site-packages/keras/src/models/functional.py:259: UserWarning: The structure of `inputs` doesn't match the expected structure.
Expected: ['input_1']
Received: inputs=Tensor(shape=(560, 64, 3))
  warnings.warn(msg)
A26_ENTROPY chang0926-a-n64-s1 bit_block_0 head 0 H_over_logN 0.999173 unrenormalized 0.999159 split validation n 62000
A26_ENTROPY chang0926-a-n64-s1 bit_block_0 head 1 H_over_logN 0.998005 unrenormalized 0.997999 split validation n 62000
A26_ROWSUM chang0926-a-n64-s1 bit_block_0 {"min": 0.9849624633789062, "mean": 0.9999954131788784, "max": 1.0151917934417725}
A26_ZEROBIT chang0926-a-n64-s1 bit_block_0 QK 0.000000 V 0.000000 Q 0 / 24 K 0 / 24 V 0 / 24 labels 'true zero, 0 EBOPs'
A26_ENTROPY chang0926-a-n64-s2 bit_block_0 head 0 H_over_logN 0.996909 unrenormalized 0.996899 split validation n 62000
A26_ENTROPY chang0926-a-n64-s2 bit_block_0 head 1 H_over_logN 0.998815 unrenormalized 0.998797 split validation n 62000
A26_ROWSUM chang0926-a-n64-s2 bit_block_0 {"min": 0.9849624633789062, "mean": 0.9999892358958661, "max": 1.0151917934417725}
A26_ZEROBIT chang0926-a-n64-s2 bit_block_0 QK 0.000000 V 0.000000 Q 0 / 24 K 0 / 24 V 0 / 24 labels 'true zero, 0 EBOPs'
A26_ENTROPY chang0926-d-n64-s1 bit_block_0 head 0 H_over_logN 0.999173 unrenormalized 0.999159 split validation n 62000
A26_ENTROPY chang0926-d-n64-s1 bit_block_0 head 1 H_over_logN 0.998005 unrenormalized 0.997999 split validation n 62000
A26_ROWSUM chang0926-d-n64-s1 bit_block_0 {"min": 0.9849624633789062, "mean": 0.9999954131788784, "max": 1.0151917934417725}
A26_ZEROBIT chang0926-d-n64-s1 bit_block_0 QK 0.000000 V 0.000000 Q 0 / 24 K 0 / 24 V 0 / 24 labels 'true zero, 0 EBOPs'
A26_ENTROPY chang0926-cprime-n64-s1 bit_block_0 head 0 H_over_logN 0.999559 unrenormalized 2.456540 split validation n 62000
A26_ENTROPY chang0926-cprime-n64-s1 bit_block_0 head 1 H_over_logN 0.998407 unrenormalized 2.307971 split validation n 62000
A26_ENTROPY chang0926-cprime-n64-s1 bit_block_0 head 2 H_over_logN 0.999313 unrenormalized 2.406126 split validation n 62000
A26_ENTROPY chang0926-cprime-n64-s1 bit_block_0 head 3 H_over_logN 0.998086 unrenormalized 2.267346 split validation n 62000
A26_ROWSUM chang0926-cprime-n64-s1 bit_block_0 {"min": 0.996253490447998, "mean": 3.33272013537781, "max": 4.0}
A26_ZEROBIT chang0926-cprime-n64-s1 bit_block_0 QK 0.000000 V 0.000000 Q 0 / 32 K 0 / 32 V 0 / 32 labels ''
A26_ENTROPY chang0926-e1-n64-s1 bit_block_0 head 0 H_over_logN 0.999109 unrenormalized 0.999120 split validation n 62000
A26_ROWSUM chang0926-e1-n64-s1 bit_block_0 {"min": 0.984588623046875, "mean": 1.0000240805779974, "max": 1.0153412818908691}
A26_ZEROBIT chang0926-e1-n64-s1 bit_block_0 QK 0.000000 V 0.000000 Q 0 / 24 K 0 / 24 V 0 / 24 labels 'true zero, 0 EBOPs'
A26_WROTE <scratch>/dry/chang-n64-20260926/pilot-b/readout-epoch-0500-42abed-b5/a26-entropy-epoch-0500.json sha256 b08ba537bbb291e382e359dbfe49de6e330128dbdefa8b2ba8229e8a1bbca148
A26_DONE
b08ba537bbb291e382e359dbfe49de6e330128dbdefa8b2ba8229e8a1bbca148  <scratch>/dry/chang-n64-20260926/pilot-b/readout-epoch-0500-42abed-b5/a26-entropy-epoch-0500.json
9d85671c3d608af56d82894a936c427f237ad3e182981acc0151a5e2a09b948a  <scratch>/dry/chang-n64-20260926/pilot-b/readout-epoch-0500-42abed-b5/certify-snapshot-0500.json
READOUT_JOB_DONE certify_exit=0 a26_exit=0 missing= none
DRY_RUN_EXIT kai-chang0926-readoutb5-42abed 0
