# 2026-09-28 8 GiB per-arm resize; cwd /Users/kaiyamaguchi/Desktop/bnjettag; nrp_doctor.py lint + bash -n on the embedded scripts (not a result)

== campaigns/2026-09-26-training-batch/manifests/pilot-b-fb16-32-job.json :: kai-chang0926-pilotbfb16-32-42abed ==
  note   required pool = 1 products / 35 nodes cluster-wide
  note   no activeDeadlineSeconds (NRP has no universal 6 h cap — fine if deliberate)
  note   [rule PACK] 2 arms per pod declared.
  OK

(rules: docs/infrastructure/nrp-nautilus-setup.md -> 'Scheduling, GPU pools and job shape')
pilot-b-fb16-32-job.json rc=0
pilot-b-fb16-32-job.json BASH_N_OK


== campaigns/2026-09-26-training-batch/manifests/pilot-b-fb16-job.json :: kai-chang0926-pilotbfb16-42abed ==
  note   required pool = 1 products / 35 nodes cluster-wide
  note   no activeDeadlineSeconds (NRP has no universal 6 h cap — fine if deliberate)
  OK

(rules: docs/infrastructure/nrp-nautilus-setup.md -> 'Scheduling, GPU pools and job shape')
pilot-b-fb16-job.json rc=0
pilot-b-fb16-job.json BASH_N_OK


== campaigns/2026-09-26-training-batch/manifests/pilot-b-fb32-job.json :: kai-chang0926-pilotbfb32-42abed ==
  note   required pool = 1 products / 35 nodes cluster-wide
  note   no activeDeadlineSeconds (NRP has no universal 6 h cap — fine if deliberate)
  OK

(rules: docs/infrastructure/nrp-nautilus-setup.md -> 'Scheduling, GPU pools and job shape')
pilot-b-fb32-job.json rc=0
pilot-b-fb32-job.json BASH_N_OK


== campaigns/2026-09-26-training-batch/manifests/pilot-b-fb48-16-job.json :: kai-chang0926-pilotbfb48-16-42abed ==
  note   required pool = 1 products / 35 nodes cluster-wide
  note   no activeDeadlineSeconds (NRP has no universal 6 h cap — fine if deliberate)
  note   [rule PACK] 2 arms per pod declared.
  OK

(rules: docs/infrastructure/nrp-nautilus-setup.md -> 'Scheduling, GPU pools and job shape')
pilot-b-fb48-16-job.json rc=0
pilot-b-fb48-16-job.json BASH_N_OK


== campaigns/2026-09-26-training-batch/manifests/pilot-b-fb48-32-job.json :: kai-chang0926-pilotbfb48-32-42abed ==
  note   required pool = 1 products / 35 nodes cluster-wide
  note   no activeDeadlineSeconds (NRP has no universal 6 h cap — fine if deliberate)
  note   [rule PACK] 2 arms per pod declared.
  OK

(rules: docs/infrastructure/nrp-nautilus-setup.md -> 'Scheduling, GPU pools and job shape')
pilot-b-fb48-32-job.json rc=0
pilot-b-fb48-32-job.json BASH_N_OK


== campaigns/2026-09-26-training-batch/manifests/pilot-b-fb48-job.json :: kai-chang0926-pilotbfb48-42abed ==
  note   required pool = 1 products / 35 nodes cluster-wide
  note   no activeDeadlineSeconds (NRP has no universal 6 h cap — fine if deliberate)
  OK

(rules: docs/infrastructure/nrp-nautilus-setup.md -> 'Scheduling, GPU pools and job shape')
pilot-b-fb48-job.json rc=0
pilot-b-fb48-job.json BASH_N_OK


== campaigns/2026-09-26-training-batch/manifests/pilot-b-k3-job.json :: kai-chang0926-pilotb3-42abed ==
  note   required pool = 1 products / 35 nodes cluster-wide
  note   no activeDeadlineSeconds (NRP has no universal 6 h cap — fine if deliberate)
  note   [rule PACK] 3 arms per pod declared.
  OK

(rules: docs/infrastructure/nrp-nautilus-setup.md -> 'Scheduling, GPU pools and job shape')
pilot-b-k3-job.json rc=0
pilot-b-k3-job.json BASH_N_OK


== campaigns/2026-09-26-training-batch/manifests/pilot-b-k5-job.json :: kai-chang0926-pilotb5-42abed ==
  note   required pool = 1 products / 35 nodes cluster-wide
  note   no activeDeadlineSeconds (NRP has no universal 6 h cap — fine if deliberate)
  note   [rule PACK] 5 arms per pod declared.
  OK

(rules: docs/infrastructure/nrp-nautilus-setup.md -> 'Scheduling, GPU pools and job shape')
pilot-b-k5-job.json rc=0
pilot-b-k5-job.json BASH_N_OK

