[train] confirm0923-a03-s3-e1000 params=14497 resume_epoch=2 initial_ebops=1477038
wandb: [wandb.login()] Loaded credentials for https://api.wandb.ai from WANDB_API_KEY.
wandb: setting up run 7f7e973df917
wandb: Resuming run confirm0923-a03-s3-e1000-s3
wandb: 🚀 View run at https://wandb.ai/kayamaguchi-uc-san-diego/BNJetTag-Engram-Experimental/runs/7f7e973df917
[epoch 3/1000] EBOPs=1477038 target=350000 beta=1e-07 val_AUC=0.811281 val_accuracy=0.530540 seconds=150.4 checkpoint=epoch-0003
[epoch 4/1000] EBOPs=1477038 target=350000 beta=1e-07 val_AUC=0.822260 val_accuracy=0.551532 seconds=128.8 checkpoint=epoch-0004
[epoch 5/1000] EBOPs=1477038 target=350000 beta=1e-07 val_AUC=0.828796 val_accuracy=0.556234 seconds=130.3 checkpoint=epoch-0005
[epoch 6/1000] EBOPs=1477038 target=350000 beta=1e-07 val_AUC=0.831398 val_accuracy=0.564637 seconds=127.5 checkpoint=epoch-0006
[epoch 7/1000] EBOPs=1477038 target=350000 beta=1e-07 val_AUC=0.835389 val_accuracy=0.571202 seconds=117.0 checkpoint=epoch-0007
[epoch 8/1000] EBOPs=1477038 target=350000 beta=1e-07 val_AUC=0.836429 val_accuracy=0.569411 seconds=124.2 checkpoint=epoch-0008
[epoch 9/1000] EBOPs=1477038 target=350000 beta=1e-07 val_AUC=0.841352 val_accuracy=0.578250 seconds=128.8 checkpoint=epoch-0009
[epoch 10/1000] EBOPs=1477038 target=350000 beta=1e-07 val_AUC=0.841659 val_accuracy=0.565290 seconds=128.7 checkpoint=epoch-0010
[epoch 11/1000] EBOPs=1477038 target=350000 beta=1e-07 val_AUC=0.845771 val_accuracy=0.588661 seconds=125.9 checkpoint=epoch-0011
[epoch 12/1000] EBOPs=1477038 target=350000 beta=1.07e-07 val_AUC=0.844764 val_accuracy=0.578895 seconds=115.8 checkpoint=epoch-0012
[epoch 13/1000] EBOPs=1276334 target=350000 beta=1.15e-07 val_AUC=0.846683 val_accuracy=0.590500 seconds=127.1 checkpoint=epoch-0013
[epoch 14/1000] EBOPs=1276334 target=350000 beta=1.06e-07 val_AUC=0.849529 val_accuracy=0.593734 seconds=123.0 checkpoint=epoch-0014
[epoch 15/1000] EBOPs=1247662 target=350000 beta=1.14e-07 val_AUC=0.852213 val_accuracy=0.600113 seconds=128.7 checkpoint=epoch-0015
[epoch 16/1000] EBOPs=1235374 target=350000 beta=1.18e-07 val_AUC=0.851734 val_accuracy=0.592153 seconds=120.8 checkpoint=epoch-0016
[epoch 17/1000] EBOPs=1235374 target=350000 beta=1.25e-07 val_AUC=0.851045 val_accuracy=0.591508 seconds=129.5 checkpoint=epoch-0017
[epoch 18/1000] EBOPs=1235374 target=350000 beta=1.33e-07 val_AUC=0.854610 val_accuracy=0.601863 seconds=134.1 checkpoint=epoch-0018
[epoch 19/1000] EBOPs=1235374 target=350000 beta=1.42e-07 val_AUC=0.853473 val_accuracy=0.601903 seconds=124.3 checkpoint=epoch-0019
[epoch 20/1000] EBOPs=1235374 target=350000 beta=1.51e-07 val_AUC=0.854229 val_accuracy=0.599379 seconds=123.2 checkpoint=epoch-0020
[epoch 21/1000] EBOPs=1235374 target=350000 beta=1.61e-07 val_AUC=0.856247 val_accuracy=0.603613 seconds=116.5 checkpoint=epoch-0021
[epoch 22/1000] EBOPs=1235374 target=350000 beta=1.71e-07 val_AUC=0.855230 val_accuracy=0.603637 seconds=138.6 checkpoint=epoch-0022
[epoch 23/1000] EBOPs=1235374 target=350000 beta=1.82e-07 val_AUC=0.855222 val_accuracy=0.603145 seconds=131.0 checkpoint=epoch-0023
[epoch 24/1000] EBOPs=1235374 target=350000 beta=1.94e-07 val_AUC=0.854235 val_accuracy=0.600976 seconds=125.8 checkpoint=epoch-0024
[epoch 25/1000] EBOPs=1235374 target=350000 beta=2.07e-07 val_AUC=0.855819 val_accuracy=0.598944 seconds=113.4 checkpoint=epoch-0025
wandb: Adding directory to artifact (/data/confirmation-20260923/architecture/runs/confirm0923-a03-s3-e1000/checkpoints/epoch-0025)... Done. 0.1s
[wandb] artifact resume-confirm0923-a03-s3-e1000:v0 committed (5 files)
[epoch 26/1000] EBOPs=1255854 target=350000 beta=2.2e-07 val_AUC=0.850554 val_accuracy=0.592815 seconds=107.8 checkpoint=epoch-0026
[epoch 27/1000] EBOPs=1235374 target=350000 beta=2.38e-07 val_AUC=0.859246 val_accuracy=0.607516 seconds=121.6 checkpoint=epoch-0027
[epoch 28/1000] EBOPs=1234350 target=350000 beta=2.5e-07 val_AUC=0.857813 val_accuracy=0.604766 seconds=128.2 checkpoint=epoch-0028
[epoch 29/1000] EBOPs=1246638 target=350000 beta=2.66e-07 val_AUC=0.858375 val_accuracy=0.600508 seconds=112.7 checkpoint=epoch-0029
[epoch 30/1000] EBOPs=1246638 target=350000 beta=2.86e-07 val_AUC=0.858915 val_accuracy=0.607056 seconds=107.6 checkpoint=epoch-0030
[epoch 31/1000] EBOPs=1217966 target=350000 beta=3.05e-07 val_AUC=0.859205 val_accuracy=0.606847 seconds=118.7 checkpoint=epoch-0031
[epoch 32/1000] EBOPs=1217966 target=350000 beta=3.17e-07 val_AUC=0.856377 val_accuracy=0.602411 seconds=114.9 checkpoint=epoch-0032
[epoch 33/1000] EBOPs=1226158 target=350000 beta=3.37e-07 val_AUC=0.859769 val_accuracy=0.610395 seconds=118.7 checkpoint=epoch-0033
[epoch 34/1000] EBOPs=1226158 target=350000 beta=3.62e-07 val_AUC=0.859450 val_accuracy=0.604573 seconds=116.7 checkpoint=epoch-0034
[epoch 35/1000] EBOPs=1197486 target=350000 beta=3.85e-07 val_AUC=0.856702 val_accuracy=0.603371 seconds=110.6 checkpoint=epoch-0035
[epoch 36/1000] EBOPs=1205678 target=350000 beta=4e-07 val_AUC=0.859492 val_accuracy=0.604944 seconds=132.7 checkpoint=epoch-0036
[epoch 37/1000] EBOPs=1205678 target=350000 beta=4.28e-07 val_AUC=0.859701 val_accuracy=0.602121 seconds=116.4 checkpoint=epoch-0037
[epoch 38/1000] EBOPs=1095086 target=350000 beta=4.56e-07 val_AUC=0.859453 val_accuracy=0.611145 seconds=116.1 checkpoint=epoch-0038
[epoch 39/1000] EBOPs=1037742 target=350000 beta=4.38e-07 val_AUC=0.853328 val_accuracy=0.592194 seconds=111.0 checkpoint=epoch-0039
[epoch 40/1000] EBOPs=1021358 target=350000 beta=4.38e-07 val_AUC=0.850713 val_accuracy=0.594645 seconds=112.7 checkpoint=epoch-0040
[epoch 41/1000] EBOPs=988590 target=350000 beta=4.55e-07 val_AUC=0.859992 val_accuracy=0.607218 seconds=129.1 checkpoint=epoch-0041
[epoch 42/1000] EBOPs=996782 target=350000 beta=4.64e-07 val_AUC=0.855315 val_accuracy=0.600621 seconds=142.3 checkpoint=epoch-0042
[epoch 43/1000] EBOPs=980398 target=350000 beta=4.93e-07 val_AUC=0.857164 val_accuracy=0.604661 seconds=132.4 checkpoint=epoch-0043
[epoch 44/1000] EBOPs=980398 target=350000 beta=5.11e-07 val_AUC=0.861122 val_accuracy=0.608452 seconds=131.3 checkpoint=epoch-0044
[epoch 45/1000] EBOPs=980398 target=350000 beta=5.38e-07 val_AUC=0.861917 val_accuracy=0.605863 seconds=119.9 checkpoint=epoch-0045
[epoch 46/1000] EBOPs=964014 target=350000 beta=5.66e-07 val_AUC=0.858413 val_accuracy=0.598742 seconds=109.0 checkpoint=epoch-0046
[epoch 47/1000] EBOPs=964014 target=350000 beta=5.86e-07 val_AUC=0.860245 val_accuracy=0.605484 seconds=134.2 checkpoint=epoch-0047
[epoch 48/1000] EBOPs=964014 target=350000 beta=6.16e-07 val_AUC=0.855602 val_accuracy=0.592226 seconds=154.2 checkpoint=epoch-0048
[epoch 49/1000] EBOPs=964014 target=350000 beta=6.48e-07 val_AUC=0.861236 val_accuracy=0.606677 seconds=132.6 checkpoint=epoch-0049
[epoch 50/1000] EBOPs=964014 target=350000 beta=6.82e-07 val_AUC=0.861460 val_accuracy=0.609992 seconds=112.0 checkpoint=epoch-0050
wandb: Adding directory to artifact (/data/confirmation-20260923/architecture/runs/confirm0923-a03-s3-e1000/checkpoints/epoch-0050)... Done. 0.1s
[wandb] artifact resume-confirm0923-a03-s3-e1000:v1 committed (5 files)
[epoch 51/1000] EBOPs=943534 target=350000 beta=7.17e-07 val_AUC=0.857519 val_accuracy=0.598734 seconds=119.1 checkpoint=epoch-0051
[epoch 52/1000] EBOPs=943534 target=350000 beta=7.38e-07 val_AUC=0.856591 val_accuracy=0.597621 seconds=156.9 checkpoint=epoch-0052
[epoch 53/1000] EBOPs=943534 target=350000 beta=7.75e-07 val_AUC=0.858920 val_accuracy=0.602395 seconds=114.7 checkpoint=epoch-0053
[epoch 54/1000] EBOPs=935342 target=350000 beta=8.14e-07 val_AUC=0.855800 val_accuracy=0.603347 seconds=111.7 checkpoint=epoch-0054
[epoch 55/1000] EBOPs=927150 target=350000 beta=8.48e-07 val_AUC=0.854375 val_accuracy=0.595315 seconds=116.2 checkpoint=epoch-0055
[epoch 56/1000] EBOPs=927150 target=350000 beta=8.83e-07 val_AUC=0.853809 val_accuracy=0.599661 seconds=112.9 checkpoint=epoch-0056
[epoch 57/1000] EBOPs=935342 target=350000 beta=9.27e-07 val_AUC=0.855006 val_accuracy=0.597266 seconds=117.1 checkpoint=epoch-0057
[epoch 58/1000] EBOPs=927150 target=350000 beta=9.82e-07 val_AUC=0.856379 val_accuracy=0.598524 seconds=112.2 checkpoint=epoch-0058
[epoch 59/1000] EBOPs=927150 target=350000 beta=1.02e-06 val_AUC=0.856923 val_accuracy=0.593935 seconds=122.9 checkpoint=epoch-0059
[epoch 60/1000] EBOPs=908718 target=350000 beta=1.07e-06 val_AUC=0.858474 val_accuracy=0.601177 seconds=111.3 checkpoint=epoch-0060
[epoch 61/1000] EBOPs=898478 target=350000 beta=1.1e-06 val_AUC=0.854590 val_accuracy=0.593790 seconds=128.7 checkpoint=epoch-0061
[epoch 62/1000] EBOPs=898478 target=350000 beta=1.14e-06 val_AUC=0.859265 val_accuracy=0.599000 seconds=142.5 checkpoint=epoch-0062
[epoch 63/1000] EBOPs=897454 target=350000 beta=1.2e-06 val_AUC=0.858859 val_accuracy=0.603185 seconds=133.0 checkpoint=epoch-0063
[epoch 64/1000] EBOPs=823726 target=350000 beta=1.25e-06 val_AUC=0.851504 val_accuracy=0.590927 seconds=114.2 checkpoint=epoch-0064
[epoch 65/1000] EBOPs=760238 target=350000 beta=1.2e-06 val_AUC=0.854397 val_accuracy=0.591081 seconds=117.8 checkpoint=epoch-0065
[epoch 66/1000] EBOPs=743854 target=350000 beta=1.15e-06 val_AUC=0.858315 val_accuracy=0.600742 seconds=113.0 checkpoint=epoch-0066
[epoch 67/1000] EBOPs=735662 target=350000 beta=1.17e-06 val_AUC=0.852770 val_accuracy=0.584790 seconds=117.8 checkpoint=epoch-0067
[epoch 68/1000] EBOPs=698798 target=350000 beta=1.2e-06 val_AUC=0.845991 val_accuracy=0.577685 seconds=116.6 checkpoint=epoch-0068
[epoch 69/1000] EBOPs=698798 target=350000 beta=1.18e-06 val_AUC=0.847884 val_accuracy=0.584056 seconds=117.4 checkpoint=epoch-0069
[epoch 70/1000] EBOPs=698798 target=350000 beta=1.22e-06 val_AUC=0.845040 val_accuracy=0.562290 seconds=122.2 checkpoint=epoch-0070
[epoch 71/1000] EBOPs=706990 target=350000 beta=1.27e-06 val_AUC=0.844056 val_accuracy=0.576855 seconds=131.5 checkpoint=epoch-0071
[epoch 72/1000] EBOPs=698798 target=350000 beta=1.33e-06 val_AUC=0.856588 val_accuracy=0.601556 seconds=117.3 checkpoint=epoch-0072
[epoch 73/1000] EBOPs=698638 target=350000 beta=1.36e-06 val_AUC=0.851947 val_accuracy=0.583516 seconds=131.2 checkpoint=epoch-0073
[epoch 74/1000] EBOPs=690446 target=350000 beta=1.41e-06 val_AUC=0.848226 val_accuracy=0.578056 seconds=130.1 checkpoint=epoch-0074
[epoch 75/1000] EBOPs=690446 target=350000 beta=1.44e-06 val_AUC=0.849118 val_accuracy=0.580944 seconds=129.6 checkpoint=epoch-0075
wandb: Adding directory to artifact (/data/confirmation-20260923/architecture/runs/confirm0923-a03-s3-e1000/checkpoints/epoch-0075)... Done. 0.1s
[wandb] artifact resume-confirm0923-a03-s3-e1000:v2 committed (5 files)
[epoch 76/1000] EBOPs=698638 target=350000 beta=1.49e-06 val_AUC=0.853743 val_accuracy=0.594298 seconds=127.9 checkpoint=epoch-0076
[epoch 77/1000] EBOPs=690446 target=350000 beta=1.56e-06 val_AUC=0.854413 val_accuracy=0.590460 seconds=131.9 checkpoint=epoch-0077
[epoch 78/1000] EBOPs=690446 target=350000 beta=1.59e-06 val_AUC=0.850171 val_accuracy=0.581266 seconds=133.4 checkpoint=epoch-0078
[epoch 79/1000] EBOPs=682254 target=350000 beta=1.65e-06 val_AUC=0.851181 val_accuracy=0.591573 seconds=134.9 checkpoint=epoch-0079
[epoch 80/1000] EBOPs=681486 target=350000 beta=1.68e-06 val_AUC=0.851097 val_accuracy=0.576016 seconds=118.1 checkpoint=epoch-0080
WARNING: All log messages before absl::InitializeLog() is called are written to STDERR
E0000 00:00:1790220282.845508    1123 slow_operation_alarm.cc:73] 
********************************
[Compiling module a_inference_one_step_on_data_3274026__.36 for GPU] Very slow compile? If you want to file a bug, run with envvar XLA_FLAGS=--xla_dump_to=/tmp/foo and attach the results.
********************************
