[train] confirm0923-a03-s2-e1000 params=14497 resume_epoch=2 initial_ebops=1477038
wandb: [wandb.login()] Loaded credentials for https://api.wandb.ai from WANDB_API_KEY.
wandb: Resuming run confirm0923-a03-s2-e1000-s2
wandb: 🚀 View run at https://wandb.ai/kayamaguchi-uc-san-diego/BNJetTag-Engram-Experimental/runs/ffba08ecd4ca
[epoch 3/1000] EBOPs=1477038 target=350000 beta=1e-07 val_AUC=0.806238 val_accuracy=0.515669 seconds=136.9 checkpoint=epoch-0003
[epoch 4/1000] EBOPs=1477038 target=350000 beta=1e-07 val_AUC=0.817618 val_accuracy=0.521048 seconds=108.0 checkpoint=epoch-0004
[epoch 5/1000] EBOPs=1477038 target=350000 beta=1e-07 val_AUC=0.822540 val_accuracy=0.541823 seconds=113.5 checkpoint=epoch-0005
[epoch 6/1000] EBOPs=1477038 target=350000 beta=1e-07 val_AUC=0.826803 val_accuracy=0.540685 seconds=110.6 checkpoint=epoch-0006
[epoch 7/1000] EBOPs=1477038 target=350000 beta=1e-07 val_AUC=0.832907 val_accuracy=0.562306 seconds=122.9 checkpoint=epoch-0007
[epoch 8/1000] EBOPs=1477038 target=350000 beta=1e-07 val_AUC=0.837265 val_accuracy=0.575242 seconds=100.1 checkpoint=epoch-0008
[epoch 9/1000] EBOPs=1477038 target=350000 beta=1e-07 val_AUC=0.839289 val_accuracy=0.565887 seconds=126.0 checkpoint=epoch-0009
[epoch 10/1000] EBOPs=1477038 target=350000 beta=1e-07 val_AUC=0.843472 val_accuracy=0.584645 seconds=109.9 checkpoint=epoch-0010
[epoch 11/1000] EBOPs=1477038 target=350000 beta=1e-07 val_AUC=0.846567 val_accuracy=0.584887 seconds=111.7 checkpoint=epoch-0011
[epoch 12/1000] EBOPs=1477038 target=350000 beta=1.07e-07 val_AUC=0.847063 val_accuracy=0.576427 seconds=116.1 checkpoint=epoch-0012
[epoch 13/1000] EBOPs=1261998 target=350000 beta=1.15e-07 val_AUC=0.847147 val_accuracy=0.588145 seconds=113.8 checkpoint=epoch-0013
[epoch 14/1000] EBOPs=1261998 target=350000 beta=1.05e-07 val_AUC=0.846527 val_accuracy=0.586895 seconds=102.9 checkpoint=epoch-0014
[epoch 15/1000] EBOPs=1261998 target=350000 beta=1.12e-07 val_AUC=0.849965 val_accuracy=0.587395 seconds=114.1 checkpoint=epoch-0015
[epoch 16/1000] EBOPs=1261998 target=350000 beta=1.2e-07 val_AUC=0.851859 val_accuracy=0.589637 seconds=132.8 checkpoint=epoch-0016
[epoch 17/1000] EBOPs=1249710 target=350000 beta=1.28e-07 val_AUC=0.854119 val_accuracy=0.594484 seconds=109.8 checkpoint=epoch-0017
[epoch 18/1000] EBOPs=1235374 target=350000 beta=1.35e-07 val_AUC=0.853340 val_accuracy=0.598710 seconds=109.9 checkpoint=epoch-0018
[epoch 19/1000] EBOPs=1235374 target=350000 beta=1.42e-07 val_AUC=0.856093 val_accuracy=0.602226 seconds=116.6 checkpoint=epoch-0019
[epoch 20/1000] EBOPs=1227182 target=350000 beta=1.51e-07 val_AUC=0.854965 val_accuracy=0.597734 seconds=110.4 checkpoint=epoch-0020
[epoch 21/1000] EBOPs=1227182 target=350000 beta=1.6e-07 val_AUC=0.856681 val_accuracy=0.600032 seconds=120.4 checkpoint=epoch-0021
[epoch 22/1000] EBOPs=1235374 target=350000 beta=1.7e-07 val_AUC=0.856675 val_accuracy=0.604290 seconds=125.9 checkpoint=epoch-0022
[epoch 23/1000] EBOPs=1235374 target=350000 beta=1.82e-07 val_AUC=0.857894 val_accuracy=0.602129 seconds=118.5 checkpoint=epoch-0023
[epoch 24/1000] EBOPs=1235374 target=350000 beta=1.94e-07 val_AUC=0.858533 val_accuracy=0.607089 seconds=104.9 checkpoint=epoch-0024
[epoch 25/1000] EBOPs=1235374 target=350000 beta=2.07e-07 val_AUC=0.856174 val_accuracy=0.596726 seconds=114.1 checkpoint=epoch-0025
wandb: Adding directory to artifact (/data/confirmation-20260923/architecture/runs/confirm0923-a03-s2-e1000/checkpoints/epoch-0025)... Done. 0.1s
[wandb] artifact resume-confirm0923-a03-s2-e1000:v0 committed (5 files)
[epoch 26/1000] EBOPs=1227182 target=350000 beta=2.2e-07 val_AUC=0.857218 val_accuracy=0.598290 seconds=102.5 checkpoint=epoch-0026
[epoch 27/1000] EBOPs=1218990 target=350000 beta=2.33e-07 val_AUC=0.855656 val_accuracy=0.597790 seconds=112.6 checkpoint=epoch-0027
[epoch 28/1000] EBOPs=1235374 target=350000 beta=2.46e-07 val_AUC=0.856122 val_accuracy=0.596702 seconds=104.0 checkpoint=epoch-0028
[epoch 29/1000] EBOPs=1227182 target=350000 beta=2.66e-07 val_AUC=0.851953 val_accuracy=0.583250 seconds=114.9 checkpoint=epoch-0029
[epoch 30/1000] EBOPs=1218990 target=350000 beta=2.81e-07 val_AUC=0.856639 val_accuracy=0.603161 seconds=111.6 checkpoint=epoch-0030
[epoch 31/1000] EBOPs=1227182 target=350000 beta=2.97e-07 val_AUC=0.857791 val_accuracy=0.595242 seconds=109.0 checkpoint=epoch-0031
[epoch 32/1000] EBOPs=1217966 target=350000 beta=3.19e-07 val_AUC=0.855160 val_accuracy=0.588210 seconds=106.8 checkpoint=epoch-0032
[epoch 33/1000] EBOPs=1226158 target=350000 beta=3.37e-07 val_AUC=0.859744 val_accuracy=0.604202 seconds=105.3 checkpoint=epoch-0033
[epoch 34/1000] EBOPs=1209774 target=350000 beta=3.61e-07 val_AUC=0.857075 val_accuracy=0.600016 seconds=103.8 checkpoint=epoch-0034
[epoch 35/1000] EBOPs=1217966 target=350000 beta=3.79e-07 val_AUC=0.857412 val_accuracy=0.602565 seconds=117.8 checkpoint=epoch-0035
[epoch 36/1000] EBOPs=1209774 target=350000 beta=4.06e-07 val_AUC=0.857469 val_accuracy=0.597774 seconds=104.0 checkpoint=epoch-0036
[epoch 37/1000] EBOPs=1209774 target=350000 beta=4.29e-07 val_AUC=0.859461 val_accuracy=0.609742 seconds=109.7 checkpoint=epoch-0037
[epoch 38/1000] EBOPs=1088942 target=350000 beta=4.56e-07 val_AUC=0.859013 val_accuracy=0.603298 seconds=101.6 checkpoint=epoch-0038
[epoch 39/1000] EBOPs=1031598 target=350000 beta=4.35e-07 val_AUC=0.859816 val_accuracy=0.606694 seconds=103.0 checkpoint=epoch-0039
[epoch 40/1000] EBOPs=1002926 target=350000 beta=4.35e-07 val_AUC=0.857426 val_accuracy=0.598766 seconds=111.6 checkpoint=epoch-0040
[epoch 41/1000] EBOPs=968110 target=350000 beta=4.45e-07 val_AUC=0.854279 val_accuracy=0.595685 seconds=113.3 checkpoint=epoch-0041
[epoch 42/1000] EBOPs=984494 target=350000 beta=4.52e-07 val_AUC=0.857950 val_accuracy=0.603274 seconds=118.6 checkpoint=epoch-0042
[epoch 43/1000] EBOPs=968110 target=350000 beta=4.84e-07 val_AUC=0.855855 val_accuracy=0.596629 seconds=106.8 checkpoint=epoch-0043
[epoch 44/1000] EBOPs=984494 target=350000 beta=5.01e-07 val_AUC=0.862570 val_accuracy=0.608411 seconds=101.6 checkpoint=epoch-0044
[epoch 45/1000] EBOPs=976302 target=350000 beta=5.37e-07 val_AUC=0.860120 val_accuracy=0.606169 seconds=106.1 checkpoint=epoch-0045
[epoch 46/1000] EBOPs=968110 target=350000 beta=5.6e-07 val_AUC=0.847086 val_accuracy=0.574960 seconds=105.3 checkpoint=epoch-0046
[epoch 47/1000] EBOPs=968110 target=350000 beta=5.85e-07 val_AUC=0.861294 val_accuracy=0.608363 seconds=100.1 checkpoint=epoch-0047
[epoch 48/1000] EBOPs=959918 target=350000 beta=6.15e-07 val_AUC=0.857165 val_accuracy=0.597540 seconds=102.5 checkpoint=epoch-0048
[epoch 49/1000] EBOPs=951726 target=350000 beta=6.41e-07 val_AUC=0.859072 val_accuracy=0.596806 seconds=110.6 checkpoint=epoch-0049
[epoch 50/1000] EBOPs=951726 target=350000 beta=6.69e-07 val_AUC=0.860200 val_accuracy=0.599863 seconds=100.1 checkpoint=epoch-0050
wandb: Adding directory to artifact (/data/confirmation-20260923/architecture/runs/confirm0923-a03-s2-e1000/checkpoints/epoch-0050)... Done. 0.1s
[wandb] artifact resume-confirm0923-a03-s2-e1000:v1 committed (5 files)
[epoch 51/1000] EBOPs=943534 target=350000 beta=7.03e-07 val_AUC=0.852460 val_accuracy=0.589419 seconds=100.4 checkpoint=epoch-0051
[epoch 52/1000] EBOPs=951726 target=350000 beta=7.32e-07 val_AUC=0.858003 val_accuracy=0.603040 seconds=99.1 checkpoint=epoch-0052
[epoch 53/1000] EBOPs=951726 target=350000 beta=7.76e-07 val_AUC=0.858713 val_accuracy=0.602839 seconds=107.1 checkpoint=epoch-0053
[epoch 54/1000] EBOPs=951726 target=350000 beta=8.16e-07 val_AUC=0.857559 val_accuracy=0.591500 seconds=101.9 checkpoint=epoch-0054
[epoch 55/1000] EBOPs=933294 target=350000 beta=8.58e-07 val_AUC=0.852972 val_accuracy=0.586839 seconds=109.6 checkpoint=epoch-0055
[epoch 56/1000] EBOPs=941486 target=350000 beta=8.84e-07 val_AUC=0.860023 val_accuracy=0.603185 seconds=103.5 checkpoint=epoch-0056
[epoch 57/1000] EBOPs=916910 target=350000 beta=9.37e-07 val_AUC=0.855192 val_accuracy=0.592694 seconds=111.0 checkpoint=epoch-0057
[epoch 58/1000] EBOPs=933294 target=350000 beta=9.57e-07 val_AUC=0.856278 val_accuracy=0.598452 seconds=105.4 checkpoint=epoch-0058
[epoch 59/1000] EBOPs=933294 target=350000 beta=1.02e-06 val_AUC=0.857994 val_accuracy=0.600903 seconds=103.5 checkpoint=epoch-0059
[epoch 60/1000] EBOPs=900526 target=350000 beta=1.07e-06 val_AUC=0.851947 val_accuracy=0.588605 seconds=107.4 checkpoint=epoch-0060
[epoch 61/1000] EBOPs=908718 target=350000 beta=1.09e-06 val_AUC=0.860669 val_accuracy=0.602702 seconds=121.4 checkpoint=epoch-0061
[epoch 62/1000] EBOPs=898478 target=350000 beta=1.15e-06 val_AUC=0.856102 val_accuracy=0.590427 seconds=113.7 checkpoint=epoch-0062
[epoch 63/1000] EBOPs=890286 target=350000 beta=1.19e-06 val_AUC=0.855156 val_accuracy=0.592274 seconds=110.8 checkpoint=epoch-0063
[epoch 64/1000] EBOPs=824750 target=350000 beta=1.24e-06 val_AUC=0.858268 val_accuracy=0.601202 seconds=104.4 checkpoint=epoch-0064
[epoch 65/1000] EBOPs=753070 target=350000 beta=1.2e-06 val_AUC=0.857165 val_accuracy=0.596782 seconds=111.8 checkpoint=epoch-0065
[epoch 66/1000] EBOPs=736686 target=350000 beta=1.14e-06 val_AUC=0.856122 val_accuracy=0.593395 seconds=112.6 checkpoint=epoch-0066
[epoch 67/1000] EBOPs=735662 target=350000 beta=1.15e-06 val_AUC=0.852983 val_accuracy=0.591669 seconds=112.8 checkpoint=epoch-0067
[epoch 68/1000] EBOPs=719278 target=350000 beta=1.2e-06 val_AUC=0.854753 val_accuracy=0.588290 seconds=113.9 checkpoint=epoch-0068
[epoch 69/1000] EBOPs=719118 target=350000 beta=1.21e-06 val_AUC=0.855670 val_accuracy=0.588629 seconds=108.8 checkpoint=epoch-0069
[epoch 70/1000] EBOPs=698638 target=350000 beta=1.26e-06 val_AUC=0.851446 val_accuracy=0.587694 seconds=109.1 checkpoint=epoch-0070
[epoch 71/1000] EBOPs=698638 target=350000 beta=1.26e-06 val_AUC=0.852408 val_accuracy=0.591089 seconds=101.8 checkpoint=epoch-0071
[epoch 72/1000] EBOPs=698638 target=350000 beta=1.31e-06 val_AUC=0.853154 val_accuracy=0.594331 seconds=110.5 checkpoint=epoch-0072
[epoch 73/1000] EBOPs=689422 target=350000 beta=1.35e-06 val_AUC=0.851259 val_accuracy=0.586702 seconds=113.2 checkpoint=epoch-0073
[epoch 74/1000] EBOPs=690446 target=350000 beta=1.38e-06 val_AUC=0.853067 val_accuracy=0.584169 seconds=116.4 checkpoint=epoch-0074
[epoch 75/1000] EBOPs=690446 target=350000 beta=1.43e-06 val_AUC=0.852593 val_accuracy=0.591194 seconds=107.0 checkpoint=epoch-0075
wandb: Adding directory to artifact (/data/confirmation-20260923/architecture/runs/confirm0923-a03-s2-e1000/checkpoints/epoch-0075)... Done. 0.1s
[wandb] artifact resume-confirm0923-a03-s2-e1000:v2 committed (5 files)
[epoch 76/1000] EBOPs=690446 target=350000 beta=1.48e-06 val_AUC=0.845718 val_accuracy=0.579798 seconds=103.2 checkpoint=epoch-0076
[epoch 77/1000] EBOPs=668942 target=350000 beta=1.53e-06 val_AUC=0.844667 val_accuracy=0.577532 seconds=110.4 checkpoint=epoch-0077
[epoch 78/1000] EBOPs=661774 target=350000 beta=1.53e-06 val_AUC=0.845449 val_accuracy=0.579242 seconds=122.8 checkpoint=epoch-0078
[epoch 79/1000] EBOPs=661774 target=350000 beta=1.57e-06 val_AUC=0.848763 val_accuracy=0.585403 seconds=117.9 checkpoint=epoch-0079
[epoch 80/1000] EBOPs=661774 target=350000 beta=1.62e-06 val_AUC=0.850339 val_accuracy=0.584452 seconds=114.8 checkpoint=epoch-0080
[epoch 81/1000] EBOPs=660750 target=350000 beta=1.67e-06 val_AUC=0.850563 val_accuracy=0.584669 seconds=118.5 checkpoint=epoch-0081
[epoch 82/1000] EBOPs=653582 target=350000 beta=1.72e-06 val_AUC=0.845563 val_accuracy=0.554218 seconds=106.0 checkpoint=epoch-0082
[epoch 83/1000] EBOPs=661774 target=350000 beta=1.76e-06 val_AUC=0.850325 val_accuracy=0.588944 seconds=104.9 checkpoint=epoch-0083
[epoch 84/1000] EBOPs=660750 target=350000 beta=1.83e-06 val_AUC=0.847275 val_accuracy=0.578968 seconds=99.5 checkpoint=epoch-0084
[epoch 85/1000] EBOPs=660750 target=350000 beta=1.89e-06 val_AUC=0.849979 val_accuracy=0.568137 seconds=114.1 checkpoint=epoch-0085
[epoch 86/1000] EBOPs=660750 target=350000 beta=1.95e-06 val_AUC=0.852181 val_accuracy=0.590258 seconds=116.5 checkpoint=epoch-0086
[train] confirm0923-a03-s2-e1000 params=14497 resume_epoch=86 initial_ebops=1477038
wandb: [wandb.login()] Loaded credentials for https://api.wandb.ai from WANDB_API_KEY.
[train] confirm0923-a03-s2-e1000 params=14497 resume_epoch=86 initial_ebops=1477038
wandb: [wandb.login()] Loaded credentials for https://api.wandb.ai from WANDB_API_KEY.
[train] confirm0923-a03-s2-e1000 params=14497 resume_epoch=86 initial_ebops=1477038
wandb: [wandb.login()] Loaded credentials for https://api.wandb.ai from WANDB_API_KEY.
