[train] confirm0923-a02-s3-e1000 params=16363 resume_epoch=0 initial_ebops=1477038
wandb: [wandb.login()] Loaded credentials for https://api.wandb.ai from WANDB_API_KEY.
wandb: setting up run 4b8d7e078b37
wandb: Syncing run confirm0923-a02-s3-e1000-s3
wandb: 🚀 View run at https://wandb.ai/kayamaguchi-uc-san-diego/BNJetTag-Engram-Experimental/runs/4b8d7e078b37
[epoch 1/1000] EBOPs=1477038 target=350000 beta=1e-07 val_AUC=0.738126 val_accuracy=0.441492 seconds=150.9 checkpoint=epoch-0001
[epoch 2/1000] EBOPs=1477038 target=350000 beta=1e-07 val_AUC=0.785092 val_accuracy=0.487927 seconds=132.3 checkpoint=epoch-0002
wandb: updating run metadata
wandb: uploading output.log; uploading wandb-summary.json; uploading config.yaml
wandb: 🚀 View run confirm0923-a02-s3-e1000-s3 at: https://wandb.ai/kayamaguchi-uc-san-diego/BNJetTag-Engram-Experimental/runs/4b8d7e078b37
wandb: ⭐️ View project at: https://wandb.ai/kayamaguchi-uc-san-diego/BNJetTag-Engram-Experimental
wandb: Synced 5 W&B file(s), 0 media file(s), 0 artifact file(s) and 0 other file(s)
wandb: setting up run 4b8d7e078b37
wandb: Resuming run confirm0923-a02-s3-e1000
wandb: 🚀 View run at https://wandb.ai/kayamaguchi-uc-san-diego/BNJetTag-Engram-Experimental/runs/4b8d7e078b37
[wandb] artifact engram-review-confirm0923-a02-s3-e1000:v0 committed (10 files)
wandb: updating run metadata
wandb: uploading config.yaml; uploading wandb-metadata.json; uploading requirements.txt; uploading output.log; uploading wandb-summary.json
wandb: 🚀 View run confirm0923-a02-s3-e1000 at: https://wandb.ai/kayamaguchi-uc-san-diego/BNJetTag-Engram-Experimental/runs/4b8d7e078b37
wandb: ⭐️ View project at: https://wandb.ai/kayamaguchi-uc-san-diego/BNJetTag-Engram-Experimental
wandb: Synced 5 W&B file(s), 0 media file(s), 11 artifact file(s) and 0 other file(s)
{
  "selection_cost": 1477038,
  "selection_cost_convention": "native_hgq2",
  "native_hgq2_backbone_ebops": 1477038,
  "custom_estimated_bitops": 0,
  "modules": {},
  "warning": "Augmented total is not directly interchangeable with historical native HGQ2 totals.",
  "run": "confirm0923-a02-s3-e1000",
  "checkpoint": "model_min_ebops.keras",
  "checkpoint_sha256": "2c88a872e3786cb2b1f443969e97f7a20b1601d04ab19c4d3d30ef2a83a724c2",
  "completed_epochs": 2,
  "selected": {
    "epoch": 0,
    "val_macro_auc": 0.7381255538211569,
    "val_categorical_accuracy": 0.44149193548387095,
    "ebops": 1477038
  },
  "budget_met": false,
  "validation_accuracy": 0.44149193548387095,
  "validation_macro_auc": 0.7381255538211569,
  "validation_per_class_auc": [
    0.6317874270064519,
    0.7872005831372054,
    0.678963001723522,
    0.6983753687342372,
    0.8943013885043678
  ],
  "validation_labels_sha256": "97dedf586443a035071a6ec1ef25acae6841bb0890fa3dfd801c6a3d72ec234e",
  "validation_inputs_sha256": "dcdb76db132fb211f64f5ef7aefd6f09458bc18613a216b9b5e8d2366e7dd62a",
  "seed": 3,
  "test_set_used": false,
  "hardware_validated": false
}
