
[one-gpu round 13] resume=120 stop_after=140
[train] confirm0923-a03-s3-e1000 params=14497 resume_epoch=120 initial_ebops=1477038
wandb: [wandb.login()] Loaded credentials for https://api.wandb.ai from WANDB_API_KEY.
wandb: setting up run 7f7e973df917
wandb: Resuming run confirm0923-a03-s3-e1000-s3
wandb: 🚀 View run at https://wandb.ai/kayamaguchi-uc-san-diego/BNJetTag-Engram-Experimental/runs/7f7e973df917
[epoch 121/1000] EBOPs=389646 target=350000 beta=1.88e-06 val_AUC=0.844024 val_accuracy=0.575685 seconds=121.4 checkpoint=epoch-0121
[epoch 122/1000] EBOPs=365070 target=350000 beta=1.93e-06 val_AUC=0.825797 val_accuracy=0.534952 seconds=105.3 checkpoint=epoch-0122
[epoch 123/1000] EBOPs=348686 target=350000 beta=1.81e-06 val_AUC=0.822926 val_accuracy=0.535613 seconds=106.4 checkpoint=epoch-0123
[epoch 124/1000] EBOPs=360974 target=350000 beta=1.73e-06 val_AUC=0.835337 val_accuracy=0.560919 seconds=106.1 checkpoint=epoch-0124
[epoch 125/1000] EBOPs=356878 target=350000 beta=1.79e-06 val_AUC=0.835571 val_accuracy=0.555113 seconds=97.5 checkpoint=epoch-0125
wandb: Adding directory to artifact (/data/confirmation-20260923/architecture/runs/confirm0923-a03-s3-e1000/checkpoints/epoch-0125)... Done. 0.1s
[wandb] artifact resume-confirm0923-a03-s3-e1000:v4 committed (6 files)
[epoch 126/1000] EBOPs=344590 target=350000 beta=1.78e-06 val_AUC=0.831508 val_accuracy=0.550847 seconds=98.6 checkpoint=epoch-0126
[epoch 127/1000] EBOPs=354830 target=350000 beta=1.71e-06 val_AUC=0.835613 val_accuracy=0.555565 seconds=97.2 checkpoint=epoch-0127
[epoch 128/1000] EBOPs=344430 target=350000 beta=1.76e-06 val_AUC=0.833810 val_accuracy=0.559387 seconds=112.4 checkpoint=epoch-0128
[epoch 129/1000] EBOPs=339310 target=350000 beta=1.71e-06 val_AUC=0.836108 val_accuracy=0.554210 seconds=104.7 checkpoint=epoch-0129
[epoch 130/1000] EBOPs=377198 target=350000 beta=1.68e-06 val_AUC=0.842225 val_accuracy=0.573677 seconds=106.4 checkpoint=epoch-0130
[epoch 131/1000] EBOPs=343406 target=350000 beta=1.88e-06 val_AUC=0.834907 val_accuracy=0.552726 seconds=110.5 checkpoint=epoch-0131
[epoch 132/1000] EBOPs=354670 target=350000 beta=1.71e-06 val_AUC=0.841305 val_accuracy=0.565798 seconds=110.2 checkpoint=epoch-0132
[epoch 133/1000] EBOPs=360814 target=350000 beta=1.77e-06 val_AUC=0.840106 val_accuracy=0.566685 seconds=110.0 checkpoint=epoch-0133
[epoch 134/1000] EBOPs=369006 target=350000 beta=1.8e-06 val_AUC=0.845461 val_accuracy=0.573516 seconds=108.6 checkpoint=epoch-0134
[epoch 135/1000] EBOPs=311662 target=350000 beta=1.85e-06 val_AUC=0.828786 val_accuracy=0.546581 seconds=106.7 checkpoint=epoch-0135
[epoch 136/1000] EBOPs=346478 target=350000 beta=1.55e-06 val_AUC=0.835386 val_accuracy=0.544169 seconds=107.0 checkpoint=epoch-0136
[epoch 137/1000] EBOPs=344430 target=350000 beta=1.72e-06 val_AUC=0.834005 val_accuracy=0.543339 seconds=106.7 checkpoint=epoch-0137
[epoch 138/1000] EBOPs=331886 target=350000 beta=1.71e-06 val_AUC=0.818694 val_accuracy=0.515790 seconds=106.6 checkpoint=epoch-0138
[epoch 139/1000] EBOPs=307566 target=350000 beta=1.64e-06 val_AUC=0.821808 val_accuracy=0.530113 seconds=105.0 checkpoint=epoch-0139
[epoch 140/1000] EBOPs=352622 target=350000 beta=1.51e-06 val_AUC=0.842131 val_accuracy=0.569306 seconds=106.6 checkpoint=epoch-0140
wandb: updating run metadata
wandb: uploading output.log; uploading wandb-summary.json; uploading config.yaml
wandb: uploading data
wandb: 🚀 View run confirm0923-a03-s3-e1000-s3 at: https://wandb.ai/kayamaguchi-uc-san-diego/BNJetTag-Engram-Experimental/runs/7f7e973df917
wandb: ⭐️ View project at: https://wandb.ai/kayamaguchi-uc-san-diego/BNJetTag-Engram-Experimental
wandb: Synced 5 W&B file(s), 0 media file(s), 6 artifact file(s) and 0 other file(s)
wandb: setting up run 7f7e973df917
wandb: Resuming run confirm0923-a03-s3-e1000
wandb: 🚀 View run at https://wandb.ai/kayamaguchi-uc-san-diego/BNJetTag-Engram-Experimental/runs/7f7e973df917
[wandb] artifact engram-review-confirm0923-a03-s3-e1000:v1 committed (10 files)
wandb: updating run metadata
wandb: uploading wandb-summary.json; uploading config.yaml
wandb: 🚀 View run confirm0923-a03-s3-e1000 at: https://wandb.ai/kayamaguchi-uc-san-diego/BNJetTag-Engram-Experimental/runs/7f7e973df917
wandb: ⭐️ View project at: https://wandb.ai/kayamaguchi-uc-san-diego/BNJetTag-Engram-Experimental
wandb: Synced 5 W&B file(s), 0 media file(s), 5 artifact file(s) and 0 other file(s)
{
  "selection_cost": 344430,
  "selection_cost_convention": "native_hgq2",
  "native_hgq2_backbone_ebops": 344430,
  "custom_estimated_bitops": 0,
  "modules": {},
  "warning": "Augmented total is not directly interchangeable with historical native HGQ2 totals.",
  "run": "confirm0923-a03-s3-e1000",
  "checkpoint": "model_best.keras",
  "checkpoint_sha256": "5e6ff1a18796b80bb8d3baa49f9f1c2ed6f557195b1155b0062e898a02fd05cc",
  "completed_epochs": 140,
  "selected": {
    "epoch": 127,
    "val_macro_auc": 0.8338100104031497,
    "val_categorical_accuracy": 0.5593870967741935,
    "ebops": 344430
  },
  "budget_met": true,
  "validation_accuracy": 0.5593870967741935,
  "validation_macro_auc": 0.8338100104031497,
  "validation_per_class_auc": [
    0.786084045532725,
    0.8431795206055003,
    0.8231279421311252,
    0.8118057107773915,
    0.9048528329690068
  ],
  "validation_labels_sha256": "97dedf586443a035071a6ec1ef25acae6841bb0890fa3dfd801c6a3d72ec234e",
  "validation_inputs_sha256": "dcdb76db132fb211f64f5ef7aefd6f09458bc18613a216b9b5e8d2366e7dd62a",
  "seed": 3,
  "test_set_used": false,
  "hardware_validated": false
}

[one-gpu round 17] resume=140 stop_after=160
[train] confirm0923-a03-s3-e1000 params=14497 resume_epoch=140 initial_ebops=1477038
wandb: [wandb.login()] Loaded credentials for https://api.wandb.ai from WANDB_API_KEY.
wandb: setting up run 7f7e973df917
wandb: Resuming run confirm0923-a03-s3-e1000-s3
wandb: 🚀 View run at https://wandb.ai/kayamaguchi-uc-san-diego/BNJetTag-Engram-Experimental/runs/7f7e973df917
[epoch 141/1000] EBOPs=315758 target=350000 beta=1.74e-06 val_AUC=0.838560 val_accuracy=0.558395 seconds=117.7 checkpoint=epoch-0141
[epoch 142/1000] EBOPs=339566 target=350000 beta=1.55e-06 val_AUC=0.837099 val_accuracy=0.565758 seconds=102.5 checkpoint=epoch-0142
[epoch 143/1000] EBOPs=352622 target=350000 beta=1.66e-06 val_AUC=0.843680 val_accuracy=0.577363 seconds=98.4 checkpoint=epoch-0143
[epoch 144/1000] EBOPs=334190 target=350000 beta=1.72e-06 val_AUC=0.835158 val_accuracy=0.556008 seconds=99.8 checkpoint=epoch-0144
[epoch 145/1000] EBOPs=359790 target=350000 beta=1.63e-06 val_AUC=0.836756 val_accuracy=0.560532 seconds=100.0 checkpoint=epoch-0145
[epoch 146/1000] EBOPs=331118 target=350000 beta=1.76e-06 val_AUC=0.833532 val_accuracy=0.544935 seconds=98.6 checkpoint=epoch-0146
[epoch 147/1000] EBOPs=330094 target=350000 beta=1.61e-06 val_AUC=0.839112 val_accuracy=0.563855 seconds=98.2 checkpoint=epoch-0147
[epoch 148/1000] EBOPs=339310 target=350000 beta=1.6e-06 val_AUC=0.842231 val_accuracy=0.565032 seconds=99.2 checkpoint=epoch-0148
[epoch 149/1000] EBOPs=353646 target=350000 beta=1.65e-06 val_AUC=0.838013 val_accuracy=0.563589 seconds=101.0 checkpoint=epoch-0149
[epoch 150/1000] EBOPs=312686 target=350000 beta=1.72e-06 val_AUC=0.837655 val_accuracy=0.552895 seconds=98.8 checkpoint=epoch-0150
wandb: Adding directory to artifact (/data/confirmation-20260923/architecture/runs/confirm0923-a03-s3-e1000/checkpoints/epoch-0150)... Done. 0.1s
[wandb] artifact resume-confirm0923-a03-s3-e1000:v5 committed (6 files)
[epoch 151/1000] EBOPs=337262 target=350000 beta=1.51e-06 val_AUC=0.821440 val_accuracy=0.535234 seconds=99.3 checkpoint=epoch-0151
[epoch 152/1000] EBOPs=303214 target=350000 beta=1.62e-06 val_AUC=0.809338 val_accuracy=0.511645 seconds=98.9 checkpoint=epoch-0152
[epoch 153/1000] EBOPs=347502 target=350000 beta=1.45e-06 val_AUC=0.836805 val_accuracy=0.559177 seconds=100.8 checkpoint=epoch-0153
[epoch 154/1000] EBOPs=349294 target=350000 beta=1.66e-06 val_AUC=0.837067 val_accuracy=0.560355 seconds=103.9 checkpoint=epoch-0154
[epoch 155/1000] EBOPs=367982 target=350000 beta=1.67e-06 val_AUC=0.848257 val_accuracy=0.580452 seconds=105.9 checkpoint=epoch-0155
[epoch 156/1000] EBOPs=312430 target=350000 beta=1.76e-06 val_AUC=0.777273 val_accuracy=0.418323 seconds=101.6 checkpoint=epoch-0156
[epoch 157/1000] EBOPs=301678 target=350000 beta=1.49e-06 val_AUC=0.835474 val_accuracy=0.553460 seconds=102.2 checkpoint=epoch-0157
[epoch 158/1000] EBOPs=349294 target=350000 beta=1.43e-06 val_AUC=0.842812 val_accuracy=0.569806 seconds=99.7 checkpoint=epoch-0158
[epoch 159/1000] EBOPs=346478 target=350000 beta=1.65e-06 val_AUC=0.828154 val_accuracy=0.543871 seconds=99.7 checkpoint=epoch-0159
[epoch 160/1000] EBOPs=344430 target=350000 beta=1.64e-06 val_AUC=0.828779 val_accuracy=0.544008 seconds=100.3 checkpoint=epoch-0160
wandb: updating run metadata
wandb: uploading config.yaml; uploading output.log; uploading wandb-summary.json
wandb: 🚀 View run confirm0923-a03-s3-e1000-s3 at: https://wandb.ai/kayamaguchi-uc-san-diego/BNJetTag-Engram-Experimental/runs/7f7e973df917
wandb: ⭐️ View project at: https://wandb.ai/kayamaguchi-uc-san-diego/BNJetTag-Engram-Experimental
wandb: Synced 5 W&B file(s), 0 media file(s), 6 artifact file(s) and 0 other file(s)
wandb: setting up run 7f7e973df917
wandb: Resuming run confirm0923-a03-s3-e1000
wandb: 🚀 View run at https://wandb.ai/kayamaguchi-uc-san-diego/BNJetTag-Engram-Experimental/runs/7f7e973df917
[wandb] artifact engram-review-confirm0923-a03-s3-e1000:v2 committed (10 files)
wandb: updating run metadata
wandb: uploading output.log; uploading wandb-summary.json; uploading config.yaml
wandb: 🚀 View run confirm0923-a03-s3-e1000 at: https://wandb.ai/kayamaguchi-uc-san-diego/BNJetTag-Engram-Experimental/runs/7f7e973df917
wandb: ⭐️ View project at: https://wandb.ai/kayamaguchi-uc-san-diego/BNJetTag-Engram-Experimental
wandb: Synced 5 W&B file(s), 0 media file(s), 5 artifact file(s) and 0 other file(s)
{
  "selection_cost": 349294,
  "selection_cost_convention": "native_hgq2",
  "native_hgq2_backbone_ebops": 349294,
  "custom_estimated_bitops": 0,
  "modules": {},
  "warning": "Augmented total is not directly interchangeable with historical native HGQ2 totals.",
  "run": "confirm0923-a03-s3-e1000",
  "checkpoint": "model_best.keras",
  "checkpoint_sha256": "767e1ee0d675441ebe90f31711a6b1c1948587fe07c74beec412f6689226a1de",
  "completed_epochs": 160,
  "selected": {
    "epoch": 157,
    "val_macro_auc": 0.842812414785105,
    "val_categorical_accuracy": 0.5698064516129032,
    "ebops": 349294
  },
  "budget_met": true,
  "validation_accuracy": 0.5698064516129032,
  "validation_macro_auc": 0.842812414785105,
  "validation_per_class_auc": [
    0.7956193575027688,
    0.8499966741460724,
    0.8383366592690631,
    0.8219491996443894,
    0.9081601833632315
  ],
  "validation_labels_sha256": "97dedf586443a035071a6ec1ef25acae6841bb0890fa3dfd801c6a3d72ec234e",
  "validation_inputs_sha256": "dcdb76db132fb211f64f5ef7aefd6f09458bc18613a216b9b5e8d2366e7dd62a",
  "seed": 3,
  "test_set_used": false,
  "hardware_validated": false
}

[one-gpu round 20] resume=160 stop_after=180
[train] confirm0923-a03-s3-e1000 params=14497 resume_epoch=160 initial_ebops=1477038
wandb: [wandb.login()] Loaded credentials for https://api.wandb.ai from WANDB_API_KEY.
wandb: Resuming run confirm0923-a03-s3-e1000-s3
wandb: 🚀 View run at https://wandb.ai/kayamaguchi-uc-san-diego/BNJetTag-Engram-Experimental/runs/7f7e973df917
[epoch 161/1000] EBOPs=342382 target=350000 beta=1.63e-06 val_AUC=0.839845 val_accuracy=0.556766 seconds=110.0 checkpoint=epoch-0161
[epoch 162/1000] EBOPs=339310 target=350000 beta=1.62e-06 val_AUC=0.822779 val_accuracy=0.529919 seconds=93.9 checkpoint=epoch-0162
[epoch 163/1000] EBOPs=322926 target=350000 beta=1.6e-06 val_AUC=0.842240 val_accuracy=0.573427 seconds=95.2 checkpoint=epoch-0163
[epoch 164/1000] EBOPs=311662 target=350000 beta=1.52e-06 val_AUC=0.826254 val_accuracy=0.537452 seconds=100.1 checkpoint=epoch-0164
[epoch 165/1000] EBOPs=346478 target=350000 beta=1.45e-06 val_AUC=0.842421 val_accuracy=0.569653 seconds=103.4 checkpoint=epoch-0165
[epoch 166/1000] EBOPs=315758 target=350000 beta=1.62e-06 val_AUC=0.831191 val_accuracy=0.548742 seconds=96.8 checkpoint=epoch-0166
[epoch 167/1000] EBOPs=306542 target=350000 beta=1.46e-06 val_AUC=0.837286 val_accuracy=0.563540 seconds=98.5 checkpoint=epoch-0167
[epoch 168/1000] EBOPs=340078 target=350000 beta=1.41e-06 val_AUC=0.836960 val_accuracy=0.561944 seconds=94.9 checkpoint=epoch-0168
[epoch 169/1000] EBOPs=323694 target=350000 beta=1.56e-06 val_AUC=0.836411 val_accuracy=0.556637 seconds=99.8 checkpoint=epoch-0169
[epoch 170/1000] EBOPs=318574 target=350000 beta=1.48e-06 val_AUC=0.843036 val_accuracy=0.570073 seconds=99.4 checkpoint=epoch-0170
[epoch 171/1000] EBOPs=314734 target=350000 beta=1.45e-06 val_AUC=0.838348 val_accuracy=0.555903 seconds=104.1 checkpoint=epoch-0171
[epoch 172/1000] EBOPs=351342 target=350000 beta=1.43e-06 val_AUC=0.840067 val_accuracy=0.558766 seconds=95.1 checkpoint=epoch-0172
[epoch 173/1000] EBOPs=315758 target=350000 beta=1.59e-06 val_AUC=0.838154 val_accuracy=0.561194 seconds=96.6 checkpoint=epoch-0173
[epoch 174/1000] EBOPs=316782 target=350000 beta=1.43e-06 val_AUC=0.835210 val_accuracy=0.559758 seconds=96.0 checkpoint=epoch-0174
[epoch 175/1000] EBOPs=339054 target=350000 beta=1.42e-06 val_AUC=0.814438 val_accuracy=0.512129 seconds=94.7 checkpoint=epoch-0175
wandb: Adding directory to artifact (/data/confirmation-20260923/architecture/runs/confirm0923-a03-s3-e1000/checkpoints/epoch-0175)... Done. 0.1s
[wandb] artifact resume-confirm0923-a03-s3-e1000:v6 committed (6 files)
[epoch 176/1000] EBOPs=282990 target=350000 beta=1.52e-06 val_AUC=0.821432 val_accuracy=0.526056 seconds=95.8 checkpoint=epoch-0176
[epoch 177/1000] EBOPs=303470 target=350000 beta=1.26e-06 val_AUC=0.828348 val_accuracy=0.543548 seconds=101.8 checkpoint=epoch-0177
[epoch 178/1000] EBOPs=322926 target=350000 beta=1.34e-06 val_AUC=0.836421 val_accuracy=0.561815 seconds=99.6 checkpoint=epoch-0178
[epoch 179/1000] EBOPs=335214 target=350000 beta=1.42e-06 val_AUC=0.841543 val_accuracy=0.572645 seconds=103.1 checkpoint=epoch-0179
[epoch 180/1000] EBOPs=287086 target=350000 beta=1.47e-06 val_AUC=0.829974 val_accuracy=0.542427 seconds=103.1 checkpoint=epoch-0180
wandb: updating run metadata
wandb: uploading output.log; uploading wandb-summary.json; uploading config.yaml
wandb: uploading history steps 175-176, summary, console lines 21-21
wandb: 🚀 View run confirm0923-a03-s3-e1000-s3 at: https://wandb.ai/kayamaguchi-uc-san-diego/BNJetTag-Engram-Experimental/runs/7f7e973df917
wandb: ⭐️ View project at: https://wandb.ai/kayamaguchi-uc-san-diego/BNJetTag-Engram-Experimental
wandb: Synced 5 W&B file(s), 0 media file(s), 6 artifact file(s) and 0 other file(s)
wandb: setting up run 7f7e973df917
wandb: Resuming run confirm0923-a03-s3-e1000
wandb: 🚀 View run at https://wandb.ai/kayamaguchi-uc-san-diego/BNJetTag-Engram-Experimental/runs/7f7e973df917
[wandb] artifact engram-review-confirm0923-a03-s3-e1000:v3 committed (10 files)
wandb: updating run metadata
wandb: uploading wandb-summary.json; uploading config.yaml; uploading output.log
wandb: 🚀 View run confirm0923-a03-s3-e1000 at: https://wandb.ai/kayamaguchi-uc-san-diego/BNJetTag-Engram-Experimental/runs/7f7e973df917
wandb: ⭐️ View project at: https://wandb.ai/kayamaguchi-uc-san-diego/BNJetTag-Engram-Experimental
wandb: Synced 5 W&B file(s), 0 media file(s), 5 artifact file(s) and 0 other file(s)
{
  "selection_cost": 322926,
  "selection_cost_convention": "native_hgq2",
  "native_hgq2_backbone_ebops": 322926,
  "custom_estimated_bitops": 0,
  "modules": {},
  "warning": "Augmented total is not directly interchangeable with historical native HGQ2 totals.",
  "run": "confirm0923-a03-s3-e1000",
  "checkpoint": "model_best.keras",
  "checkpoint_sha256": "7247fd60632bdbe969e4ec6f06f9d3c0d6c29056eb99d42da3fc38cb059c8560",
  "completed_epochs": 180,
  "selected": {
    "epoch": 162,
    "val_macro_auc": 0.8422398519825048,
    "val_categorical_accuracy": 0.5734274193548388,
    "ebops": 322926
  },
  "budget_met": true,
  "validation_accuracy": 0.5734274193548388,
  "validation_macro_auc": 0.8422398519825048,
  "validation_per_class_auc": [
    0.7942100990957497,
    0.8466171019962817,
    0.8380432446158315,
    0.8243230289419525,
    0.9080057852627091
  ],
  "validation_labels_sha256": "97dedf586443a035071a6ec1ef25acae6841bb0890fa3dfd801c6a3d72ec234e",
  "validation_inputs_sha256": "dcdb76db132fb211f64f5ef7aefd6f09458bc18613a216b9b5e8d2366e7dd62a",
  "seed": 3,
  "test_set_used": false,
  "hardware_validated": false
}

[one-gpu round 24] resume=180 stop_after=200
[train] confirm0923-a03-s3-e1000 params=14497 resume_epoch=180 initial_ebops=1477038
wandb: [wandb.login()] Loaded credentials for https://api.wandb.ai from WANDB_API_KEY.
wandb: setting up run 7f7e973df917
wandb: Resuming run confirm0923-a03-s3-e1000-s3
wandb: 🚀 View run at https://wandb.ai/kayamaguchi-uc-san-diego/BNJetTag-Engram-Experimental/runs/7f7e973df917
[epoch 181/1000] EBOPs=311662 target=350000 beta=1.24e-06 val_AUC=0.837223 val_accuracy=0.559694 seconds=115.1 checkpoint=epoch-0181
[epoch 182/1000] EBOPs=297326 target=350000 beta=1.34e-06 val_AUC=0.836039 val_accuracy=0.555056 seconds=100.3 checkpoint=epoch-0182
[epoch 183/1000] EBOPs=351598 target=350000 beta=1.27e-06 val_AUC=0.837188 val_accuracy=0.554952 seconds=100.9 checkpoint=epoch-0183
[epoch 184/1000] EBOPs=370030 target=350000 beta=1.5e-06 val_AUC=0.837351 val_accuracy=0.565774 seconds=99.6 checkpoint=epoch-0184
[epoch 185/1000] EBOPs=319086 target=350000 beta=1.59e-06 val_AUC=0.827334 val_accuracy=0.543637 seconds=102.7 checkpoint=epoch-0185
[epoch 186/1000] EBOPs=345454 target=350000 beta=1.36e-06 val_AUC=0.834664 val_accuracy=0.557887 seconds=102.1 checkpoint=epoch-0186
[epoch 187/1000] EBOPs=303470 target=350000 beta=1.47e-06 val_AUC=0.833296 val_accuracy=0.555137 seconds=102.8 checkpoint=epoch-0187
[epoch 188/1000] EBOPs=336238 target=350000 beta=1.29e-06 val_AUC=0.838025 val_accuracy=0.564685 seconds=103.8 checkpoint=epoch-0188
[epoch 189/1000] EBOPs=339310 target=350000 beta=1.42e-06 val_AUC=0.834602 val_accuracy=0.559202 seconds=98.2 checkpoint=epoch-0189
[epoch 190/1000] EBOPs=306542 target=350000 beta=1.43e-06 val_AUC=0.833604 val_accuracy=0.553694 seconds=96.9 checkpoint=epoch-0190
[epoch 191/1000] EBOPs=319598 target=350000 beta=1.29e-06 val_AUC=0.834735 val_accuracy=0.558056 seconds=100.7 checkpoint=epoch-0191
[epoch 192/1000] EBOPs=295278 target=350000 beta=1.33e-06 val_AUC=0.827859 val_accuracy=0.541685 seconds=104.2 checkpoint=epoch-0192
[epoch 193/1000] EBOPs=323182 target=350000 beta=1.22e-06 val_AUC=0.842062 val_accuracy=0.569919 seconds=103.2 checkpoint=epoch-0193
[epoch 194/1000] EBOPs=344430 target=350000 beta=1.33e-06 val_AUC=0.839384 val_accuracy=0.567984 seconds=101.3 checkpoint=epoch-0194
[epoch 195/1000] EBOPs=321134 target=350000 beta=1.42e-06 val_AUC=0.823274 val_accuracy=0.540927 seconds=101.8 checkpoint=epoch-0195
[epoch 196/1000] EBOPs=322926 target=350000 beta=1.32e-06 val_AUC=0.841203 val_accuracy=0.570395 seconds=97.2 checkpoint=epoch-0196
[epoch 197/1000] EBOPs=327278 target=350000 beta=1.32e-06 val_AUC=0.838994 val_accuracy=0.564556 seconds=104.6 checkpoint=epoch-0197
[epoch 198/1000] EBOPs=343406 target=350000 beta=1.33e-06 val_AUC=0.842003 val_accuracy=0.574750 seconds=104.8 checkpoint=epoch-0198
[epoch 199/1000] EBOPs=335214 target=350000 beta=1.4e-06 val_AUC=0.836555 val_accuracy=0.565855 seconds=104.5 checkpoint=epoch-0199
[epoch 200/1000] EBOPs=329326 target=350000 beta=1.36e-06 val_AUC=0.840955 val_accuracy=0.573524 seconds=107.1 checkpoint=epoch-0200
wandb: Adding directory to artifact (/data/confirmation-20260923/architecture/runs/confirm0923-a03-s3-e1000/checkpoints/epoch-0200)... Done. 0.1s
[wandb] artifact resume-confirm0923-a03-s3-e1000:v7 committed (6 files)
wandb: updating run metadata
wandb: uploading wandb-summary.json
wandb: 🚀 View run confirm0923-a03-s3-e1000-s3 at: https://wandb.ai/kayamaguchi-uc-san-diego/BNJetTag-Engram-Experimental/runs/7f7e973df917
wandb: ⭐️ View project at: https://wandb.ai/kayamaguchi-uc-san-diego/BNJetTag-Engram-Experimental
wandb: Synced 5 W&B file(s), 0 media file(s), 6 artifact file(s) and 0 other file(s)
wandb: setting up run 7f7e973df917
wandb: Resuming run confirm0923-a03-s3-e1000
wandb: 🚀 View run at https://wandb.ai/kayamaguchi-uc-san-diego/BNJetTag-Engram-Experimental/runs/7f7e973df917
[wandb] artifact engram-review-confirm0923-a03-s3-e1000:v4 committed (10 files)
wandb: updating run metadata
wandb: 🚀 View run confirm0923-a03-s3-e1000 at: https://wandb.ai/kayamaguchi-uc-san-diego/BNJetTag-Engram-Experimental/runs/7f7e973df917
wandb: ⭐️ View project at: https://wandb.ai/kayamaguchi-uc-san-diego/BNJetTag-Engram-Experimental
wandb: Synced 5 W&B file(s), 0 media file(s), 5 artifact file(s) and 0 other file(s)
{
  "selection_cost": 343406,
  "selection_cost_convention": "native_hgq2",
  "native_hgq2_backbone_ebops": 343406,
  "custom_estimated_bitops": 0,
  "modules": {},
  "warning": "Augmented total is not directly interchangeable with historical native HGQ2 totals.",
  "run": "confirm0923-a03-s3-e1000",
  "checkpoint": "model_best.keras",
  "checkpoint_sha256": "b896e011ec8da9bb39363cb83e51a702ac9501fea4f6f6d92e2a7ef7826bb9c9",
  "completed_epochs": 200,
  "selected": {
    "epoch": 197,
    "val_macro_auc": 0.8420031508276551,
    "val_categorical_accuracy": 0.57475,
    "ebops": 343406
  },
  "budget_met": true,
  "validation_accuracy": 0.57475,
  "validation_macro_auc": 0.8420031508276551,
  "validation_per_class_auc": [
    0.7868210290395428,
    0.8478466652026144,
    0.8405668227619119,
    0.8290626332792532,
    0.9057186038549526
  ],
  "validation_labels_sha256": "97dedf586443a035071a6ec1ef25acae6841bb0890fa3dfd801c6a3d72ec234e",
  "validation_inputs_sha256": "dcdb76db132fb211f64f5ef7aefd6f09458bc18613a216b9b5e8d2366e7dd62a",
  "seed": 3,
  "test_set_used": false,
  "hardware_validated": false
}

[one-gpu round 4] resume=200 stop_after=220
[train] confirm0923-a03-s3-e1000 params=14497 resume_epoch=200 initial_ebops=1477038
wandb: [wandb.login()] Loaded credentials for https://api.wandb.ai from WANDB_API_KEY.
wandb: Resuming run confirm0923-a03-s3-e1000-s3
wandb: 🚀 View run at https://wandb.ai/kayamaguchi-uc-san-diego/BNJetTag-Engram-Experimental/runs/7f7e973df917
[epoch 201/1000] EBOPs=323950 target=350000 beta=1.33e-06 val_AUC=0.828370 val_accuracy=0.551081 seconds=122.5 checkpoint=epoch-0201
[epoch 202/1000] EBOPs=295278 target=350000 beta=1.31e-06 val_AUC=0.828493 val_accuracy=0.544653 seconds=105.3 checkpoint=epoch-0202
[epoch 203/1000] EBOPs=345198 target=350000 beta=1.18e-06 val_AUC=0.828748 val_accuracy=0.539468 seconds=106.4 checkpoint=epoch-0203
[epoch 204/1000] EBOPs=335470 target=350000 beta=1.38e-06 val_AUC=0.842146 val_accuracy=0.574242 seconds=105.6 checkpoint=epoch-0204
[epoch 205/1000] EBOPs=353646 target=350000 beta=1.34e-06 val_AUC=0.833890 val_accuracy=0.551532 seconds=107.9 checkpoint=epoch-0205
[epoch 206/1000] EBOPs=282990 target=350000 beta=1.41e-06 val_AUC=0.822757 val_accuracy=0.534056 seconds=106.2 checkpoint=epoch-0206
[epoch 207/1000] EBOPs=302446 target=350000 beta=1.12e-06 val_AUC=0.834708 val_accuracy=0.565669 seconds=107.0 checkpoint=epoch-0207
[epoch 208/1000] EBOPs=344430 target=350000 beta=1.18e-06 val_AUC=0.844159 val_accuracy=0.579766 seconds=106.3 checkpoint=epoch-0208
[epoch 209/1000] EBOPs=335214 target=350000 beta=1.35e-06 val_AUC=0.829220 val_accuracy=0.534903 seconds=107.9 checkpoint=epoch-0209
[epoch 210/1000] EBOPs=341102 target=350000 beta=1.31e-06 val_AUC=0.827611 val_accuracy=0.553806 seconds=104.5 checkpoint=epoch-0210
[epoch 211/1000] EBOPs=309614 target=350000 beta=1.33e-06 val_AUC=0.834915 val_accuracy=0.560048 seconds=105.4 checkpoint=epoch-0211
[epoch 212/1000] EBOPs=350574 target=350000 beta=1.2e-06 val_AUC=0.842011 val_accuracy=0.571573 seconds=106.7 checkpoint=epoch-0212
[epoch 213/1000] EBOPs=312686 target=350000 beta=1.36e-06 val_AUC=0.830539 val_accuracy=0.542903 seconds=108.5 checkpoint=epoch-0213
[epoch 214/1000] EBOPs=325998 target=350000 beta=1.21e-06 val_AUC=0.837810 val_accuracy=0.561790 seconds=106.4 checkpoint=epoch-0214
[epoch 215/1000] EBOPs=377198 target=350000 beta=1.25e-06 val_AUC=0.842025 val_accuracy=0.565008 seconds=106.2 checkpoint=epoch-0215
[epoch 216/1000] EBOPs=312942 target=350000 beta=1.45e-06 val_AUC=0.836226 val_accuracy=0.552798 seconds=105.9 checkpoint=epoch-0216
[epoch 217/1000] EBOPs=335982 target=350000 beta=1.2e-06 val_AUC=0.846038 val_accuracy=0.566113 seconds=108.4 checkpoint=epoch-0217
[epoch 218/1000] EBOPs=319854 target=350000 beta=1.29e-06 val_AUC=0.821640 val_accuracy=0.542774 seconds=107.6 checkpoint=epoch-0218
[epoch 219/1000] EBOPs=347246 target=350000 beta=1.22e-06 val_AUC=0.842238 val_accuracy=0.577863 seconds=108.6 checkpoint=epoch-0219
[epoch 220/1000] EBOPs=299118 target=350000 beta=1.32e-06 val_AUC=0.831135 val_accuracy=0.547024 seconds=106.0 checkpoint=epoch-0220
wandb: updating run metadata
wandb: uploading output.log; uploading wandb-summary.json; uploading config.yaml
wandb: 🚀 View run confirm0923-a03-s3-e1000-s3 at: https://wandb.ai/kayamaguchi-uc-san-diego/BNJetTag-Engram-Experimental/runs/7f7e973df917
wandb: ⭐️ View project at: https://wandb.ai/kayamaguchi-uc-san-diego/BNJetTag-Engram-Experimental
wandb: Synced 5 W&B file(s), 0 media file(s), 0 artifact file(s) and 0 other file(s)
wandb: setting up run 7f7e973df917
wandb: Resuming run confirm0923-a03-s3-e1000
wandb: 🚀 View run at https://wandb.ai/kayamaguchi-uc-san-diego/BNJetTag-Engram-Experimental/runs/7f7e973df917
[wandb] artifact engram-review-confirm0923-a03-s3-e1000:v5 committed (10 files)
wandb: updating run metadata
wandb: uploading wandb-metadata.json; uploading requirements.txt; uploading output.log; uploading wandb-summary.json; uploading config.yaml
wandb: 🚀 View run confirm0923-a03-s3-e1000 at: https://wandb.ai/kayamaguchi-uc-san-diego/BNJetTag-Engram-Experimental/runs/7f7e973df917
wandb: ⭐️ View project at: https://wandb.ai/kayamaguchi-uc-san-diego/BNJetTag-Engram-Experimental
wandb: Synced 5 W&B file(s), 0 media file(s), 5 artifact file(s) and 0 other file(s)
{
  "selection_cost": 344430,
  "selection_cost_convention": "native_hgq2",
  "native_hgq2_backbone_ebops": 344430,
  "custom_estimated_bitops": 0,
  "modules": {},
  "warning": "Augmented total is not directly interchangeable with historical native HGQ2 totals.",
  "run": "confirm0923-a03-s3-e1000",
  "checkpoint": "model_best.keras",
  "checkpoint_sha256": "223f763ada756aaa541be83d68a45ee555a5bd44db67c40333eaf9d161ca38ba",
  "completed_epochs": 220,
  "selected": {
    "epoch": 207,
    "val_macro_auc": 0.8441588329368951,
    "val_categorical_accuracy": 0.5797661290322581,
    "ebops": 344430
  },
  "budget_met": true,
  "validation_accuracy": 0.5797661290322581,
  "validation_macro_auc": 0.8441588329368951,
  "validation_per_class_auc": [
    0.796627269173087,
    0.8382322616924442,
    0.8460007780072512,
    0.832538079776385,
    0.9073957760353085
  ],
  "validation_labels_sha256": "97dedf586443a035071a6ec1ef25acae6841bb0890fa3dfd801c6a3d72ec234e",
  "validation_inputs_sha256": "dcdb76db132fb211f64f5ef7aefd6f09458bc18613a216b9b5e8d2366e7dd62a",
  "seed": 3,
  "test_set_used": false,
  "hardware_validated": false
}

[one-gpu round 7] resume=220 stop_after=240
[train] confirm0923-a03-s3-e1000 params=14497 resume_epoch=220 initial_ebops=1477038
wandb: [wandb.login()] Loaded credentials for https://api.wandb.ai from WANDB_API_KEY.
wandb: Resuming run confirm0923-a03-s3-e1000-s3
wandb: 🚀 View run at https://wandb.ai/kayamaguchi-uc-san-diego/BNJetTag-Engram-Experimental/runs/7f7e973df917
[epoch 221/1000] EBOPs=337006 target=350000 beta=1.13e-06 val_AUC=0.834189 val_accuracy=0.548653 seconds=111.9 checkpoint=epoch-0221
[epoch 222/1000] EBOPs=333934 target=350000 beta=1.27e-06 val_AUC=0.836749 val_accuracy=0.558677 seconds=97.7 checkpoint=epoch-0222
[epoch 223/1000] EBOPs=343150 target=350000 beta=1.26e-06 val_AUC=0.834268 val_accuracy=0.552677 seconds=98.5 checkpoint=epoch-0223
[epoch 224/1000] EBOPs=368750 target=350000 beta=1.29e-06 val_AUC=0.849139 val_accuracy=0.582395 seconds=99.5 checkpoint=epoch-0224
[epoch 225/1000] EBOPs=277870 target=350000 beta=1.39e-06 val_AUC=0.826352 val_accuracy=0.540653 seconds=99.0 checkpoint=epoch-0225
wandb: Adding directory to artifact (/data/confirmation-20260923/architecture/runs/confirm0923-a03-s3-e1000/checkpoints/epoch-0225)... Done. 0.1s
[wandb] artifact resume-confirm0923-a03-s3-e1000:v8 committed (6 files)
[epoch 226/1000] EBOPs=361582 target=350000 beta=1.03e-06 val_AUC=0.849644 val_accuracy=0.586863 seconds=98.3 checkpoint=epoch-0226
[epoch 227/1000] EBOPs=358766 target=350000 beta=1.35e-06 val_AUC=0.847762 val_accuracy=0.581742 seconds=97.7 checkpoint=epoch-0227
[epoch 228/1000] EBOPs=346222 target=350000 beta=1.34e-06 val_AUC=0.839473 val_accuracy=0.571831 seconds=98.7 checkpoint=epoch-0228
[epoch 229/1000] EBOPs=332142 target=350000 beta=1.29e-06 val_AUC=0.844697 val_accuracy=0.579113 seconds=101.1 checkpoint=epoch-0229
[epoch 230/1000] EBOPs=316782 target=350000 beta=1.24e-06 val_AUC=0.822250 val_accuracy=0.540589 seconds=104.9 checkpoint=epoch-0230
[epoch 231/1000] EBOPs=324718 target=350000 beta=1.17e-06 val_AUC=0.837017 val_accuracy=0.561556 seconds=100.4 checkpoint=epoch-0231
[epoch 232/1000] EBOPs=341358 target=350000 beta=1.2e-06 val_AUC=0.847912 val_accuracy=0.576040 seconds=99.5 checkpoint=epoch-0232
[epoch 233/1000] EBOPs=361582 target=350000 beta=1.26e-06 val_AUC=0.833998 val_accuracy=0.553073 seconds=98.9 checkpoint=epoch-0233
[epoch 234/1000] EBOPs=337262 target=350000 beta=1.34e-06 val_AUC=0.845621 val_accuracy=0.578863 seconds=99.6 checkpoint=epoch-0234
[epoch 235/1000] EBOPs=329070 target=350000 beta=1.24e-06 val_AUC=0.843328 val_accuracy=0.568718 seconds=101.7 checkpoint=epoch-0235
[epoch 236/1000] EBOPs=361838 target=350000 beta=1.21e-06 val_AUC=0.826106 val_accuracy=0.539387 seconds=102.2 checkpoint=epoch-0236
[epoch 237/1000] EBOPs=328046 target=350000 beta=1.33e-06 val_AUC=0.838535 val_accuracy=0.567347 seconds=104.2 checkpoint=epoch-0237
[epoch 238/1000] EBOPs=303470 target=350000 beta=1.2e-06 val_AUC=0.836187 val_accuracy=0.564742 seconds=102.1 checkpoint=epoch-0238
[epoch 239/1000] EBOPs=289902 target=350000 beta=1.11e-06 val_AUC=0.832293 val_accuracy=0.557935 seconds=102.1 checkpoint=epoch-0239
[epoch 240/1000] EBOPs=326766 target=350000 beta=1.05e-06 val_AUC=0.831654 val_accuracy=0.543202 seconds=102.0 checkpoint=epoch-0240
wandb: updating run metadata
wandb: uploading config.yaml; uploading output.log; uploading wandb-summary.json
wandb: uploading history steps 235-236, summary, console lines 21-21
wandb: 🚀 View run confirm0923-a03-s3-e1000-s3 at: https://wandb.ai/kayamaguchi-uc-san-diego/BNJetTag-Engram-Experimental/runs/7f7e973df917
wandb: ⭐️ View project at: https://wandb.ai/kayamaguchi-uc-san-diego/BNJetTag-Engram-Experimental
wandb: Synced 5 W&B file(s), 0 media file(s), 6 artifact file(s) and 0 other file(s)
wandb: setting up run 7f7e973df917
wandb: Resuming run confirm0923-a03-s3-e1000
wandb: 🚀 View run at https://wandb.ai/kayamaguchi-uc-san-diego/BNJetTag-Engram-Experimental/runs/7f7e973df917
[wandb] artifact engram-review-confirm0923-a03-s3-e1000:v6 committed (10 files)
wandb: updating run metadata
wandb: uploading wandb-metadata.json; uploading requirements.txt; uploading output.log; uploading wandb-summary.json; uploading config.yaml
wandb: 🚀 View run confirm0923-a03-s3-e1000 at: https://wandb.ai/kayamaguchi-uc-san-diego/BNJetTag-Engram-Experimental/runs/7f7e973df917
wandb: ⭐️ View project at: https://wandb.ai/kayamaguchi-uc-san-diego/BNJetTag-Engram-Experimental
wandb: Synced 5 W&B file(s), 0 media file(s), 3 artifact file(s) and 0 other file(s)
{
  "selection_cost": 344430,
  "selection_cost_convention": "native_hgq2",
  "native_hgq2_backbone_ebops": 344430,
  "custom_estimated_bitops": 0,
  "modules": {},
  "warning": "Augmented total is not directly interchangeable with historical native HGQ2 totals.",
  "run": "confirm0923-a03-s3-e1000",
  "checkpoint": "model_best.keras",
  "checkpoint_sha256": "223f763ada756aaa541be83d68a45ee555a5bd44db67c40333eaf9d161ca38ba",
  "completed_epochs": 240,
  "selected": {
    "epoch": 207,
    "val_macro_auc": 0.8441588329368951,
    "val_categorical_accuracy": 0.5797661290322581,
    "ebops": 344430
  },
  "budget_met": true,
  "validation_accuracy": 0.5797661290322581,
  "validation_macro_auc": 0.8441588329368951,
  "validation_per_class_auc": [
    0.796627269173087,
    0.8382322616924442,
    0.8460007780072512,
    0.832538079776385,
    0.9073957760353085
  ],
  "validation_labels_sha256": "97dedf586443a035071a6ec1ef25acae6841bb0890fa3dfd801c6a3d72ec234e",
  "validation_inputs_sha256": "dcdb76db132fb211f64f5ef7aefd6f09458bc18613a216b9b5e8d2366e7dd62a",
  "seed": 3,
  "test_set_used": false,
  "hardware_validated": false
}

[one-gpu round 3] resume=240 stop_after=260
[train] confirm0923-a03-s3-e1000 params=14497 resume_epoch=240 initial_ebops=1477038
wandb: [wandb.login()] Loaded credentials for https://api.wandb.ai from WANDB_API_KEY.
wandb: Resuming run confirm0923-a03-s3-e1000-s3
wandb: 🚀 View run at https://wandb.ai/kayamaguchi-uc-san-diego/BNJetTag-Engram-Experimental/runs/7f7e973df917
[epoch 241/1000] EBOPs=354414 target=350000 beta=1.17e-06 val_AUC=0.849086 val_accuracy=0.587613 seconds=119.6 checkpoint=epoch-0241
[epoch 242/1000] EBOPs=336238 target=350000 beta=1.28e-06 val_AUC=0.838182 val_accuracy=0.566024 seconds=103.2 checkpoint=epoch-0242
[epoch 243/1000] EBOPs=355438 target=350000 beta=1.21e-06 val_AUC=0.845087 val_accuracy=0.582427 seconds=103.8 checkpoint=epoch-0243
[epoch 244/1000] EBOPs=317806 target=350000 beta=1.28e-06 val_AUC=0.836404 val_accuracy=0.560847 seconds=103.9 checkpoint=epoch-0244
[epoch 245/1000] EBOPs=350318 target=350000 beta=1.14e-06 val_AUC=0.842632 val_accuracy=0.571847 seconds=104.9 checkpoint=epoch-0245
[epoch 246/1000] EBOPs=365678 target=350000 beta=1.25e-06 val_AUC=0.846869 val_accuracy=0.580863 seconds=104.3 checkpoint=epoch-0246
[epoch 247/1000] EBOPs=344430 target=350000 beta=1.31e-06 val_AUC=0.851742 val_accuracy=0.582847 seconds=104.7 checkpoint=epoch-0247
[epoch 248/1000] EBOPs=334958 target=350000 beta=1.23e-06 val_AUC=0.838255 val_accuracy=0.561218 seconds=103.2 checkpoint=epoch-0248
[epoch 249/1000] EBOPs=347502 target=350000 beta=1.2e-06 val_AUC=0.836336 val_accuracy=0.551016 seconds=106.1 checkpoint=epoch-0249
[epoch 250/1000] EBOPs=328814 target=350000 beta=1.24e-06 val_AUC=0.842228 val_accuracy=0.571702 seconds=108.2 checkpoint=epoch-0250
wandb: Adding directory to artifact (/data/confirmation-20260923/architecture/runs/confirm0923-a03-s3-e1000/checkpoints/epoch-0250)... Done. 0.1s
[wandb] artifact resume-confirm0923-a03-s3-e1000:v9 committed (6 files)
[epoch 251/1000] EBOPs=314734 target=350000 beta=1.17e-06 val_AUC=0.835493 val_accuracy=0.554210 seconds=105.2 checkpoint=epoch-0251
[epoch 252/1000] EBOPs=354414 target=350000 beta=1.11e-06 val_AUC=0.843983 val_accuracy=0.582089 seconds=104.2 checkpoint=epoch-0252
[epoch 253/1000] EBOPs=307566 target=350000 beta=1.26e-06 val_AUC=0.833893 val_accuracy=0.553210 seconds=105.1 checkpoint=epoch-0253
[epoch 254/1000] EBOPs=320622 target=350000 beta=1.08e-06 val_AUC=0.836349 val_accuracy=0.564548 seconds=105.0 checkpoint=epoch-0254
[epoch 255/1000] EBOPs=317550 target=350000 beta=1.12e-06 val_AUC=0.839621 val_accuracy=0.566661 seconds=106.6 checkpoint=epoch-0255
[epoch 256/1000] EBOPs=340078 target=350000 beta=1.11e-06 val_AUC=0.834609 val_accuracy=0.546613 seconds=104.3 checkpoint=epoch-0256
[epoch 257/1000] EBOPs=345454 target=350000 beta=1.18e-06 val_AUC=0.848717 val_accuracy=0.576556 seconds=113.8 checkpoint=epoch-0257
[epoch 258/1000] EBOPs=316526 target=350000 beta=1.2e-06 val_AUC=0.816047 val_accuracy=0.534250 seconds=113.7 checkpoint=epoch-0258
[epoch 259/1000] EBOPs=352366 target=350000 beta=1.1e-06 val_AUC=0.844434 val_accuracy=0.571976 seconds=110.3 checkpoint=epoch-0259
[epoch 260/1000] EBOPs=325742 target=350000 beta=1.22e-06 val_AUC=0.833097 val_accuracy=0.550524 seconds=108.3 checkpoint=epoch-0260
wandb: updating run metadata
wandb: uploading output.log; uploading wandb-summary.json; uploading config.yaml
wandb: 🚀 View run confirm0923-a03-s3-e1000-s3 at: https://wandb.ai/kayamaguchi-uc-san-diego/BNJetTag-Engram-Experimental/runs/7f7e973df917
wandb: ⭐️ View project at: https://wandb.ai/kayamaguchi-uc-san-diego/BNJetTag-Engram-Experimental
wandb: Synced 5 W&B file(s), 0 media file(s), 5 artifact file(s) and 0 other file(s)
wandb: setting up run 7f7e973df917
wandb: Resuming run confirm0923-a03-s3-e1000
wandb: 🚀 View run at https://wandb.ai/kayamaguchi-uc-san-diego/BNJetTag-Engram-Experimental/runs/7f7e973df917
[wandb] artifact engram-review-confirm0923-a03-s3-e1000:v7 committed (10 files)
wandb: updating run metadata
wandb: uploading wandb-metadata.json; uploading requirements.txt; uploading output.log; uploading wandb-summary.json; uploading config.yaml
wandb: 🚀 View run confirm0923-a03-s3-e1000 at: https://wandb.ai/kayamaguchi-uc-san-diego/BNJetTag-Engram-Experimental/runs/7f7e973df917
wandb: ⭐️ View project at: https://wandb.ai/kayamaguchi-uc-san-diego/BNJetTag-Engram-Experimental
wandb: Synced 5 W&B file(s), 0 media file(s), 5 artifact file(s) and 0 other file(s)
{
  "selection_cost": 344430,
  "selection_cost_convention": "native_hgq2",
  "native_hgq2_backbone_ebops": 344430,
  "custom_estimated_bitops": 0,
  "modules": {},
  "warning": "Augmented total is not directly interchangeable with historical native HGQ2 totals.",
  "run": "confirm0923-a03-s3-e1000",
  "checkpoint": "model_best.keras",
  "checkpoint_sha256": "1f1b65dbea09445bed447f993e014a3ff9078e270fae649c5e65dbd14d2b31a2",
  "completed_epochs": 260,
  "selected": {
    "epoch": 246,
    "val_macro_auc": 0.8517421976582735,
    "val_categorical_accuracy": 0.5828467741935484,
    "ebops": 344430
  },
  "budget_met": true,
  "validation_accuracy": 0.5828467741935484,
  "validation_macro_auc": 0.8517421976582735,
  "validation_per_class_auc": [
    0.8035812587607041,
    0.8551729565424157,
    0.8531568129486706,
    0.8373873874894987,
    0.9094125725500786
  ],
  "validation_labels_sha256": "97dedf586443a035071a6ec1ef25acae6841bb0890fa3dfd801c6a3d72ec234e",
  "validation_inputs_sha256": "dcdb76db132fb211f64f5ef7aefd6f09458bc18613a216b9b5e8d2366e7dd62a",
  "seed": 3,
  "test_set_used": false,
  "hardware_validated": false
}

[one-gpu round 7] resume=260 stop_after=280
[train] confirm0923-a03-s3-e1000 params=14497 resume_epoch=260 initial_ebops=1477038
wandb: [wandb.login()] Loaded credentials for https://api.wandb.ai from WANDB_API_KEY.
wandb: Resuming run confirm0923-a03-s3-e1000-s3
wandb: 🚀 View run at https://wandb.ai/kayamaguchi-uc-san-diego/BNJetTag-Engram-Experimental/runs/7f7e973df917
[epoch 261/1000] EBOPs=325998 target=350000 beta=1.12e-06 val_AUC=0.838153 val_accuracy=0.566355 seconds=127.3 checkpoint=epoch-0261
[epoch 262/1000] EBOPs=341358 target=350000 beta=1.12e-06 val_AUC=0.842397 val_accuracy=0.558637 seconds=112.3 checkpoint=epoch-0262
[epoch 263/1000] EBOPs=339054 target=350000 beta=1.17e-06 val_AUC=0.845804 val_accuracy=0.577435 seconds=116.6 checkpoint=epoch-0263
[epoch 264/1000] EBOPs=298094 target=350000 beta=1.16e-06 val_AUC=0.832141 val_accuracy=0.554266 seconds=111.1 checkpoint=epoch-0264
[epoch 265/1000] EBOPs=354670 target=350000 beta=1.01e-06 val_AUC=0.837115 val_accuracy=0.564411 seconds=110.4 checkpoint=epoch-0265
[epoch 266/1000] EBOPs=337262 target=350000 beta=1.21e-06 val_AUC=0.845037 val_accuracy=0.577750 seconds=112.4 checkpoint=epoch-0266
[epoch 267/1000] EBOPs=351598 target=350000 beta=1.15e-06 val_AUC=0.836581 val_accuracy=0.568919 seconds=110.6 checkpoint=epoch-0267
[epoch 268/1000] EBOPs=340334 target=350000 beta=1.2e-06 val_AUC=0.846951 val_accuracy=0.580790 seconds=112.3 checkpoint=epoch-0268
[epoch 269/1000] EBOPs=342382 target=350000 beta=1.16e-06 val_AUC=0.842732 val_accuracy=0.547484 seconds=112.3 checkpoint=epoch-0269
[epoch 270/1000] EBOPs=355438 target=350000 beta=1.16e-06 val_AUC=0.845535 val_accuracy=0.576944 seconds=112.7 checkpoint=epoch-0270
[epoch 271/1000] EBOPs=314478 target=350000 beta=1.21e-06 val_AUC=0.834132 val_accuracy=0.558298 seconds=114.7 checkpoint=epoch-0271
[epoch 272/1000] EBOPs=339054 target=350000 beta=1.06e-06 val_AUC=0.838576 val_accuracy=0.577710 seconds=113.7 checkpoint=epoch-0272
[epoch 273/1000] EBOPs=353390 target=350000 beta=1.14e-06 val_AUC=0.839208 val_accuracy=0.562500 seconds=113.0 checkpoint=epoch-0273
[epoch 274/1000] EBOPs=347246 target=350000 beta=1.19e-06 val_AUC=0.839085 val_accuracy=0.564968 seconds=111.9 checkpoint=epoch-0274
[epoch 275/1000] EBOPs=342382 target=350000 beta=1.17e-06 val_AUC=0.838743 val_accuracy=0.561040 seconds=111.1 checkpoint=epoch-0275
wandb: Adding directory to artifact (/data/confirmation-20260923/architecture/runs/confirm0923-a03-s3-e1000/checkpoints/epoch-0275)... Done. 0.1s
[wandb] artifact resume-confirm0923-a03-s3-e1000:v10 committed (6 files)
[epoch 276/1000] EBOPs=343406 target=350000 beta=1.15e-06 val_AUC=0.823200 val_accuracy=0.529895 seconds=110.6 checkpoint=epoch-0276
[epoch 277/1000] EBOPs=334958 target=350000 beta=1.16e-06 val_AUC=0.847454 val_accuracy=0.584331 seconds=110.1 checkpoint=epoch-0277
[epoch 278/1000] EBOPs=355438 target=350000 beta=1.12e-06 val_AUC=0.844165 val_accuracy=0.579605 seconds=110.7 checkpoint=epoch-0278
[epoch 279/1000] EBOPs=322670 target=350000 beta=1.19e-06 val_AUC=0.815125 val_accuracy=0.511952 seconds=110.6 checkpoint=epoch-0279
[epoch 280/1000] EBOPs=320622 target=350000 beta=1.08e-06 val_AUC=0.841725 val_accuracy=0.565927 seconds=110.5 checkpoint=epoch-0280
wandb: updating run metadata
wandb: uploading output.log; uploading wandb-summary.json; uploading config.yaml
wandb: uploading history steps 275-276, summary, console lines 21-21
wandb: 🚀 View run confirm0923-a03-s3-e1000-s3 at: https://wandb.ai/kayamaguchi-uc-san-diego/BNJetTag-Engram-Experimental/runs/7f7e973df917
wandb: ⭐️ View project at: https://wandb.ai/kayamaguchi-uc-san-diego/BNJetTag-Engram-Experimental
wandb: Synced 5 W&B file(s), 0 media file(s), 4 artifact file(s) and 0 other file(s)
wandb: setting up run 7f7e973df917
wandb: Resuming run confirm0923-a03-s3-e1000
wandb: 🚀 View run at https://wandb.ai/kayamaguchi-uc-san-diego/BNJetTag-Engram-Experimental/runs/7f7e973df917
[wandb] artifact engram-review-confirm0923-a03-s3-e1000:v8 committed (10 files)
wandb: updating run metadata
wandb: uploading summary, console lines 0-0
wandb: 🚀 View run confirm0923-a03-s3-e1000 at: https://wandb.ai/kayamaguchi-uc-san-diego/BNJetTag-Engram-Experimental/runs/7f7e973df917
wandb: ⭐️ View project at: https://wandb.ai/kayamaguchi-uc-san-diego/BNJetTag-Engram-Experimental
wandb: Synced 5 W&B file(s), 0 media file(s), 5 artifact file(s) and 0 other file(s)
{
  "selection_cost": 334958,
  "selection_cost_convention": "native_hgq2",
  "native_hgq2_backbone_ebops": 334958,
  "custom_estimated_bitops": 0,
  "modules": {},
  "warning": "Augmented total is not directly interchangeable with historical native HGQ2 totals.",
  "run": "confirm0923-a03-s3-e1000",
  "checkpoint": "model_best.keras",
  "checkpoint_sha256": "5e9b766d909f9162fd9acabbf2282f307d9794cb972d5fe1d45a1f6269a3646a",
  "completed_epochs": 280,
  "selected": {
    "epoch": 276,
    "val_macro_auc": 0.8474543851708887,
    "val_categorical_accuracy": 0.5843306451612903,
    "ebops": 334958
  },
  "budget_met": true,
  "validation_accuracy": 0.5843306451612903,
  "validation_macro_auc": 0.8474543851708887,
  "validation_per_class_auc": [
    0.8036461201755407,
    0.8512693246553876,
    0.8470239283083822,
    0.8317777097525514,
    0.9035548429625813
  ],
  "validation_labels_sha256": "97dedf586443a035071a6ec1ef25acae6841bb0890fa3dfd801c6a3d72ec234e",
  "validation_inputs_sha256": "dcdb76db132fb211f64f5ef7aefd6f09458bc18613a216b9b5e8d2366e7dd62a",
  "seed": 3,
  "test_set_used": false,
  "hardware_validated": false
}

[one-gpu round 10] resume=280 stop_after=300
[train] confirm0923-a03-s3-e1000 params=14497 resume_epoch=280 initial_ebops=1477038
wandb: [wandb.login()] Loaded credentials for https://api.wandb.ai from WANDB_API_KEY.
wandb: Resuming run confirm0923-a03-s3-e1000-s3
wandb: 🚀 View run at https://wandb.ai/kayamaguchi-uc-san-diego/BNJetTag-Engram-Experimental/runs/7f7e973df917
[epoch 281/1000] EBOPs=300398 target=350000 beta=1.07e-06 val_AUC=0.829986 val_accuracy=0.540677 seconds=117.1 checkpoint=epoch-0281
[epoch 282/1000] EBOPs=340334 target=350000 beta=9.93e-07 val_AUC=0.831063 val_accuracy=0.554331 seconds=98.6 checkpoint=epoch-0282
[epoch 283/1000] EBOPs=288878 target=350000 beta=1.12e-06 val_AUC=0.820089 val_accuracy=0.529339 seconds=101.8 checkpoint=epoch-0283
[epoch 284/1000] EBOPs=322670 target=350000 beta=9.45e-07 val_AUC=0.828639 val_accuracy=0.545540 seconds=103.9 checkpoint=epoch-0284
[epoch 285/1000] EBOPs=341358 target=350000 beta=1.05e-06 val_AUC=0.832664 val_accuracy=0.538685 seconds=100.2 checkpoint=epoch-0285
[epoch 286/1000] EBOPs=332910 target=350000 beta=1.11e-06 val_AUC=0.842954 val_accuracy=0.571903 seconds=102.2 checkpoint=epoch-0286
[epoch 287/1000] EBOPs=349550 target=350000 beta=1.08e-06 val_AUC=0.840326 val_accuracy=0.566806 seconds=104.2 checkpoint=epoch-0287
[epoch 288/1000] EBOPs=333934 target=350000 beta=1.13e-06 val_AUC=0.845020 val_accuracy=0.571548 seconds=107.7 checkpoint=epoch-0288
[epoch 289/1000] EBOPs=314478 target=350000 beta=1.08e-06 val_AUC=0.829963 val_accuracy=0.542694 seconds=114.7 checkpoint=epoch-0289
[epoch 290/1000] EBOPs=346222 target=350000 beta=1.01e-06 val_AUC=0.827147 val_accuracy=0.531968 seconds=117.2 checkpoint=epoch-0290
[epoch 291/1000] EBOPs=346222 target=350000 beta=1.11e-06 val_AUC=0.842787 val_accuracy=0.572798 seconds=106.6 checkpoint=epoch-0291
[epoch 292/1000] EBOPs=308590 target=350000 beta=1.11e-06 val_AUC=0.839105 val_accuracy=0.560677 seconds=103.6 checkpoint=epoch-0292
[epoch 293/1000] EBOPs=352366 target=350000 beta=9.86e-07 val_AUC=0.841699 val_accuracy=0.574984 seconds=105.7 checkpoint=epoch-0293
[epoch 294/1000] EBOPs=354414 target=350000 beta=1.13e-06 val_AUC=0.845044 val_accuracy=0.568548 seconds=104.9 checkpoint=epoch-0294
[epoch 295/1000] EBOPs=319854 target=350000 beta=1.13e-06 val_AUC=0.835566 val_accuracy=0.556153 seconds=112.3 checkpoint=epoch-0295
[epoch 296/1000] EBOPs=338286 target=350000 beta=1.02e-06 val_AUC=0.841244 val_accuracy=0.567637 seconds=105.9 checkpoint=epoch-0296
[epoch 297/1000] EBOPs=312686 target=350000 beta=1.08e-06 val_AUC=0.841045 val_accuracy=0.558137 seconds=107.0 checkpoint=epoch-0297
[epoch 298/1000] EBOPs=348270 target=350000 beta=9.88e-07 val_AUC=0.833967 val_accuracy=0.559718 seconds=100.8 checkpoint=epoch-0298
[epoch 299/1000] EBOPs=333934 target=350000 beta=1.1e-06 val_AUC=0.826879 val_accuracy=0.531105 seconds=102.1 checkpoint=epoch-0299
[epoch 300/1000] EBOPs=323694 target=350000 beta=1.05e-06 val_AUC=0.842558 val_accuracy=0.570823 seconds=102.6 checkpoint=epoch-0300
wandb: Adding directory to artifact (/data/confirmation-20260923/architecture/runs/confirm0923-a03-s3-e1000/checkpoints/epoch-0300)... Done. 0.1s
[wandb] artifact resume-confirm0923-a03-s3-e1000:v11 committed (6 files)
wandb: updating run metadata
wandb: uploading output.log; uploading wandb-summary.json; uploading config.yaml
wandb: 🚀 View run confirm0923-a03-s3-e1000-s3 at: https://wandb.ai/kayamaguchi-uc-san-diego/BNJetTag-Engram-Experimental/runs/7f7e973df917
wandb: ⭐️ View project at: https://wandb.ai/kayamaguchi-uc-san-diego/BNJetTag-Engram-Experimental
wandb: Synced 5 W&B file(s), 0 media file(s), 5 artifact file(s) and 0 other file(s)
Traceback (most recent call last):
  File "/work/code/run_engram.py", line 464, in <module>
    main()
  File "/work/code/run_engram.py", line 454, in main
    train(args)
  File "/work/code/run_engram.py", line 275, in train
    np.testing.assert_allclose([auc, accuracy],
  File "/usr/local/lib/python3.12/site-packages/numpy/testing/_private/utils.py", line 1780, in assert_allclose
    assert_array_compare(compare, actual, desired, err_msg=str(err_msg),
  File "/usr/local/lib/python3.12/site-packages/numpy/testing/_private/utils.py", line 988, in assert_array_compare
    raise AssertionError(msg)
AssertionError: 
Not equal to tolerance rtol=0, atol=1e-07

Mismatched elements: 1 / 2 (50%)
Mismatch at index:
 [0]: 0.8474542753363193 (ACTUAL), 0.8474543851708887 (DESIRED)
Max absolute difference among violations: 1.09834569e-07
Max relative difference among violations: 1.29605288e-07
 ACTUAL: array([0.847454, 0.584331])
 DESIRED: array([0.847454, 0.584331])
