[train] confirm0923-a03-s2-e1000 params=14497 resume_epoch=86 initial_ebops=1477038
wandb: [wandb.login()] Loaded credentials for https://api.wandb.ai from WANDB_API_KEY.
wandb: setting up run ffba08ecd4ca
wandb: Resuming run confirm0923-a03-s2-e1000-s2
wandb: 🚀 View run at https://wandb.ai/kayamaguchi-uc-san-diego/BNJetTag-Engram-Experimental/runs/ffba08ecd4ca
[epoch 87/1000] EBOPs=653582 target=350000 beta=2.02e-06 val_AUC=0.848180 val_accuracy=0.567597 seconds=104.0 checkpoint=epoch-0087
[epoch 88/1000] EBOPs=653582 target=350000 beta=2.06e-06 val_AUC=0.849298 val_accuracy=0.578242 seconds=90.4 checkpoint=epoch-0088
[epoch 89/1000] EBOPs=653582 target=350000 beta=2.12e-06 val_AUC=0.848652 val_accuracy=0.580782 seconds=90.5 checkpoint=epoch-0089
[epoch 90/1000] EBOPs=637198 target=350000 beta=2.19e-06 val_AUC=0.848358 val_accuracy=0.572210 seconds=102.5 checkpoint=epoch-0090
[epoch 91/1000] EBOPs=587278 target=350000 beta=2.2e-06 val_AUC=0.848042 val_accuracy=0.582702 seconds=101.5 checkpoint=epoch-0091
[epoch 92/1000] EBOPs=556302 target=350000 beta=2.08e-06 val_AUC=0.847414 val_accuracy=0.575790 seconds=103.0 checkpoint=epoch-0092
[epoch 93/1000] EBOPs=518414 target=350000 beta=2.02e-06 val_AUC=0.838718 val_accuracy=0.542040 seconds=104.2 checkpoint=epoch-0093
[epoch 94/1000] EBOPs=506382 target=350000 beta=1.92e-06 val_AUC=0.842224 val_accuracy=0.568040 seconds=101.3 checkpoint=epoch-0094
[epoch 95/1000] EBOPs=490766 target=350000 beta=1.91e-06 val_AUC=0.843148 val_accuracy=0.566984 seconds=103.2 checkpoint=epoch-0095
[epoch 96/1000] EBOPs=490766 target=350000 beta=1.88e-06 val_AUC=0.844795 val_accuracy=0.576637 seconds=92.3 checkpoint=epoch-0096
[epoch 97/1000] EBOPs=474382 target=350000 beta=1.91e-06 val_AUC=0.843046 val_accuracy=0.574298 seconds=102.9 checkpoint=epoch-0097
[epoch 98/1000] EBOPs=449806 target=350000 beta=1.88e-06 val_AUC=0.835429 val_accuracy=0.555452 seconds=103.8 checkpoint=epoch-0098
[epoch 99/1000] EBOPs=457998 target=350000 beta=1.8e-06 val_AUC=0.838566 val_accuracy=0.561000 seconds=93.4 checkpoint=epoch-0099
[epoch 100/1000] EBOPs=445710 target=350000 beta=1.86e-06 val_AUC=0.833991 val_accuracy=0.553452 seconds=101.2 checkpoint=epoch-0100
wandb: Adding directory to artifact (/data/confirmation-20260923/architecture/runs/confirm0923-a03-s2-e1000/checkpoints/epoch-0100)... Done. 0.1s
[wandb] artifact resume-confirm0923-a03-s2-e1000:v3 committed (5 files)
[epoch 101/1000] EBOPs=457998 target=350000 beta=1.83e-06 val_AUC=0.838256 val_accuracy=0.565855 seconds=91.3 checkpoint=epoch-0101
[epoch 102/1000] EBOPs=445710 target=350000 beta=1.91e-06 val_AUC=0.832275 val_accuracy=0.548153 seconds=92.3 checkpoint=epoch-0102
[epoch 103/1000] EBOPs=425230 target=350000 beta=1.88e-06 val_AUC=0.822968 val_accuracy=0.541290 seconds=103.5 checkpoint=epoch-0103
[epoch 104/1000] EBOPs=421134 target=350000 beta=1.81e-06 val_AUC=0.826335 val_accuracy=0.538274 seconds=102.4 checkpoint=epoch-0104
[epoch 105/1000] EBOPs=424462 target=350000 beta=1.81e-06 val_AUC=0.831906 val_accuracy=0.552694 seconds=92.5 checkpoint=epoch-0105
[epoch 106/1000] EBOPs=431630 target=350000 beta=1.84e-06 val_AUC=0.838793 val_accuracy=0.566258 seconds=92.7 checkpoint=epoch-0106
[epoch 107/1000] EBOPs=419342 target=350000 beta=1.89e-06 val_AUC=0.830085 val_accuracy=0.549097 seconds=105.1 checkpoint=epoch-0107
[epoch 108/1000] EBOPs=413198 target=350000 beta=1.85e-06 val_AUC=0.833011 val_accuracy=0.555992 seconds=103.8 checkpoint=epoch-0108
[epoch 109/1000] EBOPs=413198 target=350000 beta=1.84e-06 val_AUC=0.833036 val_accuracy=0.556113 seconds=96.1 checkpoint=epoch-0109
[epoch 110/1000] EBOPs=429582 target=350000 beta=1.86e-06 val_AUC=0.840724 val_accuracy=0.572718 seconds=93.5 checkpoint=epoch-0110
[epoch 111/1000] EBOPs=423438 target=350000 beta=1.95e-06 val_AUC=0.834986 val_accuracy=0.555968 seconds=94.0 checkpoint=epoch-0111
[epoch 112/1000] EBOPs=421390 target=350000 beta=1.94e-06 val_AUC=0.836740 val_accuracy=0.558355 seconds=93.2 checkpoint=epoch-0112
[epoch 113/1000] EBOPs=412430 target=350000 beta=1.95e-06 val_AUC=0.835871 val_accuracy=0.556355 seconds=95.1 checkpoint=epoch-0113
[epoch 114/1000] EBOPs=400142 target=350000 beta=1.92e-06 val_AUC=0.823020 val_accuracy=0.535403 seconds=92.4 checkpoint=epoch-0114
[epoch 115/1000] EBOPs=422670 target=350000 beta=1.88e-06 val_AUC=0.841639 val_accuracy=0.570331 seconds=90.7 checkpoint=epoch-0115
[epoch 116/1000] EBOPs=413198 target=350000 beta=2e-06 val_AUC=0.839579 val_accuracy=0.567855 seconds=91.2 checkpoint=epoch-0116
[epoch 117/1000] EBOPs=402958 target=350000 beta=1.98e-06 val_AUC=0.829386 val_accuracy=0.544815 seconds=90.7 checkpoint=epoch-0117
[epoch 118/1000] EBOPs=410990 target=350000 beta=1.94e-06 val_AUC=0.833808 val_accuracy=0.558282 seconds=91.5 checkpoint=epoch-0118
