[train] confirm0923-a00-s3-e1000 params=20715 resume_epoch=2 initial_ebops=1739182
wandb: [wandb.login()] Loaded credentials for https://api.wandb.ai from WANDB_API_KEY.
wandb: Resuming run confirm0923-a00-s3-e1000-s3
wandb: 🚀 View run at https://wandb.ai/kayamaguchi-uc-san-diego/BNJetTag-Engram-Experimental/runs/a47d25e9ddf8
[epoch 3/1000] EBOPs=1739182 target=350000 beta=1e-07 val_AUC=0.809093 val_accuracy=0.520508 seconds=159.1 checkpoint=epoch-0003
[epoch 4/1000] EBOPs=1739182 target=350000 beta=1e-07 val_AUC=0.820448 val_accuracy=0.546710 seconds=143.0 checkpoint=epoch-0004
[epoch 5/1000] EBOPs=1739182 target=350000 beta=1e-07 val_AUC=0.826905 val_accuracy=0.547798 seconds=128.9 checkpoint=epoch-0005
[epoch 6/1000] EBOPs=1739182 target=350000 beta=1e-07 val_AUC=0.830223 val_accuracy=0.559492 seconds=137.2 checkpoint=epoch-0006
[epoch 7/1000] EBOPs=1739182 target=350000 beta=1e-07 val_AUC=0.837123 val_accuracy=0.568815 seconds=118.3 checkpoint=epoch-0007
[epoch 8/1000] EBOPs=1739182 target=350000 beta=1e-07 val_AUC=0.841684 val_accuracy=0.574556 seconds=113.9 checkpoint=epoch-0008
[epoch 9/1000] EBOPs=1739182 target=350000 beta=1e-07 val_AUC=0.844800 val_accuracy=0.576823 seconds=142.3 checkpoint=epoch-0009
[epoch 10/1000] EBOPs=1739182 target=350000 beta=1e-07 val_AUC=0.847288 val_accuracy=0.587895 seconds=119.3 checkpoint=epoch-0010
[epoch 11/1000] EBOPs=1739182 target=350000 beta=1e-07 val_AUC=0.849762 val_accuracy=0.588806 seconds=114.1 checkpoint=epoch-0011
[epoch 12/1000] EBOPs=1739182 target=350000 beta=1.08e-07 val_AUC=0.850999 val_accuracy=0.586694 seconds=111.8 checkpoint=epoch-0012
[epoch 13/1000] EBOPs=1554734 target=350000 beta=1.17e-07 val_AUC=0.852357 val_accuracy=0.591556 seconds=128.2 checkpoint=epoch-0013
[epoch 14/1000] EBOPs=1523438 target=350000 beta=1.13e-07 val_AUC=0.852373 val_accuracy=0.595153 seconds=106.3 checkpoint=epoch-0014
[epoch 15/1000] EBOPs=1500137 target=350000 beta=1.19e-07 val_AUC=0.855153 val_accuracy=0.597532 seconds=117.9 checkpoint=epoch-0015
[epoch 16/1000] EBOPs=1479056 target=350000 beta=1.26e-07 val_AUC=0.856387 val_accuracy=0.599347 seconds=107.9 checkpoint=epoch-0016
[epoch 17/1000] EBOPs=1468624 target=350000 beta=1.34e-07 val_AUC=0.857385 val_accuracy=0.606282 seconds=115.3 checkpoint=epoch-0017
[epoch 18/1000] EBOPs=1459408 target=350000 beta=1.43e-07 val_AUC=0.858415 val_accuracy=0.598855 seconds=115.9 checkpoint=epoch-0018
[epoch 19/1000] EBOPs=1451339 target=350000 beta=1.52e-07 val_AUC=0.859181 val_accuracy=0.603403 seconds=131.5 checkpoint=epoch-0019
[epoch 20/1000] EBOPs=1449355 target=350000 beta=1.63e-07 val_AUC=0.859629 val_accuracy=0.606476 seconds=123.3 checkpoint=epoch-0020
[epoch 21/1000] EBOPs=1445382 target=350000 beta=1.74e-07 val_AUC=0.860221 val_accuracy=0.606250 seconds=107.0 checkpoint=epoch-0021
[epoch 22/1000] EBOPs=1443974 target=350000 beta=1.87e-07 val_AUC=0.862254 val_accuracy=0.608637 seconds=118.1 checkpoint=epoch-0022
[epoch 23/1000] EBOPs=1439110 target=350000 beta=2e-07 val_AUC=0.859274 val_accuracy=0.607855 seconds=134.8 checkpoint=epoch-0023
[epoch 24/1000] EBOPs=1435398 target=350000 beta=2.14e-07 val_AUC=0.860714 val_accuracy=0.607976 seconds=135.0 checkpoint=epoch-0024
[epoch 25/1000] EBOPs=1433798 target=350000 beta=2.29e-07 val_AUC=0.861122 val_accuracy=0.605395 seconds=126.9 checkpoint=epoch-0025
wandb: Adding directory to artifact (/data/confirmation-20260923/architecture/runs/confirm0923-a00-s3-e1000/checkpoints/epoch-0025)... Done. 0.1s
[wandb] artifact resume-confirm0923-a00-s3-e1000:v0 committed (5 files)
[epoch 26/1000] EBOPs=1430918 target=350000 beta=2.46e-07 val_AUC=0.861548 val_accuracy=0.601008 seconds=115.2 checkpoint=epoch-0026
[epoch 27/1000] EBOPs=1430475 target=350000 beta=2.63e-07 val_AUC=0.860128 val_accuracy=0.609589 seconds=119.9 checkpoint=epoch-0027
[epoch 28/1000] EBOPs=1428747 target=350000 beta=2.82e-07 val_AUC=0.860794 val_accuracy=0.610726 seconds=120.6 checkpoint=epoch-0028
[epoch 29/1000] EBOPs=1427964 target=350000 beta=3.02e-07 val_AUC=0.863108 val_accuracy=0.608750 seconds=128.6 checkpoint=epoch-0029
[epoch 30/1000] EBOPs=1424316 target=350000 beta=3.24e-07 val_AUC=0.863810 val_accuracy=0.609790 seconds=111.5 checkpoint=epoch-0030
[epoch 31/1000] EBOPs=1423228 target=350000 beta=3.47e-07 val_AUC=0.864493 val_accuracy=0.616218 seconds=104.9 checkpoint=epoch-0031
[epoch 32/1000] EBOPs=1422849 target=350000 beta=3.72e-07 val_AUC=0.864549 val_accuracy=0.615815 seconds=107.8 checkpoint=epoch-0032
[epoch 33/1000] EBOPs=1421441 target=350000 beta=3.99e-07 val_AUC=0.864702 val_accuracy=0.613000 seconds=111.0 checkpoint=epoch-0033
[epoch 34/1000] EBOPs=1417921 target=350000 beta=4.27e-07 val_AUC=0.866032 val_accuracy=0.614774 seconds=112.8 checkpoint=epoch-0034
[epoch 35/1000] EBOPs=1415425 target=350000 beta=4.57e-07 val_AUC=0.864184 val_accuracy=0.609581 seconds=118.6 checkpoint=epoch-0035
[epoch 36/1000] EBOPs=1416065 target=350000 beta=4.89e-07 val_AUC=0.863072 val_accuracy=0.610339 seconds=112.2 checkpoint=epoch-0036
[epoch 37/1000] EBOPs=1413633 target=350000 beta=5.25e-07 val_AUC=0.864837 val_accuracy=0.614411 seconds=133.9 checkpoint=epoch-0037
[epoch 38/1000] EBOPs=1368193 target=350000 beta=5.62e-07 val_AUC=0.865402 val_accuracy=0.613726 seconds=118.0 checkpoint=epoch-0038
[epoch 39/1000] EBOPs=1341788 target=350000 beta=5.82e-07 val_AUC=0.865214 val_accuracy=0.613831 seconds=118.1 checkpoint=epoch-0039
[epoch 40/1000] EBOPs=1307329 target=350000 beta=6.11e-07 val_AUC=0.866330 val_accuracy=0.613242 seconds=107.7 checkpoint=epoch-0040
[epoch 41/1000] EBOPs=1280993 target=350000 beta=6.36e-07 val_AUC=0.864965 val_accuracy=0.614258 seconds=110.6 checkpoint=epoch-0041
[epoch 42/1000] EBOPs=1263356 target=350000 beta=6.64e-07 val_AUC=0.868570 val_accuracy=0.617492 seconds=113.1 checkpoint=epoch-0042
[epoch 43/1000] EBOPs=1250972 target=350000 beta=6.99e-07 val_AUC=0.864791 val_accuracy=0.609589 seconds=145.1 checkpoint=epoch-0043
[epoch 44/1000] EBOPs=1234135 target=350000 beta=7.37e-07 val_AUC=0.863413 val_accuracy=0.606016 seconds=131.4 checkpoint=epoch-0044
[epoch 45/1000] EBOPs=1221943 target=350000 beta=7.75e-07 val_AUC=0.867919 val_accuracy=0.619935 seconds=131.1 checkpoint=epoch-0045
[epoch 46/1000] EBOPs=1206231 target=350000 beta=8.17e-07 val_AUC=0.867265 val_accuracy=0.620242 seconds=124.1 checkpoint=epoch-0046
[epoch 47/1000] EBOPs=1194775 target=350000 beta=8.58e-07 val_AUC=0.866564 val_accuracy=0.615911 seconds=110.2 checkpoint=epoch-0047
[epoch 48/1000] EBOPs=1179799 target=350000 beta=9.03e-07 val_AUC=0.865822 val_accuracy=0.615395 seconds=131.2 checkpoint=epoch-0048
[epoch 49/1000] EBOPs=1169175 target=350000 beta=9.48e-07 val_AUC=0.865724 val_accuracy=0.617532 seconds=153.9 checkpoint=epoch-0049
[epoch 50/1000] EBOPs=1158258 target=350000 beta=9.98e-07 val_AUC=0.867956 val_accuracy=0.617492 seconds=135.2 checkpoint=epoch-0050
wandb: Adding directory to artifact (/data/confirmation-20260923/architecture/runs/confirm0923-a00-s3-e1000/checkpoints/epoch-0050)... Done. 0.1s
[wandb] artifact resume-confirm0923-a00-s3-e1000:v1 committed (5 files)
[epoch 51/1000] EBOPs=1148594 target=350000 beta=1.05e-06 val_AUC=0.862839 val_accuracy=0.608040 seconds=117.8 checkpoint=epoch-0051
[epoch 52/1000] EBOPs=1137970 target=350000 beta=1.1e-06 val_AUC=0.866228 val_accuracy=0.617952 seconds=112.5 checkpoint=epoch-0052
[epoch 53/1000] EBOPs=1132845 target=350000 beta=1.16e-06 val_AUC=0.866990 val_accuracy=0.617863 seconds=154.8 checkpoint=epoch-0053
[epoch 54/1000] EBOPs=1125645 target=350000 beta=1.23e-06 val_AUC=0.866452 val_accuracy=0.613242 seconds=113.0 checkpoint=epoch-0054
[epoch 55/1000] EBOPs=1120269 target=350000 beta=1.29e-06 val_AUC=0.865147 val_accuracy=0.609508 seconds=117.1 checkpoint=epoch-0055
[epoch 56/1000] EBOPs=1116360 target=350000 beta=1.36e-06 val_AUC=0.864885 val_accuracy=0.610290 seconds=117.4 checkpoint=epoch-0056
[epoch 57/1000] EBOPs=1108968 target=350000 beta=1.44e-06 val_AUC=0.865785 val_accuracy=0.614694 seconds=119.3 checkpoint=epoch-0057
[epoch 58/1000] EBOPs=1105384 target=350000 beta=1.51e-06 val_AUC=0.865691 val_accuracy=0.609008 seconds=122.6 checkpoint=epoch-0058
[epoch 59/1000] EBOPs=1101672 target=350000 beta=1.6e-06 val_AUC=0.863657 val_accuracy=0.605331 seconds=115.6 checkpoint=epoch-0059
[epoch 60/1000] EBOPs=1096168 target=350000 beta=1.69e-06 val_AUC=0.867566 val_accuracy=0.615887 seconds=123.7 checkpoint=epoch-0060
[epoch 61/1000] EBOPs=1090856 target=350000 beta=1.78e-06 val_AUC=0.864164 val_accuracy=0.611976 seconds=111.9 checkpoint=epoch-0061
[epoch 62/1000] EBOPs=1087080 target=350000 beta=1.87e-06 val_AUC=0.866075 val_accuracy=0.614323 seconds=130.3 checkpoint=epoch-0062
[epoch 63/1000] EBOPs=1082019 target=350000 beta=1.97e-06 val_AUC=0.866680 val_accuracy=0.614935 seconds=144.6 checkpoint=epoch-0063
[epoch 64/1000] EBOPs=1035240 target=350000 beta=2.08e-06 val_AUC=0.864335 val_accuracy=0.610952 seconds=133.5 checkpoint=epoch-0064
[epoch 65/1000] EBOPs=1022883 target=350000 beta=2.1e-06 val_AUC=0.865773 val_accuracy=0.611048 seconds=125.1 checkpoint=epoch-0065
[epoch 66/1000] EBOPs=1000995 target=350000 beta=2.19e-06 val_AUC=0.862884 val_accuracy=0.609968 seconds=118.8 checkpoint=epoch-0066
[epoch 67/1000] EBOPs=976360 target=350000 beta=2.26e-06 val_AUC=0.864579 val_accuracy=0.610500 seconds=126.8 checkpoint=epoch-0067
[epoch 68/1000] EBOPs=954408 target=350000 beta=2.32e-06 val_AUC=0.862784 val_accuracy=0.606919 seconds=122.2 checkpoint=epoch-0068
[epoch 69/1000] EBOPs=940259 target=350000 beta=2.38e-06 val_AUC=0.862160 val_accuracy=0.605516 seconds=125.0 checkpoint=epoch-0069
[epoch 70/1000] EBOPs=928729 target=350000 beta=2.46e-06 val_AUC=0.862265 val_accuracy=0.609065 seconds=114.5 checkpoint=epoch-0070
[epoch 71/1000] EBOPs=918238 target=350000 beta=2.56e-06 val_AUC=0.864208 val_accuracy=0.609790 seconds=118.1 checkpoint=epoch-0071
[epoch 72/1000] EBOPs=906329 target=350000 beta=2.65e-06 val_AUC=0.862457 val_accuracy=0.605081 seconds=127.4 checkpoint=epoch-0072
[epoch 73/1000] EBOPs=892249 target=350000 beta=2.75e-06 val_AUC=0.860671 val_accuracy=0.603976 seconds=118.5 checkpoint=epoch-0073
[epoch 74/1000] EBOPs=878740 target=350000 beta=2.83e-06 val_AUC=0.860300 val_accuracy=0.601903 seconds=136.1 checkpoint=epoch-0074
[epoch 75/1000] EBOPs=865332 target=350000 beta=2.92e-06 val_AUC=0.858244 val_accuracy=0.599024 seconds=120.3 checkpoint=epoch-0075
wandb: Adding directory to artifact (/data/confirmation-20260923/architecture/runs/confirm0923-a00-s3-e1000/checkpoints/epoch-0075)... Done. 0.1s
[wandb] artifact resume-confirm0923-a00-s3-e1000:v2 committed (5 files)
[epoch 76/1000] EBOPs=853204 target=350000 beta=3.01e-06 val_AUC=0.862290 val_accuracy=0.606427 seconds=111.6 checkpoint=epoch-0076
[epoch 77/1000] EBOPs=842730 target=350000 beta=3.1e-06 val_AUC=0.859433 val_accuracy=0.601411 seconds=118.2 checkpoint=epoch-0077
[epoch 78/1000] EBOPs=837866 target=350000 beta=3.2e-06 val_AUC=0.858002 val_accuracy=0.596113 seconds=122.4 checkpoint=epoch-0078
[epoch 79/1000] EBOPs=829659 target=350000 beta=3.33e-06 val_AUC=0.859150 val_accuracy=0.602016 seconds=110.9 checkpoint=epoch-0079
[epoch 80/1000] EBOPs=823227 target=350000 beta=3.44e-06 val_AUC=0.856616 val_accuracy=0.589008 seconds=119.8 checkpoint=epoch-0080
[epoch 81/1000] EBOPs=815473 target=350000 beta=3.56e-06 val_AUC=0.863045 val_accuracy=0.602516 seconds=118.7 checkpoint=epoch-0081
[epoch 82/1000] EBOPs=808369 target=350000 beta=3.68e-06 val_AUC=0.862923 val_accuracy=0.606323 seconds=127.7 checkpoint=epoch-0082
[epoch 83/1000] EBOPs=801351 target=350000 beta=3.8e-06 val_AUC=0.859068 val_accuracy=0.601790 seconds=1788.4 checkpoint=epoch-0083
[epoch 84/1000] EBOPs=796824 target=350000 beta=3.93e-06 val_AUC=0.860842 val_accuracy=0.600113 seconds=104.7 checkpoint=epoch-0084
[epoch 85/1000] EBOPs=792595 target=350000 beta=4.07e-06 val_AUC=0.859770 val_accuracy=0.602823 seconds=105.3 checkpoint=epoch-0085
[epoch 86/1000] EBOPs=784851 target=350000 beta=4.22e-06 val_AUC=0.857240 val_accuracy=0.597992 seconds=105.0 checkpoint=epoch-0086
[epoch 87/1000] EBOPs=779246 target=350000 beta=4.35e-06 val_AUC=0.860484 val_accuracy=0.602427 seconds=105.9 checkpoint=epoch-0087
[epoch 88/1000] EBOPs=773599 target=350000 beta=4.49e-06 val_AUC=0.859889 val_accuracy=0.601379 seconds=105.1 checkpoint=epoch-0088
[epoch 89/1000] EBOPs=770495 target=350000 beta=4.64e-06 val_AUC=0.856662 val_accuracy=0.594758 seconds=105.1 checkpoint=epoch-0089
[epoch 90/1000] EBOPs=764506 target=350000 beta=4.81e-06 val_AUC=0.859617 val_accuracy=0.602056 seconds=105.4 checkpoint=epoch-0090
[epoch 91/1000] EBOPs=716725 target=350000 beta=4.96e-06 val_AUC=0.858047 val_accuracy=0.594976 seconds=105.3 checkpoint=epoch-0091
[epoch 92/1000] EBOPs=709776 target=350000 beta=4.82e-06 val_AUC=0.858081 val_accuracy=0.598927 seconds=110.8 checkpoint=epoch-0092
[epoch 93/1000] EBOPs=696870 target=350000 beta=4.95e-06 val_AUC=0.855997 val_accuracy=0.594387 seconds=111.7 checkpoint=epoch-0093
[epoch 94/1000] EBOPs=673318 target=350000 beta=5.03e-06 val_AUC=0.857399 val_accuracy=0.596387 seconds=104.8 checkpoint=epoch-0094
[epoch 95/1000] EBOPs=654273 target=350000 beta=5.02e-06 val_AUC=0.854373 val_accuracy=0.589492 seconds=104.7 checkpoint=epoch-0095
[epoch 96/1000] EBOPs=638593 target=350000 beta=5.03e-06 val_AUC=0.853623 val_accuracy=0.587685 seconds=105.1 checkpoint=epoch-0096
[epoch 97/1000] EBOPs=624887 target=350000 beta=5.06e-06 val_AUC=0.853403 val_accuracy=0.590000 seconds=105.1 checkpoint=epoch-0097
[epoch 98/1000] EBOPs=613820 target=350000 beta=5.1e-06 val_AUC=0.849467 val_accuracy=0.582500 seconds=105.0 checkpoint=epoch-0098
[epoch 99/1000] EBOPs=600700 target=350000 beta=5.15e-06 val_AUC=0.853134 val_accuracy=0.590218 seconds=103.6 checkpoint=epoch-0099
[epoch 100/1000] EBOPs=587954 target=350000 beta=5.18e-06 val_AUC=0.847932 val_accuracy=0.580266 seconds=103.0 checkpoint=epoch-0100
wandb: Adding directory to artifact (/data/confirmation-20260923/architecture/runs/confirm0923-a00-s3-e1000/checkpoints/epoch-0100)... Done. 0.1s
[wandb] artifact resume-confirm0923-a00-s3-e1000:v3 committed (5 files)
[epoch 101/1000] EBOPs=580210 target=350000 beta=5.2e-06 val_AUC=0.850191 val_accuracy=0.583758 seconds=102.2 checkpoint=epoch-0101
[epoch 102/1000] EBOPs=568146 target=350000 beta=5.26e-06 val_AUC=0.848345 val_accuracy=0.582823 seconds=102.8 checkpoint=epoch-0102
[epoch 103/1000] EBOPs=559144 target=350000 beta=5.28e-06 val_AUC=0.848297 val_accuracy=0.574298 seconds=102.7 checkpoint=epoch-0103
[epoch 104/1000] EBOPs=544643 target=350000 beta=5.32e-06 val_AUC=0.848114 val_accuracy=0.580379 seconds=104.8 checkpoint=epoch-0104
[epoch 105/1000] EBOPs=535577 target=350000 beta=5.3e-06 val_AUC=0.847208 val_accuracy=0.580444 seconds=105.7 checkpoint=epoch-0105
[epoch 106/1000] EBOPs=525817 target=350000 beta=5.32e-06 val_AUC=0.846633 val_accuracy=0.577774 seconds=104.4 checkpoint=epoch-0106
[epoch 107/1000] EBOPs=515609 target=350000 beta=5.33e-06 val_AUC=0.845655 val_accuracy=0.575476 seconds=102.6 checkpoint=epoch-0107
[epoch 108/1000] EBOPs=511289 target=350000 beta=5.33e-06 val_AUC=0.842254 val_accuracy=0.566702 seconds=104.7 checkpoint=epoch-0108
[epoch 109/1000] EBOPs=504729 target=350000 beta=5.39e-06 val_AUC=0.843029 val_accuracy=0.571298 seconds=102.6 checkpoint=epoch-0109
[epoch 110/1000] EBOPs=497785 target=350000 beta=5.42e-06 val_AUC=0.839347 val_accuracy=0.566710 seconds=103.2 checkpoint=epoch-0110
[epoch 111/1000] EBOPs=491060 target=350000 beta=5.44e-06 val_AUC=0.837737 val_accuracy=0.541556 seconds=105.8 checkpoint=epoch-0111
[epoch 112/1000] EBOPs=486543 target=350000 beta=5.46e-06 val_AUC=0.840066 val_accuracy=0.564476 seconds=104.1 checkpoint=epoch-0112
[epoch 113/1000] EBOPs=482373 target=350000 beta=5.5e-06 val_AUC=0.840764 val_accuracy=0.561339 seconds=105.1 checkpoint=epoch-0113
[epoch 114/1000] EBOPs=476997 target=350000 beta=5.54e-06 val_AUC=0.838449 val_accuracy=0.564944 seconds=105.1 checkpoint=epoch-0114
[epoch 115/1000] EBOPs=471205 target=350000 beta=5.56e-06 val_AUC=0.836391 val_accuracy=0.559516 seconds=105.3 checkpoint=epoch-0115
[epoch 116/1000] EBOPs=468874 target=350000 beta=5.58e-06 val_AUC=0.837725 val_accuracy=0.561718 seconds=104.4 checkpoint=epoch-0116
[epoch 117/1000] EBOPs=463498 target=350000 beta=5.63e-06 val_AUC=0.837843 val_accuracy=0.559718 seconds=104.7 checkpoint=epoch-0117
[epoch 118/1000] EBOPs=462592 target=350000 beta=5.64e-06 val_AUC=0.838585 val_accuracy=0.561581 seconds=103.6 checkpoint=epoch-0118
[epoch 119/1000] EBOPs=447205 target=350000 beta=5.71e-06 val_AUC=0.837463 val_accuracy=0.562145 seconds=104.1 checkpoint=epoch-0119
[epoch 120/1000] EBOPs=438469 target=350000 beta=5.59e-06 val_AUC=0.835290 val_accuracy=0.556992 seconds=105.1 checkpoint=epoch-0120
[epoch 121/1000] EBOPs=433878 target=350000 beta=5.54e-06 val_AUC=0.835013 val_accuracy=0.554427 seconds=104.5 checkpoint=epoch-0121
[epoch 122/1000] EBOPs=427766 target=350000 beta=5.54e-06 val_AUC=0.834110 val_accuracy=0.554419 seconds=105.1 checkpoint=epoch-0122
[epoch 123/1000] EBOPs=420369 target=350000 beta=5.52e-06 val_AUC=0.833073 val_accuracy=0.550274 seconds=105.0 checkpoint=epoch-0123
[epoch 124/1000] EBOPs=412086 target=350000 beta=5.48e-06 val_AUC=0.833106 val_accuracy=0.550960 seconds=104.1 checkpoint=epoch-0124
[epoch 125/1000] EBOPs=402129 target=350000 beta=5.41e-06 val_AUC=0.834792 val_accuracy=0.559581 seconds=104.3 checkpoint=epoch-0125
wandb: Adding directory to artifact (/data/confirmation-20260923/architecture/runs/confirm0923-a00-s3-e1000/checkpoints/epoch-0125)... Done. 0.1s
[wandb] artifact resume-confirm0923-a00-s3-e1000:v4 committed (5 files)
[epoch 126/1000] EBOPs=395175 target=350000 beta=5.32e-06 val_AUC=0.832256 val_accuracy=0.553097 seconds=104.8 checkpoint=epoch-0126
[epoch 127/1000] EBOPs=383362 target=350000 beta=5.26e-06 val_AUC=0.833822 val_accuracy=0.554839 seconds=104.0 checkpoint=epoch-0127
[epoch 128/1000] EBOPs=383111 target=350000 beta=5.12e-06 val_AUC=0.831271 val_accuracy=0.549113 seconds=103.7 checkpoint=epoch-0128
[epoch 129/1000] EBOPs=376381 target=350000 beta=5.14e-06 val_AUC=0.832366 val_accuracy=0.550129 seconds=107.0 checkpoint=epoch-0129
[epoch 130/1000] EBOPs=375741 target=350000 beta=5.07e-06 val_AUC=0.822851 val_accuracy=0.540589 seconds=102.4 checkpoint=epoch-0130
[epoch 131/1000] EBOPs=366173 target=350000 beta=5.08e-06 val_AUC=0.831208 val_accuracy=0.548879 seconds=106.8 checkpoint=epoch-0131
[epoch 132/1000] EBOPs=364280 target=350000 beta=4.96e-06 val_AUC=0.825398 val_accuracy=0.541911 seconds=102.8 checkpoint=epoch-0132
[epoch 133/1000] EBOPs=365491 target=350000 beta=4.95e-06 val_AUC=0.828765 val_accuracy=0.547855 seconds=106.1 checkpoint=epoch-0133
[epoch 134/1000] EBOPs=364659 target=350000 beta=4.97e-06 val_AUC=0.826917 val_accuracy=0.541863 seconds=103.8 checkpoint=epoch-0134
[epoch 135/1000] EBOPs=359118 target=350000 beta=4.97e-06 val_AUC=0.833703 val_accuracy=0.554589 seconds=106.3 checkpoint=epoch-0135
[epoch 136/1000] EBOPs=361198 target=350000 beta=4.9e-06 val_AUC=0.830229 val_accuracy=0.546992 seconds=102.0 checkpoint=epoch-0136
[epoch 137/1000] EBOPs=357907 target=350000 beta=4.94e-06 val_AUC=0.826011 val_accuracy=0.539621 seconds=106.4 checkpoint=epoch-0137
[epoch 138/1000] EBOPs=353651 target=350000 beta=4.9e-06 val_AUC=0.825739 val_accuracy=0.538661 seconds=102.5 checkpoint=epoch-0138
[epoch 139/1000] EBOPs=350931 target=350000 beta=4.84e-06 val_AUC=0.830160 val_accuracy=0.552395 seconds=106.6 checkpoint=epoch-0139
[epoch 140/1000] EBOPs=349006 target=350000 beta=4.81e-06 val_AUC=0.832339 val_accuracy=0.546032 seconds=102.5 checkpoint=epoch-0140
[epoch 141/1000] EBOPs=349252 target=350000 beta=4.78e-06 val_AUC=0.831622 val_accuracy=0.550532 seconds=102.3 checkpoint=epoch-0141
[epoch 142/1000] EBOPs=346148 target=350000 beta=4.78e-06 val_AUC=0.831646 val_accuracy=0.553540 seconds=103.3 checkpoint=epoch-0142
[epoch 143/1000] EBOPs=340100 target=350000 beta=4.74e-06 val_AUC=0.831823 val_accuracy=0.549355 seconds=106.0 checkpoint=epoch-0143
[epoch 144/1000] EBOPs=336964 target=350000 beta=4.65e-06 val_AUC=0.826491 val_accuracy=0.532613 seconds=107.2 checkpoint=epoch-0144
[epoch 145/1000] EBOPs=348612 target=350000 beta=4.6e-06 val_AUC=0.830250 val_accuracy=0.552556 seconds=112.3 checkpoint=epoch-0145
[epoch 146/1000] EBOPs=336041 target=350000 beta=4.76e-06 val_AUC=0.830197 val_accuracy=0.550315 seconds=110.5 checkpoint=epoch-0146
[epoch 147/1000] EBOPs=337530 target=350000 beta=4.57e-06 val_AUC=0.829937 val_accuracy=0.546129 seconds=106.1 checkpoint=epoch-0147
[epoch 148/1000] EBOPs=333796 target=350000 beta=4.59e-06 val_AUC=0.827547 val_accuracy=0.547419 seconds=102.5 checkpoint=epoch-0148
[epoch 149/1000] EBOPs=344388 target=350000 beta=4.53e-06 val_AUC=0.829979 val_accuracy=0.541129 seconds=105.2 checkpoint=epoch-0149
[epoch 150/1000] EBOPs=340004 target=350000 beta=4.66e-06 val_AUC=0.826049 val_accuracy=0.533573 seconds=105.7 checkpoint=epoch-0150
wandb: Adding directory to artifact (/data/confirmation-20260923/architecture/runs/confirm0923-a00-s3-e1000/checkpoints/epoch-0150)... Done. 0.1s
[wandb] artifact resume-confirm0923-a00-s3-e1000:v5 committed (6 files)
[epoch 151/1000] EBOPs=329188 target=350000 beta=4.6e-06 val_AUC=0.822010 val_accuracy=0.536508 seconds=102.2 checkpoint=epoch-0151
[epoch 152/1000] EBOPs=331364 target=350000 beta=4.44e-06 val_AUC=0.829405 val_accuracy=0.548879 seconds=105.4 checkpoint=epoch-0152
[epoch 153/1000] EBOPs=327423 target=350000 beta=4.46e-06 val_AUC=0.828740 val_accuracy=0.553645 seconds=106.1 checkpoint=epoch-0153
[epoch 154/1000] EBOPs=325156 target=350000 beta=4.39e-06 val_AUC=0.830101 val_accuracy=0.546806 seconds=101.8 checkpoint=epoch-0154
[epoch 155/1000] EBOPs=342596 target=350000 beta=4.34e-06 val_AUC=0.829440 val_accuracy=0.548903 seconds=105.1 checkpoint=epoch-0155
[epoch 156/1000] EBOPs=332804 target=350000 beta=4.57e-06 val_AUC=0.827705 val_accuracy=0.545935 seconds=105.4 checkpoint=epoch-0156
[epoch 157/1000] EBOPs=328425 target=350000 beta=4.43e-06 val_AUC=0.828262 val_accuracy=0.543556 seconds=102.4 checkpoint=epoch-0157
[epoch 158/1000] EBOPs=326308 target=350000 beta=4.36e-06 val_AUC=0.826757 val_accuracy=0.545202 seconds=105.0 checkpoint=epoch-0158
[epoch 159/1000] EBOPs=326249 target=350000 beta=4.31e-06 val_AUC=0.817196 val_accuracy=0.529145 seconds=106.4 checkpoint=epoch-0159
[epoch 160/1000] EBOPs=325540 target=350000 beta=4.3e-06 val_AUC=0.825945 val_accuracy=0.538895 seconds=105.9 checkpoint=epoch-0160
[epoch 161/1000] EBOPs=324191 target=350000 beta=4.27e-06 val_AUC=0.820751 val_accuracy=0.527903 seconds=106.2 checkpoint=epoch-0161
[epoch 162/1000] EBOPs=325407 target=350000 beta=4.24e-06 val_AUC=0.829710 val_accuracy=0.549548 seconds=103.0 checkpoint=epoch-0162
[epoch 163/1000] EBOPs=331034 target=350000 beta=4.24e-06 val_AUC=0.824195 val_accuracy=0.543016 seconds=104.8 checkpoint=epoch-0163
[epoch 164/1000] EBOPs=324240 target=350000 beta=4.3e-06 val_AUC=0.823824 val_accuracy=0.543403 seconds=106.1 checkpoint=epoch-0164
[epoch 165/1000] EBOPs=320779 target=350000 beta=4.2e-06 val_AUC=0.827258 val_accuracy=0.545597 seconds=101.9 checkpoint=epoch-0165
[epoch 166/1000] EBOPs=326027 target=350000 beta=4.13e-06 val_AUC=0.829581 val_accuracy=0.547911 seconds=104.7 checkpoint=epoch-0166
[epoch 167/1000] EBOPs=323499 target=350000 beta=4.19e-06 val_AUC=0.822694 val_accuracy=0.538903 seconds=102.0 checkpoint=epoch-0167
[epoch 168/1000] EBOPs=317355 target=350000 beta=4.14e-06 val_AUC=0.828306 val_accuracy=0.546210 seconds=106.6 checkpoint=epoch-0168
[epoch 169/1000] EBOPs=322470 target=350000 beta=4.04e-06 val_AUC=0.829238 val_accuracy=0.512194 seconds=100.1 checkpoint=epoch-0169
[epoch 170/1000] EBOPs=324683 target=350000 beta=4.09e-06 val_AUC=0.828830 val_accuracy=0.547306 seconds=106.9 checkpoint=epoch-0170
[epoch 171/1000] EBOPs=329227 target=350000 beta=4.1e-06 val_AUC=0.830968 val_accuracy=0.550347 seconds=102.7 checkpoint=epoch-0171
[epoch 172/1000] EBOPs=320907 target=350000 beta=4.14e-06 val_AUC=0.826875 val_accuracy=0.543339 seconds=107.6 checkpoint=epoch-0172
[epoch 173/1000] EBOPs=329057 target=350000 beta=4.02e-06 val_AUC=0.827504 val_accuracy=0.545403 seconds=104.3 checkpoint=epoch-0173
[epoch 174/1000] EBOPs=323361 target=350000 beta=4.11e-06 val_AUC=0.829069 val_accuracy=0.543363 seconds=105.0 checkpoint=epoch-0174
[epoch 175/1000] EBOPs=319420 target=350000 beta=4.02e-06 val_AUC=0.829014 val_accuracy=0.539218 seconds=101.3 checkpoint=epoch-0175
wandb: Adding directory to artifact (/data/confirmation-20260923/architecture/runs/confirm0923-a00-s3-e1000/checkpoints/epoch-0175)... Done. 0.1s
[wandb] artifact resume-confirm0923-a00-s3-e1000:v6 committed (6 files)
[epoch 176/1000] EBOPs=322199 target=350000 beta=3.96e-06 val_AUC=0.824351 val_accuracy=0.534331 seconds=103.7 checkpoint=epoch-0176
[epoch 177/1000] EBOPs=324252 target=350000 beta=3.97e-06 val_AUC=0.826622 val_accuracy=0.541927 seconds=102.5 checkpoint=epoch-0177
[epoch 178/1000] EBOPs=324028 target=350000 beta=3.98e-06 val_AUC=0.833194 val_accuracy=0.552613 seconds=106.6 checkpoint=epoch-0178
[epoch 179/1000] EBOPs=321367 target=350000 beta=3.97e-06 val_AUC=0.829480 val_accuracy=0.546702 seconds=101.6 checkpoint=epoch-0179
[epoch 180/1000] EBOPs=320178 target=350000 beta=3.92e-06 val_AUC=0.820485 val_accuracy=0.535363 seconds=103.7 checkpoint=epoch-0180
[epoch 181/1000] EBOPs=324003 target=350000 beta=3.89e-06 val_AUC=0.830749 val_accuracy=0.550976 seconds=100.8 checkpoint=epoch-0181
[epoch 182/1000] EBOPs=327939 target=350000 beta=3.92e-06 val_AUC=0.830673 val_accuracy=0.556782 seconds=104.7 checkpoint=epoch-0182
[epoch 183/1000] EBOPs=323353 target=350000 beta=3.95e-06 val_AUC=0.830400 val_accuracy=0.544395 seconds=104.5 checkpoint=epoch-0183
[epoch 184/1000] EBOPs=311075 target=350000 beta=3.88e-06 val_AUC=0.826913 val_accuracy=0.538516 seconds=100.8 checkpoint=epoch-0184
[epoch 185/1000] EBOPs=326110 target=350000 beta=3.71e-06 val_AUC=0.830958 val_accuracy=0.551411 seconds=101.1 checkpoint=epoch-0185
[epoch 186/1000] EBOPs=327646 target=350000 beta=3.88e-06 val_AUC=0.828024 val_accuracy=0.546637 seconds=102.3 checkpoint=epoch-0186
[epoch 187/1000] EBOPs=318206 target=350000 beta=3.88e-06 val_AUC=0.826671 val_accuracy=0.541742 seconds=102.7 checkpoint=epoch-0187
[epoch 188/1000] EBOPs=317337 target=350000 beta=3.75e-06 val_AUC=0.827555 val_accuracy=0.543806 seconds=103.4 checkpoint=epoch-0188
[epoch 189/1000] EBOPs=322383 target=350000 beta=3.72e-06 val_AUC=0.831060 val_accuracy=0.546315 seconds=104.6 checkpoint=epoch-0189
[epoch 190/1000] EBOPs=317566 target=350000 beta=3.77e-06 val_AUC=0.833280 val_accuracy=0.540774 seconds=103.6 checkpoint=epoch-0190
[epoch 191/1000] EBOPs=317039 target=350000 beta=3.69e-06 val_AUC=0.827357 val_accuracy=0.544242 seconds=104.2 checkpoint=epoch-0191
[epoch 192/1000] EBOPs=323887 target=350000 beta=3.67e-06 val_AUC=0.831944 val_accuracy=0.553137 seconds=103.8 checkpoint=epoch-0192
[epoch 193/1000] EBOPs=321519 target=350000 beta=3.73e-06 val_AUC=0.833815 val_accuracy=0.554653 seconds=100.9 checkpoint=epoch-0193
[epoch 194/1000] EBOPs=310319 target=350000 beta=3.69e-06 val_AUC=0.830425 val_accuracy=0.548774 seconds=101.6 checkpoint=epoch-0194
[epoch 195/1000] EBOPs=314666 target=350000 beta=3.54e-06 val_AUC=0.831899 val_accuracy=0.552540 seconds=102.6 checkpoint=epoch-0195
[epoch 196/1000] EBOPs=324239 target=350000 beta=3.57e-06 val_AUC=0.833757 val_accuracy=0.554710 seconds=101.4 checkpoint=epoch-0196
[epoch 197/1000] EBOPs=316847 target=350000 beta=3.67e-06 val_AUC=0.818791 val_accuracy=0.525831 seconds=103.4 checkpoint=epoch-0197
[epoch 198/1000] EBOPs=322122 target=350000 beta=3.57e-06 val_AUC=0.827063 val_accuracy=0.533194 seconds=103.4 checkpoint=epoch-0198
[epoch 199/1000] EBOPs=319823 target=350000 beta=3.61e-06 val_AUC=0.831238 val_accuracy=0.553444 seconds=100.9 checkpoint=epoch-0199
[epoch 200/1000] EBOPs=317071 target=350000 beta=3.57e-06 val_AUC=0.834861 val_accuracy=0.557669 seconds=104.2 checkpoint=epoch-0200
wandb: Adding directory to artifact (/data/confirmation-20260923/architecture/runs/confirm0923-a00-s3-e1000/checkpoints/epoch-0200)... Done. 0.1s
[wandb] artifact resume-confirm0923-a00-s3-e1000:v7 committed (6 files)
[epoch 201/1000] EBOPs=319855 target=350000 beta=3.52e-06 val_AUC=0.828428 val_accuracy=0.542379 seconds=101.3 checkpoint=epoch-0201
[epoch 202/1000] EBOPs=319818 target=350000 beta=3.53e-06 val_AUC=0.835750 val_accuracy=0.553056 seconds=105.4 checkpoint=epoch-0202
[epoch 203/1000] EBOPs=321280 target=350000 beta=3.52e-06 val_AUC=0.834533 val_accuracy=0.556452 seconds=107.6 checkpoint=epoch-0203
[epoch 204/1000] EBOPs=322149 target=350000 beta=3.52e-06 val_AUC=0.830984 val_accuracy=0.541935 seconds=105.0 checkpoint=epoch-0204
[epoch 205/1000] EBOPs=318784 target=350000 beta=3.51e-06 val_AUC=0.830545 val_accuracy=0.546403 seconds=107.5 checkpoint=epoch-0205
[epoch 206/1000] EBOPs=312197 target=350000 beta=3.46e-06 val_AUC=0.833000 val_accuracy=0.554210 seconds=105.5 checkpoint=epoch-0206
[epoch 207/1000] EBOPs=321925 target=350000 beta=3.37e-06 val_AUC=0.826496 val_accuracy=0.539048 seconds=105.6 checkpoint=epoch-0207
[epoch 208/1000] EBOPs=318053 target=350000 beta=3.46e-06 val_AUC=0.822045 val_accuracy=0.527927 seconds=108.0 checkpoint=epoch-0208
[epoch 209/1000] EBOPs=310784 target=350000 beta=3.4e-06 val_AUC=0.828164 val_accuracy=0.548508 seconds=108.6 checkpoint=epoch-0209
[epoch 210/1000] EBOPs=325797 target=350000 beta=3.31e-06 val_AUC=0.833057 val_accuracy=0.553258 seconds=104.0 checkpoint=epoch-0210
[epoch 211/1000] EBOPs=319717 target=350000 beta=3.45e-06 val_AUC=0.832043 val_accuracy=0.549815 seconds=107.1 checkpoint=epoch-0211
[epoch 212/1000] EBOPs=320005 target=350000 beta=3.37e-06 val_AUC=0.832462 val_accuracy=0.551008 seconds=101.2 checkpoint=epoch-0212
[epoch 213/1000] EBOPs=326277 target=350000 beta=3.36e-06 val_AUC=0.831813 val_accuracy=0.547968 seconds=102.3 checkpoint=epoch-0213
[epoch 214/1000] EBOPs=315392 target=350000 beta=3.41e-06 val_AUC=0.834251 val_accuracy=0.558685 seconds=100.8 checkpoint=epoch-0214
[epoch 215/1000] EBOPs=319205 target=350000 beta=3.28e-06 val_AUC=0.830751 val_accuracy=0.553581 seconds=100.1 checkpoint=epoch-0215
[epoch 216/1000] EBOPs=321856 target=350000 beta=3.31e-06 val_AUC=0.833839 val_accuracy=0.549694 seconds=100.8 checkpoint=epoch-0216
[epoch 217/1000] EBOPs=329312 target=350000 beta=3.32e-06 val_AUC=0.828611 val_accuracy=0.533427 seconds=101.2 checkpoint=epoch-0217
[epoch 218/1000] EBOPs=322757 target=350000 beta=3.39e-06 val_AUC=0.833639 val_accuracy=0.551758 seconds=100.8 checkpoint=epoch-0218
[epoch 219/1000] EBOPs=320896 target=350000 beta=3.31e-06 val_AUC=0.834601 val_accuracy=0.560266 seconds=101.2 checkpoint=epoch-0219
[epoch 220/1000] EBOPs=316320 target=350000 beta=3.27e-06 val_AUC=0.828905 val_accuracy=0.544774 seconds=101.0 checkpoint=epoch-0220
[epoch 221/1000] EBOPs=315557 target=350000 beta=3.21e-06 val_AUC=0.827443 val_accuracy=0.530839 seconds=100.6 checkpoint=epoch-0221
[epoch 222/1000] EBOPs=324192 target=350000 beta=3.19e-06 val_AUC=0.832290 val_accuracy=0.544169 seconds=100.5 checkpoint=epoch-0222
[epoch 223/1000] EBOPs=317349 target=350000 beta=3.26e-06 val_AUC=0.833066 val_accuracy=0.557839 seconds=101.6 checkpoint=epoch-0223
[epoch 224/1000] EBOPs=318592 target=350000 beta=3.18e-06 val_AUC=0.829680 val_accuracy=0.544919 seconds=100.5 checkpoint=epoch-0224
[epoch 225/1000] EBOPs=326053 target=350000 beta=3.17e-06 val_AUC=0.837652 val_accuracy=0.559153 seconds=100.2 checkpoint=epoch-0225
wandb: Adding directory to artifact (/data/confirmation-20260923/architecture/runs/confirm0923-a00-s3-e1000/checkpoints/epoch-0225)... Done. 0.1s
[wandb] artifact resume-confirm0923-a00-s3-e1000:v8 committed (6 files)
[epoch 226/1000] EBOPs=319205 target=350000 beta=3.24e-06 val_AUC=0.831637 val_accuracy=0.543637 seconds=100.6 checkpoint=epoch-0226
[epoch 227/1000] EBOPs=317285 target=350000 beta=3.15e-06 val_AUC=0.828876 val_accuracy=0.543290 seconds=101.0 checkpoint=epoch-0227
[epoch 228/1000] EBOPs=317445 target=350000 beta=3.12e-06 val_AUC=0.835428 val_accuracy=0.555460 seconds=100.2 checkpoint=epoch-0228
[epoch 229/1000] EBOPs=318629 target=350000 beta=3.11e-06 val_AUC=0.828603 val_accuracy=0.542952 seconds=99.5 checkpoint=epoch-0229
[epoch 230/1000] EBOPs=323040 target=350000 beta=3.1e-06 val_AUC=0.833832 val_accuracy=0.555782 seconds=103.4 checkpoint=epoch-0230
[epoch 231/1000] EBOPs=329189 target=350000 beta=3.13e-06 val_AUC=0.833161 val_accuracy=0.548290 seconds=102.6 checkpoint=epoch-0231
[epoch 232/1000] EBOPs=331781 target=350000 beta=3.18e-06 val_AUC=0.814567 val_accuracy=0.514185 seconds=101.1 checkpoint=epoch-0232
[epoch 233/1000] EBOPs=319653 target=350000 beta=3.2e-06 val_AUC=0.832644 val_accuracy=0.549750 seconds=103.0 checkpoint=epoch-0233
[epoch 234/1000] EBOPs=318427 target=350000 beta=3.07e-06 val_AUC=0.832776 val_accuracy=0.547282 seconds=100.2 checkpoint=epoch-0234
[epoch 235/1000] EBOPs=321398 target=350000 beta=3.04e-06 val_AUC=0.825507 val_accuracy=0.535556 seconds=103.3 checkpoint=epoch-0235
[epoch 236/1000] EBOPs=322299 target=350000 beta=3.06e-06 val_AUC=0.830544 val_accuracy=0.547540 seconds=102.7 checkpoint=epoch-0236
[epoch 237/1000] EBOPs=315542 target=350000 beta=3.05e-06 val_AUC=0.826524 val_accuracy=0.538476 seconds=101.1 checkpoint=epoch-0237
[epoch 238/1000] EBOPs=318577 target=350000 beta=2.98e-06 val_AUC=0.830633 val_accuracy=0.545782 seconds=104.0 checkpoint=epoch-0238
[epoch 239/1000] EBOPs=324118 target=350000 beta=2.99e-06 val_AUC=0.827804 val_accuracy=0.539952 seconds=103.1 checkpoint=epoch-0239
[epoch 240/1000] EBOPs=318806 target=350000 beta=3.03e-06 val_AUC=0.836542 val_accuracy=0.553935 seconds=103.1 checkpoint=epoch-0240
[epoch 241/1000] EBOPs=326038 target=350000 beta=2.97e-06 val_AUC=0.833420 val_accuracy=0.553476 seconds=106.5 checkpoint=epoch-0241
[epoch 242/1000] EBOPs=320571 target=350000 beta=3.02e-06 val_AUC=0.837265 val_accuracy=0.552363 seconds=102.2 checkpoint=epoch-0242
[epoch 243/1000] EBOPs=322422 target=350000 beta=2.96e-06 val_AUC=0.826075 val_accuracy=0.540565 seconds=103.0 checkpoint=epoch-0243
[epoch 244/1000] EBOPs=323025 target=350000 beta=2.96e-06 val_AUC=0.824594 val_accuracy=0.537823 seconds=103.3 checkpoint=epoch-0244
[epoch 245/1000] EBOPs=320785 target=350000 beta=2.96e-06 val_AUC=0.834694 val_accuracy=0.556532 seconds=101.7 checkpoint=epoch-0245
[epoch 246/1000] EBOPs=322060 target=350000 beta=2.92e-06 val_AUC=0.830698 val_accuracy=0.543016 seconds=104.9 checkpoint=epoch-0246
[epoch 247/1000] EBOPs=318102 target=350000 beta=2.92e-06 val_AUC=0.836253 val_accuracy=0.555347 seconds=103.8 checkpoint=epoch-0247
[epoch 248/1000] EBOPs=315628 target=350000 beta=2.87e-06 val_AUC=0.833163 val_accuracy=0.543895 seconds=103.4 checkpoint=epoch-0248
[epoch 249/1000] EBOPs=322828 target=350000 beta=2.84e-06 val_AUC=0.833082 val_accuracy=0.547968 seconds=103.9 checkpoint=epoch-0249
[epoch 250/1000] EBOPs=321959 target=350000 beta=2.89e-06 val_AUC=0.833978 val_accuracy=0.548992 seconds=100.8 checkpoint=epoch-0250
wandb: Adding directory to artifact (/data/confirmation-20260923/architecture/runs/confirm0923-a00-s3-e1000/checkpoints/epoch-0250)... Done. 0.1s
[wandb] artifact resume-confirm0923-a00-s3-e1000:v9 committed (6 files)
[epoch 251/1000] EBOPs=315852 target=350000 beta=2.87e-06 val_AUC=0.828893 val_accuracy=0.547024 seconds=103.5 checkpoint=epoch-0251
[epoch 252/1000] EBOPs=322380 target=350000 beta=2.8e-06 val_AUC=0.836369 val_accuracy=0.551565 seconds=103.7 checkpoint=epoch-0252
[epoch 253/1000] EBOPs=321826 target=350000 beta=2.85e-06 val_AUC=0.837512 val_accuracy=0.559726 seconds=100.7 checkpoint=epoch-0253
[epoch 254/1000] EBOPs=317420 target=350000 beta=2.83e-06 val_AUC=0.838338 val_accuracy=0.560290 seconds=104.2 checkpoint=epoch-0254
[epoch 255/1000] EBOPs=319943 target=350000 beta=2.78e-06 val_AUC=0.832185 val_accuracy=0.550903 seconds=100.6 checkpoint=epoch-0255
[epoch 256/1000] EBOPs=321671 target=350000 beta=2.79e-06 val_AUC=0.828538 val_accuracy=0.544573 seconds=103.0 checkpoint=epoch-0256
[epoch 257/1000] EBOPs=323490 target=350000 beta=2.79e-06 val_AUC=0.826167 val_accuracy=0.543581 seconds=100.8 checkpoint=epoch-0257
[epoch 258/1000] EBOPs=319773 target=350000 beta=2.8e-06 val_AUC=0.838972 val_accuracy=0.555460 seconds=99.9 checkpoint=epoch-0258
[epoch 259/1000] EBOPs=324125 target=350000 beta=2.75e-06 val_AUC=0.828133 val_accuracy=0.540089 seconds=102.3 checkpoint=epoch-0259
[epoch 260/1000] EBOPs=325048 target=350000 beta=2.78e-06 val_AUC=0.838193 val_accuracy=0.562968 seconds=101.1 checkpoint=epoch-0260
[epoch 261/1000] EBOPs=324462 target=350000 beta=2.78e-06 val_AUC=0.832149 val_accuracy=0.551444 seconds=103.9 checkpoint=epoch-0261
[epoch 262/1000] EBOPs=318734 target=350000 beta=2.76e-06 val_AUC=0.836035 val_accuracy=0.558782 seconds=100.7 checkpoint=epoch-0262
[epoch 263/1000] EBOPs=319758 target=350000 beta=2.7e-06 val_AUC=0.826652 val_accuracy=0.524008 seconds=102.3 checkpoint=epoch-0263
[epoch 264/1000] EBOPs=318926 target=350000 beta=2.7e-06 val_AUC=0.830105 val_accuracy=0.546984 seconds=103.1 checkpoint=epoch-0264
[train] confirm0923-a00-s3-e1000 params=20715 resume_epoch=264 initial_ebops=1739182
wandb: [wandb.login()] Loaded credentials for https://api.wandb.ai from WANDB_API_KEY.
wandb: setting up run a47d25e9ddf8
wandb: Resuming run confirm0923-a00-s3-e1000-s3
wandb: 🚀 View run at https://wandb.ai/kayamaguchi-uc-san-diego/BNJetTag-Engram-Experimental/runs/a47d25e9ddf8
[train] confirm0923-a00-s3-e1000 params=20715 resume_epoch=264 initial_ebops=1739182
wandb: [wandb.login()] Loaded credentials for https://api.wandb.ai from WANDB_API_KEY.
wandb: Resuming run confirm0923-a00-s3-e1000-s3
wandb: 🚀 View run at https://wandb.ai/kayamaguchi-uc-san-diego/BNJetTag-Engram-Experimental/runs/a47d25e9ddf8
[train] confirm0923-a00-s3-e1000 params=20715 resume_epoch=264 initial_ebops=1739182
wandb: [wandb.login()] Loaded credentials for https://api.wandb.ai from WANDB_API_KEY.
wandb: setting up run a47d25e9ddf8
wandb: Resuming run confirm0923-a00-s3-e1000-s3
wandb: 🚀 View run at https://wandb.ai/kayamaguchi-uc-san-diego/BNJetTag-Engram-Experimental/runs/a47d25e9ddf8
