[train] confirm0923-a02-s2-e1000 params=16363 resume_epoch=0 initial_ebops=1477038
wandb: [wandb.login()] Loaded credentials for https://api.wandb.ai from WANDB_API_KEY.
wandb: Syncing run confirm0923-a02-s2-e1000-s2
wandb: 🚀 View run at https://wandb.ai/kayamaguchi-uc-san-diego/BNJetTag-Engram-Experimental/runs/65ba87473860
[epoch 1/1000] EBOPs=1477038 target=350000 beta=1e-07 val_AUC=0.748467 val_accuracy=0.474847 seconds=142.8 checkpoint=epoch-0001
[epoch 2/1000] EBOPs=1477038 target=350000 beta=1e-07 val_AUC=0.786054 val_accuracy=0.504444 seconds=134.5 checkpoint=epoch-0002
wandb: updating run metadata
wandb: uploading output.log; uploading wandb-summary.json; uploading config.yaml
wandb: 🚀 View run confirm0923-a02-s2-e1000-s2 at: https://wandb.ai/kayamaguchi-uc-san-diego/BNJetTag-Engram-Experimental/runs/65ba87473860
wandb: ⭐️ View project at: https://wandb.ai/kayamaguchi-uc-san-diego/BNJetTag-Engram-Experimental
wandb: Synced 5 W&B file(s), 0 media file(s), 0 artifact file(s) and 0 other file(s)
wandb: setting up run 65ba87473860
wandb: Resuming run confirm0923-a02-s2-e1000
wandb: 🚀 View run at https://wandb.ai/kayamaguchi-uc-san-diego/BNJetTag-Engram-Experimental/runs/65ba87473860
[wandb] artifact engram-review-confirm0923-a02-s2-e1000:v0 committed (10 files)
wandb: updating run metadata
wandb: 🚀 View run confirm0923-a02-s2-e1000 at: https://wandb.ai/kayamaguchi-uc-san-diego/BNJetTag-Engram-Experimental/runs/65ba87473860
wandb: ⭐️ View project at: https://wandb.ai/kayamaguchi-uc-san-diego/BNJetTag-Engram-Experimental
wandb: Synced 5 W&B file(s), 0 media file(s), 11 artifact file(s) and 0 other file(s)
{
  "selection_cost": 1477038,
  "selection_cost_convention": "native_hgq2",
  "native_hgq2_backbone_ebops": 1477038,
  "custom_estimated_bitops": 0,
  "modules": {},
  "warning": "Augmented total is not directly interchangeable with historical native HGQ2 totals.",
  "run": "confirm0923-a02-s2-e1000",
  "checkpoint": "model_min_ebops.keras",
  "checkpoint_sha256": "6b1648eef064d2010adcc30caf7206acd850939e3f21199dd875bcb5fd94c050",
  "completed_epochs": 2,
  "selected": {
    "epoch": 0,
    "val_macro_auc": 0.7484668720836929,
    "val_categorical_accuracy": 0.47484677419354837,
    "ebops": 1477038
  },
  "budget_met": false,
  "validation_accuracy": 0.47484677419354837,
  "validation_macro_auc": 0.7484668720836929,
  "validation_per_class_auc": [
    0.6685468214381601,
    0.7994801515480333,
    0.6238464659125896,
    0.7491005808367075,
    0.9013603406829738
  ],
  "validation_labels_sha256": "97dedf586443a035071a6ec1ef25acae6841bb0890fa3dfd801c6a3d72ec234e",
  "validation_inputs_sha256": "dcdb76db132fb211f64f5ef7aefd6f09458bc18613a216b9b5e8d2366e7dd62a",
  "seed": 2,
  "test_set_used": false,
  "hardware_validated": false
}
