[train] confirm0923-a02-s3-e1000 params=16363 resume_epoch=91 initial_ebops=1477038
wandb: [wandb.login()] Loaded credentials for https://api.wandb.ai from WANDB_API_KEY.
wandb: Resuming run confirm0923-a02-s3-e1000-s3
wandb: 🚀 View run at https://wandb.ai/kayamaguchi-uc-san-diego/BNJetTag-Engram-Experimental/runs/4b8d7e078b37
[epoch 92/1000] EBOPs=644105 target=350000 beta=2.97e-06 val_AUC=0.861622 val_accuracy=0.601121 seconds=138.4 checkpoint=epoch-0092
[epoch 93/1000] EBOPs=639091 target=350000 beta=3.04e-06 val_AUC=0.861078 val_accuracy=0.603935 seconds=112.5 checkpoint=epoch-0093
[epoch 94/1000] EBOPs=631977 target=350000 beta=3.1e-06 val_AUC=0.861631 val_accuracy=0.604210 seconds=114.2 checkpoint=epoch-0094
[epoch 95/1000] EBOPs=623140 target=350000 beta=3.16e-06 val_AUC=0.856618 val_accuracy=0.593298 seconds=116.7 checkpoint=epoch-0095
[epoch 96/1000] EBOPs=612484 target=350000 beta=3.21e-06 val_AUC=0.859690 val_accuracy=0.600750 seconds=113.6 checkpoint=epoch-0096
[epoch 97/1000] EBOPs=604671 target=350000 beta=3.24e-06 val_AUC=0.860433 val_accuracy=0.605113 seconds=114.9 checkpoint=epoch-0097
[epoch 98/1000] EBOPs=597296 target=350000 beta=3.29e-06 val_AUC=0.858561 val_accuracy=0.600363 seconds=113.4 checkpoint=epoch-0098
[epoch 99/1000] EBOPs=586458 target=350000 beta=3.34e-06 val_AUC=0.860530 val_accuracy=0.598508 seconds=112.1 checkpoint=epoch-0099
[epoch 100/1000] EBOPs=578458 target=350000 beta=3.36e-06 val_AUC=0.859879 val_accuracy=0.600589 seconds=108.2 checkpoint=epoch-0100
wandb: Adding directory to artifact (/data/confirmation-20260923/architecture/runs/confirm0923-a02-s3-e1000/checkpoints/epoch-0100)... Done. 0.1s
[wandb] artifact resume-confirm0923-a02-s3-e1000:v3 committed (5 files)
[epoch 101/1000] EBOPs=568454 target=350000 beta=3.4e-06 val_AUC=0.859640 val_accuracy=0.598532 seconds=106.4 checkpoint=epoch-0101
[epoch 102/1000] EBOPs=558812 target=350000 beta=3.43e-06 val_AUC=0.857914 val_accuracy=0.595137 seconds=108.3 checkpoint=epoch-0102
[epoch 103/1000] EBOPs=550076 target=350000 beta=3.45e-06 val_AUC=0.859786 val_accuracy=0.600798 seconds=110.8 checkpoint=epoch-0103
[epoch 104/1000] EBOPs=540604 target=350000 beta=3.47e-06 val_AUC=0.860300 val_accuracy=0.603024 seconds=109.4 checkpoint=epoch-0104
[epoch 105/1000] EBOPs=530967 target=350000 beta=3.49e-06 val_AUC=0.857549 val_accuracy=0.596895 seconds=111.3 checkpoint=epoch-0105
[epoch 106/1000] EBOPs=523715 target=350000 beta=3.5e-06 val_AUC=0.859855 val_accuracy=0.603427 seconds=110.9 checkpoint=epoch-0106
[epoch 107/1000] EBOPs=515481 target=350000 beta=3.52e-06 val_AUC=0.858086 val_accuracy=0.598847 seconds=109.8 checkpoint=epoch-0107
[epoch 108/1000] EBOPs=507363 target=350000 beta=3.53e-06 val_AUC=0.858598 val_accuracy=0.598758 seconds=109.4 checkpoint=epoch-0108
[epoch 109/1000] EBOPs=503390 target=350000 beta=3.54e-06 val_AUC=0.856316 val_accuracy=0.597581 seconds=110.1 checkpoint=epoch-0109
[epoch 110/1000] EBOPs=494435 target=350000 beta=3.58e-06 val_AUC=0.855881 val_accuracy=0.595355 seconds=108.7 checkpoint=epoch-0110
[epoch 111/1000] EBOPs=490787 target=350000 beta=3.57e-06 val_AUC=0.857469 val_accuracy=0.594694 seconds=109.6 checkpoint=epoch-0111
[epoch 112/1000] EBOPs=484372 target=350000 beta=3.61e-06 val_AUC=0.847797 val_accuracy=0.552839 seconds=110.3 checkpoint=epoch-0112
[epoch 113/1000] EBOPs=479764 target=350000 beta=3.62e-06 val_AUC=0.853625 val_accuracy=0.584371 seconds=109.8 checkpoint=epoch-0113
[epoch 114/1000] EBOPs=473679 target=350000 beta=3.64e-06 val_AUC=0.853699 val_accuracy=0.590137 seconds=96.3 checkpoint=epoch-0114
[epoch 115/1000] EBOPs=471242 target=350000 beta=3.65e-06 val_AUC=0.854200 val_accuracy=0.568879 seconds=93.8 checkpoint=epoch-0115
[epoch 116/1000] EBOPs=466063 target=350000 beta=3.69e-06 val_AUC=0.854372 val_accuracy=0.592185 seconds=93.6 checkpoint=epoch-0116
[epoch 117/1000] EBOPs=461556 target=350000 beta=3.7e-06 val_AUC=0.854458 val_accuracy=0.588710 seconds=93.6 checkpoint=epoch-0117
[epoch 118/1000] EBOPs=459855 target=350000 beta=3.71e-06 val_AUC=0.850439 val_accuracy=0.582137 seconds=93.6 checkpoint=epoch-0118
[epoch 119/1000] EBOPs=447151 target=350000 beta=3.75e-06 val_AUC=0.846239 val_accuracy=0.566798 seconds=94.8 checkpoint=epoch-0119
[epoch 120/1000] EBOPs=435306 target=350000 beta=3.69e-06 val_AUC=0.851992 val_accuracy=0.584121 seconds=98.4 checkpoint=epoch-0120
