[train] confirm0923-a03-s2-e1000 params=14497 resume_epoch=0 initial_ebops=1477038
wandb: [wandb.login()] Loaded credentials for https://api.wandb.ai from WANDB_API_KEY.
wandb: Syncing run confirm0923-a03-s2-e1000-s2
wandb: 🚀 View run at https://wandb.ai/kayamaguchi-uc-san-diego/BNJetTag-Engram-Experimental/runs/ffba08ecd4ca
[epoch 1/1000] EBOPs=1477038 target=350000 beta=1e-07 val_AUC=0.747507 val_accuracy=0.475468 seconds=135.3 checkpoint=epoch-0001
[epoch 2/1000] EBOPs=1477038 target=350000 beta=1e-07 val_AUC=0.784334 val_accuracy=0.505323 seconds=117.2 checkpoint=epoch-0002
wandb: updating run metadata
wandb: uploading output.log; uploading wandb-summary.json; uploading config.yaml
wandb: uploading history steps 0-1, summary, console lines 1-1
wandb: 🚀 View run confirm0923-a03-s2-e1000-s2 at: https://wandb.ai/kayamaguchi-uc-san-diego/BNJetTag-Engram-Experimental/runs/ffba08ecd4ca
wandb: ⭐️ View project at: https://wandb.ai/kayamaguchi-uc-san-diego/BNJetTag-Engram-Experimental
wandb: Synced 5 W&B file(s), 0 media file(s), 0 artifact file(s) and 0 other file(s)
wandb: setting up run ffba08ecd4ca
wandb: Resuming run confirm0923-a03-s2-e1000
wandb: 🚀 View run at https://wandb.ai/kayamaguchi-uc-san-diego/BNJetTag-Engram-Experimental/runs/ffba08ecd4ca
[wandb] artifact engram-review-confirm0923-a03-s2-e1000:v0 committed (10 files)
wandb: updating run metadata
wandb: uploading output.log; uploading wandb-summary.json; uploading config.yaml
wandb: 🚀 View run confirm0923-a03-s2-e1000 at: https://wandb.ai/kayamaguchi-uc-san-diego/BNJetTag-Engram-Experimental/runs/ffba08ecd4ca
wandb: ⭐️ View project at: https://wandb.ai/kayamaguchi-uc-san-diego/BNJetTag-Engram-Experimental
wandb: Synced 5 W&B file(s), 0 media file(s), 11 artifact file(s) and 0 other file(s)
{
  "selection_cost": 1477038,
  "selection_cost_convention": "native_hgq2",
  "native_hgq2_backbone_ebops": 1477038,
  "custom_estimated_bitops": 0,
  "modules": {},
  "warning": "Augmented total is not directly interchangeable with historical native HGQ2 totals.",
  "run": "confirm0923-a03-s2-e1000",
  "checkpoint": "model_min_ebops.keras",
  "checkpoint_sha256": "fd61f81d8eabec726bb03e06e0285440dcdef30e11754c80deae363db2d4b10d",
  "completed_epochs": 2,
  "selected": {
    "epoch": 0,
    "val_macro_auc": 0.7475065912272993,
    "val_categorical_accuracy": 0.47546774193548386,
    "ebops": 1477038
  },
  "budget_met": false,
  "validation_accuracy": 0.47546774193548386,
  "validation_macro_auc": 0.7475065912272993,
  "validation_per_class_auc": [
    0.6664824545334219,
    0.7991786072909197,
    0.6233461280491248,
    0.7472053514395426,
    0.9013204148234876
  ],
  "validation_labels_sha256": "97dedf586443a035071a6ec1ef25acae6841bb0890fa3dfd801c6a3d72ec234e",
  "validation_inputs_sha256": "dcdb76db132fb211f64f5ef7aefd6f09458bc18613a216b9b5e8d2366e7dd62a",
  "seed": 2,
  "test_set_used": false,
  "hardware_validated": false
}
