/cmcode/hgq2.tar.gz: OK
WARNING: Running pip as the 'root' user can result in broken permissions and conflicting behaviour with the system package manager, possibly rendering your system unusable. It is recommended to use a virtual environment instead: https://pip.pypa.io/warnings/venv. Use the --root-user-action option if you know what you are doing and want to suppress this warning.

[notice] A new release of pip is available: 25.0.1 -> 26.2.1
[notice] To update, run: pip install --upgrade pip
WARNING: All log messages before absl::InitializeLog() is called are written to STDERR
I0000 00:00:1789749628.141595      15 cudart_stub.cc:31] Could not find cuda drivers on your machine, GPU will not be used.
WARNING: All log messages before absl::InitializeLog() is called are written to STDERR
I0000 00:00:1789749631.358270      15 cudart_stub.cc:31] Could not find cuda drivers on your machine, GPU will not be used.
E0000 00:00:1789749634.204657      15 cuda_platform.cc:52] failed call to cuInit: INTERNAL: CUDA error: Failed call to cuInit: UNKNOWN ERROR (303)
PASS address_reference_mask_gradient_serialization_[1]_none_1
PASS address_reference_mask_gradient_serialization_[1]_hard_1
PASS address_reference_mask_gradient_serialization_[2, 3]_hard_2
PASS e00 build/binary/init/cost/reload
PASS e01 build/binary/init/cost/reload
WARNING:tensorflow:5 out of the last 5 calls to <function TensorFlowTrainer.make_predict_function.<locals>.one_step_on_data_distributed at 0x7ec95fd6d080> triggered tf.function retracing. Tracing is expensive and the excessive number of tracings could be due to (1) creating @tf.function repeatedly in a loop, (2) passing tensors with different shapes, (3) passing Python objects instead of tensors. For (1), please define your @tf.function outside of the loop. For (2), @tf.function has reduce_retracing=True option that can avoid unnecessary retracing. For (3), please refer to https://www.tensorflow.org/guide/function#controlling_retracing and https://www.tensorflow.org/api_docs/python/tf/function for  more details.
WARNING:tensorflow:6 out of the last 6 calls to <function TensorFlowTrainer.make_predict_function.<locals>.one_step_on_data_distributed at 0x7ec95fc77ec0> triggered tf.function retracing. Tracing is expensive and the excessive number of tracings could be due to (1) creating @tf.function repeatedly in a loop, (2) passing tensors with different shapes, (3) passing Python objects instead of tensors. For (1), please define your @tf.function outside of the loop. For (2), @tf.function has reduce_retracing=True option that can avoid unnecessary retracing. For (3), please refer to https://www.tensorflow.org/guide/function#controlling_retracing and https://www.tensorflow.org/api_docs/python/tf/function for  more details.
/usr/local/lib/python3.12/site-packages/keras/src/models/functional.py:259: UserWarning: The structure of `inputs` doesn't match the expected structure.
Expected: ['engram_input']
Received: inputs=Tensor(shape=(20, 4, 3))
  warnings.warn(msg)
PASS e02 build/binary/init/cost/reload
PASS e03 build/binary/init/cost/reload
PASS e04 build/binary/init/cost/reload
PASS e05 build/binary/init/cost/reload
PASS e06 build/binary/init/cost/reload
PASS e07 build/binary/init/cost/reload
[train] engram-e03-s1 params=9149 resume_epoch=0 initial_ebops=43622
/usr/local/lib/python3.12/site-packages/keras/src/models/functional.py:259: UserWarning: The structure of `inputs` doesn't match the expected structure.
Expected: ['engram_input']
Received: inputs=Tensor(shape=(20, 4, 3))
  warnings.warn(msg)
[epoch 1/2] EBOPs=43622 target=1000000 beta=1e-07 val_AUC=0.521875 val_accuracy=0.150000 seconds=22.7 checkpoint=epoch-0001
[train] engram-e03-s1 params=9149 resume_epoch=1 initial_ebops=43622
/usr/local/lib/python3.12/site-packages/keras/src/models/functional.py:259: UserWarning: The structure of `inputs` doesn't match the expected structure.
Expected: ['engram_input']
Received: inputs=Tensor(shape=(20, 4, 3))
  warnings.warn(msg)
[epoch 2/2] EBOPs=43622 target=1000000 beta=1e-07 val_AUC=0.521875 val_accuracy=0.150000 seconds=16.1 checkpoint=epoch-0002
[train] engram-e03-s1 params=9149 resume_epoch=0 initial_ebops=43622
/usr/local/lib/python3.12/site-packages/keras/src/models/functional.py:259: UserWarning: The structure of `inputs` doesn't match the expected structure.
Expected: ['engram_input']
Received: inputs=Tensor(shape=(20, 4, 3))
  warnings.warn(msg)
[epoch 1/2] EBOPs=43622 target=1000000 beta=1e-07 val_AUC=0.521875 val_accuracy=0.150000 seconds=23.2 checkpoint=epoch-0001
/usr/local/lib/python3.12/site-packages/keras/src/models/functional.py:259: UserWarning: The structure of `inputs` doesn't match the expected structure.
Expected: ['engram_input']
Received: inputs=Tensor(shape=(20, 4, 3))
  warnings.warn(msg)
[epoch 2/2] EBOPs=43622 target=1000000 beta=1e-07 val_AUC=0.521875 val_accuracy=0.150000 seconds=0.5 checkpoint=epoch-0002
ENGRAM_PREFLIGHT_PASS: /data/engram-study-20260918/preflight/synthetic-a10364ed/preflight.json
WARNING: All log messages before absl::InitializeLog() is called are written to STDERR
I0000 00:00:1789750031.912261       1 cudart_stub.cc:31] Could not find cuda drivers on your machine, GPU will not be used.
WARNING: All log messages before absl::InitializeLog() is called are written to STDERR
I0000 00:00:1789750034.717449       1 cudart_stub.cc:31] Could not find cuda drivers on your machine, GPU will not be used.
E0000 00:00:1789750038.640790       1 cuda_platform.cc:52] failed call to cuInit: INTERNAL: CUDA error: Failed call to cuInit: UNKNOWN ERROR (303)
PRODUCTION_BUILD_PASS engram-e00-s1 parameters=16875
PRODUCTION_BUILD_PASS engram-e01-s1 parameters=9716
/usr/local/lib/python3.12/site-packages/keras/src/models/functional.py:259: UserWarning: The structure of `inputs` doesn't match the expected structure.
Expected: ['engram_input']
Received: inputs=Tensor(shape=(256, 16, 3))
  warnings.warn(msg)
PRODUCTION_BUILD_PASS engram-e02-s1 parameters=26101
PRODUCTION_BUILD_PASS engram-e03-s1 parameters=42485
PREFLIGHT_ALL_PASS
