INFO: [HLS 200-10] ----------------------------------------------------------------
INFO: [HLS 200-10] -- Generating RTL for module 'add_ap_fixed_ap_fixed_39_7_5_3_0_ap_fixed_43_11_5_3_0_config47_s' 
INFO: [HLS 200-10] ----------------------------------------------------------------
INFO: [RTGEN 206-100] Finished creating RTL model for 'add_ap_fixed_ap_fixed_39_7_5_3_0_ap_fixed_43_11_5_3_0_config47_s'.
INFO: [HLS 200-111] Finished Creating RTL model: CPU user time: 9.6 seconds. CPU system time: 1.66 seconds. Elapsed time: 12.59 seconds; current allocated memory: 38.059 GB.
INFO: [HLS 200-10] ----------------------------------------------------------------
INFO: [HLS 200-10] -- Generating RTL for module 'global_pooling1d_cl_ap_fixed_ap_fixed_8_4_4_0_0_config48_s' 
INFO: [HLS 200-10] ----------------------------------------------------------------
INFO: [RTGEN 206-104] Estimated max fanout for 'global_pooling1d_cl_ap_fixed_ap_fixed_8_4_4_0_0_config48_s' is 24960 from HDL expression: ((1'b0 == ap_block_pp0_stage0_11001) & (1'b1 == ap_ce_reg))
INFO: [RTGEN 206-100] Finished creating RTL model for 'global_pooling1d_cl_ap_fixed_ap_fixed_8_4_4_0_0_config48_s'.
INFO: [HLS 200-111] Finished Creating RTL model: CPU user time: 6.39 seconds. CPU system time: 0.76 seconds. Elapsed time: 9.13 seconds; current allocated memory: 38.097 GB.
INFO: [HLS 200-10] ----------------------------------------------------------------
INFO: [HLS 200-10] -- Generating RTL for module 'dense_latency_ap_fixed_8_4_4_0_0_ap_fixed_39_7_5_3_0_config50_s' 
INFO: [HLS 200-10] ----------------------------------------------------------------
INFO: [RTGEN 206-104] Estimated max fanout for 'dense_latency_ap_fixed_8_4_4_0_0_ap_fixed_39_7_5_3_0_config50_s' is 19085 from HDL expression: ((1'b0 == ap_block_pp0_stage0_11001) & (1'b1 == ap_ce_reg))
INFO: [RTGEN 206-100] Generating core module 'mul_8s_5ns_12_1_1': 6 instance(s).
INFO: [RTGEN 206-100] Generating core module 'mul_8s_5ns_13_1_1': 4 instance(s).
INFO: [RTGEN 206-100] Generating core module 'mul_8s_5s_12_1_1': 3 instance(s).
INFO: [RTGEN 206-100] Generating core module 'mul_8s_5s_13_1_1': 5 instance(s).
INFO: [RTGEN 206-100] Finished creating RTL model for 'dense_latency_ap_fixed_8_4_4_0_0_ap_fixed_39_7_5_3_0_config50_s'.
INFO: [HLS 200-111] Finished Creating RTL model: CPU user time: 6.62 seconds. CPU system time: 0.66 seconds. Elapsed time: 10.12 seconds; current allocated memory: 38.274 GB.
INFO: [HLS 200-10] ----------------------------------------------------------------
INFO: [HLS 200-10] -- Generating RTL for module 'thresholded_relu_ap_fixed_ap_ufixed_ap_ufixed_thresholdedrelu_config51_s' 
INFO: [HLS 200-10] ----------------------------------------------------------------
INFO: [RTGEN 206-100] Finished creating RTL model for 'thresholded_relu_ap_fixed_ap_ufixed_ap_ufixed_thresholdedrelu_config51_s'.
INFO: [HLS 200-111] Finished Creating RTL model: CPU user time: 5.75 seconds. CPU system time: 0.72 seconds. Elapsed time: 7.91 seconds; current allocated memory: 38.344 GB.
INFO: [HLS 200-10] ----------------------------------------------------------------
INFO: [HLS 200-10] -- Generating RTL for module 'dense_latency_ap_ufixed_7_3_4_0_0_ap_fixed_36_7_5_3_0_config53_s' 
INFO: [HLS 200-10] ----------------------------------------------------------------
INFO: [RTGEN 206-100] Generating core module 'mul_7ns_5ns_11_1_1': 7 instance(s).
INFO: [RTGEN 206-100] Generating core module 'mul_7ns_5s_12_1_1': 12 instance(s).
INFO: [RTGEN 206-100] Finished creating RTL model for 'dense_latency_ap_ufixed_7_3_4_0_0_ap_fixed_36_7_5_3_0_config53_s'.
INFO: [HLS 200-111] Finished Creating RTL model: CPU user time: 4.9 seconds. CPU system time: 0.62 seconds. Elapsed time: 6.76 seconds; current allocated memory: 38.347 GB.
INFO: [HLS 200-10] ----------------------------------------------------------------
INFO: [HLS 200-10] -- Generating RTL for module 'myproject' 
INFO: [HLS 200-10] ----------------------------------------------------------------
INFO: [RTGEN 206-500] Setting interface mode on port 'myproject/input_1' to 'ap_vld'.
INFO: [RTGEN 206-500] Setting interface mode on port 'myproject/layer53_out_0' to 'ap_vld'.
INFO: [RTGEN 206-500] Setting interface mode on port 'myproject/layer53_out_1' to 'ap_vld'.
INFO: [RTGEN 206-500] Setting interface mode on port 'myproject/layer53_out_2' to 'ap_vld'.
INFO: [RTGEN 206-500] Setting interface mode on port 'myproject/layer53_out_3' to 'ap_vld'.
INFO: [RTGEN 206-500] Setting interface mode on port 'myproject/layer53_out_4' to 'ap_vld'.
INFO: [RTGEN 206-500] Setting interface mode on function 'myproject' to 'ap_ctrl_hs'.
INFO: [HLS 200-1030] Apply Unified Pipeline Control on module 'myproject' pipeline 'myproject' pipeline type 'function pipeline'
INFO: [RTGEN 206-104] Estimated max fanout for 'myproject' is 1435072 from HDL expression: (1'b0 == ap_block_pp0_stage0_11001)
INFO: [RTGEN 206-100] Finished creating RTL model for 'myproject'.
INFO: [HLS 200-111] Finished Creating RTL model: CPU user time: 138.44 seconds. CPU system time: 6.43 seconds. Elapsed time: 150.28 seconds; current allocated memory: 41.529 GB.
INFO: [HLS 200-111] Finished Generating all RTL models: CPU user time: 216.76 seconds. CPU system time: 9.97 seconds. Elapsed time: 241.03 seconds; current allocated memory: 41.743 GB.
INFO: [HLS 200-111] Finished Updating report files: CPU user time: 108.64 seconds. CPU system time: 5.67 seconds. Elapsed time: 117.24 seconds; current allocated memory: 43.829 GB.
INFO: [VHDL 208-304] Generating VHDL RTL for myproject.
INFO: [VLOG 209-307] Generating Verilog RTL for myproject.
INFO: [HLS 200-789] **** Estimated Fmax: 547.98 MHz
INFO: [HLS 200-111] Finished Command csynth_design CPU user time: 7235.98 seconds. CPU system time: 169.01 seconds. Elapsed time: 8182.18 seconds; current allocated memory: 43.470 GB.
***** C/RTL SYNTHESIS COMPLETED IN 2h16m22s *****
INFO: [HLS 200-112] Total CPU user time: 7256.62 seconds. Total CPU system time: 174.93 seconds. Total elapsed time: 8209.3 seconds; peak allocated memory: 43.829 GB.
INFO: [Common 17-206] Exiting vitis_hls at Mon Aug 24 09:23:39 2026...

real	136m57.174s
user	120m59.793s
sys	2m59.754s
peak allocated memory: 43.829 GB
