/cmcode/hgq2.tar.gz: OK
WARNING: Running pip as the 'root' user can result in broken permissions and conflicting behaviour with the system package manager, possibly rendering your system unusable. It is recommended to use a virtual environment instead: https://pip.pypa.io/warnings/venv. Use the --root-user-action option if you know what you are doing and want to suppress this warning.

[notice] A new release of pip is available: 25.0.1 -> 26.2.1
[notice] To update, run: pip install --upgrade pip
MANIFEST_SHA_OK 041f981a9d5b8c3a7affb175d82de0ca2df9bc6261a172f67cb365c88b4bbd42
GPU_GATE_PASS
CACHE_READY
GPU_INFO NVIDIA A10, 23028 MiB, 595.91.07
CPU_MODEL AMD EPYC 7502 32-Core Processor
CPU_COUNTS node_logical 128 allowed 2 cpus_allowed_list 9-11,73-75 cgroup_cpu_max max 100000
LSCPU CPU(s):                                  128
LSCPU On-line CPU(s) list:                     0-127
LSCPU Model name:                              AMD EPYC 7502 32-Core Processor
LSCPU Thread(s) per core:                      2
LSCPU Core(s) per socket:                      32
LSCPU Socket(s):                               2
LSCPU CPU(s) scaling MHz:                      108%
LSCPU CPU max MHz:                             2500.0000
LSCPU NUMA node(s):                            2
HOST_MEM MemTotal: 528175744 kB cgroup_memory_max 25769803776
Filesystem                                                                                                                                                      Size  Used Avail Use% Mounted on
csi-cephfs-node@90a5afad-c313-4e49-9b5f-317100c6930e.nautilusfs=/volumes/csi/csi-vol-9f276e98-3be5-415d-b665-c05c6036f24c/a3a2d703-9f9a-423c-a8bc-89c13d677031  100G   35G   66G  35% /data
PIP_FREEZE_SHA256 a2cf4c9a70abf11424fca62819a2d6432b7bc6091610086a1b5a8a55f2671775
/cmfp/fingerprint_check.py: OK
ENV_REPORT_BEGIN
HOSTNAME_NODE hcc-nrp-shor-c5821.unl.edu
NVIDIA A10, GPU-ddddeb1b-d7cf-54bc-2491-40a1bf10dbba, 1565021003593, 595.91.07, 23028 MiB, Enabled
Driver Version                                         : 595.91.07
CUDA Version                                           : 13.2
        Pending                                        : N/A
        Pending                                        : N/A
        Pending                                        : N/A
        Pending                                        : N/A
        Pending                                        : Enabled
        Volatile
            SRAM Correctable                           : 0
            SRAM Uncorrectable Parity                  : 0
            SRAM Uncorrectable SEC-DED                 : 0
            DRAM Correctable                           : 0
            DRAM Uncorrectable                         : 0
            SRAM Correctable                           : 0
            SRAM Uncorrectable Parity                  : 0
            SRAM Uncorrectable SEC-DED                 : 0
            DRAM Correctable                           : 0
            DRAM Uncorrectable                         : 0
        Aggregate Uncorrectable SRAM Sources
        Channel Repair Pending                         : No
        TPC Repair Pending                             : No
    Retired Pages
        Single Bit ECC                                 : N/A
        Double Bit ECC                                 : N/A
        Pending Page Blacklist                         : N/A
    Remapped Rows
        Correctable Error                              : 0
        Inactive Correctable Error                     : 0
        Uncorrectable Error                            : 0
        Inactive Uncorrectable Error                   : 0
        Pending                                        : No
NVRM version: NVIDIA UNIX Open Kernel Module for x86_64  595.91.07  Release Build  (dvs-builder@U22-I3-B08-02-2)  Wed Jul 29 03:01:16 UTC 2026
GCC version:  gcc version 13.3.0 (Ubuntu 13.3.0-6ubuntu2~24.04.1)
PYTHON 3.12.13 (main, May  8 2026, 22:41:31) [GCC 14.2.0]
TF 2.21.0 KERAS 3.15.0
TF_BUILD_INFO {"cpu_compiler": "clang", "cuda_compute_capabilities": ["sm_60", "sm_70", "sm_80", "sm_89", "compute_90"], "cuda_version": "12.5.1", "cudnn_version": "9", "is_cuda_build": true, "is_rocm_build": false, "is_tensorrt_build": false}
PIP_FREEZE_BEGIN
absl-py==2.5.0
annotated-types==0.8.0
astunparse==1.6.3
certifi==2026.7.22
charset-normalizer==3.5.1
click==8.5.0
cloudpickle==3.1.2
flatbuffers==25.12.19
gast==0.7.0
gitdb==4.0.12
GitPython==3.1.62
google-pasta==0.2.0
grpcio==1.84.0
h5py==3.14.0
hgq2==0.1.9
hls4ml==1.3.0
idna==3.20
joblib==1.6.0
keras==3.15.0
libclang==18.1.1
markdown-it-py==4.2.0
mdurl==0.1.2
ml_dtypes==0.6.0
namex==0.1.0
narwhals==2.26.0
numpy==2.5.0
nvidia-cublas-cu12==12.9.2.10
nvidia-cuda-cupti-cu12==12.9.79
nvidia-cuda-nvcc-cu12==12.9.86
nvidia-cuda-nvrtc-cu12==12.9.86
nvidia-cuda-runtime-cu12==12.9.79
nvidia-cudnn-cu12==9.26.0.51
nvidia-cufft-cu12==11.4.1.4
nvidia-curand-cu12==10.3.10.19
nvidia-cusolver-cu12==11.7.5.82
nvidia-cusparse-cu12==12.5.10.65
nvidia-nccl-cu12==2.32.3
nvidia-nvjitlink-cu12==12.9.86
opt_einsum==3.4.0
optree==0.20.0
packaging==26.3
pip==25.0.1
platformdirs==4.12.1
protobuf==7.36.2
pydantic==2.13.5
pydantic_core==2.46.5
pyDigitalWaveTools==1.1
Pygments==2.21.0
PyYAML==6.0.3
quantizers==1.2.2
requests==2.34.2
rich==15.0.0
scikit-learn==1.9.0
scipy==1.18.1
sentry-sdk==2.71.0
setuptools==84.0.0
six==1.17.0
smmap==5.0.3
tensorflow==2.21.0
termcolor==3.3.0
threadpoolctl==3.7.0
tqdm==4.70.1
typing-inspection==0.4.4
typing_extensions==4.16.0
urllib3==2.8.0
wandb==0.28.0
wheel==0.48.0
wrapt==2.5.0
PIP_FREEZE_END
ENV_REPORT_END
FINGERPRINT_TREE /work/code
FINGERPRINT_DEVICES ['/physical_device:GPU:0']
FINGERPRINT 11559681 expected 11559681 chang0926-a-n64-s1
FINGERPRINT_OK chang0926-a-n64-s1
/cmbench/bench_driver.py: OK
BENCH_PLAN_OK NVIDIA-A10 a10-klow stop_after 21 phases p3-E-k3 p4-A07-k1 driver_sha256 5ede0778f716cb9299ca82c64547fb993c93d775572d33463a0fef4cbf676c45 stall_s 3600.0 sample_s 60.0 stagger_s 15.0
POD_CPUS allowed_n 6 allowed 9-11,73-75 pod_cpu_request 6 (allowed_n == request: the static CPU manager gave the pod its own CPUs; larger: a shared pool)
PHASE_START p3-E-k3 class E k 3 names chang0926-a-n64-s1,chang0926-a-n64-s2,chang0926-a-n64-s3 2026-09-29T10:32:19Z
PHASE_CPUS p3-E-k3 pin pinned pinned 9-11,73-75 n 6 physical_cores 3 allowed_n 6 allowed 9-11,73-75
ARM_STARTED p3-E-k3 chang0926-a-n64-s1 pid 403 cpus 9-11,73-75 2026-09-29T10:32:19Z
ARM_STARTED p3-E-k3 chang0926-a-n64-s2 pid 537 cpus 9-11,73-75 2026-09-29T10:32:34Z
ARM_STARTED p3-E-k3 chang0926-a-n64-s3 pid 671 cpus 9-11,73-75 2026-09-29T10:32:49Z
ARM_EXIT p3-E-k3 chang0926-a-n64-s1 0 outcome ok epochs 21 verification PASS 2026-09-29T11:02:49Z
ARM_EXIT p3-E-k3 chang0926-a-n64-s2 0 outcome ok epochs 21 verification PASS 2026-09-29T11:03:34Z
ARM_EXIT p3-E-k3 chang0926-a-n64-s3 0 outcome ok epochs 21 verification PASS 2026-09-29T11:03:34Z
PHASE_DONE p3-E-k3 wall_seconds 1880.3 outcomes {"ok": 3} steady_cores 1.725 per_arm 0.575 pairs 25 pinned 9-11,73-75 2026-09-29T11:03:39Z
PHASE_START p4-A07-k1 class A07 k 1 names chang0926-c-n64-s1 2026-09-29T11:03:39Z
PHASE_CPUS p4-A07-k1 pin pinned pinned 9-10 n 2 physical_cores 2 allowed_n 6 allowed 9-11,73-75
ARM_STARTED p4-A07-k1 chang0926-c-n64-s1 pid 2684 cpus 9-10 2026-09-29T11:03:39Z
ARM_EXIT p4-A07-k1 chang0926-c-n64-s1 0 outcome ok epochs 21 verification PASS 2026-09-29T11:23:14Z
PHASE_DONE p4-A07-k1 wall_seconds 1180.1 outcomes {"ok": 1} steady_cores 0.588 per_arm 0.588 pairs 14 pinned 9-10 2026-09-29T11:23:19Z
BENCH_DONE a10-klow phases 2 samples 52 2026-09-29T11:23:20Z
