==== BENCH_ARM_ATTEMPT 0 2026-09-29T12:26:24Z phase p2-A07-k2
ARM_CPUS n=4 requested 4,6-8 seen 4,6-8 OK
BENCH_ARM chang0926-c-n64-s2 tree /work/code devices ['/physical_device:GPU:0'] tf32_enabled False test_cpu False utc 2026-09-29T12:26:27Z
ARM_MANIFEST_SHA 041f981a9d5b8c3a7affb175d82de0ca2df9bc6261a172f67cb365c88b4bbd42 expected 041f981a9d5b8c3a7affb175d82de0ca2df9bc6261a172f67cb365c88b4bbd42 OK
BENCH_CACHE {"x_train": "420ac79dcece207aca849f6ca56e6426586023c9e02f38e5d3ac596fa74d79bc", "x_val": "7b56c1b25bc0d9231767f891ec52455ecb7c5656735fcf9d404104fd2c264d31", "y_train": "a5269398e2c6e5f1fc0db98e1a99a8befea619bf0c55531293d02a286c0dd378", "y_val": "63049d9bdcfdc83af97c58bc6579e1def1ec2d9e7a6c30007793badd75217709"}
[train] chang0926-c-n64-s2 params=61951 resume_epoch=0 initial_ebops=16461269
[epoch 1/7000] EBOPs=17606949 target=5000000 above_floor=17263896 feasible=0 degenerate=0 beta=1e-07 val_AUC=0.871995 val_accuracy=0.609677 seconds=114.0 checkpoint=- ebops_trace_seconds=53.38 ebops_trace_over_epoch=0.469 loss=3.198949 host_rss_mb=2426
[epoch 2/7000] EBOPs=untraced in_training_ebops=18496485 target=5000000 beta=1e-07 val_AUC=0.894142 val_accuracy=0.664306 seconds=42.8 checkpoint=- ebops_trace_seconds=0.00 ebops_trace_over_epoch=0.001 loss=2.778317 host_rss_mb=2443
[epoch 3/7000] EBOPs=untraced in_training_ebops=14624915 target=5000000 beta=1.12e-07 val_AUC=0.895939 val_accuracy=0.668968 seconds=42.6 checkpoint=- ebops_trace_seconds=0.00 ebops_trace_over_epoch=0.001 loss=2.780550 host_rss_mb=2450
[epoch 4/7000] EBOPs=untraced in_training_ebops=14746383 target=5000000 beta=9.36e-08 val_AUC=0.905497 val_accuracy=0.686258 seconds=42.4 checkpoint=- ebops_trace_seconds=0.00 ebops_trace_over_epoch=0.001 loss=2.280082 host_rss_mb=2450
[epoch 5/7000] EBOPs=untraced in_training_ebops=11713131 target=5000000 beta=9.96e-08 val_AUC=0.891618 val_accuracy=0.660661 seconds=42.6 checkpoint=- ebops_trace_seconds=0.00 ebops_trace_over_epoch=0.001 loss=2.169790 host_rss_mb=2450
[epoch 6/7000] EBOPs=untraced in_training_ebops=11269019 target=5000000 beta=8.25e-08 val_AUC=0.844583 val_accuracy=0.627113 seconds=42.6 checkpoint=- ebops_trace_seconds=0.00 ebops_trace_over_epoch=0.001 loss=1.844227 host_rss_mb=2457
[epoch 7/7000] EBOPs=untraced in_training_ebops=9373136 target=5000000 beta=8.27e-08 val_AUC=0.807536 val_accuracy=0.517887 seconds=42.6 checkpoint=- ebops_trace_seconds=0.00 ebops_trace_over_epoch=0.001 loss=1.754944 host_rss_mb=2457
[epoch 8/7000] EBOPs=untraced in_training_ebops=9154233 target=5000000 beta=7.1e-08 val_AUC=0.787370 val_accuracy=0.580645 seconds=42.4 checkpoint=- ebops_trace_seconds=0.00 ebops_trace_over_epoch=0.001 loss=1.582511 host_rss_mb=2457
[epoch 9/7000] EBOPs=untraced in_training_ebops=8343909 target=5000000 beta=7.15e-08 val_AUC=0.844273 val_accuracy=0.599581 seconds=42.6 checkpoint=- ebops_trace_seconds=0.00 ebops_trace_over_epoch=0.001 loss=1.572956 host_rss_mb=2441
[epoch 10/7000] EBOPs=6696318 target=5000000 above_floor=6353265 feasible=0 degenerate=0 beta=6.68e-08 val_AUC=0.897231 val_accuracy=0.669419 seconds=91.1 checkpoint=- ebops_trace_seconds=56.58 ebops_trace_over_epoch=0.622 loss=1.443722 host_rss_mb=2447
[epoch 11/7000] EBOPs=untraced in_training_ebops=7008174 target=5000000 beta=5.44e-08 val_AUC=0.896936 val_accuracy=0.663306 seconds=42.6 checkpoint=- ebops_trace_seconds=0.00 ebops_trace_over_epoch=0.002 loss=1.298393 host_rss_mb=2449
[epoch 12/7000] EBOPs=untraced in_training_ebops=6645261 target=5000000 beta=5.79e-08 val_AUC=0.902717 val_accuracy=0.687935 seconds=42.2 checkpoint=- ebops_trace_seconds=0.00 ebops_trace_over_epoch=0.002 loss=1.308614 host_rss_mb=2449
[epoch 13/7000] EBOPs=untraced in_training_ebops=6378957 target=5000000 beta=5.57e-08 val_AUC=0.896452 val_accuracy=0.654306 seconds=42.4 checkpoint=- ebops_trace_seconds=0.00 ebops_trace_over_epoch=0.001 loss=1.279981 host_rss_mb=2449
[epoch 14/7000] EBOPs=untraced in_training_ebops=5969101 target=5000000 beta=5.41e-08 val_AUC=0.901308 val_accuracy=0.680274 seconds=42.6 checkpoint=- ebops_trace_seconds=0.00 ebops_trace_over_epoch=0.002 loss=1.249082 host_rss_mb=2452
[epoch 15/7000] EBOPs=untraced in_training_ebops=5460471 target=5000000 beta=5.11e-08 val_AUC=0.903109 val_accuracy=0.686629 seconds=42.6 checkpoint=- ebops_trace_seconds=0.00 ebops_trace_over_epoch=0.001 loss=1.197457 host_rss_mb=2453
[epoch 16/7000] EBOPs=untraced in_training_ebops=5489126 target=5000000 beta=4.7e-08 val_AUC=0.895174 val_accuracy=0.651081 seconds=42.2 checkpoint=- ebops_trace_seconds=0.00 ebops_trace_over_epoch=0.001 loss=1.177023 host_rss_mb=2453
[epoch 17/7000] EBOPs=untraced in_training_ebops=5378694 target=5000000 beta=4.74e-08 val_AUC=0.894524 val_accuracy=0.670952 seconds=42.6 checkpoint=- ebops_trace_seconds=0.00 ebops_trace_over_epoch=0.001 loss=1.187304 host_rss_mb=2453
[epoch 18/7000] EBOPs=untraced in_training_ebops=5172751 target=5000000 beta=4.66e-08 val_AUC=0.886920 val_accuracy=0.648145 seconds=42.4 checkpoint=- ebops_trace_seconds=0.00 ebops_trace_over_epoch=0.001 loss=1.187356 host_rss_mb=2453
[epoch 19/7000] EBOPs=untraced in_training_ebops=4917308 target=5000000 beta=4.49e-08 val_AUC=0.894622 val_accuracy=0.656823 seconds=42.4 checkpoint=- ebops_trace_seconds=0.00 ebops_trace_over_epoch=0.001 loss=1.154516 host_rss_mb=2455
[epoch 20/7000] EBOPs=4801066 target=5000000 above_floor=4458013 feasible=1 degenerate=0 beta=4.27e-08 val_AUC=0.894402 val_accuracy=0.668097 seconds=92.9 checkpoint=- ebops_trace_seconds=57.23 ebops_trace_over_epoch=0.617 loss=1.147546 host_rss_mb=2456
[epoch 21/7000] EBOPs=untraced in_training_ebops=5112957 target=5000000 beta=4.16e-08 val_AUC=0.894872 val_accuracy=0.651355 seconds=29.6 checkpoint=epoch-0021 ebops_trace_seconds=0.00 ebops_trace_over_epoch=0.002 loss=1.152487 host_rss_mb=2456
CHECKPOINT_VERIFICATION_PASS {"index": 17, "name": "chang0926-c-n64-s2", "arm": "C", "seed": 2, "n_part": 64, "file": "chang0926-c-n64-s2.json", "production": true, "target_ebops": 5000000, "zero_floor_ebops": 343053, "arch": {"d_model": 32, "n_heads": 4, "pos_enc": "learned"}, "quant_set": "chang", "config_sha256": "9027ff22da685bd9346bc3eeaa0babc1650bb232ef9b024255441ade62056795", "status": "verified_canary", "completed_epochs": 21, "selected": {"epoch": 19, "val_macro_auc": 0.8944023118791552, "val_categorical_accuracy": 0.6680967741935484, "ebops": 4801066, "ebops_above_floor": 4458013}, "checkpoint": "model_best.keras", "checkpoint_sha256": "5a74c420ed7934e4a66cf571d5632db3b4eafdbf77bd0219cf2470577d4115b2", "budget_met": true, "validation_accuracy": 0.6680967741935484, "validation_macro_auc": 0.8944023118791552, "validation_per_class_auc": [0.8863202540681098, 0.8806474345523523, 0.8928144832787003, 0.8823213426793501, 0.9299080448172641], "wall_seconds_this_invocation": 1150.3585882860352, "test_set_used": false, "hardware_validated": false, "validation_labels_sha256": "63049d9bdcfdc83af97c58bc6579e1def1ec2d9e7a6c30007793badd75217709", "reload_ebops_check": "stored", "source_sha256": "041f981a9d5b8c3a7affb175d82de0ca2df9bc6261a172f67cb365c88b4bbd42", "selection_cost": 4801066, "selection_cost_convention": "native_hgq2", "native_hgq2_backbone_ebops": 4801066, "custom_estimated_bitops": 0, "modules": {}, "warning": "Augmented total is not directly interchangeable with historical native HGQ2 totals."}
WANDB_IMPORTED False
ARM_DONE chang0926-c-n64-s2 exit 0 wall_seconds 1150.6 utc 2026-09-29T12:45:39Z
