==== BENCH_ARM_ATTEMPT 0 2026-09-29T12:26:09Z phase p2-A07-k2
ARM_CPUS n=4 requested 4,6-8 seen 4,6-8 OK
BENCH_ARM chang0926-c-n64-s1 tree /work/code devices ['/physical_device:GPU:0'] tf32_enabled False test_cpu False utc 2026-09-29T12:26:12Z
ARM_MANIFEST_SHA 041f981a9d5b8c3a7affb175d82de0ca2df9bc6261a172f67cb365c88b4bbd42 expected 041f981a9d5b8c3a7affb175d82de0ca2df9bc6261a172f67cb365c88b4bbd42 OK
BENCH_CACHE {"x_train": "420ac79dcece207aca849f6ca56e6426586023c9e02f38e5d3ac596fa74d79bc", "x_val": "7b56c1b25bc0d9231767f891ec52455ecb7c5656735fcf9d404104fd2c264d31", "y_train": "a5269398e2c6e5f1fc0db98e1a99a8befea619bf0c55531293d02a286c0dd378", "y_val": "63049d9bdcfdc83af97c58bc6579e1def1ec2d9e7a6c30007793badd75217709"}
[train] chang0926-c-n64-s1 params=61951 resume_epoch=0 initial_ebops=16832899
[epoch 1/7000] EBOPs=17495712 target=5000000 above_floor=17152659 feasible=0 degenerate=0 beta=1e-07 val_AUC=0.861011 val_accuracy=0.591355 seconds=116.1 checkpoint=- ebops_trace_seconds=57.93 ebops_trace_over_epoch=0.500 loss=3.242916 host_rss_mb=2406
[epoch 2/7000] EBOPs=untraced in_training_ebops=18697832 target=5000000 beta=1e-07 val_AUC=0.894352 val_accuracy=0.659516 seconds=30.2 checkpoint=- ebops_trace_seconds=0.00 ebops_trace_over_epoch=0.002 loss=2.809915 host_rss_mb=2424
[epoch 3/7000] EBOPs=untraced in_training_ebops=15198443 target=5000000 beta=1.14e-07 val_AUC=0.889898 val_accuracy=0.656984 seconds=42.6 checkpoint=- ebops_trace_seconds=0.00 ebops_trace_over_epoch=0.001 loss=2.893631 host_rss_mb=2430
[epoch 4/7000] EBOPs=untraced in_training_ebops=15438591 target=5000000 beta=9.81e-08 val_AUC=0.900904 val_accuracy=0.688887 seconds=42.7 checkpoint=- ebops_trace_seconds=0.00 ebops_trace_over_epoch=0.001 loss=2.432795 host_rss_mb=2434
[epoch 5/7000] EBOPs=untraced in_training_ebops=12243319 target=5000000 beta=1.05e-07 val_AUC=0.903194 val_accuracy=0.682855 seconds=42.4 checkpoint=- ebops_trace_seconds=0.00 ebops_trace_over_epoch=0.001 loss=2.329728 host_rss_mb=2438
[epoch 6/7000] EBOPs=untraced in_training_ebops=11550401 target=5000000 beta=8.74e-08 val_AUC=0.857699 val_accuracy=0.584435 seconds=42.2 checkpoint=- ebops_trace_seconds=0.00 ebops_trace_over_epoch=0.001 loss=1.996275 host_rss_mb=2441
[epoch 7/7000] EBOPs=untraced in_training_ebops=9403152 target=5000000 beta=8.6e-08 val_AUC=0.882086 val_accuracy=0.622371 seconds=42.7 checkpoint=- ebops_trace_seconds=0.01 ebops_trace_over_epoch=0.001 loss=1.882362 host_rss_mb=2442
[epoch 8/7000] EBOPs=untraced in_training_ebops=9401293 target=5000000 beta=7.23e-08 val_AUC=0.858144 val_accuracy=0.551935 seconds=42.4 checkpoint=- ebops_trace_seconds=0.00 ebops_trace_over_epoch=0.001 loss=1.656082 host_rss_mb=2447
[epoch 9/7000] EBOPs=untraced in_training_ebops=8387710 target=5000000 beta=7.46e-08 val_AUC=0.876087 val_accuracy=0.618903 seconds=42.2 checkpoint=- ebops_trace_seconds=0.00 ebops_trace_over_epoch=0.001 loss=1.644452 host_rss_mb=2431
[epoch 10/7000] EBOPs=6717406 target=5000000 above_floor=6374353 feasible=0 degenerate=0 beta=6.83e-08 val_AUC=0.883340 val_accuracy=0.636742 seconds=101.2 checkpoint=- ebops_trace_seconds=58.82 ebops_trace_over_epoch=0.582 loss=1.491346 host_rss_mb=2435
[epoch 11/7000] EBOPs=untraced in_training_ebops=7238405 target=5000000 beta=5.55e-08 val_AUC=0.895540 val_accuracy=0.653226 seconds=34.0 checkpoint=- ebops_trace_seconds=0.00 ebops_trace_over_epoch=0.002 loss=1.337323 host_rss_mb=2435
[epoch 12/7000] EBOPs=untraced in_training_ebops=6955919 target=5000000 beta=6.09e-08 val_AUC=0.885183 val_accuracy=0.632839 seconds=42.6 checkpoint=- ebops_trace_seconds=0.00 ebops_trace_over_epoch=0.001 loss=1.367970 host_rss_mb=2435
[epoch 13/7000] EBOPs=untraced in_training_ebops=6669814 target=5000000 beta=5.95e-08 val_AUC=0.894385 val_accuracy=0.667726 seconds=42.4 checkpoint=- ebops_trace_seconds=0.00 ebops_trace_over_epoch=0.001 loss=1.346829 host_rss_mb=2435
[epoch 14/7000] EBOPs=untraced in_training_ebops=6372373 target=5000000 beta=5.79e-08 val_AUC=0.877720 val_accuracy=0.615984 seconds=42.6 checkpoint=- ebops_trace_seconds=0.00 ebops_trace_over_epoch=0.001 loss=1.319918 host_rss_mb=2435
[epoch 15/7000] EBOPs=untraced in_training_ebops=5584382 target=5000000 beta=5.6e-08 val_AUC=0.881647 val_accuracy=0.645468 seconds=42.5 checkpoint=- ebops_trace_seconds=0.00 ebops_trace_over_epoch=0.001 loss=1.276828 host_rss_mb=2436
[epoch 16/7000] EBOPs=untraced in_training_ebops=5408217 target=5000000 beta=4.93e-08 val_AUC=0.889515 val_accuracy=0.650500 seconds=42.5 checkpoint=- ebops_trace_seconds=0.00 ebops_trace_over_epoch=0.001 loss=1.221131 host_rss_mb=2436
[epoch 17/7000] EBOPs=untraced in_training_ebops=5442481 target=5000000 beta=4.8e-08 val_AUC=0.888176 val_accuracy=0.643258 seconds=42.5 checkpoint=- ebops_trace_seconds=0.00 ebops_trace_over_epoch=0.001 loss=1.219203 host_rss_mb=2437
[epoch 18/7000] EBOPs=untraced in_training_ebops=5147154 target=5000000 beta=4.85e-08 val_AUC=0.892728 val_accuracy=0.657532 seconds=42.7 checkpoint=- ebops_trace_seconds=0.00 ebops_trace_over_epoch=0.001 loss=1.213589 host_rss_mb=2437
[epoch 19/7000] EBOPs=untraced in_training_ebops=4923851 target=5000000 beta=4.59e-08 val_AUC=0.878623 val_accuracy=0.625677 seconds=42.7 checkpoint=- ebops_trace_seconds=0.00 ebops_trace_over_epoch=0.001 loss=1.191312 host_rss_mb=2437
[epoch 20/7000] EBOPs=4722921 target=5000000 above_floor=4379868 feasible=1 degenerate=0 beta=4.39e-08 val_AUC=0.891126 val_accuracy=0.646903 seconds=99.6 checkpoint=- ebops_trace_seconds=57.27 ebops_trace_over_epoch=0.576 loss=1.173079 host_rss_mb=2439
[epoch 21/7000] EBOPs=untraced in_training_ebops=5087812 target=5000000 beta=4.2e-08 val_AUC=0.885751 val_accuracy=0.611887 seconds=33.4 checkpoint=epoch-0021 ebops_trace_seconds=0.00 ebops_trace_over_epoch=0.002 loss=1.174214 host_rss_mb=2440
CHECKPOINT_VERIFICATION_PASS {"index": 16, "name": "chang0926-c-n64-s1", "arm": "C", "seed": 1, "n_part": 64, "file": "chang0926-c-n64-s1.json", "production": true, "target_ebops": 5000000, "zero_floor_ebops": 343053, "arch": {"d_model": 32, "n_heads": 4, "pos_enc": "learned"}, "quant_set": "chang", "config_sha256": "1f27443c764f95f42208be7c864c834bcf0fbe0be2583aa89d89c8fd3f7da156", "status": "verified_canary", "completed_epochs": 21, "selected": {"epoch": 19, "val_macro_auc": 0.8911259274487708, "val_categorical_accuracy": 0.6469032258064517, "ebops": 4722921, "ebops_above_floor": 4379868}, "checkpoint": "model_best.keras", "checkpoint_sha256": "001bef51d8ef6d01444f470bf3be076741856ab34371697dc6c283b45a561490", "budget_met": true, "validation_accuracy": 0.6469032258064517, "validation_macro_auc": 0.8911259274487708, "validation_per_class_auc": [0.8942335374797767, 0.8653162856480117, 0.8867388682422042, 0.8804384207070013, 0.9289025251668598], "wall_seconds_this_invocation": 1153.4311505579972, "test_set_used": false, "hardware_validated": false, "validation_labels_sha256": "63049d9bdcfdc83af97c58bc6579e1def1ec2d9e7a6c30007793badd75217709", "reload_ebops_check": "stored", "source_sha256": "041f981a9d5b8c3a7affb175d82de0ca2df9bc6261a172f67cb365c88b4bbd42", "selection_cost": 4722921, "selection_cost_convention": "native_hgq2", "native_hgq2_backbone_ebops": 4722921, "custom_estimated_bitops": 0, "modules": {}, "warning": "Augmented total is not directly interchangeable with historical native HGQ2 totals."}
WANDB_IMPORTED False
ARM_DONE chang0926-c-n64-s1 exit 0 wall_seconds 1153.6 utc 2026-09-29T12:45:27Z
