

================================================================
== Vitis HLS Report for 'dense_latency_ap_fixed_4_3_4_0_0_ap_fixed_9_6_4_0_0_config3_dense_7'
================================================================
* Date:           Thu Aug 13 13:51:50 2026

* Version:        2023.2 (Build 4023990 on Oct 11 2023)
* Project:        myproject_prj
* Solution:       solution1 (Vivado IP Flow Target)
* Product family: virtexuplus
* Target device:  xcvu13p-flga2577-2-e


================================================================
== Performance Estimates
================================================================
+ Timing: 
    * Summary: 
    +--------+---------+----------+------------+
    |  Clock |  Target | Estimated| Uncertainty|
    +--------+---------+----------+------------+
    |ap_clk  |  2.50 ns|  1.623 ns|     0.68 ns|
    +--------+---------+----------+------------+

+ Latency: 
    * Summary: 
    +---------+---------+----------+----------+-----+-----+---------+
    |  Latency (cycles) |  Latency (absolute) |  Interval | Pipeline|
    |   min   |   max   |    min   |    max   | min | max |   Type  |
    +---------+---------+----------+----------+-----+-----+---------+
    |        1|        1|  2.500 ns|  2.500 ns|    1|    1|      yes|
    +---------+---------+----------+----------+-----+-----+---------+

    + Detail: 
        * Instance: 
        N/A

        * Loop: 
        N/A



================================================================
== Utilization Estimates
================================================================
* Summary: 
+---------------------+---------+-------+---------+---------+------+
|         Name        | BRAM_18K|  DSP  |    FF   |   LUT   | URAM |
+---------------------+---------+-------+---------+---------+------+
|DSP                  |        -|      -|        -|        -|     -|
|Expression           |        -|      -|        0|     1937|     -|
|FIFO                 |        -|      -|        -|        -|     -|
|Instance             |        -|      -|        -|        -|     -|
|Memory               |        -|      -|        -|        -|     -|
|Multiplexer          |        -|      -|        -|        -|     -|
|Register             |        -|      -|       89|        -|     -|
+---------------------+---------+-------+---------+---------+------+
|Total                |        0|      0|       89|     1937|     0|
+---------------------+---------+-------+---------+---------+------+
|Available SLR        |     1344|   3072|   864000|   432000|   320|
+---------------------+---------+-------+---------+---------+------+
|Utilization SLR (%)  |        0|      0|       ~0|       ~0|     0|
+---------------------+---------+-------+---------+---------+------+
|Available            |     5376|  12288|  3456000|  1728000|  1280|
+---------------------+---------+-------+---------+---------+------+
|Utilization (%)      |        0|      0|       ~0|       ~0|     0|
+---------------------+---------+-------+---------+---------+------+

+ Detail: 
    * Instance: 
    N/A

    * DSP: 
    N/A

    * Memory: 
    N/A

    * FIFO: 
    N/A

    * Expression: 
    +--------------------------+----------+----+---+----+------------+------------+
    |       Variable Name      | Operation| DSP| FF| LUT| Bitwidth P0| Bitwidth P1|
    +--------------------------+----------+----+---+----+------------+------------+
    |add_ln111_1_fu_801_p2     |         +|   0|  0|  16|           9|           1|
    |add_ln111_2_fu_861_p2     |         +|   0|  0|  16|           9|           1|
    |add_ln111_3_fu_904_p2     |         +|   0|  0|  16|           9|           1|
    |add_ln111_4_fu_967_p2     |         +|   0|  0|  16|           9|           1|
    |add_ln111_5_fu_1001_p2    |         +|   0|  0|  16|           9|           1|
    |add_ln111_6_fu_1010_p2    |         +|   0|  0|  16|           9|           1|
    |add_ln111_7_fu_1114_p2    |         +|   0|  0|  16|           9|           1|
    |add_ln111_8_fu_1193_p2    |         +|   0|  0|  16|           9|           1|
    |add_ln111_fu_753_p2       |         +|   0|  0|  16|           9|           1|
    |add_ln58_16954_fu_432_p2  |         +|   0|  0|  21|          21|          16|
    |add_ln58_16955_fu_438_p2  |         +|   0|  0|  21|          21|          21|
    |add_ln58_16956_fu_238_p2  |         +|   0|  0|  28|          21|          21|
    |add_ln58_16957_fu_443_p2  |         +|   0|  0|  27|          20|          16|
    |add_ln58_16958_fu_452_p2  |         +|   0|  0|  28|          21|          21|
    |add_ln58_16959_fu_457_p2  |         +|   0|  0|  21|          21|          16|
    |add_ln58_16960_fu_463_p2  |         +|   0|  0|  21|          21|          21|
    |add_ln58_16961_fu_244_p2  |         +|   0|  0|  28|          21|          21|
    |add_ln58_16962_fu_250_p2  |         +|   0|  0|  27|          20|          13|
    |add_ln58_16963_fu_471_p2  |         +|   0|  0|  28|          21|          21|
    |add_ln58_16964_fu_476_p2  |         +|   0|  0|  21|          21|          16|
    |add_ln58_16965_fu_482_p2  |         +|   0|  0|  21|          21|          21|
    |add_ln58_16966_fu_487_p2  |         +|   0|  0|  21|          21|          18|
    |add_ln58_16967_fu_493_p2  |         +|   0|  0|  21|          21|          21|
    |add_ln58_16968_fu_498_p2  |         +|   0|  0|  21|          21|          21|
    |add_ln58_16969_fu_504_p2  |         +|   0|  0|  21|          21|          21|
    |add_ln58_16970_fu_256_p2  |         +|   0|  0|  27|          20|          20|
    |add_ln58_16971_fu_509_p2  |         +|   0|  0|  21|          21|          16|
    |add_ln58_16972_fu_515_p2  |         +|   0|  0|  21|          21|          21|
    |add_ln58_16973_fu_520_p2  |         +|   0|  0|  21|          21|          18|
    |add_ln58_16974_fu_526_p2  |         +|   0|  0|  21|          21|          21|
    |add_ln58_16975_fu_266_p2  |         +|   0|  0|  27|          20|          20|
    |add_ln58_16976_fu_276_p2  |         +|   0|  0|  28|          21|          21|
    |add_ln58_16977_fu_531_p2  |         +|   0|  0|  27|          20|          18|
    |add_ln58_16978_fu_540_p2  |         +|   0|  0|  28|          21|          21|
    |add_ln58_16979_fu_545_p2  |         +|   0|  0|  21|          21|          16|
    |add_ln58_16980_fu_551_p2  |         +|   0|  0|  21|          21|          21|
    |add_ln58_16981_fu_556_p2  |         +|   0|  0|  21|          21|          19|
    |add_ln58_16982_fu_562_p2  |         +|   0|  0|  21|          21|          21|
    |add_ln58_16983_fu_282_p2  |         +|   0|  0|  27|          20|          18|
    |add_ln58_16984_fu_292_p2  |         +|   0|  0|  28|          21|          21|
    |add_ln58_16985_fu_567_p2  |         +|   0|  0|  21|          21|          17|
    |add_ln58_16986_fu_573_p2  |         +|   0|  0|  21|          21|          21|
    |add_ln58_16987_fu_578_p2  |         +|   0|  0|  21|          21|          17|
    |add_ln58_16988_fu_584_p2  |         +|   0|  0|  21|          21|          21|
    |add_ln58_16989_fu_298_p2  |         +|   0|  0|  27|          20|          18|
    |add_ln58_16990_fu_308_p2  |         +|   0|  0|  28|          21|          21|
    |add_ln58_16991_fu_589_p2  |         +|   0|  0|  21|          21|          17|
    |add_ln58_16992_fu_595_p2  |         +|   0|  0|  21|          21|          21|
    |add_ln58_16993_fu_600_p2  |         +|   0|  0|  27|          20|          17|
    |add_ln58_16994_fu_609_p2  |         +|   0|  0|  28|          21|          21|
    |add_ln58_16995_fu_614_p2  |         +|   0|  0|  28|          21|          21|
    |add_ln58_16996_fu_619_p2  |         +|   0|  0|  28|          21|          21|
    |add_ln58_16997_fu_625_p2  |         +|   0|  0|  21|          21|          16|
    |add_ln58_16998_fu_631_p2  |         +|   0|  0|  21|          21|          21|
    |add_ln58_16999_fu_636_p2  |         +|   0|  0|  28|          21|          21|
    |add_ln58_17000_fu_641_p2  |         +|   0|  0|  28|          21|          21|
    |add_ln58_17001_fu_647_p2  |         +|   0|  0|  28|          21|          21|
    |add_ln58_17002_fu_314_p2  |         +|   0|  0|  27|          20|          17|
    |add_ln58_17003_fu_656_p2  |         +|   0|  0|  28|          21|          21|
    |add_ln58_17004_fu_661_p2  |         +|   0|  0|  21|          21|          16|
    |add_ln58_17005_fu_667_p2  |         +|   0|  0|  21|          21|          21|
    |add_ln58_17006_fu_672_p2  |         +|   0|  0|  21|          21|          16|
    |add_ln58_17007_fu_678_p2  |         +|   0|  0|  21|          21|          21|
    |add_ln58_17008_fu_683_p2  |         +|   0|  0|  28|          21|          21|
    |add_ln58_17009_fu_689_p2  |         +|   0|  0|  21|          21|          16|
    |add_ln58_17010_fu_695_p2  |         +|   0|  0|  21|          21|          21|
    |add_ln58_17011_fu_700_p2  |         +|   0|  0|  27|          20|          15|
    |add_ln58_17012_fu_709_p2  |         +|   0|  0|  28|          21|          21|
    |add_ln58_17013_fu_320_p2  |         +|   0|  0|  27|          20|          17|
    |add_ln58_17014_fu_330_p2  |         +|   0|  0|  28|          21|          21|
    |add_ln58_17015_fu_714_p2  |         +|   0|  0|  27|          20|          15|
    |add_ln58_17016_fu_723_p2  |         +|   0|  0|  28|          21|          21|
    |add_ln58_17017_fu_728_p2  |         +|   0|  0|  21|          21|          16|
    |add_ln58_17018_fu_734_p2  |         +|   0|  0|  21|          21|          21|
    |add_ln58_fu_232_p2        |         +|   0|  0|  28|          21|          21|
    |sub_ln73_635_fu_166_p2    |         -|   0|  0|  12|           1|           5|
    |sub_ln73_636_fu_204_p2    |         -|   0|  0|  12|           1|           5|
    |sub_ln73_fu_144_p2        |         -|   0|  0|  12|           1|           5|
    |or_ln111_2_fu_837_p2      |        or|   0|  0|   8|           8|           1|
    |or_ln111_3_fu_891_p2      |        or|   0|  0|   8|           8|           1|
    |or_ln111_4_fu_920_p2      |        or|   0|  0|   8|           8|           1|
    |or_ln111_5_fu_954_p2      |        or|   0|  0|   8|           8|           1|
    |or_ln111_fu_817_p2        |        or|   0|  0|   8|           8|           1|
    |or_ln58_1_fu_222_p2       |        or|   0|  0|  20|          20|          14|
    |or_ln58_2_fu_396_p2       |        or|   0|  0|  20|          20|          11|
    |or_ln58_3_fu_405_p2       |        or|   0|  0|  20|          20|          11|
    |or_ln58_4_fu_414_p2       |        or|   0|  0|  20|          20|          15|
    |or_ln58_5_fu_423_p2       |        or|   0|  0|  20|          20|          14|
    |or_ln58_fu_387_p2         |        or|   0|  0|  19|          19|          14|
    +--------------------------+----------+----+---+----+------------+------------+
    |Total                     |          |   0|  0|1937|        1617|        1376|
    +--------------------------+----------+----+---+----+------------+------------+

    * Multiplexer: 
    N/A

    * Register: 
    +----------------------------+---+----+-----+-----------+
    |            Name            | FF| LUT| Bits| Const Bits|
    +----------------------------+---+----+-----+-----------+
    |add_ln58_16956_reg_1471     |  6|   0|   21|         15|
    |add_ln58_16961_reg_1477     |  6|   0|   21|         15|
    |add_ln58_16962_reg_1487     |  5|   0|   20|         15|
    |add_ln58_17002_reg_1501     |  5|   0|   20|         15|
    |add_ln58_reg_1457           |  6|   0|   21|         15|
    |sext_ln42_1_reg_1432        |  6|   0|   21|         15|
    |sext_ln58_9853_reg_1492     |  6|   0|   21|         15|
    |sext_ln58_reg_1448          |  5|   0|   20|         15|
    |shl_ln42_3_cast62_reg_1438  |  6|   0|   21|         15|
    |shl_ln_reg_1419             |  4|   0|   19|         15|
    |sub_ln73_636_reg_1443       |  5|   0|    5|          0|
    |tmp_reg_1424                |  5|   0|   20|         15|
    |trunc_ln111_12_reg_1511     |  6|   0|    8|          2|
    |trunc_ln111_15_reg_1516     |  6|   0|    8|          2|
    |trunc_ln111_28_reg_1521     |  6|   0|    8|          2|
    |trunc_ln111_9_reg_1506      |  6|   0|    8|          2|
    +----------------------------+---+----+-----+-----------+
    |Total                       | 89|   0|  262|        173|
    +----------------------------+---+----+-----+-----------+



================================================================
== Interface
================================================================
* Summary: 
+--------------+-----+-----+------------+----------------------------------------------------------------------------------+--------------+
|   RTL Ports  | Dir | Bits|  Protocol  |                                   Source Object                                  |    C Type    |
+--------------+-----+-----+------------+----------------------------------------------------------------------------------+--------------+
|ap_clk        |   in|    1|  ap_ctrl_hs|  dense_latency<ap_fixed<4, 3, 4, 0, 0>, ap_fixed<9, 6, 4, 0, 0>, config3_dense>.7|  return value|
|ap_rst        |   in|    1|  ap_ctrl_hs|  dense_latency<ap_fixed<4, 3, 4, 0, 0>, ap_fixed<9, 6, 4, 0, 0>, config3_dense>.7|  return value|
|ap_return_0   |  out|    9|  ap_ctrl_hs|  dense_latency<ap_fixed<4, 3, 4, 0, 0>, ap_fixed<9, 6, 4, 0, 0>, config3_dense>.7|  return value|
|ap_return_1   |  out|    9|  ap_ctrl_hs|  dense_latency<ap_fixed<4, 3, 4, 0, 0>, ap_fixed<9, 6, 4, 0, 0>, config3_dense>.7|  return value|
|ap_return_2   |  out|    9|  ap_ctrl_hs|  dense_latency<ap_fixed<4, 3, 4, 0, 0>, ap_fixed<9, 6, 4, 0, 0>, config3_dense>.7|  return value|
|ap_return_3   |  out|    9|  ap_ctrl_hs|  dense_latency<ap_fixed<4, 3, 4, 0, 0>, ap_fixed<9, 6, 4, 0, 0>, config3_dense>.7|  return value|
|ap_return_4   |  out|    9|  ap_ctrl_hs|  dense_latency<ap_fixed<4, 3, 4, 0, 0>, ap_fixed<9, 6, 4, 0, 0>, config3_dense>.7|  return value|
|ap_return_5   |  out|    9|  ap_ctrl_hs|  dense_latency<ap_fixed<4, 3, 4, 0, 0>, ap_fixed<9, 6, 4, 0, 0>, config3_dense>.7|  return value|
|ap_return_6   |  out|    9|  ap_ctrl_hs|  dense_latency<ap_fixed<4, 3, 4, 0, 0>, ap_fixed<9, 6, 4, 0, 0>, config3_dense>.7|  return value|
|ap_return_7   |  out|    9|  ap_ctrl_hs|  dense_latency<ap_fixed<4, 3, 4, 0, 0>, ap_fixed<9, 6, 4, 0, 0>, config3_dense>.7|  return value|
|ap_return_8   |  out|    9|  ap_ctrl_hs|  dense_latency<ap_fixed<4, 3, 4, 0, 0>, ap_fixed<9, 6, 4, 0, 0>, config3_dense>.7|  return value|
|ap_return_9   |  out|    9|  ap_ctrl_hs|  dense_latency<ap_fixed<4, 3, 4, 0, 0>, ap_fixed<9, 6, 4, 0, 0>, config3_dense>.7|  return value|
|ap_return_10  |  out|    9|  ap_ctrl_hs|  dense_latency<ap_fixed<4, 3, 4, 0, 0>, ap_fixed<9, 6, 4, 0, 0>, config3_dense>.7|  return value|
|ap_return_11  |  out|    9|  ap_ctrl_hs|  dense_latency<ap_fixed<4, 3, 4, 0, 0>, ap_fixed<9, 6, 4, 0, 0>, config3_dense>.7|  return value|
|ap_return_12  |  out|    9|  ap_ctrl_hs|  dense_latency<ap_fixed<4, 3, 4, 0, 0>, ap_fixed<9, 6, 4, 0, 0>, config3_dense>.7|  return value|
|ap_return_13  |  out|    9|  ap_ctrl_hs|  dense_latency<ap_fixed<4, 3, 4, 0, 0>, ap_fixed<9, 6, 4, 0, 0>, config3_dense>.7|  return value|
|ap_return_14  |  out|    9|  ap_ctrl_hs|  dense_latency<ap_fixed<4, 3, 4, 0, 0>, ap_fixed<9, 6, 4, 0, 0>, config3_dense>.7|  return value|
|ap_return_15  |  out|    9|  ap_ctrl_hs|  dense_latency<ap_fixed<4, 3, 4, 0, 0>, ap_fixed<9, 6, 4, 0, 0>, config3_dense>.7|  return value|
|ap_return_16  |  out|    9|  ap_ctrl_hs|  dense_latency<ap_fixed<4, 3, 4, 0, 0>, ap_fixed<9, 6, 4, 0, 0>, config3_dense>.7|  return value|
|ap_return_17  |  out|    9|  ap_ctrl_hs|  dense_latency<ap_fixed<4, 3, 4, 0, 0>, ap_fixed<9, 6, 4, 0, 0>, config3_dense>.7|  return value|
|ap_return_18  |  out|    9|  ap_ctrl_hs|  dense_latency<ap_fixed<4, 3, 4, 0, 0>, ap_fixed<9, 6, 4, 0, 0>, config3_dense>.7|  return value|
|ap_return_19  |  out|    9|  ap_ctrl_hs|  dense_latency<ap_fixed<4, 3, 4, 0, 0>, ap_fixed<9, 6, 4, 0, 0>, config3_dense>.7|  return value|
|ap_return_20  |  out|    9|  ap_ctrl_hs|  dense_latency<ap_fixed<4, 3, 4, 0, 0>, ap_fixed<9, 6, 4, 0, 0>, config3_dense>.7|  return value|
|ap_return_21  |  out|    9|  ap_ctrl_hs|  dense_latency<ap_fixed<4, 3, 4, 0, 0>, ap_fixed<9, 6, 4, 0, 0>, config3_dense>.7|  return value|
|ap_return_22  |  out|    9|  ap_ctrl_hs|  dense_latency<ap_fixed<4, 3, 4, 0, 0>, ap_fixed<9, 6, 4, 0, 0>, config3_dense>.7|  return value|
|ap_return_23  |  out|    9|  ap_ctrl_hs|  dense_latency<ap_fixed<4, 3, 4, 0, 0>, ap_fixed<9, 6, 4, 0, 0>, config3_dense>.7|  return value|
|ap_return_24  |  out|    9|  ap_ctrl_hs|  dense_latency<ap_fixed<4, 3, 4, 0, 0>, ap_fixed<9, 6, 4, 0, 0>, config3_dense>.7|  return value|
|ap_return_25  |  out|    9|  ap_ctrl_hs|  dense_latency<ap_fixed<4, 3, 4, 0, 0>, ap_fixed<9, 6, 4, 0, 0>, config3_dense>.7|  return value|
|ap_return_26  |  out|    9|  ap_ctrl_hs|  dense_latency<ap_fixed<4, 3, 4, 0, 0>, ap_fixed<9, 6, 4, 0, 0>, config3_dense>.7|  return value|
|ap_return_27  |  out|    9|  ap_ctrl_hs|  dense_latency<ap_fixed<4, 3, 4, 0, 0>, ap_fixed<9, 6, 4, 0, 0>, config3_dense>.7|  return value|
|ap_return_28  |  out|    9|  ap_ctrl_hs|  dense_latency<ap_fixed<4, 3, 4, 0, 0>, ap_fixed<9, 6, 4, 0, 0>, config3_dense>.7|  return value|
|ap_return_29  |  out|    9|  ap_ctrl_hs|  dense_latency<ap_fixed<4, 3, 4, 0, 0>, ap_fixed<9, 6, 4, 0, 0>, config3_dense>.7|  return value|
|ap_return_30  |  out|    9|  ap_ctrl_hs|  dense_latency<ap_fixed<4, 3, 4, 0, 0>, ap_fixed<9, 6, 4, 0, 0>, config3_dense>.7|  return value|
|ap_return_31  |  out|    9|  ap_ctrl_hs|  dense_latency<ap_fixed<4, 3, 4, 0, 0>, ap_fixed<9, 6, 4, 0, 0>, config3_dense>.7|  return value|
|ap_ce         |   in|    1|  ap_ctrl_hs|  dense_latency<ap_fixed<4, 3, 4, 0, 0>, ap_fixed<9, 6, 4, 0, 0>, config3_dense>.7|  return value|
|data_21_val   |   in|    4|     ap_none|                                                                       data_21_val|        scalar|
|data_22_val   |   in|    4|     ap_none|                                                                       data_22_val|        scalar|
|data_23_val   |   in|    4|     ap_none|                                                                       data_23_val|        scalar|
+--------------+-----+-----+------------+----------------------------------------------------------------------------------+--------------+

