

================================================================
== Vitis HLS Report for 'dense_latency_ap_fixed_4_3_4_0_0_ap_fixed_9_6_4_0_0_config3_dense_2'
================================================================
* Date:           Thu Aug 13 13:51:46 2026

* Version:        2023.2 (Build 4023990 on Oct 11 2023)
* Project:        myproject_prj
* Solution:       solution1 (Vivado IP Flow Target)
* Product family: virtexuplus
* Target device:  xcvu13p-flga2577-2-e


================================================================
== Performance Estimates
================================================================
+ Timing: 
    * Summary: 
    +--------+---------+----------+------------+
    |  Clock |  Target | Estimated| Uncertainty|
    +--------+---------+----------+------------+
    |ap_clk  |  2.50 ns|  1.623 ns|     0.68 ns|
    +--------+---------+----------+------------+

+ Latency: 
    * Summary: 
    +---------+---------+----------+----------+-----+-----+---------+
    |  Latency (cycles) |  Latency (absolute) |  Interval | Pipeline|
    |   min   |   max   |    min   |    max   | min | max |   Type  |
    +---------+---------+----------+----------+-----+-----+---------+
    |        1|        1|  2.500 ns|  2.500 ns|    1|    1|      yes|
    +---------+---------+----------+----------+-----+-----+---------+

    + Detail: 
        * Instance: 
        N/A

        * Loop: 
        N/A



================================================================
== Utilization Estimates
================================================================
* Summary: 
+---------------------+---------+-------+---------+---------+------+
|         Name        | BRAM_18K|  DSP  |    FF   |   LUT   | URAM |
+---------------------+---------+-------+---------+---------+------+
|DSP                  |        -|      -|        -|        -|     -|
|Expression           |        -|      -|        0|     2020|     -|
|FIFO                 |        -|      -|        -|        -|     -|
|Instance             |        -|      -|        -|        -|     -|
|Memory               |        -|      -|        -|        -|     -|
|Multiplexer          |        -|      -|        -|        -|     -|
|Register             |        -|      -|       75|        -|     -|
+---------------------+---------+-------+---------+---------+------+
|Total                |        0|      0|       75|     2020|     0|
+---------------------+---------+-------+---------+---------+------+
|Available SLR        |     1344|   3072|   864000|   432000|   320|
+---------------------+---------+-------+---------+---------+------+
|Utilization SLR (%)  |        0|      0|       ~0|       ~0|     0|
+---------------------+---------+-------+---------+---------+------+
|Available            |     5376|  12288|  3456000|  1728000|  1280|
+---------------------+---------+-------+---------+---------+------+
|Utilization (%)      |        0|      0|       ~0|       ~0|     0|
+---------------------+---------+-------+---------+---------+------+

+ Detail: 
    * Instance: 
    N/A

    * DSP: 
    N/A

    * Memory: 
    N/A

    * FIFO: 
    N/A

    * Expression: 
    +--------------------------+----------+----+---+----+------------+------------+
    |       Variable Name      | Operation| DSP| FF| LUT| Bitwidth P0| Bitwidth P1|
    +--------------------------+----------+----+---+----+------------+------------+
    |add_ln111_39_fu_753_p2    |         +|   0|  0|  16|           9|           1|
    |add_ln111_40_fu_787_p2    |         +|   0|  0|  16|           9|           1|
    |add_ln111_41_fu_827_p2    |         +|   0|  0|  16|           9|           1|
    |add_ln111_42_fu_1075_p2   |         +|   0|  0|  16|           9|           1|
    |add_ln111_43_fu_1109_p2   |         +|   0|  0|  16|           9|           1|
    |add_ln111_44_fu_1129_p2   |         +|   0|  0|  16|           9|           1|
    |add_ln111_45_fu_1177_p2   |         +|   0|  0|  16|           9|           1|
    |add_ln111_46_fu_1226_p2   |         +|   0|  0|  16|           9|           1|
    |add_ln111_47_fu_1246_p2   |         +|   0|  0|  16|           9|           1|
    |add_ln111_fu_733_p2       |         +|   0|  0|  16|           9|           1|
    |add_ln58_17280_fu_396_p2  |         +|   0|  0|  21|          21|          21|
    |add_ln58_17281_fu_236_p2  |         +|   0|  0|  28|          21|          21|
    |add_ln58_17282_fu_242_p2  |         +|   0|  0|  27|          20|          17|
    |add_ln58_17283_fu_404_p2  |         +|   0|  0|  28|          21|          21|
    |add_ln58_17284_fu_248_p2  |         +|   0|  0|  28|          21|          21|
    |add_ln58_17285_fu_409_p2  |         +|   0|  0|  21|          21|          16|
    |add_ln58_17286_fu_414_p2  |         +|   0|  0|  21|          21|          21|
    |add_ln58_17287_fu_254_p2  |         +|   0|  0|  28|          21|          21|
    |add_ln58_17288_fu_260_p2  |         +|   0|  0|  27|          20|          16|
    |add_ln58_17289_fu_422_p2  |         +|   0|  0|  28|          21|          21|
    |add_ln58_17290_fu_427_p2  |         +|   0|  0|  21|          21|          18|
    |add_ln58_17291_fu_432_p2  |         +|   0|  0|  21|          21|          21|
    |add_ln58_17292_fu_437_p2  |         +|   0|  0|  21|          21|          16|
    |add_ln58_17293_fu_442_p2  |         +|   0|  0|  21|          21|          21|
    |add_ln58_17294_fu_447_p2  |         +|   0|  0|  21|          21|          21|
    |add_ln58_17295_fu_452_p2  |         +|   0|  0|  21|          21|          21|
    |add_ln58_17296_fu_266_p2  |         +|   0|  0|  28|          21|          21|
    |add_ln58_17297_fu_457_p2  |         +|   0|  0|  28|          21|          21|
    |add_ln58_17298_fu_462_p2  |         +|   0|  0|  21|          21|          16|
    |add_ln58_17299_fu_467_p2  |         +|   0|  0|  21|          21|          21|
    |add_ln58_17300_fu_472_p2  |         +|   0|  0|  27|          20|          17|
    |add_ln58_17301_fu_481_p2  |         +|   0|  0|  28|          21|          21|
    |add_ln58_17302_fu_486_p2  |         +|   0|  0|  27|          20|          16|
    |add_ln58_17303_fu_495_p2  |         +|   0|  0|  28|          21|          21|
    |add_ln58_17304_fu_500_p2  |         +|   0|  0|  21|          21|          17|
    |add_ln58_17305_fu_505_p2  |         +|   0|  0|  21|          21|          21|
    |add_ln58_17306_fu_510_p2  |         +|   0|  0|  21|          21|          17|
    |add_ln58_17307_fu_515_p2  |         +|   0|  0|  21|          21|          21|
    |add_ln58_17308_fu_520_p2  |         +|   0|  0|  27|          20|          20|
    |add_ln58_17309_fu_530_p2  |         +|   0|  0|  27|          20|          18|
    |add_ln58_17310_fu_539_p2  |         +|   0|  0|  28|          21|          21|
    |add_ln58_17311_fu_545_p2  |         +|   0|  0|  21|          21|          16|
    |add_ln58_17312_fu_550_p2  |         +|   0|  0|  21|          21|          21|
    |add_ln58_17313_fu_555_p2  |         +|   0|  0|  28|          21|          21|
    |add_ln58_17314_fu_560_p2  |         +|   0|  0|  27|          20|          20|
    |add_ln58_17315_fu_569_p2  |         +|   0|  0|  28|          21|          21|
    |add_ln58_17316_fu_575_p2  |         +|   0|  0|  28|          21|          21|
    |add_ln58_17317_fu_579_p2  |         +|   0|  0|  28|          21|          21|
    |add_ln58_17318_fu_585_p2  |         +|   0|  0|  27|          20|          17|
    |add_ln58_17319_fu_594_p2  |         +|   0|  0|  28|          21|          21|
    |add_ln58_17320_fu_599_p2  |         +|   0|  0|  21|          21|          15|
    |add_ln58_17321_fu_604_p2  |         +|   0|  0|  21|          21|          21|
    |add_ln58_17322_fu_609_p2  |         +|   0|  0|  21|          21|          17|
    |add_ln58_17323_fu_614_p2  |         +|   0|  0|  21|          21|          21|
    |add_ln58_17324_fu_619_p2  |         +|   0|  0|  21|          21|          17|
    |add_ln58_17325_fu_624_p2  |         +|   0|  0|  21|          21|          21|
    |add_ln58_17326_fu_629_p2  |         +|   0|  0|  28|          21|          21|
    |add_ln58_17327_fu_272_p2  |         +|   0|  0|  27|          20|          17|
    |add_ln58_17328_fu_638_p2  |         +|   0|  0|  28|          21|          21|
    |add_ln58_17329_fu_643_p2  |         +|   0|  0|  21|          21|          21|
    |add_ln58_17330_fu_648_p2  |         +|   0|  0|  21|          21|          21|
    |add_ln58_17331_fu_653_p2  |         +|   0|  0|  21|          21|          17|
    |add_ln58_17332_fu_658_p2  |         +|   0|  0|  21|          21|          21|
    |add_ln58_17333_fu_664_p2  |         +|   0|  0|  21|          21|          18|
    |add_ln58_17334_fu_669_p2  |         +|   0|  0|  21|          21|          21|
    |add_ln58_17335_fu_674_p2  |         +|   0|  0|  21|          21|          17|
    |add_ln58_17336_fu_679_p2  |         +|   0|  0|  21|          21|          21|
    |add_ln58_17337_fu_684_p2  |         +|   0|  0|  27|          20|          16|
    |add_ln58_17338_fu_693_p2  |         +|   0|  0|  28|          21|          21|
    |add_ln58_17339_fu_699_p2  |         +|   0|  0|  27|          20|          16|
    |add_ln58_17340_fu_708_p2  |         +|   0|  0|  28|          21|          21|
    |add_ln58_17341_fu_278_p2  |         +|   0|  0|  27|          20|          20|
    |add_ln58_17342_fu_288_p2  |         +|   0|  0|  28|          21|          21|
    |add_ln58_17343_fu_714_p2  |         +|   0|  0|  28|          21|          21|
    |add_ln58_fu_391_p2        |         +|   0|  0|  21|          21|          21|
    |sub_ln73_645_fu_162_p2    |         -|   0|  0|  12|           1|           5|
    |sub_ln73_646_fu_196_p2    |         -|   0|  0|  12|           1|           5|
    |sub_ln73_fu_140_p2        |         -|   0|  0|  12|           1|           5|
    |or_ln111_26_fu_899_p2     |        or|   0|  0|   8|           8|           1|
    |or_ln111_27_fu_919_p2     |        or|   0|  0|   8|           8|           1|
    |or_ln111_28_fu_1051_p2    |        or|   0|  0|   8|           8|           1|
    |or_ln111_29_fu_1193_p2    |        or|   0|  0|   8|           8|           1|
    |or_ln111_30_fu_1213_p2    |        or|   0|  0|   8|           8|           1|
    |or_ln111_fu_803_p2        |        or|   0|  0|   8|           8|           1|
    |or_ln58_20_fu_319_p2      |        or|   0|  0|  19|          19|           8|
    |or_ln58_21_fu_328_p2      |        or|   0|  0|  19|          19|           8|
    |or_ln58_22_fu_337_p2      |        or|   0|  0|  19|          19|          12|
    |or_ln58_23_fu_346_p2      |        or|   0|  0|  19|          19|          15|
    |or_ln58_24_fu_355_p2      |        or|   0|  0|  20|          20|          11|
    |or_ln58_25_fu_364_p2      |        or|   0|  0|  20|          20|          15|
    |or_ln58_26_fu_373_p2      |        or|   0|  0|  19|          19|          13|
    |or_ln58_27_fu_226_p2      |        or|   0|  0|  19|          19|          15|
    |or_ln58_28_fu_382_p2      |        or|   0|  0|  19|          19|          14|
    |or_ln58_fu_310_p2         |        or|   0|  0|  19|          19|          14|
    +--------------------------+----------+----+---+----+------------+------------+
    |Total                     |          |   0|  0|2020|        1686|        1423|
    +--------------------------+----------+----+---+----+------------+------------+

    * Multiplexer: 
    N/A

    * Register: 
    +--------------------------+---+----+-----+-----------+
    |           Name           | FF| LUT| Bits| Const Bits|
    +--------------------------+---+----+-----+-----------+
    |add_ln58_17281_reg_1507   |  6|   0|   21|         15|
    |add_ln58_17282_reg_1513   |  5|   0|   20|         15|
    |add_ln58_17284_reg_1518   |  6|   0|   21|         15|
    |add_ln58_17287_reg_1529   |  6|   0|   21|         15|
    |add_ln58_17288_reg_1542   |  5|   0|   20|         15|
    |add_ln58_17296_reg_1547   |  6|   0|   21|         15|
    |add_ln58_17327_reg_1554   |  5|   0|   20|         15|
    |sext_ln42_11_reg_1462     |  6|   0|   21|         15|
    |sext_ln42_12_reg_1475     |  6|   0|   21|         15|
    |sext_ln58_reg_1496        |  5|   0|   20|         15|
    |shl_ln42_s_reg_1470       |  4|   0|   19|         15|
    |shl_ln_reg_1444           |  4|   0|   19|         15|
    |tmp_reg_1456              |  5|   0|   20|         15|
    |trunc_ln111_173_reg_1559  |  6|   0|    8|          2|
    +--------------------------+---+----+-----+-----------+
    |Total                     | 75|   0|  272|        197|
    +--------------------------+---+----+-----+-----------+



================================================================
== Interface
================================================================
* Summary: 
+--------------+-----+-----+------------+----------------------------------------------------------------------------------+--------------+
|   RTL Ports  | Dir | Bits|  Protocol  |                                   Source Object                                  |    C Type    |
+--------------+-----+-----+------------+----------------------------------------------------------------------------------+--------------+
|ap_clk        |   in|    1|  ap_ctrl_hs|  dense_latency<ap_fixed<4, 3, 4, 0, 0>, ap_fixed<9, 6, 4, 0, 0>, config3_dense>.2|  return value|
|ap_rst        |   in|    1|  ap_ctrl_hs|  dense_latency<ap_fixed<4, 3, 4, 0, 0>, ap_fixed<9, 6, 4, 0, 0>, config3_dense>.2|  return value|
|ap_return_0   |  out|    9|  ap_ctrl_hs|  dense_latency<ap_fixed<4, 3, 4, 0, 0>, ap_fixed<9, 6, 4, 0, 0>, config3_dense>.2|  return value|
|ap_return_1   |  out|    9|  ap_ctrl_hs|  dense_latency<ap_fixed<4, 3, 4, 0, 0>, ap_fixed<9, 6, 4, 0, 0>, config3_dense>.2|  return value|
|ap_return_2   |  out|    9|  ap_ctrl_hs|  dense_latency<ap_fixed<4, 3, 4, 0, 0>, ap_fixed<9, 6, 4, 0, 0>, config3_dense>.2|  return value|
|ap_return_3   |  out|    9|  ap_ctrl_hs|  dense_latency<ap_fixed<4, 3, 4, 0, 0>, ap_fixed<9, 6, 4, 0, 0>, config3_dense>.2|  return value|
|ap_return_4   |  out|    9|  ap_ctrl_hs|  dense_latency<ap_fixed<4, 3, 4, 0, 0>, ap_fixed<9, 6, 4, 0, 0>, config3_dense>.2|  return value|
|ap_return_5   |  out|    9|  ap_ctrl_hs|  dense_latency<ap_fixed<4, 3, 4, 0, 0>, ap_fixed<9, 6, 4, 0, 0>, config3_dense>.2|  return value|
|ap_return_6   |  out|    9|  ap_ctrl_hs|  dense_latency<ap_fixed<4, 3, 4, 0, 0>, ap_fixed<9, 6, 4, 0, 0>, config3_dense>.2|  return value|
|ap_return_7   |  out|    9|  ap_ctrl_hs|  dense_latency<ap_fixed<4, 3, 4, 0, 0>, ap_fixed<9, 6, 4, 0, 0>, config3_dense>.2|  return value|
|ap_return_8   |  out|    9|  ap_ctrl_hs|  dense_latency<ap_fixed<4, 3, 4, 0, 0>, ap_fixed<9, 6, 4, 0, 0>, config3_dense>.2|  return value|
|ap_return_9   |  out|    9|  ap_ctrl_hs|  dense_latency<ap_fixed<4, 3, 4, 0, 0>, ap_fixed<9, 6, 4, 0, 0>, config3_dense>.2|  return value|
|ap_return_10  |  out|    9|  ap_ctrl_hs|  dense_latency<ap_fixed<4, 3, 4, 0, 0>, ap_fixed<9, 6, 4, 0, 0>, config3_dense>.2|  return value|
|ap_return_11  |  out|    9|  ap_ctrl_hs|  dense_latency<ap_fixed<4, 3, 4, 0, 0>, ap_fixed<9, 6, 4, 0, 0>, config3_dense>.2|  return value|
|ap_return_12  |  out|    9|  ap_ctrl_hs|  dense_latency<ap_fixed<4, 3, 4, 0, 0>, ap_fixed<9, 6, 4, 0, 0>, config3_dense>.2|  return value|
|ap_return_13  |  out|    9|  ap_ctrl_hs|  dense_latency<ap_fixed<4, 3, 4, 0, 0>, ap_fixed<9, 6, 4, 0, 0>, config3_dense>.2|  return value|
|ap_return_14  |  out|    9|  ap_ctrl_hs|  dense_latency<ap_fixed<4, 3, 4, 0, 0>, ap_fixed<9, 6, 4, 0, 0>, config3_dense>.2|  return value|
|ap_return_15  |  out|    9|  ap_ctrl_hs|  dense_latency<ap_fixed<4, 3, 4, 0, 0>, ap_fixed<9, 6, 4, 0, 0>, config3_dense>.2|  return value|
|ap_return_16  |  out|    9|  ap_ctrl_hs|  dense_latency<ap_fixed<4, 3, 4, 0, 0>, ap_fixed<9, 6, 4, 0, 0>, config3_dense>.2|  return value|
|ap_return_17  |  out|    9|  ap_ctrl_hs|  dense_latency<ap_fixed<4, 3, 4, 0, 0>, ap_fixed<9, 6, 4, 0, 0>, config3_dense>.2|  return value|
|ap_return_18  |  out|    9|  ap_ctrl_hs|  dense_latency<ap_fixed<4, 3, 4, 0, 0>, ap_fixed<9, 6, 4, 0, 0>, config3_dense>.2|  return value|
|ap_return_19  |  out|    9|  ap_ctrl_hs|  dense_latency<ap_fixed<4, 3, 4, 0, 0>, ap_fixed<9, 6, 4, 0, 0>, config3_dense>.2|  return value|
|ap_return_20  |  out|    9|  ap_ctrl_hs|  dense_latency<ap_fixed<4, 3, 4, 0, 0>, ap_fixed<9, 6, 4, 0, 0>, config3_dense>.2|  return value|
|ap_return_21  |  out|    9|  ap_ctrl_hs|  dense_latency<ap_fixed<4, 3, 4, 0, 0>, ap_fixed<9, 6, 4, 0, 0>, config3_dense>.2|  return value|
|ap_return_22  |  out|    9|  ap_ctrl_hs|  dense_latency<ap_fixed<4, 3, 4, 0, 0>, ap_fixed<9, 6, 4, 0, 0>, config3_dense>.2|  return value|
|ap_return_23  |  out|    9|  ap_ctrl_hs|  dense_latency<ap_fixed<4, 3, 4, 0, 0>, ap_fixed<9, 6, 4, 0, 0>, config3_dense>.2|  return value|
|ap_return_24  |  out|    9|  ap_ctrl_hs|  dense_latency<ap_fixed<4, 3, 4, 0, 0>, ap_fixed<9, 6, 4, 0, 0>, config3_dense>.2|  return value|
|ap_return_25  |  out|    9|  ap_ctrl_hs|  dense_latency<ap_fixed<4, 3, 4, 0, 0>, ap_fixed<9, 6, 4, 0, 0>, config3_dense>.2|  return value|
|ap_return_26  |  out|    9|  ap_ctrl_hs|  dense_latency<ap_fixed<4, 3, 4, 0, 0>, ap_fixed<9, 6, 4, 0, 0>, config3_dense>.2|  return value|
|ap_return_27  |  out|    9|  ap_ctrl_hs|  dense_latency<ap_fixed<4, 3, 4, 0, 0>, ap_fixed<9, 6, 4, 0, 0>, config3_dense>.2|  return value|
|ap_return_28  |  out|    9|  ap_ctrl_hs|  dense_latency<ap_fixed<4, 3, 4, 0, 0>, ap_fixed<9, 6, 4, 0, 0>, config3_dense>.2|  return value|
|ap_return_29  |  out|    9|  ap_ctrl_hs|  dense_latency<ap_fixed<4, 3, 4, 0, 0>, ap_fixed<9, 6, 4, 0, 0>, config3_dense>.2|  return value|
|ap_return_30  |  out|    9|  ap_ctrl_hs|  dense_latency<ap_fixed<4, 3, 4, 0, 0>, ap_fixed<9, 6, 4, 0, 0>, config3_dense>.2|  return value|
|ap_return_31  |  out|    9|  ap_ctrl_hs|  dense_latency<ap_fixed<4, 3, 4, 0, 0>, ap_fixed<9, 6, 4, 0, 0>, config3_dense>.2|  return value|
|ap_ce         |   in|    1|  ap_ctrl_hs|  dense_latency<ap_fixed<4, 3, 4, 0, 0>, ap_fixed<9, 6, 4, 0, 0>, config3_dense>.2|  return value|
|data_6_val    |   in|    4|     ap_none|                                                                        data_6_val|        scalar|
|data_7_val    |   in|    4|     ap_none|                                                                        data_7_val|        scalar|
|data_8_val    |   in|    4|     ap_none|                                                                        data_8_val|        scalar|
+--------------+-----+-----+------------+----------------------------------------------------------------------------------+--------------+

