

================================================================
== Vitis HLS Report for 'dense_latency_ap_ufixed_3_1_4_0_0_ap_fixed_9_7_4_0_0_config81_s'
================================================================
* Date:           Thu Aug 13 14:24:42 2026

* Version:        2023.2 (Build 4023990 on Oct 11 2023)
* Project:        myproject_prj
* Solution:       solution1 (Vivado IP Flow Target)
* Product family: virtexuplus
* Target device:  xcvu13p-flga2577-2-e


================================================================
== Performance Estimates
================================================================
+ Timing: 
    * Summary: 
    +--------+---------+----------+------------+
    |  Clock |  Target | Estimated| Uncertainty|
    +--------+---------+----------+------------+
    |ap_clk  |  2.50 ns|  1.414 ns|     0.68 ns|
    +--------+---------+----------+------------+

+ Latency: 
    * Summary: 
    +---------+---------+----------+----------+-----+-----+---------+
    |  Latency (cycles) |  Latency (absolute) |  Interval | Pipeline|
    |   min   |   max   |    min   |    max   | min | max |   Type  |
    +---------+---------+----------+----------+-----+-----+---------+
    |        2|        2|  5.000 ns|  5.000 ns|    1|    1|      yes|
    +---------+---------+----------+----------+-----+-----+---------+

    + Detail: 
        * Instance: 
        N/A

        * Loop: 
        N/A



================================================================
== Utilization Estimates
================================================================
* Summary: 
+---------------------+---------+-------+---------+---------+------+
|         Name        | BRAM_18K|  DSP  |    FF   |   LUT   | URAM |
+---------------------+---------+-------+---------+---------+------+
|DSP                  |        -|      -|        -|        -|     -|
|Expression           |        -|      -|        0|     2143|     -|
|FIFO                 |        -|      -|        -|        -|     -|
|Instance             |        -|      -|        -|        -|     -|
|Memory               |        -|      -|        -|        -|     -|
|Multiplexer          |        -|      -|        -|       70|     -|
|Register             |        -|      -|      508|        -|     -|
+---------------------+---------+-------+---------+---------+------+
|Total                |        0|      0|      508|     2213|     0|
+---------------------+---------+-------+---------+---------+------+
|Available SLR        |     1344|   3072|   864000|   432000|   320|
+---------------------+---------+-------+---------+---------+------+
|Utilization SLR (%)  |        0|      0|       ~0|       ~0|     0|
+---------------------+---------+-------+---------+---------+------+
|Available            |     5376|  12288|  3456000|  1728000|  1280|
+---------------------+---------+-------+---------+---------+------+
|Utilization (%)      |        0|      0|       ~0|       ~0|     0|
+---------------------+---------+-------+---------+---------+------+

+ Detail: 
    * Instance: 
    N/A

    * DSP: 
    N/A

    * Memory: 
    N/A

    * FIFO: 
    N/A

    * Expression: 
    +-------------------------+----------+----+---+----+------------+------------+
    |      Variable Name      | Operation| DSP| FF| LUT| Bitwidth P0| Bitwidth P1|
    +-------------------------+----------+----+---+----+------------+------------+
    |add_ln58_100_fu_1188_p2  |         +|   0|  0|  12|           4|           4|
    |add_ln58_101_fu_1198_p2  |         +|   0|  0|  12|           5|           5|
    |add_ln58_102_fu_1204_p2  |         +|   0|  0|  12|           4|           4|
    |add_ln58_103_fu_1214_p2  |         +|   0|  0|  12|           5|           5|
    |add_ln58_104_fu_1758_p2  |         +|   0|  0|  13|           6|           6|
    |add_ln58_105_fu_1220_p2  |         +|   0|  0|  12|           4|           4|
    |add_ln58_106_fu_1230_p2  |         +|   0|  0|  12|           4|           4|
    |add_ln58_107_fu_1240_p2  |         +|   0|  0|  12|           5|           5|
    |add_ln58_108_fu_1771_p2  |         +|   0|  0|  13|           6|           6|
    |add_ln58_109_fu_1781_p2  |         +|   0|  0|  14|           7|           7|
    |add_ln58_10_fu_1401_p2   |         +|   0|  0|  14|           7|           7|
    |add_ln58_110_fu_1978_p2  |         +|   0|  0|  19|           8|           8|
    |add_ln58_111_fu_1246_p2  |         +|   0|  0|  12|           5|           5|
    |add_ln58_112_fu_1790_p2  |         +|   0|  0|  13|           6|           6|
    |add_ln58_113_fu_1252_p2  |         +|   0|  0|  12|           5|           5|
    |add_ln58_114_fu_1803_p2  |         +|   0|  0|  13|           6|           6|
    |add_ln58_115_fu_1813_p2  |         +|   0|  0|  14|           7|           7|
    |add_ln58_116_fu_1258_p2  |         +|   0|  0|  12|           4|           4|
    |add_ln58_117_fu_1822_p2  |         +|   0|  0|  13|           6|           6|
    |add_ln58_118_fu_1274_p2  |         +|   0|  0|  12|           5|           5|
    |add_ln58_119_fu_1280_p2  |         +|   0|  0|  12|           5|           5|
    |add_ln58_11_fu_734_p2    |         +|   0|  0|  12|           5|           5|
    |add_ln58_120_fu_1838_p2  |         +|   0|  0|  13|           6|           6|
    |add_ln58_121_fu_1848_p2  |         +|   0|  0|  14|           7|           7|
    |add_ln58_122_fu_1994_p2  |         +|   0|  0|  19|           8|           8|
    |add_ln58_123_fu_1286_p2  |         +|   0|  0|  12|           4|           4|
    |add_ln58_124_fu_1296_p2  |         +|   0|  0|  12|           5|           5|
    |add_ln58_125_fu_1302_p2  |         +|   0|  0|  12|           4|           4|
    |add_ln58_126_fu_1312_p2  |         +|   0|  0|  12|           5|           5|
    |add_ln58_127_fu_1860_p2  |         +|   0|  0|  14|           7|           7|
    |add_ln58_128_fu_1318_p2  |         +|   0|  0|  12|           4|           4|
    |add_ln58_129_fu_1328_p2  |         +|   0|  0|  12|           5|           5|
    |add_ln58_12_fu_740_p2    |         +|   0|  0|  12|           5|           5|
    |add_ln58_130_fu_1334_p2  |         +|   0|  0|  12|           4|           4|
    |add_ln58_131_fu_1344_p2  |         +|   0|  0|  12|           4|           4|
    |add_ln58_132_fu_1354_p2  |         +|   0|  0|  12|           5|           5|
    |add_ln58_133_fu_1876_p2  |         +|   0|  0|  13|           6|           6|
    |add_ln58_134_fu_1886_p2  |         +|   0|  0|  15|           8|           8|
    |add_ln58_135_fu_2000_p2  |         +|   0|  0|  19|           8|           8|
    |add_ln58_13_fu_1413_p2   |         +|   0|  0|  13|           6|           6|
    |add_ln58_14_fu_746_p2    |         +|   0|  0|  10|           5|           5|
    |add_ln58_15_fu_752_p2    |         +|   0|  0|  12|           4|           4|
    |add_ln58_16_fu_762_p2    |         +|   0|  0|  10|           5|           5|
    |add_ln58_17_fu_1426_p2   |         +|   0|  0|  14|           7|           7|
    |add_ln58_18_fu_1898_p2   |         +|   0|  0|  15|           8|           8|
    |add_ln58_19_fu_768_p2    |         +|   0|  0|  12|           4|           4|
    |add_ln58_1_fu_580_p2     |         +|   0|  0|  12|           4|           4|
    |add_ln58_20_fu_778_p2    |         +|   0|  0|  12|           5|           5|
    |add_ln58_21_fu_784_p2    |         +|   0|  0|  12|           4|           4|
    |add_ln58_22_fu_794_p2    |         +|   0|  0|  12|           4|           4|
    |add_ln58_23_fu_804_p2    |         +|   0|  0|  12|           5|           5|
    |add_ln58_24_fu_1438_p2   |         +|   0|  0|  13|           6|           6|
    |add_ln58_25_fu_810_p2    |         +|   0|  0|  12|           4|           4|
    |add_ln58_26_fu_820_p2    |         +|   0|  0|  12|           4|           4|
    |add_ln58_27_fu_830_p2    |         +|   0|  0|  12|           5|           5|
    |add_ln58_28_fu_836_p2    |         +|   0|  0|  12|           4|           4|
    |add_ln58_29_fu_846_p2    |         +|   0|  0|  12|           4|           4|
    |add_ln58_2_fu_590_p2     |         +|   0|  0|  12|           5|           5|
    |add_ln58_30_fu_856_p2    |         +|   0|  0|  12|           5|           5|
    |add_ln58_31_fu_1454_p2   |         +|   0|  0|  13|           6|           6|
    |add_ln58_32_fu_1464_p2   |         +|   0|  0|  14|           7|           7|
    |add_ln58_33_fu_1911_p2   |         +|   0|  0|  16|           9|           9|
    |add_ln58_34_fu_1470_p2   |         +|   0|  0|  13|           6|           6|
    |add_ln58_35_fu_862_p2    |         +|   0|  0|  12|           5|           5|
    |add_ln58_36_fu_868_p2    |         +|   0|  0|  12|           5|           5|
    |add_ln58_37_fu_1486_p2   |         +|   0|  0|  13|           6|           6|
    |add_ln58_38_fu_1496_p2   |         +|   0|  0|  14|           7|           7|
    |add_ln58_39_fu_880_p2    |         +|   0|  0|  12|           5|           5|
    |add_ln58_3_fu_596_p2     |         +|   0|  0|  12|           4|           4|
    |add_ln58_40_fu_1508_p2   |         +|   0|  0|  13|           6|           6|
    |add_ln58_41_fu_896_p2    |         +|   0|  0|  12|           4|           4|
    |add_ln58_42_fu_906_p2    |         +|   0|  0|  13|           6|           6|
    |add_ln58_43_fu_1521_p2   |         +|   0|  0|  14|           7|           7|
    |add_ln58_44_fu_1923_p2   |         +|   0|  0|  15|           8|           8|
    |add_ln58_45_fu_912_p2    |         +|   0|  0|  12|           4|           4|
    |add_ln58_46_fu_922_p2    |         +|   0|  0|  12|           5|           5|
    |add_ln58_47_fu_928_p2    |         +|   0|  0|  12|           4|           4|
    |add_ln58_48_fu_938_p2    |         +|   0|  0|  12|           4|           4|
    |add_ln58_49_fu_948_p2    |         +|   0|  0|  12|           5|           5|
    |add_ln58_4_fu_606_p2     |         +|   0|  0|  12|           5|           5|
    |add_ln58_50_fu_1533_p2   |         +|   0|  0|  13|           6|           6|
    |add_ln58_51_fu_954_p2    |         +|   0|  0|  12|           4|           4|
    |add_ln58_52_fu_964_p2    |         +|   0|  0|  12|           4|           4|
    |add_ln58_53_fu_974_p2    |         +|   0|  0|  12|           5|           5|
    |add_ln58_54_fu_980_p2    |         +|   0|  0|  12|           4|           4|
    |add_ln58_55_fu_990_p2    |         +|   0|  0|  12|           5|           5|
    |add_ln58_56_fu_1549_p2   |         +|   0|  0|  13|           6|           6|
    |add_ln58_57_fu_1559_p2   |         +|   0|  0|  14|           7|           7|
    |add_ln58_58_fu_1936_p2   |         +|   0|  0|  16|           9|           9|
    |add_ln58_59_fu_996_p2    |         +|   0|  0|  12|           5|           5|
    |add_ln58_5_fu_716_p2     |         +|   0|  0|  12|           5|           5|
    |add_ln58_60_fu_1568_p2   |         +|   0|  0|  13|           6|           6|
    |add_ln58_61_fu_1002_p2   |         +|   0|  0|  12|           5|           5|
    |add_ln58_62_fu_1008_p2   |         +|   0|  0|  12|           5|           5|
    |add_ln58_63_fu_1584_p2   |         +|   0|  0|  13|           6|           6|
    |add_ln58_64_fu_1594_p2   |         +|   0|  0|  14|           7|           7|
    |add_ln58_65_fu_1020_p2   |         +|   0|  0|  12|           5|           5|
    |add_ln58_66_fu_1606_p2   |         +|   0|  0|  13|           6|           6|
    |add_ln58_67_fu_1026_p2   |         +|   0|  0|  12|           5|           5|
    |add_ln58_68_fu_1032_p2   |         +|   0|  0|  12|           5|           5|
    |add_ln58_69_fu_1622_p2   |         +|   0|  0|  13|           6|           6|
    |add_ln58_6_fu_1375_p2    |         +|   0|  0|  13|           6|           6|
    |add_ln58_70_fu_1632_p2   |         +|   0|  0|  14|           7|           7|
    |add_ln58_71_fu_1948_p2   |         +|   0|  0|  19|           8|           8|
    |add_ln58_72_fu_1038_p2   |         +|   0|  0|  12|           4|           4|
    |add_ln58_73_fu_1641_p2   |         +|   0|  0|  13|           6|           6|
    |add_ln58_74_fu_1054_p2   |         +|   0|  0|  12|           4|           4|
    |add_ln58_75_fu_1064_p2   |         +|   0|  0|  12|           4|           4|
    |add_ln58_76_fu_1074_p2   |         +|   0|  0|  12|           5|           5|
    |add_ln58_77_fu_1650_p2   |         +|   0|  0|  13|           6|           6|
    |add_ln58_78_fu_1080_p2   |         +|   0|  0|  12|           4|           4|
    |add_ln58_79_fu_1090_p2   |         +|   0|  0|  12|           4|           4|
    |add_ln58_7_fu_722_p2     |         +|   0|  0|  12|           5|           5|
    |add_ln58_80_fu_1100_p2   |         +|   0|  0|  12|           5|           5|
    |add_ln58_81_fu_1106_p2   |         +|   0|  0|  12|           4|           4|
    |add_ln58_82_fu_1116_p2   |         +|   0|  0|  12|           4|           4|
    |add_ln58_83_fu_1126_p2   |         +|   0|  0|  12|           5|           5|
    |add_ln58_84_fu_1666_p2   |         +|   0|  0|  13|           6|           6|
    |add_ln58_85_fu_1676_p2   |         +|   0|  0|  15|           8|           8|
    |add_ln58_86_fu_1954_p2   |         +|   0|  0|  19|           8|           8|
    |add_ln58_87_fu_1132_p2   |         +|   0|  0|  12|           4|           4|
    |add_ln58_88_fu_1685_p2   |         +|   0|  0|  13|           6|           6|
    |add_ln58_89_fu_1148_p2   |         +|   0|  0|  12|           5|           5|
    |add_ln58_8_fu_728_p2     |         +|   0|  0|  12|           5|           5|
    |add_ln58_90_fu_1154_p2   |         +|   0|  0|  12|           5|           5|
    |add_ln58_91_fu_1701_p2   |         +|   0|  0|  13|           6|           6|
    |add_ln58_92_fu_1711_p2   |         +|   0|  0|  14|           7|           7|
    |add_ln58_93_fu_1160_p2   |         +|   0|  0|  12|           5|           5|
    |add_ln58_94_fu_1720_p2   |         +|   0|  0|  13|           6|           6|
    |add_ln58_95_fu_1166_p2   |         +|   0|  0|  12|           5|           5|
    |add_ln58_96_fu_1736_p2   |         +|   0|  0|  13|           6|           6|
    |add_ln58_97_fu_1746_p2   |         +|   0|  0|  14|           7|           7|
    |add_ln58_98_fu_1969_p2   |         +|   0|  0|  19|           8|           8|
    |add_ln58_99_fu_1178_p2   |         +|   0|  0|  12|           4|           4|
    |add_ln58_9_fu_1391_p2    |         +|   0|  0|  13|           6|           6|
    |add_ln58_fu_564_p2       |         +|   0|  0|  12|           4|           4|
    |sub_ln58_1_fu_874_p2     |         -|   0|  0|  12|           1|           5|
    |sub_ln58_2_fu_886_p2     |         -|   0|  0|  12|           4|           4|
    |sub_ln58_3_fu_1014_p2    |         -|   0|  0|  12|           1|           5|
    |sub_ln58_4_fu_1048_p2    |         -|   0|  0|  12|           1|           5|
    |sub_ln58_5_fu_1142_p2    |         -|   0|  0|  12|           1|           5|
    |sub_ln58_6_fu_1172_p2    |         -|   0|  0|  12|           4|           4|
    |sub_ln58_7_fu_1268_p2    |         -|   0|  0|  12|           1|           5|
    |sub_ln58_fu_574_p2       |         -|   0|  0|  12|           1|           5|
    |sub_ln73_10_fu_394_p2    |         -|   0|  0|  12|           1|           4|
    |sub_ln73_11_fu_408_p2    |         -|   0|  0|  12|           1|           4|
    |sub_ln73_12_fu_418_p2    |         -|   0|  0|  12|           1|           4|
    |sub_ln73_13_fu_428_p2    |         -|   0|  0|  12|           1|           4|
    |sub_ln73_14_fu_442_p2    |         -|   0|  0|  12|           1|           4|
    |sub_ln73_15_fu_452_p2    |         -|   0|  0|  12|           1|           4|
    |sub_ln73_16_fu_466_p2    |         -|   0|  0|  12|           1|           4|
    |sub_ln73_17_fu_476_p2    |         -|   0|  0|  12|           1|           4|
    |sub_ln73_18_fu_486_p2    |         -|   0|  0|  12|           1|           4|
    |sub_ln73_19_fu_496_p2    |         -|   0|  0|  12|           1|           4|
    |sub_ln73_1_fu_300_p2     |         -|   0|  0|  12|           1|           4|
    |sub_ln73_20_fu_506_p2    |         -|   0|  0|  12|           1|           4|
    |sub_ln73_21_fu_520_p2    |         -|   0|  0|  12|           1|           4|
    |sub_ln73_22_fu_530_p2    |         -|   0|  0|  12|           1|           4|
    |sub_ln73_23_fu_540_p2    |         -|   0|  0|  12|           1|           4|
    |sub_ln73_24_fu_550_p2    |         -|   0|  0|  12|           1|           4|
    |sub_ln73_2_fu_310_p2     |         -|   0|  0|  12|           1|           4|
    |sub_ln73_3_fu_320_p2     |         -|   0|  0|  12|           1|           4|
    |sub_ln73_4_fu_330_p2     |         -|   0|  0|  12|           1|           4|
    |sub_ln73_5_fu_340_p2     |         -|   0|  0|  12|           1|           4|
    |sub_ln73_6_fu_350_p2     |         -|   0|  0|  12|           1|           4|
    |sub_ln73_7_fu_360_p2     |         -|   0|  0|  12|           1|           4|
    |sub_ln73_8_fu_370_p2     |         -|   0|  0|  12|           1|           4|
    |sub_ln73_9_fu_380_p2     |         -|   0|  0|  12|           1|           4|
    |sub_ln73_fu_282_p2       |         -|   0|  0|  12|           1|           4|
    +-------------------------+----------+----+---+----+------------+------------+
    |Total                    |          |   0|  0|2143|         777|         876|
    +-------------------------+----------+----+---+----+------------+------------+

    * Multiplexer: 
    +-------------+----+-----------+-----+-----------+
    |     Name    | LUT| Input Size| Bits| Total Bits|
    +-------------+----+-----------+-----+-----------+
    |ap_return_0  |  14|          3|    9|         27|
    |ap_return_1  |  14|          3|    9|         27|
    |ap_return_2  |  14|          3|    9|         27|
    |ap_return_3  |  14|          3|    9|         27|
    |ap_return_4  |  14|          3|    9|         27|
    +-------------+----+-----------+-----+-----------+
    |Total        |  70|         15|   45|        135|
    +-------------+----+-----------+-----+-----------+

    * Register: 
    +-----------------------+---+----+-----+-----------+
    |          Name         | FF| LUT| Bits| Const Bits|
    +-----------------------+---+----+-----+-----------+
    |add_ln58_101_reg_2239  |  5|   0|    5|          0|
    |add_ln58_103_reg_2244  |  5|   0|    5|          0|
    |add_ln58_107_reg_2249  |  5|   0|    5|          0|
    |add_ln58_109_reg_2354  |  7|   0|    7|          0|
    |add_ln58_10_reg_2299   |  7|   0|    7|          0|
    |add_ln58_111_reg_2254  |  5|   0|    5|          0|
    |add_ln58_113_reg_2259  |  5|   0|    5|          0|
    |add_ln58_115_reg_2359  |  7|   0|    7|          0|
    |add_ln58_118_reg_2269  |  5|   0|    5|          0|
    |add_ln58_119_reg_2274  |  5|   0|    5|          0|
    |add_ln58_11_reg_2074   |  5|   0|    5|          0|
    |add_ln58_121_reg_2364  |  7|   0|    7|          0|
    |add_ln58_124_reg_2279  |  5|   0|    5|          0|
    |add_ln58_126_reg_2284  |  5|   0|    5|          0|
    |add_ln58_129_reg_2289  |  5|   0|    5|          0|
    |add_ln58_12_reg_2079   |  5|   0|    5|          0|
    |add_ln58_132_reg_2294  |  5|   0|    5|          0|
    |add_ln58_134_reg_2369  |  8|   0|    8|          0|
    |add_ln58_16_reg_2084   |  5|   0|    5|          0|
    |add_ln58_17_reg_2304   |  7|   0|    7|          0|
    |add_ln58_20_reg_2089   |  5|   0|    5|          0|
    |add_ln58_23_reg_2094   |  5|   0|    5|          0|
    |add_ln58_27_reg_2099   |  5|   0|    5|          0|
    |add_ln58_2_reg_2049    |  5|   0|    5|          0|
    |add_ln58_30_reg_2104   |  5|   0|    5|          0|
    |add_ln58_32_reg_2309   |  7|   0|    7|          0|
    |add_ln58_35_reg_2109   |  5|   0|    5|          0|
    |add_ln58_36_reg_2114   |  5|   0|    5|          0|
    |add_ln58_38_reg_2314   |  7|   0|    7|          0|
    |add_ln58_39_reg_2124   |  5|   0|    5|          0|
    |add_ln58_42_reg_2129   |  6|   0|    6|          0|
    |add_ln58_43_reg_2319   |  7|   0|    7|          0|
    |add_ln58_46_reg_2134   |  5|   0|    5|          0|
    |add_ln58_49_reg_2139   |  5|   0|    5|          0|
    |add_ln58_4_reg_2054    |  5|   0|    5|          0|
    |add_ln58_53_reg_2144   |  5|   0|    5|          0|
    |add_ln58_55_reg_2149   |  5|   0|    5|          0|
    |add_ln58_57_reg_2324   |  7|   0|    7|          0|
    |add_ln58_59_reg_2154   |  5|   0|    5|          0|
    |add_ln58_5_reg_2059    |  5|   0|    5|          0|
    |add_ln58_61_reg_2159   |  5|   0|    5|          0|
    |add_ln58_62_reg_2164   |  5|   0|    5|          0|
    |add_ln58_64_reg_2329   |  7|   0|    7|          0|
    |add_ln58_65_reg_2174   |  5|   0|    5|          0|
    |add_ln58_67_reg_2179   |  5|   0|    5|          0|
    |add_ln58_68_reg_2184   |  5|   0|    5|          0|
    |add_ln58_70_reg_2334   |  7|   0|    7|          0|
    |add_ln58_76_reg_2194   |  5|   0|    5|          0|
    |add_ln58_7_reg_2064    |  5|   0|    5|          0|
    |add_ln58_80_reg_2199   |  5|   0|    5|          0|
    |add_ln58_83_reg_2204   |  5|   0|    5|          0|
    |add_ln58_85_reg_2339   |  8|   0|    8|          0|
    |add_ln58_89_reg_2214   |  5|   0|    5|          0|
    |add_ln58_8_reg_2069    |  5|   0|    5|          0|
    |add_ln58_90_reg_2219   |  5|   0|    5|          0|
    |add_ln58_92_reg_2344   |  7|   0|    7|          0|
    |add_ln58_93_reg_2224   |  5|   0|    5|          0|
    |add_ln58_95_reg_2229   |  5|   0|    5|          0|
    |add_ln58_97_reg_2349   |  7|   0|    7|          0|
    |ap_ce_reg              |  1|   0|    1|          0|
    |ap_return_0_int_reg    |  9|   0|    9|          0|
    |ap_return_1_int_reg    |  9|   0|    9|          0|
    |ap_return_2_int_reg    |  9|   0|    9|          0|
    |ap_return_3_int_reg    |  9|   0|    9|          0|
    |ap_return_4_int_reg    |  9|   0|    9|          0|
    |data_0_val_int_reg     |  3|   0|    3|          0|
    |data_10_val_int_reg    |  3|   0|    3|          0|
    |data_11_val_int_reg    |  3|   0|    3|          0|
    |data_12_val_int_reg    |  3|   0|    3|          0|
    |data_13_val_int_reg    |  3|   0|    3|          0|
    |data_14_val_int_reg    |  3|   0|    3|          0|
    |data_15_val_int_reg    |  3|   0|    3|          0|
    |data_16_val_int_reg    |  3|   0|    3|          0|
    |data_17_val_int_reg    |  3|   0|    3|          0|
    |data_18_val_int_reg    |  3|   0|    3|          0|
    |data_19_val_int_reg    |  3|   0|    3|          0|
    |data_1_val_int_reg     |  3|   0|    3|          0|
    |data_20_val_int_reg    |  3|   0|    3|          0|
    |data_21_val_int_reg    |  3|   0|    3|          0|
    |data_22_val_int_reg    |  3|   0|    3|          0|
    |data_23_val_int_reg    |  3|   0|    3|          0|
    |data_24_val_int_reg    |  3|   0|    3|          0|
    |data_25_val_int_reg    |  3|   0|    3|          0|
    |data_26_val_int_reg    |  3|   0|    3|          0|
    |data_27_val_int_reg    |  3|   0|    3|          0|
    |data_28_val_int_reg    |  3|   0|    3|          0|
    |data_29_val_int_reg    |  3|   0|    3|          0|
    |data_2_val_int_reg     |  3|   0|    3|          0|
    |data_30_val_int_reg    |  3|   0|    3|          0|
    |data_31_val_int_reg    |  3|   0|    3|          0|
    |data_3_val_int_reg     |  3|   0|    3|          0|
    |data_4_val_int_reg     |  3|   0|    3|          0|
    |data_5_val_int_reg     |  3|   0|    3|          0|
    |data_6_val_int_reg     |  3|   0|    3|          0|
    |data_7_val_int_reg     |  3|   0|    3|          0|
    |data_8_val_int_reg     |  3|   0|    3|          0|
    |data_9_val_int_reg     |  3|   0|    3|          0|
    |sub_ln58_1_reg_2119    |  5|   0|    5|          0|
    |sub_ln58_3_reg_2169    |  5|   0|    5|          0|
    |sub_ln58_4_reg_2189    |  5|   0|    5|          0|
    |sub_ln58_5_reg_2209    |  5|   0|    5|          0|
    |sub_ln58_6_reg_2234    |  4|   0|    4|          0|
    |sub_ln58_7_reg_2264    |  5|   0|    5|          0|
    |sub_ln58_reg_2044      |  5|   0|    5|          0|
    |sub_ln73_20_reg_2039   |  4|   0|    4|          0|
    +-----------------------+---+----+-----+-----------+
    |Total                  |508|   0|  508|          0|
    +-----------------------+---+----+-----+-----------+



================================================================
== Interface
================================================================
* Summary: 
+-------------+-----+-----+------------+----------------------------------------------------------------------------+--------------+
|  RTL Ports  | Dir | Bits|  Protocol  |                                Source Object                               |    C Type    |
+-------------+-----+-----+------------+----------------------------------------------------------------------------+--------------+
|ap_clk       |   in|    1|  ap_ctrl_hs|  dense_latency<ap_ufixed<3, 1, 4, 0, 0>, ap_fixed<9, 7, 4, 0, 0>, config81>|  return value|
|ap_rst       |   in|    1|  ap_ctrl_hs|  dense_latency<ap_ufixed<3, 1, 4, 0, 0>, ap_fixed<9, 7, 4, 0, 0>, config81>|  return value|
|ap_return_0  |  out|    9|  ap_ctrl_hs|  dense_latency<ap_ufixed<3, 1, 4, 0, 0>, ap_fixed<9, 7, 4, 0, 0>, config81>|  return value|
|ap_return_1  |  out|    9|  ap_ctrl_hs|  dense_latency<ap_ufixed<3, 1, 4, 0, 0>, ap_fixed<9, 7, 4, 0, 0>, config81>|  return value|
|ap_return_2  |  out|    9|  ap_ctrl_hs|  dense_latency<ap_ufixed<3, 1, 4, 0, 0>, ap_fixed<9, 7, 4, 0, 0>, config81>|  return value|
|ap_return_3  |  out|    9|  ap_ctrl_hs|  dense_latency<ap_ufixed<3, 1, 4, 0, 0>, ap_fixed<9, 7, 4, 0, 0>, config81>|  return value|
|ap_return_4  |  out|    9|  ap_ctrl_hs|  dense_latency<ap_ufixed<3, 1, 4, 0, 0>, ap_fixed<9, 7, 4, 0, 0>, config81>|  return value|
|ap_ce        |   in|    1|  ap_ctrl_hs|  dense_latency<ap_ufixed<3, 1, 4, 0, 0>, ap_fixed<9, 7, 4, 0, 0>, config81>|  return value|
|data_0_val   |   in|    3|     ap_none|                                                                  data_0_val|        scalar|
|data_1_val   |   in|    3|     ap_none|                                                                  data_1_val|        scalar|
|data_2_val   |   in|    3|     ap_none|                                                                  data_2_val|        scalar|
|data_3_val   |   in|    3|     ap_none|                                                                  data_3_val|        scalar|
|data_4_val   |   in|    3|     ap_none|                                                                  data_4_val|        scalar|
|data_5_val   |   in|    3|     ap_none|                                                                  data_5_val|        scalar|
|data_6_val   |   in|    3|     ap_none|                                                                  data_6_val|        scalar|
|data_7_val   |   in|    3|     ap_none|                                                                  data_7_val|        scalar|
|data_8_val   |   in|    3|     ap_none|                                                                  data_8_val|        scalar|
|data_9_val   |   in|    3|     ap_none|                                                                  data_9_val|        scalar|
|data_10_val  |   in|    3|     ap_none|                                                                 data_10_val|        scalar|
|data_11_val  |   in|    3|     ap_none|                                                                 data_11_val|        scalar|
|data_12_val  |   in|    3|     ap_none|                                                                 data_12_val|        scalar|
|data_13_val  |   in|    3|     ap_none|                                                                 data_13_val|        scalar|
|data_14_val  |   in|    3|     ap_none|                                                                 data_14_val|        scalar|
|data_15_val  |   in|    3|     ap_none|                                                                 data_15_val|        scalar|
|data_16_val  |   in|    3|     ap_none|                                                                 data_16_val|        scalar|
|data_17_val  |   in|    3|     ap_none|                                                                 data_17_val|        scalar|
|data_18_val  |   in|    3|     ap_none|                                                                 data_18_val|        scalar|
|data_19_val  |   in|    3|     ap_none|                                                                 data_19_val|        scalar|
|data_20_val  |   in|    3|     ap_none|                                                                 data_20_val|        scalar|
|data_21_val  |   in|    3|     ap_none|                                                                 data_21_val|        scalar|
|data_22_val  |   in|    3|     ap_none|                                                                 data_22_val|        scalar|
|data_23_val  |   in|    3|     ap_none|                                                                 data_23_val|        scalar|
|data_24_val  |   in|    3|     ap_none|                                                                 data_24_val|        scalar|
|data_25_val  |   in|    3|     ap_none|                                                                 data_25_val|        scalar|
|data_26_val  |   in|    3|     ap_none|                                                                 data_26_val|        scalar|
|data_27_val  |   in|    3|     ap_none|                                                                 data_27_val|        scalar|
|data_28_val  |   in|    3|     ap_none|                                                                 data_28_val|        scalar|
|data_29_val  |   in|    3|     ap_none|                                                                 data_29_val|        scalar|
|data_30_val  |   in|    3|     ap_none|                                                                 data_30_val|        scalar|
|data_31_val  |   in|    3|     ap_none|                                                                 data_31_val|        scalar|
+-------------+-----+-----+------------+----------------------------------------------------------------------------+--------------+

