

================================================================
== Vitis HLS Report for 'softmax_stable_ap_fixed_ap_ufixed_10_1_4_0_0_softmax_config19_s'
================================================================
* Date:           Thu Aug 13 13:56:15 2026

* Version:        2023.2 (Build 4023990 on Oct 11 2023)
* Project:        myproject_prj
* Solution:       solution1 (Vivado IP Flow Target)
* Product family: virtexuplus
* Target device:  xcvu13p-flga2577-2-e


================================================================
== Performance Estimates
================================================================
+ Timing: 
    * Summary: 
    +--------+---------+----------+------------+
    |  Clock |  Target | Estimated| Uncertainty|
    +--------+---------+----------+------------+
    |ap_clk  |  2.50 ns|  1.825 ns|     0.68 ns|
    +--------+---------+----------+------------+

+ Latency: 
    * Summary: 
    +---------+---------+-----------+-----------+-----+-----+---------+
    |  Latency (cycles) |   Latency (absolute)  |  Interval | Pipeline|
    |   min   |   max   |    min    |    max    | min | max |   Type  |
    +---------+---------+-----------+-----------+-----+-----+---------+
    |       12|       12|  30.000 ns|  30.000 ns|    1|    1|      yes|
    +---------+---------+-----------+-----------+-----+-----+---------+

    + Detail: 
        * Instance: 
        N/A

        * Loop: 
        N/A



================================================================
== Utilization Estimates
================================================================
* Summary: 
+---------------------+---------+-------+---------+---------+------+
|         Name        | BRAM_18K|  DSP  |    FF   |   LUT   | URAM |
+---------------------+---------+-------+---------+---------+------+
|DSP                  |        -|      -|        -|        -|     -|
|Expression           |        -|      -|        0|     1600|     -|
|FIFO                 |        -|      -|        -|        -|     -|
|Instance             |        -|      8|      600|        8|     -|
|Memory               |        8|      -|        0|        0|     -|
|Multiplexer          |        -|      -|        -|        -|     -|
|Register             |        -|      -|     1522|      256|     -|
+---------------------+---------+-------+---------+---------+------+
|Total                |        8|      8|     2122|     1864|     0|
+---------------------+---------+-------+---------+---------+------+
|Available SLR        |     1344|   3072|   864000|   432000|   320|
+---------------------+---------+-------+---------+---------+------+
|Utilization SLR (%)  |       ~0|     ~0|       ~0|       ~0|     0|
+---------------------+---------+-------+---------+---------+------+
|Available            |     5376|  12288|  3456000|  1728000|  1280|
+---------------------+---------+-------+---------+---------+------+
|Utilization (%)      |       ~0|     ~0|       ~0|       ~0|     0|
+---------------------+---------+-------+---------+---------+------+

+ Detail: 
    * Instance: 
    +----------------------------+----------------------+---------+----+----+----+-----+
    |          Instance          |        Module        | BRAM_18K| DSP| FF | LUT| URAM|
    +----------------------------+----------------------+---------+----+----+----+-----+
    |mul_18ns_12ns_30_2_1_U7454  |mul_18ns_12ns_30_2_1  |        0|   1|  75|   1|    0|
    |mul_18ns_12ns_30_2_1_U7455  |mul_18ns_12ns_30_2_1  |        0|   1|  75|   1|    0|
    |mul_18ns_12ns_30_2_1_U7456  |mul_18ns_12ns_30_2_1  |        0|   1|  75|   1|    0|
    |mul_18ns_12ns_30_2_1_U7457  |mul_18ns_12ns_30_2_1  |        0|   1|  75|   1|    0|
    |mul_18ns_12ns_30_2_1_U7458  |mul_18ns_12ns_30_2_1  |        0|   1|  75|   1|    0|
    |mul_18ns_12ns_30_2_1_U7459  |mul_18ns_12ns_30_2_1  |        0|   1|  75|   1|    0|
    |mul_18ns_12ns_30_2_1_U7460  |mul_18ns_12ns_30_2_1  |        0|   1|  75|   1|    0|
    |mul_18ns_12ns_30_2_1_U7461  |mul_18ns_12ns_30_2_1  |        0|   1|  75|   1|    0|
    +----------------------------+----------------------+---------+----+----+----+-----+
    |Total                       |                      |        0|   8| 600|   8|    0|
    +----------------------------+----------------------+---------+----+----+----+-----+

    * DSP: 
    N/A

    * Memory: 
    +------------------+----------------------------------------------------------------------------------+---------+---+----+-----+------+-----+------+-------------+
    |      Memory      |                                      Module                                      | BRAM_18K| FF| LUT| URAM| Words| Bits| Banks| W*Bits*Banks|
    +------------------+----------------------------------------------------------------------------------+---------+---+----+-----+------+-----+------+-------------+
    |exp_table_1_U     |softmax_stable_ap_fixed_ap_ufixed_10_1_4_0_0_softmax_config19_s_exp_table_1_Rbkb  |        4|  0|   0|    0|  1024|   12|     1|        12288|
    |invert_table_1_U  |softmax_stable_ap_fixed_ap_ufixed_10_1_4_0_0_softmax_config19_s_invert_table_cud  |        4|  0|   0|    0|  4096|   12|     1|        49152|
    +------------------+----------------------------------------------------------------------------------+---------+---+----+-----+------+-----+------+-------------+
    |Total             |                                                                                  |        8|  0|   0|    0|  5120|   24|     2|        61440|
    +------------------+----------------------------------------------------------------------------------+---------+---+----+-----+------+-----+------+-------------+

    * FIFO: 
    N/A

    * Expression: 
    +----------------------------+----------+----+---+----+------------+------------+
    |        Variable Name       | Operation| DSP| FF| LUT| Bitwidth P0| Bitwidth P1|
    +----------------------------+----------+----+---+----+------------+------------+
    |add_ln264_fu_1518_p2        |         +|   0|  0|  19|          12|          12|
    |add_ln270_10_fu_2014_p2     |         +|   0|  0|  17|          10|          10|
    |add_ln270_11_fu_2112_p2     |         +|   0|  0|  17|          10|          10|
    |add_ln270_12_fu_2210_p2     |         +|   0|  0|  17|          10|          10|
    |add_ln270_13_fu_2308_p2     |         +|   0|  0|  17|          10|          10|
    |add_ln270_14_fu_2406_p2     |         +|   0|  0|  17|          10|          10|
    |add_ln270_8_fu_1818_p2      |         +|   0|  0|  17|          10|          10|
    |add_ln270_9_fu_1916_p2      |         +|   0|  0|  17|          10|          10|
    |add_ln270_fu_1720_p2        |         +|   0|  0|  17|          10|          10|
    |add_ln51_10_fu_1403_p2      |         +|   0|  0|  27|          20|          20|
    |add_ln51_11_fu_1413_p2      |         +|   0|  0|  26|          19|          19|
    |add_ln51_12_fu_1423_p2      |         +|   0|  0|  26|          19|          19|
    |add_ln51_13_fu_1439_p2      |         +|   0|  0|  27|          20|          20|
    |add_ln51_14_fu_1449_p2      |         +|   0|  0|  17|          10|          10|
    |add_ln51_15_fu_1397_p2      |         +|   0|  0|  26|          19|          19|
    |add_ln51_16_fu_1433_p2      |         +|   0|  0|  26|          19|          19|
    |add_ln51_8_fu_1377_p2       |         +|   0|  0|  26|          19|          19|
    |add_ln51_9_fu_1387_p2       |         +|   0|  0|  26|          19|          19|
    |add_ln51_fu_1472_p2         |         +|   0|  0|  28|          21|          21|
    |sub_ln248_10_fu_715_p2      |         -|   0|  0|  19|          12|          12|
    |sub_ln248_11_fu_824_p2      |         -|   0|  0|  19|          12|          12|
    |sub_ln248_12_fu_933_p2      |         -|   0|  0|  19|          12|          12|
    |sub_ln248_13_fu_1042_p2     |         -|   0|  0|  19|          12|          12|
    |sub_ln248_14_fu_1151_p2     |         -|   0|  0|  19|          12|          12|
    |sub_ln248_8_fu_497_p2       |         -|   0|  0|  19|          12|          12|
    |sub_ln248_9_fu_606_p2       |         -|   0|  0|  19|          12|          12|
    |sub_ln248_fu_388_p2         |         -|   0|  0|  19|          12|          12|
    |and_ln248_16_fu_466_p2      |       and|   0|  0|   2|           1|           1|
    |and_ln248_17_fu_551_p2      |       and|   0|  0|   2|           1|           1|
    |and_ln248_18_fu_575_p2      |       and|   0|  0|   2|           1|           1|
    |and_ln248_19_fu_660_p2      |       and|   0|  0|   2|           1|           1|
    |and_ln248_20_fu_684_p2      |       and|   0|  0|   2|           1|           1|
    |and_ln248_21_fu_769_p2      |       and|   0|  0|   2|           1|           1|
    |and_ln248_22_fu_793_p2      |       and|   0|  0|   2|           1|           1|
    |and_ln248_23_fu_878_p2      |       and|   0|  0|   2|           1|           1|
    |and_ln248_24_fu_902_p2      |       and|   0|  0|   2|           1|           1|
    |and_ln248_25_fu_987_p2      |       and|   0|  0|   2|           1|           1|
    |and_ln248_26_fu_1011_p2     |       and|   0|  0|   2|           1|           1|
    |and_ln248_27_fu_1096_p2     |       and|   0|  0|   2|           1|           1|
    |and_ln248_28_fu_1120_p2     |       and|   0|  0|   2|           1|           1|
    |and_ln248_29_fu_1205_p2     |       and|   0|  0|   2|           1|           1|
    |and_ln248_30_fu_1229_p2     |       and|   0|  0|   2|           1|           1|
    |and_ln248_fu_442_p2         |       and|   0|  0|   2|           1|           1|
    |and_ln264_2_fu_1544_p2      |       and|   0|  0|   2|           1|           1|
    |and_ln264_fu_1508_p2        |       and|   0|  0|   2|           1|           1|
    |and_ln270_16_fu_1740_p2     |       and|   0|  0|   2|           1|           1|
    |and_ln270_17_fu_1808_p2     |       and|   0|  0|   2|           1|           1|
    |and_ln270_18_fu_1838_p2     |       and|   0|  0|   2|           1|           1|
    |and_ln270_19_fu_1906_p2     |       and|   0|  0|   2|           1|           1|
    |and_ln270_20_fu_1936_p2     |       and|   0|  0|   2|           1|           1|
    |and_ln270_21_fu_2004_p2     |       and|   0|  0|   2|           1|           1|
    |and_ln270_22_fu_2034_p2     |       and|   0|  0|   2|           1|           1|
    |and_ln270_23_fu_2102_p2     |       and|   0|  0|   2|           1|           1|
    |and_ln270_24_fu_2132_p2     |       and|   0|  0|   2|           1|           1|
    |and_ln270_25_fu_2200_p2     |       and|   0|  0|   2|           1|           1|
    |and_ln270_26_fu_2230_p2     |       and|   0|  0|   2|           1|           1|
    |and_ln270_27_fu_2298_p2     |       and|   0|  0|   2|           1|           1|
    |and_ln270_28_fu_2328_p2     |       and|   0|  0|   2|           1|           1|
    |and_ln270_29_fu_2396_p2     |       and|   0|  0|   2|           1|           1|
    |and_ln270_30_fu_2426_p2     |       and|   0|  0|   2|           1|           1|
    |and_ln270_fu_1710_p2        |       and|   0|  0|   2|           1|           1|
    |icmp_ln248_16_fu_454_p2     |      icmp|   0|  0|   9|           2|           2|
    |icmp_ln248_17_fu_533_p2     |      icmp|   0|  0|   9|           2|           1|
    |icmp_ln248_18_fu_563_p2     |      icmp|   0|  0|   9|           2|           2|
    |icmp_ln248_19_fu_642_p2     |      icmp|   0|  0|   9|           2|           1|
    |icmp_ln248_20_fu_672_p2     |      icmp|   0|  0|   9|           2|           2|
    |icmp_ln248_21_fu_751_p2     |      icmp|   0|  0|   9|           2|           1|
    |icmp_ln248_22_fu_781_p2     |      icmp|   0|  0|   9|           2|           2|
    |icmp_ln248_23_fu_860_p2     |      icmp|   0|  0|   9|           2|           1|
    |icmp_ln248_24_fu_890_p2     |      icmp|   0|  0|   9|           2|           2|
    |icmp_ln248_25_fu_969_p2     |      icmp|   0|  0|   9|           2|           1|
    |icmp_ln248_26_fu_999_p2     |      icmp|   0|  0|   9|           2|           2|
    |icmp_ln248_27_fu_1078_p2    |      icmp|   0|  0|   9|           2|           1|
    |icmp_ln248_28_fu_1108_p2    |      icmp|   0|  0|   9|           2|           2|
    |icmp_ln248_29_fu_1187_p2    |      icmp|   0|  0|   9|           2|           1|
    |icmp_ln248_30_fu_1217_p2    |      icmp|   0|  0|   9|           2|           2|
    |icmp_ln248_fu_424_p2        |      icmp|   0|  0|   9|           2|           1|
    |icmp_ln264_fu_1457_p2       |      icmp|   0|  0|  15|           8|           1|
    |icmp_ln270_10_fu_1986_p2    |      icmp|   0|  0|  25|          18|           1|
    |icmp_ln270_11_fu_2084_p2    |      icmp|   0|  0|  25|          18|           1|
    |icmp_ln270_12_fu_2182_p2    |      icmp|   0|  0|  25|          18|           1|
    |icmp_ln270_13_fu_2280_p2    |      icmp|   0|  0|  25|          18|           1|
    |icmp_ln270_14_fu_2378_p2    |      icmp|   0|  0|  25|          18|           1|
    |icmp_ln270_8_fu_1790_p2     |      icmp|   0|  0|  25|          18|           1|
    |icmp_ln270_9_fu_1888_p2     |      icmp|   0|  0|  25|          18|           1|
    |icmp_ln270_fu_1692_p2       |      icmp|   0|  0|  25|          18|           1|
    |icmp_ln66_10_fu_314_p2      |      icmp|   0|  0|  18|          11|          11|
    |icmp_ln66_11_fu_334_p2      |      icmp|   0|  0|  18|          11|          11|
    |icmp_ln66_12_fu_362_p2      |      icmp|   0|  0|  18|          11|          11|
    |icmp_ln66_7_fu_268_p2       |      icmp|   0|  0|  18|          11|          11|
    |icmp_ln66_8_fu_288_p2       |      icmp|   0|  0|  18|          11|          11|
    |icmp_ln66_9_fu_294_p2       |      icmp|   0|  0|  18|          11|          11|
    |icmp_ln66_fu_248_p2         |      icmp|   0|  0|  18|          11|          11|
    |or_ln248_24_fu_460_p2       |        or|   0|  0|   2|           1|           1|
    |or_ln248_25_fu_480_p2       |        or|   0|  0|   2|           1|           1|
    |or_ln248_26_fu_539_p2       |        or|   0|  0|   2|           1|           1|
    |or_ln248_27_fu_569_p2       |        or|   0|  0|   2|           1|           1|
    |or_ln248_28_fu_589_p2       |        or|   0|  0|   2|           1|           1|
    |or_ln248_29_fu_648_p2       |        or|   0|  0|   2|           1|           1|
    |or_ln248_30_fu_678_p2       |        or|   0|  0|   2|           1|           1|
    |or_ln248_31_fu_698_p2       |        or|   0|  0|   2|           1|           1|
    |or_ln248_32_fu_757_p2       |        or|   0|  0|   2|           1|           1|
    |or_ln248_33_fu_787_p2       |        or|   0|  0|   2|           1|           1|
    |or_ln248_34_fu_807_p2       |        or|   0|  0|   2|           1|           1|
    |or_ln248_35_fu_866_p2       |        or|   0|  0|   2|           1|           1|
    |or_ln248_36_fu_896_p2       |        or|   0|  0|   2|           1|           1|
    |or_ln248_37_fu_916_p2       |        or|   0|  0|   2|           1|           1|
    |or_ln248_38_fu_975_p2       |        or|   0|  0|   2|           1|           1|
    |or_ln248_39_fu_1005_p2      |        or|   0|  0|   2|           1|           1|
    |or_ln248_40_fu_1025_p2      |        or|   0|  0|   2|           1|           1|
    |or_ln248_41_fu_1084_p2      |        or|   0|  0|   2|           1|           1|
    |or_ln248_42_fu_1114_p2      |        or|   0|  0|   2|           1|           1|
    |or_ln248_43_fu_1134_p2      |        or|   0|  0|   2|           1|           1|
    |or_ln248_44_fu_1193_p2      |        or|   0|  0|   2|           1|           1|
    |or_ln248_45_fu_1223_p2      |        or|   0|  0|   2|           1|           1|
    |or_ln248_46_fu_1243_p2      |        or|   0|  0|   2|           1|           1|
    |or_ln248_fu_430_p2          |        or|   0|  0|   2|           1|           1|
    |or_ln264_fu_1503_p2         |        or|   0|  0|   2|           1|           1|
    |or_ln270_16_fu_1753_p2      |        or|   0|  0|   2|           1|           1|
    |or_ln270_17_fu_1802_p2      |        or|   0|  0|   2|           1|           1|
    |or_ln270_18_fu_1851_p2      |        or|   0|  0|   2|           1|           1|
    |or_ln270_19_fu_1900_p2      |        or|   0|  0|   2|           1|           1|
    |or_ln270_20_fu_1949_p2      |        or|   0|  0|   2|           1|           1|
    |or_ln270_21_fu_1998_p2      |        or|   0|  0|   2|           1|           1|
    |or_ln270_22_fu_2047_p2      |        or|   0|  0|   2|           1|           1|
    |or_ln270_23_fu_2096_p2      |        or|   0|  0|   2|           1|           1|
    |or_ln270_24_fu_2145_p2      |        or|   0|  0|   2|           1|           1|
    |or_ln270_25_fu_2194_p2      |        or|   0|  0|   2|           1|           1|
    |or_ln270_26_fu_2243_p2      |        or|   0|  0|   2|           1|           1|
    |or_ln270_27_fu_2292_p2      |        or|   0|  0|   2|           1|           1|
    |or_ln270_28_fu_2341_p2      |        or|   0|  0|   2|           1|           1|
    |or_ln270_29_fu_2390_p2      |        or|   0|  0|   2|           1|           1|
    |or_ln270_30_fu_2439_p2      |        or|   0|  0|   2|           1|           1|
    |or_ln270_fu_1704_p2         |        or|   0|  0|   2|           1|           1|
    |d_xi_xmax_22_fu_595_p3      |    select|   0|  0|  10|           1|          10|
    |d_xi_xmax_23_fu_704_p3      |    select|   0|  0|  10|           1|          10|
    |d_xi_xmax_24_fu_813_p3      |    select|   0|  0|  10|           1|          10|
    |d_xi_xmax_25_fu_922_p3      |    select|   0|  0|  10|           1|          10|
    |d_xi_xmax_26_fu_1031_p3     |    select|   0|  0|  10|           1|          10|
    |d_xi_xmax_27_fu_1140_p3     |    select|   0|  0|  10|           1|          10|
    |d_xi_xmax_28_fu_1249_p3     |    select|   0|  0|  10|           1|          10|
    |d_xi_xmax_fu_486_p3         |    select|   0|  0|  10|           1|          10|
    |select_ln248_17_fu_581_p3   |    select|   0|  0|  11|           1|           9|
    |select_ln248_19_fu_690_p3   |    select|   0|  0|  11|           1|           9|
    |select_ln248_21_fu_799_p3   |    select|   0|  0|  11|           1|           9|
    |select_ln248_23_fu_908_p3   |    select|   0|  0|  11|           1|           9|
    |select_ln248_25_fu_1017_p3  |    select|   0|  0|  11|           1|           9|
    |select_ln248_27_fu_1126_p3  |    select|   0|  0|  11|           1|           9|
    |select_ln248_29_fu_1235_p3  |    select|   0|  0|  11|           1|           9|
    |select_ln248_fu_472_p3      |    select|   0|  0|  11|           1|           9|
    |select_ln264_fu_1550_p3     |    select|   0|  0|  12|           1|           2|
    |select_ln270_10_fu_2053_p3  |    select|   0|  0|  10|           1|           2|
    |select_ln270_11_fu_2151_p3  |    select|   0|  0|  10|           1|           2|
    |select_ln270_12_fu_2249_p3  |    select|   0|  0|  10|           1|           2|
    |select_ln270_13_fu_2347_p3  |    select|   0|  0|  10|           1|           2|
    |select_ln270_14_fu_2445_p3  |    select|   0|  0|  10|           1|           2|
    |select_ln270_8_fu_1857_p3   |    select|   0|  0|  10|           1|           2|
    |select_ln270_9_fu_1955_p3   |    select|   0|  0|  10|           1|           2|
    |select_ln270_fu_1759_p3     |    select|   0|  0|  10|           1|           2|
    |select_ln66_10_fu_326_p3    |    select|   0|  0|  11|           1|          11|
    |select_ln66_11_fu_356_p3    |    select|   0|  0|  11|           1|          11|
    |select_ln66_7_fu_280_p3     |    select|   0|  0|  11|           1|          11|
    |select_ln66_8_fu_345_p3     |    select|   0|  0|  11|           1|          11|
    |select_ln66_9_fu_306_p3     |    select|   0|  0|  11|           1|          11|
    |select_ln66_fu_260_p3       |    select|   0|  0|  11|           1|          11|
    |x_max_fu_374_p3             |    select|   0|  0|  11|           1|          11|
    |ap_enable_pp0               |       xor|   0|  0|   2|           1|           2|
    |xor_ln248_16_fu_448_p2      |       xor|   0|  0|   2|           1|           2|
    |xor_ln248_17_fu_545_p2      |       xor|   0|  0|   2|           1|           2|
    |xor_ln248_18_fu_557_p2      |       xor|   0|  0|   2|           1|           2|
    |xor_ln248_19_fu_654_p2      |       xor|   0|  0|   2|           1|           2|
    |xor_ln248_20_fu_666_p2      |       xor|   0|  0|   2|           1|           2|
    |xor_ln248_21_fu_763_p2      |       xor|   0|  0|   2|           1|           2|
    |xor_ln248_22_fu_775_p2      |       xor|   0|  0|   2|           1|           2|
    |xor_ln248_23_fu_872_p2      |       xor|   0|  0|   2|           1|           2|
    |xor_ln248_24_fu_884_p2      |       xor|   0|  0|   2|           1|           2|
    |xor_ln248_25_fu_981_p2      |       xor|   0|  0|   2|           1|           2|
    |xor_ln248_26_fu_993_p2      |       xor|   0|  0|   2|           1|           2|
    |xor_ln248_27_fu_1090_p2     |       xor|   0|  0|   2|           1|           2|
    |xor_ln248_28_fu_1102_p2     |       xor|   0|  0|   2|           1|           2|
    |xor_ln248_29_fu_1199_p2     |       xor|   0|  0|   2|           1|           2|
    |xor_ln248_30_fu_1211_p2     |       xor|   0|  0|   2|           1|           2|
    |xor_ln248_fu_436_p2         |       xor|   0|  0|   2|           1|           2|
    |xor_ln264_fu_1538_p2        |       xor|   0|  0|   2|           1|           2|
    |xor_ln270_10_fu_2028_p2     |       xor|   0|  0|   2|           1|           2|
    |xor_ln270_11_fu_2126_p2     |       xor|   0|  0|   2|           1|           2|
    |xor_ln270_12_fu_2224_p2     |       xor|   0|  0|   2|           1|           2|
    |xor_ln270_13_fu_2322_p2     |       xor|   0|  0|   2|           1|           2|
    |xor_ln270_14_fu_2420_p2     |       xor|   0|  0|   2|           1|           2|
    |xor_ln270_8_fu_1832_p2      |       xor|   0|  0|   2|           1|           2|
    |xor_ln270_9_fu_1930_p2      |       xor|   0|  0|   2|           1|           2|
    |xor_ln270_fu_1734_p2        |       xor|   0|  0|   2|           1|           2|
    |xor_ln66_10_fu_320_p2       |       xor|   0|  0|   2|           1|           2|
    |xor_ln66_11_fu_351_p2       |       xor|   0|  0|   2|           1|           2|
    |xor_ln66_12_fu_368_p2       |       xor|   0|  0|   2|           1|           2|
    |xor_ln66_7_fu_274_p2        |       xor|   0|  0|   2|           1|           2|
    |xor_ln66_8_fu_340_p2        |       xor|   0|  0|   2|           1|           2|
    |xor_ln66_9_fu_300_p2        |       xor|   0|  0|   2|           1|           2|
    |xor_ln66_fu_254_p2          |       xor|   0|  0|   2|           1|           2|
    +----------------------------+----------+----+---+----+------------+------------+
    |Total                       |          |   0|  0|1600|         774|         871|
    +----------------------------+----------+----+---+----+------------+------------+

    * Multiplexer: 
    N/A

    * Register: 
    +------------------------------------+----+----+-----+-----------+
    |                Name                | FF | LUT| Bits| Const Bits|
    +------------------------------------+----+----+-----+-----------+
    |add_ln264_reg_2772                  |  12|   0|   12|          0|
    |add_ln51_10_reg_2736                |  14|   0|   20|          6|
    |add_ln51_10_reg_2736_pp0_iter6_reg  |  14|   0|   20|          6|
    |add_ln51_13_reg_2746                |  14|   0|   20|          6|
    |add_ln51_13_reg_2746_pp0_iter6_reg  |  14|   0|   20|          6|
    |add_ln51_14_reg_2756                |   4|   0|   10|          6|
    |add_ln51_reg_2767                   |  15|   0|   21|          6|
    |ap_CS_fsm                           |   1|   0|    1|          0|
    |ap_enable_reg_pp0_iter1             |   1|   0|    1|          0|
    |ap_enable_reg_pp0_iter10            |   1|   0|    1|          0|
    |ap_enable_reg_pp0_iter11            |   1|   0|    1|          0|
    |ap_enable_reg_pp0_iter12            |   1|   0|    1|          0|
    |ap_enable_reg_pp0_iter2             |   1|   0|    1|          0|
    |ap_enable_reg_pp0_iter3             |   1|   0|    1|          0|
    |ap_enable_reg_pp0_iter4             |   1|   0|    1|          0|
    |ap_enable_reg_pp0_iter5             |   1|   0|    1|          0|
    |ap_enable_reg_pp0_iter6             |   1|   0|    1|          0|
    |ap_enable_reg_pp0_iter7             |   1|   0|    1|          0|
    |ap_enable_reg_pp0_iter8             |   1|   0|    1|          0|
    |ap_enable_reg_pp0_iter9             |   1|   0|    1|          0|
    |d_xi_xmax_22_reg_2581               |  10|   0|   10|          0|
    |d_xi_xmax_23_reg_2586               |  10|   0|   10|          0|
    |d_xi_xmax_24_reg_2591               |  10|   0|   10|          0|
    |d_xi_xmax_25_reg_2596               |  10|   0|   10|          0|
    |d_xi_xmax_26_reg_2601               |  10|   0|   10|          0|
    |d_xi_xmax_27_reg_2606               |  10|   0|   10|          0|
    |d_xi_xmax_28_reg_2611               |  10|   0|   10|          0|
    |d_xi_xmax_reg_2576                  |  10|   0|   10|          0|
    |exp_res_10_reg_2711                 |  12|   0|   18|          6|
    |exp_res_1_reg_2716                  |  12|   0|   18|          6|
    |exp_res_2_reg_2721                  |  12|   0|   18|          6|
    |exp_res_3_reg_2726                  |  12|   0|   18|          6|
    |exp_res_4_reg_2731                  |  12|   0|   18|          6|
    |exp_res_8_reg_2701                  |  12|   0|   18|          6|
    |exp_res_9_reg_2706                  |  12|   0|   18|          6|
    |exp_res_reg_2696                    |  12|   0|   18|          6|
    |exp_table_1_load_1_reg_2661         |  12|   0|   12|          0|
    |exp_table_1_load_2_reg_2666         |  12|   0|   12|          0|
    |exp_table_1_load_3_reg_2671         |  12|   0|   12|          0|
    |exp_table_1_load_4_reg_2676         |  12|   0|   12|          0|
    |exp_table_1_load_5_reg_2681         |  12|   0|   12|          0|
    |exp_table_1_load_6_reg_2686         |  12|   0|   12|          0|
    |exp_table_1_load_7_reg_2691         |  12|   0|   12|          0|
    |exp_table_1_load_reg_2656           |  12|   0|   12|          0|
    |icmp_ln264_reg_2762                 |   1|   0|    1|          0|
    |icmp_ln66_11_reg_2566               |   1|   0|    1|          0|
    |icmp_ln66_8_reg_2551                |   1|   0|    1|          0|
    |inv_exp_sum_reg_2783                |  12|   0|   12|          0|
    |mul_ln270_10_reg_2882               |  30|   0|   30|          0|
    |mul_ln270_11_reg_2896               |  30|   0|   30|          0|
    |mul_ln270_12_reg_2910               |  30|   0|   30|          0|
    |mul_ln270_13_reg_2924               |  30|   0|   30|          0|
    |mul_ln270_14_reg_2938               |  30|   0|   30|          0|
    |mul_ln270_8_reg_2854                |  30|   0|   30|          0|
    |mul_ln270_9_reg_2868                |  30|   0|   30|          0|
    |mul_ln270_reg_2840                  |  30|   0|   30|          0|
    |p_read_10_reg_2506                  |  11|   0|   11|          0|
    |p_read_10_reg_2506_pp0_iter1_reg    |  11|   0|   11|          0|
    |p_read_11_reg_2511                  |  11|   0|   11|          0|
    |p_read_11_reg_2511_pp0_iter1_reg    |  11|   0|   11|          0|
    |p_read_12_reg_2516                  |  11|   0|   11|          0|
    |p_read_12_reg_2516_pp0_iter1_reg    |  11|   0|   11|          0|
    |p_read_13_reg_2521                  |  11|   0|   11|          0|
    |p_read_13_reg_2521_pp0_iter1_reg    |  11|   0|   11|          0|
    |p_read_14_reg_2526                  |  11|   0|   11|          0|
    |p_read_14_reg_2526_pp0_iter1_reg    |  11|   0|   11|          0|
    |p_read_15_reg_2531                  |  11|   0|   11|          0|
    |p_read_15_reg_2531_pp0_iter1_reg    |  11|   0|   11|          0|
    |p_read_16_reg_2536                  |  11|   0|   11|          0|
    |p_read_16_reg_2536_pp0_iter1_reg    |  11|   0|   11|          0|
    |p_read_9_reg_2501                   |  11|   0|   11|          0|
    |p_read_9_reg_2501_pp0_iter1_reg     |  11|   0|   11|          0|
    |select_ln66_10_reg_2561             |  11|   0|   11|          0|
    |select_ln66_7_reg_2546              |  11|   0|   11|          0|
    |select_ln66_9_reg_2556              |  11|   0|   11|          0|
    |select_ln66_reg_2541                |  11|   0|   11|          0|
    |trunc_ln270_15_reg_2863             |  18|   0|   18|          0|
    |trunc_ln270_16_reg_2877             |  18|   0|   18|          0|
    |trunc_ln270_17_reg_2891             |  18|   0|   18|          0|
    |trunc_ln270_18_reg_2905             |  18|   0|   18|          0|
    |trunc_ln270_19_reg_2919             |  18|   0|   18|          0|
    |trunc_ln270_20_reg_2933             |  18|   0|   18|          0|
    |trunc_ln270_21_reg_2947             |  18|   0|   18|          0|
    |trunc_ln270_reg_2849                |  18|   0|   18|          0|
    |trunc_ln51_2_reg_2751               |   4|   0|   10|          6|
    |trunc_ln51_reg_2741                 |   4|   0|   10|          6|
    |x_max_reg_2571                      |  11|   0|   11|          0|
    |exp_res_10_reg_2711                 |  64|  32|   18|          6|
    |exp_res_1_reg_2716                  |  64|  32|   18|          6|
    |exp_res_2_reg_2721                  |  64|  32|   18|          6|
    |exp_res_3_reg_2726                  |  64|  32|   18|          6|
    |exp_res_4_reg_2731                  |  64|  32|   18|          6|
    |exp_res_8_reg_2701                  |  64|  32|   18|          6|
    |exp_res_9_reg_2706                  |  64|  32|   18|          6|
    |exp_res_reg_2696                    |  64|  32|   18|          6|
    +------------------------------------+----+----+-----+-----------+
    |Total                               |1522| 256| 1250|        144|
    +------------------------------------+----+----+-----+-----------+



================================================================
== Interface
================================================================
* Summary: 
+-------------+-----+-----+------------+-----------------------------------------------------------------+--------------+
|  RTL Ports  | Dir | Bits|  Protocol  |                          Source Object                          |    C Type    |
+-------------+-----+-----+------------+-----------------------------------------------------------------+--------------+
|ap_clk       |   in|    1|  ap_ctrl_hs|  softmax_stable<ap_fixed,ap_ufixed<10,1,4,0,0>,softmax_config19>|  return value|
|ap_rst       |   in|    1|  ap_ctrl_hs|  softmax_stable<ap_fixed,ap_ufixed<10,1,4,0,0>,softmax_config19>|  return value|
|ap_start     |   in|    1|  ap_ctrl_hs|  softmax_stable<ap_fixed,ap_ufixed<10,1,4,0,0>,softmax_config19>|  return value|
|ap_done      |  out|    1|  ap_ctrl_hs|  softmax_stable<ap_fixed,ap_ufixed<10,1,4,0,0>,softmax_config19>|  return value|
|ap_idle      |  out|    1|  ap_ctrl_hs|  softmax_stable<ap_fixed,ap_ufixed<10,1,4,0,0>,softmax_config19>|  return value|
|ap_ready     |  out|    1|  ap_ctrl_hs|  softmax_stable<ap_fixed,ap_ufixed<10,1,4,0,0>,softmax_config19>|  return value|
|ap_ce        |   in|    1|  ap_ctrl_hs|  softmax_stable<ap_fixed,ap_ufixed<10,1,4,0,0>,softmax_config19>|  return value|
|ap_return_0  |  out|   10|  ap_ctrl_hs|  softmax_stable<ap_fixed,ap_ufixed<10,1,4,0,0>,softmax_config19>|  return value|
|ap_return_1  |  out|   10|  ap_ctrl_hs|  softmax_stable<ap_fixed,ap_ufixed<10,1,4,0,0>,softmax_config19>|  return value|
|ap_return_2  |  out|   10|  ap_ctrl_hs|  softmax_stable<ap_fixed,ap_ufixed<10,1,4,0,0>,softmax_config19>|  return value|
|ap_return_3  |  out|   10|  ap_ctrl_hs|  softmax_stable<ap_fixed,ap_ufixed<10,1,4,0,0>,softmax_config19>|  return value|
|ap_return_4  |  out|   10|  ap_ctrl_hs|  softmax_stable<ap_fixed,ap_ufixed<10,1,4,0,0>,softmax_config19>|  return value|
|ap_return_5  |  out|   10|  ap_ctrl_hs|  softmax_stable<ap_fixed,ap_ufixed<10,1,4,0,0>,softmax_config19>|  return value|
|ap_return_6  |  out|   10|  ap_ctrl_hs|  softmax_stable<ap_fixed,ap_ufixed<10,1,4,0,0>,softmax_config19>|  return value|
|ap_return_7  |  out|   10|  ap_ctrl_hs|  softmax_stable<ap_fixed,ap_ufixed<10,1,4,0,0>,softmax_config19>|  return value|
|p_read       |   in|   11|     ap_none|                                                           p_read|        scalar|
|p_read1      |   in|   11|     ap_none|                                                          p_read1|        scalar|
|p_read2      |   in|   11|     ap_none|                                                          p_read2|        scalar|
|p_read3      |   in|   11|     ap_none|                                                          p_read3|        scalar|
|p_read4      |   in|   11|     ap_none|                                                          p_read4|        scalar|
|p_read5      |   in|   11|     ap_none|                                                          p_read5|        scalar|
|p_read6      |   in|   11|     ap_none|                                                          p_read6|        scalar|
|p_read7      |   in|   11|     ap_none|                                                          p_read7|        scalar|
+-------------+-----+-----+------------+-----------------------------------------------------------------+--------------+

