

================================================================
== Vitis HLS Report for 'dense_latency_ap_fixed_6_3_4_0_0_ap_fixed_11_6_4_0_0_config3_dense_5'
================================================================
* Date:           Thu Aug 13 16:04:16 2026

* Version:        2023.2 (Build 4023990 on Oct 11 2023)
* Project:        myproject_prj
* Solution:       solution1 (Vivado IP Flow Target)
* Product family: virtexuplus
* Target device:  xcvu13p-flga2577-2-e


================================================================
== Performance Estimates
================================================================
+ Timing: 
    * Summary: 
    +--------+---------+----------+------------+
    |  Clock |  Target | Estimated| Uncertainty|
    +--------+---------+----------+------------+
    |ap_clk  |  2.50 ns|  1.618 ns|     0.68 ns|
    +--------+---------+----------+------------+

+ Latency: 
    * Summary: 
    +---------+---------+----------+----------+-----+-----+---------+
    |  Latency (cycles) |  Latency (absolute) |  Interval | Pipeline|
    |   min   |   max   |    min   |    max   | min | max |   Type  |
    +---------+---------+----------+----------+-----+-----+---------+
    |        1|        1|  2.500 ns|  2.500 ns|    1|    1|      yes|
    +---------+---------+----------+----------+-----+-----+---------+

    + Detail: 
        * Instance: 
        N/A

        * Loop: 
        N/A



================================================================
== Utilization Estimates
================================================================
* Summary: 
+---------------------+---------+-------+---------+---------+------+
|         Name        | BRAM_18K|  DSP  |    FF   |   LUT   | URAM |
+---------------------+---------+-------+---------+---------+------+
|DSP                  |        -|      -|        -|        -|     -|
|Expression           |        -|      -|        0|     1918|     -|
|FIFO                 |        -|      -|        -|        -|     -|
|Instance             |        -|      -|        -|        -|     -|
|Memory               |        -|      -|        -|        -|     -|
|Multiplexer          |        -|      -|        -|        -|     -|
|Register             |        -|      -|       77|        -|     -|
+---------------------+---------+-------+---------+---------+------+
|Total                |        0|      0|       77|     1918|     0|
+---------------------+---------+-------+---------+---------+------+
|Available SLR        |     1344|   3072|   864000|   432000|   320|
+---------------------+---------+-------+---------+---------+------+
|Utilization SLR (%)  |        0|      0|       ~0|       ~0|     0|
+---------------------+---------+-------+---------+---------+------+
|Available            |     5376|  12288|  3456000|  1728000|  1280|
+---------------------+---------+-------+---------+---------+------+
|Utilization (%)      |        0|      0|       ~0|       ~0|     0|
+---------------------+---------+-------+---------+---------+------+

+ Detail: 
    * Instance: 
    N/A

    * DSP: 
    N/A

    * Memory: 
    N/A

    * FIFO: 
    N/A

    * Expression: 
    +--------------------------+----------+----+---+----+------------+------------+
    |       Variable Name      | Operation| DSP| FF| LUT| Bitwidth P0| Bitwidth P1|
    +--------------------------+----------+----+---+----+------------+------------+
    |add_ln111_14_fu_804_p2    |         +|   0|  0|  18|          11|           1|
    |add_ln111_15_fu_920_p2    |         +|   0|  0|  18|          11|           1|
    |add_ln111_16_fu_929_p2    |         +|   0|  0|  18|          11|           1|
    |add_ln111_17_fu_949_p2    |         +|   0|  0|  18|          11|           1|
    |add_ln111_18_fu_1025_p2   |         +|   0|  0|  18|          11|           1|
    |add_ln111_19_fu_1045_p2   |         +|   0|  0|  18|          11|           1|
    |add_ln111_20_fu_1085_p2   |         +|   0|  0|  18|          11|           1|
    |add_ln111_21_fu_1105_p2   |         +|   0|  0|  18|          11|           1|
    |add_ln111_22_fu_1114_p2   |         +|   0|  0|  18|          11|           1|
    |add_ln111_23_fu_1168_p2   |         +|   0|  0|  18|          11|           1|
    |add_ln111_fu_708_p2       |         +|   0|  0|  18|          11|           1|
    |add_ln58_46693_fu_332_p2  |         +|   0|  0|  21|          21|          13|
    |add_ln58_46694_fu_337_p2  |         +|   0|  0|  21|          21|          21|
    |add_ln58_46695_fu_250_p2  |         +|   0|  0|  28|          21|          21|
    |add_ln58_46696_fu_342_p2  |         +|   0|  0|  27|          20|          17|
    |add_ln58_46697_fu_351_p2  |         +|   0|  0|  28|          21|          21|
    |add_ln58_46698_fu_356_p2  |         +|   0|  0|  21|          21|          17|
    |add_ln58_46699_fu_361_p2  |         +|   0|  0|  21|          21|          21|
    |add_ln58_46700_fu_256_p2  |         +|   0|  0|  28|          21|          21|
    |add_ln58_46701_fu_366_p2  |         +|   0|  0|  27|          20|          14|
    |add_ln58_46702_fu_375_p2  |         +|   0|  0|  28|          21|          21|
    |add_ln58_46703_fu_380_p2  |         +|   0|  0|  21|          21|          17|
    |add_ln58_46704_fu_385_p2  |         +|   0|  0|  21|          21|          21|
    |add_ln58_46705_fu_390_p2  |         +|   0|  0|  21|          21|          18|
    |add_ln58_46706_fu_395_p2  |         +|   0|  0|  21|          21|          21|
    |add_ln58_46707_fu_400_p2  |         +|   0|  0|  21|          21|          16|
    |add_ln58_46708_fu_405_p2  |         +|   0|  0|  21|          21|          21|
    |add_ln58_46709_fu_262_p2  |         +|   0|  0|  27|          20|          20|
    |add_ln58_46710_fu_410_p2  |         +|   0|  0|  21|          21|          17|
    |add_ln58_46711_fu_415_p2  |         +|   0|  0|  21|          21|          21|
    |add_ln58_46712_fu_420_p2  |         +|   0|  0|  21|          21|          18|
    |add_ln58_46713_fu_425_p2  |         +|   0|  0|  21|          21|          21|
    |add_ln58_46714_fu_430_p2  |         +|   0|  0|  27|          20|          13|
    |add_ln58_46715_fu_439_p2  |         +|   0|  0|  28|          21|          21|
    |add_ln58_46716_fu_444_p2  |         +|   0|  0|  27|          20|          17|
    |add_ln58_46717_fu_453_p2  |         +|   0|  0|  28|          21|          21|
    |add_ln58_46718_fu_458_p2  |         +|   0|  0|  21|          21|          15|
    |add_ln58_46719_fu_463_p2  |         +|   0|  0|  21|          21|          21|
    |add_ln58_46720_fu_468_p2  |         +|   0|  0|  21|          21|          18|
    |add_ln58_46721_fu_473_p2  |         +|   0|  0|  21|          21|          21|
    |add_ln58_46722_fu_478_p2  |         +|   0|  0|  27|          20|          17|
    |add_ln58_46723_fu_487_p2  |         +|   0|  0|  28|          21|          21|
    |add_ln58_46724_fu_492_p2  |         +|   0|  0|  21|          21|          17|
    |add_ln58_46725_fu_497_p2  |         +|   0|  0|  21|          21|          21|
    |add_ln58_46726_fu_502_p2  |         +|   0|  0|  21|          21|          16|
    |add_ln58_46727_fu_507_p2  |         +|   0|  0|  21|          21|          21|
    |add_ln58_46728_fu_272_p2  |         +|   0|  0|  27|          20|          15|
    |add_ln58_46729_fu_282_p2  |         +|   0|  0|  28|          21|          21|
    |add_ln58_46730_fu_512_p2  |         +|   0|  0|  21|          21|          16|
    |add_ln58_46731_fu_517_p2  |         +|   0|  0|  21|          21|          21|
    |add_ln58_46732_fu_522_p2  |         +|   0|  0|  27|          20|          16|
    |add_ln58_46733_fu_531_p2  |         +|   0|  0|  28|          21|          21|
    |add_ln58_46734_fu_536_p2  |         +|   0|  0|  21|          21|          14|
    |add_ln58_46735_fu_541_p2  |         +|   0|  0|  21|          21|          21|
    |add_ln58_46736_fu_546_p2  |         +|   0|  0|  21|          21|          16|
    |add_ln58_46737_fu_551_p2  |         +|   0|  0|  21|          21|          21|
    |add_ln58_46738_fu_556_p2  |         +|   0|  0|  21|          21|          15|
    |add_ln58_46739_fu_561_p2  |         +|   0|  0|  21|          21|          21|
    |add_ln58_46740_fu_566_p2  |         +|   0|  0|  21|          21|          17|
    |add_ln58_46741_fu_571_p2  |         +|   0|  0|  21|          21|          21|
    |add_ln58_46742_fu_288_p2  |         +|   0|  0|  27|          20|          17|
    |add_ln58_46743_fu_579_p2  |         +|   0|  0|  28|          21|          21|
    |add_ln58_46744_fu_584_p2  |         +|   0|  0|  21|          21|          16|
    |add_ln58_46745_fu_589_p2  |         +|   0|  0|  21|          21|          21|
    |add_ln58_46746_fu_594_p2  |         +|   0|  0|  21|          21|          16|
    |add_ln58_46747_fu_599_p2  |         +|   0|  0|  21|          21|          21|
    |add_ln58_46748_fu_604_p2  |         +|   0|  0|  21|          21|          17|
    |add_ln58_46749_fu_609_p2  |         +|   0|  0|  21|          21|          21|
    |add_ln58_46750_fu_294_p2  |         +|   0|  0|  21|          21|          21|
    |add_ln58_46751_fu_300_p2  |         +|   0|  0|  21|          21|          21|
    |add_ln58_46752_fu_614_p2  |         +|   0|  0|  27|          20|          16|
    |add_ln58_46753_fu_623_p2  |         +|   0|  0|  28|          21|          21|
    |add_ln58_46754_fu_628_p2  |         +|   0|  0|  27|          20|          15|
    |add_ln58_46755_fu_637_p2  |         +|   0|  0|  28|          21|          21|
    |add_ln58_46756_fu_306_p2  |         +|   0|  0|  27|          20|          16|
    |add_ln58_46757_fu_645_p2  |         +|   0|  0|  28|          21|          21|
    |add_ln58_46758_fu_650_p2  |         +|   0|  0|  21|          21|          16|
    |add_ln58_46759_fu_655_p2  |         +|   0|  0|  21|          21|          21|
    |add_ln58_fu_244_p2        |         +|   0|  0|  28|          21|          21|
    |sub_ln73_1292_fu_166_p2   |         -|   0|  0|  14|           1|           7|
    |sub_ln73_1293_fu_204_p2   |         -|   0|  0|  14|           1|           7|
    |sub_ln73_fu_144_p2        |         -|   0|  0|  14|           1|           7|
    |or_ln111_20_fu_724_p2     |        or|   0|  0|  10|          10|           1|
    |or_ln111_21_fu_820_p2     |        or|   0|  0|  10|          10|           1|
    |or_ln111_22_fu_868_p2     |        or|   0|  0|  10|          10|           1|
    |or_ln111_23_fu_1061_p2    |        or|   0|  0|  10|          10|           1|
    |or_ln111_24_fu_1130_p2    |        or|   0|  0|  10|          10|           1|
    |or_ln111_fu_670_p2        |        or|   0|  0|  10|          10|           1|
    |or_ln58_fu_234_p2         |        or|   0|  0|  20|          20|          12|
    +--------------------------+----------+----+---+----+------------+------------+
    |Total                     |          |   0|  0|1918|        1620|        1324|
    +--------------------------+----------+----+---+----+------------+------------+

    * Multiplexer: 
    N/A

    * Register: 
    +--------------------------+---+----+-----+-----------+
    |           Name           | FF| LUT| Bits| Const Bits|
    +--------------------------+---+----+-----+-----------+
    |add_ln58_46695_reg_1430   |  8|   0|   21|         13|
    |add_ln58_46700_reg_1439   |  8|   0|   21|         13|
    |add_ln58_46742_reg_1462   |  7|   0|   20|         13|
    |add_ln58_46756_reg_1467   |  7|   0|   20|         13|
    |add_ln58_reg_1416         |  8|   0|   21|         13|
    |sext_ln42_22_reg_1380     |  8|   0|   21|         13|
    |sext_ln58_25654_reg_1451  |  8|   0|   21|         13|
    |sext_ln58_reg_1404        |  7|   0|   20|         13|
    |trunc_ln111_75_reg_1472   |  8|   0|   10|          2|
    |trunc_ln111_86_reg_1477   |  8|   0|   10|          2|
    +--------------------------+---+----+-----+-----------+
    |Total                     | 77|   0|  185|        108|
    +--------------------------+---+----+-----+-----------+



================================================================
== Interface
================================================================
* Summary: 
+--------------+-----+-----+------------+-----------------------------------------------------------------------------------+--------------+
|   RTL Ports  | Dir | Bits|  Protocol  |                                   Source Object                                   |    C Type    |
+--------------+-----+-----+------------+-----------------------------------------------------------------------------------+--------------+
|ap_clk        |   in|    1|  ap_ctrl_hs|  dense_latency<ap_fixed<6, 3, 4, 0, 0>, ap_fixed<11, 6, 4, 0, 0>, config3_dense>.5|  return value|
|ap_rst        |   in|    1|  ap_ctrl_hs|  dense_latency<ap_fixed<6, 3, 4, 0, 0>, ap_fixed<11, 6, 4, 0, 0>, config3_dense>.5|  return value|
|ap_return_0   |  out|   11|  ap_ctrl_hs|  dense_latency<ap_fixed<6, 3, 4, 0, 0>, ap_fixed<11, 6, 4, 0, 0>, config3_dense>.5|  return value|
|ap_return_1   |  out|   11|  ap_ctrl_hs|  dense_latency<ap_fixed<6, 3, 4, 0, 0>, ap_fixed<11, 6, 4, 0, 0>, config3_dense>.5|  return value|
|ap_return_2   |  out|   11|  ap_ctrl_hs|  dense_latency<ap_fixed<6, 3, 4, 0, 0>, ap_fixed<11, 6, 4, 0, 0>, config3_dense>.5|  return value|
|ap_return_3   |  out|   11|  ap_ctrl_hs|  dense_latency<ap_fixed<6, 3, 4, 0, 0>, ap_fixed<11, 6, 4, 0, 0>, config3_dense>.5|  return value|
|ap_return_4   |  out|   11|  ap_ctrl_hs|  dense_latency<ap_fixed<6, 3, 4, 0, 0>, ap_fixed<11, 6, 4, 0, 0>, config3_dense>.5|  return value|
|ap_return_5   |  out|   11|  ap_ctrl_hs|  dense_latency<ap_fixed<6, 3, 4, 0, 0>, ap_fixed<11, 6, 4, 0, 0>, config3_dense>.5|  return value|
|ap_return_6   |  out|   11|  ap_ctrl_hs|  dense_latency<ap_fixed<6, 3, 4, 0, 0>, ap_fixed<11, 6, 4, 0, 0>, config3_dense>.5|  return value|
|ap_return_7   |  out|   11|  ap_ctrl_hs|  dense_latency<ap_fixed<6, 3, 4, 0, 0>, ap_fixed<11, 6, 4, 0, 0>, config3_dense>.5|  return value|
|ap_return_8   |  out|   11|  ap_ctrl_hs|  dense_latency<ap_fixed<6, 3, 4, 0, 0>, ap_fixed<11, 6, 4, 0, 0>, config3_dense>.5|  return value|
|ap_return_9   |  out|   11|  ap_ctrl_hs|  dense_latency<ap_fixed<6, 3, 4, 0, 0>, ap_fixed<11, 6, 4, 0, 0>, config3_dense>.5|  return value|
|ap_return_10  |  out|   11|  ap_ctrl_hs|  dense_latency<ap_fixed<6, 3, 4, 0, 0>, ap_fixed<11, 6, 4, 0, 0>, config3_dense>.5|  return value|
|ap_return_11  |  out|   11|  ap_ctrl_hs|  dense_latency<ap_fixed<6, 3, 4, 0, 0>, ap_fixed<11, 6, 4, 0, 0>, config3_dense>.5|  return value|
|ap_return_12  |  out|   11|  ap_ctrl_hs|  dense_latency<ap_fixed<6, 3, 4, 0, 0>, ap_fixed<11, 6, 4, 0, 0>, config3_dense>.5|  return value|
|ap_return_13  |  out|   11|  ap_ctrl_hs|  dense_latency<ap_fixed<6, 3, 4, 0, 0>, ap_fixed<11, 6, 4, 0, 0>, config3_dense>.5|  return value|
|ap_return_14  |  out|   11|  ap_ctrl_hs|  dense_latency<ap_fixed<6, 3, 4, 0, 0>, ap_fixed<11, 6, 4, 0, 0>, config3_dense>.5|  return value|
|ap_return_15  |  out|   11|  ap_ctrl_hs|  dense_latency<ap_fixed<6, 3, 4, 0, 0>, ap_fixed<11, 6, 4, 0, 0>, config3_dense>.5|  return value|
|ap_return_16  |  out|   11|  ap_ctrl_hs|  dense_latency<ap_fixed<6, 3, 4, 0, 0>, ap_fixed<11, 6, 4, 0, 0>, config3_dense>.5|  return value|
|ap_return_17  |  out|   11|  ap_ctrl_hs|  dense_latency<ap_fixed<6, 3, 4, 0, 0>, ap_fixed<11, 6, 4, 0, 0>, config3_dense>.5|  return value|
|ap_return_18  |  out|   11|  ap_ctrl_hs|  dense_latency<ap_fixed<6, 3, 4, 0, 0>, ap_fixed<11, 6, 4, 0, 0>, config3_dense>.5|  return value|
|ap_return_19  |  out|   11|  ap_ctrl_hs|  dense_latency<ap_fixed<6, 3, 4, 0, 0>, ap_fixed<11, 6, 4, 0, 0>, config3_dense>.5|  return value|
|ap_return_20  |  out|   11|  ap_ctrl_hs|  dense_latency<ap_fixed<6, 3, 4, 0, 0>, ap_fixed<11, 6, 4, 0, 0>, config3_dense>.5|  return value|
|ap_return_21  |  out|   11|  ap_ctrl_hs|  dense_latency<ap_fixed<6, 3, 4, 0, 0>, ap_fixed<11, 6, 4, 0, 0>, config3_dense>.5|  return value|
|ap_return_22  |  out|   11|  ap_ctrl_hs|  dense_latency<ap_fixed<6, 3, 4, 0, 0>, ap_fixed<11, 6, 4, 0, 0>, config3_dense>.5|  return value|
|ap_return_23  |  out|   11|  ap_ctrl_hs|  dense_latency<ap_fixed<6, 3, 4, 0, 0>, ap_fixed<11, 6, 4, 0, 0>, config3_dense>.5|  return value|
|ap_return_24  |  out|   11|  ap_ctrl_hs|  dense_latency<ap_fixed<6, 3, 4, 0, 0>, ap_fixed<11, 6, 4, 0, 0>, config3_dense>.5|  return value|
|ap_return_25  |  out|   11|  ap_ctrl_hs|  dense_latency<ap_fixed<6, 3, 4, 0, 0>, ap_fixed<11, 6, 4, 0, 0>, config3_dense>.5|  return value|
|ap_return_26  |  out|   11|  ap_ctrl_hs|  dense_latency<ap_fixed<6, 3, 4, 0, 0>, ap_fixed<11, 6, 4, 0, 0>, config3_dense>.5|  return value|
|ap_return_27  |  out|   11|  ap_ctrl_hs|  dense_latency<ap_fixed<6, 3, 4, 0, 0>, ap_fixed<11, 6, 4, 0, 0>, config3_dense>.5|  return value|
|ap_return_28  |  out|   11|  ap_ctrl_hs|  dense_latency<ap_fixed<6, 3, 4, 0, 0>, ap_fixed<11, 6, 4, 0, 0>, config3_dense>.5|  return value|
|ap_return_29  |  out|   11|  ap_ctrl_hs|  dense_latency<ap_fixed<6, 3, 4, 0, 0>, ap_fixed<11, 6, 4, 0, 0>, config3_dense>.5|  return value|
|ap_return_30  |  out|   11|  ap_ctrl_hs|  dense_latency<ap_fixed<6, 3, 4, 0, 0>, ap_fixed<11, 6, 4, 0, 0>, config3_dense>.5|  return value|
|ap_return_31  |  out|   11|  ap_ctrl_hs|  dense_latency<ap_fixed<6, 3, 4, 0, 0>, ap_fixed<11, 6, 4, 0, 0>, config3_dense>.5|  return value|
|ap_ce         |   in|    1|  ap_ctrl_hs|  dense_latency<ap_fixed<6, 3, 4, 0, 0>, ap_fixed<11, 6, 4, 0, 0>, config3_dense>.5|  return value|
|data_15_val   |   in|    6|     ap_none|                                                                        data_15_val|        scalar|
|data_16_val   |   in|    6|     ap_none|                                                                        data_16_val|        scalar|
|data_17_val   |   in|    6|     ap_none|                                                                        data_17_val|        scalar|
+--------------+-----+-----+------------+-----------------------------------------------------------------------------------+--------------+

