

================================================================
== Vitis HLS Report for 'dense_latency_ap_ufixed_5_1_4_0_0_ap_fixed_11_7_4_0_0_config81_s'
================================================================
* Date:           Thu Aug 13 16:50:30 2026

* Version:        2023.2 (Build 4023990 on Oct 11 2023)
* Project:        myproject_prj
* Solution:       solution1 (Vivado IP Flow Target)
* Product family: virtexuplus
* Target device:  xcvu13p-flga2577-2-e


================================================================
== Performance Estimates
================================================================
+ Timing: 
    * Summary: 
    +--------+---------+----------+------------+
    |  Clock |  Target | Estimated| Uncertainty|
    +--------+---------+----------+------------+
    |ap_clk  |  2.50 ns|  1.543 ns|     0.68 ns|
    +--------+---------+----------+------------+

+ Latency: 
    * Summary: 
    +---------+---------+----------+----------+-----+-----+---------+
    |  Latency (cycles) |  Latency (absolute) |  Interval | Pipeline|
    |   min   |   max   |    min   |    max   | min | max |   Type  |
    +---------+---------+----------+----------+-----+-----+---------+
    |        2|        2|  5.000 ns|  5.000 ns|    1|    1|      yes|
    +---------+---------+----------+----------+-----+-----+---------+

    + Detail: 
        * Instance: 
        N/A

        * Loop: 
        N/A



================================================================
== Utilization Estimates
================================================================
* Summary: 
+---------------------+---------+-------+---------+---------+------+
|         Name        | BRAM_18K|  DSP  |    FF   |   LUT   | URAM |
+---------------------+---------+-------+---------+---------+------+
|DSP                  |        -|      -|        -|        -|     -|
|Expression           |        -|      -|        0|     2461|     -|
|FIFO                 |        -|      -|        -|        -|     -|
|Instance             |        -|      -|        -|        -|     -|
|Memory               |        -|      -|        -|        -|     -|
|Multiplexer          |        -|      -|        -|       70|     -|
|Register             |        -|      -|      750|        -|     -|
+---------------------+---------+-------+---------+---------+------+
|Total                |        0|      0|      750|     2531|     0|
+---------------------+---------+-------+---------+---------+------+
|Available SLR        |     1344|   3072|   864000|   432000|   320|
+---------------------+---------+-------+---------+---------+------+
|Utilization SLR (%)  |        0|      0|       ~0|       ~0|     0|
+---------------------+---------+-------+---------+---------+------+
|Available            |     5376|  12288|  3456000|  1728000|  1280|
+---------------------+---------+-------+---------+---------+------+
|Utilization (%)      |        0|      0|       ~0|       ~0|     0|
+---------------------+---------+-------+---------+---------+------+

+ Detail: 
    * Instance: 
    N/A

    * DSP: 
    N/A

    * Memory: 
    N/A

    * FIFO: 
    N/A

    * Expression: 
    +-------------------------+----------+----+---+----+------------+------------+
    |      Variable Name      | Operation| DSP| FF| LUT| Bitwidth P0| Bitwidth P1|
    +-------------------------+----------+----+---+----+------------+------------+
    |add_ln58_100_fu_1156_p2  |         +|   0|  0|  13|           6|           6|
    |add_ln58_101_fu_1166_p2  |         +|   0|  0|  14|           7|           7|
    |add_ln58_102_fu_1172_p2  |         +|   0|  0|  13|           6|           6|
    |add_ln58_103_fu_1182_p2  |         +|   0|  0|  14|           7|           7|
    |add_ln58_104_fu_1772_p2  |         +|   0|  0|  15|           8|           8|
    |add_ln58_105_fu_1188_p2  |         +|   0|  0|  13|           6|           6|
    |add_ln58_106_fu_1198_p2  |         +|   0|  0|  13|           6|           6|
    |add_ln58_107_fu_1208_p2  |         +|   0|  0|  14|           7|           7|
    |add_ln58_108_fu_1214_p2  |         +|   0|  0|  13|           6|           6|
    |add_ln58_109_fu_1224_p2  |         +|   0|  0|  14|           7|           7|
    |add_ln58_10_fu_732_p2    |         +|   0|  0|  14|           7|           7|
    |add_ln58_110_fu_1788_p2  |         +|   0|  0|  15|           8|           8|
    |add_ln58_111_fu_1798_p2  |         +|   0|  0|  16|           9|           9|
    |add_ln58_112_fu_1998_p2  |         +|   0|  0|  18|          10|          10|
    |add_ln58_113_fu_1230_p2  |         +|   0|  0|  14|           7|           7|
    |add_ln58_114_fu_1807_p2  |         +|   0|  0|  15|           8|           8|
    |add_ln58_115_fu_1236_p2  |         +|   0|  0|  14|           7|           7|
    |add_ln58_116_fu_1820_p2  |         +|   0|  0|  15|           8|           8|
    |add_ln58_117_fu_1830_p2  |         +|   0|  0|  16|           9|           9|
    |add_ln58_118_fu_1242_p2  |         +|   0|  0|  14|           7|           7|
    |add_ln58_119_fu_1842_p2  |         +|   0|  0|  15|           8|           8|
    |add_ln58_11_fu_1402_p2   |         +|   0|  0|  15|           8|           8|
    |add_ln58_120_fu_1254_p2  |         +|   0|  0|  14|           7|           7|
    |add_ln58_121_fu_1260_p2  |         +|   0|  0|  14|           7|           7|
    |add_ln58_122_fu_1858_p2  |         +|   0|  0|  15|           8|           8|
    |add_ln58_123_fu_1868_p2  |         +|   0|  0|  16|           9|           9|
    |add_ln58_124_fu_2014_p2  |         +|   0|  0|  17|          10|          10|
    |add_ln58_125_fu_1266_p2  |         +|   0|  0|  16|           7|           7|
    |add_ln58_126_fu_1272_p2  |         +|   0|  0|  13|           6|           6|
    |add_ln58_127_fu_1282_p2  |         +|   0|  0|  16|           7|           7|
    |add_ln58_128_fu_1288_p2  |         +|   0|  0|  13|           6|           6|
    |add_ln58_129_fu_1298_p2  |         +|   0|  0|  14|           7|           7|
    |add_ln58_12_fu_738_p2    |         +|   0|  0|  14|           7|           7|
    |add_ln58_130_fu_1880_p2  |         +|   0|  0|  16|           9|           9|
    |add_ln58_131_fu_1304_p2  |         +|   0|  0|  13|           6|           6|
    |add_ln58_132_fu_1314_p2  |         +|   0|  0|  14|           7|           7|
    |add_ln58_133_fu_1320_p2  |         +|   0|  0|  13|           6|           6|
    |add_ln58_134_fu_1330_p2  |         +|   0|  0|  13|           6|           6|
    |add_ln58_135_fu_1340_p2  |         +|   0|  0|  14|           7|           7|
    |add_ln58_136_fu_1896_p2  |         +|   0|  0|  15|           8|           8|
    |add_ln58_137_fu_1906_p2  |         +|   0|  0|  17|          10|          10|
    |add_ln58_138_fu_2027_p2  |         +|   0|  0|  18|          11|          11|
    |add_ln58_13_fu_744_p2    |         +|   0|  0|  13|           6|           6|
    |add_ln58_14_fu_1415_p2   |         +|   0|  0|  14|           7|           7|
    |add_ln58_15_fu_1424_p2   |         +|   0|  0|  16|           9|           9|
    |add_ln58_16_fu_1918_p2   |         +|   0|  0|  17|          10|          10|
    |add_ln58_17_fu_750_p2    |         +|   0|  0|  13|           6|           6|
    |add_ln58_18_fu_760_p2    |         +|   0|  0|  13|           6|           6|
    |add_ln58_19_fu_770_p2    |         +|   0|  0|  14|           7|           7|
    |add_ln58_1_fu_586_p2     |         +|   0|  0|  14|           7|           7|
    |add_ln58_20_fu_776_p2    |         +|   0|  0|  13|           6|           6|
    |add_ln58_21_fu_786_p2    |         +|   0|  0|  13|           6|           6|
    |add_ln58_22_fu_796_p2    |         +|   0|  0|  14|           7|           7|
    |add_ln58_23_fu_1436_p2   |         +|   0|  0|  15|           8|           8|
    |add_ln58_24_fu_802_p2    |         +|   0|  0|  13|           6|           6|
    |add_ln58_25_fu_812_p2    |         +|   0|  0|  13|           6|           6|
    |add_ln58_26_fu_822_p2    |         +|   0|  0|  14|           7|           7|
    |add_ln58_27_fu_828_p2    |         +|   0|  0|  13|           6|           6|
    |add_ln58_28_fu_838_p2    |         +|   0|  0|  13|           6|           6|
    |add_ln58_29_fu_848_p2    |         +|   0|  0|  14|           7|           7|
    |add_ln58_2_fu_692_p2     |         +|   0|  0|  13|           6|           6|
    |add_ln58_30_fu_1452_p2   |         +|   0|  0|  15|           8|           8|
    |add_ln58_31_fu_1462_p2   |         +|   0|  0|  16|           9|           9|
    |add_ln58_32_fu_1931_p2   |         +|   0|  0|  18|          11|          11|
    |add_ln58_33_fu_854_p2    |         +|   0|  0|  13|           6|           6|
    |add_ln58_34_fu_1471_p2   |         +|   0|  0|  15|           8|           8|
    |add_ln58_35_fu_870_p2    |         +|   0|  0|  14|           7|           7|
    |add_ln58_36_fu_876_p2    |         +|   0|  0|  13|           6|           6|
    |add_ln58_37_fu_1487_p2   |         +|   0|  0|  15|           8|           8|
    |add_ln58_38_fu_1497_p2   |         +|   0|  0|  16|           9|           9|
    |add_ln58_39_fu_892_p2    |         +|   0|  0|  14|           7|           7|
    |add_ln58_3_fu_708_p2     |         +|   0|  0|  14|           7|           7|
    |add_ln58_40_fu_898_p2    |         +|   0|  0|  13|           6|           6|
    |add_ln58_41_fu_1509_p2   |         +|   0|  0|  15|           8|           8|
    |add_ln58_42_fu_914_p2    |         +|   0|  0|  14|           7|           7|
    |add_ln58_43_fu_920_p2    |         +|   0|  0|  14|           7|           7|
    |add_ln58_44_fu_1525_p2   |         +|   0|  0|  15|           8|           8|
    |add_ln58_45_fu_1535_p2   |         +|   0|  0|  16|           9|           9|
    |add_ln58_46_fu_1943_p2   |         +|   0|  0|  18|          10|          10|
    |add_ln58_47_fu_926_p2    |         +|   0|  0|  13|           6|           6|
    |add_ln58_48_fu_936_p2    |         +|   0|  0|  14|           7|           7|
    |add_ln58_49_fu_942_p2    |         +|   0|  0|  13|           6|           6|
    |add_ln58_4_fu_1364_p2    |         +|   0|  0|  15|           8|           8|
    |add_ln58_50_fu_952_p2    |         +|   0|  0|  14|           7|           7|
    |add_ln58_51_fu_1547_p2   |         +|   0|  0|  16|           9|           9|
    |add_ln58_52_fu_958_p2    |         +|   0|  0|  13|           6|           6|
    |add_ln58_53_fu_968_p2    |         +|   0|  0|  13|           6|           6|
    |add_ln58_54_fu_978_p2    |         +|   0|  0|  14|           7|           7|
    |add_ln58_55_fu_984_p2    |         +|   0|  0|  13|           6|           6|
    |add_ln58_56_fu_994_p2    |         +|   0|  0|  13|           6|           6|
    |add_ln58_57_fu_1004_p2   |         +|   0|  0|  14|           7|           7|
    |add_ln58_58_fu_1563_p2   |         +|   0|  0|  15|           8|           8|
    |add_ln58_59_fu_1573_p2   |         +|   0|  0|  17|          10|          10|
    |add_ln58_5_fu_714_p2     |         +|   0|  0|  14|           7|           7|
    |add_ln58_60_fu_1949_p2   |         +|   0|  0|  18|          10|          10|
    |add_ln58_61_fu_1010_p2   |         +|   0|  0|  14|           7|           7|
    |add_ln58_62_fu_1582_p2   |         +|   0|  0|  15|           8|           8|
    |add_ln58_63_fu_1016_p2   |         +|   0|  0|  14|           7|           7|
    |add_ln58_64_fu_1022_p2   |         +|   0|  0|  14|           7|           7|
    |add_ln58_65_fu_1598_p2   |         +|   0|  0|  15|           8|           8|
    |add_ln58_66_fu_1608_p2   |         +|   0|  0|  16|           9|           9|
    |add_ln58_67_fu_1028_p2   |         +|   0|  0|  13|           6|           6|
    |add_ln58_68_fu_1044_p2   |         +|   0|  0|  14|           7|           7|
    |add_ln58_69_fu_1620_p2   |         +|   0|  0|  15|           8|           8|
    |add_ln58_6_fu_720_p2     |         +|   0|  0|  14|           7|           7|
    |add_ln58_70_fu_1050_p2   |         +|   0|  0|  14|           7|           7|
    |add_ln58_71_fu_1056_p2   |         +|   0|  0|  14|           7|           7|
    |add_ln58_72_fu_1636_p2   |         +|   0|  0|  15|           8|           8|
    |add_ln58_73_fu_1646_p2   |         +|   0|  0|  16|           9|           9|
    |add_ln58_74_fu_1964_p2   |         +|   0|  0|  17|          10|          10|
    |add_ln58_75_fu_1062_p2   |         +|   0|  0|  14|           7|           7|
    |add_ln58_76_fu_1655_p2   |         +|   0|  0|  19|           8|           8|
    |add_ln58_77_fu_1068_p2   |         +|   0|  0|  13|           6|           6|
    |add_ln58_78_fu_1078_p2   |         +|   0|  0|  14|           7|           7|
    |add_ln58_79_fu_1664_p2   |         +|   0|  0|  19|           8|           8|
    |add_ln58_7_fu_1380_p2    |         +|   0|  0|  15|           8|           8|
    |add_ln58_80_fu_1084_p2   |         +|   0|  0|  13|           6|           6|
    |add_ln58_81_fu_1094_p2   |         +|   0|  0|  14|           7|           7|
    |add_ln58_82_fu_1100_p2   |         +|   0|  0|  13|           6|           6|
    |add_ln58_83_fu_1110_p2   |         +|   0|  0|  13|           6|           6|
    |add_ln58_84_fu_1120_p2   |         +|   0|  0|  14|           7|           7|
    |add_ln58_85_fu_1680_p2   |         +|   0|  0|  15|           8|           8|
    |add_ln58_86_fu_1690_p2   |         +|   0|  0|  17|          10|          10|
    |add_ln58_87_fu_1977_p2   |         +|   0|  0|  18|          11|          11|
    |add_ln58_88_fu_1126_p2   |         +|   0|  0|  14|           7|           7|
    |add_ln58_89_fu_1699_p2   |         +|   0|  0|  15|           8|           8|
    |add_ln58_8_fu_1390_p2    |         +|   0|  0|  16|           9|           9|
    |add_ln58_90_fu_1132_p2   |         +|   0|  0|  14|           7|           7|
    |add_ln58_91_fu_1138_p2   |         +|   0|  0|  14|           7|           7|
    |add_ln58_92_fu_1715_p2   |         +|   0|  0|  15|           8|           8|
    |add_ln58_93_fu_1725_p2   |         +|   0|  0|  16|           9|           9|
    |add_ln58_94_fu_1144_p2   |         +|   0|  0|  14|           7|           7|
    |add_ln58_95_fu_1734_p2   |         +|   0|  0|  15|           8|           8|
    |add_ln58_96_fu_1150_p2   |         +|   0|  0|  14|           7|           7|
    |add_ln58_97_fu_1750_p2   |         +|   0|  0|  15|           8|           8|
    |add_ln58_98_fu_1760_p2   |         +|   0|  0|  16|           9|           9|
    |add_ln58_99_fu_1989_p2   |         +|   0|  0|  18|          10|          10|
    |add_ln58_9_fu_726_p2     |         +|   0|  0|  14|           7|           7|
    |add_ln58_fu_566_p2       |         +|   0|  0|  13|           6|           6|
    |sub_ln58_1_fu_556_p2     |         -|   0|  0|  13|           6|           6|
    |sub_ln58_2_fu_702_p2     |         -|   0|  0|  14|           1|           7|
    |sub_ln58_3_fu_864_p2     |         -|   0|  0|  14|           1|           7|
    |sub_ln58_4_fu_886_p2     |         -|   0|  0|  14|           1|           7|
    |sub_ln58_5_fu_908_p2     |         -|   0|  0|  14|           1|           7|
    |sub_ln58_6_fu_1038_p2    |         -|   0|  0|  14|           1|           7|
    |sub_ln58_7_fu_1248_p2    |         -|   0|  0|  14|           1|           7|
    |sub_ln58_fu_576_p2       |         -|   0|  0|  14|           1|           7|
    |sub_ln73_10_fu_402_p2    |         -|   0|  0|  13|           1|           6|
    |sub_ln73_11_fu_412_p2    |         -|   0|  0|  13|           1|           6|
    |sub_ln73_12_fu_422_p2    |         -|   0|  0|  13|           1|           6|
    |sub_ln73_13_fu_436_p2    |         -|   0|  0|  13|           1|           6|
    |sub_ln73_14_fu_446_p2    |         -|   0|  0|  13|           1|           6|
    |sub_ln73_15_fu_460_p2    |         -|   0|  0|  13|           1|           6|
    |sub_ln73_16_fu_470_p2    |         -|   0|  0|  13|           1|           6|
    |sub_ln73_17_fu_480_p2    |         -|   0|  0|  13|           1|           6|
    |sub_ln73_18_fu_490_p2    |         -|   0|  0|  13|           1|           6|
    |sub_ln73_19_fu_500_p2    |         -|   0|  0|  13|           1|           6|
    |sub_ln73_1_fu_304_p2     |         -|   0|  0|  13|           1|           6|
    |sub_ln73_20_fu_510_p2    |         -|   0|  0|  13|           1|           6|
    |sub_ln73_21_fu_520_p2    |         -|   0|  0|  13|           1|           6|
    |sub_ln73_22_fu_530_p2    |         -|   0|  0|  13|           1|           6|
    |sub_ln73_23_fu_540_p2    |         -|   0|  0|  13|           1|           6|
    |sub_ln73_24_fu_550_p2    |         -|   0|  0|  13|           1|           6|
    |sub_ln73_2_fu_314_p2     |         -|   0|  0|  13|           1|           6|
    |sub_ln73_3_fu_324_p2     |         -|   0|  0|  13|           1|           6|
    |sub_ln73_4_fu_334_p2     |         -|   0|  0|  13|           1|           6|
    |sub_ln73_5_fu_344_p2     |         -|   0|  0|  13|           1|           6|
    |sub_ln73_6_fu_354_p2     |         -|   0|  0|  13|           1|           6|
    |sub_ln73_7_fu_364_p2     |         -|   0|  0|  13|           1|           6|
    |sub_ln73_8_fu_374_p2     |         -|   0|  0|  13|           1|           6|
    |sub_ln73_9_fu_388_p2     |         -|   0|  0|  13|           1|           6|
    |sub_ln73_fu_290_p2       |         -|   0|  0|  13|           1|           6|
    +-------------------------+----------+----+---+----+------------+------------+
    |Total                    |          |   0|  0|2461|        1074|        1241|
    +-------------------------+----------+----+---+----+------------+------------+

    * Multiplexer: 
    +-------------+----+-----------+-----+-----------+
    |     Name    | LUT| Input Size| Bits| Total Bits|
    +-------------+----+-----------+-----+-----------+
    |ap_return_0  |  14|          3|   11|         33|
    |ap_return_1  |  14|          3|   11|         33|
    |ap_return_2  |  14|          3|   11|         33|
    |ap_return_3  |  14|          3|   11|         33|
    |ap_return_4  |  14|          3|   11|         33|
    +-------------+----+-----------+-----+-----------+
    |Total        |  70|         15|   55|        165|
    +-------------+----+-----------+-----+-----------+

    * Register: 
    +-----------------------+----+----+-----+-----------+
    |          Name         | FF | LUT| Bits| Const Bits|
    +-----------------------+----+----+-----+-----------+
    |add_ln58_101_reg_2279  |   7|   0|    7|          0|
    |add_ln58_103_reg_2284  |   7|   0|    7|          0|
    |add_ln58_107_reg_2289  |   7|   0|    7|          0|
    |add_ln58_109_reg_2294  |   7|   0|    7|          0|
    |add_ln58_10_reg_2108   |   7|   0|    7|          0|
    |add_ln58_111_reg_2404  |   9|   0|    9|          0|
    |add_ln58_113_reg_2299  |   7|   0|    7|          0|
    |add_ln58_115_reg_2304  |   7|   0|    7|          0|
    |add_ln58_117_reg_2409  |   9|   0|    9|          0|
    |add_ln58_118_reg_2309  |   7|   0|    7|          0|
    |add_ln58_120_reg_2319  |   7|   0|    7|          0|
    |add_ln58_121_reg_2324  |   7|   0|    7|          0|
    |add_ln58_123_reg_2414  |   9|   0|    9|          0|
    |add_ln58_127_reg_2329  |   7|   0|    7|          0|
    |add_ln58_129_reg_2334  |   7|   0|    7|          0|
    |add_ln58_12_reg_2113   |   7|   0|    7|          0|
    |add_ln58_132_reg_2339  |   7|   0|    7|          0|
    |add_ln58_135_reg_2344  |   7|   0|    7|          0|
    |add_ln58_137_reg_2419  |  10|   0|   10|          0|
    |add_ln58_13_reg_2119   |   6|   0|    6|          0|
    |add_ln58_15_reg_2354   |   9|   0|    9|          0|
    |add_ln58_19_reg_2124   |   7|   0|    7|          0|
    |add_ln58_1_reg_2078    |   7|   0|    7|          0|
    |add_ln58_22_reg_2129   |   7|   0|    7|          0|
    |add_ln58_26_reg_2134   |   7|   0|    7|          0|
    |add_ln58_29_reg_2139   |   7|   0|    7|          0|
    |add_ln58_31_reg_2359   |   9|   0|    9|          0|
    |add_ln58_35_reg_2149   |   7|   0|    7|          0|
    |add_ln58_38_reg_2364   |   9|   0|    9|          0|
    |add_ln58_39_reg_2159   |   7|   0|    7|          0|
    |add_ln58_3_reg_2088    |   7|   0|    7|          0|
    |add_ln58_42_reg_2169   |   7|   0|    7|          0|
    |add_ln58_43_reg_2174   |   7|   0|    7|          0|
    |add_ln58_45_reg_2369   |   9|   0|    9|          0|
    |add_ln58_48_reg_2179   |   7|   0|    7|          0|
    |add_ln58_50_reg_2184   |   7|   0|    7|          0|
    |add_ln58_54_reg_2189   |   7|   0|    7|          0|
    |add_ln58_57_reg_2194   |   7|   0|    7|          0|
    |add_ln58_59_reg_2374   |  10|   0|   10|          0|
    |add_ln58_5_reg_2093    |   7|   0|    7|          0|
    |add_ln58_61_reg_2199   |   7|   0|    7|          0|
    |add_ln58_63_reg_2204   |   7|   0|    7|          0|
    |add_ln58_64_reg_2209   |   7|   0|    7|          0|
    |add_ln58_66_reg_2379   |   9|   0|    9|          0|
    |add_ln58_68_reg_2219   |   7|   0|    7|          0|
    |add_ln58_6_reg_2098    |   7|   0|    7|          0|
    |add_ln58_70_reg_2224   |   7|   0|    7|          0|
    |add_ln58_71_reg_2229   |   7|   0|    7|          0|
    |add_ln58_73_reg_2384   |   9|   0|    9|          0|
    |add_ln58_75_reg_2234   |   7|   0|    7|          0|
    |add_ln58_78_reg_2239   |   7|   0|    7|          0|
    |add_ln58_81_reg_2244   |   7|   0|    7|          0|
    |add_ln58_84_reg_2249   |   7|   0|    7|          0|
    |add_ln58_86_reg_2389   |  10|   0|   10|          0|
    |add_ln58_88_reg_2254   |   7|   0|    7|          0|
    |add_ln58_8_reg_2349    |   9|   0|    9|          0|
    |add_ln58_90_reg_2259   |   7|   0|    7|          0|
    |add_ln58_91_reg_2264   |   7|   0|    7|          0|
    |add_ln58_93_reg_2394   |   9|   0|    9|          0|
    |add_ln58_94_reg_2269   |   7|   0|    7|          0|
    |add_ln58_96_reg_2274   |   7|   0|    7|          0|
    |add_ln58_98_reg_2399   |   9|   0|    9|          0|
    |add_ln58_9_reg_2103    |   7|   0|    7|          0|
    |ap_ce_reg              |   1|   0|    1|          0|
    |ap_return_0_int_reg    |  11|   0|   11|          0|
    |ap_return_1_int_reg    |  11|   0|   11|          0|
    |ap_return_2_int_reg    |  11|   0|   11|          0|
    |ap_return_3_int_reg    |  11|   0|   11|          0|
    |ap_return_4_int_reg    |  11|   0|   11|          0|
    |data_0_val_int_reg     |   5|   0|    5|          0|
    |data_10_val_int_reg    |   5|   0|    5|          0|
    |data_11_val_int_reg    |   5|   0|    5|          0|
    |data_12_val_int_reg    |   5|   0|    5|          0|
    |data_13_val_int_reg    |   5|   0|    5|          0|
    |data_14_val_int_reg    |   5|   0|    5|          0|
    |data_15_val_int_reg    |   5|   0|    5|          0|
    |data_16_val_int_reg    |   5|   0|    5|          0|
    |data_17_val_int_reg    |   5|   0|    5|          0|
    |data_18_val_int_reg    |   5|   0|    5|          0|
    |data_19_val_int_reg    |   5|   0|    5|          0|
    |data_1_val_int_reg     |   5|   0|    5|          0|
    |data_20_val_int_reg    |   5|   0|    5|          0|
    |data_21_val_int_reg    |   5|   0|    5|          0|
    |data_22_val_int_reg    |   5|   0|    5|          0|
    |data_23_val_int_reg    |   5|   0|    5|          0|
    |data_24_val_int_reg    |   5|   0|    5|          0|
    |data_25_val_int_reg    |   5|   0|    5|          0|
    |data_26_val_int_reg    |   5|   0|    5|          0|
    |data_27_val_int_reg    |   5|   0|    5|          0|
    |data_28_val_int_reg    |   5|   0|    5|          0|
    |data_29_val_int_reg    |   5|   0|    5|          0|
    |data_2_val_int_reg     |   5|   0|    5|          0|
    |data_30_val_int_reg    |   5|   0|    5|          0|
    |data_31_val_int_reg    |   5|   0|    5|          0|
    |data_3_val_int_reg     |   5|   0|    5|          0|
    |data_4_val_int_reg     |   5|   0|    5|          0|
    |data_5_val_int_reg     |   5|   0|    5|          0|
    |data_6_val_int_reg     |   5|   0|    5|          0|
    |data_7_val_int_reg     |   5|   0|    5|          0|
    |data_8_val_int_reg     |   5|   0|    5|          0|
    |data_9_val_int_reg     |   5|   0|    5|          0|
    |sub_ln58_1_reg_2068    |   6|   0|    6|          0|
    |sub_ln58_2_reg_2083    |   7|   0|    7|          0|
    |sub_ln58_3_reg_2144    |   7|   0|    7|          0|
    |sub_ln58_4_reg_2154    |   7|   0|    7|          0|
    |sub_ln58_5_reg_2164    |   7|   0|    7|          0|
    |sub_ln58_6_reg_2214    |   7|   0|    7|          0|
    |sub_ln58_7_reg_2314    |   7|   0|    7|          0|
    |sub_ln58_reg_2073      |   7|   0|    7|          0|
    |sub_ln73_19_reg_2063   |   6|   0|    6|          0|
    +-----------------------+----+----+-----+-----------+
    |Total                  | 750|   0|  750|          0|
    +-----------------------+----+----+-----+-----------+



================================================================
== Interface
================================================================
* Summary: 
+-------------+-----+-----+------------+-----------------------------------------------------------------------------+--------------+
|  RTL Ports  | Dir | Bits|  Protocol  |                                Source Object                                |    C Type    |
+-------------+-----+-----+------------+-----------------------------------------------------------------------------+--------------+
|ap_clk       |   in|    1|  ap_ctrl_hs|  dense_latency<ap_ufixed<5, 1, 4, 0, 0>, ap_fixed<11, 7, 4, 0, 0>, config81>|  return value|
|ap_rst       |   in|    1|  ap_ctrl_hs|  dense_latency<ap_ufixed<5, 1, 4, 0, 0>, ap_fixed<11, 7, 4, 0, 0>, config81>|  return value|
|ap_return_0  |  out|   11|  ap_ctrl_hs|  dense_latency<ap_ufixed<5, 1, 4, 0, 0>, ap_fixed<11, 7, 4, 0, 0>, config81>|  return value|
|ap_return_1  |  out|   11|  ap_ctrl_hs|  dense_latency<ap_ufixed<5, 1, 4, 0, 0>, ap_fixed<11, 7, 4, 0, 0>, config81>|  return value|
|ap_return_2  |  out|   11|  ap_ctrl_hs|  dense_latency<ap_ufixed<5, 1, 4, 0, 0>, ap_fixed<11, 7, 4, 0, 0>, config81>|  return value|
|ap_return_3  |  out|   11|  ap_ctrl_hs|  dense_latency<ap_ufixed<5, 1, 4, 0, 0>, ap_fixed<11, 7, 4, 0, 0>, config81>|  return value|
|ap_return_4  |  out|   11|  ap_ctrl_hs|  dense_latency<ap_ufixed<5, 1, 4, 0, 0>, ap_fixed<11, 7, 4, 0, 0>, config81>|  return value|
|ap_ce        |   in|    1|  ap_ctrl_hs|  dense_latency<ap_ufixed<5, 1, 4, 0, 0>, ap_fixed<11, 7, 4, 0, 0>, config81>|  return value|
|data_0_val   |   in|    5|     ap_none|                                                                   data_0_val|        scalar|
|data_1_val   |   in|    5|     ap_none|                                                                   data_1_val|        scalar|
|data_2_val   |   in|    5|     ap_none|                                                                   data_2_val|        scalar|
|data_3_val   |   in|    5|     ap_none|                                                                   data_3_val|        scalar|
|data_4_val   |   in|    5|     ap_none|                                                                   data_4_val|        scalar|
|data_5_val   |   in|    5|     ap_none|                                                                   data_5_val|        scalar|
|data_6_val   |   in|    5|     ap_none|                                                                   data_6_val|        scalar|
|data_7_val   |   in|    5|     ap_none|                                                                   data_7_val|        scalar|
|data_8_val   |   in|    5|     ap_none|                                                                   data_8_val|        scalar|
|data_9_val   |   in|    5|     ap_none|                                                                   data_9_val|        scalar|
|data_10_val  |   in|    5|     ap_none|                                                                  data_10_val|        scalar|
|data_11_val  |   in|    5|     ap_none|                                                                  data_11_val|        scalar|
|data_12_val  |   in|    5|     ap_none|                                                                  data_12_val|        scalar|
|data_13_val  |   in|    5|     ap_none|                                                                  data_13_val|        scalar|
|data_14_val  |   in|    5|     ap_none|                                                                  data_14_val|        scalar|
|data_15_val  |   in|    5|     ap_none|                                                                  data_15_val|        scalar|
|data_16_val  |   in|    5|     ap_none|                                                                  data_16_val|        scalar|
|data_17_val  |   in|    5|     ap_none|                                                                  data_17_val|        scalar|
|data_18_val  |   in|    5|     ap_none|                                                                  data_18_val|        scalar|
|data_19_val  |   in|    5|     ap_none|                                                                  data_19_val|        scalar|
|data_20_val  |   in|    5|     ap_none|                                                                  data_20_val|        scalar|
|data_21_val  |   in|    5|     ap_none|                                                                  data_21_val|        scalar|
|data_22_val  |   in|    5|     ap_none|                                                                  data_22_val|        scalar|
|data_23_val  |   in|    5|     ap_none|                                                                  data_23_val|        scalar|
|data_24_val  |   in|    5|     ap_none|                                                                  data_24_val|        scalar|
|data_25_val  |   in|    5|     ap_none|                                                                  data_25_val|        scalar|
|data_26_val  |   in|    5|     ap_none|                                                                  data_26_val|        scalar|
|data_27_val  |   in|    5|     ap_none|                                                                  data_27_val|        scalar|
|data_28_val  |   in|    5|     ap_none|                                                                  data_28_val|        scalar|
|data_29_val  |   in|    5|     ap_none|                                                                  data_29_val|        scalar|
|data_30_val  |   in|    5|     ap_none|                                                                  data_30_val|        scalar|
|data_31_val  |   in|    5|     ap_none|                                                                  data_31_val|        scalar|
+-------------+-----+-----+------------+-----------------------------------------------------------------------------+--------------+

