

================================================================
== Vitis HLS Report for 'normalize_ap_fixed_11_7_4_0_0_ap_fixed_22_6_5_3_0_config83_s'
================================================================
* Date:           Thu Aug 13 16:50:35 2026

* Version:        2023.2 (Build 4023990 on Oct 11 2023)
* Project:        myproject_prj
* Solution:       solution1 (Vivado IP Flow Target)
* Product family: virtexuplus
* Target device:  xcvu13p-flga2577-2-e


================================================================
== Performance Estimates
================================================================
+ Timing: 
    * Summary: 
    +--------+---------+----------+------------+
    |  Clock |  Target | Estimated| Uncertainty|
    +--------+---------+----------+------------+
    |ap_clk  |  2.50 ns|  1.041 ns|     0.68 ns|
    +--------+---------+----------+------------+

+ Latency: 
    * Summary: 
    +---------+---------+----------+----------+-----+-----+---------+
    |  Latency (cycles) |  Latency (absolute) |  Interval | Pipeline|
    |   min   |   max   |    min   |    max   | min | max |   Type  |
    +---------+---------+----------+----------+-----+-----+---------+
    |        2|        2|  5.000 ns|  5.000 ns|    1|    1|      yes|
    +---------+---------+----------+----------+-----+-----+---------+

    + Detail: 
        * Instance: 
        N/A

        * Loop: 
        N/A



================================================================
== Utilization Estimates
================================================================
* Summary: 
+---------------------+---------+-------+---------+---------+------+
|         Name        | BRAM_18K|  DSP  |    FF   |   LUT   | URAM |
+---------------------+---------+-------+---------+---------+------+
|DSP                  |        -|      -|        -|        -|     -|
|Expression           |        -|      -|        0|      145|     -|
|FIFO                 |        -|      -|        -|        -|     -|
|Instance             |        -|      5|      235|        5|     -|
|Memory               |        -|      -|        -|        -|     -|
|Multiplexer          |        -|      -|        -|       70|     -|
|Register             |        -|      -|      216|        -|     -|
+---------------------+---------+-------+---------+---------+------+
|Total                |        0|      5|      451|      220|     0|
+---------------------+---------+-------+---------+---------+------+
|Available SLR        |     1344|   3072|   864000|   432000|   320|
+---------------------+---------+-------+---------+---------+------+
|Utilization SLR (%)  |        0|     ~0|       ~0|       ~0|     0|
+---------------------+---------+-------+---------+---------+------+
|Available            |     5376|  12288|  3456000|  1728000|  1280|
+---------------------+---------+-------+---------+---------+------+
|Utilization (%)      |        0|     ~0|       ~0|       ~0|     0|
+---------------------+---------+-------+---------+---------+------+

+ Detail: 
    * Instance: 
    +---------------------------+--------------------+---------+----+----+----+-----+
    |          Instance         |       Module       | BRAM_18K| DSP| FF | LUT| URAM|
    +---------------------------+--------------------+---------+----+----+----+-----+
    |mul_11s_6ns_16_2_0_U36069  |mul_11s_6ns_16_2_0  |        0|   1|  47|   1|    0|
    |mul_11s_6ns_16_2_0_U36070  |mul_11s_6ns_16_2_0  |        0|   1|  47|   1|    0|
    |mul_11s_6ns_16_2_0_U36071  |mul_11s_6ns_16_2_0  |        0|   1|  47|   1|    0|
    |mul_11s_6ns_16_2_0_U36072  |mul_11s_6ns_16_2_0  |        0|   1|  47|   1|    0|
    |mul_11s_6ns_16_2_0_U36073  |mul_11s_6ns_16_2_0  |        0|   1|  47|   1|    0|
    +---------------------------+--------------------+---------+----+----+----+-----+
    |Total                      |                    |        0|   5| 235|   5|    0|
    +---------------------------+--------------------+---------+----+----+----+-----+

    * DSP: 
    N/A

    * Memory: 
    N/A

    * FIFO: 
    N/A

    * Expression: 
    +-------------------------+----------+----+---+----+------------+------------+
    |      Variable Name      | Operation| DSP| FF| LUT| Bitwidth P0| Bitwidth P1|
    +-------------------------+----------+----+---+----+------------+------------+
    |add_ln59_2799_fu_260_p2  |         +|   0|  0|  29|          22|          13|
    |add_ln59_2800_fu_273_p2  |         +|   0|  0|  29|          22|          13|
    |add_ln59_2801_fu_286_p2  |         +|   0|  0|  29|          22|          15|
    |add_ln59_2802_fu_299_p2  |         +|   0|  0|  29|          22|          11|
    |add_ln59_fu_247_p2       |         +|   0|  0|  29|          22|          14|
    +-------------------------+----------+----+---+----+------------+------------+
    |Total                    |          |   0|  0| 145|         110|          66|
    +-------------------------+----------+----+---+----+------------+------------+

    * Multiplexer: 
    +-------------+----+-----------+-----+-----------+
    |     Name    | LUT| Input Size| Bits| Total Bits|
    +-------------+----+-----------+-----+-----------+
    |ap_return_0  |  14|          3|   22|         66|
    |ap_return_1  |  14|          3|   22|         66|
    |ap_return_2  |  14|          3|   22|         66|
    |ap_return_3  |  14|          3|   22|         66|
    |ap_return_4  |  14|          3|   22|         66|
    +-------------+----+-----------+-----+-----------+
    |Total        |  70|         15|  110|        330|
    +-------------+----+-----------+-----+-----------+

    * Register: 
    +-----------------------+----+----+-----+-----------+
    |          Name         | FF | LUT| Bits| Const Bits|
    +-----------------------+----+----+-----+-----------+
    |ap_ce_reg              |   1|   0|    1|          0|
    |ap_return_0_int_reg    |  16|   0|   22|          6|
    |ap_return_1_int_reg    |  16|   0|   22|          6|
    |ap_return_2_int_reg    |  16|   0|   22|          6|
    |ap_return_3_int_reg    |  16|   0|   22|          6|
    |ap_return_4_int_reg    |  16|   0|   22|          6|
    |data_0_val_int_reg     |  11|   0|   11|          0|
    |data_1_val_int_reg     |  11|   0|   11|          0|
    |data_2_val_int_reg     |  11|   0|   11|          0|
    |data_3_val_int_reg     |  11|   0|   11|          0|
    |data_4_val_int_reg     |  11|   0|   11|          0|
    |mul_ln73_2807_reg_365  |  16|   0|   16|          0|
    |mul_ln73_2808_reg_370  |  16|   0|   16|          0|
    |mul_ln73_2809_reg_375  |  16|   0|   16|          0|
    |mul_ln73_2810_reg_380  |  16|   0|   16|          0|
    |mul_ln73_reg_360       |  16|   0|   16|          0|
    +-----------------------+----+----+-----+-----------+
    |Total                  | 216|   0|  246|         30|
    +-----------------------+----+----+-----+-----------+



================================================================
== Interface
================================================================
* Summary: 
+-------------+-----+-----+------------+-------------------------------------------------------------------------+--------------+
|  RTL Ports  | Dir | Bits|  Protocol  |                              Source Object                              |    C Type    |
+-------------+-----+-----+------------+-------------------------------------------------------------------------+--------------+
|ap_clk       |   in|    1|  ap_ctrl_hs|  normalize<ap_fixed<11, 7, 4, 0, 0>, ap_fixed<22, 6, 5, 3, 0>, config83>|  return value|
|ap_rst       |   in|    1|  ap_ctrl_hs|  normalize<ap_fixed<11, 7, 4, 0, 0>, ap_fixed<22, 6, 5, 3, 0>, config83>|  return value|
|ap_return_0  |  out|   22|  ap_ctrl_hs|  normalize<ap_fixed<11, 7, 4, 0, 0>, ap_fixed<22, 6, 5, 3, 0>, config83>|  return value|
|ap_return_1  |  out|   22|  ap_ctrl_hs|  normalize<ap_fixed<11, 7, 4, 0, 0>, ap_fixed<22, 6, 5, 3, 0>, config83>|  return value|
|ap_return_2  |  out|   22|  ap_ctrl_hs|  normalize<ap_fixed<11, 7, 4, 0, 0>, ap_fixed<22, 6, 5, 3, 0>, config83>|  return value|
|ap_return_3  |  out|   22|  ap_ctrl_hs|  normalize<ap_fixed<11, 7, 4, 0, 0>, ap_fixed<22, 6, 5, 3, 0>, config83>|  return value|
|ap_return_4  |  out|   22|  ap_ctrl_hs|  normalize<ap_fixed<11, 7, 4, 0, 0>, ap_fixed<22, 6, 5, 3, 0>, config83>|  return value|
|ap_ce        |   in|    1|  ap_ctrl_hs|  normalize<ap_fixed<11, 7, 4, 0, 0>, ap_fixed<22, 6, 5, 3, 0>, config83>|  return value|
|data_0_val   |   in|   11|     ap_none|                                                               data_0_val|        scalar|
|data_1_val   |   in|   11|     ap_none|                                                               data_1_val|        scalar|
|data_2_val   |   in|   11|     ap_none|                                                               data_2_val|        scalar|
|data_3_val   |   in|   11|     ap_none|                                                               data_3_val|        scalar|
|data_4_val   |   in|   11|     ap_none|                                                               data_4_val|        scalar|
+-------------+-----+-----+------------+-------------------------------------------------------------------------+--------------+

