

================================================================
== Vitis HLS Report for 'softmax_stable_ap_fixed_ap_ufixed_10_1_4_0_0_softmax_config19_s'
================================================================
* Date:           Thu Aug 13 16:09:52 2026

* Version:        2023.2 (Build 4023990 on Oct 11 2023)
* Project:        myproject_prj
* Solution:       solution1 (Vivado IP Flow Target)
* Product family: virtexuplus
* Target device:  xcvu13p-flga2577-2-e


================================================================
== Performance Estimates
================================================================
+ Timing: 
    * Summary: 
    +--------+---------+----------+------------+
    |  Clock |  Target | Estimated| Uncertainty|
    +--------+---------+----------+------------+
    |ap_clk  |  2.50 ns|  1.825 ns|     0.68 ns|
    +--------+---------+----------+------------+

+ Latency: 
    * Summary: 
    +---------+---------+-----------+-----------+-----+-----+---------+
    |  Latency (cycles) |   Latency (absolute)  |  Interval | Pipeline|
    |   min   |   max   |    min    |    max    | min | max |   Type  |
    +---------+---------+-----------+-----------+-----+-----+---------+
    |       14|       14|  35.000 ns|  35.000 ns|    1|    1|      yes|
    +---------+---------+-----------+-----------+-----+-----+---------+

    + Detail: 
        * Instance: 
        N/A

        * Loop: 
        N/A



================================================================
== Utilization Estimates
================================================================
* Summary: 
+---------------------+---------+-------+---------+---------+------+
|         Name        | BRAM_18K|  DSP  |    FF   |   LUT   | URAM |
+---------------------+---------+-------+---------+---------+------+
|DSP                  |        -|      -|        -|        -|     -|
|Expression           |        -|      -|        0|     1920|     -|
|FIFO                 |        -|      -|        -|        -|     -|
|Instance             |        -|      8|      600|        8|     -|
|Memory               |        8|      -|        0|        0|     -|
|Multiplexer          |        -|      -|        -|        -|     -|
|Register             |        -|      -|     2124|      512|     -|
+---------------------+---------+-------+---------+---------+------+
|Total                |        8|      8|     2724|     2440|     0|
+---------------------+---------+-------+---------+---------+------+
|Available SLR        |     1344|   3072|   864000|   432000|   320|
+---------------------+---------+-------+---------+---------+------+
|Utilization SLR (%)  |       ~0|     ~0|       ~0|       ~0|     0|
+---------------------+---------+-------+---------+---------+------+
|Available            |     5376|  12288|  3456000|  1728000|  1280|
+---------------------+---------+-------+---------+---------+------+
|Utilization (%)      |       ~0|     ~0|       ~0|       ~0|     0|
+---------------------+---------+-------+---------+---------+------+

+ Detail: 
    * Instance: 
    +----------------------------+----------------------+---------+----+----+----+-----+
    |          Instance          |        Module        | BRAM_18K| DSP| FF | LUT| URAM|
    +----------------------------+----------------------+---------+----+----+----+-----+
    |mul_18ns_12ns_30_2_1_U7455  |mul_18ns_12ns_30_2_1  |        0|   1|  75|   1|    0|
    |mul_18ns_12ns_30_2_1_U7456  |mul_18ns_12ns_30_2_1  |        0|   1|  75|   1|    0|
    |mul_18ns_12ns_30_2_1_U7457  |mul_18ns_12ns_30_2_1  |        0|   1|  75|   1|    0|
    |mul_18ns_12ns_30_2_1_U7458  |mul_18ns_12ns_30_2_1  |        0|   1|  75|   1|    0|
    |mul_18ns_12ns_30_2_1_U7459  |mul_18ns_12ns_30_2_1  |        0|   1|  75|   1|    0|
    |mul_18ns_12ns_30_2_1_U7460  |mul_18ns_12ns_30_2_1  |        0|   1|  75|   1|    0|
    |mul_18ns_12ns_30_2_1_U7461  |mul_18ns_12ns_30_2_1  |        0|   1|  75|   1|    0|
    |mul_18ns_12ns_30_2_1_U7462  |mul_18ns_12ns_30_2_1  |        0|   1|  75|   1|    0|
    +----------------------------+----------------------+---------+----+----+----+-----+
    |Total                       |                      |        0|   8| 600|   8|    0|
    +----------------------------+----------------------+---------+----+----+----+-----+

    * DSP: 
    N/A

    * Memory: 
    +------------------+----------------------------------------------------------------------------------+---------+---+----+-----+------+-----+------+-------------+
    |      Memory      |                                      Module                                      | BRAM_18K| FF| LUT| URAM| Words| Bits| Banks| W*Bits*Banks|
    +------------------+----------------------------------------------------------------------------------+---------+---+----+-----+------+-----+------+-------------+
    |exp_table_1_U     |softmax_stable_ap_fixed_ap_ufixed_10_1_4_0_0_softmax_config19_s_exp_table_1_Rbkb  |        4|  0|   0|    0|  1024|   12|     1|        12288|
    |invert_table_1_U  |softmax_stable_ap_fixed_ap_ufixed_10_1_4_0_0_softmax_config19_s_invert_table_cud  |        4|  0|   0|    0|  4096|   12|     1|        49152|
    +------------------+----------------------------------------------------------------------------------+---------+---+----+-----+------+-----+------+-------------+
    |Total             |                                                                                  |        8|  0|   0|    0|  5120|   24|     2|        61440|
    +------------------+----------------------------------------------------------------------------------+---------+---+----+-----+------+-----+------+-------------+

    * FIFO: 
    N/A

    * Expression: 
    +----------------------------+----------+----+---+----+------------+------------+
    |        Variable Name       | Operation| DSP| FF| LUT| Bitwidth P0| Bitwidth P1|
    +----------------------------+----------+----+---+----+------------+------------+
    |add_ln248_10_fu_1149_p2     |         +|   0|  0|  17|          10|          10|
    |add_ln248_11_fu_1299_p2     |         +|   0|  0|  17|          10|          10|
    |add_ln248_12_fu_1449_p2     |         +|   0|  0|  17|          10|          10|
    |add_ln248_13_fu_1599_p2     |         +|   0|  0|  17|          10|          10|
    |add_ln248_14_fu_1749_p2     |         +|   0|  0|  17|          10|          10|
    |add_ln248_8_fu_849_p2       |         +|   0|  0|  17|          10|          10|
    |add_ln248_9_fu_999_p2       |         +|   0|  0|  17|          10|          10|
    |add_ln248_fu_699_p2         |         +|   0|  0|  17|          10|          10|
    |add_ln264_fu_2122_p2        |         +|   0|  0|  19|          12|          12|
    |add_ln270_10_fu_2618_p2     |         +|   0|  0|  17|          10|          10|
    |add_ln270_11_fu_2716_p2     |         +|   0|  0|  17|          10|          10|
    |add_ln270_12_fu_2814_p2     |         +|   0|  0|  17|          10|          10|
    |add_ln270_13_fu_2912_p2     |         +|   0|  0|  17|          10|          10|
    |add_ln270_14_fu_3010_p2     |         +|   0|  0|  17|          10|          10|
    |add_ln270_8_fu_2422_p2      |         +|   0|  0|  17|          10|          10|
    |add_ln270_9_fu_2520_p2      |         +|   0|  0|  17|          10|          10|
    |add_ln270_fu_2324_p2        |         +|   0|  0|  17|          10|          10|
    |add_ln51_10_fu_2007_p2      |         +|   0|  0|  27|          20|          20|
    |add_ln51_11_fu_2017_p2      |         +|   0|  0|  26|          19|          19|
    |add_ln51_12_fu_2027_p2      |         +|   0|  0|  26|          19|          19|
    |add_ln51_13_fu_2043_p2      |         +|   0|  0|  27|          20|          20|
    |add_ln51_14_fu_2053_p2      |         +|   0|  0|  17|          10|          10|
    |add_ln51_15_fu_2001_p2      |         +|   0|  0|  26|          19|          19|
    |add_ln51_16_fu_2037_p2      |         +|   0|  0|  26|          19|          19|
    |add_ln51_8_fu_1981_p2       |         +|   0|  0|  26|          19|          19|
    |add_ln51_9_fu_1991_p2       |         +|   0|  0|  26|          19|          19|
    |add_ln51_fu_2076_p2         |         +|   0|  0|  28|          21|          21|
    |sub_ln248_10_fu_489_p2      |         -|   0|  0|  23|          16|          16|
    |sub_ln248_11_fu_524_p2      |         -|   0|  0|  23|          16|          16|
    |sub_ln248_12_fu_559_p2      |         -|   0|  0|  23|          16|          16|
    |sub_ln248_13_fu_594_p2      |         -|   0|  0|  23|          16|          16|
    |sub_ln248_14_fu_629_p2      |         -|   0|  0|  23|          16|          16|
    |sub_ln248_8_fu_419_p2       |         -|   0|  0|  23|          16|          16|
    |sub_ln248_9_fu_454_p2       |         -|   0|  0|  23|          16|          16|
    |sub_ln248_fu_384_p2         |         -|   0|  0|  23|          16|          16|
    |and_ln248_56_fu_719_p2      |       and|   0|  0|   2|           1|           1|
    |and_ln248_57_fu_766_p2      |       and|   0|  0|   2|           1|           1|
    |and_ln248_58_fu_772_p2      |       and|   0|  0|   2|           1|           1|
    |and_ln248_59_fu_784_p2      |       and|   0|  0|   2|           1|           1|
    |and_ln248_60_fu_839_p2      |       and|   0|  0|   2|           1|           1|
    |and_ln248_61_fu_869_p2      |       and|   0|  0|   2|           1|           1|
    |and_ln248_62_fu_916_p2      |       and|   0|  0|   2|           1|           1|
    |and_ln248_63_fu_922_p2      |       and|   0|  0|   2|           1|           1|
    |and_ln248_64_fu_934_p2      |       and|   0|  0|   2|           1|           1|
    |and_ln248_65_fu_989_p2      |       and|   0|  0|   2|           1|           1|
    |and_ln248_66_fu_1019_p2     |       and|   0|  0|   2|           1|           1|
    |and_ln248_67_fu_1066_p2     |       and|   0|  0|   2|           1|           1|
    |and_ln248_68_fu_1072_p2     |       and|   0|  0|   2|           1|           1|
    |and_ln248_69_fu_1084_p2     |       and|   0|  0|   2|           1|           1|
    |and_ln248_70_fu_1139_p2     |       and|   0|  0|   2|           1|           1|
    |and_ln248_71_fu_1169_p2     |       and|   0|  0|   2|           1|           1|
    |and_ln248_72_fu_1216_p2     |       and|   0|  0|   2|           1|           1|
    |and_ln248_73_fu_1222_p2     |       and|   0|  0|   2|           1|           1|
    |and_ln248_74_fu_1234_p2     |       and|   0|  0|   2|           1|           1|
    |and_ln248_75_fu_1289_p2     |       and|   0|  0|   2|           1|           1|
    |and_ln248_76_fu_1319_p2     |       and|   0|  0|   2|           1|           1|
    |and_ln248_77_fu_1366_p2     |       and|   0|  0|   2|           1|           1|
    |and_ln248_78_fu_1372_p2     |       and|   0|  0|   2|           1|           1|
    |and_ln248_79_fu_1384_p2     |       and|   0|  0|   2|           1|           1|
    |and_ln248_80_fu_1439_p2     |       and|   0|  0|   2|           1|           1|
    |and_ln248_81_fu_1469_p2     |       and|   0|  0|   2|           1|           1|
    |and_ln248_82_fu_1516_p2     |       and|   0|  0|   2|           1|           1|
    |and_ln248_83_fu_1522_p2     |       and|   0|  0|   2|           1|           1|
    |and_ln248_84_fu_1534_p2     |       and|   0|  0|   2|           1|           1|
    |and_ln248_85_fu_1589_p2     |       and|   0|  0|   2|           1|           1|
    |and_ln248_86_fu_1619_p2     |       and|   0|  0|   2|           1|           1|
    |and_ln248_87_fu_1666_p2     |       and|   0|  0|   2|           1|           1|
    |and_ln248_88_fu_1672_p2     |       and|   0|  0|   2|           1|           1|
    |and_ln248_89_fu_1684_p2     |       and|   0|  0|   2|           1|           1|
    |and_ln248_90_fu_1739_p2     |       and|   0|  0|   2|           1|           1|
    |and_ln248_91_fu_1769_p2     |       and|   0|  0|   2|           1|           1|
    |and_ln248_92_fu_1816_p2     |       and|   0|  0|   2|           1|           1|
    |and_ln248_93_fu_1822_p2     |       and|   0|  0|   2|           1|           1|
    |and_ln248_94_fu_1834_p2     |       and|   0|  0|   2|           1|           1|
    |and_ln248_fu_689_p2         |       and|   0|  0|   2|           1|           1|
    |and_ln264_2_fu_2148_p2      |       and|   0|  0|   2|           1|           1|
    |and_ln264_fu_2112_p2        |       and|   0|  0|   2|           1|           1|
    |and_ln270_16_fu_2344_p2     |       and|   0|  0|   2|           1|           1|
    |and_ln270_17_fu_2412_p2     |       and|   0|  0|   2|           1|           1|
    |and_ln270_18_fu_2442_p2     |       and|   0|  0|   2|           1|           1|
    |and_ln270_19_fu_2510_p2     |       and|   0|  0|   2|           1|           1|
    |and_ln270_20_fu_2540_p2     |       and|   0|  0|   2|           1|           1|
    |and_ln270_21_fu_2608_p2     |       and|   0|  0|   2|           1|           1|
    |and_ln270_22_fu_2638_p2     |       and|   0|  0|   2|           1|           1|
    |and_ln270_23_fu_2706_p2     |       and|   0|  0|   2|           1|           1|
    |and_ln270_24_fu_2736_p2     |       and|   0|  0|   2|           1|           1|
    |and_ln270_25_fu_2804_p2     |       and|   0|  0|   2|           1|           1|
    |and_ln270_26_fu_2834_p2     |       and|   0|  0|   2|           1|           1|
    |and_ln270_27_fu_2902_p2     |       and|   0|  0|   2|           1|           1|
    |and_ln270_28_fu_2932_p2     |       and|   0|  0|   2|           1|           1|
    |and_ln270_29_fu_3000_p2     |       and|   0|  0|   2|           1|           1|
    |and_ln270_30_fu_3030_p2     |       and|   0|  0|   2|           1|           1|
    |and_ln270_fu_2314_p2        |       and|   0|  0|   2|           1|           1|
    |icmp_ln248_32_fu_437_p2     |      icmp|   0|  0|  12|           4|           1|
    |icmp_ln248_33_fu_472_p2     |      icmp|   0|  0|  12|           4|           1|
    |icmp_ln248_34_fu_507_p2     |      icmp|   0|  0|  12|           4|           1|
    |icmp_ln248_35_fu_542_p2     |      icmp|   0|  0|  12|           4|           1|
    |icmp_ln248_36_fu_577_p2     |      icmp|   0|  0|  12|           4|           1|
    |icmp_ln248_37_fu_612_p2     |      icmp|   0|  0|  12|           4|           1|
    |icmp_ln248_38_fu_647_p2     |      icmp|   0|  0|  12|           4|           1|
    |icmp_ln248_fu_402_p2        |      icmp|   0|  0|  12|           4|           1|
    |icmp_ln264_fu_2061_p2       |      icmp|   0|  0|  15|           8|           1|
    |icmp_ln270_10_fu_2590_p2    |      icmp|   0|  0|  25|          18|           1|
    |icmp_ln270_11_fu_2688_p2    |      icmp|   0|  0|  25|          18|           1|
    |icmp_ln270_12_fu_2786_p2    |      icmp|   0|  0|  25|          18|           1|
    |icmp_ln270_13_fu_2884_p2    |      icmp|   0|  0|  25|          18|           1|
    |icmp_ln270_14_fu_2982_p2    |      icmp|   0|  0|  25|          18|           1|
    |icmp_ln270_8_fu_2394_p2     |      icmp|   0|  0|  25|          18|           1|
    |icmp_ln270_9_fu_2492_p2     |      icmp|   0|  0|  25|          18|           1|
    |icmp_ln270_fu_2296_p2       |      icmp|   0|  0|  25|          18|           1|
    |icmp_ln66_10_fu_272_p2      |      icmp|   0|  0|  22|          15|          15|
    |icmp_ln66_11_fu_342_p2      |      icmp|   0|  0|  22|          15|          15|
    |icmp_ln66_12_fu_362_p2      |      icmp|   0|  0|  22|          15|          15|
    |icmp_ln66_7_fu_260_p2       |      icmp|   0|  0|  22|          15|          15|
    |icmp_ln66_8_fu_300_p2       |      icmp|   0|  0|  22|          15|          15|
    |icmp_ln66_9_fu_266_p2       |      icmp|   0|  0|  22|          15|          15|
    |icmp_ln66_fu_254_p2         |      icmp|   0|  0|  22|          15|          15|
    |or_ln248_24_fu_748_p2       |        or|   0|  0|   2|           1|           1|
    |or_ln248_25_fu_760_p2       |        or|   0|  0|   2|           1|           1|
    |or_ln248_26_fu_797_p2       |        or|   0|  0|   2|           1|           1|
    |or_ln248_27_fu_834_p2       |        or|   0|  0|   2|           1|           1|
    |or_ln248_28_fu_898_p2       |        or|   0|  0|   2|           1|           1|
    |or_ln248_29_fu_910_p2       |        or|   0|  0|   2|           1|           1|
    |or_ln248_30_fu_947_p2       |        or|   0|  0|   2|           1|           1|
    |or_ln248_31_fu_984_p2       |        or|   0|  0|   2|           1|           1|
    |or_ln248_32_fu_1048_p2      |        or|   0|  0|   2|           1|           1|
    |or_ln248_33_fu_1060_p2      |        or|   0|  0|   2|           1|           1|
    |or_ln248_34_fu_1097_p2      |        or|   0|  0|   2|           1|           1|
    |or_ln248_35_fu_1134_p2      |        or|   0|  0|   2|           1|           1|
    |or_ln248_36_fu_1198_p2      |        or|   0|  0|   2|           1|           1|
    |or_ln248_37_fu_1210_p2      |        or|   0|  0|   2|           1|           1|
    |or_ln248_38_fu_1247_p2      |        or|   0|  0|   2|           1|           1|
    |or_ln248_39_fu_1284_p2      |        or|   0|  0|   2|           1|           1|
    |or_ln248_40_fu_1348_p2      |        or|   0|  0|   2|           1|           1|
    |or_ln248_41_fu_1360_p2      |        or|   0|  0|   2|           1|           1|
    |or_ln248_42_fu_1397_p2      |        or|   0|  0|   2|           1|           1|
    |or_ln248_43_fu_1434_p2      |        or|   0|  0|   2|           1|           1|
    |or_ln248_44_fu_1498_p2      |        or|   0|  0|   2|           1|           1|
    |or_ln248_45_fu_1510_p2      |        or|   0|  0|   2|           1|           1|
    |or_ln248_46_fu_1547_p2      |        or|   0|  0|   2|           1|           1|
    |or_ln248_47_fu_1584_p2      |        or|   0|  0|   2|           1|           1|
    |or_ln248_48_fu_1648_p2      |        or|   0|  0|   2|           1|           1|
    |or_ln248_49_fu_1660_p2      |        or|   0|  0|   2|           1|           1|
    |or_ln248_50_fu_1697_p2      |        or|   0|  0|   2|           1|           1|
    |or_ln248_51_fu_1734_p2      |        or|   0|  0|   2|           1|           1|
    |or_ln248_52_fu_1798_p2      |        or|   0|  0|   2|           1|           1|
    |or_ln248_53_fu_1810_p2      |        or|   0|  0|   2|           1|           1|
    |or_ln248_54_fu_1847_p2      |        or|   0|  0|   2|           1|           1|
    |or_ln248_fu_684_p2          |        or|   0|  0|   2|           1|           1|
    |or_ln264_fu_2107_p2         |        or|   0|  0|   2|           1|           1|
    |or_ln270_16_fu_2357_p2      |        or|   0|  0|   2|           1|           1|
    |or_ln270_17_fu_2406_p2      |        or|   0|  0|   2|           1|           1|
    |or_ln270_18_fu_2455_p2      |        or|   0|  0|   2|           1|           1|
    |or_ln270_19_fu_2504_p2      |        or|   0|  0|   2|           1|           1|
    |or_ln270_20_fu_2553_p2      |        or|   0|  0|   2|           1|           1|
    |or_ln270_21_fu_2602_p2      |        or|   0|  0|   2|           1|           1|
    |or_ln270_22_fu_2651_p2      |        or|   0|  0|   2|           1|           1|
    |or_ln270_23_fu_2700_p2      |        or|   0|  0|   2|           1|           1|
    |or_ln270_24_fu_2749_p2      |        or|   0|  0|   2|           1|           1|
    |or_ln270_25_fu_2798_p2      |        or|   0|  0|   2|           1|           1|
    |or_ln270_26_fu_2847_p2      |        or|   0|  0|   2|           1|           1|
    |or_ln270_27_fu_2896_p2      |        or|   0|  0|   2|           1|           1|
    |or_ln270_28_fu_2945_p2      |        or|   0|  0|   2|           1|           1|
    |or_ln270_29_fu_2994_p2      |        or|   0|  0|   2|           1|           1|
    |or_ln270_30_fu_3043_p2      |        or|   0|  0|   2|           1|           1|
    |or_ln270_fu_2308_p2         |        or|   0|  0|   2|           1|           1|
    |d_xi_xmax_22_fu_953_p3      |    select|   0|  0|  10|           1|          10|
    |d_xi_xmax_23_fu_1103_p3     |    select|   0|  0|  10|           1|          10|
    |d_xi_xmax_24_fu_1253_p3     |    select|   0|  0|  10|           1|          10|
    |d_xi_xmax_25_fu_1403_p3     |    select|   0|  0|  10|           1|          10|
    |d_xi_xmax_26_fu_1553_p3     |    select|   0|  0|  10|           1|          10|
    |d_xi_xmax_27_fu_1703_p3     |    select|   0|  0|  10|           1|          10|
    |d_xi_xmax_28_fu_1853_p3     |    select|   0|  0|  10|           1|          10|
    |d_xi_xmax_fu_803_p3         |    select|   0|  0|  10|           1|          10|
    |select_ln248_32_fu_736_p3   |    select|   0|  0|   2|           1|           1|
    |select_ln248_33_fu_789_p3   |    select|   0|  0|  11|           1|           9|
    |select_ln248_35_fu_879_p3   |    select|   0|  0|   2|           1|           1|
    |select_ln248_36_fu_886_p3   |    select|   0|  0|   2|           1|           1|
    |select_ln248_37_fu_939_p3   |    select|   0|  0|  11|           1|           9|
    |select_ln248_39_fu_1029_p3  |    select|   0|  0|   2|           1|           1|
    |select_ln248_40_fu_1036_p3  |    select|   0|  0|   2|           1|           1|
    |select_ln248_41_fu_1089_p3  |    select|   0|  0|  11|           1|           9|
    |select_ln248_43_fu_1179_p3  |    select|   0|  0|   2|           1|           1|
    |select_ln248_44_fu_1186_p3  |    select|   0|  0|   2|           1|           1|
    |select_ln248_45_fu_1239_p3  |    select|   0|  0|  11|           1|           9|
    |select_ln248_47_fu_1329_p3  |    select|   0|  0|   2|           1|           1|
    |select_ln248_48_fu_1336_p3  |    select|   0|  0|   2|           1|           1|
    |select_ln248_49_fu_1389_p3  |    select|   0|  0|  11|           1|           9|
    |select_ln248_51_fu_1479_p3  |    select|   0|  0|   2|           1|           1|
    |select_ln248_52_fu_1486_p3  |    select|   0|  0|   2|           1|           1|
    |select_ln248_53_fu_1539_p3  |    select|   0|  0|  11|           1|           9|
    |select_ln248_55_fu_1629_p3  |    select|   0|  0|   2|           1|           1|
    |select_ln248_56_fu_1636_p3  |    select|   0|  0|   2|           1|           1|
    |select_ln248_57_fu_1689_p3  |    select|   0|  0|  11|           1|           9|
    |select_ln248_59_fu_1779_p3  |    select|   0|  0|   2|           1|           1|
    |select_ln248_60_fu_1786_p3  |    select|   0|  0|   2|           1|           1|
    |select_ln248_61_fu_1839_p3  |    select|   0|  0|  11|           1|           9|
    |select_ln248_fu_729_p3      |    select|   0|  0|   2|           1|           1|
    |select_ln264_fu_2154_p3     |    select|   0|  0|  12|           1|           2|
    |select_ln270_10_fu_2657_p3  |    select|   0|  0|  10|           1|           2|
    |select_ln270_11_fu_2755_p3  |    select|   0|  0|  10|           1|           2|
    |select_ln270_12_fu_2853_p3  |    select|   0|  0|  10|           1|           2|
    |select_ln270_13_fu_2951_p3  |    select|   0|  0|  10|           1|           2|
    |select_ln270_14_fu_3049_p3  |    select|   0|  0|  10|           1|           2|
    |select_ln270_8_fu_2461_p3   |    select|   0|  0|  10|           1|           2|
    |select_ln270_9_fu_2559_p3   |    select|   0|  0|  10|           1|           2|
    |select_ln270_fu_2363_p3     |    select|   0|  0|  10|           1|           2|
    |select_ln66_10_fu_336_p3    |    select|   0|  0|  15|           1|          15|
    |select_ln66_11_fu_354_p3    |    select|   0|  0|  15|           1|          15|
    |select_ln66_7_fu_294_p3     |    select|   0|  0|  15|           1|          15|
    |select_ln66_8_fu_312_p3     |    select|   0|  0|  15|           1|          15|
    |select_ln66_9_fu_325_p3     |    select|   0|  0|  15|           1|          15|
    |select_ln66_fu_283_p3       |    select|   0|  0|  15|           1|          15|
    |x_max_fu_372_p3             |    select|   0|  0|  15|           1|          15|
    |ap_enable_pp0               |       xor|   0|  0|   2|           1|           2|
    |xor_ln248_32_fu_724_p2      |       xor|   0|  0|   2|           1|           2|
    |xor_ln248_33_fu_743_p2      |       xor|   0|  0|   2|           1|           2|
    |xor_ln248_34_fu_754_p2      |       xor|   0|  0|   2|           1|           2|
    |xor_ln248_35_fu_778_p2      |       xor|   0|  0|   2|           1|           1|
    |xor_ln248_36_fu_863_p2      |       xor|   0|  0|   2|           1|           2|
    |xor_ln248_37_fu_874_p2      |       xor|   0|  0|   2|           1|           2|
    |xor_ln248_38_fu_893_p2      |       xor|   0|  0|   2|           1|           2|
    |xor_ln248_39_fu_904_p2      |       xor|   0|  0|   2|           1|           2|
    |xor_ln248_40_fu_928_p2      |       xor|   0|  0|   2|           1|           1|
    |xor_ln248_41_fu_1013_p2     |       xor|   0|  0|   2|           1|           2|
    |xor_ln248_42_fu_1024_p2     |       xor|   0|  0|   2|           1|           2|
    |xor_ln248_43_fu_1043_p2     |       xor|   0|  0|   2|           1|           2|
    |xor_ln248_44_fu_1054_p2     |       xor|   0|  0|   2|           1|           2|
    |xor_ln248_45_fu_1078_p2     |       xor|   0|  0|   2|           1|           1|
    |xor_ln248_46_fu_1163_p2     |       xor|   0|  0|   2|           1|           2|
    |xor_ln248_47_fu_1174_p2     |       xor|   0|  0|   2|           1|           2|
    |xor_ln248_48_fu_1193_p2     |       xor|   0|  0|   2|           1|           2|
    |xor_ln248_49_fu_1204_p2     |       xor|   0|  0|   2|           1|           2|
    |xor_ln248_50_fu_1228_p2     |       xor|   0|  0|   2|           1|           1|
    |xor_ln248_51_fu_1313_p2     |       xor|   0|  0|   2|           1|           2|
    |xor_ln248_52_fu_1324_p2     |       xor|   0|  0|   2|           1|           2|
    |xor_ln248_53_fu_1343_p2     |       xor|   0|  0|   2|           1|           2|
    |xor_ln248_54_fu_1354_p2     |       xor|   0|  0|   2|           1|           2|
    |xor_ln248_55_fu_1378_p2     |       xor|   0|  0|   2|           1|           1|
    |xor_ln248_56_fu_1463_p2     |       xor|   0|  0|   2|           1|           2|
    |xor_ln248_57_fu_1474_p2     |       xor|   0|  0|   2|           1|           2|
    |xor_ln248_58_fu_1493_p2     |       xor|   0|  0|   2|           1|           2|
    |xor_ln248_59_fu_1504_p2     |       xor|   0|  0|   2|           1|           2|
    |xor_ln248_60_fu_1528_p2     |       xor|   0|  0|   2|           1|           1|
    |xor_ln248_61_fu_1613_p2     |       xor|   0|  0|   2|           1|           2|
    |xor_ln248_62_fu_1624_p2     |       xor|   0|  0|   2|           1|           2|
    |xor_ln248_63_fu_1643_p2     |       xor|   0|  0|   2|           1|           2|
    |xor_ln248_64_fu_1654_p2     |       xor|   0|  0|   2|           1|           2|
    |xor_ln248_65_fu_1678_p2     |       xor|   0|  0|   2|           1|           1|
    |xor_ln248_66_fu_1763_p2     |       xor|   0|  0|   2|           1|           2|
    |xor_ln248_67_fu_1774_p2     |       xor|   0|  0|   2|           1|           2|
    |xor_ln248_68_fu_1793_p2     |       xor|   0|  0|   2|           1|           2|
    |xor_ln248_69_fu_1804_p2     |       xor|   0|  0|   2|           1|           2|
    |xor_ln248_70_fu_1828_p2     |       xor|   0|  0|   2|           1|           1|
    |xor_ln248_fu_713_p2         |       xor|   0|  0|   2|           1|           2|
    |xor_ln264_fu_2142_p2        |       xor|   0|  0|   2|           1|           2|
    |xor_ln270_10_fu_2632_p2     |       xor|   0|  0|   2|           1|           2|
    |xor_ln270_11_fu_2730_p2     |       xor|   0|  0|   2|           1|           2|
    |xor_ln270_12_fu_2828_p2     |       xor|   0|  0|   2|           1|           2|
    |xor_ln270_13_fu_2926_p2     |       xor|   0|  0|   2|           1|           2|
    |xor_ln270_14_fu_3024_p2     |       xor|   0|  0|   2|           1|           2|
    |xor_ln270_8_fu_2436_p2      |       xor|   0|  0|   2|           1|           2|
    |xor_ln270_9_fu_2534_p2      |       xor|   0|  0|   2|           1|           2|
    |xor_ln270_fu_2338_p2        |       xor|   0|  0|   2|           1|           2|
    |xor_ln66_10_fu_331_p2       |       xor|   0|  0|   2|           1|           2|
    |xor_ln66_11_fu_348_p2       |       xor|   0|  0|   2|           1|           2|
    |xor_ln66_12_fu_366_p2       |       xor|   0|  0|   2|           1|           2|
    |xor_ln66_7_fu_289_p2        |       xor|   0|  0|   2|           1|           2|
    |xor_ln66_8_fu_306_p2        |       xor|   0|  0|   2|           1|           2|
    |xor_ln66_9_fu_320_p2        |       xor|   0|  0|   2|           1|           2|
    |xor_ln66_fu_278_p2          |       xor|   0|  0|   2|           1|           2|
    +----------------------------+----------+----+---+----+------------+------------+
    |Total                       |          |   0|  0|1920|         986|        1111|
    +----------------------------+----------+----+---+----+------------+------------+

    * Multiplexer: 
    N/A

    * Register: 
    +------------------------------------+----+----+-----+-----------+
    |                Name                | FF | LUT| Bits| Const Bits|
    +------------------------------------+----+----+-----+-----------+
    |add_ln264_reg_3594                  |  12|   0|   12|          0|
    |add_ln51_10_reg_3558                |  14|   0|   20|          6|
    |add_ln51_10_reg_3558_pp0_iter8_reg  |  14|   0|   20|          6|
    |add_ln51_13_reg_3568                |  14|   0|   20|          6|
    |add_ln51_13_reg_3568_pp0_iter8_reg  |  14|   0|   20|          6|
    |add_ln51_14_reg_3578                |   4|   0|   10|          6|
    |add_ln51_reg_3589                   |  15|   0|   21|          6|
    |ap_CS_fsm                           |   1|   0|    1|          0|
    |ap_enable_reg_pp0_iter1             |   1|   0|    1|          0|
    |ap_enable_reg_pp0_iter10            |   1|   0|    1|          0|
    |ap_enable_reg_pp0_iter11            |   1|   0|    1|          0|
    |ap_enable_reg_pp0_iter12            |   1|   0|    1|          0|
    |ap_enable_reg_pp0_iter13            |   1|   0|    1|          0|
    |ap_enable_reg_pp0_iter14            |   1|   0|    1|          0|
    |ap_enable_reg_pp0_iter2             |   1|   0|    1|          0|
    |ap_enable_reg_pp0_iter3             |   1|   0|    1|          0|
    |ap_enable_reg_pp0_iter4             |   1|   0|    1|          0|
    |ap_enable_reg_pp0_iter5             |   1|   0|    1|          0|
    |ap_enable_reg_pp0_iter6             |   1|   0|    1|          0|
    |ap_enable_reg_pp0_iter7             |   1|   0|    1|          0|
    |ap_enable_reg_pp0_iter8             |   1|   0|    1|          0|
    |ap_enable_reg_pp0_iter9             |   1|   0|    1|          0|
    |d_xi_xmax_22_reg_3403               |  10|   0|   10|          0|
    |d_xi_xmax_23_reg_3408               |  10|   0|   10|          0|
    |d_xi_xmax_24_reg_3413               |  10|   0|   10|          0|
    |d_xi_xmax_25_reg_3418               |  10|   0|   10|          0|
    |d_xi_xmax_26_reg_3423               |  10|   0|   10|          0|
    |d_xi_xmax_27_reg_3428               |  10|   0|   10|          0|
    |d_xi_xmax_28_reg_3433               |  10|   0|   10|          0|
    |d_xi_xmax_reg_3398                  |  10|   0|   10|          0|
    |exp_res_10_reg_3533                 |  12|   0|   18|          6|
    |exp_res_1_reg_3538                  |  12|   0|   18|          6|
    |exp_res_2_reg_3543                  |  12|   0|   18|          6|
    |exp_res_3_reg_3548                  |  12|   0|   18|          6|
    |exp_res_4_reg_3553                  |  12|   0|   18|          6|
    |exp_res_8_reg_3523                  |  12|   0|   18|          6|
    |exp_res_9_reg_3528                  |  12|   0|   18|          6|
    |exp_res_reg_3518                    |  12|   0|   18|          6|
    |exp_table_1_load_1_reg_3483         |  12|   0|   12|          0|
    |exp_table_1_load_2_reg_3488         |  12|   0|   12|          0|
    |exp_table_1_load_3_reg_3493         |  12|   0|   12|          0|
    |exp_table_1_load_4_reg_3498         |  12|   0|   12|          0|
    |exp_table_1_load_5_reg_3503         |  12|   0|   12|          0|
    |exp_table_1_load_6_reg_3508         |  12|   0|   12|          0|
    |exp_table_1_load_7_reg_3513         |  12|   0|   12|          0|
    |exp_table_1_load_reg_3478           |  12|   0|   12|          0|
    |icmp_ln248_32_reg_3231              |   1|   0|    1|          0|
    |icmp_ln248_33_reg_3257              |   1|   0|    1|          0|
    |icmp_ln248_34_reg_3283              |   1|   0|    1|          0|
    |icmp_ln248_35_reg_3309              |   1|   0|    1|          0|
    |icmp_ln248_36_reg_3335              |   1|   0|    1|          0|
    |icmp_ln248_37_reg_3361              |   1|   0|    1|          0|
    |icmp_ln248_38_reg_3387              |   1|   0|    1|          0|
    |icmp_ln248_reg_3205                 |   1|   0|    1|          0|
    |icmp_ln264_reg_3584                 |   1|   0|    1|          0|
    |icmp_ln66_10_reg_3168               |   1|   0|    1|          0|
    |icmp_ln66_7_reg_3158                |   1|   0|    1|          0|
    |icmp_ln66_9_reg_3163                |   1|   0|    1|          0|
    |icmp_ln66_reg_3153                  |   1|   0|    1|          0|
    |inv_exp_sum_reg_3605                |  12|   0|   12|          0|
    |mul_ln270_10_reg_3704               |  30|   0|   30|          0|
    |mul_ln270_11_reg_3718               |  30|   0|   30|          0|
    |mul_ln270_12_reg_3732               |  30|   0|   30|          0|
    |mul_ln270_13_reg_3746               |  30|   0|   30|          0|
    |mul_ln270_14_reg_3760               |  30|   0|   30|          0|
    |mul_ln270_8_reg_3676                |  30|   0|   30|          0|
    |mul_ln270_9_reg_3690                |  30|   0|   30|          0|
    |mul_ln270_reg_3662                  |  30|   0|   30|          0|
    |p_read_10_reg_3111                  |  15|   0|   15|          0|
    |p_read_11_reg_3117                  |  15|   0|   15|          0|
    |p_read_12_reg_3123                  |  15|   0|   15|          0|
    |p_read_13_reg_3129                  |  15|   0|   15|          0|
    |p_read_14_reg_3135                  |  15|   0|   15|          0|
    |p_read_15_reg_3141                  |  15|   0|   15|          0|
    |p_read_16_reg_3147                  |  15|   0|   15|          0|
    |p_read_9_reg_3105                   |  15|   0|   15|          0|
    |select_ln66_11_reg_3179             |  15|   0|   15|          0|
    |select_ln66_8_reg_3173              |  15|   0|   15|          0|
    |sub_ln248_10_reg_3268               |  16|   0|   16|          0|
    |sub_ln248_11_reg_3294               |  16|   0|   16|          0|
    |sub_ln248_12_reg_3320               |  16|   0|   16|          0|
    |sub_ln248_13_reg_3346               |  16|   0|   16|          0|
    |sub_ln248_14_reg_3372               |  16|   0|   16|          0|
    |sub_ln248_8_reg_3216                |  16|   0|   16|          0|
    |sub_ln248_9_reg_3242                |  16|   0|   16|          0|
    |sub_ln248_reg_3190                  |  16|   0|   16|          0|
    |tmp_6434_reg_3210                   |   1|   0|    1|          0|
    |tmp_6436_reg_3223                   |   1|   0|    1|          0|
    |tmp_6439_reg_3236                   |   1|   0|    1|          0|
    |tmp_6441_reg_3249                   |   1|   0|    1|          0|
    |tmp_6444_reg_3262                   |   1|   0|    1|          0|
    |tmp_6446_reg_3275                   |   1|   0|    1|          0|
    |tmp_6449_reg_3288                   |   1|   0|    1|          0|
    |tmp_6451_reg_3301                   |   1|   0|    1|          0|
    |tmp_6454_reg_3314                   |   1|   0|    1|          0|
    |tmp_6456_reg_3327                   |   1|   0|    1|          0|
    |tmp_6459_reg_3340                   |   1|   0|    1|          0|
    |tmp_6461_reg_3353                   |   1|   0|    1|          0|
    |tmp_6464_reg_3366                   |   1|   0|    1|          0|
    |tmp_6466_reg_3379                   |   1|   0|    1|          0|
    |tmp_6469_reg_3392                   |   1|   0|    1|          0|
    |tmp_reg_3197                        |   1|   0|    1|          0|
    |trunc_ln270_15_reg_3685             |  18|   0|   18|          0|
    |trunc_ln270_16_reg_3699             |  18|   0|   18|          0|
    |trunc_ln270_17_reg_3713             |  18|   0|   18|          0|
    |trunc_ln270_18_reg_3727             |  18|   0|   18|          0|
    |trunc_ln270_19_reg_3741             |  18|   0|   18|          0|
    |trunc_ln270_20_reg_3755             |  18|   0|   18|          0|
    |trunc_ln270_21_reg_3769             |  18|   0|   18|          0|
    |trunc_ln270_reg_3671                |  18|   0|   18|          0|
    |trunc_ln51_2_reg_3573               |   4|   0|   10|          6|
    |trunc_ln51_reg_3563                 |   4|   0|   10|          6|
    |x_max_reg_3185                      |  15|   0|   15|          0|
    |exp_res_10_reg_3533                 |  64|  32|   18|          6|
    |exp_res_1_reg_3538                  |  64|  32|   18|          6|
    |exp_res_2_reg_3543                  |  64|  32|   18|          6|
    |exp_res_3_reg_3548                  |  64|  32|   18|          6|
    |exp_res_4_reg_3553                  |  64|  32|   18|          6|
    |exp_res_8_reg_3523                  |  64|  32|   18|          6|
    |exp_res_9_reg_3528                  |  64|  32|   18|          6|
    |exp_res_reg_3518                    |  64|  32|   18|          6|
    |p_read_10_reg_3111                  |  64|  32|   15|          0|
    |p_read_11_reg_3117                  |  64|  32|   15|          0|
    |p_read_12_reg_3123                  |  64|  32|   15|          0|
    |p_read_13_reg_3129                  |  64|  32|   15|          0|
    |p_read_14_reg_3135                  |  64|  32|   15|          0|
    |p_read_15_reg_3141                  |  64|  32|   15|          0|
    |p_read_16_reg_3147                  |  64|  32|   15|          0|
    |p_read_9_reg_3105                   |  64|  32|   15|          0|
    +------------------------------------+----+----+-----+-----------+
    |Total                               |2124| 512| 1460|        144|
    +------------------------------------+----+----+-----+-----------+



================================================================
== Interface
================================================================
* Summary: 
+-------------+-----+-----+------------+-----------------------------------------------------------------+--------------+
|  RTL Ports  | Dir | Bits|  Protocol  |                          Source Object                          |    C Type    |
+-------------+-----+-----+------------+-----------------------------------------------------------------+--------------+
|ap_clk       |   in|    1|  ap_ctrl_hs|  softmax_stable<ap_fixed,ap_ufixed<10,1,4,0,0>,softmax_config19>|  return value|
|ap_rst       |   in|    1|  ap_ctrl_hs|  softmax_stable<ap_fixed,ap_ufixed<10,1,4,0,0>,softmax_config19>|  return value|
|ap_start     |   in|    1|  ap_ctrl_hs|  softmax_stable<ap_fixed,ap_ufixed<10,1,4,0,0>,softmax_config19>|  return value|
|ap_done      |  out|    1|  ap_ctrl_hs|  softmax_stable<ap_fixed,ap_ufixed<10,1,4,0,0>,softmax_config19>|  return value|
|ap_idle      |  out|    1|  ap_ctrl_hs|  softmax_stable<ap_fixed,ap_ufixed<10,1,4,0,0>,softmax_config19>|  return value|
|ap_ready     |  out|    1|  ap_ctrl_hs|  softmax_stable<ap_fixed,ap_ufixed<10,1,4,0,0>,softmax_config19>|  return value|
|ap_ce        |   in|    1|  ap_ctrl_hs|  softmax_stable<ap_fixed,ap_ufixed<10,1,4,0,0>,softmax_config19>|  return value|
|ap_return_0  |  out|   10|  ap_ctrl_hs|  softmax_stable<ap_fixed,ap_ufixed<10,1,4,0,0>,softmax_config19>|  return value|
|ap_return_1  |  out|   10|  ap_ctrl_hs|  softmax_stable<ap_fixed,ap_ufixed<10,1,4,0,0>,softmax_config19>|  return value|
|ap_return_2  |  out|   10|  ap_ctrl_hs|  softmax_stable<ap_fixed,ap_ufixed<10,1,4,0,0>,softmax_config19>|  return value|
|ap_return_3  |  out|   10|  ap_ctrl_hs|  softmax_stable<ap_fixed,ap_ufixed<10,1,4,0,0>,softmax_config19>|  return value|
|ap_return_4  |  out|   10|  ap_ctrl_hs|  softmax_stable<ap_fixed,ap_ufixed<10,1,4,0,0>,softmax_config19>|  return value|
|ap_return_5  |  out|   10|  ap_ctrl_hs|  softmax_stable<ap_fixed,ap_ufixed<10,1,4,0,0>,softmax_config19>|  return value|
|ap_return_6  |  out|   10|  ap_ctrl_hs|  softmax_stable<ap_fixed,ap_ufixed<10,1,4,0,0>,softmax_config19>|  return value|
|ap_return_7  |  out|   10|  ap_ctrl_hs|  softmax_stable<ap_fixed,ap_ufixed<10,1,4,0,0>,softmax_config19>|  return value|
|p_read       |   in|   15|     ap_none|                                                           p_read|        scalar|
|p_read1      |   in|   15|     ap_none|                                                          p_read1|        scalar|
|p_read2      |   in|   15|     ap_none|                                                          p_read2|        scalar|
|p_read3      |   in|   15|     ap_none|                                                          p_read3|        scalar|
|p_read4      |   in|   15|     ap_none|                                                          p_read4|        scalar|
|p_read5      |   in|   15|     ap_none|                                                          p_read5|        scalar|
|p_read6      |   in|   15|     ap_none|                                                          p_read6|        scalar|
|p_read7      |   in|   15|     ap_none|                                                          p_read7|        scalar|
+-------------+-----+-----+------------+-----------------------------------------------------------------+--------------+

