

================================================================
== Vitis HLS Report for 'softmax_stable_ap_fixed_ap_ufixed_10_1_4_0_0_softmax_config53_s'
================================================================
* Date:           Thu Aug 13 16:32:14 2026

* Version:        2023.2 (Build 4023990 on Oct 11 2023)
* Project:        myproject_prj
* Solution:       solution1 (Vivado IP Flow Target)
* Product family: virtexuplus
* Target device:  xcvu13p-flga2577-2-e


================================================================
== Performance Estimates
================================================================
+ Timing: 
    * Summary: 
    +--------+---------+----------+------------+
    |  Clock |  Target | Estimated| Uncertainty|
    +--------+---------+----------+------------+
    |ap_clk  |  2.50 ns|  1.825 ns|     0.68 ns|
    +--------+---------+----------+------------+

+ Latency: 
    * Summary: 
    +---------+---------+-----------+-----------+-----+-----+---------+
    |  Latency (cycles) |   Latency (absolute)  |  Interval | Pipeline|
    |   min   |   max   |    min    |    max    | min | max |   Type  |
    +---------+---------+-----------+-----------+-----+-----+---------+
    |       14|       14|  35.000 ns|  35.000 ns|    1|    1|      yes|
    +---------+---------+-----------+-----------+-----+-----+---------+

    + Detail: 
        * Instance: 
        N/A

        * Loop: 
        N/A



================================================================
== Utilization Estimates
================================================================
* Summary: 
+---------------------+---------+-------+---------+---------+------+
|         Name        | BRAM_18K|  DSP  |    FF   |   LUT   | URAM |
+---------------------+---------+-------+---------+---------+------+
|DSP                  |        -|      -|        -|        -|     -|
|Expression           |        -|      -|        0|     2160|     -|
|FIFO                 |        -|      -|        -|        -|     -|
|Instance             |        -|      8|      600|        8|     -|
|Memory               |        8|      -|        0|        0|     -|
|Multiplexer          |        -|      -|        -|        -|     -|
|Register             |        -|      -|     2140|      512|     -|
+---------------------+---------+-------+---------+---------+------+
|Total                |        8|      8|     2740|     2680|     0|
+---------------------+---------+-------+---------+---------+------+
|Available SLR        |     1344|   3072|   864000|   432000|   320|
+---------------------+---------+-------+---------+---------+------+
|Utilization SLR (%)  |       ~0|     ~0|       ~0|       ~0|     0|
+---------------------+---------+-------+---------+---------+------+
|Available            |     5376|  12288|  3456000|  1728000|  1280|
+---------------------+---------+-------+---------+---------+------+
|Utilization (%)      |       ~0|     ~0|       ~0|       ~0|     0|
+---------------------+---------+-------+---------+---------+------+

+ Detail: 
    * Instance: 
    +-----------------------------+----------------------+---------+----+----+----+-----+
    |           Instance          |        Module        | BRAM_18K| DSP| FF | LUT| URAM|
    +-----------------------------+----------------------+---------+----+----+----+-----+
    |mul_18ns_12ns_30_2_1_U24885  |mul_18ns_12ns_30_2_1  |        0|   1|  75|   1|    0|
    |mul_18ns_12ns_30_2_1_U24886  |mul_18ns_12ns_30_2_1  |        0|   1|  75|   1|    0|
    |mul_18ns_12ns_30_2_1_U24887  |mul_18ns_12ns_30_2_1  |        0|   1|  75|   1|    0|
    |mul_18ns_12ns_30_2_1_U24888  |mul_18ns_12ns_30_2_1  |        0|   1|  75|   1|    0|
    |mul_18ns_12ns_30_2_1_U24889  |mul_18ns_12ns_30_2_1  |        0|   1|  75|   1|    0|
    |mul_18ns_12ns_30_2_1_U24890  |mul_18ns_12ns_30_2_1  |        0|   1|  75|   1|    0|
    |mul_18ns_12ns_30_2_1_U24891  |mul_18ns_12ns_30_2_1  |        0|   1|  75|   1|    0|
    |mul_18ns_12ns_30_2_1_U24892  |mul_18ns_12ns_30_2_1  |        0|   1|  75|   1|    0|
    +-----------------------------+----------------------+---------+----+----+----+-----+
    |Total                        |                      |        0|   8| 600|   8|    0|
    +-----------------------------+----------------------+---------+----+----+----+-----+

    * DSP: 
    N/A

    * Memory: 
    +----------------+----------------------------------------------------------------------------------+---------+---+----+-----+------+-----+------+-------------+
    |     Memory     |                                      Module                                      | BRAM_18K| FF| LUT| URAM| Words| Bits| Banks| W*Bits*Banks|
    +----------------+----------------------------------------------------------------------------------+---------+---+----+-----+------+-----+------+-------------+
    |exp_table_U     |softmax_stable_ap_fixed_ap_ufixed_10_1_4_0_0_softmax_config19_s_exp_table_1_Rbkb  |        4|  0|   0|    0|  1024|   12|     1|        12288|
    |invert_table_U  |softmax_stable_ap_fixed_ap_ufixed_10_1_4_0_0_softmax_config19_s_invert_table_cud  |        4|  0|   0|    0|  4096|   12|     1|        49152|
    +----------------+----------------------------------------------------------------------------------+---------+---+----+-----+------+-----+------+-------------+
    |Total           |                                                                                  |        8|  0|   0|    0|  5120|   24|     2|        61440|
    +----------------+----------------------------------------------------------------------------------+---------+---+----+-----+------+-----+------+-------------+

    * FIFO: 
    N/A

    * Expression: 
    +----------------------------+----------+----+---+----+------------+------------+
    |        Variable Name       | Operation| DSP| FF| LUT| Bitwidth P0| Bitwidth P1|
    +----------------------------+----------+----+---+----+------------+------------+
    |add_ln248_1_fu_1135_p2      |         +|   0|  0|  17|          10|          10|
    |add_ln248_2_fu_1310_p2      |         +|   0|  0|  17|          10|          10|
    |add_ln248_3_fu_1485_p2      |         +|   0|  0|  17|          10|          10|
    |add_ln248_4_fu_1660_p2      |         +|   0|  0|  17|          10|          10|
    |add_ln248_5_fu_1835_p2      |         +|   0|  0|  17|          10|          10|
    |add_ln248_6_fu_2010_p2      |         +|   0|  0|  17|          10|          10|
    |add_ln248_7_fu_2185_p2      |         +|   0|  0|  17|          10|          10|
    |add_ln248_fu_960_p2         |         +|   0|  0|  17|          10|          10|
    |add_ln264_fu_2576_p2        |         +|   0|  0|  19|          12|          12|
    |add_ln270_1_fu_2876_p2      |         +|   0|  0|  17|          10|          10|
    |add_ln270_2_fu_2974_p2      |         +|   0|  0|  17|          10|          10|
    |add_ln270_3_fu_3072_p2      |         +|   0|  0|  17|          10|          10|
    |add_ln270_4_fu_3170_p2      |         +|   0|  0|  17|          10|          10|
    |add_ln270_5_fu_3268_p2      |         +|   0|  0|  17|          10|          10|
    |add_ln270_6_fu_3366_p2      |         +|   0|  0|  17|          10|          10|
    |add_ln270_7_fu_3464_p2      |         +|   0|  0|  17|          10|          10|
    |add_ln270_fu_2778_p2        |         +|   0|  0|  17|          10|          10|
    |add_ln51_1_fu_2435_p2       |         +|   0|  0|  26|          19|          19|
    |add_ln51_2_fu_2445_p2       |         +|   0|  0|  26|          19|          19|
    |add_ln51_3_fu_2461_p2       |         +|   0|  0|  27|          20|          20|
    |add_ln51_4_fu_2471_p2       |         +|   0|  0|  26|          19|          19|
    |add_ln51_5_fu_2481_p2       |         +|   0|  0|  26|          19|          19|
    |add_ln51_6_fu_2497_p2       |         +|   0|  0|  27|          20|          20|
    |add_ln51_7_fu_2507_p2       |         +|   0|  0|  17|          10|          10|
    |add_ln51_8_fu_2455_p2       |         +|   0|  0|  26|          19|          19|
    |add_ln51_9_fu_2491_p2       |         +|   0|  0|  26|          19|          19|
    |add_ln51_fu_2530_p2         |         +|   0|  0|  28|          21|          21|
    |sub_ln248_1_fu_463_p2       |         -|   0|  0|  23|          16|          16|
    |sub_ln248_2_fu_528_p2       |         -|   0|  0|  23|          16|          16|
    |sub_ln248_3_fu_593_p2       |         -|   0|  0|  23|          16|          16|
    |sub_ln248_4_fu_658_p2       |         -|   0|  0|  23|          16|          16|
    |sub_ln248_5_fu_723_p2       |         -|   0|  0|  23|          16|          16|
    |sub_ln248_6_fu_788_p2       |         -|   0|  0|  23|          16|          16|
    |sub_ln248_7_fu_853_p2       |         -|   0|  0|  23|          16|          16|
    |sub_ln248_fu_398_p2         |         -|   0|  0|  23|          16|          16|
    |and_ln248_10_fu_1192_p2     |       and|   0|  0|   2|           1|           1|
    |and_ln248_11_fu_1214_p2     |       and|   0|  0|   2|           1|           1|
    |and_ln248_12_fu_1220_p2     |       and|   0|  0|   2|           1|           1|
    |and_ln248_13_fu_1238_p2     |       and|   0|  0|   2|           1|           1|
    |and_ln248_14_fu_1300_p2     |       and|   0|  0|   2|           1|           1|
    |and_ln248_15_fu_1330_p2     |       and|   0|  0|   2|           1|           1|
    |and_ln248_16_fu_1355_p2     |       and|   0|  0|   2|           1|           1|
    |and_ln248_17_fu_1367_p2     |       and|   0|  0|   2|           1|           1|
    |and_ln248_18_fu_1389_p2     |       and|   0|  0|   2|           1|           1|
    |and_ln248_19_fu_1395_p2     |       and|   0|  0|   2|           1|           1|
    |and_ln248_1_fu_980_p2       |       and|   0|  0|   2|           1|           1|
    |and_ln248_20_fu_1413_p2     |       and|   0|  0|   2|           1|           1|
    |and_ln248_21_fu_1475_p2     |       and|   0|  0|   2|           1|           1|
    |and_ln248_22_fu_1505_p2     |       and|   0|  0|   2|           1|           1|
    |and_ln248_23_fu_1530_p2     |       and|   0|  0|   2|           1|           1|
    |and_ln248_24_fu_1542_p2     |       and|   0|  0|   2|           1|           1|
    |and_ln248_25_fu_1564_p2     |       and|   0|  0|   2|           1|           1|
    |and_ln248_26_fu_1570_p2     |       and|   0|  0|   2|           1|           1|
    |and_ln248_27_fu_1588_p2     |       and|   0|  0|   2|           1|           1|
    |and_ln248_28_fu_1650_p2     |       and|   0|  0|   2|           1|           1|
    |and_ln248_29_fu_1680_p2     |       and|   0|  0|   2|           1|           1|
    |and_ln248_2_fu_1005_p2      |       and|   0|  0|   2|           1|           1|
    |and_ln248_30_fu_1705_p2     |       and|   0|  0|   2|           1|           1|
    |and_ln248_31_fu_1717_p2     |       and|   0|  0|   2|           1|           1|
    |and_ln248_32_fu_1739_p2     |       and|   0|  0|   2|           1|           1|
    |and_ln248_33_fu_1745_p2     |       and|   0|  0|   2|           1|           1|
    |and_ln248_34_fu_1763_p2     |       and|   0|  0|   2|           1|           1|
    |and_ln248_35_fu_1825_p2     |       and|   0|  0|   2|           1|           1|
    |and_ln248_36_fu_1855_p2     |       and|   0|  0|   2|           1|           1|
    |and_ln248_37_fu_1880_p2     |       and|   0|  0|   2|           1|           1|
    |and_ln248_38_fu_1892_p2     |       and|   0|  0|   2|           1|           1|
    |and_ln248_39_fu_1914_p2     |       and|   0|  0|   2|           1|           1|
    |and_ln248_3_fu_1017_p2      |       and|   0|  0|   2|           1|           1|
    |and_ln248_40_fu_1920_p2     |       and|   0|  0|   2|           1|           1|
    |and_ln248_41_fu_1938_p2     |       and|   0|  0|   2|           1|           1|
    |and_ln248_42_fu_2000_p2     |       and|   0|  0|   2|           1|           1|
    |and_ln248_43_fu_2030_p2     |       and|   0|  0|   2|           1|           1|
    |and_ln248_44_fu_2055_p2     |       and|   0|  0|   2|           1|           1|
    |and_ln248_45_fu_2067_p2     |       and|   0|  0|   2|           1|           1|
    |and_ln248_46_fu_2089_p2     |       and|   0|  0|   2|           1|           1|
    |and_ln248_47_fu_2095_p2     |       and|   0|  0|   2|           1|           1|
    |and_ln248_48_fu_2113_p2     |       and|   0|  0|   2|           1|           1|
    |and_ln248_49_fu_2175_p2     |       and|   0|  0|   2|           1|           1|
    |and_ln248_4_fu_1039_p2      |       and|   0|  0|   2|           1|           1|
    |and_ln248_50_fu_2205_p2     |       and|   0|  0|   2|           1|           1|
    |and_ln248_51_fu_2230_p2     |       and|   0|  0|   2|           1|           1|
    |and_ln248_52_fu_2242_p2     |       and|   0|  0|   2|           1|           1|
    |and_ln248_53_fu_2264_p2     |       and|   0|  0|   2|           1|           1|
    |and_ln248_54_fu_2270_p2     |       and|   0|  0|   2|           1|           1|
    |and_ln248_55_fu_2288_p2     |       and|   0|  0|   2|           1|           1|
    |and_ln248_5_fu_1045_p2      |       and|   0|  0|   2|           1|           1|
    |and_ln248_6_fu_1063_p2      |       and|   0|  0|   2|           1|           1|
    |and_ln248_7_fu_1125_p2      |       and|   0|  0|   2|           1|           1|
    |and_ln248_8_fu_1155_p2      |       and|   0|  0|   2|           1|           1|
    |and_ln248_9_fu_1180_p2      |       and|   0|  0|   2|           1|           1|
    |and_ln248_fu_950_p2         |       and|   0|  0|   2|           1|           1|
    |and_ln264_1_fu_2602_p2      |       and|   0|  0|   2|           1|           1|
    |and_ln264_fu_2566_p2        |       and|   0|  0|   2|           1|           1|
    |and_ln270_10_fu_3258_p2     |       and|   0|  0|   2|           1|           1|
    |and_ln270_11_fu_3288_p2     |       and|   0|  0|   2|           1|           1|
    |and_ln270_12_fu_3356_p2     |       and|   0|  0|   2|           1|           1|
    |and_ln270_13_fu_3386_p2     |       and|   0|  0|   2|           1|           1|
    |and_ln270_14_fu_3454_p2     |       and|   0|  0|   2|           1|           1|
    |and_ln270_15_fu_3484_p2     |       and|   0|  0|   2|           1|           1|
    |and_ln270_1_fu_2798_p2      |       and|   0|  0|   2|           1|           1|
    |and_ln270_2_fu_2866_p2      |       and|   0|  0|   2|           1|           1|
    |and_ln270_3_fu_2896_p2      |       and|   0|  0|   2|           1|           1|
    |and_ln270_4_fu_2964_p2      |       and|   0|  0|   2|           1|           1|
    |and_ln270_5_fu_2994_p2      |       and|   0|  0|   2|           1|           1|
    |and_ln270_6_fu_3062_p2      |       and|   0|  0|   2|           1|           1|
    |and_ln270_7_fu_3092_p2      |       and|   0|  0|   2|           1|           1|
    |and_ln270_8_fu_3160_p2      |       and|   0|  0|   2|           1|           1|
    |and_ln270_9_fu_3190_p2      |       and|   0|  0|   2|           1|           1|
    |and_ln270_fu_2768_p2        |       and|   0|  0|   2|           1|           1|
    |icmp_ln248_10_fu_578_p2     |      icmp|   0|  0|  10|           3|           2|
    |icmp_ln248_11_fu_584_p2     |      icmp|   0|  0|  10|           3|           1|
    |icmp_ln248_12_fu_611_p2     |      icmp|   0|  0|   9|           2|           1|
    |icmp_ln248_13_fu_627_p2     |      icmp|   0|  0|   9|           2|           2|
    |icmp_ln248_14_fu_643_p2     |      icmp|   0|  0|  10|           3|           2|
    |icmp_ln248_15_fu_649_p2     |      icmp|   0|  0|  10|           3|           1|
    |icmp_ln248_16_fu_676_p2     |      icmp|   0|  0|   9|           2|           1|
    |icmp_ln248_17_fu_692_p2     |      icmp|   0|  0|   9|           2|           2|
    |icmp_ln248_18_fu_708_p2     |      icmp|   0|  0|  10|           3|           2|
    |icmp_ln248_19_fu_714_p2     |      icmp|   0|  0|  10|           3|           1|
    |icmp_ln248_1_fu_432_p2      |      icmp|   0|  0|   9|           2|           2|
    |icmp_ln248_20_fu_741_p2     |      icmp|   0|  0|   9|           2|           1|
    |icmp_ln248_21_fu_757_p2     |      icmp|   0|  0|   9|           2|           2|
    |icmp_ln248_22_fu_773_p2     |      icmp|   0|  0|  10|           3|           2|
    |icmp_ln248_23_fu_779_p2     |      icmp|   0|  0|  10|           3|           1|
    |icmp_ln248_24_fu_806_p2     |      icmp|   0|  0|   9|           2|           1|
    |icmp_ln248_25_fu_822_p2     |      icmp|   0|  0|   9|           2|           2|
    |icmp_ln248_26_fu_838_p2     |      icmp|   0|  0|  10|           3|           2|
    |icmp_ln248_27_fu_844_p2     |      icmp|   0|  0|  10|           3|           1|
    |icmp_ln248_28_fu_871_p2     |      icmp|   0|  0|   9|           2|           1|
    |icmp_ln248_29_fu_887_p2     |      icmp|   0|  0|   9|           2|           2|
    |icmp_ln248_2_fu_448_p2      |      icmp|   0|  0|  10|           3|           2|
    |icmp_ln248_30_fu_903_p2     |      icmp|   0|  0|  10|           3|           2|
    |icmp_ln248_31_fu_909_p2     |      icmp|   0|  0|  10|           3|           1|
    |icmp_ln248_3_fu_454_p2      |      icmp|   0|  0|  10|           3|           1|
    |icmp_ln248_4_fu_481_p2      |      icmp|   0|  0|   9|           2|           1|
    |icmp_ln248_5_fu_497_p2      |      icmp|   0|  0|   9|           2|           2|
    |icmp_ln248_6_fu_513_p2      |      icmp|   0|  0|  10|           3|           2|
    |icmp_ln248_7_fu_519_p2      |      icmp|   0|  0|  10|           3|           1|
    |icmp_ln248_8_fu_546_p2      |      icmp|   0|  0|   9|           2|           1|
    |icmp_ln248_9_fu_562_p2      |      icmp|   0|  0|   9|           2|           2|
    |icmp_ln248_fu_416_p2        |      icmp|   0|  0|   9|           2|           1|
    |icmp_ln264_fu_2515_p2       |      icmp|   0|  0|  15|           8|           1|
    |icmp_ln270_1_fu_2848_p2     |      icmp|   0|  0|  25|          18|           1|
    |icmp_ln270_2_fu_2946_p2     |      icmp|   0|  0|  25|          18|           1|
    |icmp_ln270_3_fu_3044_p2     |      icmp|   0|  0|  25|          18|           1|
    |icmp_ln270_4_fu_3142_p2     |      icmp|   0|  0|  25|          18|           1|
    |icmp_ln270_5_fu_3240_p2     |      icmp|   0|  0|  25|          18|           1|
    |icmp_ln270_6_fu_3338_p2     |      icmp|   0|  0|  25|          18|           1|
    |icmp_ln270_7_fu_3436_p2     |      icmp|   0|  0|  25|          18|           1|
    |icmp_ln270_fu_2750_p2       |      icmp|   0|  0|  25|          18|           1|
    |icmp_ln66_1_fu_274_p2       |      icmp|   0|  0|  22|          15|          15|
    |icmp_ln66_2_fu_314_p2       |      icmp|   0|  0|  22|          15|          15|
    |icmp_ln66_3_fu_280_p2       |      icmp|   0|  0|  22|          15|          15|
    |icmp_ln66_4_fu_286_p2       |      icmp|   0|  0|  22|          15|          15|
    |icmp_ln66_5_fu_356_p2       |      icmp|   0|  0|  22|          15|          15|
    |icmp_ln66_6_fu_376_p2       |      icmp|   0|  0|  22|          15|          15|
    |icmp_ln66_fu_268_p2         |      icmp|   0|  0|  22|          15|          15|
    |or_ln248_10_fu_1553_p2      |        or|   0|  0|   2|           1|           1|
    |or_ln248_11_fu_1601_p2      |        or|   0|  0|   2|           1|           1|
    |or_ln248_12_fu_1645_p2      |        or|   0|  0|   2|           1|           1|
    |or_ln248_13_fu_1728_p2      |        or|   0|  0|   2|           1|           1|
    |or_ln248_14_fu_1776_p2      |        or|   0|  0|   2|           1|           1|
    |or_ln248_15_fu_1820_p2      |        or|   0|  0|   2|           1|           1|
    |or_ln248_16_fu_1903_p2      |        or|   0|  0|   2|           1|           1|
    |or_ln248_17_fu_1951_p2      |        or|   0|  0|   2|           1|           1|
    |or_ln248_18_fu_1995_p2      |        or|   0|  0|   2|           1|           1|
    |or_ln248_19_fu_2078_p2      |        or|   0|  0|   2|           1|           1|
    |or_ln248_1_fu_1028_p2       |        or|   0|  0|   2|           1|           1|
    |or_ln248_20_fu_2126_p2      |        or|   0|  0|   2|           1|           1|
    |or_ln248_21_fu_2170_p2      |        or|   0|  0|   2|           1|           1|
    |or_ln248_22_fu_2253_p2      |        or|   0|  0|   2|           1|           1|
    |or_ln248_23_fu_2301_p2      |        or|   0|  0|   2|           1|           1|
    |or_ln248_24_fu_1051_p2      |        or|   0|  0|   2|           1|           1|
    |or_ln248_25_fu_1226_p2      |        or|   0|  0|   2|           1|           1|
    |or_ln248_26_fu_1401_p2      |        or|   0|  0|   2|           1|           1|
    |or_ln248_27_fu_1576_p2      |        or|   0|  0|   2|           1|           1|
    |or_ln248_28_fu_1751_p2      |        or|   0|  0|   2|           1|           1|
    |or_ln248_29_fu_1926_p2      |        or|   0|  0|   2|           1|           1|
    |or_ln248_2_fu_1076_p2       |        or|   0|  0|   2|           1|           1|
    |or_ln248_30_fu_2101_p2      |        or|   0|  0|   2|           1|           1|
    |or_ln248_31_fu_2276_p2      |        or|   0|  0|   2|           1|           1|
    |or_ln248_3_fu_1120_p2       |        or|   0|  0|   2|           1|           1|
    |or_ln248_4_fu_1203_p2       |        or|   0|  0|   2|           1|           1|
    |or_ln248_5_fu_1251_p2       |        or|   0|  0|   2|           1|           1|
    |or_ln248_6_fu_1295_p2       |        or|   0|  0|   2|           1|           1|
    |or_ln248_7_fu_1378_p2       |        or|   0|  0|   2|           1|           1|
    |or_ln248_8_fu_1426_p2       |        or|   0|  0|   2|           1|           1|
    |or_ln248_9_fu_1470_p2       |        or|   0|  0|   2|           1|           1|
    |or_ln248_fu_945_p2          |        or|   0|  0|   2|           1|           1|
    |or_ln264_fu_2561_p2         |        or|   0|  0|   2|           1|           1|
    |or_ln270_10_fu_3252_p2      |        or|   0|  0|   2|           1|           1|
    |or_ln270_11_fu_3301_p2      |        or|   0|  0|   2|           1|           1|
    |or_ln270_12_fu_3350_p2      |        or|   0|  0|   2|           1|           1|
    |or_ln270_13_fu_3399_p2      |        or|   0|  0|   2|           1|           1|
    |or_ln270_14_fu_3448_p2      |        or|   0|  0|   2|           1|           1|
    |or_ln270_15_fu_3497_p2      |        or|   0|  0|   2|           1|           1|
    |or_ln270_1_fu_2811_p2       |        or|   0|  0|   2|           1|           1|
    |or_ln270_2_fu_2860_p2       |        or|   0|  0|   2|           1|           1|
    |or_ln270_3_fu_2909_p2       |        or|   0|  0|   2|           1|           1|
    |or_ln270_4_fu_2958_p2       |        or|   0|  0|   2|           1|           1|
    |or_ln270_5_fu_3007_p2       |        or|   0|  0|   2|           1|           1|
    |or_ln270_6_fu_3056_p2       |        or|   0|  0|   2|           1|           1|
    |or_ln270_7_fu_3105_p2       |        or|   0|  0|   2|           1|           1|
    |or_ln270_8_fu_3154_p2       |        or|   0|  0|   2|           1|           1|
    |or_ln270_9_fu_3203_p2       |        or|   0|  0|   2|           1|           1|
    |or_ln270_fu_2762_p2         |        or|   0|  0|   2|           1|           1|
    |d_xi_xmax_10_fu_1607_p3     |    select|   0|  0|  10|           1|          10|
    |d_xi_xmax_11_fu_1782_p3     |    select|   0|  0|  10|           1|          10|
    |d_xi_xmax_12_fu_1957_p3     |    select|   0|  0|  10|           1|          10|
    |d_xi_xmax_13_fu_2132_p3     |    select|   0|  0|  10|           1|          10|
    |d_xi_xmax_14_fu_2307_p3     |    select|   0|  0|  10|           1|          10|
    |d_xi_xmax_8_fu_1257_p3      |    select|   0|  0|  10|           1|          10|
    |d_xi_xmax_9_fu_1432_p3      |    select|   0|  0|  10|           1|          10|
    |d_xi_xmax_fu_1082_p3        |    select|   0|  0|  10|           1|          10|
    |select_ln248_10_fu_1418_p3  |    select|   0|  0|  11|           1|           9|
    |select_ln248_12_fu_1511_p3  |    select|   0|  0|   2|           1|           1|
    |select_ln248_13_fu_1535_p3  |    select|   0|  0|   2|           1|           1|
    |select_ln248_14_fu_1593_p3  |    select|   0|  0|  11|           1|           9|
    |select_ln248_16_fu_1686_p3  |    select|   0|  0|   2|           1|           1|
    |select_ln248_17_fu_1710_p3  |    select|   0|  0|   2|           1|           1|
    |select_ln248_18_fu_1768_p3  |    select|   0|  0|  11|           1|           9|
    |select_ln248_1_fu_1010_p3   |    select|   0|  0|   2|           1|           1|
    |select_ln248_20_fu_1861_p3  |    select|   0|  0|   2|           1|           1|
    |select_ln248_21_fu_1885_p3  |    select|   0|  0|   2|           1|           1|
    |select_ln248_22_fu_1943_p3  |    select|   0|  0|  11|           1|           9|
    |select_ln248_24_fu_2036_p3  |    select|   0|  0|   2|           1|           1|
    |select_ln248_25_fu_2060_p3  |    select|   0|  0|   2|           1|           1|
    |select_ln248_26_fu_2118_p3  |    select|   0|  0|  11|           1|           9|
    |select_ln248_28_fu_2211_p3  |    select|   0|  0|   2|           1|           1|
    |select_ln248_29_fu_2235_p3  |    select|   0|  0|   2|           1|           1|
    |select_ln248_2_fu_1068_p3   |    select|   0|  0|  11|           1|           9|
    |select_ln248_30_fu_2293_p3  |    select|   0|  0|  11|           1|           9|
    |select_ln248_4_fu_1161_p3   |    select|   0|  0|   2|           1|           1|
    |select_ln248_5_fu_1185_p3   |    select|   0|  0|   2|           1|           1|
    |select_ln248_6_fu_1243_p3   |    select|   0|  0|  11|           1|           9|
    |select_ln248_8_fu_1336_p3   |    select|   0|  0|   2|           1|           1|
    |select_ln248_9_fu_1360_p3   |    select|   0|  0|   2|           1|           1|
    |select_ln248_fu_986_p3      |    select|   0|  0|   2|           1|           1|
    |select_ln264_fu_2608_p3     |    select|   0|  0|  12|           1|           2|
    |select_ln270_1_fu_2915_p3   |    select|   0|  0|  10|           1|           2|
    |select_ln270_2_fu_3013_p3   |    select|   0|  0|  10|           1|           2|
    |select_ln270_3_fu_3111_p3   |    select|   0|  0|  10|           1|           2|
    |select_ln270_4_fu_3209_p3   |    select|   0|  0|  10|           1|           2|
    |select_ln270_5_fu_3307_p3   |    select|   0|  0|  10|           1|           2|
    |select_ln270_6_fu_3405_p3   |    select|   0|  0|  10|           1|           2|
    |select_ln270_7_fu_3503_p3   |    select|   0|  0|  10|           1|           2|
    |select_ln270_fu_2817_p3     |    select|   0|  0|  10|           1|           2|
    |select_ln66_1_fu_308_p3     |    select|   0|  0|  15|           1|          15|
    |select_ln66_2_fu_326_p3     |    select|   0|  0|  15|           1|          15|
    |select_ln66_3_fu_339_p3     |    select|   0|  0|  15|           1|          15|
    |select_ln66_4_fu_350_p3     |    select|   0|  0|  15|           1|          15|
    |select_ln66_5_fu_368_p3     |    select|   0|  0|  15|           1|          15|
    |select_ln66_fu_297_p3       |    select|   0|  0|  15|           1|          15|
    |x_max_fu_386_p3             |    select|   0|  0|  15|           1|          15|
    |ap_enable_pp0               |       xor|   0|  0|   2|           1|           2|
    |xor_ln248_10_fu_1384_p2     |       xor|   0|  0|   2|           1|           2|
    |xor_ln248_11_fu_1407_p2     |       xor|   0|  0|   2|           1|           2|
    |xor_ln248_12_fu_1499_p2     |       xor|   0|  0|   2|           1|           2|
    |xor_ln248_13_fu_1547_p2     |       xor|   0|  0|   2|           1|           2|
    |xor_ln248_14_fu_1559_p2     |       xor|   0|  0|   2|           1|           2|
    |xor_ln248_15_fu_1582_p2     |       xor|   0|  0|   2|           1|           2|
    |xor_ln248_16_fu_1674_p2     |       xor|   0|  0|   2|           1|           2|
    |xor_ln248_17_fu_1722_p2     |       xor|   0|  0|   2|           1|           2|
    |xor_ln248_18_fu_1734_p2     |       xor|   0|  0|   2|           1|           2|
    |xor_ln248_19_fu_1757_p2     |       xor|   0|  0|   2|           1|           2|
    |xor_ln248_1_fu_1022_p2      |       xor|   0|  0|   2|           1|           2|
    |xor_ln248_20_fu_1849_p2     |       xor|   0|  0|   2|           1|           2|
    |xor_ln248_21_fu_1897_p2     |       xor|   0|  0|   2|           1|           2|
    |xor_ln248_22_fu_1909_p2     |       xor|   0|  0|   2|           1|           2|
    |xor_ln248_23_fu_1932_p2     |       xor|   0|  0|   2|           1|           2|
    |xor_ln248_24_fu_2024_p2     |       xor|   0|  0|   2|           1|           2|
    |xor_ln248_25_fu_2072_p2     |       xor|   0|  0|   2|           1|           2|
    |xor_ln248_26_fu_2084_p2     |       xor|   0|  0|   2|           1|           2|
    |xor_ln248_27_fu_2107_p2     |       xor|   0|  0|   2|           1|           2|
    |xor_ln248_28_fu_2199_p2     |       xor|   0|  0|   2|           1|           2|
    |xor_ln248_29_fu_2247_p2     |       xor|   0|  0|   2|           1|           2|
    |xor_ln248_2_fu_1034_p2      |       xor|   0|  0|   2|           1|           2|
    |xor_ln248_30_fu_2259_p2     |       xor|   0|  0|   2|           1|           2|
    |xor_ln248_31_fu_2282_p2     |       xor|   0|  0|   2|           1|           2|
    |xor_ln248_32_fu_999_p2      |       xor|   0|  0|   2|           1|           2|
    |xor_ln248_33_fu_1174_p2     |       xor|   0|  0|   2|           1|           2|
    |xor_ln248_34_fu_1349_p2     |       xor|   0|  0|   2|           1|           2|
    |xor_ln248_35_fu_1524_p2     |       xor|   0|  0|   2|           1|           2|
    |xor_ln248_36_fu_1699_p2     |       xor|   0|  0|   2|           1|           2|
    |xor_ln248_37_fu_1874_p2     |       xor|   0|  0|   2|           1|           2|
    |xor_ln248_38_fu_2049_p2     |       xor|   0|  0|   2|           1|           2|
    |xor_ln248_39_fu_2224_p2     |       xor|   0|  0|   2|           1|           2|
    |xor_ln248_3_fu_1057_p2      |       xor|   0|  0|   2|           1|           2|
    |xor_ln248_4_fu_1149_p2      |       xor|   0|  0|   2|           1|           2|
    |xor_ln248_5_fu_1197_p2      |       xor|   0|  0|   2|           1|           2|
    |xor_ln248_6_fu_1209_p2      |       xor|   0|  0|   2|           1|           2|
    |xor_ln248_7_fu_1232_p2      |       xor|   0|  0|   2|           1|           2|
    |xor_ln248_8_fu_1324_p2      |       xor|   0|  0|   2|           1|           2|
    |xor_ln248_9_fu_1372_p2      |       xor|   0|  0|   2|           1|           2|
    |xor_ln248_fu_974_p2         |       xor|   0|  0|   2|           1|           2|
    |xor_ln264_fu_2596_p2        |       xor|   0|  0|   2|           1|           2|
    |xor_ln270_1_fu_2890_p2      |       xor|   0|  0|   2|           1|           2|
    |xor_ln270_2_fu_2988_p2      |       xor|   0|  0|   2|           1|           2|
    |xor_ln270_3_fu_3086_p2      |       xor|   0|  0|   2|           1|           2|
    |xor_ln270_4_fu_3184_p2      |       xor|   0|  0|   2|           1|           2|
    |xor_ln270_5_fu_3282_p2      |       xor|   0|  0|   2|           1|           2|
    |xor_ln270_6_fu_3380_p2      |       xor|   0|  0|   2|           1|           2|
    |xor_ln270_7_fu_3478_p2      |       xor|   0|  0|   2|           1|           2|
    |xor_ln270_fu_2792_p2        |       xor|   0|  0|   2|           1|           2|
    |xor_ln66_1_fu_303_p2        |       xor|   0|  0|   2|           1|           2|
    |xor_ln66_2_fu_320_p2        |       xor|   0|  0|   2|           1|           2|
    |xor_ln66_3_fu_334_p2        |       xor|   0|  0|   2|           1|           2|
    |xor_ln66_4_fu_345_p2        |       xor|   0|  0|   2|           1|           2|
    |xor_ln66_5_fu_362_p2        |       xor|   0|  0|   2|           1|           2|
    |xor_ln66_6_fu_380_p2        |       xor|   0|  0|   2|           1|           2|
    |xor_ln66_fu_292_p2          |       xor|   0|  0|   2|           1|           2|
    +----------------------------+----------+----+---+----+------------+------------+
    |Total                       |          |   0|  0|2160|        1050|        1175|
    +----------------------------+----------+----+---+----+------------+------------+

    * Multiplexer: 
    N/A

    * Register: 
    +-----------------------------------+----+----+-----+-----------+
    |                Name               | FF | LUT| Bits| Const Bits|
    +-----------------------------------+----+----+-----+-----------+
    |add_ln264_reg_4136                 |  12|   0|   12|          0|
    |add_ln51_3_reg_4100                |  14|   0|   20|          6|
    |add_ln51_3_reg_4100_pp0_iter8_reg  |  14|   0|   20|          6|
    |add_ln51_6_reg_4110                |  14|   0|   20|          6|
    |add_ln51_6_reg_4110_pp0_iter8_reg  |  14|   0|   20|          6|
    |add_ln51_7_reg_4120                |   4|   0|   10|          6|
    |add_ln51_reg_4131                  |  15|   0|   21|          6|
    |ap_CS_fsm                          |   1|   0|    1|          0|
    |ap_enable_reg_pp0_iter1            |   1|   0|    1|          0|
    |ap_enable_reg_pp0_iter10           |   1|   0|    1|          0|
    |ap_enable_reg_pp0_iter11           |   1|   0|    1|          0|
    |ap_enable_reg_pp0_iter12           |   1|   0|    1|          0|
    |ap_enable_reg_pp0_iter13           |   1|   0|    1|          0|
    |ap_enable_reg_pp0_iter14           |   1|   0|    1|          0|
    |ap_enable_reg_pp0_iter2            |   1|   0|    1|          0|
    |ap_enable_reg_pp0_iter3            |   1|   0|    1|          0|
    |ap_enable_reg_pp0_iter4            |   1|   0|    1|          0|
    |ap_enable_reg_pp0_iter5            |   1|   0|    1|          0|
    |ap_enable_reg_pp0_iter6            |   1|   0|    1|          0|
    |ap_enable_reg_pp0_iter7            |   1|   0|    1|          0|
    |ap_enable_reg_pp0_iter8            |   1|   0|    1|          0|
    |ap_enable_reg_pp0_iter9            |   1|   0|    1|          0|
    |d_xi_xmax_10_reg_3955              |  10|   0|   10|          0|
    |d_xi_xmax_11_reg_3960              |  10|   0|   10|          0|
    |d_xi_xmax_12_reg_3965              |  10|   0|   10|          0|
    |d_xi_xmax_13_reg_3970              |  10|   0|   10|          0|
    |d_xi_xmax_14_reg_3975              |  10|   0|   10|          0|
    |d_xi_xmax_8_reg_3945               |  10|   0|   10|          0|
    |d_xi_xmax_9_reg_3950               |  10|   0|   10|          0|
    |d_xi_xmax_reg_3940                 |  10|   0|   10|          0|
    |exp_res_1_reg_4065                 |  12|   0|   18|          6|
    |exp_res_2_reg_4070                 |  12|   0|   18|          6|
    |exp_res_3_reg_4075                 |  12|   0|   18|          6|
    |exp_res_4_reg_4080                 |  12|   0|   18|          6|
    |exp_res_5_reg_4085                 |  12|   0|   18|          6|
    |exp_res_6_reg_4090                 |  12|   0|   18|          6|
    |exp_res_7_reg_4095                 |  12|   0|   18|          6|
    |exp_res_reg_4060                   |  12|   0|   18|          6|
    |exp_table_load_1_reg_4025          |  12|   0|   12|          0|
    |exp_table_load_2_reg_4030          |  12|   0|   12|          0|
    |exp_table_load_3_reg_4035          |  12|   0|   12|          0|
    |exp_table_load_4_reg_4040          |  12|   0|   12|          0|
    |exp_table_load_5_reg_4045          |  12|   0|   12|          0|
    |exp_table_load_6_reg_4050          |  12|   0|   12|          0|
    |exp_table_load_7_reg_4055          |  12|   0|   12|          0|
    |exp_table_load_reg_4020            |  12|   0|   12|          0|
    |icmp_ln248_10_reg_3743             |   1|   0|    1|          0|
    |icmp_ln248_11_reg_3750             |   1|   0|    1|          0|
    |icmp_ln248_12_reg_3770             |   1|   0|    1|          0|
    |icmp_ln248_13_reg_3775             |   1|   0|    1|          0|
    |icmp_ln248_14_reg_3780             |   1|   0|    1|          0|
    |icmp_ln248_15_reg_3787             |   1|   0|    1|          0|
    |icmp_ln248_16_reg_3807             |   1|   0|    1|          0|
    |icmp_ln248_17_reg_3812             |   1|   0|    1|          0|
    |icmp_ln248_18_reg_3817             |   1|   0|    1|          0|
    |icmp_ln248_19_reg_3824             |   1|   0|    1|          0|
    |icmp_ln248_1_reg_3664              |   1|   0|    1|          0|
    |icmp_ln248_20_reg_3844             |   1|   0|    1|          0|
    |icmp_ln248_21_reg_3849             |   1|   0|    1|          0|
    |icmp_ln248_22_reg_3854             |   1|   0|    1|          0|
    |icmp_ln248_23_reg_3861             |   1|   0|    1|          0|
    |icmp_ln248_24_reg_3881             |   1|   0|    1|          0|
    |icmp_ln248_25_reg_3886             |   1|   0|    1|          0|
    |icmp_ln248_26_reg_3891             |   1|   0|    1|          0|
    |icmp_ln248_27_reg_3898             |   1|   0|    1|          0|
    |icmp_ln248_28_reg_3918             |   1|   0|    1|          0|
    |icmp_ln248_29_reg_3923             |   1|   0|    1|          0|
    |icmp_ln248_2_reg_3669              |   1|   0|    1|          0|
    |icmp_ln248_30_reg_3928             |   1|   0|    1|          0|
    |icmp_ln248_31_reg_3935             |   1|   0|    1|          0|
    |icmp_ln248_3_reg_3676              |   1|   0|    1|          0|
    |icmp_ln248_4_reg_3696              |   1|   0|    1|          0|
    |icmp_ln248_5_reg_3701              |   1|   0|    1|          0|
    |icmp_ln248_6_reg_3706              |   1|   0|    1|          0|
    |icmp_ln248_7_reg_3713              |   1|   0|    1|          0|
    |icmp_ln248_8_reg_3733              |   1|   0|    1|          0|
    |icmp_ln248_9_reg_3738              |   1|   0|    1|          0|
    |icmp_ln248_reg_3659                |   1|   0|    1|          0|
    |icmp_ln264_reg_4126                |   1|   0|    1|          0|
    |icmp_ln66_1_reg_3612               |   1|   0|    1|          0|
    |icmp_ln66_3_reg_3617               |   1|   0|    1|          0|
    |icmp_ln66_4_reg_3622               |   1|   0|    1|          0|
    |icmp_ln66_reg_3607                 |   1|   0|    1|          0|
    |inv_exp_sum_reg_4147               |  12|   0|   12|          0|
    |mul_ln270_1_reg_4218               |  30|   0|   30|          0|
    |mul_ln270_2_reg_4232               |  30|   0|   30|          0|
    |mul_ln270_3_reg_4246               |  30|   0|   30|          0|
    |mul_ln270_4_reg_4260               |  30|   0|   30|          0|
    |mul_ln270_5_reg_4274               |  30|   0|   30|          0|
    |mul_ln270_6_reg_4288               |  30|   0|   30|          0|
    |mul_ln270_7_reg_4302               |  30|   0|   30|          0|
    |mul_ln270_reg_4204                 |  30|   0|   30|          0|
    |p_read_1_reg_3559                  |  15|   0|   15|          0|
    |p_read_2_reg_3565                  |  15|   0|   15|          0|
    |p_read_3_reg_3571                  |  15|   0|   15|          0|
    |p_read_4_reg_3577                  |  15|   0|   15|          0|
    |p_read_5_reg_3583                  |  15|   0|   15|          0|
    |p_read_6_reg_3589                  |  15|   0|   15|          0|
    |p_read_7_reg_3595                  |  15|   0|   15|          0|
    |p_read_8_reg_3601                  |  15|   0|   15|          0|
    |select_ln66_2_reg_3627             |  15|   0|   15|          0|
    |select_ln66_5_reg_3633             |  15|   0|   15|          0|
    |sub_ln248_1_reg_3681               |  16|   0|   16|          0|
    |sub_ln248_2_reg_3718               |  16|   0|   16|          0|
    |sub_ln248_3_reg_3755               |  16|   0|   16|          0|
    |sub_ln248_4_reg_3792               |  16|   0|   16|          0|
    |sub_ln248_5_reg_3829               |  16|   0|   16|          0|
    |sub_ln248_6_reg_3866               |  16|   0|   16|          0|
    |sub_ln248_7_reg_3903               |  16|   0|   16|          0|
    |sub_ln248_reg_3644                 |  16|   0|   16|          0|
    |tmp_6333_reg_3690                  |   1|   0|    1|          0|
    |tmp_6340_reg_3727                  |   1|   0|    1|          0|
    |tmp_6348_reg_3764                  |   1|   0|    1|          0|
    |tmp_6356_reg_3801                  |   1|   0|    1|          0|
    |tmp_6364_reg_3838                  |   1|   0|    1|          0|
    |tmp_6372_reg_3875                  |   1|   0|    1|          0|
    |tmp_6380_reg_3912                  |   1|   0|    1|          0|
    |tmp_reg_3653                       |   1|   0|    1|          0|
    |trunc_ln270_10_reg_4255            |  18|   0|   18|          0|
    |trunc_ln270_11_reg_4269            |  18|   0|   18|          0|
    |trunc_ln270_12_reg_4283            |  18|   0|   18|          0|
    |trunc_ln270_13_reg_4297            |  18|   0|   18|          0|
    |trunc_ln270_14_reg_4311            |  18|   0|   18|          0|
    |trunc_ln270_8_reg_4227             |  18|   0|   18|          0|
    |trunc_ln270_9_reg_4241             |  18|   0|   18|          0|
    |trunc_ln270_reg_4213               |  18|   0|   18|          0|
    |trunc_ln51_1_reg_4115              |   4|   0|   10|          6|
    |trunc_ln51_reg_4105                |   4|   0|   10|          6|
    |x_max_reg_3639                     |  15|   0|   15|          0|
    |exp_res_1_reg_4065                 |  64|  32|   18|          6|
    |exp_res_2_reg_4070                 |  64|  32|   18|          6|
    |exp_res_3_reg_4075                 |  64|  32|   18|          6|
    |exp_res_4_reg_4080                 |  64|  32|   18|          6|
    |exp_res_5_reg_4085                 |  64|  32|   18|          6|
    |exp_res_6_reg_4090                 |  64|  32|   18|          6|
    |exp_res_7_reg_4095                 |  64|  32|   18|          6|
    |exp_res_reg_4060                   |  64|  32|   18|          6|
    |p_read_1_reg_3559                  |  64|  32|   15|          0|
    |p_read_2_reg_3565                  |  64|  32|   15|          0|
    |p_read_3_reg_3571                  |  64|  32|   15|          0|
    |p_read_4_reg_3577                  |  64|  32|   15|          0|
    |p_read_5_reg_3583                  |  64|  32|   15|          0|
    |p_read_6_reg_3589                  |  64|  32|   15|          0|
    |p_read_7_reg_3595                  |  64|  32|   15|          0|
    |p_read_8_reg_3601                  |  64|  32|   15|          0|
    +-----------------------------------+----+----+-----+-----------+
    |Total                              |2140| 512| 1476|        144|
    +-----------------------------------+----+----+-----+-----------+



================================================================
== Interface
================================================================
* Summary: 
+-------------+-----+-----+------------+-----------------------------------------------------------------+--------------+
|  RTL Ports  | Dir | Bits|  Protocol  |                          Source Object                          |    C Type    |
+-------------+-----+-----+------------+-----------------------------------------------------------------+--------------+
|ap_clk       |   in|    1|  ap_ctrl_hs|  softmax_stable<ap_fixed,ap_ufixed<10,1,4,0,0>,softmax_config53>|  return value|
|ap_rst       |   in|    1|  ap_ctrl_hs|  softmax_stable<ap_fixed,ap_ufixed<10,1,4,0,0>,softmax_config53>|  return value|
|ap_start     |   in|    1|  ap_ctrl_hs|  softmax_stable<ap_fixed,ap_ufixed<10,1,4,0,0>,softmax_config53>|  return value|
|ap_done      |  out|    1|  ap_ctrl_hs|  softmax_stable<ap_fixed,ap_ufixed<10,1,4,0,0>,softmax_config53>|  return value|
|ap_idle      |  out|    1|  ap_ctrl_hs|  softmax_stable<ap_fixed,ap_ufixed<10,1,4,0,0>,softmax_config53>|  return value|
|ap_ready     |  out|    1|  ap_ctrl_hs|  softmax_stable<ap_fixed,ap_ufixed<10,1,4,0,0>,softmax_config53>|  return value|
|ap_ce        |   in|    1|  ap_ctrl_hs|  softmax_stable<ap_fixed,ap_ufixed<10,1,4,0,0>,softmax_config53>|  return value|
|ap_return_0  |  out|   10|  ap_ctrl_hs|  softmax_stable<ap_fixed,ap_ufixed<10,1,4,0,0>,softmax_config53>|  return value|
|ap_return_1  |  out|   10|  ap_ctrl_hs|  softmax_stable<ap_fixed,ap_ufixed<10,1,4,0,0>,softmax_config53>|  return value|
|ap_return_2  |  out|   10|  ap_ctrl_hs|  softmax_stable<ap_fixed,ap_ufixed<10,1,4,0,0>,softmax_config53>|  return value|
|ap_return_3  |  out|   10|  ap_ctrl_hs|  softmax_stable<ap_fixed,ap_ufixed<10,1,4,0,0>,softmax_config53>|  return value|
|ap_return_4  |  out|   10|  ap_ctrl_hs|  softmax_stable<ap_fixed,ap_ufixed<10,1,4,0,0>,softmax_config53>|  return value|
|ap_return_5  |  out|   10|  ap_ctrl_hs|  softmax_stable<ap_fixed,ap_ufixed<10,1,4,0,0>,softmax_config53>|  return value|
|ap_return_6  |  out|   10|  ap_ctrl_hs|  softmax_stable<ap_fixed,ap_ufixed<10,1,4,0,0>,softmax_config53>|  return value|
|ap_return_7  |  out|   10|  ap_ctrl_hs|  softmax_stable<ap_fixed,ap_ufixed<10,1,4,0,0>,softmax_config53>|  return value|
|p_read       |   in|   15|     ap_none|                                                           p_read|        scalar|
|p_read1      |   in|   15|     ap_none|                                                          p_read1|        scalar|
|p_read2      |   in|   15|     ap_none|                                                          p_read2|        scalar|
|p_read3      |   in|   15|     ap_none|                                                          p_read3|        scalar|
|p_read4      |   in|   15|     ap_none|                                                          p_read4|        scalar|
|p_read5      |   in|   15|     ap_none|                                                          p_read5|        scalar|
|p_read6      |   in|   15|     ap_none|                                                          p_read6|        scalar|
|p_read7      |   in|   15|     ap_none|                                                          p_read7|        scalar|
+-------------+-----+-----+------------+-----------------------------------------------------------------+--------------+

