

================================================================
== Vitis HLS Report for 'thresholded_relu_ap_fixed_ap_ufixed_ap_ufixed_thresholdedrelu_config79_s'
================================================================
* Date:           Thu Aug 13 16:50:24 2026

* Version:        2023.2 (Build 4023990 on Oct 11 2023)
* Project:        myproject_prj
* Solution:       solution1 (Vivado IP Flow Target)
* Product family: virtexuplus
* Target device:  xcvu13p-flga2577-2-e


================================================================
== Performance Estimates
================================================================
+ Timing: 
    * Summary: 
    +--------+---------+----------+------------+
    |  Clock |  Target | Estimated| Uncertainty|
    +--------+---------+----------+------------+
    |ap_clk  |  2.50 ns|  1.720 ns|     0.68 ns|
    +--------+---------+----------+------------+

+ Latency: 
    * Summary: 
    +---------+---------+----------+----------+-----+-----+---------+
    |  Latency (cycles) |  Latency (absolute) |  Interval | Pipeline|
    |   min   |   max   |    min   |    max   | min | max |   Type  |
    +---------+---------+----------+----------+-----+-----+---------+
    |        1|        1|  2.500 ns|  2.500 ns|    1|    1|      yes|
    +---------+---------+----------+----------+-----+-----+---------+

    + Detail: 
        * Instance: 
        N/A

        * Loop: 
        N/A



================================================================
== Utilization Estimates
================================================================
* Summary: 
+---------------------+---------+-------+---------+---------+------+
|         Name        | BRAM_18K|  DSP  |    FF   |   LUT   | URAM |
+---------------------+---------+-------+---------+---------+------+
|DSP                  |        -|      -|        -|        -|     -|
|Expression           |        -|      -|        0|     4160|     -|
|FIFO                 |        -|      -|        -|        -|     -|
|Instance             |        -|      -|        -|        -|     -|
|Memory               |        -|      -|        -|        -|     -|
|Multiplexer          |        -|      -|        -|      448|     -|
|Register             |        -|      -|      449|        -|     -|
+---------------------+---------+-------+---------+---------+------+
|Total                |        0|      0|      449|     4608|     0|
+---------------------+---------+-------+---------+---------+------+
|Available SLR        |     1344|   3072|   864000|   432000|   320|
+---------------------+---------+-------+---------+---------+------+
|Utilization SLR (%)  |        0|      0|       ~0|        1|     0|
+---------------------+---------+-------+---------+---------+------+
|Available            |     5376|  12288|  3456000|  1728000|  1280|
+---------------------+---------+-------+---------+---------+------+
|Utilization (%)      |        0|      0|       ~0|       ~0|     0|
+---------------------+---------+-------+---------+---------+------+

+ Detail: 
    * Instance: 
    N/A

    * DSP: 
    N/A

    * Memory: 
    N/A

    * FIFO: 
    N/A

    * Expression: 
    +-----------------------------+----------+----+---+----+------------+------------+
    |        Variable Name        | Operation| DSP| FF| LUT| Bitwidth P0| Bitwidth P1|
    +-----------------------------+----------+----+---+----+------------+------------+
    |add_ln552_10_fu_1876_p2      |         +|   0|  0|  12|           5|           5|
    |add_ln552_11_fu_2026_p2      |         +|   0|  0|  12|           5|           5|
    |add_ln552_12_fu_2176_p2      |         +|   0|  0|  12|           5|           5|
    |add_ln552_13_fu_2326_p2      |         +|   0|  0|  12|           5|           5|
    |add_ln552_14_fu_2476_p2      |         +|   0|  0|  12|           5|           5|
    |add_ln552_15_fu_2626_p2      |         +|   0|  0|  12|           5|           5|
    |add_ln552_16_fu_2776_p2      |         +|   0|  0|  12|           5|           5|
    |add_ln552_17_fu_2926_p2      |         +|   0|  0|  12|           5|           5|
    |add_ln552_18_fu_3076_p2      |         +|   0|  0|  12|           5|           5|
    |add_ln552_19_fu_3226_p2      |         +|   0|  0|  12|           5|           5|
    |add_ln552_1_fu_526_p2        |         +|   0|  0|  12|           5|           5|
    |add_ln552_20_fu_3376_p2      |         +|   0|  0|  12|           5|           5|
    |add_ln552_21_fu_3526_p2      |         +|   0|  0|  12|           5|           5|
    |add_ln552_22_fu_3676_p2      |         +|   0|  0|  12|           5|           5|
    |add_ln552_23_fu_3826_p2      |         +|   0|  0|  12|           5|           5|
    |add_ln552_24_fu_3976_p2      |         +|   0|  0|  12|           5|           5|
    |add_ln552_25_fu_4126_p2      |         +|   0|  0|  12|           5|           5|
    |add_ln552_26_fu_4276_p2      |         +|   0|  0|  12|           5|           5|
    |add_ln552_27_fu_4426_p2      |         +|   0|  0|  12|           5|           5|
    |add_ln552_28_fu_4576_p2      |         +|   0|  0|  12|           5|           5|
    |add_ln552_29_fu_4726_p2      |         +|   0|  0|  12|           5|           5|
    |add_ln552_2_fu_676_p2        |         +|   0|  0|  12|           5|           5|
    |add_ln552_30_fu_4876_p2      |         +|   0|  0|  12|           5|           5|
    |add_ln552_31_fu_5026_p2      |         +|   0|  0|  12|           5|           5|
    |add_ln552_3_fu_826_p2        |         +|   0|  0|  12|           5|           5|
    |add_ln552_4_fu_976_p2        |         +|   0|  0|  12|           5|           5|
    |add_ln552_5_fu_1126_p2       |         +|   0|  0|  12|           5|           5|
    |add_ln552_6_fu_1276_p2       |         +|   0|  0|  12|           5|           5|
    |add_ln552_7_fu_1426_p2       |         +|   0|  0|  12|           5|           5|
    |add_ln552_8_fu_1576_p2       |         +|   0|  0|  12|           5|           5|
    |add_ln552_9_fu_1726_p2       |         +|   0|  0|  12|           5|           5|
    |add_ln552_fu_376_p2          |         +|   0|  0|  12|           5|           5|
    |and_ln552_100_fu_4116_p2     |       and|   0|  0|   2|           1|           1|
    |and_ln552_101_fu_4190_p2     |       and|   0|  0|   2|           1|           1|
    |and_ln552_102_fu_4196_p2     |       and|   0|  0|   2|           1|           1|
    |and_ln552_103_fu_6676_p2     |       and|   0|  0|   2|           1|           1|
    |and_ln552_104_fu_4266_p2     |       and|   0|  0|   2|           1|           1|
    |and_ln552_105_fu_4340_p2     |       and|   0|  0|   2|           1|           1|
    |and_ln552_106_fu_4346_p2     |       and|   0|  0|   2|           1|           1|
    |and_ln552_107_fu_6738_p2     |       and|   0|  0|   2|           1|           1|
    |and_ln552_108_fu_4416_p2     |       and|   0|  0|   2|           1|           1|
    |and_ln552_109_fu_4490_p2     |       and|   0|  0|   2|           1|           1|
    |and_ln552_10_fu_746_p2       |       and|   0|  0|   2|           1|           1|
    |and_ln552_110_fu_4496_p2     |       and|   0|  0|   2|           1|           1|
    |and_ln552_111_fu_6800_p2     |       and|   0|  0|   2|           1|           1|
    |and_ln552_112_fu_4566_p2     |       and|   0|  0|   2|           1|           1|
    |and_ln552_113_fu_4640_p2     |       and|   0|  0|   2|           1|           1|
    |and_ln552_114_fu_4646_p2     |       and|   0|  0|   2|           1|           1|
    |and_ln552_115_fu_6862_p2     |       and|   0|  0|   2|           1|           1|
    |and_ln552_116_fu_4716_p2     |       and|   0|  0|   2|           1|           1|
    |and_ln552_117_fu_4790_p2     |       and|   0|  0|   2|           1|           1|
    |and_ln552_118_fu_4796_p2     |       and|   0|  0|   2|           1|           1|
    |and_ln552_119_fu_6924_p2     |       and|   0|  0|   2|           1|           1|
    |and_ln552_11_fu_5250_p2      |       and|   0|  0|   2|           1|           1|
    |and_ln552_120_fu_4866_p2     |       and|   0|  0|   2|           1|           1|
    |and_ln552_121_fu_4940_p2     |       and|   0|  0|   2|           1|           1|
    |and_ln552_122_fu_4946_p2     |       and|   0|  0|   2|           1|           1|
    |and_ln552_123_fu_6986_p2     |       and|   0|  0|   2|           1|           1|
    |and_ln552_124_fu_5016_p2     |       and|   0|  0|   2|           1|           1|
    |and_ln552_125_fu_5090_p2     |       and|   0|  0|   2|           1|           1|
    |and_ln552_126_fu_5096_p2     |       and|   0|  0|   2|           1|           1|
    |and_ln552_127_fu_7048_p2     |       and|   0|  0|   2|           1|           1|
    |and_ln552_12_fu_816_p2       |       and|   0|  0|   2|           1|           1|
    |and_ln552_13_fu_890_p2       |       and|   0|  0|   2|           1|           1|
    |and_ln552_14_fu_896_p2       |       and|   0|  0|   2|           1|           1|
    |and_ln552_15_fu_5312_p2      |       and|   0|  0|   2|           1|           1|
    |and_ln552_16_fu_966_p2       |       and|   0|  0|   2|           1|           1|
    |and_ln552_17_fu_1040_p2      |       and|   0|  0|   2|           1|           1|
    |and_ln552_18_fu_1046_p2      |       and|   0|  0|   2|           1|           1|
    |and_ln552_19_fu_5374_p2      |       and|   0|  0|   2|           1|           1|
    |and_ln552_1_fu_440_p2        |       and|   0|  0|   2|           1|           1|
    |and_ln552_20_fu_1116_p2      |       and|   0|  0|   2|           1|           1|
    |and_ln552_21_fu_1190_p2      |       and|   0|  0|   2|           1|           1|
    |and_ln552_22_fu_1196_p2      |       and|   0|  0|   2|           1|           1|
    |and_ln552_23_fu_5436_p2      |       and|   0|  0|   2|           1|           1|
    |and_ln552_24_fu_1266_p2      |       and|   0|  0|   2|           1|           1|
    |and_ln552_25_fu_1340_p2      |       and|   0|  0|   2|           1|           1|
    |and_ln552_26_fu_1346_p2      |       and|   0|  0|   2|           1|           1|
    |and_ln552_27_fu_5498_p2      |       and|   0|  0|   2|           1|           1|
    |and_ln552_28_fu_1416_p2      |       and|   0|  0|   2|           1|           1|
    |and_ln552_29_fu_1490_p2      |       and|   0|  0|   2|           1|           1|
    |and_ln552_2_fu_446_p2        |       and|   0|  0|   2|           1|           1|
    |and_ln552_30_fu_1496_p2      |       and|   0|  0|   2|           1|           1|
    |and_ln552_31_fu_5560_p2      |       and|   0|  0|   2|           1|           1|
    |and_ln552_32_fu_1566_p2      |       and|   0|  0|   2|           1|           1|
    |and_ln552_33_fu_1640_p2      |       and|   0|  0|   2|           1|           1|
    |and_ln552_34_fu_1646_p2      |       and|   0|  0|   2|           1|           1|
    |and_ln552_35_fu_5622_p2      |       and|   0|  0|   2|           1|           1|
    |and_ln552_36_fu_1716_p2      |       and|   0|  0|   2|           1|           1|
    |and_ln552_37_fu_1790_p2      |       and|   0|  0|   2|           1|           1|
    |and_ln552_38_fu_1796_p2      |       and|   0|  0|   2|           1|           1|
    |and_ln552_39_fu_5684_p2      |       and|   0|  0|   2|           1|           1|
    |and_ln552_3_fu_5126_p2       |       and|   0|  0|   2|           1|           1|
    |and_ln552_40_fu_1866_p2      |       and|   0|  0|   2|           1|           1|
    |and_ln552_41_fu_1940_p2      |       and|   0|  0|   2|           1|           1|
    |and_ln552_42_fu_1946_p2      |       and|   0|  0|   2|           1|           1|
    |and_ln552_43_fu_5746_p2      |       and|   0|  0|   2|           1|           1|
    |and_ln552_44_fu_2016_p2      |       and|   0|  0|   2|           1|           1|
    |and_ln552_45_fu_2090_p2      |       and|   0|  0|   2|           1|           1|
    |and_ln552_46_fu_2096_p2      |       and|   0|  0|   2|           1|           1|
    |and_ln552_47_fu_5808_p2      |       and|   0|  0|   2|           1|           1|
    |and_ln552_48_fu_2166_p2      |       and|   0|  0|   2|           1|           1|
    |and_ln552_49_fu_2240_p2      |       and|   0|  0|   2|           1|           1|
    |and_ln552_4_fu_516_p2        |       and|   0|  0|   2|           1|           1|
    |and_ln552_50_fu_2246_p2      |       and|   0|  0|   2|           1|           1|
    |and_ln552_51_fu_5870_p2      |       and|   0|  0|   2|           1|           1|
    |and_ln552_52_fu_2316_p2      |       and|   0|  0|   2|           1|           1|
    |and_ln552_53_fu_2390_p2      |       and|   0|  0|   2|           1|           1|
    |and_ln552_54_fu_2396_p2      |       and|   0|  0|   2|           1|           1|
    |and_ln552_55_fu_5932_p2      |       and|   0|  0|   2|           1|           1|
    |and_ln552_56_fu_2466_p2      |       and|   0|  0|   2|           1|           1|
    |and_ln552_57_fu_2540_p2      |       and|   0|  0|   2|           1|           1|
    |and_ln552_58_fu_2546_p2      |       and|   0|  0|   2|           1|           1|
    |and_ln552_59_fu_5994_p2      |       and|   0|  0|   2|           1|           1|
    |and_ln552_5_fu_590_p2        |       and|   0|  0|   2|           1|           1|
    |and_ln552_60_fu_2616_p2      |       and|   0|  0|   2|           1|           1|
    |and_ln552_61_fu_2690_p2      |       and|   0|  0|   2|           1|           1|
    |and_ln552_62_fu_2696_p2      |       and|   0|  0|   2|           1|           1|
    |and_ln552_63_fu_6056_p2      |       and|   0|  0|   2|           1|           1|
    |and_ln552_64_fu_2766_p2      |       and|   0|  0|   2|           1|           1|
    |and_ln552_65_fu_2840_p2      |       and|   0|  0|   2|           1|           1|
    |and_ln552_66_fu_2846_p2      |       and|   0|  0|   2|           1|           1|
    |and_ln552_67_fu_6118_p2      |       and|   0|  0|   2|           1|           1|
    |and_ln552_68_fu_2916_p2      |       and|   0|  0|   2|           1|           1|
    |and_ln552_69_fu_2990_p2      |       and|   0|  0|   2|           1|           1|
    |and_ln552_6_fu_596_p2        |       and|   0|  0|   2|           1|           1|
    |and_ln552_70_fu_2996_p2      |       and|   0|  0|   2|           1|           1|
    |and_ln552_71_fu_6180_p2      |       and|   0|  0|   2|           1|           1|
    |and_ln552_72_fu_3066_p2      |       and|   0|  0|   2|           1|           1|
    |and_ln552_73_fu_3140_p2      |       and|   0|  0|   2|           1|           1|
    |and_ln552_74_fu_3146_p2      |       and|   0|  0|   2|           1|           1|
    |and_ln552_75_fu_6242_p2      |       and|   0|  0|   2|           1|           1|
    |and_ln552_76_fu_3216_p2      |       and|   0|  0|   2|           1|           1|
    |and_ln552_77_fu_3290_p2      |       and|   0|  0|   2|           1|           1|
    |and_ln552_78_fu_3296_p2      |       and|   0|  0|   2|           1|           1|
    |and_ln552_79_fu_6304_p2      |       and|   0|  0|   2|           1|           1|
    |and_ln552_7_fu_5188_p2       |       and|   0|  0|   2|           1|           1|
    |and_ln552_80_fu_3366_p2      |       and|   0|  0|   2|           1|           1|
    |and_ln552_81_fu_3440_p2      |       and|   0|  0|   2|           1|           1|
    |and_ln552_82_fu_3446_p2      |       and|   0|  0|   2|           1|           1|
    |and_ln552_83_fu_6366_p2      |       and|   0|  0|   2|           1|           1|
    |and_ln552_84_fu_3516_p2      |       and|   0|  0|   2|           1|           1|
    |and_ln552_85_fu_3590_p2      |       and|   0|  0|   2|           1|           1|
    |and_ln552_86_fu_3596_p2      |       and|   0|  0|   2|           1|           1|
    |and_ln552_87_fu_6428_p2      |       and|   0|  0|   2|           1|           1|
    |and_ln552_88_fu_3666_p2      |       and|   0|  0|   2|           1|           1|
    |and_ln552_89_fu_3740_p2      |       and|   0|  0|   2|           1|           1|
    |and_ln552_8_fu_666_p2        |       and|   0|  0|   2|           1|           1|
    |and_ln552_90_fu_3746_p2      |       and|   0|  0|   2|           1|           1|
    |and_ln552_91_fu_6490_p2      |       and|   0|  0|   2|           1|           1|
    |and_ln552_92_fu_3816_p2      |       and|   0|  0|   2|           1|           1|
    |and_ln552_93_fu_3890_p2      |       and|   0|  0|   2|           1|           1|
    |and_ln552_94_fu_3896_p2      |       and|   0|  0|   2|           1|           1|
    |and_ln552_95_fu_6552_p2      |       and|   0|  0|   2|           1|           1|
    |and_ln552_96_fu_3966_p2      |       and|   0|  0|   2|           1|           1|
    |and_ln552_97_fu_4040_p2      |       and|   0|  0|   2|           1|           1|
    |and_ln552_98_fu_4046_p2      |       and|   0|  0|   2|           1|           1|
    |and_ln552_99_fu_6614_p2      |       and|   0|  0|   2|           1|           1|
    |and_ln552_9_fu_740_p2        |       and|   0|  0|   2|           1|           1|
    |and_ln552_fu_366_p2          |       and|   0|  0|   2|           1|           1|
    |icmp_ln551_10_fu_1802_p2     |      icmp|   0|  0|  28|          21|           1|
    |icmp_ln551_11_fu_1952_p2     |      icmp|   0|  0|  28|          21|           1|
    |icmp_ln551_12_fu_2102_p2     |      icmp|   0|  0|  28|          21|           1|
    |icmp_ln551_13_fu_2252_p2     |      icmp|   0|  0|  28|          21|           1|
    |icmp_ln551_14_fu_2402_p2     |      icmp|   0|  0|  28|          21|           1|
    |icmp_ln551_15_fu_2552_p2     |      icmp|   0|  0|  28|          21|           1|
    |icmp_ln551_16_fu_2702_p2     |      icmp|   0|  0|  28|          21|           1|
    |icmp_ln551_17_fu_2852_p2     |      icmp|   0|  0|  28|          21|           1|
    |icmp_ln551_18_fu_3002_p2     |      icmp|   0|  0|  28|          21|           1|
    |icmp_ln551_19_fu_3152_p2     |      icmp|   0|  0|  28|          21|           1|
    |icmp_ln551_1_fu_452_p2       |      icmp|   0|  0|  28|          21|           1|
    |icmp_ln551_20_fu_3302_p2     |      icmp|   0|  0|  28|          21|           1|
    |icmp_ln551_21_fu_3452_p2     |      icmp|   0|  0|  28|          21|           1|
    |icmp_ln551_22_fu_3602_p2     |      icmp|   0|  0|  28|          21|           1|
    |icmp_ln551_23_fu_3752_p2     |      icmp|   0|  0|  28|          21|           1|
    |icmp_ln551_24_fu_3902_p2     |      icmp|   0|  0|  28|          21|           1|
    |icmp_ln551_25_fu_4052_p2     |      icmp|   0|  0|  28|          21|           1|
    |icmp_ln551_26_fu_4202_p2     |      icmp|   0|  0|  28|          21|           1|
    |icmp_ln551_27_fu_4352_p2     |      icmp|   0|  0|  28|          21|           1|
    |icmp_ln551_28_fu_4502_p2     |      icmp|   0|  0|  28|          21|           1|
    |icmp_ln551_29_fu_4652_p2     |      icmp|   0|  0|  28|          21|           1|
    |icmp_ln551_2_fu_602_p2       |      icmp|   0|  0|  28|          21|           1|
    |icmp_ln551_30_fu_4802_p2     |      icmp|   0|  0|  28|          21|           1|
    |icmp_ln551_31_fu_4952_p2     |      icmp|   0|  0|  28|          21|           1|
    |icmp_ln551_3_fu_752_p2       |      icmp|   0|  0|  28|          21|           1|
    |icmp_ln551_4_fu_902_p2       |      icmp|   0|  0|  28|          21|           1|
    |icmp_ln551_5_fu_1052_p2      |      icmp|   0|  0|  28|          21|           1|
    |icmp_ln551_6_fu_1202_p2      |      icmp|   0|  0|  28|          21|           1|
    |icmp_ln551_7_fu_1352_p2      |      icmp|   0|  0|  28|          21|           1|
    |icmp_ln551_8_fu_1502_p2      |      icmp|   0|  0|  28|          21|           1|
    |icmp_ln551_9_fu_1652_p2      |      icmp|   0|  0|  28|          21|           1|
    |icmp_ln551_fu_302_p2         |      icmp|   0|  0|  28|          21|           1|
    |icmp_ln552_10_fu_842_p2      |      icmp|   0|  0|  12|           4|           2|
    |icmp_ln552_11_fu_848_p2      |      icmp|   0|  0|  12|           4|           1|
    |icmp_ln552_12_fu_946_p2      |      icmp|   0|  0|  18|          11|           1|
    |icmp_ln552_13_fu_992_p2      |      icmp|   0|  0|  12|           4|           2|
    |icmp_ln552_14_fu_998_p2      |      icmp|   0|  0|  12|           4|           1|
    |icmp_ln552_15_fu_1096_p2     |      icmp|   0|  0|  18|          11|           1|
    |icmp_ln552_16_fu_1142_p2     |      icmp|   0|  0|  12|           4|           2|
    |icmp_ln552_17_fu_1148_p2     |      icmp|   0|  0|  12|           4|           1|
    |icmp_ln552_18_fu_1246_p2     |      icmp|   0|  0|  18|          11|           1|
    |icmp_ln552_19_fu_1292_p2     |      icmp|   0|  0|  12|           4|           2|
    |icmp_ln552_1_fu_392_p2       |      icmp|   0|  0|  12|           4|           2|
    |icmp_ln552_20_fu_1298_p2     |      icmp|   0|  0|  12|           4|           1|
    |icmp_ln552_21_fu_1396_p2     |      icmp|   0|  0|  18|          11|           1|
    |icmp_ln552_22_fu_1442_p2     |      icmp|   0|  0|  12|           4|           2|
    |icmp_ln552_23_fu_1448_p2     |      icmp|   0|  0|  12|           4|           1|
    |icmp_ln552_24_fu_1546_p2     |      icmp|   0|  0|  18|          11|           1|
    |icmp_ln552_25_fu_1592_p2     |      icmp|   0|  0|  12|           4|           2|
    |icmp_ln552_26_fu_1598_p2     |      icmp|   0|  0|  12|           4|           1|
    |icmp_ln552_27_fu_1696_p2     |      icmp|   0|  0|  18|          11|           1|
    |icmp_ln552_28_fu_1742_p2     |      icmp|   0|  0|  12|           4|           2|
    |icmp_ln552_29_fu_1748_p2     |      icmp|   0|  0|  12|           4|           1|
    |icmp_ln552_2_fu_398_p2       |      icmp|   0|  0|  12|           4|           1|
    |icmp_ln552_30_fu_1846_p2     |      icmp|   0|  0|  18|          11|           1|
    |icmp_ln552_31_fu_1892_p2     |      icmp|   0|  0|  12|           4|           2|
    |icmp_ln552_32_fu_1898_p2     |      icmp|   0|  0|  12|           4|           1|
    |icmp_ln552_33_fu_1996_p2     |      icmp|   0|  0|  18|          11|           1|
    |icmp_ln552_34_fu_2042_p2     |      icmp|   0|  0|  12|           4|           2|
    |icmp_ln552_35_fu_2048_p2     |      icmp|   0|  0|  12|           4|           1|
    |icmp_ln552_36_fu_2146_p2     |      icmp|   0|  0|  18|          11|           1|
    |icmp_ln552_37_fu_2192_p2     |      icmp|   0|  0|  12|           4|           2|
    |icmp_ln552_38_fu_2198_p2     |      icmp|   0|  0|  12|           4|           1|
    |icmp_ln552_39_fu_2296_p2     |      icmp|   0|  0|  18|          11|           1|
    |icmp_ln552_3_fu_496_p2       |      icmp|   0|  0|  18|          11|           1|
    |icmp_ln552_40_fu_2342_p2     |      icmp|   0|  0|  12|           4|           2|
    |icmp_ln552_41_fu_2348_p2     |      icmp|   0|  0|  12|           4|           1|
    |icmp_ln552_42_fu_2446_p2     |      icmp|   0|  0|  18|          11|           1|
    |icmp_ln552_43_fu_2492_p2     |      icmp|   0|  0|  12|           4|           2|
    |icmp_ln552_44_fu_2498_p2     |      icmp|   0|  0|  12|           4|           1|
    |icmp_ln552_45_fu_2596_p2     |      icmp|   0|  0|  18|          11|           1|
    |icmp_ln552_46_fu_2642_p2     |      icmp|   0|  0|  12|           4|           2|
    |icmp_ln552_47_fu_2648_p2     |      icmp|   0|  0|  12|           4|           1|
    |icmp_ln552_48_fu_2746_p2     |      icmp|   0|  0|  18|          11|           1|
    |icmp_ln552_49_fu_2792_p2     |      icmp|   0|  0|  12|           4|           2|
    |icmp_ln552_4_fu_542_p2       |      icmp|   0|  0|  12|           4|           2|
    |icmp_ln552_50_fu_2798_p2     |      icmp|   0|  0|  12|           4|           1|
    |icmp_ln552_51_fu_2896_p2     |      icmp|   0|  0|  18|          11|           1|
    |icmp_ln552_52_fu_2942_p2     |      icmp|   0|  0|  12|           4|           2|
    |icmp_ln552_53_fu_2948_p2     |      icmp|   0|  0|  12|           4|           1|
    |icmp_ln552_54_fu_3046_p2     |      icmp|   0|  0|  18|          11|           1|
    |icmp_ln552_55_fu_3092_p2     |      icmp|   0|  0|  12|           4|           2|
    |icmp_ln552_56_fu_3098_p2     |      icmp|   0|  0|  12|           4|           1|
    |icmp_ln552_57_fu_3196_p2     |      icmp|   0|  0|  18|          11|           1|
    |icmp_ln552_58_fu_3242_p2     |      icmp|   0|  0|  12|           4|           2|
    |icmp_ln552_59_fu_3248_p2     |      icmp|   0|  0|  12|           4|           1|
    |icmp_ln552_5_fu_548_p2       |      icmp|   0|  0|  12|           4|           1|
    |icmp_ln552_60_fu_3346_p2     |      icmp|   0|  0|  18|          11|           1|
    |icmp_ln552_61_fu_3392_p2     |      icmp|   0|  0|  12|           4|           2|
    |icmp_ln552_62_fu_3398_p2     |      icmp|   0|  0|  12|           4|           1|
    |icmp_ln552_63_fu_3496_p2     |      icmp|   0|  0|  18|          11|           1|
    |icmp_ln552_64_fu_3542_p2     |      icmp|   0|  0|  12|           4|           2|
    |icmp_ln552_65_fu_3548_p2     |      icmp|   0|  0|  12|           4|           1|
    |icmp_ln552_66_fu_3646_p2     |      icmp|   0|  0|  18|          11|           1|
    |icmp_ln552_67_fu_3692_p2     |      icmp|   0|  0|  12|           4|           2|
    |icmp_ln552_68_fu_3698_p2     |      icmp|   0|  0|  12|           4|           1|
    |icmp_ln552_69_fu_3796_p2     |      icmp|   0|  0|  18|          11|           1|
    |icmp_ln552_6_fu_646_p2       |      icmp|   0|  0|  18|          11|           1|
    |icmp_ln552_70_fu_3842_p2     |      icmp|   0|  0|  12|           4|           2|
    |icmp_ln552_71_fu_3848_p2     |      icmp|   0|  0|  12|           4|           1|
    |icmp_ln552_72_fu_3946_p2     |      icmp|   0|  0|  18|          11|           1|
    |icmp_ln552_73_fu_3992_p2     |      icmp|   0|  0|  12|           4|           2|
    |icmp_ln552_74_fu_3998_p2     |      icmp|   0|  0|  12|           4|           1|
    |icmp_ln552_75_fu_4096_p2     |      icmp|   0|  0|  18|          11|           1|
    |icmp_ln552_76_fu_4142_p2     |      icmp|   0|  0|  12|           4|           2|
    |icmp_ln552_77_fu_4148_p2     |      icmp|   0|  0|  12|           4|           1|
    |icmp_ln552_78_fu_4246_p2     |      icmp|   0|  0|  18|          11|           1|
    |icmp_ln552_79_fu_4292_p2     |      icmp|   0|  0|  12|           4|           2|
    |icmp_ln552_7_fu_692_p2       |      icmp|   0|  0|  12|           4|           2|
    |icmp_ln552_80_fu_4298_p2     |      icmp|   0|  0|  12|           4|           1|
    |icmp_ln552_81_fu_4396_p2     |      icmp|   0|  0|  18|          11|           1|
    |icmp_ln552_82_fu_4442_p2     |      icmp|   0|  0|  12|           4|           2|
    |icmp_ln552_83_fu_4448_p2     |      icmp|   0|  0|  12|           4|           1|
    |icmp_ln552_84_fu_4546_p2     |      icmp|   0|  0|  18|          11|           1|
    |icmp_ln552_85_fu_4592_p2     |      icmp|   0|  0|  12|           4|           2|
    |icmp_ln552_86_fu_4598_p2     |      icmp|   0|  0|  12|           4|           1|
    |icmp_ln552_87_fu_4696_p2     |      icmp|   0|  0|  18|          11|           1|
    |icmp_ln552_88_fu_4742_p2     |      icmp|   0|  0|  12|           4|           2|
    |icmp_ln552_89_fu_4748_p2     |      icmp|   0|  0|  12|           4|           1|
    |icmp_ln552_8_fu_698_p2       |      icmp|   0|  0|  12|           4|           1|
    |icmp_ln552_90_fu_4846_p2     |      icmp|   0|  0|  18|          11|           1|
    |icmp_ln552_91_fu_4892_p2     |      icmp|   0|  0|  12|           4|           2|
    |icmp_ln552_92_fu_4898_p2     |      icmp|   0|  0|  12|           4|           1|
    |icmp_ln552_93_fu_4996_p2     |      icmp|   0|  0|  18|          11|           1|
    |icmp_ln552_94_fu_5042_p2     |      icmp|   0|  0|  12|           4|           2|
    |icmp_ln552_95_fu_5048_p2     |      icmp|   0|  0|  12|           4|           1|
    |icmp_ln552_9_fu_796_p2       |      icmp|   0|  0|  18|          11|           1|
    |icmp_ln552_fu_346_p2         |      icmp|   0|  0|  18|          11|           1|
    |or_ln552_10_fu_884_p2        |        or|   0|  0|   2|           1|           1|
    |or_ln552_11_fu_5317_p2       |        or|   0|  0|   2|           1|           1|
    |or_ln552_12_fu_960_p2        |        or|   0|  0|   2|           1|           1|
    |or_ln552_13_fu_1034_p2       |        or|   0|  0|   2|           1|           1|
    |or_ln552_14_fu_5379_p2       |        or|   0|  0|   2|           1|           1|
    |or_ln552_15_fu_1110_p2       |        or|   0|  0|   2|           1|           1|
    |or_ln552_16_fu_1184_p2       |        or|   0|  0|   2|           1|           1|
    |or_ln552_17_fu_5441_p2       |        or|   0|  0|   2|           1|           1|
    |or_ln552_18_fu_1260_p2       |        or|   0|  0|   2|           1|           1|
    |or_ln552_19_fu_1334_p2       |        or|   0|  0|   2|           1|           1|
    |or_ln552_1_fu_434_p2         |        or|   0|  0|   2|           1|           1|
    |or_ln552_20_fu_5503_p2       |        or|   0|  0|   2|           1|           1|
    |or_ln552_21_fu_1410_p2       |        or|   0|  0|   2|           1|           1|
    |or_ln552_22_fu_1484_p2       |        or|   0|  0|   2|           1|           1|
    |or_ln552_23_fu_5565_p2       |        or|   0|  0|   2|           1|           1|
    |or_ln552_24_fu_1560_p2       |        or|   0|  0|   2|           1|           1|
    |or_ln552_25_fu_1634_p2       |        or|   0|  0|   2|           1|           1|
    |or_ln552_26_fu_5627_p2       |        or|   0|  0|   2|           1|           1|
    |or_ln552_27_fu_1710_p2       |        or|   0|  0|   2|           1|           1|
    |or_ln552_28_fu_1784_p2       |        or|   0|  0|   2|           1|           1|
    |or_ln552_29_fu_5689_p2       |        or|   0|  0|   2|           1|           1|
    |or_ln552_2_fu_5131_p2        |        or|   0|  0|   2|           1|           1|
    |or_ln552_30_fu_1860_p2       |        or|   0|  0|   2|           1|           1|
    |or_ln552_31_fu_1934_p2       |        or|   0|  0|   2|           1|           1|
    |or_ln552_32_fu_5751_p2       |        or|   0|  0|   2|           1|           1|
    |or_ln552_33_fu_2010_p2       |        or|   0|  0|   2|           1|           1|
    |or_ln552_34_fu_2084_p2       |        or|   0|  0|   2|           1|           1|
    |or_ln552_35_fu_5813_p2       |        or|   0|  0|   2|           1|           1|
    |or_ln552_36_fu_2160_p2       |        or|   0|  0|   2|           1|           1|
    |or_ln552_37_fu_2234_p2       |        or|   0|  0|   2|           1|           1|
    |or_ln552_38_fu_5875_p2       |        or|   0|  0|   2|           1|           1|
    |or_ln552_39_fu_2310_p2       |        or|   0|  0|   2|           1|           1|
    |or_ln552_3_fu_510_p2         |        or|   0|  0|   2|           1|           1|
    |or_ln552_40_fu_2384_p2       |        or|   0|  0|   2|           1|           1|
    |or_ln552_41_fu_5937_p2       |        or|   0|  0|   2|           1|           1|
    |or_ln552_42_fu_2460_p2       |        or|   0|  0|   2|           1|           1|
    |or_ln552_43_fu_2534_p2       |        or|   0|  0|   2|           1|           1|
    |or_ln552_44_fu_5999_p2       |        or|   0|  0|   2|           1|           1|
    |or_ln552_45_fu_2610_p2       |        or|   0|  0|   2|           1|           1|
    |or_ln552_46_fu_2684_p2       |        or|   0|  0|   2|           1|           1|
    |or_ln552_47_fu_6061_p2       |        or|   0|  0|   2|           1|           1|
    |or_ln552_48_fu_2760_p2       |        or|   0|  0|   2|           1|           1|
    |or_ln552_49_fu_2834_p2       |        or|   0|  0|   2|           1|           1|
    |or_ln552_4_fu_584_p2         |        or|   0|  0|   2|           1|           1|
    |or_ln552_50_fu_6123_p2       |        or|   0|  0|   2|           1|           1|
    |or_ln552_51_fu_2910_p2       |        or|   0|  0|   2|           1|           1|
    |or_ln552_52_fu_2984_p2       |        or|   0|  0|   2|           1|           1|
    |or_ln552_53_fu_6185_p2       |        or|   0|  0|   2|           1|           1|
    |or_ln552_54_fu_3060_p2       |        or|   0|  0|   2|           1|           1|
    |or_ln552_55_fu_3134_p2       |        or|   0|  0|   2|           1|           1|
    |or_ln552_56_fu_6247_p2       |        or|   0|  0|   2|           1|           1|
    |or_ln552_57_fu_3210_p2       |        or|   0|  0|   2|           1|           1|
    |or_ln552_58_fu_3284_p2       |        or|   0|  0|   2|           1|           1|
    |or_ln552_59_fu_6309_p2       |        or|   0|  0|   2|           1|           1|
    |or_ln552_5_fu_5193_p2        |        or|   0|  0|   2|           1|           1|
    |or_ln552_60_fu_3360_p2       |        or|   0|  0|   2|           1|           1|
    |or_ln552_61_fu_3434_p2       |        or|   0|  0|   2|           1|           1|
    |or_ln552_62_fu_6371_p2       |        or|   0|  0|   2|           1|           1|
    |or_ln552_63_fu_3510_p2       |        or|   0|  0|   2|           1|           1|
    |or_ln552_64_fu_3584_p2       |        or|   0|  0|   2|           1|           1|
    |or_ln552_65_fu_6433_p2       |        or|   0|  0|   2|           1|           1|
    |or_ln552_66_fu_3660_p2       |        or|   0|  0|   2|           1|           1|
    |or_ln552_67_fu_3734_p2       |        or|   0|  0|   2|           1|           1|
    |or_ln552_68_fu_6495_p2       |        or|   0|  0|   2|           1|           1|
    |or_ln552_69_fu_3810_p2       |        or|   0|  0|   2|           1|           1|
    |or_ln552_6_fu_660_p2         |        or|   0|  0|   2|           1|           1|
    |or_ln552_70_fu_3884_p2       |        or|   0|  0|   2|           1|           1|
    |or_ln552_71_fu_6557_p2       |        or|   0|  0|   2|           1|           1|
    |or_ln552_72_fu_3960_p2       |        or|   0|  0|   2|           1|           1|
    |or_ln552_73_fu_4034_p2       |        or|   0|  0|   2|           1|           1|
    |or_ln552_74_fu_6619_p2       |        or|   0|  0|   2|           1|           1|
    |or_ln552_75_fu_4110_p2       |        or|   0|  0|   2|           1|           1|
    |or_ln552_76_fu_4184_p2       |        or|   0|  0|   2|           1|           1|
    |or_ln552_77_fu_6681_p2       |        or|   0|  0|   2|           1|           1|
    |or_ln552_78_fu_4260_p2       |        or|   0|  0|   2|           1|           1|
    |or_ln552_79_fu_4334_p2       |        or|   0|  0|   2|           1|           1|
    |or_ln552_7_fu_734_p2         |        or|   0|  0|   2|           1|           1|
    |or_ln552_80_fu_6743_p2       |        or|   0|  0|   2|           1|           1|
    |or_ln552_81_fu_4410_p2       |        or|   0|  0|   2|           1|           1|
    |or_ln552_82_fu_4484_p2       |        or|   0|  0|   2|           1|           1|
    |or_ln552_83_fu_6805_p2       |        or|   0|  0|   2|           1|           1|
    |or_ln552_84_fu_4560_p2       |        or|   0|  0|   2|           1|           1|
    |or_ln552_85_fu_4634_p2       |        or|   0|  0|   2|           1|           1|
    |or_ln552_86_fu_6867_p2       |        or|   0|  0|   2|           1|           1|
    |or_ln552_87_fu_4710_p2       |        or|   0|  0|   2|           1|           1|
    |or_ln552_88_fu_4784_p2       |        or|   0|  0|   2|           1|           1|
    |or_ln552_89_fu_6929_p2       |        or|   0|  0|   2|           1|           1|
    |or_ln552_8_fu_5255_p2        |        or|   0|  0|   2|           1|           1|
    |or_ln552_90_fu_4860_p2       |        or|   0|  0|   2|           1|           1|
    |or_ln552_91_fu_4934_p2       |        or|   0|  0|   2|           1|           1|
    |or_ln552_92_fu_6991_p2       |        or|   0|  0|   2|           1|           1|
    |or_ln552_93_fu_5010_p2       |        or|   0|  0|   2|           1|           1|
    |or_ln552_94_fu_5084_p2       |        or|   0|  0|   2|           1|           1|
    |or_ln552_95_fu_7053_p2       |        or|   0|  0|   2|           1|           1|
    |or_ln552_9_fu_810_p2         |        or|   0|  0|   2|           1|           1|
    |or_ln552_fu_360_p2           |        or|   0|  0|   2|           1|           1|
    |select_ln551_10_fu_5777_p3   |    select|   0|  0|   5|           1|           1|
    |select_ln551_11_fu_5839_p3   |    select|   0|  0|   5|           1|           1|
    |select_ln551_12_fu_5901_p3   |    select|   0|  0|   5|           1|           1|
    |select_ln551_13_fu_5963_p3   |    select|   0|  0|   5|           1|           1|
    |select_ln551_14_fu_6025_p3   |    select|   0|  0|   5|           1|           1|
    |select_ln551_15_fu_6087_p3   |    select|   0|  0|   5|           1|           1|
    |select_ln551_16_fu_6149_p3   |    select|   0|  0|   5|           1|           1|
    |select_ln551_17_fu_6211_p3   |    select|   0|  0|   5|           1|           1|
    |select_ln551_18_fu_6273_p3   |    select|   0|  0|   5|           1|           1|
    |select_ln551_19_fu_6335_p3   |    select|   0|  0|   5|           1|           1|
    |select_ln551_1_fu_5219_p3    |    select|   0|  0|   5|           1|           1|
    |select_ln551_20_fu_6397_p3   |    select|   0|  0|   5|           1|           1|
    |select_ln551_21_fu_6459_p3   |    select|   0|  0|   5|           1|           1|
    |select_ln551_22_fu_6521_p3   |    select|   0|  0|   5|           1|           1|
    |select_ln551_23_fu_6583_p3   |    select|   0|  0|   5|           1|           1|
    |select_ln551_24_fu_6645_p3   |    select|   0|  0|   5|           1|           1|
    |select_ln551_25_fu_6707_p3   |    select|   0|  0|   5|           1|           1|
    |select_ln551_26_fu_6769_p3   |    select|   0|  0|   5|           1|           1|
    |select_ln551_27_fu_6831_p3   |    select|   0|  0|   5|           1|           1|
    |select_ln551_28_fu_6893_p3   |    select|   0|  0|   5|           1|           1|
    |select_ln551_29_fu_6955_p3   |    select|   0|  0|   5|           1|           1|
    |select_ln551_2_fu_5281_p3    |    select|   0|  0|   5|           1|           1|
    |select_ln551_30_fu_7017_p3   |    select|   0|  0|   5|           1|           1|
    |select_ln551_31_fu_7079_p3   |    select|   0|  0|   5|           1|           1|
    |select_ln551_3_fu_5343_p3    |    select|   0|  0|   5|           1|           1|
    |select_ln551_4_fu_5405_p3    |    select|   0|  0|   5|           1|           1|
    |select_ln551_5_fu_5467_p3    |    select|   0|  0|   5|           1|           1|
    |select_ln551_6_fu_5529_p3    |    select|   0|  0|   5|           1|           1|
    |select_ln551_7_fu_5591_p3    |    select|   0|  0|   5|           1|           1|
    |select_ln551_8_fu_5653_p3    |    select|   0|  0|   5|           1|           1|
    |select_ln551_9_fu_5715_p3    |    select|   0|  0|   5|           1|           1|
    |select_ln551_fu_5157_p3      |    select|   0|  0|   5|           1|           1|
    |select_ln552_100_fu_6135_p3  |    select|   0|  0|   5|           1|           5|
    |select_ln552_101_fu_6142_p3  |    select|   0|  0|   5|           1|           5|
    |select_ln552_102_fu_2968_p3  |    select|   0|  0|   2|           1|           1|
    |select_ln552_103_fu_2976_p3  |    select|   0|  0|   2|           1|           1|
    |select_ln552_104_fu_6169_p3  |    select|   0|  0|   4|           1|           4|
    |select_ln552_105_fu_6191_p3  |    select|   0|  0|   5|           1|           5|
    |select_ln552_106_fu_6197_p3  |    select|   0|  0|   5|           1|           5|
    |select_ln552_107_fu_6204_p3  |    select|   0|  0|   5|           1|           5|
    |select_ln552_108_fu_3118_p3  |    select|   0|  0|   2|           1|           1|
    |select_ln552_109_fu_3126_p3  |    select|   0|  0|   2|           1|           1|
    |select_ln552_10_fu_5205_p3   |    select|   0|  0|   5|           1|           5|
    |select_ln552_110_fu_6231_p3  |    select|   0|  0|   4|           1|           4|
    |select_ln552_111_fu_6253_p3  |    select|   0|  0|   5|           1|           5|
    |select_ln552_112_fu_6259_p3  |    select|   0|  0|   5|           1|           5|
    |select_ln552_113_fu_6266_p3  |    select|   0|  0|   5|           1|           5|
    |select_ln552_114_fu_3268_p3  |    select|   0|  0|   2|           1|           1|
    |select_ln552_115_fu_3276_p3  |    select|   0|  0|   2|           1|           1|
    |select_ln552_116_fu_6293_p3  |    select|   0|  0|   4|           1|           4|
    |select_ln552_117_fu_6315_p3  |    select|   0|  0|   5|           1|           5|
    |select_ln552_118_fu_6321_p3  |    select|   0|  0|   5|           1|           5|
    |select_ln552_119_fu_6328_p3  |    select|   0|  0|   5|           1|           5|
    |select_ln552_11_fu_5212_p3   |    select|   0|  0|   5|           1|           5|
    |select_ln552_120_fu_3418_p3  |    select|   0|  0|   2|           1|           1|
    |select_ln552_121_fu_3426_p3  |    select|   0|  0|   2|           1|           1|
    |select_ln552_122_fu_6355_p3  |    select|   0|  0|   4|           1|           4|
    |select_ln552_123_fu_6377_p3  |    select|   0|  0|   5|           1|           5|
    |select_ln552_124_fu_6383_p3  |    select|   0|  0|   5|           1|           5|
    |select_ln552_125_fu_6390_p3  |    select|   0|  0|   5|           1|           5|
    |select_ln552_126_fu_3568_p3  |    select|   0|  0|   2|           1|           1|
    |select_ln552_127_fu_3576_p3  |    select|   0|  0|   2|           1|           1|
    |select_ln552_128_fu_6417_p3  |    select|   0|  0|   4|           1|           4|
    |select_ln552_129_fu_6439_p3  |    select|   0|  0|   5|           1|           5|
    |select_ln552_12_fu_718_p3    |    select|   0|  0|   2|           1|           1|
    |select_ln552_130_fu_6445_p3  |    select|   0|  0|   5|           1|           5|
    |select_ln552_131_fu_6452_p3  |    select|   0|  0|   5|           1|           5|
    |select_ln552_132_fu_3718_p3  |    select|   0|  0|   2|           1|           1|
    |select_ln552_133_fu_3726_p3  |    select|   0|  0|   2|           1|           1|
    |select_ln552_134_fu_6479_p3  |    select|   0|  0|   4|           1|           4|
    |select_ln552_135_fu_6501_p3  |    select|   0|  0|   5|           1|           5|
    |select_ln552_136_fu_6507_p3  |    select|   0|  0|   5|           1|           5|
    |select_ln552_137_fu_6514_p3  |    select|   0|  0|   5|           1|           5|
    |select_ln552_138_fu_3868_p3  |    select|   0|  0|   2|           1|           1|
    |select_ln552_139_fu_3876_p3  |    select|   0|  0|   2|           1|           1|
    |select_ln552_13_fu_726_p3    |    select|   0|  0|   2|           1|           1|
    |select_ln552_140_fu_6541_p3  |    select|   0|  0|   4|           1|           4|
    |select_ln552_141_fu_6563_p3  |    select|   0|  0|   5|           1|           5|
    |select_ln552_142_fu_6569_p3  |    select|   0|  0|   5|           1|           5|
    |select_ln552_143_fu_6576_p3  |    select|   0|  0|   5|           1|           5|
    |select_ln552_144_fu_4018_p3  |    select|   0|  0|   2|           1|           1|
    |select_ln552_145_fu_4026_p3  |    select|   0|  0|   2|           1|           1|
    |select_ln552_146_fu_6603_p3  |    select|   0|  0|   4|           1|           4|
    |select_ln552_147_fu_6625_p3  |    select|   0|  0|   5|           1|           5|
    |select_ln552_148_fu_6631_p3  |    select|   0|  0|   5|           1|           5|
    |select_ln552_149_fu_6638_p3  |    select|   0|  0|   5|           1|           5|
    |select_ln552_14_fu_5239_p3   |    select|   0|  0|   4|           1|           4|
    |select_ln552_150_fu_4168_p3  |    select|   0|  0|   2|           1|           1|
    |select_ln552_151_fu_4176_p3  |    select|   0|  0|   2|           1|           1|
    |select_ln552_152_fu_6665_p3  |    select|   0|  0|   4|           1|           4|
    |select_ln552_153_fu_6687_p3  |    select|   0|  0|   5|           1|           5|
    |select_ln552_154_fu_6693_p3  |    select|   0|  0|   5|           1|           5|
    |select_ln552_155_fu_6700_p3  |    select|   0|  0|   5|           1|           5|
    |select_ln552_156_fu_4318_p3  |    select|   0|  0|   2|           1|           1|
    |select_ln552_157_fu_4326_p3  |    select|   0|  0|   2|           1|           1|
    |select_ln552_158_fu_6727_p3  |    select|   0|  0|   4|           1|           4|
    |select_ln552_159_fu_6749_p3  |    select|   0|  0|   5|           1|           5|
    |select_ln552_15_fu_5261_p3   |    select|   0|  0|   5|           1|           5|
    |select_ln552_160_fu_6755_p3  |    select|   0|  0|   5|           1|           5|
    |select_ln552_161_fu_6762_p3  |    select|   0|  0|   5|           1|           5|
    |select_ln552_162_fu_4468_p3  |    select|   0|  0|   2|           1|           1|
    |select_ln552_163_fu_4476_p3  |    select|   0|  0|   2|           1|           1|
    |select_ln552_164_fu_6789_p3  |    select|   0|  0|   4|           1|           4|
    |select_ln552_165_fu_6811_p3  |    select|   0|  0|   5|           1|           5|
    |select_ln552_166_fu_6817_p3  |    select|   0|  0|   5|           1|           5|
    |select_ln552_167_fu_6824_p3  |    select|   0|  0|   5|           1|           5|
    |select_ln552_168_fu_4618_p3  |    select|   0|  0|   2|           1|           1|
    |select_ln552_169_fu_4626_p3  |    select|   0|  0|   2|           1|           1|
    |select_ln552_16_fu_5267_p3   |    select|   0|  0|   5|           1|           5|
    |select_ln552_170_fu_6851_p3  |    select|   0|  0|   4|           1|           4|
    |select_ln552_171_fu_6873_p3  |    select|   0|  0|   5|           1|           5|
    |select_ln552_172_fu_6879_p3  |    select|   0|  0|   5|           1|           5|
    |select_ln552_173_fu_6886_p3  |    select|   0|  0|   5|           1|           5|
    |select_ln552_174_fu_4768_p3  |    select|   0|  0|   2|           1|           1|
    |select_ln552_175_fu_4776_p3  |    select|   0|  0|   2|           1|           1|
    |select_ln552_176_fu_6913_p3  |    select|   0|  0|   4|           1|           4|
    |select_ln552_177_fu_6935_p3  |    select|   0|  0|   5|           1|           5|
    |select_ln552_178_fu_6941_p3  |    select|   0|  0|   5|           1|           5|
    |select_ln552_179_fu_6948_p3  |    select|   0|  0|   5|           1|           5|
    |select_ln552_17_fu_5274_p3   |    select|   0|  0|   5|           1|           5|
    |select_ln552_180_fu_4918_p3  |    select|   0|  0|   2|           1|           1|
    |select_ln552_181_fu_4926_p3  |    select|   0|  0|   2|           1|           1|
    |select_ln552_182_fu_6975_p3  |    select|   0|  0|   4|           1|           4|
    |select_ln552_183_fu_6997_p3  |    select|   0|  0|   5|           1|           5|
    |select_ln552_184_fu_7003_p3  |    select|   0|  0|   5|           1|           5|
    |select_ln552_185_fu_7010_p3  |    select|   0|  0|   5|           1|           5|
    |select_ln552_186_fu_5068_p3  |    select|   0|  0|   2|           1|           1|
    |select_ln552_187_fu_5076_p3  |    select|   0|  0|   2|           1|           1|
    |select_ln552_188_fu_7037_p3  |    select|   0|  0|   4|           1|           4|
    |select_ln552_189_fu_7059_p3  |    select|   0|  0|   5|           1|           5|
    |select_ln552_18_fu_868_p3    |    select|   0|  0|   2|           1|           1|
    |select_ln552_190_fu_7065_p3  |    select|   0|  0|   5|           1|           5|
    |select_ln552_191_fu_7072_p3  |    select|   0|  0|   5|           1|           5|
    |select_ln552_19_fu_876_p3    |    select|   0|  0|   2|           1|           1|
    |select_ln552_1_fu_426_p3     |    select|   0|  0|   2|           1|           1|
    |select_ln552_20_fu_5301_p3   |    select|   0|  0|   4|           1|           4|
    |select_ln552_21_fu_5323_p3   |    select|   0|  0|   5|           1|           5|
    |select_ln552_22_fu_5329_p3   |    select|   0|  0|   5|           1|           5|
    |select_ln552_23_fu_5336_p3   |    select|   0|  0|   5|           1|           5|
    |select_ln552_24_fu_1018_p3   |    select|   0|  0|   2|           1|           1|
    |select_ln552_25_fu_1026_p3   |    select|   0|  0|   2|           1|           1|
    |select_ln552_26_fu_5363_p3   |    select|   0|  0|   4|           1|           4|
    |select_ln552_27_fu_5385_p3   |    select|   0|  0|   5|           1|           5|
    |select_ln552_28_fu_5391_p3   |    select|   0|  0|   5|           1|           5|
    |select_ln552_29_fu_5398_p3   |    select|   0|  0|   5|           1|           5|
    |select_ln552_2_fu_5115_p3    |    select|   0|  0|   4|           1|           4|
    |select_ln552_30_fu_1168_p3   |    select|   0|  0|   2|           1|           1|
    |select_ln552_31_fu_1176_p3   |    select|   0|  0|   2|           1|           1|
    |select_ln552_32_fu_5425_p3   |    select|   0|  0|   4|           1|           4|
    |select_ln552_33_fu_5447_p3   |    select|   0|  0|   5|           1|           5|
    |select_ln552_34_fu_5453_p3   |    select|   0|  0|   5|           1|           5|
    |select_ln552_35_fu_5460_p3   |    select|   0|  0|   5|           1|           5|
    |select_ln552_36_fu_1318_p3   |    select|   0|  0|   2|           1|           1|
    |select_ln552_37_fu_1326_p3   |    select|   0|  0|   2|           1|           1|
    |select_ln552_38_fu_5487_p3   |    select|   0|  0|   4|           1|           4|
    |select_ln552_39_fu_5509_p3   |    select|   0|  0|   5|           1|           5|
    |select_ln552_3_fu_5137_p3    |    select|   0|  0|   5|           1|           5|
    |select_ln552_40_fu_5515_p3   |    select|   0|  0|   5|           1|           5|
    |select_ln552_41_fu_5522_p3   |    select|   0|  0|   5|           1|           5|
    |select_ln552_42_fu_1468_p3   |    select|   0|  0|   2|           1|           1|
    |select_ln552_43_fu_1476_p3   |    select|   0|  0|   2|           1|           1|
    |select_ln552_44_fu_5549_p3   |    select|   0|  0|   4|           1|           4|
    |select_ln552_45_fu_5571_p3   |    select|   0|  0|   5|           1|           5|
    |select_ln552_46_fu_5577_p3   |    select|   0|  0|   5|           1|           5|
    |select_ln552_47_fu_5584_p3   |    select|   0|  0|   5|           1|           5|
    |select_ln552_48_fu_1618_p3   |    select|   0|  0|   2|           1|           1|
    |select_ln552_49_fu_1626_p3   |    select|   0|  0|   2|           1|           1|
    |select_ln552_4_fu_5143_p3    |    select|   0|  0|   5|           1|           5|
    |select_ln552_50_fu_5611_p3   |    select|   0|  0|   4|           1|           4|
    |select_ln552_51_fu_5633_p3   |    select|   0|  0|   5|           1|           5|
    |select_ln552_52_fu_5639_p3   |    select|   0|  0|   5|           1|           5|
    |select_ln552_53_fu_5646_p3   |    select|   0|  0|   5|           1|           5|
    |select_ln552_54_fu_1768_p3   |    select|   0|  0|   2|           1|           1|
    |select_ln552_55_fu_1776_p3   |    select|   0|  0|   2|           1|           1|
    |select_ln552_56_fu_5673_p3   |    select|   0|  0|   4|           1|           4|
    |select_ln552_57_fu_5695_p3   |    select|   0|  0|   5|           1|           5|
    |select_ln552_58_fu_5701_p3   |    select|   0|  0|   5|           1|           5|
    |select_ln552_59_fu_5708_p3   |    select|   0|  0|   5|           1|           5|
    |select_ln552_5_fu_5150_p3    |    select|   0|  0|   5|           1|           5|
    |select_ln552_60_fu_1918_p3   |    select|   0|  0|   2|           1|           1|
    |select_ln552_61_fu_1926_p3   |    select|   0|  0|   2|           1|           1|
    |select_ln552_62_fu_5735_p3   |    select|   0|  0|   4|           1|           4|
    |select_ln552_63_fu_5757_p3   |    select|   0|  0|   5|           1|           5|
    |select_ln552_64_fu_5763_p3   |    select|   0|  0|   5|           1|           5|
    |select_ln552_65_fu_5770_p3   |    select|   0|  0|   5|           1|           5|
    |select_ln552_66_fu_2068_p3   |    select|   0|  0|   2|           1|           1|
    |select_ln552_67_fu_2076_p3   |    select|   0|  0|   2|           1|           1|
    |select_ln552_68_fu_5797_p3   |    select|   0|  0|   4|           1|           4|
    |select_ln552_69_fu_5819_p3   |    select|   0|  0|   5|           1|           5|
    |select_ln552_6_fu_568_p3     |    select|   0|  0|   2|           1|           1|
    |select_ln552_70_fu_5825_p3   |    select|   0|  0|   5|           1|           5|
    |select_ln552_71_fu_5832_p3   |    select|   0|  0|   5|           1|           5|
    |select_ln552_72_fu_2218_p3   |    select|   0|  0|   2|           1|           1|
    |select_ln552_73_fu_2226_p3   |    select|   0|  0|   2|           1|           1|
    |select_ln552_74_fu_5859_p3   |    select|   0|  0|   4|           1|           4|
    |select_ln552_75_fu_5881_p3   |    select|   0|  0|   5|           1|           5|
    |select_ln552_76_fu_5887_p3   |    select|   0|  0|   5|           1|           5|
    |select_ln552_77_fu_5894_p3   |    select|   0|  0|   5|           1|           5|
    |select_ln552_78_fu_2368_p3   |    select|   0|  0|   2|           1|           1|
    |select_ln552_79_fu_2376_p3   |    select|   0|  0|   2|           1|           1|
    |select_ln552_7_fu_576_p3     |    select|   0|  0|   2|           1|           1|
    |select_ln552_80_fu_5921_p3   |    select|   0|  0|   4|           1|           4|
    |select_ln552_81_fu_5943_p3   |    select|   0|  0|   5|           1|           5|
    |select_ln552_82_fu_5949_p3   |    select|   0|  0|   5|           1|           5|
    |select_ln552_83_fu_5956_p3   |    select|   0|  0|   5|           1|           5|
    |select_ln552_84_fu_2518_p3   |    select|   0|  0|   2|           1|           1|
    |select_ln552_85_fu_2526_p3   |    select|   0|  0|   2|           1|           1|
    |select_ln552_86_fu_5983_p3   |    select|   0|  0|   4|           1|           4|
    |select_ln552_87_fu_6005_p3   |    select|   0|  0|   5|           1|           5|
    |select_ln552_88_fu_6011_p3   |    select|   0|  0|   5|           1|           5|
    |select_ln552_89_fu_6018_p3   |    select|   0|  0|   5|           1|           5|
    |select_ln552_8_fu_5177_p3    |    select|   0|  0|   4|           1|           4|
    |select_ln552_90_fu_2668_p3   |    select|   0|  0|   2|           1|           1|
    |select_ln552_91_fu_2676_p3   |    select|   0|  0|   2|           1|           1|
    |select_ln552_92_fu_6045_p3   |    select|   0|  0|   4|           1|           4|
    |select_ln552_93_fu_6067_p3   |    select|   0|  0|   5|           1|           5|
    |select_ln552_94_fu_6073_p3   |    select|   0|  0|   5|           1|           5|
    |select_ln552_95_fu_6080_p3   |    select|   0|  0|   5|           1|           5|
    |select_ln552_96_fu_2818_p3   |    select|   0|  0|   2|           1|           1|
    |select_ln552_97_fu_2826_p3   |    select|   0|  0|   2|           1|           1|
    |select_ln552_98_fu_6107_p3   |    select|   0|  0|   4|           1|           4|
    |select_ln552_99_fu_6129_p3   |    select|   0|  0|   5|           1|           5|
    |select_ln552_9_fu_5199_p3    |    select|   0|  0|   5|           1|           5|
    |select_ln552_fu_418_p3       |    select|   0|  0|   2|           1|           1|
    |xor_ln552_10_fu_5415_p2      |       xor|   0|  0|   2|           1|           2|
    |xor_ln552_11_fu_5420_p2      |       xor|   0|  0|   2|           2|           1|
    |xor_ln552_12_fu_5477_p2      |       xor|   0|  0|   2|           1|           2|
    |xor_ln552_13_fu_5482_p2      |       xor|   0|  0|   2|           2|           1|
    |xor_ln552_14_fu_5539_p2      |       xor|   0|  0|   2|           1|           2|
    |xor_ln552_15_fu_5544_p2      |       xor|   0|  0|   2|           2|           1|
    |xor_ln552_16_fu_5601_p2      |       xor|   0|  0|   2|           1|           2|
    |xor_ln552_17_fu_5606_p2      |       xor|   0|  0|   2|           2|           1|
    |xor_ln552_18_fu_5663_p2      |       xor|   0|  0|   2|           1|           2|
    |xor_ln552_19_fu_5668_p2      |       xor|   0|  0|   2|           2|           1|
    |xor_ln552_1_fu_5110_p2       |       xor|   0|  0|   2|           2|           1|
    |xor_ln552_20_fu_5725_p2      |       xor|   0|  0|   2|           1|           2|
    |xor_ln552_21_fu_5730_p2      |       xor|   0|  0|   2|           2|           1|
    |xor_ln552_22_fu_5787_p2      |       xor|   0|  0|   2|           1|           2|
    |xor_ln552_23_fu_5792_p2      |       xor|   0|  0|   2|           2|           1|
    |xor_ln552_24_fu_5849_p2      |       xor|   0|  0|   2|           1|           2|
    |xor_ln552_25_fu_5854_p2      |       xor|   0|  0|   2|           2|           1|
    |xor_ln552_26_fu_5911_p2      |       xor|   0|  0|   2|           1|           2|
    |xor_ln552_27_fu_5916_p2      |       xor|   0|  0|   2|           2|           1|
    |xor_ln552_28_fu_5973_p2      |       xor|   0|  0|   2|           1|           2|
    |xor_ln552_29_fu_5978_p2      |       xor|   0|  0|   2|           2|           1|
    |xor_ln552_2_fu_5167_p2       |       xor|   0|  0|   2|           1|           2|
    |xor_ln552_30_fu_6035_p2      |       xor|   0|  0|   2|           1|           2|
    |xor_ln552_31_fu_6040_p2      |       xor|   0|  0|   2|           2|           1|
    |xor_ln552_32_fu_6097_p2      |       xor|   0|  0|   2|           1|           2|
    |xor_ln552_33_fu_6102_p2      |       xor|   0|  0|   2|           2|           1|
    |xor_ln552_34_fu_6159_p2      |       xor|   0|  0|   2|           1|           2|
    |xor_ln552_35_fu_6164_p2      |       xor|   0|  0|   2|           2|           1|
    |xor_ln552_36_fu_6221_p2      |       xor|   0|  0|   2|           1|           2|
    |xor_ln552_37_fu_6226_p2      |       xor|   0|  0|   2|           2|           1|
    |xor_ln552_38_fu_6283_p2      |       xor|   0|  0|   2|           1|           2|
    |xor_ln552_39_fu_6288_p2      |       xor|   0|  0|   2|           2|           1|
    |xor_ln552_3_fu_5172_p2       |       xor|   0|  0|   2|           2|           1|
    |xor_ln552_40_fu_6345_p2      |       xor|   0|  0|   2|           1|           2|
    |xor_ln552_41_fu_6350_p2      |       xor|   0|  0|   2|           2|           1|
    |xor_ln552_42_fu_6407_p2      |       xor|   0|  0|   2|           1|           2|
    |xor_ln552_43_fu_6412_p2      |       xor|   0|  0|   2|           2|           1|
    |xor_ln552_44_fu_6469_p2      |       xor|   0|  0|   2|           1|           2|
    |xor_ln552_45_fu_6474_p2      |       xor|   0|  0|   2|           2|           1|
    |xor_ln552_46_fu_6531_p2      |       xor|   0|  0|   2|           1|           2|
    |xor_ln552_47_fu_6536_p2      |       xor|   0|  0|   2|           2|           1|
    |xor_ln552_48_fu_6593_p2      |       xor|   0|  0|   2|           1|           2|
    |xor_ln552_49_fu_6598_p2      |       xor|   0|  0|   2|           2|           1|
    |xor_ln552_4_fu_5229_p2       |       xor|   0|  0|   2|           1|           2|
    |xor_ln552_50_fu_6655_p2      |       xor|   0|  0|   2|           1|           2|
    |xor_ln552_51_fu_6660_p2      |       xor|   0|  0|   2|           2|           1|
    |xor_ln552_52_fu_6717_p2      |       xor|   0|  0|   2|           1|           2|
    |xor_ln552_53_fu_6722_p2      |       xor|   0|  0|   2|           2|           1|
    |xor_ln552_54_fu_6779_p2      |       xor|   0|  0|   2|           1|           2|
    |xor_ln552_55_fu_6784_p2      |       xor|   0|  0|   2|           2|           1|
    |xor_ln552_56_fu_6841_p2      |       xor|   0|  0|   2|           1|           2|
    |xor_ln552_57_fu_6846_p2      |       xor|   0|  0|   2|           2|           1|
    |xor_ln552_58_fu_6903_p2      |       xor|   0|  0|   2|           1|           2|
    |xor_ln552_59_fu_6908_p2      |       xor|   0|  0|   2|           2|           1|
    |xor_ln552_5_fu_5234_p2       |       xor|   0|  0|   2|           2|           1|
    |xor_ln552_60_fu_6965_p2      |       xor|   0|  0|   2|           1|           2|
    |xor_ln552_61_fu_6970_p2      |       xor|   0|  0|   2|           2|           1|
    |xor_ln552_62_fu_7027_p2      |       xor|   0|  0|   2|           1|           2|
    |xor_ln552_63_fu_7032_p2      |       xor|   0|  0|   2|           2|           1|
    |xor_ln552_64_fu_412_p2       |       xor|   0|  0|   2|           1|           2|
    |xor_ln552_65_fu_562_p2       |       xor|   0|  0|   2|           1|           2|
    |xor_ln552_66_fu_712_p2       |       xor|   0|  0|   2|           1|           2|
    |xor_ln552_67_fu_862_p2       |       xor|   0|  0|   2|           1|           2|
    |xor_ln552_68_fu_1012_p2      |       xor|   0|  0|   2|           1|           2|
    |xor_ln552_69_fu_1162_p2      |       xor|   0|  0|   2|           1|           2|
    |xor_ln552_6_fu_5291_p2       |       xor|   0|  0|   2|           1|           2|
    |xor_ln552_70_fu_1312_p2      |       xor|   0|  0|   2|           1|           2|
    |xor_ln552_71_fu_1462_p2      |       xor|   0|  0|   2|           1|           2|
    |xor_ln552_72_fu_1612_p2      |       xor|   0|  0|   2|           1|           2|
    |xor_ln552_73_fu_1762_p2      |       xor|   0|  0|   2|           1|           2|
    |xor_ln552_74_fu_1912_p2      |       xor|   0|  0|   2|           1|           2|
    |xor_ln552_75_fu_2062_p2      |       xor|   0|  0|   2|           1|           2|
    |xor_ln552_76_fu_2212_p2      |       xor|   0|  0|   2|           1|           2|
    |xor_ln552_77_fu_2362_p2      |       xor|   0|  0|   2|           1|           2|
    |xor_ln552_78_fu_2512_p2      |       xor|   0|  0|   2|           1|           2|
    |xor_ln552_79_fu_2662_p2      |       xor|   0|  0|   2|           1|           2|
    |xor_ln552_7_fu_5296_p2       |       xor|   0|  0|   2|           2|           1|
    |xor_ln552_80_fu_2812_p2      |       xor|   0|  0|   2|           1|           2|
    |xor_ln552_81_fu_2962_p2      |       xor|   0|  0|   2|           1|           2|
    |xor_ln552_82_fu_3112_p2      |       xor|   0|  0|   2|           1|           2|
    |xor_ln552_83_fu_3262_p2      |       xor|   0|  0|   2|           1|           2|
    |xor_ln552_84_fu_3412_p2      |       xor|   0|  0|   2|           1|           2|
    |xor_ln552_85_fu_3562_p2      |       xor|   0|  0|   2|           1|           2|
    |xor_ln552_86_fu_3712_p2      |       xor|   0|  0|   2|           1|           2|
    |xor_ln552_87_fu_3862_p2      |       xor|   0|  0|   2|           1|           2|
    |xor_ln552_88_fu_4012_p2      |       xor|   0|  0|   2|           1|           2|
    |xor_ln552_89_fu_4162_p2      |       xor|   0|  0|   2|           1|           2|
    |xor_ln552_8_fu_5353_p2       |       xor|   0|  0|   2|           1|           2|
    |xor_ln552_90_fu_4312_p2      |       xor|   0|  0|   2|           1|           2|
    |xor_ln552_91_fu_4462_p2      |       xor|   0|  0|   2|           1|           2|
    |xor_ln552_92_fu_4612_p2      |       xor|   0|  0|   2|           1|           2|
    |xor_ln552_93_fu_4762_p2      |       xor|   0|  0|   2|           1|           2|
    |xor_ln552_94_fu_4912_p2      |       xor|   0|  0|   2|           1|           2|
    |xor_ln552_95_fu_5062_p2      |       xor|   0|  0|   2|           1|           2|
    |xor_ln552_9_fu_5358_p2       |       xor|   0|  0|   2|           2|           1|
    |xor_ln552_fu_5105_p2         |       xor|   0|  0|   2|           1|           2|
    +-----------------------------+----------+----+---+----+------------+------------+
    |Total                        |          |   0|  0|4160|        2016|        1408|
    +-----------------------------+----------+----+---+----+------------+------------+

    * Multiplexer: 
    +--------------+----+-----------+-----+-----------+
    |     Name     | LUT| Input Size| Bits| Total Bits|
    +--------------+----+-----------+-----+-----------+
    |ap_return_0   |  14|          3|    5|         15|
    |ap_return_1   |  14|          3|    5|         15|
    |ap_return_10  |  14|          3|    5|         15|
    |ap_return_11  |  14|          3|    5|         15|
    |ap_return_12  |  14|          3|    5|         15|
    |ap_return_13  |  14|          3|    5|         15|
    |ap_return_14  |  14|          3|    5|         15|
    |ap_return_15  |  14|          3|    5|         15|
    |ap_return_16  |  14|          3|    5|         15|
    |ap_return_17  |  14|          3|    5|         15|
    |ap_return_18  |  14|          3|    5|         15|
    |ap_return_19  |  14|          3|    5|         15|
    |ap_return_2   |  14|          3|    5|         15|
    |ap_return_20  |  14|          3|    5|         15|
    |ap_return_21  |  14|          3|    5|         15|
    |ap_return_22  |  14|          3|    5|         15|
    |ap_return_23  |  14|          3|    5|         15|
    |ap_return_24  |  14|          3|    5|         15|
    |ap_return_25  |  14|          3|    5|         15|
    |ap_return_26  |  14|          3|    5|         15|
    |ap_return_27  |  14|          3|    5|         15|
    |ap_return_28  |  14|          3|    5|         15|
    |ap_return_29  |  14|          3|    5|         15|
    |ap_return_3   |  14|          3|    5|         15|
    |ap_return_30  |  14|          3|    5|         15|
    |ap_return_31  |  14|          3|    5|         15|
    |ap_return_4   |  14|          3|    5|         15|
    |ap_return_5   |  14|          3|    5|         15|
    |ap_return_6   |  14|          3|    5|         15|
    |ap_return_7   |  14|          3|    5|         15|
    |ap_return_8   |  14|          3|    5|         15|
    |ap_return_9   |  14|          3|    5|         15|
    +--------------+----+-----------+-----+-----------+
    |Total         | 448|         96|  160|        480|
    +--------------+----+-----------+-----+-----------+

    * Register: 
    +------------------------+---+----+-----+-----------+
    |          Name          | FF| LUT| Bits| Const Bits|
    +------------------------+---+----+-----+-----------+
    |add_ln552_10_reg_7589   |  5|   0|    5|          0|
    |add_ln552_11_reg_7619   |  5|   0|    5|          0|
    |add_ln552_12_reg_7649   |  5|   0|    5|          0|
    |add_ln552_13_reg_7679   |  5|   0|    5|          0|
    |add_ln552_14_reg_7709   |  5|   0|    5|          0|
    |add_ln552_15_reg_7739   |  5|   0|    5|          0|
    |add_ln552_16_reg_7769   |  5|   0|    5|          0|
    |add_ln552_17_reg_7799   |  5|   0|    5|          0|
    |add_ln552_18_reg_7829   |  5|   0|    5|          0|
    |add_ln552_19_reg_7859   |  5|   0|    5|          0|
    |add_ln552_1_reg_7319    |  5|   0|    5|          0|
    |add_ln552_20_reg_7889   |  5|   0|    5|          0|
    |add_ln552_21_reg_7919   |  5|   0|    5|          0|
    |add_ln552_22_reg_7949   |  5|   0|    5|          0|
    |add_ln552_23_reg_7979   |  5|   0|    5|          0|
    |add_ln552_24_reg_8009   |  5|   0|    5|          0|
    |add_ln552_25_reg_8039   |  5|   0|    5|          0|
    |add_ln552_26_reg_8069   |  5|   0|    5|          0|
    |add_ln552_27_reg_8099   |  5|   0|    5|          0|
    |add_ln552_28_reg_8129   |  5|   0|    5|          0|
    |add_ln552_29_reg_8159   |  5|   0|    5|          0|
    |add_ln552_2_reg_7349    |  5|   0|    5|          0|
    |add_ln552_30_reg_8189   |  5|   0|    5|          0|
    |add_ln552_31_reg_8219   |  5|   0|    5|          0|
    |add_ln552_3_reg_7379    |  5|   0|    5|          0|
    |add_ln552_4_reg_7409    |  5|   0|    5|          0|
    |add_ln552_5_reg_7439    |  5|   0|    5|          0|
    |add_ln552_6_reg_7469    |  5|   0|    5|          0|
    |add_ln552_7_reg_7499    |  5|   0|    5|          0|
    |add_ln552_8_reg_7529    |  5|   0|    5|          0|
    |add_ln552_9_reg_7559    |  5|   0|    5|          0|
    |add_ln552_reg_7289      |  5|   0|    5|          0|
    |and_ln552_102_reg_8052  |  1|   0|    1|          0|
    |and_ln552_106_reg_8082  |  1|   0|    1|          0|
    |and_ln552_10_reg_7362   |  1|   0|    1|          0|
    |and_ln552_110_reg_8112  |  1|   0|    1|          0|
    |and_ln552_114_reg_8142  |  1|   0|    1|          0|
    |and_ln552_118_reg_8172  |  1|   0|    1|          0|
    |and_ln552_122_reg_8202  |  1|   0|    1|          0|
    |and_ln552_126_reg_8232  |  1|   0|    1|          0|
    |and_ln552_14_reg_7392   |  1|   0|    1|          0|
    |and_ln552_18_reg_7422   |  1|   0|    1|          0|
    |and_ln552_22_reg_7452   |  1|   0|    1|          0|
    |and_ln552_26_reg_7482   |  1|   0|    1|          0|
    |and_ln552_2_reg_7302    |  1|   0|    1|          0|
    |and_ln552_30_reg_7512   |  1|   0|    1|          0|
    |and_ln552_34_reg_7542   |  1|   0|    1|          0|
    |and_ln552_38_reg_7572   |  1|   0|    1|          0|
    |and_ln552_42_reg_7602   |  1|   0|    1|          0|
    |and_ln552_46_reg_7632   |  1|   0|    1|          0|
    |and_ln552_50_reg_7662   |  1|   0|    1|          0|
    |and_ln552_54_reg_7692   |  1|   0|    1|          0|
    |and_ln552_58_reg_7722   |  1|   0|    1|          0|
    |and_ln552_62_reg_7752   |  1|   0|    1|          0|
    |and_ln552_66_reg_7782   |  1|   0|    1|          0|
    |and_ln552_6_reg_7332    |  1|   0|    1|          0|
    |and_ln552_70_reg_7812   |  1|   0|    1|          0|
    |and_ln552_74_reg_7842   |  1|   0|    1|          0|
    |and_ln552_78_reg_7872   |  1|   0|    1|          0|
    |and_ln552_82_reg_7902   |  1|   0|    1|          0|
    |and_ln552_86_reg_7932   |  1|   0|    1|          0|
    |and_ln552_90_reg_7962   |  1|   0|    1|          0|
    |and_ln552_94_reg_7992   |  1|   0|    1|          0|
    |and_ln552_98_reg_8022   |  1|   0|    1|          0|
    |ap_ce_reg               |  1|   0|    1|          0|
    |ap_return_0_int_reg     |  5|   0|    5|          0|
    |ap_return_10_int_reg    |  5|   0|    5|          0|
    |ap_return_11_int_reg    |  5|   0|    5|          0|
    |ap_return_12_int_reg    |  5|   0|    5|          0|
    |ap_return_13_int_reg    |  5|   0|    5|          0|
    |ap_return_14_int_reg    |  5|   0|    5|          0|
    |ap_return_15_int_reg    |  5|   0|    5|          0|
    |ap_return_16_int_reg    |  5|   0|    5|          0|
    |ap_return_17_int_reg    |  5|   0|    5|          0|
    |ap_return_18_int_reg    |  5|   0|    5|          0|
    |ap_return_19_int_reg    |  5|   0|    5|          0|
    |ap_return_1_int_reg     |  5|   0|    5|          0|
    |ap_return_20_int_reg    |  5|   0|    5|          0|
    |ap_return_21_int_reg    |  5|   0|    5|          0|
    |ap_return_22_int_reg    |  5|   0|    5|          0|
    |ap_return_23_int_reg    |  5|   0|    5|          0|
    |ap_return_24_int_reg    |  5|   0|    5|          0|
    |ap_return_25_int_reg    |  5|   0|    5|          0|
    |ap_return_26_int_reg    |  5|   0|    5|          0|
    |ap_return_27_int_reg    |  5|   0|    5|          0|
    |ap_return_28_int_reg    |  5|   0|    5|          0|
    |ap_return_29_int_reg    |  5|   0|    5|          0|
    |ap_return_2_int_reg     |  5|   0|    5|          0|
    |ap_return_30_int_reg    |  5|   0|    5|          0|
    |ap_return_31_int_reg    |  5|   0|    5|          0|
    |ap_return_3_int_reg     |  5|   0|    5|          0|
    |ap_return_4_int_reg     |  5|   0|    5|          0|
    |ap_return_5_int_reg     |  5|   0|    5|          0|
    |ap_return_6_int_reg     |  5|   0|    5|          0|
    |ap_return_7_int_reg     |  5|   0|    5|          0|
    |ap_return_8_int_reg     |  5|   0|    5|          0|
    |ap_return_9_int_reg     |  5|   0|    5|          0|
    |icmp_ln551_10_reg_7578  |  1|   0|    1|          0|
    |icmp_ln551_11_reg_7608  |  1|   0|    1|          0|
    |icmp_ln551_12_reg_7638  |  1|   0|    1|          0|
    |icmp_ln551_13_reg_7668  |  1|   0|    1|          0|
    |icmp_ln551_14_reg_7698  |  1|   0|    1|          0|
    |icmp_ln551_15_reg_7728  |  1|   0|    1|          0|
    |icmp_ln551_16_reg_7758  |  1|   0|    1|          0|
    |icmp_ln551_17_reg_7788  |  1|   0|    1|          0|
    |icmp_ln551_18_reg_7818  |  1|   0|    1|          0|
    |icmp_ln551_19_reg_7848  |  1|   0|    1|          0|
    |icmp_ln551_1_reg_7308   |  1|   0|    1|          0|
    |icmp_ln551_20_reg_7878  |  1|   0|    1|          0|
    |icmp_ln551_21_reg_7908  |  1|   0|    1|          0|
    |icmp_ln551_22_reg_7938  |  1|   0|    1|          0|
    |icmp_ln551_23_reg_7968  |  1|   0|    1|          0|
    |icmp_ln551_24_reg_7998  |  1|   0|    1|          0|
    |icmp_ln551_25_reg_8028  |  1|   0|    1|          0|
    |icmp_ln551_26_reg_8058  |  1|   0|    1|          0|
    |icmp_ln551_27_reg_8088  |  1|   0|    1|          0|
    |icmp_ln551_28_reg_8118  |  1|   0|    1|          0|
    |icmp_ln551_29_reg_8148  |  1|   0|    1|          0|
    |icmp_ln551_2_reg_7338   |  1|   0|    1|          0|
    |icmp_ln551_30_reg_8178  |  1|   0|    1|          0|
    |icmp_ln551_31_reg_8208  |  1|   0|    1|          0|
    |icmp_ln551_3_reg_7368   |  1|   0|    1|          0|
    |icmp_ln551_4_reg_7398   |  1|   0|    1|          0|
    |icmp_ln551_5_reg_7428   |  1|   0|    1|          0|
    |icmp_ln551_6_reg_7458   |  1|   0|    1|          0|
    |icmp_ln551_7_reg_7488   |  1|   0|    1|          0|
    |icmp_ln551_8_reg_7518   |  1|   0|    1|          0|
    |icmp_ln551_9_reg_7548   |  1|   0|    1|          0|
    |icmp_ln551_reg_7278     |  1|   0|    1|          0|
    |or_ln552_10_reg_7386    |  1|   0|    1|          0|
    |or_ln552_13_reg_7416    |  1|   0|    1|          0|
    |or_ln552_16_reg_7446    |  1|   0|    1|          0|
    |or_ln552_19_reg_7476    |  1|   0|    1|          0|
    |or_ln552_1_reg_7296     |  1|   0|    1|          0|
    |or_ln552_22_reg_7506    |  1|   0|    1|          0|
    |or_ln552_25_reg_7536    |  1|   0|    1|          0|
    |or_ln552_28_reg_7566    |  1|   0|    1|          0|
    |or_ln552_31_reg_7596    |  1|   0|    1|          0|
    |or_ln552_34_reg_7626    |  1|   0|    1|          0|
    |or_ln552_37_reg_7656    |  1|   0|    1|          0|
    |or_ln552_40_reg_7686    |  1|   0|    1|          0|
    |or_ln552_43_reg_7716    |  1|   0|    1|          0|
    |or_ln552_46_reg_7746    |  1|   0|    1|          0|
    |or_ln552_49_reg_7776    |  1|   0|    1|          0|
    |or_ln552_4_reg_7326     |  1|   0|    1|          0|
    |or_ln552_52_reg_7806    |  1|   0|    1|          0|
    |or_ln552_55_reg_7836    |  1|   0|    1|          0|
    |or_ln552_58_reg_7866    |  1|   0|    1|          0|
    |or_ln552_61_reg_7896    |  1|   0|    1|          0|
    |or_ln552_64_reg_7926    |  1|   0|    1|          0|
    |or_ln552_67_reg_7956    |  1|   0|    1|          0|
    |or_ln552_70_reg_7986    |  1|   0|    1|          0|
    |or_ln552_73_reg_8016    |  1|   0|    1|          0|
    |or_ln552_76_reg_8046    |  1|   0|    1|          0|
    |or_ln552_79_reg_8076    |  1|   0|    1|          0|
    |or_ln552_7_reg_7356     |  1|   0|    1|          0|
    |or_ln552_82_reg_8106    |  1|   0|    1|          0|
    |or_ln552_85_reg_8136    |  1|   0|    1|          0|
    |or_ln552_88_reg_8166    |  1|   0|    1|          0|
    |or_ln552_91_reg_8196    |  1|   0|    1|          0|
    |or_ln552_94_reg_8226    |  1|   0|    1|          0|
    |tmp_101_reg_7793        |  1|   0|    1|          0|
    |tmp_107_reg_7823        |  1|   0|    1|          0|
    |tmp_113_reg_7853        |  1|   0|    1|          0|
    |tmp_119_reg_7883        |  1|   0|    1|          0|
    |tmp_11_reg_7343         |  1|   0|    1|          0|
    |tmp_125_reg_7913        |  1|   0|    1|          0|
    |tmp_131_reg_7943        |  1|   0|    1|          0|
    |tmp_137_reg_7973        |  1|   0|    1|          0|
    |tmp_143_reg_8003        |  1|   0|    1|          0|
    |tmp_149_reg_8033        |  1|   0|    1|          0|
    |tmp_155_reg_8063        |  1|   0|    1|          0|
    |tmp_161_reg_8093        |  1|   0|    1|          0|
    |tmp_167_reg_8123        |  1|   0|    1|          0|
    |tmp_173_reg_8153        |  1|   0|    1|          0|
    |tmp_179_reg_8183        |  1|   0|    1|          0|
    |tmp_17_reg_7373         |  1|   0|    1|          0|
    |tmp_185_reg_8213        |  1|   0|    1|          0|
    |tmp_23_reg_7403         |  1|   0|    1|          0|
    |tmp_29_reg_7433         |  1|   0|    1|          0|
    |tmp_35_reg_7463         |  1|   0|    1|          0|
    |tmp_41_reg_7493         |  1|   0|    1|          0|
    |tmp_47_reg_7523         |  1|   0|    1|          0|
    |tmp_53_reg_7553         |  1|   0|    1|          0|
    |tmp_59_reg_7583         |  1|   0|    1|          0|
    |tmp_5_reg_7313          |  1|   0|    1|          0|
    |tmp_65_reg_7613         |  1|   0|    1|          0|
    |tmp_71_reg_7643         |  1|   0|    1|          0|
    |tmp_77_reg_7673         |  1|   0|    1|          0|
    |tmp_83_reg_7703         |  1|   0|    1|          0|
    |tmp_89_reg_7733         |  1|   0|    1|          0|
    |tmp_95_reg_7763         |  1|   0|    1|          0|
    |tmp_reg_7283            |  1|   0|    1|          0|
    +------------------------+---+----+-----+-----------+
    |Total                   |449|   0|  449|          0|
    +------------------------+---+----+-----+-----------+



================================================================
== Interface
================================================================
* Summary: 
+--------------+-----+-----+------------+-------------------------------------------------------------------------+--------------+
|   RTL Ports  | Dir | Bits|  Protocol  |                              Source Object                              |    C Type    |
+--------------+-----+-----+------------+-------------------------------------------------------------------------+--------------+
|ap_clk        |   in|    1|  ap_ctrl_hs|  thresholded_relu<ap_fixed,ap_ufixed,ap_ufixed,thresholdedrelu_config79>|  return value|
|ap_rst        |   in|    1|  ap_ctrl_hs|  thresholded_relu<ap_fixed,ap_ufixed,ap_ufixed,thresholdedrelu_config79>|  return value|
|ap_return_0   |  out|    5|  ap_ctrl_hs|  thresholded_relu<ap_fixed,ap_ufixed,ap_ufixed,thresholdedrelu_config79>|  return value|
|ap_return_1   |  out|    5|  ap_ctrl_hs|  thresholded_relu<ap_fixed,ap_ufixed,ap_ufixed,thresholdedrelu_config79>|  return value|
|ap_return_2   |  out|    5|  ap_ctrl_hs|  thresholded_relu<ap_fixed,ap_ufixed,ap_ufixed,thresholdedrelu_config79>|  return value|
|ap_return_3   |  out|    5|  ap_ctrl_hs|  thresholded_relu<ap_fixed,ap_ufixed,ap_ufixed,thresholdedrelu_config79>|  return value|
|ap_return_4   |  out|    5|  ap_ctrl_hs|  thresholded_relu<ap_fixed,ap_ufixed,ap_ufixed,thresholdedrelu_config79>|  return value|
|ap_return_5   |  out|    5|  ap_ctrl_hs|  thresholded_relu<ap_fixed,ap_ufixed,ap_ufixed,thresholdedrelu_config79>|  return value|
|ap_return_6   |  out|    5|  ap_ctrl_hs|  thresholded_relu<ap_fixed,ap_ufixed,ap_ufixed,thresholdedrelu_config79>|  return value|
|ap_return_7   |  out|    5|  ap_ctrl_hs|  thresholded_relu<ap_fixed,ap_ufixed,ap_ufixed,thresholdedrelu_config79>|  return value|
|ap_return_8   |  out|    5|  ap_ctrl_hs|  thresholded_relu<ap_fixed,ap_ufixed,ap_ufixed,thresholdedrelu_config79>|  return value|
|ap_return_9   |  out|    5|  ap_ctrl_hs|  thresholded_relu<ap_fixed,ap_ufixed,ap_ufixed,thresholdedrelu_config79>|  return value|
|ap_return_10  |  out|    5|  ap_ctrl_hs|  thresholded_relu<ap_fixed,ap_ufixed,ap_ufixed,thresholdedrelu_config79>|  return value|
|ap_return_11  |  out|    5|  ap_ctrl_hs|  thresholded_relu<ap_fixed,ap_ufixed,ap_ufixed,thresholdedrelu_config79>|  return value|
|ap_return_12  |  out|    5|  ap_ctrl_hs|  thresholded_relu<ap_fixed,ap_ufixed,ap_ufixed,thresholdedrelu_config79>|  return value|
|ap_return_13  |  out|    5|  ap_ctrl_hs|  thresholded_relu<ap_fixed,ap_ufixed,ap_ufixed,thresholdedrelu_config79>|  return value|
|ap_return_14  |  out|    5|  ap_ctrl_hs|  thresholded_relu<ap_fixed,ap_ufixed,ap_ufixed,thresholdedrelu_config79>|  return value|
|ap_return_15  |  out|    5|  ap_ctrl_hs|  thresholded_relu<ap_fixed,ap_ufixed,ap_ufixed,thresholdedrelu_config79>|  return value|
|ap_return_16  |  out|    5|  ap_ctrl_hs|  thresholded_relu<ap_fixed,ap_ufixed,ap_ufixed,thresholdedrelu_config79>|  return value|
|ap_return_17  |  out|    5|  ap_ctrl_hs|  thresholded_relu<ap_fixed,ap_ufixed,ap_ufixed,thresholdedrelu_config79>|  return value|
|ap_return_18  |  out|    5|  ap_ctrl_hs|  thresholded_relu<ap_fixed,ap_ufixed,ap_ufixed,thresholdedrelu_config79>|  return value|
|ap_return_19  |  out|    5|  ap_ctrl_hs|  thresholded_relu<ap_fixed,ap_ufixed,ap_ufixed,thresholdedrelu_config79>|  return value|
|ap_return_20  |  out|    5|  ap_ctrl_hs|  thresholded_relu<ap_fixed,ap_ufixed,ap_ufixed,thresholdedrelu_config79>|  return value|
|ap_return_21  |  out|    5|  ap_ctrl_hs|  thresholded_relu<ap_fixed,ap_ufixed,ap_ufixed,thresholdedrelu_config79>|  return value|
|ap_return_22  |  out|    5|  ap_ctrl_hs|  thresholded_relu<ap_fixed,ap_ufixed,ap_ufixed,thresholdedrelu_config79>|  return value|
|ap_return_23  |  out|    5|  ap_ctrl_hs|  thresholded_relu<ap_fixed,ap_ufixed,ap_ufixed,thresholdedrelu_config79>|  return value|
|ap_return_24  |  out|    5|  ap_ctrl_hs|  thresholded_relu<ap_fixed,ap_ufixed,ap_ufixed,thresholdedrelu_config79>|  return value|
|ap_return_25  |  out|    5|  ap_ctrl_hs|  thresholded_relu<ap_fixed,ap_ufixed,ap_ufixed,thresholdedrelu_config79>|  return value|
|ap_return_26  |  out|    5|  ap_ctrl_hs|  thresholded_relu<ap_fixed,ap_ufixed,ap_ufixed,thresholdedrelu_config79>|  return value|
|ap_return_27  |  out|    5|  ap_ctrl_hs|  thresholded_relu<ap_fixed,ap_ufixed,ap_ufixed,thresholdedrelu_config79>|  return value|
|ap_return_28  |  out|    5|  ap_ctrl_hs|  thresholded_relu<ap_fixed,ap_ufixed,ap_ufixed,thresholdedrelu_config79>|  return value|
|ap_return_29  |  out|    5|  ap_ctrl_hs|  thresholded_relu<ap_fixed,ap_ufixed,ap_ufixed,thresholdedrelu_config79>|  return value|
|ap_return_30  |  out|    5|  ap_ctrl_hs|  thresholded_relu<ap_fixed,ap_ufixed,ap_ufixed,thresholdedrelu_config79>|  return value|
|ap_return_31  |  out|    5|  ap_ctrl_hs|  thresholded_relu<ap_fixed,ap_ufixed,ap_ufixed,thresholdedrelu_config79>|  return value|
|ap_ce         |   in|    1|  ap_ctrl_hs|  thresholded_relu<ap_fixed,ap_ufixed,ap_ufixed,thresholdedrelu_config79>|  return value|
|data_0_val    |   in|   21|     ap_none|                                                               data_0_val|        scalar|
|data_1_val    |   in|   21|     ap_none|                                                               data_1_val|        scalar|
|data_2_val    |   in|   21|     ap_none|                                                               data_2_val|        scalar|
|data_3_val    |   in|   21|     ap_none|                                                               data_3_val|        scalar|
|data_4_val    |   in|   21|     ap_none|                                                               data_4_val|        scalar|
|data_5_val    |   in|   21|     ap_none|                                                               data_5_val|        scalar|
|data_6_val    |   in|   21|     ap_none|                                                               data_6_val|        scalar|
|data_7_val    |   in|   21|     ap_none|                                                               data_7_val|        scalar|
|data_8_val    |   in|   21|     ap_none|                                                               data_8_val|        scalar|
|data_9_val    |   in|   21|     ap_none|                                                               data_9_val|        scalar|
|data_10_val   |   in|   21|     ap_none|                                                              data_10_val|        scalar|
|data_11_val   |   in|   21|     ap_none|                                                              data_11_val|        scalar|
|data_12_val   |   in|   21|     ap_none|                                                              data_12_val|        scalar|
|data_13_val   |   in|   21|     ap_none|                                                              data_13_val|        scalar|
|data_14_val   |   in|   21|     ap_none|                                                              data_14_val|        scalar|
|data_15_val   |   in|   21|     ap_none|                                                              data_15_val|        scalar|
|data_16_val   |   in|   21|     ap_none|                                                              data_16_val|        scalar|
|data_17_val   |   in|   21|     ap_none|                                                              data_17_val|        scalar|
|data_18_val   |   in|   21|     ap_none|                                                              data_18_val|        scalar|
|data_19_val   |   in|   21|     ap_none|                                                              data_19_val|        scalar|
|data_20_val   |   in|   21|     ap_none|                                                              data_20_val|        scalar|
|data_21_val   |   in|   21|     ap_none|                                                              data_21_val|        scalar|
|data_22_val   |   in|   21|     ap_none|                                                              data_22_val|        scalar|
|data_23_val   |   in|   21|     ap_none|                                                              data_23_val|        scalar|
|data_24_val   |   in|   21|     ap_none|                                                              data_24_val|        scalar|
|data_25_val   |   in|   21|     ap_none|                                                              data_25_val|        scalar|
|data_26_val   |   in|   21|     ap_none|                                                              data_26_val|        scalar|
|data_27_val   |   in|   21|     ap_none|                                                              data_27_val|        scalar|
|data_28_val   |   in|   21|     ap_none|                                                              data_28_val|        scalar|
|data_29_val   |   in|   21|     ap_none|                                                              data_29_val|        scalar|
|data_30_val   |   in|   21|     ap_none|                                                              data_30_val|        scalar|
|data_31_val   |   in|   21|     ap_none|                                                              data_31_val|        scalar|
+--------------+-----+-----+------------+-------------------------------------------------------------------------+--------------+

