Copyright 1986-2022 Xilinx, Inc. All Rights Reserved. Copyright 2022-2023 Advanced Micro Devices, Inc. All Rights Reserved.
---------------------------------------------------------------------------------------------------------------------------------------------
| Tool Version : Vivado v.2023.2 (lin64) Build 4029153 Fri Oct 13 20:13:54 MDT 2023
| Date         : Wed Aug 19 11:10:49 2026
| Host         : mulder.t2.ucsd.edu running 64-bit AlmaLinux release 8.10 (Cerulean Leopard)
| Command      : report_utilization -file post_opt_util.rpt
| Design       : myproject
| Device       : xczu7ev-ffvc1156-2-e
| Speed File   : -2
| Design State : Optimized
---------------------------------------------------------------------------------------------------------------------------------------------

Utilization Design Information

Table of Contents
-----------------
1. CLB Logic
1.1 Summary of Registers by Type
2. BLOCKRAM
3. ARITHMETIC
4. I/O
5. CLOCK
6. ADVANCED
7. CONFIGURATION
8. Primitives
9. Black Boxes
10. Instantiated Netlists

1. CLB Logic
------------

+----------------------------+---------+-------+------------+-----------+--------+
|          Site Type         |   Used  | Fixed | Prohibited | Available |  Util% |
+----------------------------+---------+-------+------------+-----------+--------+
| CLB LUTs*                  | 1797874 |     0 |          0 |    230400 | 780.33 |
|   LUT as Logic             | 1692579 |     0 |          0 |    230400 | 734.63 |
|   LUT as Memory            |  105295 |     0 |          0 |    101760 | 103.47 |
|     LUT as Distributed RAM |       0 |     0 |            |           |        |
|     LUT as Shift Register  |  105295 |     0 |            |           |        |
| CLB Registers              | 1192800 |     0 |          0 |    460800 | 258.85 |
|   Register as Flip Flop    | 1192800 |     0 |          0 |    460800 | 258.85 |
|   Register as Latch        |       0 |     0 |          0 |    460800 |   0.00 |
| CARRY8                     |  128078 |     0 |          0 |     28800 | 444.72 |
| F7 Muxes                   |    4736 |     0 |          0 |    115200 |   4.11 |
| F8 Muxes                   |       0 |     0 |          0 |     57600 |   0.00 |
| F9 Muxes                   |       0 |     0 |          0 |     28800 |   0.00 |
+----------------------------+---------+-------+------------+-----------+--------+
* Warning! The Final LUT count, after physical optimizations and full implementation, is typically lower. Run opt_design after synthesis, if not already completed, for a more realistic count.
Warning! LUT value is adjusted to account for LUT combining.


1.1 Summary of Registers by Type
--------------------------------

+---------+--------------+-------------+--------------+
|  Total  | Clock Enable | Synchronous | Asynchronous |
+---------+--------------+-------------+--------------+
| 0       |            _ |           - |            - |
| 0       |            _ |           - |          Set |
| 0       |            _ |           - |        Reset |
| 0       |            _ |         Set |            - |
| 0       |            _ |       Reset |            - |
| 0       |          Yes |           - |            - |
| 0       |          Yes |           - |          Set |
| 0       |          Yes |           - |        Reset |
| 112720  |          Yes |         Set |            - |
| 1080080 |          Yes |       Reset |            - |
+---------+--------------+-------------+--------------+


2. BLOCKRAM
-----------

+-------------------+------+-------+------------+-----------+-------+
|     Site Type     | Used | Fixed | Prohibited | Available | Util% |
+-------------------+------+-------+------------+-----------+-------+
| Block RAM Tile    |   23 |     0 |          0 |       312 |  7.37 |
|   RAMB36/FIFO*    |    2 |     0 |          0 |       312 |  0.64 |
|     RAMB36E2 only |    2 |       |            |           |       |
|   RAMB18          |   42 |     0 |          0 |       624 |  6.73 |
|     RAMB18E2 only |   42 |       |            |           |       |
| URAM              |    0 |     0 |          0 |        96 |  0.00 |
+-------------------+------+-------+------------+-----------+-------+
* Note: Each Block RAM Tile only has one FIFO logic available and therefore can accommodate only one FIFO36E2 or one FIFO18E2. However, if a FIFO18E2 occupies a Block RAM Tile, that tile can still accommodate a RAMB18E2


3. ARITHMETIC
-------------

+----------------+------+-------+------------+-----------+--------+
|    Site Type   | Used | Fixed | Prohibited | Available |  Util% |
+----------------+------+-------+------------+-----------+--------+
| DSPs           | 1728 |     0 |          0 |      1728 | 100.00 |
|   DSP48E2 only | 1728 |       |            |           |        |
+----------------+------+-------+------------+-----------+--------+


4. I/O
------

+------------+------+-------+------------+-----------+-------+
|  Site Type | Used | Fixed | Prohibited | Available | Util% |
+------------+------+-------+------------+-----------+-------+
| Bonded IOB |    0 |     0 |          0 |       360 |  0.00 |
+------------+------+-------+------------+-----------+-------+


5. CLOCK
--------

+----------------------+------+-------+------------+-----------+-------+
|       Site Type      | Used | Fixed | Prohibited | Available | Util% |
+----------------------+------+-------+------------+-----------+-------+
| GLOBAL CLOCK BUFFERs |    0 |     0 |          0 |       544 |  0.00 |
|   BUFGCE             |    0 |     0 |          0 |       208 |  0.00 |
|   BUFGCE_DIV         |    0 |     0 |          0 |        32 |  0.00 |
|   BUFG_GT            |    0 |     0 |          0 |       144 |  0.00 |
|   BUFG_PS            |    0 |     0 |          0 |        96 |  0.00 |
|   BUFGCTRL*          |    0 |     0 |          0 |        64 |  0.00 |
| PLL                  |    0 |     0 |          0 |        16 |  0.00 |
| MMCM                 |    0 |     0 |          0 |         8 |  0.00 |
+----------------------+------+-------+------------+-----------+-------+
* Note: Each used BUFGCTRL counts as two GLOBAL CLOCK BUFFERs. This table does not include global clocking resources, only buffer cell usage. See the Clock Utilization Report (report_clock_utilization) for detailed accounting of global clocking resource availability.


6. ADVANCED
-----------

+-----------------+------+-------+------------+-----------+-------+
|    Site Type    | Used | Fixed | Prohibited | Available | Util% |
+-----------------+------+-------+------------+-----------+-------+
| GTHE4_CHANNEL   |    0 |     0 |          0 |        20 |  0.00 |
| GTHE4_COMMON    |    0 |     0 |          0 |         5 |  0.00 |
| OBUFDS_GTE4     |    0 |     0 |          0 |        10 |  0.00 |
| OBUFDS_GTE4_ADV |    0 |     0 |          0 |        10 |  0.00 |
| PCIE40E4        |    0 |     0 |          0 |         2 |  0.00 |
| PS8             |    0 |     0 |          0 |         1 |  0.00 |
| SYSMONE4        |    0 |     0 |          0 |         1 |  0.00 |
| VCU             |    0 |     0 |          0 |         1 |  0.00 |
+-----------------+------+-------+------------+-----------+-------+


7. CONFIGURATION
----------------

+-------------+------+-------+------------+-----------+-------+
|  Site Type  | Used | Fixed | Prohibited | Available | Util% |
+-------------+------+-------+------------+-----------+-------+
| BSCANE2     |    0 |     0 |          0 |         4 |  0.00 |
| DNA_PORTE2  |    0 |     0 |          0 |         1 |  0.00 |
| EFUSE_USR   |    0 |     0 |          0 |         1 |  0.00 |
| FRAME_ECCE4 |    0 |     0 |          0 |         1 |  0.00 |
| ICAPE3      |    0 |     0 |          0 |         2 |  0.00 |
| MASTER_JTAG |    0 |     0 |          0 |         1 |  0.00 |
| STARTUPE3   |    0 |     0 |          0 |         1 |  0.00 |
+-------------+------+-------+------------+-----------+-------+


8. Primitives
-------------

+----------+---------+---------------------+
| Ref Name |   Used  | Functional Category |
+----------+---------+---------------------+
| FDRE     | 1080080 |            Register |
| LUT4     |  551754 |                 CLB |
| LUT2     |  486510 |                 CLB |
| LUT6     |  432108 |                 CLB |
| LUT3     |  370062 |                 CLB |
| LUT5     |  169168 |                 CLB |
| CARRY8   |  128078 |                 CLB |
| FDSE     |  112720 |            Register |
| SRL16E   |   93775 |                 CLB |
| LUT1     |   56441 |                 CLB |
| SRLC32E  |   11520 |                 CLB |
| MUXF7    |    4736 |                 CLB |
| DSP48E2  |    1728 |          Arithmetic |
| RAMB18E2 |      42 |            BLOCKRAM |
| RAMB36E2 |       2 |            BLOCKRAM |
+----------+---------+---------------------+


9. Black Boxes
--------------

+----------+------+
| Ref Name | Used |
+----------+------+


10. Instantiated Netlists
-------------------------

+----------+------+
| Ref Name | Used |
+----------+------+


