
== campaigns/2026-09-29-gpu-benchmark/manifests/kai-gpubench-a100-sxm4-80gb.json :: kai-gpubench-a100-sxm4-80gb ==
  WARN   required pool = 1 products / 22 nodes cluster-wide  <-- narrow; expect queueing
  note   single (non-Indexed) Job — per-index limits N/A; backoffLimit/activeDeadlineSeconds is the legacy pattern and is fine here
  note   [rule PACK] 16 arms per pod declared.

== campaigns/2026-09-29-gpu-benchmark/manifests/kai-gpubench-a40.json :: kai-gpubench-a40 ==
  WARN   required pool = 1 products / 3 nodes cluster-wide  <-- narrow; expect queueing
  note   single (non-Indexed) Job — per-index limits N/A; backoffLimit/activeDeadlineSeconds is the legacy pattern and is fine here
  note   [rule PACK] 9 arms per pod declared.

== campaigns/2026-09-29-gpu-benchmark/manifests/kai-gpubench-geforce-rtx-3090.json :: kai-gpubench-geforce-rtx-3090 ==
  note   required pool = 1 products / 47 nodes cluster-wide
  note   single (non-Indexed) Job — per-index limits N/A; backoffLimit/activeDeadlineSeconds is the legacy pattern and is fine here
  note   [rule PACK] 5 arms per pod declared.
  OK

== campaigns/2026-09-29-gpu-benchmark/manifests/kai-gpubench-geforce-rtx-4090.json :: kai-gpubench-geforce-rtx-4090 ==
  WARN   required pool = 1 products / 4 nodes cluster-wide  <-- narrow; expect queueing
  note   single (non-Indexed) Job — per-index limits N/A; backoffLimit/activeDeadlineSeconds is the legacy pattern and is fine here
  note   [rule PACK] 5 arms per pod declared.

== campaigns/2026-09-29-gpu-benchmark/manifests/kai-gpubench-l40.json :: kai-gpubench-l40 ==
  WARN   required pool = 1 products / 17 nodes cluster-wide  <-- narrow; expect queueing
  note   single (non-Indexed) Job — per-index limits N/A; backoffLimit/activeDeadlineSeconds is the legacy pattern and is fine here
  note   [rule PACK] 9 arms per pod declared.

== campaigns/2026-09-29-gpu-benchmark/manifests/kai-gpubench-l40s.json :: kai-gpubench-l40s ==
  WARN   required pool = 1 products / 4 nodes cluster-wide  <-- narrow; expect queueing
  note   single (non-Indexed) Job — per-index limits N/A; backoffLimit/activeDeadlineSeconds is the legacy pattern and is fine here
  note   [rule PACK] 9 arms per pod declared.

== campaigns/2026-09-29-gpu-benchmark/manifests/kai-gpubench-rtx-a6000.json :: kai-gpubench-rtx-a6000 ==
  WARN   required pool = 1 products / 8 nodes cluster-wide  <-- narrow; expect queueing
  note   single (non-Indexed) Job — per-index limits N/A; backoffLimit/activeDeadlineSeconds is the legacy pattern and is fine here
  note   [rule PACK] 9 arms per pod declared.

(rules: docs/infrastructure/nrp-nautilus-setup.md -> 'Scheduling, GPU pools and job shape')
rc=1
